[2026-05-07T07:57:19.111+0000] {local_task_job_runner.py:120} INFO - ::group::Pre task execution logs
[2026-05-07T07:57:19.127+0000] {taskinstance.py:2076} INFO - Dependencies all met for dep_context=non-requeueable deps ti=<TaskInstance: one_task_dag.one_task manual__2026-05-07T07:57:15.402684+00:00 [queued]>
[2026-05-07T07:57:19.131+0000] {taskinstance.py:2076} INFO - Dependencies all met for dep_context=requeueable deps ti=<TaskInstance: one_task_dag.one_task manual__2026-05-07T07:57:15.402684+00:00 [queued]>
[2026-05-07T07:57:19.132+0000] {taskinstance.py:2306} INFO - Starting attempt 1 of 2
[2026-05-07T07:57:19.141+0000] {taskinstance.py:2330} INFO - Executing <Task(BashOperator): one_task> on 2026-05-07 07:57:15.402684+00:00
[2026-05-07T07:57:19.143+0000] {standard_task_runner.py:63} INFO - Started process 14948 to run task
[2026-05-07T07:57:19.146+0000] {standard_task_runner.py:90} INFO - Running: ['airflow', 'tasks', 'run', 'one_task_dag', 'one_task', 'manual__2026-05-07T07:57:15.402684+00:00', '--job-id', '6', '--raw', '--subdir', 'DAGS_FOLDER/one_task_dag.py', '--cfg-path', '/tmp/tmp6c7mxshq']
[2026-05-07T07:57:19.147+0000] {standard_task_runner.py:91} INFO - Job 6: Subtask one_task
[2026-05-07T07:57:19.173+0000] {task_command.py:426} INFO - Running <TaskInstance: one_task_dag.one_task manual__2026-05-07T07:57:15.402684+00:00 [running]> on host codespaces-b97881
[2026-05-07T07:57:19.287+0000] {taskinstance.py:2648} INFO - Exporting env vars: AIRFLOW_CTX_DAG_OWNER='airflow' AIRFLOW_CTX_DAG_ID='one_task_dag' AIRFLOW_CTX_TASK_ID='one_task' AIRFLOW_CTX_EXECUTION_DATE='2026-05-07T07:57:15.402684+00:00' AIRFLOW_CTX_TRY_NUMBER='1' AIRFLOW_CTX_DAG_RUN_ID='manual__2026-05-07T07:57:15.402684+00:00'
[2026-05-07T07:57:19.288+0000] {taskinstance.py:430} INFO - ::endgroup::
[2026-05-07T07:57:19.298+0000] {subprocess.py:63} INFO - Tmp dir root location: /tmp
[2026-05-07T07:57:19.298+0000] {subprocess.py:75} INFO - Running command: ['/usr/bin/bash', '-c', 'echo Hello LinkedIn Learning > /tmp/createthisfile.txt']
[2026-05-07T07:57:19.304+0000] {subprocess.py:86} INFO - Output:
[2026-05-07T07:57:19.306+0000] {subprocess.py:97} INFO - Command exited with return code 0
[2026-05-07T07:57:19.306+0000] {taskinstance.py:441} INFO - ::group::Post task execution logs
[2026-05-07T07:57:19.317+0000] {taskinstance.py:1206} INFO - Marking task as SUCCESS. dag_id=one_task_dag, task_id=one_task, run_id=manual__2026-05-07T07:57:15.402684+00:00, execution_date=20260507T075715, start_date=20260507T075719, end_date=20260507T075719
[2026-05-07T07:57:19.357+0000] {local_task_job_runner.py:240} INFO - Task exited with return code 0
[2026-05-07T07:57:19.365+0000] {taskinstance.py:3503} INFO - 0 downstream tasks scheduled from follow-on schedule check
[2026-05-07T07:57:19.366+0000] {local_task_job_runner.py:222} INFO - ::endgroup::
