[2026-05-07T00:00:05.600+0000] {processor.py:161} INFO - Started process (PID=33486) to work on /usr/local/python/3.12.1/lib/python3.12/site-packages/airflow/example_dags/example_complex.py
[2026-05-07T00:00:05.601+0000] {processor.py:830} INFO - Processing file /usr/local/python/3.12.1/lib/python3.12/site-packages/airflow/example_dags/example_complex.py for tasks to queue
[2026-05-07T00:00:05.602+0000] {logging_mixin.py:188} INFO - [2026-05-07T00:00:05.602+0000] {dagbag.py:545} INFO - Filling up the DagBag from /usr/local/python/3.12.1/lib/python3.12/site-packages/airflow/example_dags/example_complex.py
[2026-05-07T00:00:05.610+0000] {processor.py:840} INFO - DAG(s) 'example_complex' retrieved from /usr/local/python/3.12.1/lib/python3.12/site-packages/airflow/example_dags/example_complex.py
[2026-05-07T00:00:05.631+0000] {logging_mixin.py:188} INFO - [2026-05-07T00:00:05.631+0000] {dag.py:3096} INFO - Sync 1 DAGs
[2026-05-07T00:00:05.643+0000] {logging_mixin.py:188} INFO - [2026-05-07T00:00:05.643+0000] {dag.py:3954} INFO - Setting next_dagrun for example_complex to None, run_after=None
[2026-05-07T00:00:05.664+0000] {processor.py:183} INFO - Processing /usr/local/python/3.12.1/lib/python3.12/site-packages/airflow/example_dags/example_complex.py took 0.069 seconds
[2026-05-07T00:01:00.674+0000] {processor.py:161} INFO - Started process (PID=33767) to work on /usr/local/python/3.12.1/lib/python3.12/site-packages/airflow/example_dags/example_complex.py
[2026-05-07T00:01:00.675+0000] {processor.py:830} INFO - Processing file /usr/local/python/3.12.1/lib/python3.12/site-packages/airflow/example_dags/example_complex.py for tasks to queue
[2026-05-07T00:01:00.677+0000] {logging_mixin.py:188} INFO - [2026-05-07T00:01:00.676+0000] {dagbag.py:545} INFO - Filling up the DagBag from /usr/local/python/3.12.1/lib/python3.12/site-packages/airflow/example_dags/example_complex.py
[2026-05-07T00:01:00.692+0000] {processor.py:840} INFO - DAG(s) 'example_complex' retrieved from /usr/local/python/3.12.1/lib/python3.12/site-packages/airflow/example_dags/example_complex.py
[2026-05-07T00:01:00.722+0000] {logging_mixin.py:188} INFO - [2026-05-07T00:01:00.722+0000] {dag.py:3096} INFO - Sync 1 DAGs
[2026-05-07T00:01:00.740+0000] {logging_mixin.py:188} INFO - [2026-05-07T00:01:00.739+0000] {dag.py:3954} INFO - Setting next_dagrun for example_complex to None, run_after=None
[2026-05-07T00:01:00.761+0000] {processor.py:183} INFO - Processing /usr/local/python/3.12.1/lib/python3.12/site-packages/airflow/example_dags/example_complex.py took 0.092 seconds
[2026-05-07T00:01:59.927+0000] {processor.py:161} INFO - Started process (PID=34041) to work on /usr/local/python/3.12.1/lib/python3.12/site-packages/airflow/example_dags/example_complex.py
[2026-05-07T00:01:59.928+0000] {processor.py:830} INFO - Processing file /usr/local/python/3.12.1/lib/python3.12/site-packages/airflow/example_dags/example_complex.py for tasks to queue
[2026-05-07T00:01:59.930+0000] {logging_mixin.py:188} INFO - [2026-05-07T00:01:59.929+0000] {dagbag.py:545} INFO - Filling up the DagBag from /usr/local/python/3.12.1/lib/python3.12/site-packages/airflow/example_dags/example_complex.py
[2026-05-07T00:01:59.939+0000] {processor.py:840} INFO - DAG(s) 'example_complex' retrieved from /usr/local/python/3.12.1/lib/python3.12/site-packages/airflow/example_dags/example_complex.py
[2026-05-07T00:01:59.965+0000] {logging_mixin.py:188} INFO - [2026-05-07T00:01:59.965+0000] {dag.py:3096} INFO - Sync 1 DAGs
[2026-05-07T00:01:59.974+0000] {logging_mixin.py:188} INFO - [2026-05-07T00:01:59.974+0000] {dag.py:3954} INFO - Setting next_dagrun for example_complex to None, run_after=None
[2026-05-07T00:01:59.992+0000] {processor.py:183} INFO - Processing /usr/local/python/3.12.1/lib/python3.12/site-packages/airflow/example_dags/example_complex.py took 0.070 seconds
[2026-05-07T00:02:57.719+0000] {processor.py:161} INFO - Started process (PID=34330) to work on /usr/local/python/3.12.1/lib/python3.12/site-packages/airflow/example_dags/example_complex.py
[2026-05-07T00:02:57.720+0000] {processor.py:830} INFO - Processing file /usr/local/python/3.12.1/lib/python3.12/site-packages/airflow/example_dags/example_complex.py for tasks to queue
[2026-05-07T00:02:57.721+0000] {logging_mixin.py:188} INFO - [2026-05-07T00:02:57.721+0000] {dagbag.py:545} INFO - Filling up the DagBag from /usr/local/python/3.12.1/lib/python3.12/site-packages/airflow/example_dags/example_complex.py
[2026-05-07T00:02:57.729+0000] {processor.py:840} INFO - DAG(s) 'example_complex' retrieved from /usr/local/python/3.12.1/lib/python3.12/site-packages/airflow/example_dags/example_complex.py
[2026-05-07T00:02:57.757+0000] {logging_mixin.py:188} INFO - [2026-05-07T00:02:57.756+0000] {dag.py:3096} INFO - Sync 1 DAGs
[2026-05-07T00:02:57.767+0000] {logging_mixin.py:188} INFO - [2026-05-07T00:02:57.767+0000] {dag.py:3954} INFO - Setting next_dagrun for example_complex to None, run_after=None
[2026-05-07T00:02:57.786+0000] {processor.py:183} INFO - Processing /usr/local/python/3.12.1/lib/python3.12/site-packages/airflow/example_dags/example_complex.py took 0.072 seconds
[2026-05-07T00:03:53.341+0000] {processor.py:161} INFO - Started process (PID=34614) to work on /usr/local/python/3.12.1/lib/python3.12/site-packages/airflow/example_dags/example_complex.py
[2026-05-07T00:03:53.342+0000] {processor.py:830} INFO - Processing file /usr/local/python/3.12.1/lib/python3.12/site-packages/airflow/example_dags/example_complex.py for tasks to queue
[2026-05-07T00:03:53.344+0000] {logging_mixin.py:188} INFO - [2026-05-07T00:03:53.344+0000] {dagbag.py:545} INFO - Filling up the DagBag from /usr/local/python/3.12.1/lib/python3.12/site-packages/airflow/example_dags/example_complex.py
[2026-05-07T00:03:53.356+0000] {processor.py:840} INFO - DAG(s) 'example_complex' retrieved from /usr/local/python/3.12.1/lib/python3.12/site-packages/airflow/example_dags/example_complex.py
[2026-05-07T00:03:53.376+0000] {logging_mixin.py:188} INFO - [2026-05-07T00:03:53.376+0000] {dag.py:3096} INFO - Sync 1 DAGs
[2026-05-07T00:03:53.386+0000] {logging_mixin.py:188} INFO - [2026-05-07T00:03:53.386+0000] {dag.py:3954} INFO - Setting next_dagrun for example_complex to None, run_after=None
[2026-05-07T00:03:53.405+0000] {processor.py:183} INFO - Processing /usr/local/python/3.12.1/lib/python3.12/site-packages/airflow/example_dags/example_complex.py took 0.070 seconds
[2026-05-07T00:04:50.724+0000] {processor.py:161} INFO - Started process (PID=34886) to work on /usr/local/python/3.12.1/lib/python3.12/site-packages/airflow/example_dags/example_complex.py
[2026-05-07T00:04:50.725+0000] {processor.py:830} INFO - Processing file /usr/local/python/3.12.1/lib/python3.12/site-packages/airflow/example_dags/example_complex.py for tasks to queue
[2026-05-07T00:04:50.727+0000] {logging_mixin.py:188} INFO - [2026-05-07T00:04:50.726+0000] {dagbag.py:545} INFO - Filling up the DagBag from /usr/local/python/3.12.1/lib/python3.12/site-packages/airflow/example_dags/example_complex.py
[2026-05-07T00:04:50.735+0000] {processor.py:840} INFO - DAG(s) 'example_complex' retrieved from /usr/local/python/3.12.1/lib/python3.12/site-packages/airflow/example_dags/example_complex.py
[2026-05-07T00:04:50.763+0000] {logging_mixin.py:188} INFO - [2026-05-07T00:04:50.762+0000] {dag.py:3096} INFO - Sync 1 DAGs
[2026-05-07T00:04:50.772+0000] {logging_mixin.py:188} INFO - [2026-05-07T00:04:50.772+0000] {dag.py:3954} INFO - Setting next_dagrun for example_complex to None, run_after=None
[2026-05-07T00:04:50.789+0000] {processor.py:183} INFO - Processing /usr/local/python/3.12.1/lib/python3.12/site-packages/airflow/example_dags/example_complex.py took 0.071 seconds
[2026-05-07T00:05:47.829+0000] {processor.py:161} INFO - Started process (PID=35166) to work on /usr/local/python/3.12.1/lib/python3.12/site-packages/airflow/example_dags/example_complex.py
[2026-05-07T00:05:47.830+0000] {processor.py:830} INFO - Processing file /usr/local/python/3.12.1/lib/python3.12/site-packages/airflow/example_dags/example_complex.py for tasks to queue
[2026-05-07T00:05:47.831+0000] {logging_mixin.py:188} INFO - [2026-05-07T00:05:47.831+0000] {dagbag.py:545} INFO - Filling up the DagBag from /usr/local/python/3.12.1/lib/python3.12/site-packages/airflow/example_dags/example_complex.py
[2026-05-07T00:05:47.842+0000] {processor.py:840} INFO - DAG(s) 'example_complex' retrieved from /usr/local/python/3.12.1/lib/python3.12/site-packages/airflow/example_dags/example_complex.py
[2026-05-07T00:05:47.866+0000] {logging_mixin.py:188} INFO - [2026-05-07T00:05:47.866+0000] {dag.py:3096} INFO - Sync 1 DAGs
[2026-05-07T00:05:47.876+0000] {logging_mixin.py:188} INFO - [2026-05-07T00:05:47.876+0000] {dag.py:3954} INFO - Setting next_dagrun for example_complex to None, run_after=None
[2026-05-07T00:05:47.893+0000] {processor.py:183} INFO - Processing /usr/local/python/3.12.1/lib/python3.12/site-packages/airflow/example_dags/example_complex.py took 0.069 seconds
[2026-05-07T00:06:42.074+0000] {processor.py:161} INFO - Started process (PID=35428) to work on /usr/local/python/3.12.1/lib/python3.12/site-packages/airflow/example_dags/example_complex.py
[2026-05-07T00:06:42.075+0000] {processor.py:830} INFO - Processing file /usr/local/python/3.12.1/lib/python3.12/site-packages/airflow/example_dags/example_complex.py for tasks to queue
[2026-05-07T00:06:42.076+0000] {logging_mixin.py:188} INFO - [2026-05-07T00:06:42.076+0000] {dagbag.py:545} INFO - Filling up the DagBag from /usr/local/python/3.12.1/lib/python3.12/site-packages/airflow/example_dags/example_complex.py
[2026-05-07T00:06:42.084+0000] {processor.py:840} INFO - DAG(s) 'example_complex' retrieved from /usr/local/python/3.12.1/lib/python3.12/site-packages/airflow/example_dags/example_complex.py
[2026-05-07T00:06:42.104+0000] {logging_mixin.py:188} INFO - [2026-05-07T00:06:42.104+0000] {dag.py:3096} INFO - Sync 1 DAGs
[2026-05-07T00:06:42.114+0000] {logging_mixin.py:188} INFO - [2026-05-07T00:06:42.114+0000] {dag.py:3954} INFO - Setting next_dagrun for example_complex to None, run_after=None
[2026-05-07T00:06:42.134+0000] {processor.py:183} INFO - Processing /usr/local/python/3.12.1/lib/python3.12/site-packages/airflow/example_dags/example_complex.py took 0.064 seconds
[2026-05-07T00:07:36.885+0000] {processor.py:161} INFO - Started process (PID=35708) to work on /usr/local/python/3.12.1/lib/python3.12/site-packages/airflow/example_dags/example_complex.py
[2026-05-07T00:07:36.886+0000] {processor.py:830} INFO - Processing file /usr/local/python/3.12.1/lib/python3.12/site-packages/airflow/example_dags/example_complex.py for tasks to queue
[2026-05-07T00:07:36.888+0000] {logging_mixin.py:188} INFO - [2026-05-07T00:07:36.887+0000] {dagbag.py:545} INFO - Filling up the DagBag from /usr/local/python/3.12.1/lib/python3.12/site-packages/airflow/example_dags/example_complex.py
[2026-05-07T00:07:36.895+0000] {processor.py:840} INFO - DAG(s) 'example_complex' retrieved from /usr/local/python/3.12.1/lib/python3.12/site-packages/airflow/example_dags/example_complex.py
[2026-05-07T00:07:36.915+0000] {logging_mixin.py:188} INFO - [2026-05-07T00:07:36.915+0000] {dag.py:3096} INFO - Sync 1 DAGs
[2026-05-07T00:07:36.924+0000] {logging_mixin.py:188} INFO - [2026-05-07T00:07:36.924+0000] {dag.py:3954} INFO - Setting next_dagrun for example_complex to None, run_after=None
[2026-05-07T00:07:36.944+0000] {processor.py:183} INFO - Processing /usr/local/python/3.12.1/lib/python3.12/site-packages/airflow/example_dags/example_complex.py took 0.063 seconds
