[2026-05-07T00:00:17.235+0000] {processor.py:161} INFO - Started process (PID=33547) to work on /usr/local/python/3.12.1/lib/python3.12/site-packages/airflow/example_dags/example_skip_dag.py
[2026-05-07T00:00:17.235+0000] {processor.py:830} INFO - Processing file /usr/local/python/3.12.1/lib/python3.12/site-packages/airflow/example_dags/example_skip_dag.py for tasks to queue
[2026-05-07T00:00:17.237+0000] {logging_mixin.py:188} INFO - [2026-05-07T00:00:17.237+0000] {dagbag.py:545} INFO - Filling up the DagBag from /usr/local/python/3.12.1/lib/python3.12/site-packages/airflow/example_dags/example_skip_dag.py
[2026-05-07T00:00:17.244+0000] {processor.py:840} INFO - DAG(s) 'example_skip_dag' retrieved from /usr/local/python/3.12.1/lib/python3.12/site-packages/airflow/example_dags/example_skip_dag.py
[2026-05-07T00:00:17.261+0000] {logging_mixin.py:188} INFO - [2026-05-07T00:00:17.261+0000] {dag.py:3096} INFO - Sync 1 DAGs
[2026-05-07T00:00:17.277+0000] {logging_mixin.py:188} INFO - [2026-05-07T00:00:17.277+0000] {dag.py:3954} INFO - Setting next_dagrun for example_skip_dag to 2026-05-06 00:00:00+00:00, run_after=2026-05-07 00:00:00+00:00
[2026-05-07T00:00:17.295+0000] {processor.py:183} INFO - Processing /usr/local/python/3.12.1/lib/python3.12/site-packages/airflow/example_dags/example_skip_dag.py took 0.065 seconds
[2026-05-07T00:01:11.361+0000] {processor.py:161} INFO - Started process (PID=33818) to work on /usr/local/python/3.12.1/lib/python3.12/site-packages/airflow/example_dags/example_skip_dag.py
[2026-05-07T00:01:11.362+0000] {processor.py:830} INFO - Processing file /usr/local/python/3.12.1/lib/python3.12/site-packages/airflow/example_dags/example_skip_dag.py for tasks to queue
[2026-05-07T00:01:11.364+0000] {logging_mixin.py:188} INFO - [2026-05-07T00:01:11.363+0000] {dagbag.py:545} INFO - Filling up the DagBag from /usr/local/python/3.12.1/lib/python3.12/site-packages/airflow/example_dags/example_skip_dag.py
[2026-05-07T00:01:11.369+0000] {processor.py:840} INFO - DAG(s) 'example_skip_dag' retrieved from /usr/local/python/3.12.1/lib/python3.12/site-packages/airflow/example_dags/example_skip_dag.py
[2026-05-07T00:01:11.383+0000] {logging_mixin.py:188} INFO - [2026-05-07T00:01:11.383+0000] {dag.py:3096} INFO - Sync 1 DAGs
[2026-05-07T00:01:11.399+0000] {logging_mixin.py:188} INFO - [2026-05-07T00:01:11.399+0000] {dag.py:3954} INFO - Setting next_dagrun for example_skip_dag to 2026-05-06 00:00:00+00:00, run_after=2026-05-07 00:00:00+00:00
[2026-05-07T00:01:11.416+0000] {processor.py:183} INFO - Processing /usr/local/python/3.12.1/lib/python3.12/site-packages/airflow/example_dags/example_skip_dag.py took 0.060 seconds
[2026-05-07T00:01:53.027+0000] {processor.py:161} INFO - Started process (PID=34019) to work on /usr/local/python/3.12.1/lib/python3.12/site-packages/airflow/example_dags/example_skip_dag.py
[2026-05-07T00:01:53.028+0000] {processor.py:830} INFO - Processing file /usr/local/python/3.12.1/lib/python3.12/site-packages/airflow/example_dags/example_skip_dag.py for tasks to queue
[2026-05-07T00:01:53.030+0000] {logging_mixin.py:188} INFO - [2026-05-07T00:01:53.029+0000] {dagbag.py:545} INFO - Filling up the DagBag from /usr/local/python/3.12.1/lib/python3.12/site-packages/airflow/example_dags/example_skip_dag.py
[2026-05-07T00:01:53.036+0000] {processor.py:840} INFO - DAG(s) 'example_skip_dag' retrieved from /usr/local/python/3.12.1/lib/python3.12/site-packages/airflow/example_dags/example_skip_dag.py
[2026-05-07T00:01:53.055+0000] {logging_mixin.py:188} INFO - [2026-05-07T00:01:53.055+0000] {dag.py:3096} INFO - Sync 1 DAGs
[2026-05-07T00:01:53.072+0000] {logging_mixin.py:188} INFO - [2026-05-07T00:01:53.072+0000] {dag.py:3954} INFO - Setting next_dagrun for example_skip_dag to 2026-05-06 00:00:00+00:00, run_after=2026-05-07 00:00:00+00:00
[2026-05-07T00:01:53.088+0000] {processor.py:183} INFO - Processing /usr/local/python/3.12.1/lib/python3.12/site-packages/airflow/example_dags/example_skip_dag.py took 0.066 seconds
[2026-05-07T00:02:49.157+0000] {processor.py:161} INFO - Started process (PID=34281) to work on /usr/local/python/3.12.1/lib/python3.12/site-packages/airflow/example_dags/example_skip_dag.py
[2026-05-07T00:02:49.158+0000] {processor.py:830} INFO - Processing file /usr/local/python/3.12.1/lib/python3.12/site-packages/airflow/example_dags/example_skip_dag.py for tasks to queue
[2026-05-07T00:02:49.160+0000] {logging_mixin.py:188} INFO - [2026-05-07T00:02:49.159+0000] {dagbag.py:545} INFO - Filling up the DagBag from /usr/local/python/3.12.1/lib/python3.12/site-packages/airflow/example_dags/example_skip_dag.py
[2026-05-07T00:02:49.166+0000] {processor.py:840} INFO - DAG(s) 'example_skip_dag' retrieved from /usr/local/python/3.12.1/lib/python3.12/site-packages/airflow/example_dags/example_skip_dag.py
[2026-05-07T00:02:49.180+0000] {logging_mixin.py:188} INFO - [2026-05-07T00:02:49.180+0000] {dag.py:3096} INFO - Sync 1 DAGs
[2026-05-07T00:02:49.196+0000] {logging_mixin.py:188} INFO - [2026-05-07T00:02:49.195+0000] {dag.py:3954} INFO - Setting next_dagrun for example_skip_dag to 2026-05-06 00:00:00+00:00, run_after=2026-05-07 00:00:00+00:00
[2026-05-07T00:02:49.212+0000] {processor.py:183} INFO - Processing /usr/local/python/3.12.1/lib/python3.12/site-packages/airflow/example_dags/example_skip_dag.py took 0.063 seconds
[2026-05-07T00:03:44.093+0000] {processor.py:161} INFO - Started process (PID=34566) to work on /usr/local/python/3.12.1/lib/python3.12/site-packages/airflow/example_dags/example_skip_dag.py
[2026-05-07T00:03:44.093+0000] {processor.py:830} INFO - Processing file /usr/local/python/3.12.1/lib/python3.12/site-packages/airflow/example_dags/example_skip_dag.py for tasks to queue
[2026-05-07T00:03:44.095+0000] {logging_mixin.py:188} INFO - [2026-05-07T00:03:44.094+0000] {dagbag.py:545} INFO - Filling up the DagBag from /usr/local/python/3.12.1/lib/python3.12/site-packages/airflow/example_dags/example_skip_dag.py
[2026-05-07T00:03:44.101+0000] {processor.py:840} INFO - DAG(s) 'example_skip_dag' retrieved from /usr/local/python/3.12.1/lib/python3.12/site-packages/airflow/example_dags/example_skip_dag.py
[2026-05-07T00:03:44.115+0000] {logging_mixin.py:188} INFO - [2026-05-07T00:03:44.115+0000] {dag.py:3096} INFO - Sync 1 DAGs
[2026-05-07T00:03:44.132+0000] {logging_mixin.py:188} INFO - [2026-05-07T00:03:44.131+0000] {dag.py:3954} INFO - Setting next_dagrun for example_skip_dag to 2026-05-06 00:00:00+00:00, run_after=2026-05-07 00:00:00+00:00
[2026-05-07T00:03:44.153+0000] {processor.py:183} INFO - Processing /usr/local/python/3.12.1/lib/python3.12/site-packages/airflow/example_dags/example_skip_dag.py took 0.065 seconds
[2026-05-07T00:04:42.108+0000] {processor.py:161} INFO - Started process (PID=34839) to work on /usr/local/python/3.12.1/lib/python3.12/site-packages/airflow/example_dags/example_skip_dag.py
[2026-05-07T00:04:42.109+0000] {processor.py:830} INFO - Processing file /usr/local/python/3.12.1/lib/python3.12/site-packages/airflow/example_dags/example_skip_dag.py for tasks to queue
[2026-05-07T00:04:42.110+0000] {logging_mixin.py:188} INFO - [2026-05-07T00:04:42.110+0000] {dagbag.py:545} INFO - Filling up the DagBag from /usr/local/python/3.12.1/lib/python3.12/site-packages/airflow/example_dags/example_skip_dag.py
[2026-05-07T00:04:42.115+0000] {processor.py:840} INFO - DAG(s) 'example_skip_dag' retrieved from /usr/local/python/3.12.1/lib/python3.12/site-packages/airflow/example_dags/example_skip_dag.py
[2026-05-07T00:04:42.129+0000] {logging_mixin.py:188} INFO - [2026-05-07T00:04:42.129+0000] {dag.py:3096} INFO - Sync 1 DAGs
[2026-05-07T00:04:42.149+0000] {logging_mixin.py:188} INFO - [2026-05-07T00:04:42.149+0000] {dag.py:3954} INFO - Setting next_dagrun for example_skip_dag to 2026-05-06 00:00:00+00:00, run_after=2026-05-07 00:00:00+00:00
[2026-05-07T00:04:42.167+0000] {processor.py:183} INFO - Processing /usr/local/python/3.12.1/lib/python3.12/site-packages/airflow/example_dags/example_skip_dag.py took 0.064 seconds
[2026-05-07T00:05:39.616+0000] {processor.py:161} INFO - Started process (PID=35125) to work on /usr/local/python/3.12.1/lib/python3.12/site-packages/airflow/example_dags/example_skip_dag.py
[2026-05-07T00:05:39.617+0000] {processor.py:830} INFO - Processing file /usr/local/python/3.12.1/lib/python3.12/site-packages/airflow/example_dags/example_skip_dag.py for tasks to queue
[2026-05-07T00:05:39.618+0000] {logging_mixin.py:188} INFO - [2026-05-07T00:05:39.618+0000] {dagbag.py:545} INFO - Filling up the DagBag from /usr/local/python/3.12.1/lib/python3.12/site-packages/airflow/example_dags/example_skip_dag.py
[2026-05-07T00:05:39.624+0000] {processor.py:840} INFO - DAG(s) 'example_skip_dag' retrieved from /usr/local/python/3.12.1/lib/python3.12/site-packages/airflow/example_dags/example_skip_dag.py
[2026-05-07T00:05:39.638+0000] {logging_mixin.py:188} INFO - [2026-05-07T00:05:39.637+0000] {dag.py:3096} INFO - Sync 1 DAGs
[2026-05-07T00:05:39.657+0000] {logging_mixin.py:188} INFO - [2026-05-07T00:05:39.657+0000] {dag.py:3954} INFO - Setting next_dagrun for example_skip_dag to 2026-05-06 00:00:00+00:00, run_after=2026-05-07 00:00:00+00:00
[2026-05-07T00:05:39.675+0000] {processor.py:183} INFO - Processing /usr/local/python/3.12.1/lib/python3.12/site-packages/airflow/example_dags/example_skip_dag.py took 0.064 seconds
[2026-05-07T00:06:33.063+0000] {processor.py:161} INFO - Started process (PID=35380) to work on /usr/local/python/3.12.1/lib/python3.12/site-packages/airflow/example_dags/example_skip_dag.py
[2026-05-07T00:06:33.063+0000] {processor.py:830} INFO - Processing file /usr/local/python/3.12.1/lib/python3.12/site-packages/airflow/example_dags/example_skip_dag.py for tasks to queue
[2026-05-07T00:06:33.065+0000] {logging_mixin.py:188} INFO - [2026-05-07T00:06:33.065+0000] {dagbag.py:545} INFO - Filling up the DagBag from /usr/local/python/3.12.1/lib/python3.12/site-packages/airflow/example_dags/example_skip_dag.py
[2026-05-07T00:06:33.071+0000] {processor.py:840} INFO - DAG(s) 'example_skip_dag' retrieved from /usr/local/python/3.12.1/lib/python3.12/site-packages/airflow/example_dags/example_skip_dag.py
[2026-05-07T00:06:33.085+0000] {logging_mixin.py:188} INFO - [2026-05-07T00:06:33.085+0000] {dag.py:3096} INFO - Sync 1 DAGs
[2026-05-07T00:06:33.101+0000] {logging_mixin.py:188} INFO - [2026-05-07T00:06:33.101+0000] {dag.py:3954} INFO - Setting next_dagrun for example_skip_dag to 2026-05-06 00:00:00+00:00, run_after=2026-05-07 00:00:00+00:00
[2026-05-07T00:06:33.119+0000] {processor.py:183} INFO - Processing /usr/local/python/3.12.1/lib/python3.12/site-packages/airflow/example_dags/example_skip_dag.py took 0.063 seconds
[2026-05-07T00:07:27.099+0000] {processor.py:161} INFO - Started process (PID=35660) to work on /usr/local/python/3.12.1/lib/python3.12/site-packages/airflow/example_dags/example_skip_dag.py
[2026-05-07T00:07:27.099+0000] {processor.py:830} INFO - Processing file /usr/local/python/3.12.1/lib/python3.12/site-packages/airflow/example_dags/example_skip_dag.py for tasks to queue
[2026-05-07T00:07:27.101+0000] {logging_mixin.py:188} INFO - [2026-05-07T00:07:27.100+0000] {dagbag.py:545} INFO - Filling up the DagBag from /usr/local/python/3.12.1/lib/python3.12/site-packages/airflow/example_dags/example_skip_dag.py
[2026-05-07T00:07:27.106+0000] {processor.py:840} INFO - DAG(s) 'example_skip_dag' retrieved from /usr/local/python/3.12.1/lib/python3.12/site-packages/airflow/example_dags/example_skip_dag.py
[2026-05-07T00:07:27.121+0000] {logging_mixin.py:188} INFO - [2026-05-07T00:07:27.120+0000] {dag.py:3096} INFO - Sync 1 DAGs
[2026-05-07T00:07:27.137+0000] {logging_mixin.py:188} INFO - [2026-05-07T00:07:27.137+0000] {dag.py:3954} INFO - Setting next_dagrun for example_skip_dag to 2026-05-06 00:00:00+00:00, run_after=2026-05-07 00:00:00+00:00
[2026-05-07T00:07:27.158+0000] {processor.py:183} INFO - Processing /usr/local/python/3.12.1/lib/python3.12/site-packages/airflow/example_dags/example_skip_dag.py took 0.064 seconds
