[2026-05-07T00:00:41.547+0000] {processor.py:161} INFO - Started process (PID=33674) to work on /usr/local/python/3.12.1/lib/python3.12/site-packages/airflow/example_dags/example_params_ui_tutorial.py
[2026-05-07T00:00:41.548+0000] {processor.py:830} INFO - Processing file /usr/local/python/3.12.1/lib/python3.12/site-packages/airflow/example_dags/example_params_ui_tutorial.py for tasks to queue
[2026-05-07T00:00:41.550+0000] {logging_mixin.py:188} INFO - [2026-05-07T00:00:41.549+0000] {dagbag.py:545} INFO - Filling up the DagBag from /usr/local/python/3.12.1/lib/python3.12/site-packages/airflow/example_dags/example_params_ui_tutorial.py
[2026-05-07T00:00:41.561+0000] {processor.py:840} INFO - DAG(s) 'example_params_ui_tutorial' retrieved from /usr/local/python/3.12.1/lib/python3.12/site-packages/airflow/example_dags/example_params_ui_tutorial.py
[2026-05-07T00:00:41.661+0000] {logging_mixin.py:188} INFO - [2026-05-07T00:00:41.660+0000] {dag.py:3096} INFO - Sync 1 DAGs
[2026-05-07T00:00:41.668+0000] {logging_mixin.py:188} INFO - [2026-05-07T00:00:41.668+0000] {dag.py:3954} INFO - Setting next_dagrun for example_params_ui_tutorial to None, run_after=None
[2026-05-07T00:00:41.686+0000] {processor.py:183} INFO - Processing /usr/local/python/3.12.1/lib/python3.12/site-packages/airflow/example_dags/example_params_ui_tutorial.py took 0.145 seconds
[2026-05-07T00:01:38.211+0000] {processor.py:161} INFO - Started process (PID=33937) to work on /usr/local/python/3.12.1/lib/python3.12/site-packages/airflow/example_dags/example_params_ui_tutorial.py
[2026-05-07T00:01:38.212+0000] {processor.py:830} INFO - Processing file /usr/local/python/3.12.1/lib/python3.12/site-packages/airflow/example_dags/example_params_ui_tutorial.py for tasks to queue
[2026-05-07T00:01:38.214+0000] {logging_mixin.py:188} INFO - [2026-05-07T00:01:38.213+0000] {dagbag.py:545} INFO - Filling up the DagBag from /usr/local/python/3.12.1/lib/python3.12/site-packages/airflow/example_dags/example_params_ui_tutorial.py
[2026-05-07T00:01:38.223+0000] {processor.py:840} INFO - DAG(s) 'example_params_ui_tutorial' retrieved from /usr/local/python/3.12.1/lib/python3.12/site-packages/airflow/example_dags/example_params_ui_tutorial.py
[2026-05-07T00:01:38.264+0000] {logging_mixin.py:188} INFO - [2026-05-07T00:01:38.264+0000] {dag.py:3096} INFO - Sync 1 DAGs
[2026-05-07T00:01:38.275+0000] {logging_mixin.py:188} INFO - [2026-05-07T00:01:38.275+0000] {dag.py:3954} INFO - Setting next_dagrun for example_params_ui_tutorial to None, run_after=None
[2026-05-07T00:01:38.292+0000] {processor.py:183} INFO - Processing /usr/local/python/3.12.1/lib/python3.12/site-packages/airflow/example_dags/example_params_ui_tutorial.py took 0.086 seconds
[2026-05-07T00:02:34.764+0000] {processor.py:161} INFO - Started process (PID=34224) to work on /usr/local/python/3.12.1/lib/python3.12/site-packages/airflow/example_dags/example_params_ui_tutorial.py
[2026-05-07T00:02:34.765+0000] {processor.py:830} INFO - Processing file /usr/local/python/3.12.1/lib/python3.12/site-packages/airflow/example_dags/example_params_ui_tutorial.py for tasks to queue
[2026-05-07T00:02:34.767+0000] {logging_mixin.py:188} INFO - [2026-05-07T00:02:34.766+0000] {dagbag.py:545} INFO - Filling up the DagBag from /usr/local/python/3.12.1/lib/python3.12/site-packages/airflow/example_dags/example_params_ui_tutorial.py
[2026-05-07T00:02:34.776+0000] {processor.py:840} INFO - DAG(s) 'example_params_ui_tutorial' retrieved from /usr/local/python/3.12.1/lib/python3.12/site-packages/airflow/example_dags/example_params_ui_tutorial.py
[2026-05-07T00:02:34.810+0000] {logging_mixin.py:188} INFO - [2026-05-07T00:02:34.810+0000] {dag.py:3096} INFO - Sync 1 DAGs
[2026-05-07T00:02:34.819+0000] {logging_mixin.py:188} INFO - [2026-05-07T00:02:34.819+0000] {dag.py:3954} INFO - Setting next_dagrun for example_params_ui_tutorial to None, run_after=None
[2026-05-07T00:02:34.838+0000] {processor.py:183} INFO - Processing /usr/local/python/3.12.1/lib/python3.12/site-packages/airflow/example_dags/example_params_ui_tutorial.py took 0.078 seconds
[2026-05-07T00:03:32.574+0000] {processor.py:161} INFO - Started process (PID=34513) to work on /usr/local/python/3.12.1/lib/python3.12/site-packages/airflow/example_dags/example_params_ui_tutorial.py
[2026-05-07T00:03:32.575+0000] {processor.py:830} INFO - Processing file /usr/local/python/3.12.1/lib/python3.12/site-packages/airflow/example_dags/example_params_ui_tutorial.py for tasks to queue
[2026-05-07T00:03:32.577+0000] {logging_mixin.py:188} INFO - [2026-05-07T00:03:32.576+0000] {dagbag.py:545} INFO - Filling up the DagBag from /usr/local/python/3.12.1/lib/python3.12/site-packages/airflow/example_dags/example_params_ui_tutorial.py
[2026-05-07T00:03:32.587+0000] {processor.py:840} INFO - DAG(s) 'example_params_ui_tutorial' retrieved from /usr/local/python/3.12.1/lib/python3.12/site-packages/airflow/example_dags/example_params_ui_tutorial.py
[2026-05-07T00:03:32.620+0000] {logging_mixin.py:188} INFO - [2026-05-07T00:03:32.620+0000] {dag.py:3096} INFO - Sync 1 DAGs
[2026-05-07T00:03:32.630+0000] {logging_mixin.py:188} INFO - [2026-05-07T00:03:32.629+0000] {dag.py:3954} INFO - Setting next_dagrun for example_params_ui_tutorial to None, run_after=None
[2026-05-07T00:03:32.649+0000] {processor.py:183} INFO - Processing /usr/local/python/3.12.1/lib/python3.12/site-packages/airflow/example_dags/example_params_ui_tutorial.py took 0.080 seconds
[2026-05-07T00:04:30.436+0000] {processor.py:161} INFO - Started process (PID=34786) to work on /usr/local/python/3.12.1/lib/python3.12/site-packages/airflow/example_dags/example_params_ui_tutorial.py
[2026-05-07T00:04:30.437+0000] {processor.py:830} INFO - Processing file /usr/local/python/3.12.1/lib/python3.12/site-packages/airflow/example_dags/example_params_ui_tutorial.py for tasks to queue
[2026-05-07T00:04:30.439+0000] {logging_mixin.py:188} INFO - [2026-05-07T00:04:30.438+0000] {dagbag.py:545} INFO - Filling up the DagBag from /usr/local/python/3.12.1/lib/python3.12/site-packages/airflow/example_dags/example_params_ui_tutorial.py
[2026-05-07T00:04:30.452+0000] {processor.py:840} INFO - DAG(s) 'example_params_ui_tutorial' retrieved from /usr/local/python/3.12.1/lib/python3.12/site-packages/airflow/example_dags/example_params_ui_tutorial.py
[2026-05-07T00:04:30.486+0000] {logging_mixin.py:188} INFO - [2026-05-07T00:04:30.486+0000] {dag.py:3096} INFO - Sync 1 DAGs
[2026-05-07T00:04:30.496+0000] {logging_mixin.py:188} INFO - [2026-05-07T00:04:30.496+0000] {dag.py:3954} INFO - Setting next_dagrun for example_params_ui_tutorial to None, run_after=None
[2026-05-07T00:04:30.513+0000] {processor.py:183} INFO - Processing /usr/local/python/3.12.1/lib/python3.12/site-packages/airflow/example_dags/example_params_ui_tutorial.py took 0.082 seconds
[2026-05-07T00:05:27.964+0000] {processor.py:161} INFO - Started process (PID=35068) to work on /usr/local/python/3.12.1/lib/python3.12/site-packages/airflow/example_dags/example_params_ui_tutorial.py
[2026-05-07T00:05:27.965+0000] {processor.py:830} INFO - Processing file /usr/local/python/3.12.1/lib/python3.12/site-packages/airflow/example_dags/example_params_ui_tutorial.py for tasks to queue
[2026-05-07T00:05:27.966+0000] {logging_mixin.py:188} INFO - [2026-05-07T00:05:27.966+0000] {dagbag.py:545} INFO - Filling up the DagBag from /usr/local/python/3.12.1/lib/python3.12/site-packages/airflow/example_dags/example_params_ui_tutorial.py
[2026-05-07T00:05:27.976+0000] {processor.py:840} INFO - DAG(s) 'example_params_ui_tutorial' retrieved from /usr/local/python/3.12.1/lib/python3.12/site-packages/airflow/example_dags/example_params_ui_tutorial.py
[2026-05-07T00:05:28.009+0000] {logging_mixin.py:188} INFO - [2026-05-07T00:05:28.009+0000] {dag.py:3096} INFO - Sync 1 DAGs
[2026-05-07T00:05:28.019+0000] {logging_mixin.py:188} INFO - [2026-05-07T00:05:28.019+0000] {dag.py:3954} INFO - Setting next_dagrun for example_params_ui_tutorial to None, run_after=None
[2026-05-07T00:05:28.035+0000] {processor.py:183} INFO - Processing /usr/local/python/3.12.1/lib/python3.12/site-packages/airflow/example_dags/example_params_ui_tutorial.py took 0.076 seconds
[2026-05-07T00:06:21.638+0000] {processor.py:161} INFO - Started process (PID=35324) to work on /usr/local/python/3.12.1/lib/python3.12/site-packages/airflow/example_dags/example_params_ui_tutorial.py
[2026-05-07T00:06:21.639+0000] {processor.py:830} INFO - Processing file /usr/local/python/3.12.1/lib/python3.12/site-packages/airflow/example_dags/example_params_ui_tutorial.py for tasks to queue
[2026-05-07T00:06:21.643+0000] {logging_mixin.py:188} INFO - [2026-05-07T00:06:21.640+0000] {dagbag.py:545} INFO - Filling up the DagBag from /usr/local/python/3.12.1/lib/python3.12/site-packages/airflow/example_dags/example_params_ui_tutorial.py
[2026-05-07T00:06:21.654+0000] {processor.py:840} INFO - DAG(s) 'example_params_ui_tutorial' retrieved from /usr/local/python/3.12.1/lib/python3.12/site-packages/airflow/example_dags/example_params_ui_tutorial.py
[2026-05-07T00:06:21.690+0000] {logging_mixin.py:188} INFO - [2026-05-07T00:06:21.690+0000] {dag.py:3096} INFO - Sync 1 DAGs
[2026-05-07T00:06:21.700+0000] {logging_mixin.py:188} INFO - [2026-05-07T00:06:21.699+0000] {dag.py:3954} INFO - Setting next_dagrun for example_params_ui_tutorial to None, run_after=None
[2026-05-07T00:06:21.717+0000] {processor.py:183} INFO - Processing /usr/local/python/3.12.1/lib/python3.12/site-packages/airflow/example_dags/example_params_ui_tutorial.py took 0.085 seconds
[2026-05-07T00:07:17.543+0000] {processor.py:161} INFO - Started process (PID=35614) to work on /usr/local/python/3.12.1/lib/python3.12/site-packages/airflow/example_dags/example_params_ui_tutorial.py
[2026-05-07T00:07:17.544+0000] {processor.py:830} INFO - Processing file /usr/local/python/3.12.1/lib/python3.12/site-packages/airflow/example_dags/example_params_ui_tutorial.py for tasks to queue
[2026-05-07T00:07:17.546+0000] {logging_mixin.py:188} INFO - [2026-05-07T00:07:17.545+0000] {dagbag.py:545} INFO - Filling up the DagBag from /usr/local/python/3.12.1/lib/python3.12/site-packages/airflow/example_dags/example_params_ui_tutorial.py
[2026-05-07T00:07:17.560+0000] {processor.py:840} INFO - DAG(s) 'example_params_ui_tutorial' retrieved from /usr/local/python/3.12.1/lib/python3.12/site-packages/airflow/example_dags/example_params_ui_tutorial.py
[2026-05-07T00:07:17.592+0000] {logging_mixin.py:188} INFO - [2026-05-07T00:07:17.592+0000] {dag.py:3096} INFO - Sync 1 DAGs
[2026-05-07T00:07:17.602+0000] {logging_mixin.py:188} INFO - [2026-05-07T00:07:17.601+0000] {dag.py:3954} INFO - Setting next_dagrun for example_params_ui_tutorial to None, run_after=None
[2026-05-07T00:07:17.619+0000] {processor.py:183} INFO - Processing /usr/local/python/3.12.1/lib/python3.12/site-packages/airflow/example_dags/example_params_ui_tutorial.py took 0.082 seconds
