[2026-05-07T00:00:22.166+0000] {processor.py:161} INFO - Started process (PID=33573) to work on /usr/local/python/3.12.1/lib/python3.12/site-packages/airflow/example_dags/example_branch_operator_decorator.py
[2026-05-07T00:00:22.166+0000] {processor.py:830} INFO - Processing file /usr/local/python/3.12.1/lib/python3.12/site-packages/airflow/example_dags/example_branch_operator_decorator.py for tasks to queue
[2026-05-07T00:00:22.168+0000] {logging_mixin.py:188} INFO - [2026-05-07T00:00:22.168+0000] {dagbag.py:545} INFO - Filling up the DagBag from /usr/local/python/3.12.1/lib/python3.12/site-packages/airflow/example_dags/example_branch_operator_decorator.py
[2026-05-07T00:00:22.185+0000] {processor.py:840} INFO - DAG(s) 'example_branch_python_operator_decorator' retrieved from /usr/local/python/3.12.1/lib/python3.12/site-packages/airflow/example_dags/example_branch_operator_decorator.py
[2026-05-07T00:00:22.205+0000] {logging_mixin.py:188} INFO - [2026-05-07T00:00:22.205+0000] {dag.py:3096} INFO - Sync 1 DAGs
[2026-05-07T00:00:22.222+0000] {logging_mixin.py:188} INFO - [2026-05-07T00:00:22.222+0000] {dag.py:3954} INFO - Setting next_dagrun for example_branch_python_operator_decorator to 2026-05-06 00:00:00+00:00, run_after=2026-05-07 00:00:00+00:00
[2026-05-07T00:00:22.241+0000] {processor.py:183} INFO - Processing /usr/local/python/3.12.1/lib/python3.12/site-packages/airflow/example_dags/example_branch_operator_decorator.py took 0.081 seconds
[2026-05-07T00:01:16.807+0000] {processor.py:161} INFO - Started process (PID=33834) to work on /usr/local/python/3.12.1/lib/python3.12/site-packages/airflow/example_dags/example_branch_operator_decorator.py
[2026-05-07T00:01:16.808+0000] {processor.py:830} INFO - Processing file /usr/local/python/3.12.1/lib/python3.12/site-packages/airflow/example_dags/example_branch_operator_decorator.py for tasks to queue
[2026-05-07T00:01:16.809+0000] {logging_mixin.py:188} INFO - [2026-05-07T00:01:16.809+0000] {dagbag.py:545} INFO - Filling up the DagBag from /usr/local/python/3.12.1/lib/python3.12/site-packages/airflow/example_dags/example_branch_operator_decorator.py
[2026-05-07T00:01:16.826+0000] {processor.py:840} INFO - DAG(s) 'example_branch_python_operator_decorator' retrieved from /usr/local/python/3.12.1/lib/python3.12/site-packages/airflow/example_dags/example_branch_operator_decorator.py
[2026-05-07T00:01:16.849+0000] {logging_mixin.py:188} INFO - [2026-05-07T00:01:16.848+0000] {dag.py:3096} INFO - Sync 1 DAGs
[2026-05-07T00:01:16.867+0000] {logging_mixin.py:188} INFO - [2026-05-07T00:01:16.867+0000] {dag.py:3954} INFO - Setting next_dagrun for example_branch_python_operator_decorator to 2026-05-06 00:00:00+00:00, run_after=2026-05-07 00:00:00+00:00
[2026-05-07T00:01:16.886+0000] {processor.py:183} INFO - Processing /usr/local/python/3.12.1/lib/python3.12/site-packages/airflow/example_dags/example_branch_operator_decorator.py took 0.084 seconds
[2026-05-07T00:02:15.342+0000] {processor.py:161} INFO - Started process (PID=34125) to work on /usr/local/python/3.12.1/lib/python3.12/site-packages/airflow/example_dags/example_branch_operator_decorator.py
[2026-05-07T00:02:15.343+0000] {processor.py:830} INFO - Processing file /usr/local/python/3.12.1/lib/python3.12/site-packages/airflow/example_dags/example_branch_operator_decorator.py for tasks to queue
[2026-05-07T00:02:15.345+0000] {logging_mixin.py:188} INFO - [2026-05-07T00:02:15.344+0000] {dagbag.py:545} INFO - Filling up the DagBag from /usr/local/python/3.12.1/lib/python3.12/site-packages/airflow/example_dags/example_branch_operator_decorator.py
[2026-05-07T00:02:15.364+0000] {processor.py:840} INFO - DAG(s) 'example_branch_python_operator_decorator' retrieved from /usr/local/python/3.12.1/lib/python3.12/site-packages/airflow/example_dags/example_branch_operator_decorator.py
[2026-05-07T00:02:15.383+0000] {logging_mixin.py:188} INFO - [2026-05-07T00:02:15.383+0000] {dag.py:3096} INFO - Sync 1 DAGs
[2026-05-07T00:02:15.400+0000] {logging_mixin.py:188} INFO - [2026-05-07T00:02:15.400+0000] {dag.py:3954} INFO - Setting next_dagrun for example_branch_python_operator_decorator to 2026-05-06 00:00:00+00:00, run_after=2026-05-07 00:00:00+00:00
[2026-05-07T00:02:15.418+0000] {processor.py:183} INFO - Processing /usr/local/python/3.12.1/lib/python3.12/site-packages/airflow/example_dags/example_branch_operator_decorator.py took 0.083 seconds
[2026-05-07T00:03:14.261+0000] {processor.py:161} INFO - Started process (PID=34419) to work on /usr/local/python/3.12.1/lib/python3.12/site-packages/airflow/example_dags/example_branch_operator_decorator.py
[2026-05-07T00:03:14.262+0000] {processor.py:830} INFO - Processing file /usr/local/python/3.12.1/lib/python3.12/site-packages/airflow/example_dags/example_branch_operator_decorator.py for tasks to queue
[2026-05-07T00:03:14.264+0000] {logging_mixin.py:188} INFO - [2026-05-07T00:03:14.263+0000] {dagbag.py:545} INFO - Filling up the DagBag from /usr/local/python/3.12.1/lib/python3.12/site-packages/airflow/example_dags/example_branch_operator_decorator.py
[2026-05-07T00:03:14.284+0000] {processor.py:840} INFO - DAG(s) 'example_branch_python_operator_decorator' retrieved from /usr/local/python/3.12.1/lib/python3.12/site-packages/airflow/example_dags/example_branch_operator_decorator.py
[2026-05-07T00:03:14.314+0000] {logging_mixin.py:188} INFO - [2026-05-07T00:03:14.314+0000] {dag.py:3096} INFO - Sync 1 DAGs
[2026-05-07T00:03:14.341+0000] {logging_mixin.py:188} INFO - [2026-05-07T00:03:14.341+0000] {dag.py:3954} INFO - Setting next_dagrun for example_branch_python_operator_decorator to 2026-05-06 00:00:00+00:00, run_after=2026-05-07 00:00:00+00:00
[2026-05-07T00:03:14.367+0000] {processor.py:183} INFO - Processing /usr/local/python/3.12.1/lib/python3.12/site-packages/airflow/example_dags/example_branch_operator_decorator.py took 0.110 seconds
[2026-05-07T00:04:09.573+0000] {processor.py:161} INFO - Started process (PID=34683) to work on /usr/local/python/3.12.1/lib/python3.12/site-packages/airflow/example_dags/example_branch_operator_decorator.py
[2026-05-07T00:04:09.573+0000] {processor.py:830} INFO - Processing file /usr/local/python/3.12.1/lib/python3.12/site-packages/airflow/example_dags/example_branch_operator_decorator.py for tasks to queue
[2026-05-07T00:04:09.575+0000] {logging_mixin.py:188} INFO - [2026-05-07T00:04:09.574+0000] {dagbag.py:545} INFO - Filling up the DagBag from /usr/local/python/3.12.1/lib/python3.12/site-packages/airflow/example_dags/example_branch_operator_decorator.py
[2026-05-07T00:04:09.592+0000] {processor.py:840} INFO - DAG(s) 'example_branch_python_operator_decorator' retrieved from /usr/local/python/3.12.1/lib/python3.12/site-packages/airflow/example_dags/example_branch_operator_decorator.py
[2026-05-07T00:04:09.610+0000] {logging_mixin.py:188} INFO - [2026-05-07T00:04:09.610+0000] {dag.py:3096} INFO - Sync 1 DAGs
[2026-05-07T00:04:09.626+0000] {logging_mixin.py:188} INFO - [2026-05-07T00:04:09.626+0000] {dag.py:3954} INFO - Setting next_dagrun for example_branch_python_operator_decorator to 2026-05-06 00:00:00+00:00, run_after=2026-05-07 00:00:00+00:00
[2026-05-07T00:04:09.647+0000] {processor.py:183} INFO - Processing /usr/local/python/3.12.1/lib/python3.12/site-packages/airflow/example_dags/example_branch_operator_decorator.py took 0.079 seconds
[2026-05-07T00:05:08.777+0000] {processor.py:161} INFO - Started process (PID=34975) to work on /usr/local/python/3.12.1/lib/python3.12/site-packages/airflow/example_dags/example_branch_operator_decorator.py
[2026-05-07T00:05:08.777+0000] {processor.py:830} INFO - Processing file /usr/local/python/3.12.1/lib/python3.12/site-packages/airflow/example_dags/example_branch_operator_decorator.py for tasks to queue
[2026-05-07T00:05:08.779+0000] {logging_mixin.py:188} INFO - [2026-05-07T00:05:08.778+0000] {dagbag.py:545} INFO - Filling up the DagBag from /usr/local/python/3.12.1/lib/python3.12/site-packages/airflow/example_dags/example_branch_operator_decorator.py
[2026-05-07T00:05:08.795+0000] {processor.py:840} INFO - DAG(s) 'example_branch_python_operator_decorator' retrieved from /usr/local/python/3.12.1/lib/python3.12/site-packages/airflow/example_dags/example_branch_operator_decorator.py
[2026-05-07T00:05:08.814+0000] {logging_mixin.py:188} INFO - [2026-05-07T00:05:08.813+0000] {dag.py:3096} INFO - Sync 1 DAGs
[2026-05-07T00:05:08.829+0000] {logging_mixin.py:188} INFO - [2026-05-07T00:05:08.829+0000] {dag.py:3954} INFO - Setting next_dagrun for example_branch_python_operator_decorator to 2026-05-06 00:00:00+00:00, run_after=2026-05-07 00:00:00+00:00
[2026-05-07T00:05:08.849+0000] {processor.py:183} INFO - Processing /usr/local/python/3.12.1/lib/python3.12/site-packages/airflow/example_dags/example_branch_operator_decorator.py took 0.077 seconds
[2026-05-07T00:06:00.983+0000] {processor.py:161} INFO - Started process (PID=35223) to work on /usr/local/python/3.12.1/lib/python3.12/site-packages/airflow/example_dags/example_branch_operator_decorator.py
[2026-05-07T00:06:00.984+0000] {processor.py:830} INFO - Processing file /usr/local/python/3.12.1/lib/python3.12/site-packages/airflow/example_dags/example_branch_operator_decorator.py for tasks to queue
[2026-05-07T00:06:00.985+0000] {logging_mixin.py:188} INFO - [2026-05-07T00:06:00.985+0000] {dagbag.py:545} INFO - Filling up the DagBag from /usr/local/python/3.12.1/lib/python3.12/site-packages/airflow/example_dags/example_branch_operator_decorator.py
[2026-05-07T00:06:01.011+0000] {processor.py:840} INFO - DAG(s) 'example_branch_python_operator_decorator' retrieved from /usr/local/python/3.12.1/lib/python3.12/site-packages/airflow/example_dags/example_branch_operator_decorator.py
[2026-05-07T00:06:01.040+0000] {logging_mixin.py:188} INFO - [2026-05-07T00:06:01.040+0000] {dag.py:3096} INFO - Sync 1 DAGs
[2026-05-07T00:06:01.063+0000] {logging_mixin.py:188} INFO - [2026-05-07T00:06:01.063+0000] {dag.py:3954} INFO - Setting next_dagrun for example_branch_python_operator_decorator to 2026-05-06 00:00:00+00:00, run_after=2026-05-07 00:00:00+00:00
[2026-05-07T00:06:01.080+0000] {processor.py:183} INFO - Processing /usr/local/python/3.12.1/lib/python3.12/site-packages/airflow/example_dags/example_branch_operator_decorator.py took 0.102 seconds
[2026-05-07T00:06:57.493+0000] {processor.py:161} INFO - Started process (PID=35513) to work on /usr/local/python/3.12.1/lib/python3.12/site-packages/airflow/example_dags/example_branch_operator_decorator.py
[2026-05-07T00:06:57.493+0000] {processor.py:830} INFO - Processing file /usr/local/python/3.12.1/lib/python3.12/site-packages/airflow/example_dags/example_branch_operator_decorator.py for tasks to queue
[2026-05-07T00:06:57.495+0000] {logging_mixin.py:188} INFO - [2026-05-07T00:06:57.495+0000] {dagbag.py:545} INFO - Filling up the DagBag from /usr/local/python/3.12.1/lib/python3.12/site-packages/airflow/example_dags/example_branch_operator_decorator.py
[2026-05-07T00:06:57.511+0000] {processor.py:840} INFO - DAG(s) 'example_branch_python_operator_decorator' retrieved from /usr/local/python/3.12.1/lib/python3.12/site-packages/airflow/example_dags/example_branch_operator_decorator.py
[2026-05-07T00:06:57.530+0000] {logging_mixin.py:188} INFO - [2026-05-07T00:06:57.530+0000] {dag.py:3096} INFO - Sync 1 DAGs
[2026-05-07T00:06:57.554+0000] {logging_mixin.py:188} INFO - [2026-05-07T00:06:57.554+0000] {dag.py:3954} INFO - Setting next_dagrun for example_branch_python_operator_decorator to 2026-05-06 00:00:00+00:00, run_after=2026-05-07 00:00:00+00:00
[2026-05-07T00:06:57.572+0000] {processor.py:183} INFO - Processing /usr/local/python/3.12.1/lib/python3.12/site-packages/airflow/example_dags/example_branch_operator_decorator.py took 0.085 seconds
