[2026-05-07T00:00:05.094+0000] {processor.py:161} INFO - Started process (PID=33484) to work on /usr/local/python/3.12.1/lib/python3.12/site-packages/airflow/example_dags/example_external_task_marker_dag.py
[2026-05-07T00:00:05.095+0000] {processor.py:830} INFO - Processing file /usr/local/python/3.12.1/lib/python3.12/site-packages/airflow/example_dags/example_external_task_marker_dag.py for tasks to queue
[2026-05-07T00:00:05.096+0000] {logging_mixin.py:188} INFO - [2026-05-07T00:00:05.096+0000] {dagbag.py:545} INFO - Filling up the DagBag from /usr/local/python/3.12.1/lib/python3.12/site-packages/airflow/example_dags/example_external_task_marker_dag.py
[2026-05-07T00:00:05.102+0000] {processor.py:840} INFO - DAG(s) 'example_external_task_marker_parent', 'example_external_task_marker_child' retrieved from /usr/local/python/3.12.1/lib/python3.12/site-packages/airflow/example_dags/example_external_task_marker_dag.py
[2026-05-07T00:00:05.117+0000] {logging_mixin.py:188} INFO - [2026-05-07T00:00:05.117+0000] {dag.py:3096} INFO - Sync 2 DAGs
[2026-05-07T00:00:05.127+0000] {logging_mixin.py:188} INFO - [2026-05-07T00:00:05.127+0000] {dag.py:3954} INFO - Setting next_dagrun for example_external_task_marker_child to None, run_after=None
[2026-05-07T00:00:05.130+0000] {logging_mixin.py:188} INFO - [2026-05-07T00:00:05.130+0000] {dag.py:3954} INFO - Setting next_dagrun for example_external_task_marker_parent to None, run_after=None
[2026-05-07T00:00:05.150+0000] {processor.py:183} INFO - Processing /usr/local/python/3.12.1/lib/python3.12/site-packages/airflow/example_dags/example_external_task_marker_dag.py took 0.060 seconds
[2026-05-07T00:00:59.541+0000] {processor.py:161} INFO - Started process (PID=33765) to work on /usr/local/python/3.12.1/lib/python3.12/site-packages/airflow/example_dags/example_external_task_marker_dag.py
[2026-05-07T00:00:59.542+0000] {processor.py:830} INFO - Processing file /usr/local/python/3.12.1/lib/python3.12/site-packages/airflow/example_dags/example_external_task_marker_dag.py for tasks to queue
[2026-05-07T00:00:59.544+0000] {logging_mixin.py:188} INFO - [2026-05-07T00:00:59.544+0000] {dagbag.py:545} INFO - Filling up the DagBag from /usr/local/python/3.12.1/lib/python3.12/site-packages/airflow/example_dags/example_external_task_marker_dag.py
[2026-05-07T00:00:59.551+0000] {processor.py:840} INFO - DAG(s) 'example_external_task_marker_parent', 'example_external_task_marker_child' retrieved from /usr/local/python/3.12.1/lib/python3.12/site-packages/airflow/example_dags/example_external_task_marker_dag.py
[2026-05-07T00:00:59.569+0000] {logging_mixin.py:188} INFO - [2026-05-07T00:00:59.568+0000] {dag.py:3096} INFO - Sync 2 DAGs
[2026-05-07T00:00:59.578+0000] {logging_mixin.py:188} INFO - [2026-05-07T00:00:59.578+0000] {dag.py:3954} INFO - Setting next_dagrun for example_external_task_marker_child to None, run_after=None
[2026-05-07T00:00:59.581+0000] {logging_mixin.py:188} INFO - [2026-05-07T00:00:59.581+0000] {dag.py:3954} INFO - Setting next_dagrun for example_external_task_marker_parent to None, run_after=None
[2026-05-07T00:00:59.597+0000] {processor.py:183} INFO - Processing /usr/local/python/3.12.1/lib/python3.12/site-packages/airflow/example_dags/example_external_task_marker_dag.py took 0.062 seconds
[2026-05-07T00:01:58.791+0000] {processor.py:161} INFO - Started process (PID=34039) to work on /usr/local/python/3.12.1/lib/python3.12/site-packages/airflow/example_dags/example_external_task_marker_dag.py
[2026-05-07T00:01:58.792+0000] {processor.py:830} INFO - Processing file /usr/local/python/3.12.1/lib/python3.12/site-packages/airflow/example_dags/example_external_task_marker_dag.py for tasks to queue
[2026-05-07T00:01:58.793+0000] {logging_mixin.py:188} INFO - [2026-05-07T00:01:58.793+0000] {dagbag.py:545} INFO - Filling up the DagBag from /usr/local/python/3.12.1/lib/python3.12/site-packages/airflow/example_dags/example_external_task_marker_dag.py
[2026-05-07T00:01:58.799+0000] {processor.py:840} INFO - DAG(s) 'example_external_task_marker_child', 'example_external_task_marker_parent' retrieved from /usr/local/python/3.12.1/lib/python3.12/site-packages/airflow/example_dags/example_external_task_marker_dag.py
[2026-05-07T00:01:58.814+0000] {logging_mixin.py:188} INFO - [2026-05-07T00:01:58.814+0000] {dag.py:3096} INFO - Sync 2 DAGs
[2026-05-07T00:01:58.824+0000] {logging_mixin.py:188} INFO - [2026-05-07T00:01:58.824+0000] {dag.py:3954} INFO - Setting next_dagrun for example_external_task_marker_child to None, run_after=None
[2026-05-07T00:01:58.827+0000] {logging_mixin.py:188} INFO - [2026-05-07T00:01:58.827+0000] {dag.py:3954} INFO - Setting next_dagrun for example_external_task_marker_parent to None, run_after=None
[2026-05-07T00:01:58.845+0000] {processor.py:183} INFO - Processing /usr/local/python/3.12.1/lib/python3.12/site-packages/airflow/example_dags/example_external_task_marker_dag.py took 0.060 seconds
[2026-05-07T00:02:56.577+0000] {processor.py:161} INFO - Started process (PID=34328) to work on /usr/local/python/3.12.1/lib/python3.12/site-packages/airflow/example_dags/example_external_task_marker_dag.py
[2026-05-07T00:02:56.578+0000] {processor.py:830} INFO - Processing file /usr/local/python/3.12.1/lib/python3.12/site-packages/airflow/example_dags/example_external_task_marker_dag.py for tasks to queue
[2026-05-07T00:02:56.579+0000] {logging_mixin.py:188} INFO - [2026-05-07T00:02:56.579+0000] {dagbag.py:545} INFO - Filling up the DagBag from /usr/local/python/3.12.1/lib/python3.12/site-packages/airflow/example_dags/example_external_task_marker_dag.py
[2026-05-07T00:02:56.585+0000] {processor.py:840} INFO - DAG(s) 'example_external_task_marker_child', 'example_external_task_marker_parent' retrieved from /usr/local/python/3.12.1/lib/python3.12/site-packages/airflow/example_dags/example_external_task_marker_dag.py
[2026-05-07T00:02:56.600+0000] {logging_mixin.py:188} INFO - [2026-05-07T00:02:56.600+0000] {dag.py:3096} INFO - Sync 2 DAGs
[2026-05-07T00:02:56.610+0000] {logging_mixin.py:188} INFO - [2026-05-07T00:02:56.609+0000] {dag.py:3954} INFO - Setting next_dagrun for example_external_task_marker_child to None, run_after=None
[2026-05-07T00:02:56.612+0000] {logging_mixin.py:188} INFO - [2026-05-07T00:02:56.612+0000] {dag.py:3954} INFO - Setting next_dagrun for example_external_task_marker_parent to None, run_after=None
[2026-05-07T00:02:56.628+0000] {processor.py:183} INFO - Processing /usr/local/python/3.12.1/lib/python3.12/site-packages/airflow/example_dags/example_external_task_marker_dag.py took 0.055 seconds
[2026-05-07T00:03:52.201+0000] {processor.py:161} INFO - Started process (PID=34612) to work on /usr/local/python/3.12.1/lib/python3.12/site-packages/airflow/example_dags/example_external_task_marker_dag.py
[2026-05-07T00:03:52.202+0000] {processor.py:830} INFO - Processing file /usr/local/python/3.12.1/lib/python3.12/site-packages/airflow/example_dags/example_external_task_marker_dag.py for tasks to queue
[2026-05-07T00:03:52.204+0000] {logging_mixin.py:188} INFO - [2026-05-07T00:03:52.203+0000] {dagbag.py:545} INFO - Filling up the DagBag from /usr/local/python/3.12.1/lib/python3.12/site-packages/airflow/example_dags/example_external_task_marker_dag.py
[2026-05-07T00:03:52.209+0000] {processor.py:840} INFO - DAG(s) 'example_external_task_marker_parent', 'example_external_task_marker_child' retrieved from /usr/local/python/3.12.1/lib/python3.12/site-packages/airflow/example_dags/example_external_task_marker_dag.py
[2026-05-07T00:03:52.225+0000] {logging_mixin.py:188} INFO - [2026-05-07T00:03:52.224+0000] {dag.py:3096} INFO - Sync 2 DAGs
[2026-05-07T00:03:52.234+0000] {logging_mixin.py:188} INFO - [2026-05-07T00:03:52.234+0000] {dag.py:3954} INFO - Setting next_dagrun for example_external_task_marker_child to None, run_after=None
[2026-05-07T00:03:52.238+0000] {logging_mixin.py:188} INFO - [2026-05-07T00:03:52.237+0000] {dag.py:3954} INFO - Setting next_dagrun for example_external_task_marker_parent to None, run_after=None
[2026-05-07T00:03:52.257+0000] {processor.py:183} INFO - Processing /usr/local/python/3.12.1/lib/python3.12/site-packages/airflow/example_dags/example_external_task_marker_dag.py took 0.061 seconds
[2026-05-07T00:04:49.584+0000] {processor.py:161} INFO - Started process (PID=34877) to work on /usr/local/python/3.12.1/lib/python3.12/site-packages/airflow/example_dags/example_external_task_marker_dag.py
[2026-05-07T00:04:49.585+0000] {processor.py:830} INFO - Processing file /usr/local/python/3.12.1/lib/python3.12/site-packages/airflow/example_dags/example_external_task_marker_dag.py for tasks to queue
[2026-05-07T00:04:49.587+0000] {logging_mixin.py:188} INFO - [2026-05-07T00:04:49.586+0000] {dagbag.py:545} INFO - Filling up the DagBag from /usr/local/python/3.12.1/lib/python3.12/site-packages/airflow/example_dags/example_external_task_marker_dag.py
[2026-05-07T00:04:49.592+0000] {processor.py:840} INFO - DAG(s) 'example_external_task_marker_parent', 'example_external_task_marker_child' retrieved from /usr/local/python/3.12.1/lib/python3.12/site-packages/airflow/example_dags/example_external_task_marker_dag.py
[2026-05-07T00:04:49.608+0000] {logging_mixin.py:188} INFO - [2026-05-07T00:04:49.608+0000] {dag.py:3096} INFO - Sync 2 DAGs
[2026-05-07T00:04:49.617+0000] {logging_mixin.py:188} INFO - [2026-05-07T00:04:49.617+0000] {dag.py:3954} INFO - Setting next_dagrun for example_external_task_marker_child to None, run_after=None
[2026-05-07T00:04:49.620+0000] {logging_mixin.py:188} INFO - [2026-05-07T00:04:49.620+0000] {dag.py:3954} INFO - Setting next_dagrun for example_external_task_marker_parent to None, run_after=None
[2026-05-07T00:04:49.636+0000] {processor.py:183} INFO - Processing /usr/local/python/3.12.1/lib/python3.12/site-packages/airflow/example_dags/example_external_task_marker_dag.py took 0.056 seconds
[2026-05-07T00:05:46.696+0000] {processor.py:161} INFO - Started process (PID=35163) to work on /usr/local/python/3.12.1/lib/python3.12/site-packages/airflow/example_dags/example_external_task_marker_dag.py
[2026-05-07T00:05:46.697+0000] {processor.py:830} INFO - Processing file /usr/local/python/3.12.1/lib/python3.12/site-packages/airflow/example_dags/example_external_task_marker_dag.py for tasks to queue
[2026-05-07T00:05:46.698+0000] {logging_mixin.py:188} INFO - [2026-05-07T00:05:46.698+0000] {dagbag.py:545} INFO - Filling up the DagBag from /usr/local/python/3.12.1/lib/python3.12/site-packages/airflow/example_dags/example_external_task_marker_dag.py
[2026-05-07T00:05:46.703+0000] {processor.py:840} INFO - DAG(s) 'example_external_task_marker_parent', 'example_external_task_marker_child' retrieved from /usr/local/python/3.12.1/lib/python3.12/site-packages/airflow/example_dags/example_external_task_marker_dag.py
[2026-05-07T00:05:46.719+0000] {logging_mixin.py:188} INFO - [2026-05-07T00:05:46.718+0000] {dag.py:3096} INFO - Sync 2 DAGs
[2026-05-07T00:05:46.728+0000] {logging_mixin.py:188} INFO - [2026-05-07T00:05:46.728+0000] {dag.py:3954} INFO - Setting next_dagrun for example_external_task_marker_child to None, run_after=None
[2026-05-07T00:05:46.731+0000] {logging_mixin.py:188} INFO - [2026-05-07T00:05:46.731+0000] {dag.py:3954} INFO - Setting next_dagrun for example_external_task_marker_parent to None, run_after=None
[2026-05-07T00:05:46.750+0000] {processor.py:183} INFO - Processing /usr/local/python/3.12.1/lib/python3.12/site-packages/airflow/example_dags/example_external_task_marker_dag.py took 0.059 seconds
[2026-05-07T00:06:40.922+0000] {processor.py:161} INFO - Started process (PID=35425) to work on /usr/local/python/3.12.1/lib/python3.12/site-packages/airflow/example_dags/example_external_task_marker_dag.py
[2026-05-07T00:06:40.922+0000] {processor.py:830} INFO - Processing file /usr/local/python/3.12.1/lib/python3.12/site-packages/airflow/example_dags/example_external_task_marker_dag.py for tasks to queue
[2026-05-07T00:06:40.924+0000] {logging_mixin.py:188} INFO - [2026-05-07T00:06:40.924+0000] {dagbag.py:545} INFO - Filling up the DagBag from /usr/local/python/3.12.1/lib/python3.12/site-packages/airflow/example_dags/example_external_task_marker_dag.py
[2026-05-07T00:06:40.932+0000] {processor.py:840} INFO - DAG(s) 'example_external_task_marker_child', 'example_external_task_marker_parent' retrieved from /usr/local/python/3.12.1/lib/python3.12/site-packages/airflow/example_dags/example_external_task_marker_dag.py
[2026-05-07T00:06:40.951+0000] {logging_mixin.py:188} INFO - [2026-05-07T00:06:40.951+0000] {dag.py:3096} INFO - Sync 2 DAGs
[2026-05-07T00:06:40.962+0000] {logging_mixin.py:188} INFO - [2026-05-07T00:06:40.962+0000] {dag.py:3954} INFO - Setting next_dagrun for example_external_task_marker_child to None, run_after=None
[2026-05-07T00:06:40.965+0000] {logging_mixin.py:188} INFO - [2026-05-07T00:06:40.965+0000] {dag.py:3954} INFO - Setting next_dagrun for example_external_task_marker_parent to None, run_after=None
[2026-05-07T00:06:40.980+0000] {processor.py:183} INFO - Processing /usr/local/python/3.12.1/lib/python3.12/site-packages/airflow/example_dags/example_external_task_marker_dag.py took 0.065 seconds
[2026-05-07T00:07:35.753+0000] {processor.py:161} INFO - Started process (PID=35706) to work on /usr/local/python/3.12.1/lib/python3.12/site-packages/airflow/example_dags/example_external_task_marker_dag.py
[2026-05-07T00:07:35.754+0000] {processor.py:830} INFO - Processing file /usr/local/python/3.12.1/lib/python3.12/site-packages/airflow/example_dags/example_external_task_marker_dag.py for tasks to queue
[2026-05-07T00:07:35.756+0000] {logging_mixin.py:188} INFO - [2026-05-07T00:07:35.756+0000] {dagbag.py:545} INFO - Filling up the DagBag from /usr/local/python/3.12.1/lib/python3.12/site-packages/airflow/example_dags/example_external_task_marker_dag.py
[2026-05-07T00:07:35.761+0000] {processor.py:840} INFO - DAG(s) 'example_external_task_marker_parent', 'example_external_task_marker_child' retrieved from /usr/local/python/3.12.1/lib/python3.12/site-packages/airflow/example_dags/example_external_task_marker_dag.py
[2026-05-07T00:07:35.776+0000] {logging_mixin.py:188} INFO - [2026-05-07T00:07:35.776+0000] {dag.py:3096} INFO - Sync 2 DAGs
[2026-05-07T00:07:35.785+0000] {logging_mixin.py:188} INFO - [2026-05-07T00:07:35.785+0000] {dag.py:3954} INFO - Setting next_dagrun for example_external_task_marker_child to None, run_after=None
[2026-05-07T00:07:35.787+0000] {logging_mixin.py:188} INFO - [2026-05-07T00:07:35.787+0000] {dag.py:3954} INFO - Setting next_dagrun for example_external_task_marker_parent to None, run_after=None
[2026-05-07T00:07:35.802+0000] {processor.py:183} INFO - Processing /usr/local/python/3.12.1/lib/python3.12/site-packages/airflow/example_dags/example_external_task_marker_dag.py took 0.055 seconds
