[2026-05-07T00:00:11.882+0000] {processor.py:161} INFO - Started process (PID=33529) to work on /usr/local/python/3.12.1/lib/python3.12/site-packages/airflow/example_dags/example_xcom.py
[2026-05-07T00:00:11.882+0000] {processor.py:830} INFO - Processing file /usr/local/python/3.12.1/lib/python3.12/site-packages/airflow/example_dags/example_xcom.py for tasks to queue
[2026-05-07T00:00:11.884+0000] {logging_mixin.py:188} INFO - [2026-05-07T00:00:11.883+0000] {dagbag.py:545} INFO - Filling up the DagBag from /usr/local/python/3.12.1/lib/python3.12/site-packages/airflow/example_dags/example_xcom.py
[2026-05-07T00:00:11.891+0000] {processor.py:840} INFO - DAG(s) 'example_xcom' retrieved from /usr/local/python/3.12.1/lib/python3.12/site-packages/airflow/example_dags/example_xcom.py
[2026-05-07T00:00:11.927+0000] {logging_mixin.py:188} INFO - [2026-05-07T00:00:11.927+0000] {dag.py:3096} INFO - Sync 1 DAGs
[2026-05-07T00:00:11.946+0000] {logging_mixin.py:188} INFO - [2026-05-07T00:00:11.946+0000] {dag.py:3954} INFO - Setting next_dagrun for example_xcom to 2021-01-01 00:00:00+00:00, run_after=2021-01-01 00:00:00+00:00
[2026-05-07T00:00:11.967+0000] {processor.py:183} INFO - Processing /usr/local/python/3.12.1/lib/python3.12/site-packages/airflow/example_dags/example_xcom.py took 0.090 seconds
[2026-05-07T00:00:50.201+0000] {processor.py:161} INFO - Started process (PID=33721) to work on /usr/local/python/3.12.1/lib/python3.12/site-packages/airflow/example_dags/example_xcom.py
[2026-05-07T00:00:50.202+0000] {processor.py:830} INFO - Processing file /usr/local/python/3.12.1/lib/python3.12/site-packages/airflow/example_dags/example_xcom.py for tasks to queue
[2026-05-07T00:00:50.203+0000] {logging_mixin.py:188} INFO - [2026-05-07T00:00:50.203+0000] {dagbag.py:545} INFO - Filling up the DagBag from /usr/local/python/3.12.1/lib/python3.12/site-packages/airflow/example_dags/example_xcom.py
[2026-05-07T00:00:50.210+0000] {processor.py:840} INFO - DAG(s) 'example_xcom' retrieved from /usr/local/python/3.12.1/lib/python3.12/site-packages/airflow/example_dags/example_xcom.py
[2026-05-07T00:00:50.224+0000] {logging_mixin.py:188} INFO - [2026-05-07T00:00:50.223+0000] {dag.py:3096} INFO - Sync 1 DAGs
[2026-05-07T00:00:50.240+0000] {logging_mixin.py:188} INFO - [2026-05-07T00:00:50.240+0000] {dag.py:3954} INFO - Setting next_dagrun for example_xcom to 2021-01-01 00:00:00+00:00, run_after=2021-01-01 00:00:00+00:00
[2026-05-07T00:00:50.258+0000] {processor.py:183} INFO - Processing /usr/local/python/3.12.1/lib/python3.12/site-packages/airflow/example_dags/example_xcom.py took 0.062 seconds
[2026-05-07T00:01:26.289+0000] {processor.py:161} INFO - Started process (PID=33883) to work on /usr/local/python/3.12.1/lib/python3.12/site-packages/airflow/example_dags/example_xcom.py
[2026-05-07T00:01:26.290+0000] {processor.py:830} INFO - Processing file /usr/local/python/3.12.1/lib/python3.12/site-packages/airflow/example_dags/example_xcom.py for tasks to queue
[2026-05-07T00:01:26.291+0000] {logging_mixin.py:188} INFO - [2026-05-07T00:01:26.291+0000] {dagbag.py:545} INFO - Filling up the DagBag from /usr/local/python/3.12.1/lib/python3.12/site-packages/airflow/example_dags/example_xcom.py
[2026-05-07T00:01:26.298+0000] {processor.py:840} INFO - DAG(s) 'example_xcom' retrieved from /usr/local/python/3.12.1/lib/python3.12/site-packages/airflow/example_dags/example_xcom.py
[2026-05-07T00:01:26.313+0000] {logging_mixin.py:188} INFO - [2026-05-07T00:01:26.313+0000] {dag.py:3096} INFO - Sync 1 DAGs
[2026-05-07T00:01:26.330+0000] {logging_mixin.py:188} INFO - [2026-05-07T00:01:26.329+0000] {dag.py:3954} INFO - Setting next_dagrun for example_xcom to 2021-01-01 00:00:00+00:00, run_after=2021-01-01 00:00:00+00:00
[2026-05-07T00:01:26.351+0000] {processor.py:183} INFO - Processing /usr/local/python/3.12.1/lib/python3.12/site-packages/airflow/example_dags/example_xcom.py took 0.067 seconds
[2026-05-07T00:02:07.326+0000] {processor.py:161} INFO - Started process (PID=34084) to work on /usr/local/python/3.12.1/lib/python3.12/site-packages/airflow/example_dags/example_xcom.py
[2026-05-07T00:02:07.327+0000] {processor.py:830} INFO - Processing file /usr/local/python/3.12.1/lib/python3.12/site-packages/airflow/example_dags/example_xcom.py for tasks to queue
[2026-05-07T00:02:07.329+0000] {logging_mixin.py:188} INFO - [2026-05-07T00:02:07.328+0000] {dagbag.py:545} INFO - Filling up the DagBag from /usr/local/python/3.12.1/lib/python3.12/site-packages/airflow/example_dags/example_xcom.py
[2026-05-07T00:02:07.335+0000] {processor.py:840} INFO - DAG(s) 'example_xcom' retrieved from /usr/local/python/3.12.1/lib/python3.12/site-packages/airflow/example_dags/example_xcom.py
[2026-05-07T00:02:07.354+0000] {logging_mixin.py:188} INFO - [2026-05-07T00:02:07.353+0000] {dag.py:3096} INFO - Sync 1 DAGs
[2026-05-07T00:02:07.369+0000] {logging_mixin.py:188} INFO - [2026-05-07T00:02:07.369+0000] {dag.py:3954} INFO - Setting next_dagrun for example_xcom to 2021-01-01 00:00:00+00:00, run_after=2021-01-01 00:00:00+00:00
[2026-05-07T00:02:07.387+0000] {processor.py:183} INFO - Processing /usr/local/python/3.12.1/lib/python3.12/site-packages/airflow/example_dags/example_xcom.py took 0.065 seconds
[2026-05-07T00:02:44.431+0000] {processor.py:161} INFO - Started process (PID=34271) to work on /usr/local/python/3.12.1/lib/python3.12/site-packages/airflow/example_dags/example_xcom.py
[2026-05-07T00:02:44.432+0000] {processor.py:830} INFO - Processing file /usr/local/python/3.12.1/lib/python3.12/site-packages/airflow/example_dags/example_xcom.py for tasks to queue
[2026-05-07T00:02:44.433+0000] {logging_mixin.py:188} INFO - [2026-05-07T00:02:44.433+0000] {dagbag.py:545} INFO - Filling up the DagBag from /usr/local/python/3.12.1/lib/python3.12/site-packages/airflow/example_dags/example_xcom.py
[2026-05-07T00:02:44.441+0000] {processor.py:840} INFO - DAG(s) 'example_xcom' retrieved from /usr/local/python/3.12.1/lib/python3.12/site-packages/airflow/example_dags/example_xcom.py
[2026-05-07T00:02:44.460+0000] {logging_mixin.py:188} INFO - [2026-05-07T00:02:44.460+0000] {dag.py:3096} INFO - Sync 1 DAGs
[2026-05-07T00:02:44.477+0000] {logging_mixin.py:188} INFO - [2026-05-07T00:02:44.477+0000] {dag.py:3954} INFO - Setting next_dagrun for example_xcom to 2021-01-01 00:00:00+00:00, run_after=2021-01-01 00:00:00+00:00
[2026-05-07T00:02:44.494+0000] {processor.py:183} INFO - Processing /usr/local/python/3.12.1/lib/python3.12/site-packages/airflow/example_dags/example_xcom.py took 0.068 seconds
[2026-05-07T00:03:23.407+0000] {processor.py:161} INFO - Started process (PID=34467) to work on /usr/local/python/3.12.1/lib/python3.12/site-packages/airflow/example_dags/example_xcom.py
[2026-05-07T00:03:23.408+0000] {processor.py:830} INFO - Processing file /usr/local/python/3.12.1/lib/python3.12/site-packages/airflow/example_dags/example_xcom.py for tasks to queue
[2026-05-07T00:03:23.409+0000] {logging_mixin.py:188} INFO - [2026-05-07T00:03:23.409+0000] {dagbag.py:545} INFO - Filling up the DagBag from /usr/local/python/3.12.1/lib/python3.12/site-packages/airflow/example_dags/example_xcom.py
[2026-05-07T00:03:23.415+0000] {processor.py:840} INFO - DAG(s) 'example_xcom' retrieved from /usr/local/python/3.12.1/lib/python3.12/site-packages/airflow/example_dags/example_xcom.py
[2026-05-07T00:03:23.430+0000] {logging_mixin.py:188} INFO - [2026-05-07T00:03:23.430+0000] {dag.py:3096} INFO - Sync 1 DAGs
[2026-05-07T00:03:23.449+0000] {logging_mixin.py:188} INFO - [2026-05-07T00:03:23.448+0000] {dag.py:3954} INFO - Setting next_dagrun for example_xcom to 2021-01-01 00:00:00+00:00, run_after=2021-01-01 00:00:00+00:00
[2026-05-07T00:03:23.469+0000] {processor.py:183} INFO - Processing /usr/local/python/3.12.1/lib/python3.12/site-packages/airflow/example_dags/example_xcom.py took 0.068 seconds
[2026-05-07T00:04:00.102+0000] {processor.py:161} INFO - Started process (PID=34634) to work on /usr/local/python/3.12.1/lib/python3.12/site-packages/airflow/example_dags/example_xcom.py
[2026-05-07T00:04:00.103+0000] {processor.py:830} INFO - Processing file /usr/local/python/3.12.1/lib/python3.12/site-packages/airflow/example_dags/example_xcom.py for tasks to queue
[2026-05-07T00:04:00.104+0000] {logging_mixin.py:188} INFO - [2026-05-07T00:04:00.104+0000] {dagbag.py:545} INFO - Filling up the DagBag from /usr/local/python/3.12.1/lib/python3.12/site-packages/airflow/example_dags/example_xcom.py
[2026-05-07T00:04:00.111+0000] {processor.py:840} INFO - DAG(s) 'example_xcom' retrieved from /usr/local/python/3.12.1/lib/python3.12/site-packages/airflow/example_dags/example_xcom.py
[2026-05-07T00:04:00.126+0000] {logging_mixin.py:188} INFO - [2026-05-07T00:04:00.125+0000] {dag.py:3096} INFO - Sync 1 DAGs
[2026-05-07T00:04:00.142+0000] {logging_mixin.py:188} INFO - [2026-05-07T00:04:00.142+0000] {dag.py:3954} INFO - Setting next_dagrun for example_xcom to 2021-01-01 00:00:00+00:00, run_after=2021-01-01 00:00:00+00:00
[2026-05-07T00:04:00.163+0000] {processor.py:183} INFO - Processing /usr/local/python/3.12.1/lib/python3.12/site-packages/airflow/example_dags/example_xcom.py took 0.065 seconds
[2026-05-07T00:04:39.439+0000] {processor.py:161} INFO - Started process (PID=34833) to work on /usr/local/python/3.12.1/lib/python3.12/site-packages/airflow/example_dags/example_xcom.py
[2026-05-07T00:04:39.440+0000] {processor.py:830} INFO - Processing file /usr/local/python/3.12.1/lib/python3.12/site-packages/airflow/example_dags/example_xcom.py for tasks to queue
[2026-05-07T00:04:39.441+0000] {logging_mixin.py:188} INFO - [2026-05-07T00:04:39.441+0000] {dagbag.py:545} INFO - Filling up the DagBag from /usr/local/python/3.12.1/lib/python3.12/site-packages/airflow/example_dags/example_xcom.py
[2026-05-07T00:04:39.450+0000] {processor.py:840} INFO - DAG(s) 'example_xcom' retrieved from /usr/local/python/3.12.1/lib/python3.12/site-packages/airflow/example_dags/example_xcom.py
[2026-05-07T00:04:39.466+0000] {logging_mixin.py:188} INFO - [2026-05-07T00:04:39.466+0000] {dag.py:3096} INFO - Sync 1 DAGs
[2026-05-07T00:04:39.481+0000] {logging_mixin.py:188} INFO - [2026-05-07T00:04:39.481+0000] {dag.py:3954} INFO - Setting next_dagrun for example_xcom to 2021-01-01 00:00:00+00:00, run_after=2021-01-01 00:00:00+00:00
[2026-05-07T00:04:39.498+0000] {processor.py:183} INFO - Processing /usr/local/python/3.12.1/lib/python3.12/site-packages/airflow/example_dags/example_xcom.py took 0.065 seconds
[2026-05-07T00:05:17.921+0000] {processor.py:161} INFO - Started process (PID=35023) to work on /usr/local/python/3.12.1/lib/python3.12/site-packages/airflow/example_dags/example_xcom.py
[2026-05-07T00:05:17.921+0000] {processor.py:830} INFO - Processing file /usr/local/python/3.12.1/lib/python3.12/site-packages/airflow/example_dags/example_xcom.py for tasks to queue
[2026-05-07T00:05:17.923+0000] {logging_mixin.py:188} INFO - [2026-05-07T00:05:17.922+0000] {dagbag.py:545} INFO - Filling up the DagBag from /usr/local/python/3.12.1/lib/python3.12/site-packages/airflow/example_dags/example_xcom.py
[2026-05-07T00:05:17.929+0000] {processor.py:840} INFO - DAG(s) 'example_xcom' retrieved from /usr/local/python/3.12.1/lib/python3.12/site-packages/airflow/example_dags/example_xcom.py
[2026-05-07T00:05:17.947+0000] {logging_mixin.py:188} INFO - [2026-05-07T00:05:17.946+0000] {dag.py:3096} INFO - Sync 1 DAGs
[2026-05-07T00:05:17.965+0000] {logging_mixin.py:188} INFO - [2026-05-07T00:05:17.964+0000] {dag.py:3954} INFO - Setting next_dagrun for example_xcom to 2021-01-01 00:00:00+00:00, run_after=2021-01-01 00:00:00+00:00
[2026-05-07T00:05:17.981+0000] {processor.py:183} INFO - Processing /usr/local/python/3.12.1/lib/python3.12/site-packages/airflow/example_dags/example_xcom.py took 0.066 seconds
[2026-05-07T00:05:54.096+0000] {processor.py:161} INFO - Started process (PID=35203) to work on /usr/local/python/3.12.1/lib/python3.12/site-packages/airflow/example_dags/example_xcom.py
[2026-05-07T00:05:54.097+0000] {processor.py:830} INFO - Processing file /usr/local/python/3.12.1/lib/python3.12/site-packages/airflow/example_dags/example_xcom.py for tasks to queue
[2026-05-07T00:05:54.098+0000] {logging_mixin.py:188} INFO - [2026-05-07T00:05:54.098+0000] {dagbag.py:545} INFO - Filling up the DagBag from /usr/local/python/3.12.1/lib/python3.12/site-packages/airflow/example_dags/example_xcom.py
[2026-05-07T00:05:54.105+0000] {processor.py:840} INFO - DAG(s) 'example_xcom' retrieved from /usr/local/python/3.12.1/lib/python3.12/site-packages/airflow/example_dags/example_xcom.py
[2026-05-07T00:05:54.119+0000] {logging_mixin.py:188} INFO - [2026-05-07T00:05:54.118+0000] {dag.py:3096} INFO - Sync 1 DAGs
[2026-05-07T00:05:54.134+0000] {logging_mixin.py:188} INFO - [2026-05-07T00:05:54.134+0000] {dag.py:3954} INFO - Setting next_dagrun for example_xcom to 2021-01-01 00:00:00+00:00, run_after=2021-01-01 00:00:00+00:00
[2026-05-07T00:05:54.155+0000] {processor.py:183} INFO - Processing /usr/local/python/3.12.1/lib/python3.12/site-packages/airflow/example_dags/example_xcom.py took 0.064 seconds
[2026-05-07T00:06:30.464+0000] {processor.py:161} INFO - Started process (PID=35374) to work on /usr/local/python/3.12.1/lib/python3.12/site-packages/airflow/example_dags/example_xcom.py
[2026-05-07T00:06:30.464+0000] {processor.py:830} INFO - Processing file /usr/local/python/3.12.1/lib/python3.12/site-packages/airflow/example_dags/example_xcom.py for tasks to queue
[2026-05-07T00:06:30.466+0000] {logging_mixin.py:188} INFO - [2026-05-07T00:06:30.465+0000] {dagbag.py:545} INFO - Filling up the DagBag from /usr/local/python/3.12.1/lib/python3.12/site-packages/airflow/example_dags/example_xcom.py
[2026-05-07T00:06:30.472+0000] {processor.py:840} INFO - DAG(s) 'example_xcom' retrieved from /usr/local/python/3.12.1/lib/python3.12/site-packages/airflow/example_dags/example_xcom.py
[2026-05-07T00:06:30.486+0000] {logging_mixin.py:188} INFO - [2026-05-07T00:06:30.486+0000] {dag.py:3096} INFO - Sync 1 DAGs
[2026-05-07T00:06:30.502+0000] {logging_mixin.py:188} INFO - [2026-05-07T00:06:30.501+0000] {dag.py:3954} INFO - Setting next_dagrun for example_xcom to 2021-01-01 00:00:00+00:00, run_after=2021-01-01 00:00:00+00:00
[2026-05-07T00:06:30.519+0000] {processor.py:183} INFO - Processing /usr/local/python/3.12.1/lib/python3.12/site-packages/airflow/example_dags/example_xcom.py took 0.061 seconds
[2026-05-07T00:07:07.768+0000] {processor.py:161} INFO - Started process (PID=35564) to work on /usr/local/python/3.12.1/lib/python3.12/site-packages/airflow/example_dags/example_xcom.py
[2026-05-07T00:07:07.769+0000] {processor.py:830} INFO - Processing file /usr/local/python/3.12.1/lib/python3.12/site-packages/airflow/example_dags/example_xcom.py for tasks to queue
[2026-05-07T00:07:07.770+0000] {logging_mixin.py:188} INFO - [2026-05-07T00:07:07.770+0000] {dagbag.py:545} INFO - Filling up the DagBag from /usr/local/python/3.12.1/lib/python3.12/site-packages/airflow/example_dags/example_xcom.py
[2026-05-07T00:07:07.777+0000] {processor.py:840} INFO - DAG(s) 'example_xcom' retrieved from /usr/local/python/3.12.1/lib/python3.12/site-packages/airflow/example_dags/example_xcom.py
[2026-05-07T00:07:07.791+0000] {logging_mixin.py:188} INFO - [2026-05-07T00:07:07.791+0000] {dag.py:3096} INFO - Sync 1 DAGs
[2026-05-07T00:07:07.806+0000] {logging_mixin.py:188} INFO - [2026-05-07T00:07:07.806+0000] {dag.py:3954} INFO - Setting next_dagrun for example_xcom to 2021-01-01 00:00:00+00:00, run_after=2021-01-01 00:00:00+00:00
[2026-05-07T00:07:07.822+0000] {processor.py:183} INFO - Processing /usr/local/python/3.12.1/lib/python3.12/site-packages/airflow/example_dags/example_xcom.py took 0.059 seconds
[2026-05-07T00:07:43.667+0000] {processor.py:161} INFO - Started process (PID=35729) to work on /usr/local/python/3.12.1/lib/python3.12/site-packages/airflow/example_dags/example_xcom.py
[2026-05-07T00:07:43.668+0000] {processor.py:830} INFO - Processing file /usr/local/python/3.12.1/lib/python3.12/site-packages/airflow/example_dags/example_xcom.py for tasks to queue
[2026-05-07T00:07:43.670+0000] {logging_mixin.py:188} INFO - [2026-05-07T00:07:43.670+0000] {dagbag.py:545} INFO - Filling up the DagBag from /usr/local/python/3.12.1/lib/python3.12/site-packages/airflow/example_dags/example_xcom.py
[2026-05-07T00:07:43.681+0000] {processor.py:840} INFO - DAG(s) 'example_xcom' retrieved from /usr/local/python/3.12.1/lib/python3.12/site-packages/airflow/example_dags/example_xcom.py
[2026-05-07T00:07:43.697+0000] {logging_mixin.py:188} INFO - [2026-05-07T00:07:43.697+0000] {dag.py:3096} INFO - Sync 1 DAGs
[2026-05-07T00:07:43.712+0000] {logging_mixin.py:188} INFO - [2026-05-07T00:07:43.712+0000] {dag.py:3954} INFO - Setting next_dagrun for example_xcom to 2021-01-01 00:00:00+00:00, run_after=2021-01-01 00:00:00+00:00
[2026-05-07T00:07:43.728+0000] {processor.py:183} INFO - Processing /usr/local/python/3.12.1/lib/python3.12/site-packages/airflow/example_dags/example_xcom.py took 0.070 seconds
