[2026-05-07T00:00:27.275+0000] {processor.py:161} INFO - Started process (PID=33591) to work on /usr/local/python/3.12.1/lib/python3.12/site-packages/airflow/example_dags/example_trigger_controller_dag.py
[2026-05-07T00:00:27.276+0000] {processor.py:830} INFO - Processing file /usr/local/python/3.12.1/lib/python3.12/site-packages/airflow/example_dags/example_trigger_controller_dag.py for tasks to queue
[2026-05-07T00:00:27.277+0000] {logging_mixin.py:188} INFO - [2026-05-07T00:00:27.277+0000] {dagbag.py:545} INFO - Filling up the DagBag from /usr/local/python/3.12.1/lib/python3.12/site-packages/airflow/example_dags/example_trigger_controller_dag.py
[2026-05-07T00:00:27.281+0000] {processor.py:840} INFO - DAG(s) 'example_trigger_controller_dag' retrieved from /usr/local/python/3.12.1/lib/python3.12/site-packages/airflow/example_dags/example_trigger_controller_dag.py
[2026-05-07T00:00:27.294+0000] {logging_mixin.py:188} INFO - [2026-05-07T00:00:27.294+0000] {dag.py:3096} INFO - Sync 1 DAGs
[2026-05-07T00:00:27.310+0000] {logging_mixin.py:188} INFO - [2026-05-07T00:00:27.310+0000] {dag.py:3954} INFO - Setting next_dagrun for example_trigger_controller_dag to 2021-01-01 00:00:00+00:00, run_after=2021-01-01 00:00:00+00:00
[2026-05-07T00:00:27.328+0000] {processor.py:183} INFO - Processing /usr/local/python/3.12.1/lib/python3.12/site-packages/airflow/example_dags/example_trigger_controller_dag.py took 0.058 seconds
[2026-05-07T00:01:03.365+0000] {processor.py:161} INFO - Started process (PID=33779) to work on /usr/local/python/3.12.1/lib/python3.12/site-packages/airflow/example_dags/example_trigger_controller_dag.py
[2026-05-07T00:01:03.366+0000] {processor.py:830} INFO - Processing file /usr/local/python/3.12.1/lib/python3.12/site-packages/airflow/example_dags/example_trigger_controller_dag.py for tasks to queue
[2026-05-07T00:01:03.368+0000] {logging_mixin.py:188} INFO - [2026-05-07T00:01:03.368+0000] {dagbag.py:545} INFO - Filling up the DagBag from /usr/local/python/3.12.1/lib/python3.12/site-packages/airflow/example_dags/example_trigger_controller_dag.py
[2026-05-07T00:01:03.375+0000] {processor.py:840} INFO - DAG(s) 'example_trigger_controller_dag' retrieved from /usr/local/python/3.12.1/lib/python3.12/site-packages/airflow/example_dags/example_trigger_controller_dag.py
[2026-05-07T00:01:03.394+0000] {logging_mixin.py:188} INFO - [2026-05-07T00:01:03.394+0000] {dag.py:3096} INFO - Sync 1 DAGs
[2026-05-07T00:01:03.415+0000] {logging_mixin.py:188} INFO - [2026-05-07T00:01:03.415+0000] {dag.py:3954} INFO - Setting next_dagrun for example_trigger_controller_dag to 2021-01-01 00:00:00+00:00, run_after=2021-01-01 00:00:00+00:00
[2026-05-07T00:01:03.431+0000] {processor.py:183} INFO - Processing /usr/local/python/3.12.1/lib/python3.12/site-packages/airflow/example_dags/example_trigger_controller_dag.py took 0.073 seconds
[2026-05-07T00:01:43.356+0000] {processor.py:161} INFO - Started process (PID=33972) to work on /usr/local/python/3.12.1/lib/python3.12/site-packages/airflow/example_dags/example_trigger_controller_dag.py
[2026-05-07T00:01:43.357+0000] {processor.py:830} INFO - Processing file /usr/local/python/3.12.1/lib/python3.12/site-packages/airflow/example_dags/example_trigger_controller_dag.py for tasks to queue
[2026-05-07T00:01:43.359+0000] {logging_mixin.py:188} INFO - [2026-05-07T00:01:43.358+0000] {dagbag.py:545} INFO - Filling up the DagBag from /usr/local/python/3.12.1/lib/python3.12/site-packages/airflow/example_dags/example_trigger_controller_dag.py
[2026-05-07T00:01:43.363+0000] {processor.py:840} INFO - DAG(s) 'example_trigger_controller_dag' retrieved from /usr/local/python/3.12.1/lib/python3.12/site-packages/airflow/example_dags/example_trigger_controller_dag.py
[2026-05-07T00:01:43.377+0000] {logging_mixin.py:188} INFO - [2026-05-07T00:01:43.376+0000] {dag.py:3096} INFO - Sync 1 DAGs
[2026-05-07T00:01:43.392+0000] {logging_mixin.py:188} INFO - [2026-05-07T00:01:43.392+0000] {dag.py:3954} INFO - Setting next_dagrun for example_trigger_controller_dag to 2021-01-01 00:00:00+00:00, run_after=2021-01-01 00:00:00+00:00
[2026-05-07T00:01:43.409+0000] {processor.py:183} INFO - Processing /usr/local/python/3.12.1/lib/python3.12/site-packages/airflow/example_dags/example_trigger_controller_dag.py took 0.061 seconds
[2026-05-07T00:02:21.717+0000] {processor.py:161} INFO - Started process (PID=34162) to work on /usr/local/python/3.12.1/lib/python3.12/site-packages/airflow/example_dags/example_trigger_controller_dag.py
[2026-05-07T00:02:21.718+0000] {processor.py:830} INFO - Processing file /usr/local/python/3.12.1/lib/python3.12/site-packages/airflow/example_dags/example_trigger_controller_dag.py for tasks to queue
[2026-05-07T00:02:21.719+0000] {logging_mixin.py:188} INFO - [2026-05-07T00:02:21.719+0000] {dagbag.py:545} INFO - Filling up the DagBag from /usr/local/python/3.12.1/lib/python3.12/site-packages/airflow/example_dags/example_trigger_controller_dag.py
[2026-05-07T00:02:21.724+0000] {processor.py:840} INFO - DAG(s) 'example_trigger_controller_dag' retrieved from /usr/local/python/3.12.1/lib/python3.12/site-packages/airflow/example_dags/example_trigger_controller_dag.py
[2026-05-07T00:02:21.738+0000] {logging_mixin.py:188} INFO - [2026-05-07T00:02:21.738+0000] {dag.py:3096} INFO - Sync 1 DAGs
[2026-05-07T00:02:21.758+0000] {logging_mixin.py:188} INFO - [2026-05-07T00:02:21.757+0000] {dag.py:3954} INFO - Setting next_dagrun for example_trigger_controller_dag to 2021-01-01 00:00:00+00:00, run_after=2021-01-01 00:00:00+00:00
[2026-05-07T00:02:21.781+0000] {processor.py:183} INFO - Processing /usr/local/python/3.12.1/lib/python3.12/site-packages/airflow/example_dags/example_trigger_controller_dag.py took 0.069 seconds
[2026-05-07T00:03:00.420+0000] {processor.py:161} INFO - Started process (PID=34335) to work on /usr/local/python/3.12.1/lib/python3.12/site-packages/airflow/example_dags/example_trigger_controller_dag.py
[2026-05-07T00:03:00.421+0000] {processor.py:830} INFO - Processing file /usr/local/python/3.12.1/lib/python3.12/site-packages/airflow/example_dags/example_trigger_controller_dag.py for tasks to queue
[2026-05-07T00:03:00.423+0000] {logging_mixin.py:188} INFO - [2026-05-07T00:03:00.422+0000] {dagbag.py:545} INFO - Filling up the DagBag from /usr/local/python/3.12.1/lib/python3.12/site-packages/airflow/example_dags/example_trigger_controller_dag.py
[2026-05-07T00:03:00.427+0000] {processor.py:840} INFO - DAG(s) 'example_trigger_controller_dag' retrieved from /usr/local/python/3.12.1/lib/python3.12/site-packages/airflow/example_dags/example_trigger_controller_dag.py
[2026-05-07T00:03:00.441+0000] {logging_mixin.py:188} INFO - [2026-05-07T00:03:00.440+0000] {dag.py:3096} INFO - Sync 1 DAGs
[2026-05-07T00:03:00.460+0000] {logging_mixin.py:188} INFO - [2026-05-07T00:03:00.460+0000] {dag.py:3954} INFO - Setting next_dagrun for example_trigger_controller_dag to 2021-01-01 00:00:00+00:00, run_after=2021-01-01 00:00:00+00:00
[2026-05-07T00:03:00.477+0000] {processor.py:183} INFO - Processing /usr/local/python/3.12.1/lib/python3.12/site-packages/airflow/example_dags/example_trigger_controller_dag.py took 0.061 seconds
[2026-05-07T00:03:37.711+0000] {processor.py:161} INFO - Started process (PID=34529) to work on /usr/local/python/3.12.1/lib/python3.12/site-packages/airflow/example_dags/example_trigger_controller_dag.py
[2026-05-07T00:03:37.712+0000] {processor.py:830} INFO - Processing file /usr/local/python/3.12.1/lib/python3.12/site-packages/airflow/example_dags/example_trigger_controller_dag.py for tasks to queue
[2026-05-07T00:03:37.713+0000] {logging_mixin.py:188} INFO - [2026-05-07T00:03:37.713+0000] {dagbag.py:545} INFO - Filling up the DagBag from /usr/local/python/3.12.1/lib/python3.12/site-packages/airflow/example_dags/example_trigger_controller_dag.py
[2026-05-07T00:03:37.718+0000] {processor.py:840} INFO - DAG(s) 'example_trigger_controller_dag' retrieved from /usr/local/python/3.12.1/lib/python3.12/site-packages/airflow/example_dags/example_trigger_controller_dag.py
[2026-05-07T00:03:37.730+0000] {logging_mixin.py:188} INFO - [2026-05-07T00:03:37.730+0000] {dag.py:3096} INFO - Sync 1 DAGs
[2026-05-07T00:03:37.749+0000] {logging_mixin.py:188} INFO - [2026-05-07T00:03:37.748+0000] {dag.py:3954} INFO - Setting next_dagrun for example_trigger_controller_dag to 2021-01-01 00:00:00+00:00, run_after=2021-01-01 00:00:00+00:00
[2026-05-07T00:03:37.767+0000] {processor.py:183} INFO - Processing /usr/local/python/3.12.1/lib/python3.12/site-packages/airflow/example_dags/example_trigger_controller_dag.py took 0.061 seconds
[2026-05-07T00:04:16.157+0000] {processor.py:161} INFO - Started process (PID=34720) to work on /usr/local/python/3.12.1/lib/python3.12/site-packages/airflow/example_dags/example_trigger_controller_dag.py
[2026-05-07T00:04:16.158+0000] {processor.py:830} INFO - Processing file /usr/local/python/3.12.1/lib/python3.12/site-packages/airflow/example_dags/example_trigger_controller_dag.py for tasks to queue
[2026-05-07T00:04:16.159+0000] {logging_mixin.py:188} INFO - [2026-05-07T00:04:16.159+0000] {dagbag.py:545} INFO - Filling up the DagBag from /usr/local/python/3.12.1/lib/python3.12/site-packages/airflow/example_dags/example_trigger_controller_dag.py
[2026-05-07T00:04:16.164+0000] {processor.py:840} INFO - DAG(s) 'example_trigger_controller_dag' retrieved from /usr/local/python/3.12.1/lib/python3.12/site-packages/airflow/example_dags/example_trigger_controller_dag.py
[2026-05-07T00:04:16.177+0000] {logging_mixin.py:188} INFO - [2026-05-07T00:04:16.176+0000] {dag.py:3096} INFO - Sync 1 DAGs
[2026-05-07T00:04:16.192+0000] {logging_mixin.py:188} INFO - [2026-05-07T00:04:16.191+0000] {dag.py:3954} INFO - Setting next_dagrun for example_trigger_controller_dag to 2021-01-01 00:00:00+00:00, run_after=2021-01-01 00:00:00+00:00
[2026-05-07T00:04:16.209+0000] {processor.py:183} INFO - Processing /usr/local/python/3.12.1/lib/python3.12/site-packages/airflow/example_dags/example_trigger_controller_dag.py took 0.058 seconds
[2026-05-07T00:04:53.962+0000] {processor.py:161} INFO - Started process (PID=34910) to work on /usr/local/python/3.12.1/lib/python3.12/site-packages/airflow/example_dags/example_trigger_controller_dag.py
[2026-05-07T00:04:53.962+0000] {processor.py:830} INFO - Processing file /usr/local/python/3.12.1/lib/python3.12/site-packages/airflow/example_dags/example_trigger_controller_dag.py for tasks to queue
[2026-05-07T00:04:53.964+0000] {logging_mixin.py:188} INFO - [2026-05-07T00:04:53.964+0000] {dagbag.py:545} INFO - Filling up the DagBag from /usr/local/python/3.12.1/lib/python3.12/site-packages/airflow/example_dags/example_trigger_controller_dag.py
[2026-05-07T00:04:53.968+0000] {processor.py:840} INFO - DAG(s) 'example_trigger_controller_dag' retrieved from /usr/local/python/3.12.1/lib/python3.12/site-packages/airflow/example_dags/example_trigger_controller_dag.py
[2026-05-07T00:04:53.981+0000] {logging_mixin.py:188} INFO - [2026-05-07T00:04:53.981+0000] {dag.py:3096} INFO - Sync 1 DAGs
[2026-05-07T00:04:53.995+0000] {logging_mixin.py:188} INFO - [2026-05-07T00:04:53.995+0000] {dag.py:3954} INFO - Setting next_dagrun for example_trigger_controller_dag to 2021-01-01 00:00:00+00:00, run_after=2021-01-01 00:00:00+00:00
[2026-05-07T00:04:54.012+0000] {processor.py:183} INFO - Processing /usr/local/python/3.12.1/lib/python3.12/site-packages/airflow/example_dags/example_trigger_controller_dag.py took 0.055 seconds
[2026-05-07T00:05:32.389+0000] {processor.py:161} INFO - Started process (PID=35082) to work on /usr/local/python/3.12.1/lib/python3.12/site-packages/airflow/example_dags/example_trigger_controller_dag.py
[2026-05-07T00:05:32.390+0000] {processor.py:830} INFO - Processing file /usr/local/python/3.12.1/lib/python3.12/site-packages/airflow/example_dags/example_trigger_controller_dag.py for tasks to queue
[2026-05-07T00:05:32.391+0000] {logging_mixin.py:188} INFO - [2026-05-07T00:05:32.391+0000] {dagbag.py:545} INFO - Filling up the DagBag from /usr/local/python/3.12.1/lib/python3.12/site-packages/airflow/example_dags/example_trigger_controller_dag.py
[2026-05-07T00:05:32.396+0000] {processor.py:840} INFO - DAG(s) 'example_trigger_controller_dag' retrieved from /usr/local/python/3.12.1/lib/python3.12/site-packages/airflow/example_dags/example_trigger_controller_dag.py
[2026-05-07T00:05:32.408+0000] {logging_mixin.py:188} INFO - [2026-05-07T00:05:32.408+0000] {dag.py:3096} INFO - Sync 1 DAGs
[2026-05-07T00:05:32.427+0000] {logging_mixin.py:188} INFO - [2026-05-07T00:05:32.427+0000] {dag.py:3954} INFO - Setting next_dagrun for example_trigger_controller_dag to 2021-01-01 00:00:00+00:00, run_after=2021-01-01 00:00:00+00:00
[2026-05-07T00:05:32.447+0000] {processor.py:183} INFO - Processing /usr/local/python/3.12.1/lib/python3.12/site-packages/airflow/example_dags/example_trigger_controller_dag.py took 0.062 seconds
[2026-05-07T00:06:07.363+0000] {processor.py:161} INFO - Started process (PID=35265) to work on /usr/local/python/3.12.1/lib/python3.12/site-packages/airflow/example_dags/example_trigger_controller_dag.py
[2026-05-07T00:06:07.364+0000] {processor.py:830} INFO - Processing file /usr/local/python/3.12.1/lib/python3.12/site-packages/airflow/example_dags/example_trigger_controller_dag.py for tasks to queue
[2026-05-07T00:06:07.365+0000] {logging_mixin.py:188} INFO - [2026-05-07T00:06:07.365+0000] {dagbag.py:545} INFO - Filling up the DagBag from /usr/local/python/3.12.1/lib/python3.12/site-packages/airflow/example_dags/example_trigger_controller_dag.py
[2026-05-07T00:06:07.370+0000] {processor.py:840} INFO - DAG(s) 'example_trigger_controller_dag' retrieved from /usr/local/python/3.12.1/lib/python3.12/site-packages/airflow/example_dags/example_trigger_controller_dag.py
[2026-05-07T00:06:07.382+0000] {logging_mixin.py:188} INFO - [2026-05-07T00:06:07.382+0000] {dag.py:3096} INFO - Sync 1 DAGs
[2026-05-07T00:06:07.397+0000] {logging_mixin.py:188} INFO - [2026-05-07T00:06:07.397+0000] {dag.py:3954} INFO - Setting next_dagrun for example_trigger_controller_dag to 2021-01-01 00:00:00+00:00, run_after=2021-01-01 00:00:00+00:00
[2026-05-07T00:06:07.413+0000] {processor.py:183} INFO - Processing /usr/local/python/3.12.1/lib/python3.12/site-packages/airflow/example_dags/example_trigger_controller_dag.py took 0.055 seconds
[2026-05-07T00:06:45.595+0000] {processor.py:161} INFO - Started process (PID=35457) to work on /usr/local/python/3.12.1/lib/python3.12/site-packages/airflow/example_dags/example_trigger_controller_dag.py
[2026-05-07T00:06:45.596+0000] {processor.py:830} INFO - Processing file /usr/local/python/3.12.1/lib/python3.12/site-packages/airflow/example_dags/example_trigger_controller_dag.py for tasks to queue
[2026-05-07T00:06:45.598+0000] {logging_mixin.py:188} INFO - [2026-05-07T00:06:45.597+0000] {dagbag.py:545} INFO - Filling up the DagBag from /usr/local/python/3.12.1/lib/python3.12/site-packages/airflow/example_dags/example_trigger_controller_dag.py
[2026-05-07T00:06:45.602+0000] {processor.py:840} INFO - DAG(s) 'example_trigger_controller_dag' retrieved from /usr/local/python/3.12.1/lib/python3.12/site-packages/airflow/example_dags/example_trigger_controller_dag.py
[2026-05-07T00:06:45.615+0000] {logging_mixin.py:188} INFO - [2026-05-07T00:06:45.615+0000] {dag.py:3096} INFO - Sync 1 DAGs
[2026-05-07T00:06:45.630+0000] {logging_mixin.py:188} INFO - [2026-05-07T00:06:45.630+0000] {dag.py:3954} INFO - Setting next_dagrun for example_trigger_controller_dag to 2021-01-01 00:00:00+00:00, run_after=2021-01-01 00:00:00+00:00
[2026-05-07T00:06:45.650+0000] {processor.py:183} INFO - Processing /usr/local/python/3.12.1/lib/python3.12/site-packages/airflow/example_dags/example_trigger_controller_dag.py took 0.060 seconds
[2026-05-07T00:07:22.588+0000] {processor.py:161} INFO - Started process (PID=35624) to work on /usr/local/python/3.12.1/lib/python3.12/site-packages/airflow/example_dags/example_trigger_controller_dag.py
[2026-05-07T00:07:22.589+0000] {processor.py:830} INFO - Processing file /usr/local/python/3.12.1/lib/python3.12/site-packages/airflow/example_dags/example_trigger_controller_dag.py for tasks to queue
[2026-05-07T00:07:22.590+0000] {logging_mixin.py:188} INFO - [2026-05-07T00:07:22.590+0000] {dagbag.py:545} INFO - Filling up the DagBag from /usr/local/python/3.12.1/lib/python3.12/site-packages/airflow/example_dags/example_trigger_controller_dag.py
[2026-05-07T00:07:22.594+0000] {processor.py:840} INFO - DAG(s) 'example_trigger_controller_dag' retrieved from /usr/local/python/3.12.1/lib/python3.12/site-packages/airflow/example_dags/example_trigger_controller_dag.py
[2026-05-07T00:07:22.607+0000] {logging_mixin.py:188} INFO - [2026-05-07T00:07:22.607+0000] {dag.py:3096} INFO - Sync 1 DAGs
[2026-05-07T00:07:22.622+0000] {logging_mixin.py:188} INFO - [2026-05-07T00:07:22.622+0000] {dag.py:3954} INFO - Setting next_dagrun for example_trigger_controller_dag to 2021-01-01 00:00:00+00:00, run_after=2021-01-01 00:00:00+00:00
[2026-05-07T00:07:22.640+0000] {processor.py:183} INFO - Processing /usr/local/python/3.12.1/lib/python3.12/site-packages/airflow/example_dags/example_trigger_controller_dag.py took 0.057 seconds
