[2026-05-07T00:00:32.407+0000] {processor.py:161} INFO - Started process (PID=33625) to work on /usr/local/python/3.12.1/lib/python3.12/site-packages/airflow/example_dags/example_setup_teardown_taskflow.py
[2026-05-07T00:00:32.408+0000] {processor.py:830} INFO - Processing file /usr/local/python/3.12.1/lib/python3.12/site-packages/airflow/example_dags/example_setup_teardown_taskflow.py for tasks to queue
[2026-05-07T00:00:32.410+0000] {logging_mixin.py:188} INFO - [2026-05-07T00:00:32.409+0000] {dagbag.py:545} INFO - Filling up the DagBag from /usr/local/python/3.12.1/lib/python3.12/site-packages/airflow/example_dags/example_setup_teardown_taskflow.py
[2026-05-07T00:00:32.418+0000] {processor.py:840} INFO - DAG(s) 'example_setup_teardown_taskflow' retrieved from /usr/local/python/3.12.1/lib/python3.12/site-packages/airflow/example_dags/example_setup_teardown_taskflow.py
[2026-05-07T00:00:32.432+0000] {logging_mixin.py:188} INFO - [2026-05-07T00:00:32.432+0000] {dag.py:3096} INFO - Sync 1 DAGs
[2026-05-07T00:00:32.450+0000] {logging_mixin.py:188} INFO - [2026-05-07T00:00:32.450+0000] {dag.py:3954} INFO - Setting next_dagrun for example_setup_teardown_taskflow to 2026-05-06 00:00:00+00:00, run_after=2026-05-07 00:00:00+00:00
[2026-05-07T00:00:32.471+0000] {processor.py:183} INFO - Processing /usr/local/python/3.12.1/lib/python3.12/site-packages/airflow/example_dags/example_setup_teardown_taskflow.py took 0.069 seconds
[2026-05-07T00:01:26.944+0000] {processor.py:161} INFO - Started process (PID=33885) to work on /usr/local/python/3.12.1/lib/python3.12/site-packages/airflow/example_dags/example_setup_teardown_taskflow.py
[2026-05-07T00:01:26.945+0000] {processor.py:830} INFO - Processing file /usr/local/python/3.12.1/lib/python3.12/site-packages/airflow/example_dags/example_setup_teardown_taskflow.py for tasks to queue
[2026-05-07T00:01:26.947+0000] {logging_mixin.py:188} INFO - [2026-05-07T00:01:26.947+0000] {dagbag.py:545} INFO - Filling up the DagBag from /usr/local/python/3.12.1/lib/python3.12/site-packages/airflow/example_dags/example_setup_teardown_taskflow.py
[2026-05-07T00:01:26.957+0000] {processor.py:840} INFO - DAG(s) 'example_setup_teardown_taskflow' retrieved from /usr/local/python/3.12.1/lib/python3.12/site-packages/airflow/example_dags/example_setup_teardown_taskflow.py
[2026-05-07T00:01:26.972+0000] {logging_mixin.py:188} INFO - [2026-05-07T00:01:26.972+0000] {dag.py:3096} INFO - Sync 1 DAGs
[2026-05-07T00:01:26.989+0000] {logging_mixin.py:188} INFO - [2026-05-07T00:01:26.989+0000] {dag.py:3954} INFO - Setting next_dagrun for example_setup_teardown_taskflow to 2026-05-06 00:00:00+00:00, run_after=2026-05-07 00:00:00+00:00
[2026-05-07T00:01:27.007+0000] {processor.py:183} INFO - Processing /usr/local/python/3.12.1/lib/python3.12/site-packages/airflow/example_dags/example_setup_teardown_taskflow.py took 0.069 seconds
[2026-05-07T00:02:07.488+0000] {processor.py:161} INFO - Started process (PID=34086) to work on /usr/local/python/3.12.1/lib/python3.12/site-packages/airflow/example_dags/example_setup_teardown_taskflow.py
[2026-05-07T00:02:07.488+0000] {processor.py:830} INFO - Processing file /usr/local/python/3.12.1/lib/python3.12/site-packages/airflow/example_dags/example_setup_teardown_taskflow.py for tasks to queue
[2026-05-07T00:02:07.490+0000] {logging_mixin.py:188} INFO - [2026-05-07T00:02:07.489+0000] {dagbag.py:545} INFO - Filling up the DagBag from /usr/local/python/3.12.1/lib/python3.12/site-packages/airflow/example_dags/example_setup_teardown_taskflow.py
[2026-05-07T00:02:07.497+0000] {processor.py:840} INFO - DAG(s) 'example_setup_teardown_taskflow' retrieved from /usr/local/python/3.12.1/lib/python3.12/site-packages/airflow/example_dags/example_setup_teardown_taskflow.py
[2026-05-07T00:02:07.512+0000] {logging_mixin.py:188} INFO - [2026-05-07T00:02:07.511+0000] {dag.py:3096} INFO - Sync 1 DAGs
[2026-05-07T00:02:07.527+0000] {logging_mixin.py:188} INFO - [2026-05-07T00:02:07.527+0000] {dag.py:3954} INFO - Setting next_dagrun for example_setup_teardown_taskflow to 2026-05-06 00:00:00+00:00, run_after=2026-05-07 00:00:00+00:00
[2026-05-07T00:02:07.546+0000] {processor.py:183} INFO - Processing /usr/local/python/3.12.1/lib/python3.12/site-packages/airflow/example_dags/example_setup_teardown_taskflow.py took 0.063 seconds
[2026-05-07T00:02:45.041+0000] {processor.py:161} INFO - Started process (PID=34273) to work on /usr/local/python/3.12.1/lib/python3.12/site-packages/airflow/example_dags/example_setup_teardown_taskflow.py
[2026-05-07T00:02:45.042+0000] {processor.py:830} INFO - Processing file /usr/local/python/3.12.1/lib/python3.12/site-packages/airflow/example_dags/example_setup_teardown_taskflow.py for tasks to queue
[2026-05-07T00:02:45.044+0000] {logging_mixin.py:188} INFO - [2026-05-07T00:02:45.044+0000] {dagbag.py:545} INFO - Filling up the DagBag from /usr/local/python/3.12.1/lib/python3.12/site-packages/airflow/example_dags/example_setup_teardown_taskflow.py
[2026-05-07T00:02:45.054+0000] {processor.py:840} INFO - DAG(s) 'example_setup_teardown_taskflow' retrieved from /usr/local/python/3.12.1/lib/python3.12/site-packages/airflow/example_dags/example_setup_teardown_taskflow.py
[2026-05-07T00:02:45.070+0000] {logging_mixin.py:188} INFO - [2026-05-07T00:02:45.069+0000] {dag.py:3096} INFO - Sync 1 DAGs
[2026-05-07T00:02:45.085+0000] {logging_mixin.py:188} INFO - [2026-05-07T00:02:45.085+0000] {dag.py:3954} INFO - Setting next_dagrun for example_setup_teardown_taskflow to 2026-05-06 00:00:00+00:00, run_after=2026-05-07 00:00:00+00:00
[2026-05-07T00:02:45.102+0000] {processor.py:183} INFO - Processing /usr/local/python/3.12.1/lib/python3.12/site-packages/airflow/example_dags/example_setup_teardown_taskflow.py took 0.067 seconds
[2026-05-07T00:03:24.161+0000] {processor.py:161} INFO - Started process (PID=34469) to work on /usr/local/python/3.12.1/lib/python3.12/site-packages/airflow/example_dags/example_setup_teardown_taskflow.py
[2026-05-07T00:03:24.162+0000] {processor.py:830} INFO - Processing file /usr/local/python/3.12.1/lib/python3.12/site-packages/airflow/example_dags/example_setup_teardown_taskflow.py for tasks to queue
[2026-05-07T00:03:24.164+0000] {logging_mixin.py:188} INFO - [2026-05-07T00:03:24.164+0000] {dagbag.py:545} INFO - Filling up the DagBag from /usr/local/python/3.12.1/lib/python3.12/site-packages/airflow/example_dags/example_setup_teardown_taskflow.py
[2026-05-07T00:03:24.173+0000] {processor.py:840} INFO - DAG(s) 'example_setup_teardown_taskflow' retrieved from /usr/local/python/3.12.1/lib/python3.12/site-packages/airflow/example_dags/example_setup_teardown_taskflow.py
[2026-05-07T00:03:24.187+0000] {logging_mixin.py:188} INFO - [2026-05-07T00:03:24.187+0000] {dag.py:3096} INFO - Sync 1 DAGs
[2026-05-07T00:03:24.203+0000] {logging_mixin.py:188} INFO - [2026-05-07T00:03:24.203+0000] {dag.py:3954} INFO - Setting next_dagrun for example_setup_teardown_taskflow to 2026-05-06 00:00:00+00:00, run_after=2026-05-07 00:00:00+00:00
[2026-05-07T00:03:24.222+0000] {processor.py:183} INFO - Processing /usr/local/python/3.12.1/lib/python3.12/site-packages/airflow/example_dags/example_setup_teardown_taskflow.py took 0.066 seconds
[2026-05-07T00:04:01.232+0000] {processor.py:161} INFO - Started process (PID=34642) to work on /usr/local/python/3.12.1/lib/python3.12/site-packages/airflow/example_dags/example_setup_teardown_taskflow.py
[2026-05-07T00:04:01.233+0000] {processor.py:830} INFO - Processing file /usr/local/python/3.12.1/lib/python3.12/site-packages/airflow/example_dags/example_setup_teardown_taskflow.py for tasks to queue
[2026-05-07T00:04:01.235+0000] {logging_mixin.py:188} INFO - [2026-05-07T00:04:01.234+0000] {dagbag.py:545} INFO - Filling up the DagBag from /usr/local/python/3.12.1/lib/python3.12/site-packages/airflow/example_dags/example_setup_teardown_taskflow.py
[2026-05-07T00:04:01.255+0000] {processor.py:840} INFO - DAG(s) 'example_setup_teardown_taskflow' retrieved from /usr/local/python/3.12.1/lib/python3.12/site-packages/airflow/example_dags/example_setup_teardown_taskflow.py
[2026-05-07T00:04:01.280+0000] {logging_mixin.py:188} INFO - [2026-05-07T00:04:01.279+0000] {dag.py:3096} INFO - Sync 1 DAGs
[2026-05-07T00:04:01.308+0000] {logging_mixin.py:188} INFO - [2026-05-07T00:04:01.308+0000] {dag.py:3954} INFO - Setting next_dagrun for example_setup_teardown_taskflow to 2026-05-06 00:00:00+00:00, run_after=2026-05-07 00:00:00+00:00
[2026-05-07T00:04:01.335+0000] {processor.py:183} INFO - Processing /usr/local/python/3.12.1/lib/python3.12/site-packages/airflow/example_dags/example_setup_teardown_taskflow.py took 0.107 seconds
[2026-05-07T00:04:39.838+0000] {processor.py:161} INFO - Started process (PID=34835) to work on /usr/local/python/3.12.1/lib/python3.12/site-packages/airflow/example_dags/example_setup_teardown_taskflow.py
[2026-05-07T00:04:39.839+0000] {processor.py:830} INFO - Processing file /usr/local/python/3.12.1/lib/python3.12/site-packages/airflow/example_dags/example_setup_teardown_taskflow.py for tasks to queue
[2026-05-07T00:04:39.840+0000] {logging_mixin.py:188} INFO - [2026-05-07T00:04:39.840+0000] {dagbag.py:545} INFO - Filling up the DagBag from /usr/local/python/3.12.1/lib/python3.12/site-packages/airflow/example_dags/example_setup_teardown_taskflow.py
[2026-05-07T00:04:39.850+0000] {processor.py:840} INFO - DAG(s) 'example_setup_teardown_taskflow' retrieved from /usr/local/python/3.12.1/lib/python3.12/site-packages/airflow/example_dags/example_setup_teardown_taskflow.py
[2026-05-07T00:04:39.866+0000] {logging_mixin.py:188} INFO - [2026-05-07T00:04:39.866+0000] {dag.py:3096} INFO - Sync 1 DAGs
[2026-05-07T00:04:39.882+0000] {logging_mixin.py:188} INFO - [2026-05-07T00:04:39.881+0000] {dag.py:3954} INFO - Setting next_dagrun for example_setup_teardown_taskflow to 2026-05-06 00:00:00+00:00, run_after=2026-05-07 00:00:00+00:00
[2026-05-07T00:04:39.900+0000] {processor.py:183} INFO - Processing /usr/local/python/3.12.1/lib/python3.12/site-packages/airflow/example_dags/example_setup_teardown_taskflow.py took 0.068 seconds
[2026-05-07T00:05:19.056+0000] {processor.py:161} INFO - Started process (PID=35025) to work on /usr/local/python/3.12.1/lib/python3.12/site-packages/airflow/example_dags/example_setup_teardown_taskflow.py
[2026-05-07T00:05:19.057+0000] {processor.py:830} INFO - Processing file /usr/local/python/3.12.1/lib/python3.12/site-packages/airflow/example_dags/example_setup_teardown_taskflow.py for tasks to queue
[2026-05-07T00:05:19.058+0000] {logging_mixin.py:188} INFO - [2026-05-07T00:05:19.058+0000] {dagbag.py:545} INFO - Filling up the DagBag from /usr/local/python/3.12.1/lib/python3.12/site-packages/airflow/example_dags/example_setup_teardown_taskflow.py
[2026-05-07T00:05:19.066+0000] {processor.py:840} INFO - DAG(s) 'example_setup_teardown_taskflow' retrieved from /usr/local/python/3.12.1/lib/python3.12/site-packages/airflow/example_dags/example_setup_teardown_taskflow.py
[2026-05-07T00:05:19.081+0000] {logging_mixin.py:188} INFO - [2026-05-07T00:05:19.081+0000] {dag.py:3096} INFO - Sync 1 DAGs
[2026-05-07T00:05:19.097+0000] {logging_mixin.py:188} INFO - [2026-05-07T00:05:19.096+0000] {dag.py:3954} INFO - Setting next_dagrun for example_setup_teardown_taskflow to 2026-05-06 00:00:00+00:00, run_after=2026-05-07 00:00:00+00:00
[2026-05-07T00:05:19.114+0000] {processor.py:183} INFO - Processing /usr/local/python/3.12.1/lib/python3.12/site-packages/airflow/example_dags/example_setup_teardown_taskflow.py took 0.064 seconds
[2026-05-07T00:06:10.689+0000] {processor.py:161} INFO - Started process (PID=35272) to work on /usr/local/python/3.12.1/lib/python3.12/site-packages/airflow/example_dags/example_setup_teardown_taskflow.py
[2026-05-07T00:06:10.690+0000] {processor.py:830} INFO - Processing file /usr/local/python/3.12.1/lib/python3.12/site-packages/airflow/example_dags/example_setup_teardown_taskflow.py for tasks to queue
[2026-05-07T00:06:10.692+0000] {logging_mixin.py:188} INFO - [2026-05-07T00:06:10.691+0000] {dagbag.py:545} INFO - Filling up the DagBag from /usr/local/python/3.12.1/lib/python3.12/site-packages/airflow/example_dags/example_setup_teardown_taskflow.py
[2026-05-07T00:06:10.699+0000] {processor.py:840} INFO - DAG(s) 'example_setup_teardown_taskflow' retrieved from /usr/local/python/3.12.1/lib/python3.12/site-packages/airflow/example_dags/example_setup_teardown_taskflow.py
[2026-05-07T00:06:10.713+0000] {logging_mixin.py:188} INFO - [2026-05-07T00:06:10.713+0000] {dag.py:3096} INFO - Sync 1 DAGs
[2026-05-07T00:06:10.728+0000] {logging_mixin.py:188} INFO - [2026-05-07T00:06:10.728+0000] {dag.py:3954} INFO - Setting next_dagrun for example_setup_teardown_taskflow to 2026-05-06 00:00:00+00:00, run_after=2026-05-07 00:00:00+00:00
[2026-05-07T00:06:10.754+0000] {processor.py:183} INFO - Processing /usr/local/python/3.12.1/lib/python3.12/site-packages/airflow/example_dags/example_setup_teardown_taskflow.py took 0.069 seconds
[2026-05-07T00:06:49.481+0000] {processor.py:161} INFO - Started process (PID=35465) to work on /usr/local/python/3.12.1/lib/python3.12/site-packages/airflow/example_dags/example_setup_teardown_taskflow.py
[2026-05-07T00:06:49.482+0000] {processor.py:830} INFO - Processing file /usr/local/python/3.12.1/lib/python3.12/site-packages/airflow/example_dags/example_setup_teardown_taskflow.py for tasks to queue
[2026-05-07T00:06:49.484+0000] {logging_mixin.py:188} INFO - [2026-05-07T00:06:49.483+0000] {dagbag.py:545} INFO - Filling up the DagBag from /usr/local/python/3.12.1/lib/python3.12/site-packages/airflow/example_dags/example_setup_teardown_taskflow.py
[2026-05-07T00:06:49.491+0000] {processor.py:840} INFO - DAG(s) 'example_setup_teardown_taskflow' retrieved from /usr/local/python/3.12.1/lib/python3.12/site-packages/airflow/example_dags/example_setup_teardown_taskflow.py
[2026-05-07T00:06:49.506+0000] {logging_mixin.py:188} INFO - [2026-05-07T00:06:49.505+0000] {dag.py:3096} INFO - Sync 1 DAGs
[2026-05-07T00:06:49.521+0000] {logging_mixin.py:188} INFO - [2026-05-07T00:06:49.521+0000] {dag.py:3954} INFO - Setting next_dagrun for example_setup_teardown_taskflow to 2026-05-06 00:00:00+00:00, run_after=2026-05-07 00:00:00+00:00
[2026-05-07T00:06:49.540+0000] {processor.py:183} INFO - Processing /usr/local/python/3.12.1/lib/python3.12/site-packages/airflow/example_dags/example_setup_teardown_taskflow.py took 0.063 seconds
[2026-05-07T00:07:26.297+0000] {processor.py:161} INFO - Started process (PID=35658) to work on /usr/local/python/3.12.1/lib/python3.12/site-packages/airflow/example_dags/example_setup_teardown_taskflow.py
[2026-05-07T00:07:26.298+0000] {processor.py:830} INFO - Processing file /usr/local/python/3.12.1/lib/python3.12/site-packages/airflow/example_dags/example_setup_teardown_taskflow.py for tasks to queue
[2026-05-07T00:07:26.300+0000] {logging_mixin.py:188} INFO - [2026-05-07T00:07:26.299+0000] {dagbag.py:545} INFO - Filling up the DagBag from /usr/local/python/3.12.1/lib/python3.12/site-packages/airflow/example_dags/example_setup_teardown_taskflow.py
[2026-05-07T00:07:26.308+0000] {processor.py:840} INFO - DAG(s) 'example_setup_teardown_taskflow' retrieved from /usr/local/python/3.12.1/lib/python3.12/site-packages/airflow/example_dags/example_setup_teardown_taskflow.py
[2026-05-07T00:07:26.322+0000] {logging_mixin.py:188} INFO - [2026-05-07T00:07:26.322+0000] {dag.py:3096} INFO - Sync 1 DAGs
[2026-05-07T00:07:26.338+0000] {logging_mixin.py:188} INFO - [2026-05-07T00:07:26.337+0000] {dag.py:3954} INFO - Setting next_dagrun for example_setup_teardown_taskflow to 2026-05-06 00:00:00+00:00, run_after=2026-05-07 00:00:00+00:00
[2026-05-07T00:07:26.358+0000] {processor.py:183} INFO - Processing /usr/local/python/3.12.1/lib/python3.12/site-packages/airflow/example_dags/example_setup_teardown_taskflow.py took 0.066 seconds
