[2026-05-07T00:00:55.097+0000] {processor.py:161} INFO - Started process (PID=33731) to work on /usr/local/python/3.12.1/lib/python3.12/site-packages/airflow/example_dags/example_datasets.py
[2026-05-07T00:00:55.097+0000] {processor.py:830} INFO - Processing file /usr/local/python/3.12.1/lib/python3.12/site-packages/airflow/example_dags/example_datasets.py for tasks to queue
[2026-05-07T00:00:55.099+0000] {logging_mixin.py:188} INFO - [2026-05-07T00:00:55.098+0000] {dagbag.py:545} INFO - Filling up the DagBag from /usr/local/python/3.12.1/lib/python3.12/site-packages/airflow/example_dags/example_datasets.py
[2026-05-07T00:00:55.109+0000] {processor.py:840} INFO - DAG(s) 'dataset_consumes_1', 'dataset_produces_1', 'dataset_consumes_1_never_scheduled', 'consume_1_or_both_2_and_3_with_dataset_expressions', 'dataset_consumes_unknown_never_scheduled', 'consume_1_or_2_with_dataset_expressions', 'dataset_consumes_1_and_2', 'dataset_produces_2', 'conditional_dataset_and_time_based_timetable', 'consume_1_and_2_with_dataset_expressions' retrieved from /usr/local/python/3.12.1/lib/python3.12/site-packages/airflow/example_dags/example_datasets.py
[2026-05-07T00:00:55.153+0000] {logging_mixin.py:188} INFO - [2026-05-07T00:00:55.153+0000] {dag.py:3096} INFO - Sync 10 DAGs
[2026-05-07T00:00:55.192+0000] {logging_mixin.py:188} INFO - [2026-05-07T00:00:55.192+0000] {dag.py:3954} INFO - Setting next_dagrun for conditional_dataset_and_time_based_timetable to 2026-05-06 01:00:00+00:00, run_after=2026-05-06 01:00:00+00:00
[2026-05-07T00:00:55.199+0000] {logging_mixin.py:188} INFO - [2026-05-07T00:00:55.198+0000] {dag.py:3954} INFO - Setting next_dagrun for consume_1_and_2_with_dataset_expressions to None, run_after=None
[2026-05-07T00:00:55.200+0000] {logging_mixin.py:188} INFO - [2026-05-07T00:00:55.200+0000] {dag.py:3954} INFO - Setting next_dagrun for consume_1_or_2_with_dataset_expressions to None, run_after=None
[2026-05-07T00:00:55.205+0000] {logging_mixin.py:188} INFO - [2026-05-07T00:00:55.204+0000] {dag.py:3954} INFO - Setting next_dagrun for consume_1_or_both_2_and_3_with_dataset_expressions to None, run_after=None
[2026-05-07T00:00:55.207+0000] {logging_mixin.py:188} INFO - [2026-05-07T00:00:55.206+0000] {dag.py:3954} INFO - Setting next_dagrun for dataset_consumes_1 to None, run_after=None
[2026-05-07T00:00:55.210+0000] {logging_mixin.py:188} INFO - [2026-05-07T00:00:55.208+0000] {dag.py:3954} INFO - Setting next_dagrun for dataset_consumes_1_and_2 to None, run_after=None
[2026-05-07T00:00:55.211+0000] {logging_mixin.py:188} INFO - [2026-05-07T00:00:55.211+0000] {dag.py:3954} INFO - Setting next_dagrun for dataset_consumes_1_never_scheduled to None, run_after=None
[2026-05-07T00:00:55.212+0000] {logging_mixin.py:188} INFO - [2026-05-07T00:00:55.212+0000] {dag.py:3954} INFO - Setting next_dagrun for dataset_consumes_unknown_never_scheduled to None, run_after=None
[2026-05-07T00:00:55.216+0000] {logging_mixin.py:188} INFO - [2026-05-07T00:00:55.216+0000] {dag.py:3954} INFO - Setting next_dagrun for dataset_produces_1 to 2026-05-06 00:00:00+00:00, run_after=2026-05-07 00:00:00+00:00
[2026-05-07T00:00:55.217+0000] {logging_mixin.py:188} INFO - [2026-05-07T00:00:55.217+0000] {dag.py:3954} INFO - Setting next_dagrun for dataset_produces_2 to None, run_after=None
[2026-05-07T00:00:55.287+0000] {processor.py:183} INFO - Processing /usr/local/python/3.12.1/lib/python3.12/site-packages/airflow/example_dags/example_datasets.py took 0.196 seconds
[2026-05-07T00:01:54.785+0000] {processor.py:161} INFO - Started process (PID=34024) to work on /usr/local/python/3.12.1/lib/python3.12/site-packages/airflow/example_dags/example_datasets.py
[2026-05-07T00:01:54.786+0000] {processor.py:830} INFO - Processing file /usr/local/python/3.12.1/lib/python3.12/site-packages/airflow/example_dags/example_datasets.py for tasks to queue
[2026-05-07T00:01:54.788+0000] {logging_mixin.py:188} INFO - [2026-05-07T00:01:54.787+0000] {dagbag.py:545} INFO - Filling up the DagBag from /usr/local/python/3.12.1/lib/python3.12/site-packages/airflow/example_dags/example_datasets.py
[2026-05-07T00:01:54.798+0000] {processor.py:840} INFO - DAG(s) 'dataset_produces_2', 'consume_1_and_2_with_dataset_expressions', 'dataset_produces_1', 'consume_1_or_both_2_and_3_with_dataset_expressions', 'dataset_consumes_1', 'dataset_consumes_1_and_2', 'consume_1_or_2_with_dataset_expressions', 'dataset_consumes_1_never_scheduled', 'dataset_consumes_unknown_never_scheduled', 'conditional_dataset_and_time_based_timetable' retrieved from /usr/local/python/3.12.1/lib/python3.12/site-packages/airflow/example_dags/example_datasets.py
[2026-05-07T00:01:54.827+0000] {logging_mixin.py:188} INFO - [2026-05-07T00:01:54.827+0000] {dag.py:3096} INFO - Sync 10 DAGs
[2026-05-07T00:01:54.850+0000] {logging_mixin.py:188} INFO - [2026-05-07T00:01:54.850+0000] {dag.py:3954} INFO - Setting next_dagrun for conditional_dataset_and_time_based_timetable to 2026-05-06 01:00:00+00:00, run_after=2026-05-06 01:00:00+00:00
[2026-05-07T00:01:54.855+0000] {logging_mixin.py:188} INFO - [2026-05-07T00:01:54.854+0000] {dag.py:3954} INFO - Setting next_dagrun for consume_1_and_2_with_dataset_expressions to None, run_after=None
[2026-05-07T00:01:54.856+0000] {logging_mixin.py:188} INFO - [2026-05-07T00:01:54.856+0000] {dag.py:3954} INFO - Setting next_dagrun for consume_1_or_2_with_dataset_expressions to None, run_after=None
[2026-05-07T00:01:54.856+0000] {logging_mixin.py:188} INFO - [2026-05-07T00:01:54.856+0000] {dag.py:3954} INFO - Setting next_dagrun for consume_1_or_both_2_and_3_with_dataset_expressions to None, run_after=None
[2026-05-07T00:01:54.857+0000] {logging_mixin.py:188} INFO - [2026-05-07T00:01:54.857+0000] {dag.py:3954} INFO - Setting next_dagrun for dataset_consumes_1 to None, run_after=None
[2026-05-07T00:01:54.858+0000] {logging_mixin.py:188} INFO - [2026-05-07T00:01:54.858+0000] {dag.py:3954} INFO - Setting next_dagrun for dataset_consumes_1_and_2 to None, run_after=None
[2026-05-07T00:01:54.859+0000] {logging_mixin.py:188} INFO - [2026-05-07T00:01:54.858+0000] {dag.py:3954} INFO - Setting next_dagrun for dataset_consumes_1_never_scheduled to None, run_after=None
[2026-05-07T00:01:54.859+0000] {logging_mixin.py:188} INFO - [2026-05-07T00:01:54.859+0000] {dag.py:3954} INFO - Setting next_dagrun for dataset_consumes_unknown_never_scheduled to None, run_after=None
[2026-05-07T00:01:54.861+0000] {logging_mixin.py:188} INFO - [2026-05-07T00:01:54.861+0000] {dag.py:3954} INFO - Setting next_dagrun for dataset_produces_1 to 2026-05-06 00:00:00+00:00, run_after=2026-05-07 00:00:00+00:00
[2026-05-07T00:01:54.862+0000] {logging_mixin.py:188} INFO - [2026-05-07T00:01:54.861+0000] {dag.py:3954} INFO - Setting next_dagrun for dataset_produces_2 to None, run_after=None
[2026-05-07T00:01:54.886+0000] {processor.py:183} INFO - Processing /usr/local/python/3.12.1/lib/python3.12/site-packages/airflow/example_dags/example_datasets.py took 0.105 seconds
[2026-05-07T00:02:52.457+0000] {processor.py:161} INFO - Started process (PID=34312) to work on /usr/local/python/3.12.1/lib/python3.12/site-packages/airflow/example_dags/example_datasets.py
[2026-05-07T00:02:52.458+0000] {processor.py:830} INFO - Processing file /usr/local/python/3.12.1/lib/python3.12/site-packages/airflow/example_dags/example_datasets.py for tasks to queue
[2026-05-07T00:02:52.460+0000] {logging_mixin.py:188} INFO - [2026-05-07T00:02:52.459+0000] {dagbag.py:545} INFO - Filling up the DagBag from /usr/local/python/3.12.1/lib/python3.12/site-packages/airflow/example_dags/example_datasets.py
[2026-05-07T00:02:52.470+0000] {processor.py:840} INFO - DAG(s) 'dataset_consumes_1_and_2', 'dataset_produces_1', 'conditional_dataset_and_time_based_timetable', 'consume_1_and_2_with_dataset_expressions', 'dataset_consumes_unknown_never_scheduled', 'dataset_consumes_1_never_scheduled', 'dataset_produces_2', 'consume_1_or_both_2_and_3_with_dataset_expressions', 'consume_1_or_2_with_dataset_expressions', 'dataset_consumes_1' retrieved from /usr/local/python/3.12.1/lib/python3.12/site-packages/airflow/example_dags/example_datasets.py
[2026-05-07T00:02:52.502+0000] {logging_mixin.py:188} INFO - [2026-05-07T00:02:52.502+0000] {dag.py:3096} INFO - Sync 10 DAGs
[2026-05-07T00:02:52.520+0000] {logging_mixin.py:188} INFO - [2026-05-07T00:02:52.520+0000] {dag.py:3954} INFO - Setting next_dagrun for conditional_dataset_and_time_based_timetable to 2026-05-06 01:00:00+00:00, run_after=2026-05-06 01:00:00+00:00
[2026-05-07T00:02:52.523+0000] {logging_mixin.py:188} INFO - [2026-05-07T00:02:52.522+0000] {dag.py:3954} INFO - Setting next_dagrun for consume_1_and_2_with_dataset_expressions to None, run_after=None
[2026-05-07T00:02:52.523+0000] {logging_mixin.py:188} INFO - [2026-05-07T00:02:52.523+0000] {dag.py:3954} INFO - Setting next_dagrun for consume_1_or_2_with_dataset_expressions to None, run_after=None
[2026-05-07T00:02:52.524+0000] {logging_mixin.py:188} INFO - [2026-05-07T00:02:52.524+0000] {dag.py:3954} INFO - Setting next_dagrun for consume_1_or_both_2_and_3_with_dataset_expressions to None, run_after=None
[2026-05-07T00:02:52.525+0000] {logging_mixin.py:188} INFO - [2026-05-07T00:02:52.525+0000] {dag.py:3954} INFO - Setting next_dagrun for dataset_consumes_1 to None, run_after=None
[2026-05-07T00:02:52.525+0000] {logging_mixin.py:188} INFO - [2026-05-07T00:02:52.525+0000] {dag.py:3954} INFO - Setting next_dagrun for dataset_consumes_1_and_2 to None, run_after=None
[2026-05-07T00:02:52.526+0000] {logging_mixin.py:188} INFO - [2026-05-07T00:02:52.526+0000] {dag.py:3954} INFO - Setting next_dagrun for dataset_consumes_1_never_scheduled to None, run_after=None
[2026-05-07T00:02:52.527+0000] {logging_mixin.py:188} INFO - [2026-05-07T00:02:52.527+0000] {dag.py:3954} INFO - Setting next_dagrun for dataset_consumes_unknown_never_scheduled to None, run_after=None
[2026-05-07T00:02:52.528+0000] {logging_mixin.py:188} INFO - [2026-05-07T00:02:52.528+0000] {dag.py:3954} INFO - Setting next_dagrun for dataset_produces_1 to 2026-05-06 00:00:00+00:00, run_after=2026-05-07 00:00:00+00:00
[2026-05-07T00:02:52.529+0000] {logging_mixin.py:188} INFO - [2026-05-07T00:02:52.529+0000] {dag.py:3954} INFO - Setting next_dagrun for dataset_produces_2 to None, run_after=None
[2026-05-07T00:02:52.558+0000] {processor.py:183} INFO - Processing /usr/local/python/3.12.1/lib/python3.12/site-packages/airflow/example_dags/example_datasets.py took 0.106 seconds
[2026-05-07T00:03:46.964+0000] {processor.py:161} INFO - Started process (PID=34578) to work on /usr/local/python/3.12.1/lib/python3.12/site-packages/airflow/example_dags/example_datasets.py
[2026-05-07T00:03:46.965+0000] {processor.py:830} INFO - Processing file /usr/local/python/3.12.1/lib/python3.12/site-packages/airflow/example_dags/example_datasets.py for tasks to queue
[2026-05-07T00:03:46.966+0000] {logging_mixin.py:188} INFO - [2026-05-07T00:03:46.966+0000] {dagbag.py:545} INFO - Filling up the DagBag from /usr/local/python/3.12.1/lib/python3.12/site-packages/airflow/example_dags/example_datasets.py
[2026-05-07T00:03:46.976+0000] {processor.py:840} INFO - DAG(s) 'consume_1_or_both_2_and_3_with_dataset_expressions', 'dataset_consumes_1_never_scheduled', 'dataset_consumes_1_and_2', 'consume_1_or_2_with_dataset_expressions', 'dataset_produces_1', 'dataset_produces_2', 'consume_1_and_2_with_dataset_expressions', 'dataset_consumes_1', 'conditional_dataset_and_time_based_timetable', 'dataset_consumes_unknown_never_scheduled' retrieved from /usr/local/python/3.12.1/lib/python3.12/site-packages/airflow/example_dags/example_datasets.py
[2026-05-07T00:03:47.004+0000] {logging_mixin.py:188} INFO - [2026-05-07T00:03:47.004+0000] {dag.py:3096} INFO - Sync 10 DAGs
[2026-05-07T00:03:47.022+0000] {logging_mixin.py:188} INFO - [2026-05-07T00:03:47.022+0000] {dag.py:3954} INFO - Setting next_dagrun for conditional_dataset_and_time_based_timetable to 2026-05-06 01:00:00+00:00, run_after=2026-05-06 01:00:00+00:00
[2026-05-07T00:03:47.024+0000] {logging_mixin.py:188} INFO - [2026-05-07T00:03:47.024+0000] {dag.py:3954} INFO - Setting next_dagrun for consume_1_and_2_with_dataset_expressions to None, run_after=None
[2026-05-07T00:03:47.025+0000] {logging_mixin.py:188} INFO - [2026-05-07T00:03:47.025+0000] {dag.py:3954} INFO - Setting next_dagrun for consume_1_or_2_with_dataset_expressions to None, run_after=None
[2026-05-07T00:03:47.026+0000] {logging_mixin.py:188} INFO - [2026-05-07T00:03:47.026+0000] {dag.py:3954} INFO - Setting next_dagrun for consume_1_or_both_2_and_3_with_dataset_expressions to None, run_after=None
[2026-05-07T00:03:47.027+0000] {logging_mixin.py:188} INFO - [2026-05-07T00:03:47.027+0000] {dag.py:3954} INFO - Setting next_dagrun for dataset_consumes_1 to None, run_after=None
[2026-05-07T00:03:47.027+0000] {logging_mixin.py:188} INFO - [2026-05-07T00:03:47.027+0000] {dag.py:3954} INFO - Setting next_dagrun for dataset_consumes_1_and_2 to None, run_after=None
[2026-05-07T00:03:47.028+0000] {logging_mixin.py:188} INFO - [2026-05-07T00:03:47.028+0000] {dag.py:3954} INFO - Setting next_dagrun for dataset_consumes_1_never_scheduled to None, run_after=None
[2026-05-07T00:03:47.029+0000] {logging_mixin.py:188} INFO - [2026-05-07T00:03:47.029+0000] {dag.py:3954} INFO - Setting next_dagrun for dataset_consumes_unknown_never_scheduled to None, run_after=None
[2026-05-07T00:03:47.030+0000] {logging_mixin.py:188} INFO - [2026-05-07T00:03:47.030+0000] {dag.py:3954} INFO - Setting next_dagrun for dataset_produces_1 to 2026-05-06 00:00:00+00:00, run_after=2026-05-07 00:00:00+00:00
[2026-05-07T00:03:47.031+0000] {logging_mixin.py:188} INFO - [2026-05-07T00:03:47.031+0000] {dag.py:3954} INFO - Setting next_dagrun for dataset_produces_2 to None, run_after=None
[2026-05-07T00:03:47.059+0000] {processor.py:183} INFO - Processing /usr/local/python/3.12.1/lib/python3.12/site-packages/airflow/example_dags/example_datasets.py took 0.100 seconds
[2026-05-07T00:04:44.721+0000] {processor.py:161} INFO - Started process (PID=34868) to work on /usr/local/python/3.12.1/lib/python3.12/site-packages/airflow/example_dags/example_datasets.py
[2026-05-07T00:04:44.722+0000] {processor.py:830} INFO - Processing file /usr/local/python/3.12.1/lib/python3.12/site-packages/airflow/example_dags/example_datasets.py for tasks to queue
[2026-05-07T00:04:44.723+0000] {logging_mixin.py:188} INFO - [2026-05-07T00:04:44.723+0000] {dagbag.py:545} INFO - Filling up the DagBag from /usr/local/python/3.12.1/lib/python3.12/site-packages/airflow/example_dags/example_datasets.py
[2026-05-07T00:04:44.733+0000] {processor.py:840} INFO - DAG(s) 'dataset_consumes_1_never_scheduled', 'dataset_consumes_1_and_2', 'consume_1_and_2_with_dataset_expressions', 'dataset_produces_2', 'dataset_produces_1', 'dataset_consumes_unknown_never_scheduled', 'dataset_consumes_1', 'conditional_dataset_and_time_based_timetable', 'consume_1_or_2_with_dataset_expressions', 'consume_1_or_both_2_and_3_with_dataset_expressions' retrieved from /usr/local/python/3.12.1/lib/python3.12/site-packages/airflow/example_dags/example_datasets.py
[2026-05-07T00:04:44.769+0000] {logging_mixin.py:188} INFO - [2026-05-07T00:04:44.768+0000] {dag.py:3096} INFO - Sync 10 DAGs
[2026-05-07T00:04:44.786+0000] {logging_mixin.py:188} INFO - [2026-05-07T00:04:44.786+0000] {dag.py:3954} INFO - Setting next_dagrun for conditional_dataset_and_time_based_timetable to 2026-05-06 01:00:00+00:00, run_after=2026-05-06 01:00:00+00:00
[2026-05-07T00:04:44.789+0000] {logging_mixin.py:188} INFO - [2026-05-07T00:04:44.789+0000] {dag.py:3954} INFO - Setting next_dagrun for consume_1_and_2_with_dataset_expressions to None, run_after=None
[2026-05-07T00:04:44.790+0000] {logging_mixin.py:188} INFO - [2026-05-07T00:04:44.789+0000] {dag.py:3954} INFO - Setting next_dagrun for consume_1_or_2_with_dataset_expressions to None, run_after=None
[2026-05-07T00:04:44.790+0000] {logging_mixin.py:188} INFO - [2026-05-07T00:04:44.790+0000] {dag.py:3954} INFO - Setting next_dagrun for consume_1_or_both_2_and_3_with_dataset_expressions to None, run_after=None
[2026-05-07T00:04:44.791+0000] {logging_mixin.py:188} INFO - [2026-05-07T00:04:44.791+0000] {dag.py:3954} INFO - Setting next_dagrun for dataset_consumes_1 to None, run_after=None
[2026-05-07T00:04:44.792+0000] {logging_mixin.py:188} INFO - [2026-05-07T00:04:44.792+0000] {dag.py:3954} INFO - Setting next_dagrun for dataset_consumes_1_and_2 to None, run_after=None
[2026-05-07T00:04:44.793+0000] {logging_mixin.py:188} INFO - [2026-05-07T00:04:44.793+0000] {dag.py:3954} INFO - Setting next_dagrun for dataset_consumes_1_never_scheduled to None, run_after=None
[2026-05-07T00:04:44.794+0000] {logging_mixin.py:188} INFO - [2026-05-07T00:04:44.794+0000] {dag.py:3954} INFO - Setting next_dagrun for dataset_consumes_unknown_never_scheduled to None, run_after=None
[2026-05-07T00:04:44.800+0000] {logging_mixin.py:188} INFO - [2026-05-07T00:04:44.799+0000] {dag.py:3954} INFO - Setting next_dagrun for dataset_produces_1 to 2026-05-06 00:00:00+00:00, run_after=2026-05-07 00:00:00+00:00
[2026-05-07T00:04:44.801+0000] {logging_mixin.py:188} INFO - [2026-05-07T00:04:44.801+0000] {dag.py:3954} INFO - Setting next_dagrun for dataset_produces_2 to None, run_after=None
[2026-05-07T00:04:44.832+0000] {processor.py:183} INFO - Processing /usr/local/python/3.12.1/lib/python3.12/site-packages/airflow/example_dags/example_datasets.py took 0.116 seconds
[2026-05-07T00:05:41.539+0000] {processor.py:161} INFO - Started process (PID=35130) to work on /usr/local/python/3.12.1/lib/python3.12/site-packages/airflow/example_dags/example_datasets.py
[2026-05-07T00:05:41.540+0000] {processor.py:830} INFO - Processing file /usr/local/python/3.12.1/lib/python3.12/site-packages/airflow/example_dags/example_datasets.py for tasks to queue
[2026-05-07T00:05:41.542+0000] {logging_mixin.py:188} INFO - [2026-05-07T00:05:41.541+0000] {dagbag.py:545} INFO - Filling up the DagBag from /usr/local/python/3.12.1/lib/python3.12/site-packages/airflow/example_dags/example_datasets.py
[2026-05-07T00:05:41.555+0000] {processor.py:840} INFO - DAG(s) 'conditional_dataset_and_time_based_timetable', 'dataset_consumes_1_and_2', 'dataset_produces_1', 'dataset_produces_2', 'dataset_consumes_1_never_scheduled', 'dataset_consumes_unknown_never_scheduled', 'consume_1_or_2_with_dataset_expressions', 'consume_1_or_both_2_and_3_with_dataset_expressions', 'consume_1_and_2_with_dataset_expressions', 'dataset_consumes_1' retrieved from /usr/local/python/3.12.1/lib/python3.12/site-packages/airflow/example_dags/example_datasets.py
[2026-05-07T00:05:41.584+0000] {logging_mixin.py:188} INFO - [2026-05-07T00:05:41.584+0000] {dag.py:3096} INFO - Sync 10 DAGs
[2026-05-07T00:05:41.602+0000] {logging_mixin.py:188} INFO - [2026-05-07T00:05:41.602+0000] {dag.py:3954} INFO - Setting next_dagrun for conditional_dataset_and_time_based_timetable to 2026-05-06 01:00:00+00:00, run_after=2026-05-06 01:00:00+00:00
[2026-05-07T00:05:41.605+0000] {logging_mixin.py:188} INFO - [2026-05-07T00:05:41.605+0000] {dag.py:3954} INFO - Setting next_dagrun for consume_1_and_2_with_dataset_expressions to None, run_after=None
[2026-05-07T00:05:41.606+0000] {logging_mixin.py:188} INFO - [2026-05-07T00:05:41.606+0000] {dag.py:3954} INFO - Setting next_dagrun for consume_1_or_2_with_dataset_expressions to None, run_after=None
[2026-05-07T00:05:41.606+0000] {logging_mixin.py:188} INFO - [2026-05-07T00:05:41.606+0000] {dag.py:3954} INFO - Setting next_dagrun for consume_1_or_both_2_and_3_with_dataset_expressions to None, run_after=None
[2026-05-07T00:05:41.607+0000] {logging_mixin.py:188} INFO - [2026-05-07T00:05:41.607+0000] {dag.py:3954} INFO - Setting next_dagrun for dataset_consumes_1 to None, run_after=None
[2026-05-07T00:05:41.608+0000] {logging_mixin.py:188} INFO - [2026-05-07T00:05:41.608+0000] {dag.py:3954} INFO - Setting next_dagrun for dataset_consumes_1_and_2 to None, run_after=None
[2026-05-07T00:05:41.608+0000] {logging_mixin.py:188} INFO - [2026-05-07T00:05:41.608+0000] {dag.py:3954} INFO - Setting next_dagrun for dataset_consumes_1_never_scheduled to None, run_after=None
[2026-05-07T00:05:41.609+0000] {logging_mixin.py:188} INFO - [2026-05-07T00:05:41.609+0000] {dag.py:3954} INFO - Setting next_dagrun for dataset_consumes_unknown_never_scheduled to None, run_after=None
[2026-05-07T00:05:41.611+0000] {logging_mixin.py:188} INFO - [2026-05-07T00:05:41.610+0000] {dag.py:3954} INFO - Setting next_dagrun for dataset_produces_1 to 2026-05-06 00:00:00+00:00, run_after=2026-05-07 00:00:00+00:00
[2026-05-07T00:05:41.611+0000] {logging_mixin.py:188} INFO - [2026-05-07T00:05:41.611+0000] {dag.py:3954} INFO - Setting next_dagrun for dataset_produces_2 to None, run_after=None
[2026-05-07T00:05:41.634+0000] {processor.py:183} INFO - Processing /usr/local/python/3.12.1/lib/python3.12/site-packages/airflow/example_dags/example_datasets.py took 0.101 seconds
[2026-05-07T00:06:36.573+0000] {processor.py:161} INFO - Started process (PID=35410) to work on /usr/local/python/3.12.1/lib/python3.12/site-packages/airflow/example_dags/example_datasets.py
[2026-05-07T00:06:36.574+0000] {processor.py:830} INFO - Processing file /usr/local/python/3.12.1/lib/python3.12/site-packages/airflow/example_dags/example_datasets.py for tasks to queue
[2026-05-07T00:06:36.575+0000] {logging_mixin.py:188} INFO - [2026-05-07T00:06:36.575+0000] {dagbag.py:545} INFO - Filling up the DagBag from /usr/local/python/3.12.1/lib/python3.12/site-packages/airflow/example_dags/example_datasets.py
[2026-05-07T00:06:36.587+0000] {processor.py:840} INFO - DAG(s) 'conditional_dataset_and_time_based_timetable', 'dataset_consumes_1', 'consume_1_and_2_with_dataset_expressions', 'dataset_consumes_1_never_scheduled', 'consume_1_or_2_with_dataset_expressions', 'dataset_produces_1', 'dataset_produces_2', 'consume_1_or_both_2_and_3_with_dataset_expressions', 'dataset_consumes_unknown_never_scheduled', 'dataset_consumes_1_and_2' retrieved from /usr/local/python/3.12.1/lib/python3.12/site-packages/airflow/example_dags/example_datasets.py
[2026-05-07T00:06:36.616+0000] {logging_mixin.py:188} INFO - [2026-05-07T00:06:36.615+0000] {dag.py:3096} INFO - Sync 10 DAGs
[2026-05-07T00:06:36.634+0000] {logging_mixin.py:188} INFO - [2026-05-07T00:06:36.634+0000] {dag.py:3954} INFO - Setting next_dagrun for conditional_dataset_and_time_based_timetable to 2026-05-06 01:00:00+00:00, run_after=2026-05-06 01:00:00+00:00
[2026-05-07T00:06:36.637+0000] {logging_mixin.py:188} INFO - [2026-05-07T00:06:36.637+0000] {dag.py:3954} INFO - Setting next_dagrun for consume_1_and_2_with_dataset_expressions to None, run_after=None
[2026-05-07T00:06:36.639+0000] {logging_mixin.py:188} INFO - [2026-05-07T00:06:36.638+0000] {dag.py:3954} INFO - Setting next_dagrun for consume_1_or_2_with_dataset_expressions to None, run_after=None
[2026-05-07T00:06:36.639+0000] {logging_mixin.py:188} INFO - [2026-05-07T00:06:36.639+0000] {dag.py:3954} INFO - Setting next_dagrun for consume_1_or_both_2_and_3_with_dataset_expressions to None, run_after=None
[2026-05-07T00:06:36.641+0000] {logging_mixin.py:188} INFO - [2026-05-07T00:06:36.640+0000] {dag.py:3954} INFO - Setting next_dagrun for dataset_consumes_1 to None, run_after=None
[2026-05-07T00:06:36.642+0000] {logging_mixin.py:188} INFO - [2026-05-07T00:06:36.641+0000] {dag.py:3954} INFO - Setting next_dagrun for dataset_consumes_1_and_2 to None, run_after=None
[2026-05-07T00:06:36.643+0000] {logging_mixin.py:188} INFO - [2026-05-07T00:06:36.643+0000] {dag.py:3954} INFO - Setting next_dagrun for dataset_consumes_1_never_scheduled to None, run_after=None
[2026-05-07T00:06:36.644+0000] {logging_mixin.py:188} INFO - [2026-05-07T00:06:36.643+0000] {dag.py:3954} INFO - Setting next_dagrun for dataset_consumes_unknown_never_scheduled to None, run_after=None
[2026-05-07T00:06:36.646+0000] {logging_mixin.py:188} INFO - [2026-05-07T00:06:36.646+0000] {dag.py:3954} INFO - Setting next_dagrun for dataset_produces_1 to 2026-05-06 00:00:00+00:00, run_after=2026-05-07 00:00:00+00:00
[2026-05-07T00:06:36.647+0000] {logging_mixin.py:188} INFO - [2026-05-07T00:06:36.646+0000] {dag.py:3954} INFO - Setting next_dagrun for dataset_produces_2 to None, run_after=None
[2026-05-07T00:06:36.673+0000] {processor.py:183} INFO - Processing /usr/local/python/3.12.1/lib/python3.12/site-packages/airflow/example_dags/example_datasets.py took 0.105 seconds
[2026-05-07T00:07:30.515+0000] {processor.py:161} INFO - Started process (PID=35672) to work on /usr/local/python/3.12.1/lib/python3.12/site-packages/airflow/example_dags/example_datasets.py
[2026-05-07T00:07:30.515+0000] {processor.py:830} INFO - Processing file /usr/local/python/3.12.1/lib/python3.12/site-packages/airflow/example_dags/example_datasets.py for tasks to queue
[2026-05-07T00:07:30.517+0000] {logging_mixin.py:188} INFO - [2026-05-07T00:07:30.516+0000] {dagbag.py:545} INFO - Filling up the DagBag from /usr/local/python/3.12.1/lib/python3.12/site-packages/airflow/example_dags/example_datasets.py
[2026-05-07T00:07:30.528+0000] {processor.py:840} INFO - DAG(s) 'dataset_consumes_unknown_never_scheduled', 'dataset_consumes_1_never_scheduled', 'consume_1_or_2_with_dataset_expressions', 'conditional_dataset_and_time_based_timetable', 'dataset_consumes_1_and_2', 'dataset_produces_1', 'consume_1_or_both_2_and_3_with_dataset_expressions', 'dataset_produces_2', 'consume_1_and_2_with_dataset_expressions', 'dataset_consumes_1' retrieved from /usr/local/python/3.12.1/lib/python3.12/site-packages/airflow/example_dags/example_datasets.py
[2026-05-07T00:07:30.556+0000] {logging_mixin.py:188} INFO - [2026-05-07T00:07:30.556+0000] {dag.py:3096} INFO - Sync 10 DAGs
[2026-05-07T00:07:30.574+0000] {logging_mixin.py:188} INFO - [2026-05-07T00:07:30.573+0000] {dag.py:3954} INFO - Setting next_dagrun for conditional_dataset_and_time_based_timetable to 2026-05-06 01:00:00+00:00, run_after=2026-05-06 01:00:00+00:00
[2026-05-07T00:07:30.576+0000] {logging_mixin.py:188} INFO - [2026-05-07T00:07:30.576+0000] {dag.py:3954} INFO - Setting next_dagrun for consume_1_and_2_with_dataset_expressions to None, run_after=None
[2026-05-07T00:07:30.577+0000] {logging_mixin.py:188} INFO - [2026-05-07T00:07:30.577+0000] {dag.py:3954} INFO - Setting next_dagrun for consume_1_or_2_with_dataset_expressions to None, run_after=None
[2026-05-07T00:07:30.578+0000] {logging_mixin.py:188} INFO - [2026-05-07T00:07:30.577+0000] {dag.py:3954} INFO - Setting next_dagrun for consume_1_or_both_2_and_3_with_dataset_expressions to None, run_after=None
[2026-05-07T00:07:30.579+0000] {logging_mixin.py:188} INFO - [2026-05-07T00:07:30.579+0000] {dag.py:3954} INFO - Setting next_dagrun for dataset_consumes_1 to None, run_after=None
[2026-05-07T00:07:30.580+0000] {logging_mixin.py:188} INFO - [2026-05-07T00:07:30.580+0000] {dag.py:3954} INFO - Setting next_dagrun for dataset_consumes_1_and_2 to None, run_after=None
[2026-05-07T00:07:30.581+0000] {logging_mixin.py:188} INFO - [2026-05-07T00:07:30.580+0000] {dag.py:3954} INFO - Setting next_dagrun for dataset_consumes_1_never_scheduled to None, run_after=None
[2026-05-07T00:07:30.581+0000] {logging_mixin.py:188} INFO - [2026-05-07T00:07:30.581+0000] {dag.py:3954} INFO - Setting next_dagrun for dataset_consumes_unknown_never_scheduled to None, run_after=None
[2026-05-07T00:07:30.583+0000] {logging_mixin.py:188} INFO - [2026-05-07T00:07:30.583+0000] {dag.py:3954} INFO - Setting next_dagrun for dataset_produces_1 to 2026-05-06 00:00:00+00:00, run_after=2026-05-07 00:00:00+00:00
[2026-05-07T00:07:30.583+0000] {logging_mixin.py:188} INFO - [2026-05-07T00:07:30.583+0000] {dag.py:3954} INFO - Setting next_dagrun for dataset_produces_2 to None, run_after=None
[2026-05-07T00:07:30.605+0000] {processor.py:183} INFO - Processing /usr/local/python/3.12.1/lib/python3.12/site-packages/airflow/example_dags/example_datasets.py took 0.096 seconds
