[2026-05-07T00:00:42.788+0000] {processor.py:161} INFO - Started process (PID=33676) to work on /usr/local/python/3.12.1/lib/python3.12/site-packages/airflow/example_dags/example_latest_only.py
[2026-05-07T00:00:42.788+0000] {processor.py:830} INFO - Processing file /usr/local/python/3.12.1/lib/python3.12/site-packages/airflow/example_dags/example_latest_only.py for tasks to queue
[2026-05-07T00:00:42.790+0000] {logging_mixin.py:188} INFO - [2026-05-07T00:00:42.790+0000] {dagbag.py:545} INFO - Filling up the DagBag from /usr/local/python/3.12.1/lib/python3.12/site-packages/airflow/example_dags/example_latest_only.py
[2026-05-07T00:00:42.794+0000] {processor.py:840} INFO - DAG(s) 'latest_only' retrieved from /usr/local/python/3.12.1/lib/python3.12/site-packages/airflow/example_dags/example_latest_only.py
[2026-05-07T00:00:42.807+0000] {logging_mixin.py:188} INFO - [2026-05-07T00:00:42.807+0000] {dag.py:3096} INFO - Sync 1 DAGs
[2026-05-07T00:00:42.822+0000] {logging_mixin.py:188} INFO - [2026-05-07T00:00:42.822+0000] {dag.py:3954} INFO - Setting next_dagrun for latest_only to 2026-05-06 20:00:00+00:00, run_after=2026-05-07 00:00:00+00:00
[2026-05-07T00:00:42.841+0000] {processor.py:183} INFO - Processing /usr/local/python/3.12.1/lib/python3.12/site-packages/airflow/example_dags/example_latest_only.py took 0.058 seconds
[2026-05-07T00:01:39.367+0000] {processor.py:161} INFO - Started process (PID=33946) to work on /usr/local/python/3.12.1/lib/python3.12/site-packages/airflow/example_dags/example_latest_only.py
[2026-05-07T00:01:39.368+0000] {processor.py:830} INFO - Processing file /usr/local/python/3.12.1/lib/python3.12/site-packages/airflow/example_dags/example_latest_only.py for tasks to queue
[2026-05-07T00:01:39.371+0000] {logging_mixin.py:188} INFO - [2026-05-07T00:01:39.370+0000] {dagbag.py:545} INFO - Filling up the DagBag from /usr/local/python/3.12.1/lib/python3.12/site-packages/airflow/example_dags/example_latest_only.py
[2026-05-07T00:01:39.377+0000] {processor.py:840} INFO - DAG(s) 'latest_only' retrieved from /usr/local/python/3.12.1/lib/python3.12/site-packages/airflow/example_dags/example_latest_only.py
[2026-05-07T00:01:39.397+0000] {logging_mixin.py:188} INFO - [2026-05-07T00:01:39.397+0000] {dag.py:3096} INFO - Sync 1 DAGs
[2026-05-07T00:01:39.414+0000] {logging_mixin.py:188} INFO - [2026-05-07T00:01:39.414+0000] {dag.py:3954} INFO - Setting next_dagrun for latest_only to 2026-05-06 20:00:00+00:00, run_after=2026-05-07 00:00:00+00:00
[2026-05-07T00:01:39.432+0000] {processor.py:183} INFO - Processing /usr/local/python/3.12.1/lib/python3.12/site-packages/airflow/example_dags/example_latest_only.py took 0.074 seconds
[2026-05-07T00:02:35.901+0000] {processor.py:161} INFO - Started process (PID=34226) to work on /usr/local/python/3.12.1/lib/python3.12/site-packages/airflow/example_dags/example_latest_only.py
[2026-05-07T00:02:35.902+0000] {processor.py:830} INFO - Processing file /usr/local/python/3.12.1/lib/python3.12/site-packages/airflow/example_dags/example_latest_only.py for tasks to queue
[2026-05-07T00:02:35.903+0000] {logging_mixin.py:188} INFO - [2026-05-07T00:02:35.903+0000] {dagbag.py:545} INFO - Filling up the DagBag from /usr/local/python/3.12.1/lib/python3.12/site-packages/airflow/example_dags/example_latest_only.py
[2026-05-07T00:02:35.907+0000] {processor.py:840} INFO - DAG(s) 'latest_only' retrieved from /usr/local/python/3.12.1/lib/python3.12/site-packages/airflow/example_dags/example_latest_only.py
[2026-05-07T00:02:35.921+0000] {logging_mixin.py:188} INFO - [2026-05-07T00:02:35.920+0000] {dag.py:3096} INFO - Sync 1 DAGs
[2026-05-07T00:02:35.936+0000] {logging_mixin.py:188} INFO - [2026-05-07T00:02:35.936+0000] {dag.py:3954} INFO - Setting next_dagrun for latest_only to 2026-05-06 20:00:00+00:00, run_after=2026-05-07 00:00:00+00:00
[2026-05-07T00:02:35.957+0000] {processor.py:183} INFO - Processing /usr/local/python/3.12.1/lib/python3.12/site-packages/airflow/example_dags/example_latest_only.py took 0.061 seconds
[2026-05-07T00:03:33.704+0000] {processor.py:161} INFO - Started process (PID=34521) to work on /usr/local/python/3.12.1/lib/python3.12/site-packages/airflow/example_dags/example_latest_only.py
[2026-05-07T00:03:33.705+0000] {processor.py:830} INFO - Processing file /usr/local/python/3.12.1/lib/python3.12/site-packages/airflow/example_dags/example_latest_only.py for tasks to queue
[2026-05-07T00:03:33.706+0000] {logging_mixin.py:188} INFO - [2026-05-07T00:03:33.706+0000] {dagbag.py:545} INFO - Filling up the DagBag from /usr/local/python/3.12.1/lib/python3.12/site-packages/airflow/example_dags/example_latest_only.py
[2026-05-07T00:03:33.710+0000] {processor.py:840} INFO - DAG(s) 'latest_only' retrieved from /usr/local/python/3.12.1/lib/python3.12/site-packages/airflow/example_dags/example_latest_only.py
[2026-05-07T00:03:33.723+0000] {logging_mixin.py:188} INFO - [2026-05-07T00:03:33.723+0000] {dag.py:3096} INFO - Sync 1 DAGs
[2026-05-07T00:03:33.741+0000] {logging_mixin.py:188} INFO - [2026-05-07T00:03:33.741+0000] {dag.py:3954} INFO - Setting next_dagrun for latest_only to 2026-05-06 20:00:00+00:00, run_after=2026-05-07 00:00:00+00:00
[2026-05-07T00:03:33.761+0000] {processor.py:183} INFO - Processing /usr/local/python/3.12.1/lib/python3.12/site-packages/airflow/example_dags/example_latest_only.py took 0.063 seconds
[2026-05-07T00:04:31.568+0000] {processor.py:161} INFO - Started process (PID=34788) to work on /usr/local/python/3.12.1/lib/python3.12/site-packages/airflow/example_dags/example_latest_only.py
[2026-05-07T00:04:31.569+0000] {processor.py:830} INFO - Processing file /usr/local/python/3.12.1/lib/python3.12/site-packages/airflow/example_dags/example_latest_only.py for tasks to queue
[2026-05-07T00:04:31.571+0000] {logging_mixin.py:188} INFO - [2026-05-07T00:04:31.570+0000] {dagbag.py:545} INFO - Filling up the DagBag from /usr/local/python/3.12.1/lib/python3.12/site-packages/airflow/example_dags/example_latest_only.py
[2026-05-07T00:04:31.575+0000] {processor.py:840} INFO - DAG(s) 'latest_only' retrieved from /usr/local/python/3.12.1/lib/python3.12/site-packages/airflow/example_dags/example_latest_only.py
[2026-05-07T00:04:31.588+0000] {logging_mixin.py:188} INFO - [2026-05-07T00:04:31.588+0000] {dag.py:3096} INFO - Sync 1 DAGs
[2026-05-07T00:04:31.605+0000] {logging_mixin.py:188} INFO - [2026-05-07T00:04:31.605+0000] {dag.py:3954} INFO - Setting next_dagrun for latest_only to 2026-05-06 20:00:00+00:00, run_after=2026-05-07 00:00:00+00:00
[2026-05-07T00:04:31.622+0000] {processor.py:183} INFO - Processing /usr/local/python/3.12.1/lib/python3.12/site-packages/airflow/example_dags/example_latest_only.py took 0.059 seconds
[2026-05-07T00:05:29.093+0000] {processor.py:161} INFO - Started process (PID=35075) to work on /usr/local/python/3.12.1/lib/python3.12/site-packages/airflow/example_dags/example_latest_only.py
[2026-05-07T00:05:29.094+0000] {processor.py:830} INFO - Processing file /usr/local/python/3.12.1/lib/python3.12/site-packages/airflow/example_dags/example_latest_only.py for tasks to queue
[2026-05-07T00:05:29.096+0000] {logging_mixin.py:188} INFO - [2026-05-07T00:05:29.095+0000] {dagbag.py:545} INFO - Filling up the DagBag from /usr/local/python/3.12.1/lib/python3.12/site-packages/airflow/example_dags/example_latest_only.py
[2026-05-07T00:05:29.100+0000] {processor.py:840} INFO - DAG(s) 'latest_only' retrieved from /usr/local/python/3.12.1/lib/python3.12/site-packages/airflow/example_dags/example_latest_only.py
[2026-05-07T00:05:29.113+0000] {logging_mixin.py:188} INFO - [2026-05-07T00:05:29.113+0000] {dag.py:3096} INFO - Sync 1 DAGs
[2026-05-07T00:05:29.129+0000] {logging_mixin.py:188} INFO - [2026-05-07T00:05:29.129+0000] {dag.py:3954} INFO - Setting next_dagrun for latest_only to 2026-05-06 20:00:00+00:00, run_after=2026-05-07 00:00:00+00:00
[2026-05-07T00:05:29.147+0000] {processor.py:183} INFO - Processing /usr/local/python/3.12.1/lib/python3.12/site-packages/airflow/example_dags/example_latest_only.py took 0.059 seconds
[2026-05-07T00:06:22.777+0000] {processor.py:161} INFO - Started process (PID=35326) to work on /usr/local/python/3.12.1/lib/python3.12/site-packages/airflow/example_dags/example_latest_only.py
[2026-05-07T00:06:22.778+0000] {processor.py:830} INFO - Processing file /usr/local/python/3.12.1/lib/python3.12/site-packages/airflow/example_dags/example_latest_only.py for tasks to queue
[2026-05-07T00:06:22.779+0000] {logging_mixin.py:188} INFO - [2026-05-07T00:06:22.779+0000] {dagbag.py:545} INFO - Filling up the DagBag from /usr/local/python/3.12.1/lib/python3.12/site-packages/airflow/example_dags/example_latest_only.py
[2026-05-07T00:06:22.783+0000] {processor.py:840} INFO - DAG(s) 'latest_only' retrieved from /usr/local/python/3.12.1/lib/python3.12/site-packages/airflow/example_dags/example_latest_only.py
[2026-05-07T00:06:22.796+0000] {logging_mixin.py:188} INFO - [2026-05-07T00:06:22.796+0000] {dag.py:3096} INFO - Sync 1 DAGs
[2026-05-07T00:06:22.812+0000] {logging_mixin.py:188} INFO - [2026-05-07T00:06:22.811+0000] {dag.py:3954} INFO - Setting next_dagrun for latest_only to 2026-05-06 20:00:00+00:00, run_after=2026-05-07 00:00:00+00:00
[2026-05-07T00:06:22.835+0000] {processor.py:183} INFO - Processing /usr/local/python/3.12.1/lib/python3.12/site-packages/airflow/example_dags/example_latest_only.py took 0.062 seconds
[2026-05-07T00:07:18.045+0000] {processor.py:161} INFO - Started process (PID=35616) to work on /usr/local/python/3.12.1/lib/python3.12/site-packages/airflow/example_dags/example_latest_only.py
[2026-05-07T00:07:18.047+0000] {processor.py:830} INFO - Processing file /usr/local/python/3.12.1/lib/python3.12/site-packages/airflow/example_dags/example_latest_only.py for tasks to queue
[2026-05-07T00:07:18.049+0000] {logging_mixin.py:188} INFO - [2026-05-07T00:07:18.048+0000] {dagbag.py:545} INFO - Filling up the DagBag from /usr/local/python/3.12.1/lib/python3.12/site-packages/airflow/example_dags/example_latest_only.py
[2026-05-07T00:07:18.055+0000] {processor.py:840} INFO - DAG(s) 'latest_only' retrieved from /usr/local/python/3.12.1/lib/python3.12/site-packages/airflow/example_dags/example_latest_only.py
[2026-05-07T00:07:18.068+0000] {logging_mixin.py:188} INFO - [2026-05-07T00:07:18.068+0000] {dag.py:3096} INFO - Sync 1 DAGs
[2026-05-07T00:07:18.083+0000] {logging_mixin.py:188} INFO - [2026-05-07T00:07:18.083+0000] {dag.py:3954} INFO - Setting next_dagrun for latest_only to 2026-05-06 20:00:00+00:00, run_after=2026-05-07 00:00:00+00:00
[2026-05-07T00:07:18.099+0000] {processor.py:183} INFO - Processing /usr/local/python/3.12.1/lib/python3.12/site-packages/airflow/example_dags/example_latest_only.py took 0.061 seconds
