[2026-05-07T00:00:18.378+0000] {processor.py:161} INFO - Started process (PID=33549) to work on /usr/local/python/3.12.1/lib/python3.12/site-packages/airflow/example_dags/example_branch_operator.py
[2026-05-07T00:00:18.378+0000] {processor.py:830} INFO - Processing file /usr/local/python/3.12.1/lib/python3.12/site-packages/airflow/example_dags/example_branch_operator.py for tasks to queue
[2026-05-07T00:00:18.380+0000] {logging_mixin.py:188} INFO - [2026-05-07T00:00:18.380+0000] {dagbag.py:545} INFO - Filling up the DagBag from /usr/local/python/3.12.1/lib/python3.12/site-packages/airflow/example_dags/example_branch_operator.py
[2026-05-07T00:00:18.394+0000] {processor.py:840} INFO - DAG(s) 'example_branch_operator' retrieved from /usr/local/python/3.12.1/lib/python3.12/site-packages/airflow/example_dags/example_branch_operator.py
[2026-05-07T00:00:18.413+0000] {logging_mixin.py:188} INFO - [2026-05-07T00:00:18.413+0000] {dag.py:3096} INFO - Sync 1 DAGs
[2026-05-07T00:00:18.430+0000] {logging_mixin.py:188} INFO - [2026-05-07T00:00:18.430+0000] {dag.py:3954} INFO - Setting next_dagrun for example_branch_operator to 2026-05-06 00:00:00+00:00, run_after=2026-05-07 00:00:00+00:00
[2026-05-07T00:00:18.450+0000] {processor.py:183} INFO - Processing /usr/local/python/3.12.1/lib/python3.12/site-packages/airflow/example_dags/example_branch_operator.py took 0.078 seconds
[2026-05-07T00:01:12.491+0000] {processor.py:161} INFO - Started process (PID=33826) to work on /usr/local/python/3.12.1/lib/python3.12/site-packages/airflow/example_dags/example_branch_operator.py
[2026-05-07T00:01:12.492+0000] {processor.py:830} INFO - Processing file /usr/local/python/3.12.1/lib/python3.12/site-packages/airflow/example_dags/example_branch_operator.py for tasks to queue
[2026-05-07T00:01:12.493+0000] {logging_mixin.py:188} INFO - [2026-05-07T00:01:12.493+0000] {dagbag.py:545} INFO - Filling up the DagBag from /usr/local/python/3.12.1/lib/python3.12/site-packages/airflow/example_dags/example_branch_operator.py
[2026-05-07T00:01:12.507+0000] {processor.py:840} INFO - DAG(s) 'example_branch_operator' retrieved from /usr/local/python/3.12.1/lib/python3.12/site-packages/airflow/example_dags/example_branch_operator.py
[2026-05-07T00:01:12.526+0000] {logging_mixin.py:188} INFO - [2026-05-07T00:01:12.526+0000] {dag.py:3096} INFO - Sync 1 DAGs
[2026-05-07T00:01:12.545+0000] {logging_mixin.py:188} INFO - [2026-05-07T00:01:12.544+0000] {dag.py:3954} INFO - Setting next_dagrun for example_branch_operator to 2026-05-06 00:00:00+00:00, run_after=2026-05-07 00:00:00+00:00
[2026-05-07T00:01:12.565+0000] {processor.py:183} INFO - Processing /usr/local/python/3.12.1/lib/python3.12/site-packages/airflow/example_dags/example_branch_operator.py took 0.079 seconds
[2026-05-07T00:02:11.344+0000] {processor.py:161} INFO - Started process (PID=34111) to work on /usr/local/python/3.12.1/lib/python3.12/site-packages/airflow/example_dags/example_branch_operator.py
[2026-05-07T00:02:11.345+0000] {processor.py:830} INFO - Processing file /usr/local/python/3.12.1/lib/python3.12/site-packages/airflow/example_dags/example_branch_operator.py for tasks to queue
[2026-05-07T00:02:11.347+0000] {logging_mixin.py:188} INFO - [2026-05-07T00:02:11.346+0000] {dagbag.py:545} INFO - Filling up the DagBag from /usr/local/python/3.12.1/lib/python3.12/site-packages/airflow/example_dags/example_branch_operator.py
[2026-05-07T00:02:11.363+0000] {processor.py:840} INFO - DAG(s) 'example_branch_operator' retrieved from /usr/local/python/3.12.1/lib/python3.12/site-packages/airflow/example_dags/example_branch_operator.py
[2026-05-07T00:02:11.382+0000] {logging_mixin.py:188} INFO - [2026-05-07T00:02:11.381+0000] {dag.py:3096} INFO - Sync 1 DAGs
[2026-05-07T00:02:11.398+0000] {logging_mixin.py:188} INFO - [2026-05-07T00:02:11.398+0000] {dag.py:3954} INFO - Setting next_dagrun for example_branch_operator to 2026-05-06 00:00:00+00:00, run_after=2026-05-07 00:00:00+00:00
[2026-05-07T00:02:11.418+0000] {processor.py:183} INFO - Processing /usr/local/python/3.12.1/lib/python3.12/site-packages/airflow/example_dags/example_branch_operator.py took 0.082 seconds
[2026-05-07T00:03:10.163+0000] {processor.py:161} INFO - Started process (PID=34387) to work on /usr/local/python/3.12.1/lib/python3.12/site-packages/airflow/example_dags/example_branch_operator.py
[2026-05-07T00:03:10.164+0000] {processor.py:830} INFO - Processing file /usr/local/python/3.12.1/lib/python3.12/site-packages/airflow/example_dags/example_branch_operator.py for tasks to queue
[2026-05-07T00:03:10.165+0000] {logging_mixin.py:188} INFO - [2026-05-07T00:03:10.165+0000] {dagbag.py:545} INFO - Filling up the DagBag from /usr/local/python/3.12.1/lib/python3.12/site-packages/airflow/example_dags/example_branch_operator.py
[2026-05-07T00:03:10.179+0000] {processor.py:840} INFO - DAG(s) 'example_branch_operator' retrieved from /usr/local/python/3.12.1/lib/python3.12/site-packages/airflow/example_dags/example_branch_operator.py
[2026-05-07T00:03:10.197+0000] {logging_mixin.py:188} INFO - [2026-05-07T00:03:10.197+0000] {dag.py:3096} INFO - Sync 1 DAGs
[2026-05-07T00:03:10.215+0000] {logging_mixin.py:188} INFO - [2026-05-07T00:03:10.214+0000] {dag.py:3954} INFO - Setting next_dagrun for example_branch_operator to 2026-05-06 00:00:00+00:00, run_after=2026-05-07 00:00:00+00:00
[2026-05-07T00:03:10.233+0000] {processor.py:183} INFO - Processing /usr/local/python/3.12.1/lib/python3.12/site-packages/airflow/example_dags/example_branch_operator.py took 0.075 seconds
[2026-05-07T00:04:07.001+0000] {processor.py:161} INFO - Started process (PID=34677) to work on /usr/local/python/3.12.1/lib/python3.12/site-packages/airflow/example_dags/example_branch_operator.py
[2026-05-07T00:04:07.002+0000] {processor.py:830} INFO - Processing file /usr/local/python/3.12.1/lib/python3.12/site-packages/airflow/example_dags/example_branch_operator.py for tasks to queue
[2026-05-07T00:04:07.004+0000] {logging_mixin.py:188} INFO - [2026-05-07T00:04:07.003+0000] {dagbag.py:545} INFO - Filling up the DagBag from /usr/local/python/3.12.1/lib/python3.12/site-packages/airflow/example_dags/example_branch_operator.py
[2026-05-07T00:04:07.017+0000] {processor.py:840} INFO - DAG(s) 'example_branch_operator' retrieved from /usr/local/python/3.12.1/lib/python3.12/site-packages/airflow/example_dags/example_branch_operator.py
[2026-05-07T00:04:07.036+0000] {logging_mixin.py:188} INFO - [2026-05-07T00:04:07.036+0000] {dag.py:3096} INFO - Sync 1 DAGs
[2026-05-07T00:04:07.058+0000] {logging_mixin.py:188} INFO - [2026-05-07T00:04:07.058+0000] {dag.py:3954} INFO - Setting next_dagrun for example_branch_operator to 2026-05-06 00:00:00+00:00, run_after=2026-05-07 00:00:00+00:00
[2026-05-07T00:04:07.074+0000] {processor.py:183} INFO - Processing /usr/local/python/3.12.1/lib/python3.12/site-packages/airflow/example_dags/example_branch_operator.py took 0.078 seconds
[2026-05-07T00:05:04.238+0000] {processor.py:161} INFO - Started process (PID=34960) to work on /usr/local/python/3.12.1/lib/python3.12/site-packages/airflow/example_dags/example_branch_operator.py
[2026-05-07T00:05:04.239+0000] {processor.py:830} INFO - Processing file /usr/local/python/3.12.1/lib/python3.12/site-packages/airflow/example_dags/example_branch_operator.py for tasks to queue
[2026-05-07T00:05:04.241+0000] {logging_mixin.py:188} INFO - [2026-05-07T00:05:04.241+0000] {dagbag.py:545} INFO - Filling up the DagBag from /usr/local/python/3.12.1/lib/python3.12/site-packages/airflow/example_dags/example_branch_operator.py
[2026-05-07T00:05:04.259+0000] {processor.py:840} INFO - DAG(s) 'example_branch_operator' retrieved from /usr/local/python/3.12.1/lib/python3.12/site-packages/airflow/example_dags/example_branch_operator.py
[2026-05-07T00:05:04.278+0000] {logging_mixin.py:188} INFO - [2026-05-07T00:05:04.278+0000] {dag.py:3096} INFO - Sync 1 DAGs
[2026-05-07T00:05:04.294+0000] {logging_mixin.py:188} INFO - [2026-05-07T00:05:04.294+0000] {dag.py:3954} INFO - Setting next_dagrun for example_branch_operator to 2026-05-06 00:00:00+00:00, run_after=2026-05-07 00:00:00+00:00
[2026-05-07T00:05:04.311+0000] {processor.py:183} INFO - Processing /usr/local/python/3.12.1/lib/python3.12/site-packages/airflow/example_dags/example_branch_operator.py took 0.078 seconds
[2026-05-07T00:05:56.983+0000] {processor.py:161} INFO - Started process (PID=35215) to work on /usr/local/python/3.12.1/lib/python3.12/site-packages/airflow/example_dags/example_branch_operator.py
[2026-05-07T00:05:56.984+0000] {processor.py:830} INFO - Processing file /usr/local/python/3.12.1/lib/python3.12/site-packages/airflow/example_dags/example_branch_operator.py for tasks to queue
[2026-05-07T00:05:56.985+0000] {logging_mixin.py:188} INFO - [2026-05-07T00:05:56.985+0000] {dagbag.py:545} INFO - Filling up the DagBag from /usr/local/python/3.12.1/lib/python3.12/site-packages/airflow/example_dags/example_branch_operator.py
[2026-05-07T00:05:56.999+0000] {processor.py:840} INFO - DAG(s) 'example_branch_operator' retrieved from /usr/local/python/3.12.1/lib/python3.12/site-packages/airflow/example_dags/example_branch_operator.py
[2026-05-07T00:05:57.017+0000] {logging_mixin.py:188} INFO - [2026-05-07T00:05:57.017+0000] {dag.py:3096} INFO - Sync 1 DAGs
[2026-05-07T00:05:57.034+0000] {logging_mixin.py:188} INFO - [2026-05-07T00:05:57.033+0000] {dag.py:3954} INFO - Setting next_dagrun for example_branch_operator to 2026-05-06 00:00:00+00:00, run_after=2026-05-07 00:00:00+00:00
[2026-05-07T00:05:57.054+0000] {processor.py:183} INFO - Processing /usr/local/python/3.12.1/lib/python3.12/site-packages/airflow/example_dags/example_branch_operator.py took 0.076 seconds
[2026-05-07T00:06:54.633+0000] {processor.py:161} INFO - Started process (PID=35488) to work on /usr/local/python/3.12.1/lib/python3.12/site-packages/airflow/example_dags/example_branch_operator.py
[2026-05-07T00:06:54.634+0000] {processor.py:830} INFO - Processing file /usr/local/python/3.12.1/lib/python3.12/site-packages/airflow/example_dags/example_branch_operator.py for tasks to queue
[2026-05-07T00:06:54.636+0000] {logging_mixin.py:188} INFO - [2026-05-07T00:06:54.636+0000] {dagbag.py:545} INFO - Filling up the DagBag from /usr/local/python/3.12.1/lib/python3.12/site-packages/airflow/example_dags/example_branch_operator.py
[2026-05-07T00:06:54.667+0000] {processor.py:840} INFO - DAG(s) 'example_branch_operator' retrieved from /usr/local/python/3.12.1/lib/python3.12/site-packages/airflow/example_dags/example_branch_operator.py
[2026-05-07T00:06:54.715+0000] {logging_mixin.py:188} INFO - [2026-05-07T00:06:54.715+0000] {dag.py:3096} INFO - Sync 1 DAGs
[2026-05-07T00:06:54.768+0000] {logging_mixin.py:188} INFO - [2026-05-07T00:06:54.767+0000] {dag.py:3954} INFO - Setting next_dagrun for example_branch_operator to 2026-05-06 00:00:00+00:00, run_after=2026-05-07 00:00:00+00:00
[2026-05-07T00:06:54.798+0000] {processor.py:183} INFO - Processing /usr/local/python/3.12.1/lib/python3.12/site-packages/airflow/example_dags/example_branch_operator.py took 0.173 seconds
