[2026-05-07T00:00:02.731+0000] {processor.py:161} INFO - Started process (PID=33480) to work on /usr/local/python/3.12.1/lib/python3.12/site-packages/airflow/example_dags/example_dynamic_task_mapping.py
[2026-05-07T00:00:02.732+0000] {processor.py:830} INFO - Processing file /usr/local/python/3.12.1/lib/python3.12/site-packages/airflow/example_dags/example_dynamic_task_mapping.py for tasks to queue
[2026-05-07T00:00:02.735+0000] {logging_mixin.py:188} INFO - [2026-05-07T00:00:02.734+0000] {dagbag.py:545} INFO - Filling up the DagBag from /usr/local/python/3.12.1/lib/python3.12/site-packages/airflow/example_dags/example_dynamic_task_mapping.py
[2026-05-07T00:00:02.743+0000] {processor.py:840} INFO - DAG(s) 'example_dynamic_task_mapping' retrieved from /usr/local/python/3.12.1/lib/python3.12/site-packages/airflow/example_dags/example_dynamic_task_mapping.py
[2026-05-07T00:00:02.761+0000] {logging_mixin.py:188} INFO - [2026-05-07T00:00:02.761+0000] {dag.py:3096} INFO - Sync 1 DAGs
[2026-05-07T00:00:02.777+0000] {logging_mixin.py:188} INFO - [2026-05-07T00:00:02.777+0000] {dag.py:3954} INFO - Setting next_dagrun for example_dynamic_task_mapping to 2022-03-04 00:00:00+00:00, run_after=2022-03-05 00:00:00+00:00
[2026-05-07T00:00:02.794+0000] {processor.py:183} INFO - Processing /usr/local/python/3.12.1/lib/python3.12/site-packages/airflow/example_dags/example_dynamic_task_mapping.py took 0.069 seconds
[2026-05-07T00:00:57.067+0000] {processor.py:161} INFO - Started process (PID=33742) to work on /usr/local/python/3.12.1/lib/python3.12/site-packages/airflow/example_dags/example_dynamic_task_mapping.py
[2026-05-07T00:00:57.068+0000] {processor.py:830} INFO - Processing file /usr/local/python/3.12.1/lib/python3.12/site-packages/airflow/example_dags/example_dynamic_task_mapping.py for tasks to queue
[2026-05-07T00:00:57.070+0000] {logging_mixin.py:188} INFO - [2026-05-07T00:00:57.069+0000] {dagbag.py:545} INFO - Filling up the DagBag from /usr/local/python/3.12.1/lib/python3.12/site-packages/airflow/example_dags/example_dynamic_task_mapping.py
[2026-05-07T00:00:57.075+0000] {processor.py:840} INFO - DAG(s) 'example_dynamic_task_mapping' retrieved from /usr/local/python/3.12.1/lib/python3.12/site-packages/airflow/example_dags/example_dynamic_task_mapping.py
[2026-05-07T00:00:57.088+0000] {logging_mixin.py:188} INFO - [2026-05-07T00:00:57.088+0000] {dag.py:3096} INFO - Sync 1 DAGs
[2026-05-07T00:00:57.103+0000] {logging_mixin.py:188} INFO - [2026-05-07T00:00:57.103+0000] {dag.py:3954} INFO - Setting next_dagrun for example_dynamic_task_mapping to 2022-03-04 00:00:00+00:00, run_after=2022-03-05 00:00:00+00:00
[2026-05-07T00:00:57.119+0000] {processor.py:183} INFO - Processing /usr/local/python/3.12.1/lib/python3.12/site-packages/airflow/example_dags/example_dynamic_task_mapping.py took 0.057 seconds
[2026-05-07T00:01:57.354+0000] {processor.py:161} INFO - Started process (PID=34035) to work on /usr/local/python/3.12.1/lib/python3.12/site-packages/airflow/example_dags/example_dynamic_task_mapping.py
[2026-05-07T00:01:57.355+0000] {processor.py:830} INFO - Processing file /usr/local/python/3.12.1/lib/python3.12/site-packages/airflow/example_dags/example_dynamic_task_mapping.py for tasks to queue
[2026-05-07T00:01:57.357+0000] {logging_mixin.py:188} INFO - [2026-05-07T00:01:57.357+0000] {dagbag.py:545} INFO - Filling up the DagBag from /usr/local/python/3.12.1/lib/python3.12/site-packages/airflow/example_dags/example_dynamic_task_mapping.py
[2026-05-07T00:01:57.363+0000] {processor.py:840} INFO - DAG(s) 'example_dynamic_task_mapping' retrieved from /usr/local/python/3.12.1/lib/python3.12/site-packages/airflow/example_dags/example_dynamic_task_mapping.py
[2026-05-07T00:01:57.378+0000] {logging_mixin.py:188} INFO - [2026-05-07T00:01:57.378+0000] {dag.py:3096} INFO - Sync 1 DAGs
[2026-05-07T00:01:57.394+0000] {logging_mixin.py:188} INFO - [2026-05-07T00:01:57.394+0000] {dag.py:3954} INFO - Setting next_dagrun for example_dynamic_task_mapping to 2022-03-04 00:00:00+00:00, run_after=2022-03-05 00:00:00+00:00
[2026-05-07T00:01:57.412+0000] {processor.py:183} INFO - Processing /usr/local/python/3.12.1/lib/python3.12/site-packages/airflow/example_dags/example_dynamic_task_mapping.py took 0.064 seconds
[2026-05-07T00:02:55.026+0000] {processor.py:161} INFO - Started process (PID=34318) to work on /usr/local/python/3.12.1/lib/python3.12/site-packages/airflow/example_dags/example_dynamic_task_mapping.py
[2026-05-07T00:02:55.027+0000] {processor.py:830} INFO - Processing file /usr/local/python/3.12.1/lib/python3.12/site-packages/airflow/example_dags/example_dynamic_task_mapping.py for tasks to queue
[2026-05-07T00:02:55.028+0000] {logging_mixin.py:188} INFO - [2026-05-07T00:02:55.028+0000] {dagbag.py:545} INFO - Filling up the DagBag from /usr/local/python/3.12.1/lib/python3.12/site-packages/airflow/example_dags/example_dynamic_task_mapping.py
[2026-05-07T00:02:55.034+0000] {processor.py:840} INFO - DAG(s) 'example_dynamic_task_mapping' retrieved from /usr/local/python/3.12.1/lib/python3.12/site-packages/airflow/example_dags/example_dynamic_task_mapping.py
[2026-05-07T00:02:55.051+0000] {logging_mixin.py:188} INFO - [2026-05-07T00:02:55.051+0000] {dag.py:3096} INFO - Sync 1 DAGs
[2026-05-07T00:02:55.067+0000] {logging_mixin.py:188} INFO - [2026-05-07T00:02:55.067+0000] {dag.py:3954} INFO - Setting next_dagrun for example_dynamic_task_mapping to 2022-03-04 00:00:00+00:00, run_after=2022-03-05 00:00:00+00:00
[2026-05-07T00:02:55.083+0000] {processor.py:183} INFO - Processing /usr/local/python/3.12.1/lib/python3.12/site-packages/airflow/example_dags/example_dynamic_task_mapping.py took 0.062 seconds
[2026-05-07T00:03:49.969+0000] {processor.py:161} INFO - Started process (PID=34590) to work on /usr/local/python/3.12.1/lib/python3.12/site-packages/airflow/example_dags/example_dynamic_task_mapping.py
[2026-05-07T00:03:49.969+0000] {processor.py:830} INFO - Processing file /usr/local/python/3.12.1/lib/python3.12/site-packages/airflow/example_dags/example_dynamic_task_mapping.py for tasks to queue
[2026-05-07T00:03:49.971+0000] {logging_mixin.py:188} INFO - [2026-05-07T00:03:49.970+0000] {dagbag.py:545} INFO - Filling up the DagBag from /usr/local/python/3.12.1/lib/python3.12/site-packages/airflow/example_dags/example_dynamic_task_mapping.py
[2026-05-07T00:03:49.977+0000] {processor.py:840} INFO - DAG(s) 'example_dynamic_task_mapping' retrieved from /usr/local/python/3.12.1/lib/python3.12/site-packages/airflow/example_dags/example_dynamic_task_mapping.py
[2026-05-07T00:03:49.990+0000] {logging_mixin.py:188} INFO - [2026-05-07T00:03:49.989+0000] {dag.py:3096} INFO - Sync 1 DAGs
[2026-05-07T00:03:50.005+0000] {logging_mixin.py:188} INFO - [2026-05-07T00:03:50.005+0000] {dag.py:3954} INFO - Setting next_dagrun for example_dynamic_task_mapping to 2022-03-04 00:00:00+00:00, run_after=2022-03-05 00:00:00+00:00
[2026-05-07T00:03:50.022+0000] {processor.py:183} INFO - Processing /usr/local/python/3.12.1/lib/python3.12/site-packages/airflow/example_dags/example_dynamic_task_mapping.py took 0.058 seconds
[2026-05-07T00:04:48.222+0000] {processor.py:161} INFO - Started process (PID=34874) to work on /usr/local/python/3.12.1/lib/python3.12/site-packages/airflow/example_dags/example_dynamic_task_mapping.py
[2026-05-07T00:04:48.222+0000] {processor.py:830} INFO - Processing file /usr/local/python/3.12.1/lib/python3.12/site-packages/airflow/example_dags/example_dynamic_task_mapping.py for tasks to queue
[2026-05-07T00:04:48.224+0000] {logging_mixin.py:188} INFO - [2026-05-07T00:04:48.223+0000] {dagbag.py:545} INFO - Filling up the DagBag from /usr/local/python/3.12.1/lib/python3.12/site-packages/airflow/example_dags/example_dynamic_task_mapping.py
[2026-05-07T00:04:48.230+0000] {processor.py:840} INFO - DAG(s) 'example_dynamic_task_mapping' retrieved from /usr/local/python/3.12.1/lib/python3.12/site-packages/airflow/example_dags/example_dynamic_task_mapping.py
[2026-05-07T00:04:48.245+0000] {logging_mixin.py:188} INFO - [2026-05-07T00:04:48.245+0000] {dag.py:3096} INFO - Sync 1 DAGs
[2026-05-07T00:04:48.263+0000] {logging_mixin.py:188} INFO - [2026-05-07T00:04:48.263+0000] {dag.py:3954} INFO - Setting next_dagrun for example_dynamic_task_mapping to 2022-03-04 00:00:00+00:00, run_after=2022-03-05 00:00:00+00:00
[2026-05-07T00:04:48.280+0000] {processor.py:183} INFO - Processing /usr/local/python/3.12.1/lib/python3.12/site-packages/airflow/example_dags/example_dynamic_task_mapping.py took 0.063 seconds
[2026-05-07T00:05:45.055+0000] {processor.py:161} INFO - Started process (PID=35160) to work on /usr/local/python/3.12.1/lib/python3.12/site-packages/airflow/example_dags/example_dynamic_task_mapping.py
[2026-05-07T00:05:45.055+0000] {processor.py:830} INFO - Processing file /usr/local/python/3.12.1/lib/python3.12/site-packages/airflow/example_dags/example_dynamic_task_mapping.py for tasks to queue
[2026-05-07T00:05:45.057+0000] {logging_mixin.py:188} INFO - [2026-05-07T00:05:45.056+0000] {dagbag.py:545} INFO - Filling up the DagBag from /usr/local/python/3.12.1/lib/python3.12/site-packages/airflow/example_dags/example_dynamic_task_mapping.py
[2026-05-07T00:05:45.065+0000] {processor.py:840} INFO - DAG(s) 'example_dynamic_task_mapping' retrieved from /usr/local/python/3.12.1/lib/python3.12/site-packages/airflow/example_dags/example_dynamic_task_mapping.py
[2026-05-07T00:05:45.078+0000] {logging_mixin.py:188} INFO - [2026-05-07T00:05:45.078+0000] {dag.py:3096} INFO - Sync 1 DAGs
[2026-05-07T00:05:45.094+0000] {logging_mixin.py:188} INFO - [2026-05-07T00:05:45.093+0000] {dag.py:3954} INFO - Setting next_dagrun for example_dynamic_task_mapping to 2022-03-04 00:00:00+00:00, run_after=2022-03-05 00:00:00+00:00
[2026-05-07T00:05:45.109+0000] {processor.py:183} INFO - Processing /usr/local/python/3.12.1/lib/python3.12/site-packages/airflow/example_dags/example_dynamic_task_mapping.py took 0.059 seconds
[2026-05-07T00:06:39.330+0000] {processor.py:161} INFO - Started process (PID=35422) to work on /usr/local/python/3.12.1/lib/python3.12/site-packages/airflow/example_dags/example_dynamic_task_mapping.py
[2026-05-07T00:06:39.330+0000] {processor.py:830} INFO - Processing file /usr/local/python/3.12.1/lib/python3.12/site-packages/airflow/example_dags/example_dynamic_task_mapping.py for tasks to queue
[2026-05-07T00:06:39.332+0000] {logging_mixin.py:188} INFO - [2026-05-07T00:06:39.332+0000] {dagbag.py:545} INFO - Filling up the DagBag from /usr/local/python/3.12.1/lib/python3.12/site-packages/airflow/example_dags/example_dynamic_task_mapping.py
[2026-05-07T00:06:39.339+0000] {processor.py:840} INFO - DAG(s) 'example_dynamic_task_mapping' retrieved from /usr/local/python/3.12.1/lib/python3.12/site-packages/airflow/example_dags/example_dynamic_task_mapping.py
[2026-05-07T00:06:39.356+0000] {logging_mixin.py:188} INFO - [2026-05-07T00:06:39.356+0000] {dag.py:3096} INFO - Sync 1 DAGs
[2026-05-07T00:06:39.372+0000] {logging_mixin.py:188} INFO - [2026-05-07T00:06:39.371+0000] {dag.py:3954} INFO - Setting next_dagrun for example_dynamic_task_mapping to 2022-03-04 00:00:00+00:00, run_after=2022-03-05 00:00:00+00:00
[2026-05-07T00:06:39.390+0000] {processor.py:183} INFO - Processing /usr/local/python/3.12.1/lib/python3.12/site-packages/airflow/example_dags/example_dynamic_task_mapping.py took 0.066 seconds
[2026-05-07T00:07:33.383+0000] {processor.py:161} INFO - Started process (PID=35678) to work on /usr/local/python/3.12.1/lib/python3.12/site-packages/airflow/example_dags/example_dynamic_task_mapping.py
[2026-05-07T00:07:33.384+0000] {processor.py:830} INFO - Processing file /usr/local/python/3.12.1/lib/python3.12/site-packages/airflow/example_dags/example_dynamic_task_mapping.py for tasks to queue
[2026-05-07T00:07:33.385+0000] {logging_mixin.py:188} INFO - [2026-05-07T00:07:33.385+0000] {dagbag.py:545} INFO - Filling up the DagBag from /usr/local/python/3.12.1/lib/python3.12/site-packages/airflow/example_dags/example_dynamic_task_mapping.py
[2026-05-07T00:07:33.391+0000] {processor.py:840} INFO - DAG(s) 'example_dynamic_task_mapping' retrieved from /usr/local/python/3.12.1/lib/python3.12/site-packages/airflow/example_dags/example_dynamic_task_mapping.py
[2026-05-07T00:07:33.403+0000] {logging_mixin.py:188} INFO - [2026-05-07T00:07:33.403+0000] {dag.py:3096} INFO - Sync 1 DAGs
[2026-05-07T00:07:33.417+0000] {logging_mixin.py:188} INFO - [2026-05-07T00:07:33.417+0000] {dag.py:3954} INFO - Setting next_dagrun for example_dynamic_task_mapping to 2022-03-04 00:00:00+00:00, run_after=2022-03-05 00:00:00+00:00
[2026-05-07T00:07:33.434+0000] {processor.py:183} INFO - Processing /usr/local/python/3.12.1/lib/python3.12/site-packages/airflow/example_dags/example_dynamic_task_mapping.py took 0.056 seconds
