[2026-05-07T00:00:34.671+0000] {processor.py:161} INFO - Started process (PID=33634) to work on /usr/local/python/3.12.1/lib/python3.12/site-packages/airflow/example_dags/example_short_circuit_operator.py
[2026-05-07T00:00:34.672+0000] {processor.py:830} INFO - Processing file /usr/local/python/3.12.1/lib/python3.12/site-packages/airflow/example_dags/example_short_circuit_operator.py for tasks to queue
[2026-05-07T00:00:34.673+0000] {logging_mixin.py:188} INFO - [2026-05-07T00:00:34.673+0000] {dagbag.py:545} INFO - Filling up the DagBag from /usr/local/python/3.12.1/lib/python3.12/site-packages/airflow/example_dags/example_short_circuit_operator.py
[2026-05-07T00:00:34.680+0000] {processor.py:840} INFO - DAG(s) 'example_short_circuit_operator' retrieved from /usr/local/python/3.12.1/lib/python3.12/site-packages/airflow/example_dags/example_short_circuit_operator.py
[2026-05-07T00:00:34.695+0000] {logging_mixin.py:188} INFO - [2026-05-07T00:00:34.695+0000] {dag.py:3096} INFO - Sync 1 DAGs
[2026-05-07T00:00:34.711+0000] {logging_mixin.py:188} INFO - [2026-05-07T00:00:34.711+0000] {dag.py:3954} INFO - Setting next_dagrun for example_short_circuit_operator to 2026-05-06 00:00:00+00:00, run_after=2026-05-07 00:00:00+00:00
[2026-05-07T00:00:34.729+0000] {processor.py:183} INFO - Processing /usr/local/python/3.12.1/lib/python3.12/site-packages/airflow/example_dags/example_short_circuit_operator.py took 0.063 seconds
[2026-05-07T00:01:29.067+0000] {processor.py:161} INFO - Started process (PID=33895) to work on /usr/local/python/3.12.1/lib/python3.12/site-packages/airflow/example_dags/example_short_circuit_operator.py
[2026-05-07T00:01:29.067+0000] {processor.py:830} INFO - Processing file /usr/local/python/3.12.1/lib/python3.12/site-packages/airflow/example_dags/example_short_circuit_operator.py for tasks to queue
[2026-05-07T00:01:29.069+0000] {logging_mixin.py:188} INFO - [2026-05-07T00:01:29.069+0000] {dagbag.py:545} INFO - Filling up the DagBag from /usr/local/python/3.12.1/lib/python3.12/site-packages/airflow/example_dags/example_short_circuit_operator.py
[2026-05-07T00:01:29.075+0000] {processor.py:840} INFO - DAG(s) 'example_short_circuit_operator' retrieved from /usr/local/python/3.12.1/lib/python3.12/site-packages/airflow/example_dags/example_short_circuit_operator.py
[2026-05-07T00:01:29.090+0000] {logging_mixin.py:188} INFO - [2026-05-07T00:01:29.090+0000] {dag.py:3096} INFO - Sync 1 DAGs
[2026-05-07T00:01:29.106+0000] {logging_mixin.py:188} INFO - [2026-05-07T00:01:29.106+0000] {dag.py:3954} INFO - Setting next_dagrun for example_short_circuit_operator to 2026-05-06 00:00:00+00:00, run_after=2026-05-07 00:00:00+00:00
[2026-05-07T00:01:29.125+0000] {processor.py:183} INFO - Processing /usr/local/python/3.12.1/lib/python3.12/site-packages/airflow/example_dags/example_short_circuit_operator.py took 0.063 seconds
[2026-05-07T00:02:09.065+0000] {processor.py:161} INFO - Started process (PID=34089) to work on /usr/local/python/3.12.1/lib/python3.12/site-packages/airflow/example_dags/example_short_circuit_operator.py
[2026-05-07T00:02:09.066+0000] {processor.py:830} INFO - Processing file /usr/local/python/3.12.1/lib/python3.12/site-packages/airflow/example_dags/example_short_circuit_operator.py for tasks to queue
[2026-05-07T00:02:09.068+0000] {logging_mixin.py:188} INFO - [2026-05-07T00:02:09.067+0000] {dagbag.py:545} INFO - Filling up the DagBag from /usr/local/python/3.12.1/lib/python3.12/site-packages/airflow/example_dags/example_short_circuit_operator.py
[2026-05-07T00:02:09.075+0000] {processor.py:840} INFO - DAG(s) 'example_short_circuit_operator' retrieved from /usr/local/python/3.12.1/lib/python3.12/site-packages/airflow/example_dags/example_short_circuit_operator.py
[2026-05-07T00:02:09.090+0000] {logging_mixin.py:188} INFO - [2026-05-07T00:02:09.090+0000] {dag.py:3096} INFO - Sync 1 DAGs
[2026-05-07T00:02:09.106+0000] {logging_mixin.py:188} INFO - [2026-05-07T00:02:09.106+0000] {dag.py:3954} INFO - Setting next_dagrun for example_short_circuit_operator to 2026-05-06 00:00:00+00:00, run_after=2026-05-07 00:00:00+00:00
[2026-05-07T00:02:09.123+0000] {processor.py:183} INFO - Processing /usr/local/python/3.12.1/lib/python3.12/site-packages/airflow/example_dags/example_short_circuit_operator.py took 0.063 seconds
[2026-05-07T00:03:07.996+0000] {processor.py:161} INFO - Started process (PID=34382) to work on /usr/local/python/3.12.1/lib/python3.12/site-packages/airflow/example_dags/example_short_circuit_operator.py
[2026-05-07T00:03:07.997+0000] {processor.py:830} INFO - Processing file /usr/local/python/3.12.1/lib/python3.12/site-packages/airflow/example_dags/example_short_circuit_operator.py for tasks to queue
[2026-05-07T00:03:07.998+0000] {logging_mixin.py:188} INFO - [2026-05-07T00:03:07.998+0000] {dagbag.py:545} INFO - Filling up the DagBag from /usr/local/python/3.12.1/lib/python3.12/site-packages/airflow/example_dags/example_short_circuit_operator.py
[2026-05-07T00:03:08.005+0000] {processor.py:840} INFO - DAG(s) 'example_short_circuit_operator' retrieved from /usr/local/python/3.12.1/lib/python3.12/site-packages/airflow/example_dags/example_short_circuit_operator.py
[2026-05-07T00:03:08.020+0000] {logging_mixin.py:188} INFO - [2026-05-07T00:03:08.020+0000] {dag.py:3096} INFO - Sync 1 DAGs
[2026-05-07T00:03:08.035+0000] {logging_mixin.py:188} INFO - [2026-05-07T00:03:08.035+0000] {dag.py:3954} INFO - Setting next_dagrun for example_short_circuit_operator to 2026-05-06 00:00:00+00:00, run_after=2026-05-07 00:00:00+00:00
[2026-05-07T00:03:08.056+0000] {processor.py:183} INFO - Processing /usr/local/python/3.12.1/lib/python3.12/site-packages/airflow/example_dags/example_short_circuit_operator.py took 0.065 seconds
[2026-05-07T00:04:03.609+0000] {processor.py:161} INFO - Started process (PID=34664) to work on /usr/local/python/3.12.1/lib/python3.12/site-packages/airflow/example_dags/example_short_circuit_operator.py
[2026-05-07T00:04:03.610+0000] {processor.py:830} INFO - Processing file /usr/local/python/3.12.1/lib/python3.12/site-packages/airflow/example_dags/example_short_circuit_operator.py for tasks to queue
[2026-05-07T00:04:03.612+0000] {logging_mixin.py:188} INFO - [2026-05-07T00:04:03.611+0000] {dagbag.py:545} INFO - Filling up the DagBag from /usr/local/python/3.12.1/lib/python3.12/site-packages/airflow/example_dags/example_short_circuit_operator.py
[2026-05-07T00:04:03.618+0000] {processor.py:840} INFO - DAG(s) 'example_short_circuit_operator' retrieved from /usr/local/python/3.12.1/lib/python3.12/site-packages/airflow/example_dags/example_short_circuit_operator.py
[2026-05-07T00:04:03.634+0000] {logging_mixin.py:188} INFO - [2026-05-07T00:04:03.634+0000] {dag.py:3096} INFO - Sync 1 DAGs
[2026-05-07T00:04:03.655+0000] {logging_mixin.py:188} INFO - [2026-05-07T00:04:03.655+0000] {dag.py:3954} INFO - Setting next_dagrun for example_short_circuit_operator to 2026-05-06 00:00:00+00:00, run_after=2026-05-07 00:00:00+00:00
[2026-05-07T00:04:03.672+0000] {processor.py:183} INFO - Processing /usr/local/python/3.12.1/lib/python3.12/site-packages/airflow/example_dags/example_short_circuit_operator.py took 0.068 seconds
[2026-05-07T00:05:00.857+0000] {processor.py:161} INFO - Started process (PID=34930) to work on /usr/local/python/3.12.1/lib/python3.12/site-packages/airflow/example_dags/example_short_circuit_operator.py
[2026-05-07T00:05:00.858+0000] {processor.py:830} INFO - Processing file /usr/local/python/3.12.1/lib/python3.12/site-packages/airflow/example_dags/example_short_circuit_operator.py for tasks to queue
[2026-05-07T00:05:00.859+0000] {logging_mixin.py:188} INFO - [2026-05-07T00:05:00.859+0000] {dagbag.py:545} INFO - Filling up the DagBag from /usr/local/python/3.12.1/lib/python3.12/site-packages/airflow/example_dags/example_short_circuit_operator.py
[2026-05-07T00:05:00.866+0000] {processor.py:840} INFO - DAG(s) 'example_short_circuit_operator' retrieved from /usr/local/python/3.12.1/lib/python3.12/site-packages/airflow/example_dags/example_short_circuit_operator.py
[2026-05-07T00:05:00.881+0000] {logging_mixin.py:188} INFO - [2026-05-07T00:05:00.881+0000] {dag.py:3096} INFO - Sync 1 DAGs
[2026-05-07T00:05:00.896+0000] {logging_mixin.py:188} INFO - [2026-05-07T00:05:00.896+0000] {dag.py:3954} INFO - Setting next_dagrun for example_short_circuit_operator to 2026-05-06 00:00:00+00:00, run_after=2026-05-07 00:00:00+00:00
[2026-05-07T00:05:00.913+0000] {processor.py:183} INFO - Processing /usr/local/python/3.12.1/lib/python3.12/site-packages/airflow/example_dags/example_short_circuit_operator.py took 0.062 seconds
[2026-05-07T00:05:55.226+0000] {processor.py:161} INFO - Started process (PID=35205) to work on /usr/local/python/3.12.1/lib/python3.12/site-packages/airflow/example_dags/example_short_circuit_operator.py
[2026-05-07T00:05:55.227+0000] {processor.py:830} INFO - Processing file /usr/local/python/3.12.1/lib/python3.12/site-packages/airflow/example_dags/example_short_circuit_operator.py for tasks to queue
[2026-05-07T00:05:55.229+0000] {logging_mixin.py:188} INFO - [2026-05-07T00:05:55.228+0000] {dagbag.py:545} INFO - Filling up the DagBag from /usr/local/python/3.12.1/lib/python3.12/site-packages/airflow/example_dags/example_short_circuit_operator.py
[2026-05-07T00:05:55.235+0000] {processor.py:840} INFO - DAG(s) 'example_short_circuit_operator' retrieved from /usr/local/python/3.12.1/lib/python3.12/site-packages/airflow/example_dags/example_short_circuit_operator.py
[2026-05-07T00:05:55.257+0000] {logging_mixin.py:188} INFO - [2026-05-07T00:05:55.257+0000] {dag.py:3096} INFO - Sync 1 DAGs
[2026-05-07T00:05:55.273+0000] {logging_mixin.py:188} INFO - [2026-05-07T00:05:55.272+0000] {dag.py:3954} INFO - Setting next_dagrun for example_short_circuit_operator to 2026-05-06 00:00:00+00:00, run_after=2026-05-07 00:00:00+00:00
[2026-05-07T00:05:55.289+0000] {processor.py:183} INFO - Processing /usr/local/python/3.12.1/lib/python3.12/site-packages/airflow/example_dags/example_short_circuit_operator.py took 0.068 seconds
[2026-05-07T00:06:51.068+0000] {processor.py:161} INFO - Started process (PID=35475) to work on /usr/local/python/3.12.1/lib/python3.12/site-packages/airflow/example_dags/example_short_circuit_operator.py
[2026-05-07T00:06:51.069+0000] {processor.py:830} INFO - Processing file /usr/local/python/3.12.1/lib/python3.12/site-packages/airflow/example_dags/example_short_circuit_operator.py for tasks to queue
[2026-05-07T00:06:51.070+0000] {logging_mixin.py:188} INFO - [2026-05-07T00:06:51.070+0000] {dagbag.py:545} INFO - Filling up the DagBag from /usr/local/python/3.12.1/lib/python3.12/site-packages/airflow/example_dags/example_short_circuit_operator.py
[2026-05-07T00:06:51.076+0000] {processor.py:840} INFO - DAG(s) 'example_short_circuit_operator' retrieved from /usr/local/python/3.12.1/lib/python3.12/site-packages/airflow/example_dags/example_short_circuit_operator.py
[2026-05-07T00:06:51.091+0000] {logging_mixin.py:188} INFO - [2026-05-07T00:06:51.091+0000] {dag.py:3096} INFO - Sync 1 DAGs
[2026-05-07T00:06:51.117+0000] {logging_mixin.py:188} INFO - [2026-05-07T00:06:51.117+0000] {dag.py:3954} INFO - Setting next_dagrun for example_short_circuit_operator to 2026-05-06 00:00:00+00:00, run_after=2026-05-07 00:00:00+00:00
[2026-05-07T00:06:51.152+0000] {processor.py:183} INFO - Processing /usr/local/python/3.12.1/lib/python3.12/site-packages/airflow/example_dags/example_short_circuit_operator.py took 0.089 seconds
[2026-05-07T00:07:45.929+0000] {processor.py:161} INFO - Started process (PID=35757) to work on /usr/local/python/3.12.1/lib/python3.12/site-packages/airflow/example_dags/example_short_circuit_operator.py
[2026-05-07T00:07:45.930+0000] {processor.py:830} INFO - Processing file /usr/local/python/3.12.1/lib/python3.12/site-packages/airflow/example_dags/example_short_circuit_operator.py for tasks to queue
[2026-05-07T00:07:45.931+0000] {logging_mixin.py:188} INFO - [2026-05-07T00:07:45.931+0000] {dagbag.py:545} INFO - Filling up the DagBag from /usr/local/python/3.12.1/lib/python3.12/site-packages/airflow/example_dags/example_short_circuit_operator.py
[2026-05-07T00:07:45.938+0000] {processor.py:840} INFO - DAG(s) 'example_short_circuit_operator' retrieved from /usr/local/python/3.12.1/lib/python3.12/site-packages/airflow/example_dags/example_short_circuit_operator.py
[2026-05-07T00:07:45.959+0000] {logging_mixin.py:188} INFO - [2026-05-07T00:07:45.959+0000] {dag.py:3096} INFO - Sync 1 DAGs
[2026-05-07T00:07:45.975+0000] {logging_mixin.py:188} INFO - [2026-05-07T00:07:45.974+0000] {dag.py:3954} INFO - Setting next_dagrun for example_short_circuit_operator to 2026-05-06 00:00:00+00:00, run_after=2026-05-07 00:00:00+00:00
[2026-05-07T00:07:45.990+0000] {processor.py:183} INFO - Processing /usr/local/python/3.12.1/lib/python3.12/site-packages/airflow/example_dags/example_short_circuit_operator.py took 0.066 seconds
