[2026-05-07T00:00:28.405+0000] {processor.py:161} INFO - Started process (PID=33599) to work on /usr/local/python/3.12.1/lib/python3.12/site-packages/airflow/example_dags/example_time_delta_sensor_async.py
[2026-05-07T00:00:28.406+0000] {processor.py:830} INFO - Processing file /usr/local/python/3.12.1/lib/python3.12/site-packages/airflow/example_dags/example_time_delta_sensor_async.py for tasks to queue
[2026-05-07T00:00:28.407+0000] {logging_mixin.py:188} INFO - [2026-05-07T00:00:28.407+0000] {dagbag.py:545} INFO - Filling up the DagBag from /usr/local/python/3.12.1/lib/python3.12/site-packages/airflow/example_dags/example_time_delta_sensor_async.py
[2026-05-07T00:00:28.411+0000] {processor.py:840} INFO - DAG(s) 'example_time_delta_sensor_async' retrieved from /usr/local/python/3.12.1/lib/python3.12/site-packages/airflow/example_dags/example_time_delta_sensor_async.py
[2026-05-07T00:00:28.425+0000] {logging_mixin.py:188} INFO - [2026-05-07T00:00:28.424+0000] {dag.py:3096} INFO - Sync 1 DAGs
[2026-05-07T00:00:28.434+0000] {logging_mixin.py:188} INFO - [2026-05-07T00:00:28.434+0000] {dag.py:3954} INFO - Setting next_dagrun for example_time_delta_sensor_async to None, run_after=None
[2026-05-07T00:00:28.459+0000] {processor.py:183} INFO - Processing /usr/local/python/3.12.1/lib/python3.12/site-packages/airflow/example_dags/example_time_delta_sensor_async.py took 0.059 seconds
[2026-05-07T00:01:04.495+0000] {processor.py:161} INFO - Started process (PID=33781) to work on /usr/local/python/3.12.1/lib/python3.12/site-packages/airflow/example_dags/example_time_delta_sensor_async.py
[2026-05-07T00:01:04.496+0000] {processor.py:830} INFO - Processing file /usr/local/python/3.12.1/lib/python3.12/site-packages/airflow/example_dags/example_time_delta_sensor_async.py for tasks to queue
[2026-05-07T00:01:04.497+0000] {logging_mixin.py:188} INFO - [2026-05-07T00:01:04.497+0000] {dagbag.py:545} INFO - Filling up the DagBag from /usr/local/python/3.12.1/lib/python3.12/site-packages/airflow/example_dags/example_time_delta_sensor_async.py
[2026-05-07T00:01:04.501+0000] {processor.py:840} INFO - DAG(s) 'example_time_delta_sensor_async' retrieved from /usr/local/python/3.12.1/lib/python3.12/site-packages/airflow/example_dags/example_time_delta_sensor_async.py
[2026-05-07T00:01:04.515+0000] {logging_mixin.py:188} INFO - [2026-05-07T00:01:04.515+0000] {dag.py:3096} INFO - Sync 1 DAGs
[2026-05-07T00:01:04.524+0000] {logging_mixin.py:188} INFO - [2026-05-07T00:01:04.524+0000] {dag.py:3954} INFO - Setting next_dagrun for example_time_delta_sensor_async to None, run_after=None
[2026-05-07T00:01:04.544+0000] {processor.py:183} INFO - Processing /usr/local/python/3.12.1/lib/python3.12/site-packages/airflow/example_dags/example_time_delta_sensor_async.py took 0.054 seconds
[2026-05-07T00:01:44.494+0000] {processor.py:161} INFO - Started process (PID=33980) to work on /usr/local/python/3.12.1/lib/python3.12/site-packages/airflow/example_dags/example_time_delta_sensor_async.py
[2026-05-07T00:01:44.494+0000] {processor.py:830} INFO - Processing file /usr/local/python/3.12.1/lib/python3.12/site-packages/airflow/example_dags/example_time_delta_sensor_async.py for tasks to queue
[2026-05-07T00:01:44.496+0000] {logging_mixin.py:188} INFO - [2026-05-07T00:01:44.495+0000] {dagbag.py:545} INFO - Filling up the DagBag from /usr/local/python/3.12.1/lib/python3.12/site-packages/airflow/example_dags/example_time_delta_sensor_async.py
[2026-05-07T00:01:44.500+0000] {processor.py:840} INFO - DAG(s) 'example_time_delta_sensor_async' retrieved from /usr/local/python/3.12.1/lib/python3.12/site-packages/airflow/example_dags/example_time_delta_sensor_async.py
[2026-05-07T00:01:44.514+0000] {logging_mixin.py:188} INFO - [2026-05-07T00:01:44.514+0000] {dag.py:3096} INFO - Sync 1 DAGs
[2026-05-07T00:01:44.523+0000] {logging_mixin.py:188} INFO - [2026-05-07T00:01:44.523+0000] {dag.py:3954} INFO - Setting next_dagrun for example_time_delta_sensor_async to None, run_after=None
[2026-05-07T00:01:44.545+0000] {processor.py:183} INFO - Processing /usr/local/python/3.12.1/lib/python3.12/site-packages/airflow/example_dags/example_time_delta_sensor_async.py took 0.056 seconds
[2026-05-07T00:02:22.851+0000] {processor.py:161} INFO - Started process (PID=34170) to work on /usr/local/python/3.12.1/lib/python3.12/site-packages/airflow/example_dags/example_time_delta_sensor_async.py
[2026-05-07T00:02:22.852+0000] {processor.py:830} INFO - Processing file /usr/local/python/3.12.1/lib/python3.12/site-packages/airflow/example_dags/example_time_delta_sensor_async.py for tasks to queue
[2026-05-07T00:02:22.854+0000] {logging_mixin.py:188} INFO - [2026-05-07T00:02:22.854+0000] {dagbag.py:545} INFO - Filling up the DagBag from /usr/local/python/3.12.1/lib/python3.12/site-packages/airflow/example_dags/example_time_delta_sensor_async.py
[2026-05-07T00:02:22.860+0000] {processor.py:840} INFO - DAG(s) 'example_time_delta_sensor_async' retrieved from /usr/local/python/3.12.1/lib/python3.12/site-packages/airflow/example_dags/example_time_delta_sensor_async.py
[2026-05-07T00:02:22.876+0000] {logging_mixin.py:188} INFO - [2026-05-07T00:02:22.876+0000] {dag.py:3096} INFO - Sync 1 DAGs
[2026-05-07T00:02:22.886+0000] {logging_mixin.py:188} INFO - [2026-05-07T00:02:22.886+0000] {dag.py:3954} INFO - Setting next_dagrun for example_time_delta_sensor_async to None, run_after=None
[2026-05-07T00:02:22.904+0000] {processor.py:183} INFO - Processing /usr/local/python/3.12.1/lib/python3.12/site-packages/airflow/example_dags/example_time_delta_sensor_async.py took 0.060 seconds
[2026-05-07T00:03:00.577+0000] {processor.py:161} INFO - Started process (PID=34337) to work on /usr/local/python/3.12.1/lib/python3.12/site-packages/airflow/example_dags/example_time_delta_sensor_async.py
[2026-05-07T00:03:00.578+0000] {processor.py:830} INFO - Processing file /usr/local/python/3.12.1/lib/python3.12/site-packages/airflow/example_dags/example_time_delta_sensor_async.py for tasks to queue
[2026-05-07T00:03:00.579+0000] {logging_mixin.py:188} INFO - [2026-05-07T00:03:00.579+0000] {dagbag.py:545} INFO - Filling up the DagBag from /usr/local/python/3.12.1/lib/python3.12/site-packages/airflow/example_dags/example_time_delta_sensor_async.py
[2026-05-07T00:03:00.583+0000] {processor.py:840} INFO - DAG(s) 'example_time_delta_sensor_async' retrieved from /usr/local/python/3.12.1/lib/python3.12/site-packages/airflow/example_dags/example_time_delta_sensor_async.py
[2026-05-07T00:03:00.597+0000] {logging_mixin.py:188} INFO - [2026-05-07T00:03:00.597+0000] {dag.py:3096} INFO - Sync 1 DAGs
[2026-05-07T00:03:00.607+0000] {logging_mixin.py:188} INFO - [2026-05-07T00:03:00.606+0000] {dag.py:3954} INFO - Setting next_dagrun for example_time_delta_sensor_async to None, run_after=None
[2026-05-07T00:03:00.624+0000] {processor.py:183} INFO - Processing /usr/local/python/3.12.1/lib/python3.12/site-packages/airflow/example_dags/example_time_delta_sensor_async.py took 0.052 seconds
[2026-05-07T00:03:38.697+0000] {processor.py:161} INFO - Started process (PID=34531) to work on /usr/local/python/3.12.1/lib/python3.12/site-packages/airflow/example_dags/example_time_delta_sensor_async.py
[2026-05-07T00:03:38.698+0000] {processor.py:830} INFO - Processing file /usr/local/python/3.12.1/lib/python3.12/site-packages/airflow/example_dags/example_time_delta_sensor_async.py for tasks to queue
[2026-05-07T00:03:38.699+0000] {logging_mixin.py:188} INFO - [2026-05-07T00:03:38.699+0000] {dagbag.py:545} INFO - Filling up the DagBag from /usr/local/python/3.12.1/lib/python3.12/site-packages/airflow/example_dags/example_time_delta_sensor_async.py
[2026-05-07T00:03:38.703+0000] {processor.py:840} INFO - DAG(s) 'example_time_delta_sensor_async' retrieved from /usr/local/python/3.12.1/lib/python3.12/site-packages/airflow/example_dags/example_time_delta_sensor_async.py
[2026-05-07T00:03:38.716+0000] {logging_mixin.py:188} INFO - [2026-05-07T00:03:38.716+0000] {dag.py:3096} INFO - Sync 1 DAGs
[2026-05-07T00:03:38.726+0000] {logging_mixin.py:188} INFO - [2026-05-07T00:03:38.726+0000] {dag.py:3954} INFO - Setting next_dagrun for example_time_delta_sensor_async to None, run_after=None
[2026-05-07T00:03:38.748+0000] {processor.py:183} INFO - Processing /usr/local/python/3.12.1/lib/python3.12/site-packages/airflow/example_dags/example_time_delta_sensor_async.py took 0.056 seconds
[2026-05-07T00:04:17.290+0000] {processor.py:161} INFO - Started process (PID=34728) to work on /usr/local/python/3.12.1/lib/python3.12/site-packages/airflow/example_dags/example_time_delta_sensor_async.py
[2026-05-07T00:04:17.291+0000] {processor.py:830} INFO - Processing file /usr/local/python/3.12.1/lib/python3.12/site-packages/airflow/example_dags/example_time_delta_sensor_async.py for tasks to queue
[2026-05-07T00:04:17.292+0000] {logging_mixin.py:188} INFO - [2026-05-07T00:04:17.292+0000] {dagbag.py:545} INFO - Filling up the DagBag from /usr/local/python/3.12.1/lib/python3.12/site-packages/airflow/example_dags/example_time_delta_sensor_async.py
[2026-05-07T00:04:17.296+0000] {processor.py:840} INFO - DAG(s) 'example_time_delta_sensor_async' retrieved from /usr/local/python/3.12.1/lib/python3.12/site-packages/airflow/example_dags/example_time_delta_sensor_async.py
[2026-05-07T00:04:17.310+0000] {logging_mixin.py:188} INFO - [2026-05-07T00:04:17.310+0000] {dag.py:3096} INFO - Sync 1 DAGs
[2026-05-07T00:04:17.319+0000] {logging_mixin.py:188} INFO - [2026-05-07T00:04:17.319+0000] {dag.py:3954} INFO - Setting next_dagrun for example_time_delta_sensor_async to None, run_after=None
[2026-05-07T00:04:17.336+0000] {processor.py:183} INFO - Processing /usr/local/python/3.12.1/lib/python3.12/site-packages/airflow/example_dags/example_time_delta_sensor_async.py took 0.052 seconds
[2026-05-07T00:04:54.977+0000] {processor.py:161} INFO - Started process (PID=34912) to work on /usr/local/python/3.12.1/lib/python3.12/site-packages/airflow/example_dags/example_time_delta_sensor_async.py
[2026-05-07T00:04:54.978+0000] {processor.py:830} INFO - Processing file /usr/local/python/3.12.1/lib/python3.12/site-packages/airflow/example_dags/example_time_delta_sensor_async.py for tasks to queue
[2026-05-07T00:04:54.979+0000] {logging_mixin.py:188} INFO - [2026-05-07T00:04:54.979+0000] {dagbag.py:545} INFO - Filling up the DagBag from /usr/local/python/3.12.1/lib/python3.12/site-packages/airflow/example_dags/example_time_delta_sensor_async.py
[2026-05-07T00:04:54.983+0000] {processor.py:840} INFO - DAG(s) 'example_time_delta_sensor_async' retrieved from /usr/local/python/3.12.1/lib/python3.12/site-packages/airflow/example_dags/example_time_delta_sensor_async.py
[2026-05-07T00:04:54.996+0000] {logging_mixin.py:188} INFO - [2026-05-07T00:04:54.996+0000] {dag.py:3096} INFO - Sync 1 DAGs
[2026-05-07T00:04:55.005+0000] {logging_mixin.py:188} INFO - [2026-05-07T00:04:55.005+0000] {dag.py:3954} INFO - Setting next_dagrun for example_time_delta_sensor_async to None, run_after=None
[2026-05-07T00:04:55.023+0000] {processor.py:183} INFO - Processing /usr/local/python/3.12.1/lib/python3.12/site-packages/airflow/example_dags/example_time_delta_sensor_async.py took 0.050 seconds
[2026-05-07T00:05:33.519+0000] {processor.py:161} INFO - Started process (PID=35101) to work on /usr/local/python/3.12.1/lib/python3.12/site-packages/airflow/example_dags/example_time_delta_sensor_async.py
[2026-05-07T00:05:33.520+0000] {processor.py:830} INFO - Processing file /usr/local/python/3.12.1/lib/python3.12/site-packages/airflow/example_dags/example_time_delta_sensor_async.py for tasks to queue
[2026-05-07T00:05:33.522+0000] {logging_mixin.py:188} INFO - [2026-05-07T00:05:33.522+0000] {dagbag.py:545} INFO - Filling up the DagBag from /usr/local/python/3.12.1/lib/python3.12/site-packages/airflow/example_dags/example_time_delta_sensor_async.py
[2026-05-07T00:05:33.526+0000] {processor.py:840} INFO - DAG(s) 'example_time_delta_sensor_async' retrieved from /usr/local/python/3.12.1/lib/python3.12/site-packages/airflow/example_dags/example_time_delta_sensor_async.py
[2026-05-07T00:05:33.541+0000] {logging_mixin.py:188} INFO - [2026-05-07T00:05:33.540+0000] {dag.py:3096} INFO - Sync 1 DAGs
[2026-05-07T00:05:33.553+0000] {logging_mixin.py:188} INFO - [2026-05-07T00:05:33.553+0000] {dag.py:3954} INFO - Setting next_dagrun for example_time_delta_sensor_async to None, run_after=None
[2026-05-07T00:05:33.572+0000] {processor.py:183} INFO - Processing /usr/local/python/3.12.1/lib/python3.12/site-packages/airflow/example_dags/example_time_delta_sensor_async.py took 0.058 seconds
[2026-05-07T00:06:08.492+0000] {processor.py:161} INFO - Started process (PID=35267) to work on /usr/local/python/3.12.1/lib/python3.12/site-packages/airflow/example_dags/example_time_delta_sensor_async.py
[2026-05-07T00:06:08.493+0000] {processor.py:830} INFO - Processing file /usr/local/python/3.12.1/lib/python3.12/site-packages/airflow/example_dags/example_time_delta_sensor_async.py for tasks to queue
[2026-05-07T00:06:08.494+0000] {logging_mixin.py:188} INFO - [2026-05-07T00:06:08.494+0000] {dagbag.py:545} INFO - Filling up the DagBag from /usr/local/python/3.12.1/lib/python3.12/site-packages/airflow/example_dags/example_time_delta_sensor_async.py
[2026-05-07T00:06:08.498+0000] {processor.py:840} INFO - DAG(s) 'example_time_delta_sensor_async' retrieved from /usr/local/python/3.12.1/lib/python3.12/site-packages/airflow/example_dags/example_time_delta_sensor_async.py
[2026-05-07T00:06:08.512+0000] {logging_mixin.py:188} INFO - [2026-05-07T00:06:08.511+0000] {dag.py:3096} INFO - Sync 1 DAGs
[2026-05-07T00:06:08.521+0000] {logging_mixin.py:188} INFO - [2026-05-07T00:06:08.521+0000] {dag.py:3954} INFO - Setting next_dagrun for example_time_delta_sensor_async to None, run_after=None
[2026-05-07T00:06:08.539+0000] {processor.py:183} INFO - Processing /usr/local/python/3.12.1/lib/python3.12/site-packages/airflow/example_dags/example_time_delta_sensor_async.py took 0.052 seconds
[2026-05-07T00:06:46.727+0000] {processor.py:161} INFO - Started process (PID=35459) to work on /usr/local/python/3.12.1/lib/python3.12/site-packages/airflow/example_dags/example_time_delta_sensor_async.py
[2026-05-07T00:06:46.728+0000] {processor.py:830} INFO - Processing file /usr/local/python/3.12.1/lib/python3.12/site-packages/airflow/example_dags/example_time_delta_sensor_async.py for tasks to queue
[2026-05-07T00:06:46.729+0000] {logging_mixin.py:188} INFO - [2026-05-07T00:06:46.729+0000] {dagbag.py:545} INFO - Filling up the DagBag from /usr/local/python/3.12.1/lib/python3.12/site-packages/airflow/example_dags/example_time_delta_sensor_async.py
[2026-05-07T00:06:46.733+0000] {processor.py:840} INFO - DAG(s) 'example_time_delta_sensor_async' retrieved from /usr/local/python/3.12.1/lib/python3.12/site-packages/airflow/example_dags/example_time_delta_sensor_async.py
[2026-05-07T00:06:46.750+0000] {logging_mixin.py:188} INFO - [2026-05-07T00:06:46.750+0000] {dag.py:3096} INFO - Sync 1 DAGs
[2026-05-07T00:06:46.761+0000] {logging_mixin.py:188} INFO - [2026-05-07T00:06:46.761+0000] {dag.py:3954} INFO - Setting next_dagrun for example_time_delta_sensor_async to None, run_after=None
[2026-05-07T00:06:46.779+0000] {processor.py:183} INFO - Processing /usr/local/python/3.12.1/lib/python3.12/site-packages/airflow/example_dags/example_time_delta_sensor_async.py took 0.057 seconds
[2026-05-07T00:07:23.186+0000] {processor.py:161} INFO - Started process (PID=35632) to work on /usr/local/python/3.12.1/lib/python3.12/site-packages/airflow/example_dags/example_time_delta_sensor_async.py
[2026-05-07T00:07:23.187+0000] {processor.py:830} INFO - Processing file /usr/local/python/3.12.1/lib/python3.12/site-packages/airflow/example_dags/example_time_delta_sensor_async.py for tasks to queue
[2026-05-07T00:07:23.188+0000] {logging_mixin.py:188} INFO - [2026-05-07T00:07:23.188+0000] {dagbag.py:545} INFO - Filling up the DagBag from /usr/local/python/3.12.1/lib/python3.12/site-packages/airflow/example_dags/example_time_delta_sensor_async.py
[2026-05-07T00:07:23.192+0000] {processor.py:840} INFO - DAG(s) 'example_time_delta_sensor_async' retrieved from /usr/local/python/3.12.1/lib/python3.12/site-packages/airflow/example_dags/example_time_delta_sensor_async.py
[2026-05-07T00:07:23.205+0000] {logging_mixin.py:188} INFO - [2026-05-07T00:07:23.205+0000] {dag.py:3096} INFO - Sync 1 DAGs
[2026-05-07T00:07:23.215+0000] {logging_mixin.py:188} INFO - [2026-05-07T00:07:23.214+0000] {dag.py:3954} INFO - Setting next_dagrun for example_time_delta_sensor_async to None, run_after=None
[2026-05-07T00:07:23.232+0000] {processor.py:183} INFO - Processing /usr/local/python/3.12.1/lib/python3.12/site-packages/airflow/example_dags/example_time_delta_sensor_async.py took 0.051 seconds
