[2026-05-07T00:00:23.698+0000] {processor.py:161} INFO - Started process (PID=33583) to work on /usr/local/python/3.12.1/lib/python3.12/site-packages/airflow/example_dags/example_branch_python_dop_operator_3.py
[2026-05-07T00:00:23.698+0000] {processor.py:830} INFO - Processing file /usr/local/python/3.12.1/lib/python3.12/site-packages/airflow/example_dags/example_branch_python_dop_operator_3.py for tasks to queue
[2026-05-07T00:00:23.700+0000] {logging_mixin.py:188} INFO - [2026-05-07T00:00:23.699+0000] {dagbag.py:545} INFO - Filling up the DagBag from /usr/local/python/3.12.1/lib/python3.12/site-packages/airflow/example_dags/example_branch_python_dop_operator_3.py
[2026-05-07T00:00:23.707+0000] {processor.py:840} INFO - DAG(s) 'example_branch_dop_operator_v3' retrieved from /usr/local/python/3.12.1/lib/python3.12/site-packages/airflow/example_dags/example_branch_python_dop_operator_3.py
[2026-05-07T00:00:23.720+0000] {logging_mixin.py:188} INFO - [2026-05-07T00:00:23.720+0000] {dag.py:3096} INFO - Sync 1 DAGs
[2026-05-07T00:00:23.738+0000] {logging_mixin.py:188} INFO - [2026-05-07T00:00:23.738+0000] {dag.py:3954} INFO - Setting next_dagrun for example_branch_dop_operator_v3 to 2026-05-06 23:59:00+00:00, run_after=2026-05-07 00:00:00+00:00
[2026-05-07T00:00:23.760+0000] {processor.py:183} INFO - Processing /usr/local/python/3.12.1/lib/python3.12/site-packages/airflow/example_dags/example_branch_python_dop_operator_3.py took 0.067 seconds
[2026-05-07T00:01:18.767+0000] {processor.py:161} INFO - Started process (PID=33844) to work on /usr/local/python/3.12.1/lib/python3.12/site-packages/airflow/example_dags/example_branch_python_dop_operator_3.py
[2026-05-07T00:01:18.768+0000] {processor.py:830} INFO - Processing file /usr/local/python/3.12.1/lib/python3.12/site-packages/airflow/example_dags/example_branch_python_dop_operator_3.py for tasks to queue
[2026-05-07T00:01:18.769+0000] {logging_mixin.py:188} INFO - [2026-05-07T00:01:18.769+0000] {dagbag.py:545} INFO - Filling up the DagBag from /usr/local/python/3.12.1/lib/python3.12/site-packages/airflow/example_dags/example_branch_python_dop_operator_3.py
[2026-05-07T00:01:18.777+0000] {processor.py:840} INFO - DAG(s) 'example_branch_dop_operator_v3' retrieved from /usr/local/python/3.12.1/lib/python3.12/site-packages/airflow/example_dags/example_branch_python_dop_operator_3.py
[2026-05-07T00:01:18.791+0000] {logging_mixin.py:188} INFO - [2026-05-07T00:01:18.790+0000] {dag.py:3096} INFO - Sync 1 DAGs
[2026-05-07T00:01:18.809+0000] {logging_mixin.py:188} INFO - [2026-05-07T00:01:18.809+0000] {dag.py:3954} INFO - Setting next_dagrun for example_branch_dop_operator_v3 to 2026-05-07 00:00:00+00:00, run_after=2026-05-07 00:01:00+00:00
[2026-05-07T00:01:18.828+0000] {processor.py:183} INFO - Processing /usr/local/python/3.12.1/lib/python3.12/site-packages/airflow/example_dags/example_branch_python_dop_operator_3.py took 0.066 seconds
[2026-05-07T00:02:17.604+0000] {processor.py:161} INFO - Started process (PID=34136) to work on /usr/local/python/3.12.1/lib/python3.12/site-packages/airflow/example_dags/example_branch_python_dop_operator_3.py
[2026-05-07T00:02:17.605+0000] {processor.py:830} INFO - Processing file /usr/local/python/3.12.1/lib/python3.12/site-packages/airflow/example_dags/example_branch_python_dop_operator_3.py for tasks to queue
[2026-05-07T00:02:17.606+0000] {logging_mixin.py:188} INFO - [2026-05-07T00:02:17.606+0000] {dagbag.py:545} INFO - Filling up the DagBag from /usr/local/python/3.12.1/lib/python3.12/site-packages/airflow/example_dags/example_branch_python_dop_operator_3.py
[2026-05-07T00:02:17.613+0000] {processor.py:840} INFO - DAG(s) 'example_branch_dop_operator_v3' retrieved from /usr/local/python/3.12.1/lib/python3.12/site-packages/airflow/example_dags/example_branch_python_dop_operator_3.py
[2026-05-07T00:02:17.627+0000] {logging_mixin.py:188} INFO - [2026-05-07T00:02:17.626+0000] {dag.py:3096} INFO - Sync 1 DAGs
[2026-05-07T00:02:17.648+0000] {logging_mixin.py:188} INFO - [2026-05-07T00:02:17.648+0000] {dag.py:3954} INFO - Setting next_dagrun for example_branch_dop_operator_v3 to 2026-05-07 00:01:00+00:00, run_after=2026-05-07 00:02:00+00:00
[2026-05-07T00:02:17.669+0000] {processor.py:183} INFO - Processing /usr/local/python/3.12.1/lib/python3.12/site-packages/airflow/example_dags/example_branch_python_dop_operator_3.py took 0.070 seconds
[2026-05-07T00:03:15.995+0000] {processor.py:161} INFO - Started process (PID=34423) to work on /usr/local/python/3.12.1/lib/python3.12/site-packages/airflow/example_dags/example_branch_python_dop_operator_3.py
[2026-05-07T00:03:15.996+0000] {processor.py:830} INFO - Processing file /usr/local/python/3.12.1/lib/python3.12/site-packages/airflow/example_dags/example_branch_python_dop_operator_3.py for tasks to queue
[2026-05-07T00:03:15.997+0000] {logging_mixin.py:188} INFO - [2026-05-07T00:03:15.997+0000] {dagbag.py:545} INFO - Filling up the DagBag from /usr/local/python/3.12.1/lib/python3.12/site-packages/airflow/example_dags/example_branch_python_dop_operator_3.py
[2026-05-07T00:03:16.004+0000] {processor.py:840} INFO - DAG(s) 'example_branch_dop_operator_v3' retrieved from /usr/local/python/3.12.1/lib/python3.12/site-packages/airflow/example_dags/example_branch_python_dop_operator_3.py
[2026-05-07T00:03:16.018+0000] {logging_mixin.py:188} INFO - [2026-05-07T00:03:16.018+0000] {dag.py:3096} INFO - Sync 1 DAGs
[2026-05-07T00:03:16.036+0000] {logging_mixin.py:188} INFO - [2026-05-07T00:03:16.035+0000] {dag.py:3954} INFO - Setting next_dagrun for example_branch_dop_operator_v3 to 2026-05-07 00:02:00+00:00, run_after=2026-05-07 00:03:00+00:00
[2026-05-07T00:03:16.057+0000] {processor.py:183} INFO - Processing /usr/local/python/3.12.1/lib/python3.12/site-packages/airflow/example_dags/example_branch_python_dop_operator_3.py took 0.067 seconds
[2026-05-07T00:04:11.834+0000] {processor.py:161} INFO - Started process (PID=34693) to work on /usr/local/python/3.12.1/lib/python3.12/site-packages/airflow/example_dags/example_branch_python_dop_operator_3.py
[2026-05-07T00:04:11.835+0000] {processor.py:830} INFO - Processing file /usr/local/python/3.12.1/lib/python3.12/site-packages/airflow/example_dags/example_branch_python_dop_operator_3.py for tasks to queue
[2026-05-07T00:04:11.837+0000] {logging_mixin.py:188} INFO - [2026-05-07T00:04:11.836+0000] {dagbag.py:545} INFO - Filling up the DagBag from /usr/local/python/3.12.1/lib/python3.12/site-packages/airflow/example_dags/example_branch_python_dop_operator_3.py
[2026-05-07T00:04:11.844+0000] {processor.py:840} INFO - DAG(s) 'example_branch_dop_operator_v3' retrieved from /usr/local/python/3.12.1/lib/python3.12/site-packages/airflow/example_dags/example_branch_python_dop_operator_3.py
[2026-05-07T00:04:11.857+0000] {logging_mixin.py:188} INFO - [2026-05-07T00:04:11.857+0000] {dag.py:3096} INFO - Sync 1 DAGs
[2026-05-07T00:04:11.884+0000] {logging_mixin.py:188} INFO - [2026-05-07T00:04:11.884+0000] {dag.py:3954} INFO - Setting next_dagrun for example_branch_dop_operator_v3 to 2026-05-07 00:03:00+00:00, run_after=2026-05-07 00:04:00+00:00
[2026-05-07T00:04:11.903+0000] {processor.py:183} INFO - Processing /usr/local/python/3.12.1/lib/python3.12/site-packages/airflow/example_dags/example_branch_python_dop_operator_3.py took 0.074 seconds
[2026-05-07T00:05:09.858+0000] {processor.py:161} INFO - Started process (PID=34978) to work on /usr/local/python/3.12.1/lib/python3.12/site-packages/airflow/example_dags/example_branch_python_dop_operator_3.py
[2026-05-07T00:05:09.859+0000] {processor.py:830} INFO - Processing file /usr/local/python/3.12.1/lib/python3.12/site-packages/airflow/example_dags/example_branch_python_dop_operator_3.py for tasks to queue
[2026-05-07T00:05:09.860+0000] {logging_mixin.py:188} INFO - [2026-05-07T00:05:09.860+0000] {dagbag.py:545} INFO - Filling up the DagBag from /usr/local/python/3.12.1/lib/python3.12/site-packages/airflow/example_dags/example_branch_python_dop_operator_3.py
[2026-05-07T00:05:09.867+0000] {processor.py:840} INFO - DAG(s) 'example_branch_dop_operator_v3' retrieved from /usr/local/python/3.12.1/lib/python3.12/site-packages/airflow/example_dags/example_branch_python_dop_operator_3.py
[2026-05-07T00:05:09.880+0000] {logging_mixin.py:188} INFO - [2026-05-07T00:05:09.880+0000] {dag.py:3096} INFO - Sync 1 DAGs
[2026-05-07T00:05:09.898+0000] {logging_mixin.py:188} INFO - [2026-05-07T00:05:09.898+0000] {dag.py:3954} INFO - Setting next_dagrun for example_branch_dop_operator_v3 to 2026-05-07 00:04:00+00:00, run_after=2026-05-07 00:05:00+00:00
[2026-05-07T00:05:09.914+0000] {processor.py:183} INFO - Processing /usr/local/python/3.12.1/lib/python3.12/site-packages/airflow/example_dags/example_branch_python_dop_operator_3.py took 0.062 seconds
[2026-05-07T00:06:03.354+0000] {processor.py:161} INFO - Started process (PID=35233) to work on /usr/local/python/3.12.1/lib/python3.12/site-packages/airflow/example_dags/example_branch_python_dop_operator_3.py
[2026-05-07T00:06:03.355+0000] {processor.py:830} INFO - Processing file /usr/local/python/3.12.1/lib/python3.12/site-packages/airflow/example_dags/example_branch_python_dop_operator_3.py for tasks to queue
[2026-05-07T00:06:03.357+0000] {logging_mixin.py:188} INFO - [2026-05-07T00:06:03.357+0000] {dagbag.py:545} INFO - Filling up the DagBag from /usr/local/python/3.12.1/lib/python3.12/site-packages/airflow/example_dags/example_branch_python_dop_operator_3.py
[2026-05-07T00:06:03.364+0000] {processor.py:840} INFO - DAG(s) 'example_branch_dop_operator_v3' retrieved from /usr/local/python/3.12.1/lib/python3.12/site-packages/airflow/example_dags/example_branch_python_dop_operator_3.py
[2026-05-07T00:06:03.377+0000] {logging_mixin.py:188} INFO - [2026-05-07T00:06:03.377+0000] {dag.py:3096} INFO - Sync 1 DAGs
[2026-05-07T00:06:03.394+0000] {logging_mixin.py:188} INFO - [2026-05-07T00:06:03.394+0000] {dag.py:3954} INFO - Setting next_dagrun for example_branch_dop_operator_v3 to 2026-05-07 00:05:00+00:00, run_after=2026-05-07 00:06:00+00:00
[2026-05-07T00:06:03.411+0000] {processor.py:183} INFO - Processing /usr/local/python/3.12.1/lib/python3.12/site-packages/airflow/example_dags/example_branch_python_dop_operator_3.py took 0.063 seconds
[2026-05-07T00:06:59.762+0000] {processor.py:161} INFO - Started process (PID=35517) to work on /usr/local/python/3.12.1/lib/python3.12/site-packages/airflow/example_dags/example_branch_python_dop_operator_3.py
[2026-05-07T00:06:59.763+0000] {processor.py:830} INFO - Processing file /usr/local/python/3.12.1/lib/python3.12/site-packages/airflow/example_dags/example_branch_python_dop_operator_3.py for tasks to queue
[2026-05-07T00:06:59.764+0000] {logging_mixin.py:188} INFO - [2026-05-07T00:06:59.764+0000] {dagbag.py:545} INFO - Filling up the DagBag from /usr/local/python/3.12.1/lib/python3.12/site-packages/airflow/example_dags/example_branch_python_dop_operator_3.py
[2026-05-07T00:06:59.774+0000] {processor.py:840} INFO - DAG(s) 'example_branch_dop_operator_v3' retrieved from /usr/local/python/3.12.1/lib/python3.12/site-packages/airflow/example_dags/example_branch_python_dop_operator_3.py
[2026-05-07T00:06:59.795+0000] {logging_mixin.py:188} INFO - [2026-05-07T00:06:59.794+0000] {dag.py:3096} INFO - Sync 1 DAGs
[2026-05-07T00:06:59.821+0000] {logging_mixin.py:188} INFO - [2026-05-07T00:06:59.821+0000] {dag.py:3954} INFO - Setting next_dagrun for example_branch_dop_operator_v3 to 2026-05-07 00:05:00+00:00, run_after=2026-05-07 00:06:00+00:00
[2026-05-07T00:06:59.858+0000] {processor.py:183} INFO - Processing /usr/local/python/3.12.1/lib/python3.12/site-packages/airflow/example_dags/example_branch_python_dop_operator_3.py took 0.101 seconds
