[2026-05-07T00:00:33.539+0000] {processor.py:161} INFO - Started process (PID=33632) to work on /usr/local/python/3.12.1/lib/python3.12/site-packages/airflow/example_dags/example_short_circuit_decorator.py
[2026-05-07T00:00:33.540+0000] {processor.py:830} INFO - Processing file /usr/local/python/3.12.1/lib/python3.12/site-packages/airflow/example_dags/example_short_circuit_decorator.py for tasks to queue
[2026-05-07T00:00:33.542+0000] {logging_mixin.py:188} INFO - [2026-05-07T00:00:33.541+0000] {dagbag.py:545} INFO - Filling up the DagBag from /usr/local/python/3.12.1/lib/python3.12/site-packages/airflow/example_dags/example_short_circuit_decorator.py
[2026-05-07T00:00:33.561+0000] {processor.py:840} INFO - DAG(s) 'example_short_circuit_decorator' retrieved from /usr/local/python/3.12.1/lib/python3.12/site-packages/airflow/example_dags/example_short_circuit_decorator.py
[2026-05-07T00:00:33.582+0000] {logging_mixin.py:188} INFO - [2026-05-07T00:00:33.582+0000] {dag.py:3096} INFO - Sync 1 DAGs
[2026-05-07T00:00:33.598+0000] {logging_mixin.py:188} INFO - [2026-05-07T00:00:33.598+0000] {dag.py:3954} INFO - Setting next_dagrun for example_short_circuit_decorator to 2026-05-06 00:00:00+00:00, run_after=2026-05-07 00:00:00+00:00
[2026-05-07T00:00:33.616+0000] {processor.py:183} INFO - Processing /usr/local/python/3.12.1/lib/python3.12/site-packages/airflow/example_dags/example_short_circuit_decorator.py took 0.083 seconds
[2026-05-07T00:01:27.921+0000] {processor.py:161} INFO - Started process (PID=33887) to work on /usr/local/python/3.12.1/lib/python3.12/site-packages/airflow/example_dags/example_short_circuit_decorator.py
[2026-05-07T00:01:27.922+0000] {processor.py:830} INFO - Processing file /usr/local/python/3.12.1/lib/python3.12/site-packages/airflow/example_dags/example_short_circuit_decorator.py for tasks to queue
[2026-05-07T00:01:27.923+0000] {logging_mixin.py:188} INFO - [2026-05-07T00:01:27.923+0000] {dagbag.py:545} INFO - Filling up the DagBag from /usr/local/python/3.12.1/lib/python3.12/site-packages/airflow/example_dags/example_short_circuit_decorator.py
[2026-05-07T00:01:27.931+0000] {processor.py:840} INFO - DAG(s) 'example_short_circuit_decorator' retrieved from /usr/local/python/3.12.1/lib/python3.12/site-packages/airflow/example_dags/example_short_circuit_decorator.py
[2026-05-07T00:01:27.950+0000] {logging_mixin.py:188} INFO - [2026-05-07T00:01:27.950+0000] {dag.py:3096} INFO - Sync 1 DAGs
[2026-05-07T00:01:27.968+0000] {logging_mixin.py:188} INFO - [2026-05-07T00:01:27.968+0000] {dag.py:3954} INFO - Setting next_dagrun for example_short_circuit_decorator to 2026-05-06 00:00:00+00:00, run_after=2026-05-07 00:00:00+00:00
[2026-05-07T00:01:27.997+0000] {processor.py:183} INFO - Processing /usr/local/python/3.12.1/lib/python3.12/site-packages/airflow/example_dags/example_short_circuit_decorator.py took 0.081 seconds
[2026-05-07T00:02:08.493+0000] {processor.py:161} INFO - Started process (PID=34088) to work on /usr/local/python/3.12.1/lib/python3.12/site-packages/airflow/example_dags/example_short_circuit_decorator.py
[2026-05-07T00:02:08.493+0000] {processor.py:830} INFO - Processing file /usr/local/python/3.12.1/lib/python3.12/site-packages/airflow/example_dags/example_short_circuit_decorator.py for tasks to queue
[2026-05-07T00:02:08.495+0000] {logging_mixin.py:188} INFO - [2026-05-07T00:02:08.495+0000] {dagbag.py:545} INFO - Filling up the DagBag from /usr/local/python/3.12.1/lib/python3.12/site-packages/airflow/example_dags/example_short_circuit_decorator.py
[2026-05-07T00:02:08.503+0000] {processor.py:840} INFO - DAG(s) 'example_short_circuit_decorator' retrieved from /usr/local/python/3.12.1/lib/python3.12/site-packages/airflow/example_dags/example_short_circuit_decorator.py
[2026-05-07T00:02:08.518+0000] {logging_mixin.py:188} INFO - [2026-05-07T00:02:08.518+0000] {dag.py:3096} INFO - Sync 1 DAGs
[2026-05-07T00:02:08.534+0000] {logging_mixin.py:188} INFO - [2026-05-07T00:02:08.534+0000] {dag.py:3954} INFO - Setting next_dagrun for example_short_circuit_decorator to 2026-05-06 00:00:00+00:00, run_after=2026-05-07 00:00:00+00:00
[2026-05-07T00:02:08.555+0000] {processor.py:183} INFO - Processing /usr/local/python/3.12.1/lib/python3.12/site-packages/airflow/example_dags/example_short_circuit_decorator.py took 0.068 seconds
[2026-05-07T00:03:06.870+0000] {processor.py:161} INFO - Started process (PID=34380) to work on /usr/local/python/3.12.1/lib/python3.12/site-packages/airflow/example_dags/example_short_circuit_decorator.py
[2026-05-07T00:03:06.871+0000] {processor.py:830} INFO - Processing file /usr/local/python/3.12.1/lib/python3.12/site-packages/airflow/example_dags/example_short_circuit_decorator.py for tasks to queue
[2026-05-07T00:03:06.872+0000] {logging_mixin.py:188} INFO - [2026-05-07T00:03:06.872+0000] {dagbag.py:545} INFO - Filling up the DagBag from /usr/local/python/3.12.1/lib/python3.12/site-packages/airflow/example_dags/example_short_circuit_decorator.py
[2026-05-07T00:03:06.880+0000] {processor.py:840} INFO - DAG(s) 'example_short_circuit_decorator' retrieved from /usr/local/python/3.12.1/lib/python3.12/site-packages/airflow/example_dags/example_short_circuit_decorator.py
[2026-05-07T00:03:06.895+0000] {logging_mixin.py:188} INFO - [2026-05-07T00:03:06.895+0000] {dag.py:3096} INFO - Sync 1 DAGs
[2026-05-07T00:03:06.911+0000] {logging_mixin.py:188} INFO - [2026-05-07T00:03:06.910+0000] {dag.py:3954} INFO - Setting next_dagrun for example_short_circuit_decorator to 2026-05-06 00:00:00+00:00, run_after=2026-05-07 00:00:00+00:00
[2026-05-07T00:03:06.927+0000] {processor.py:183} INFO - Processing /usr/local/python/3.12.1/lib/python3.12/site-packages/airflow/example_dags/example_short_circuit_decorator.py took 0.066 seconds
[2026-05-07T00:04:02.475+0000] {processor.py:161} INFO - Started process (PID=34662) to work on /usr/local/python/3.12.1/lib/python3.12/site-packages/airflow/example_dags/example_short_circuit_decorator.py
[2026-05-07T00:04:02.476+0000] {processor.py:830} INFO - Processing file /usr/local/python/3.12.1/lib/python3.12/site-packages/airflow/example_dags/example_short_circuit_decorator.py for tasks to queue
[2026-05-07T00:04:02.478+0000] {logging_mixin.py:188} INFO - [2026-05-07T00:04:02.478+0000] {dagbag.py:545} INFO - Filling up the DagBag from /usr/local/python/3.12.1/lib/python3.12/site-packages/airflow/example_dags/example_short_circuit_decorator.py
[2026-05-07T00:04:02.489+0000] {processor.py:840} INFO - DAG(s) 'example_short_circuit_decorator' retrieved from /usr/local/python/3.12.1/lib/python3.12/site-packages/airflow/example_dags/example_short_circuit_decorator.py
[2026-05-07T00:04:02.513+0000] {logging_mixin.py:188} INFO - [2026-05-07T00:04:02.512+0000] {dag.py:3096} INFO - Sync 1 DAGs
[2026-05-07T00:04:02.533+0000] {logging_mixin.py:188} INFO - [2026-05-07T00:04:02.533+0000] {dag.py:3954} INFO - Setting next_dagrun for example_short_circuit_decorator to 2026-05-06 00:00:00+00:00, run_after=2026-05-07 00:00:00+00:00
[2026-05-07T00:04:02.554+0000] {processor.py:183} INFO - Processing /usr/local/python/3.12.1/lib/python3.12/site-packages/airflow/example_dags/example_short_circuit_decorator.py took 0.085 seconds
[2026-05-07T00:04:40.978+0000] {processor.py:161} INFO - Started process (PID=34837) to work on /usr/local/python/3.12.1/lib/python3.12/site-packages/airflow/example_dags/example_short_circuit_decorator.py
[2026-05-07T00:04:40.978+0000] {processor.py:830} INFO - Processing file /usr/local/python/3.12.1/lib/python3.12/site-packages/airflow/example_dags/example_short_circuit_decorator.py for tasks to queue
[2026-05-07T00:04:40.980+0000] {logging_mixin.py:188} INFO - [2026-05-07T00:04:40.979+0000] {dagbag.py:545} INFO - Filling up the DagBag from /usr/local/python/3.12.1/lib/python3.12/site-packages/airflow/example_dags/example_short_circuit_decorator.py
[2026-05-07T00:04:40.987+0000] {processor.py:840} INFO - DAG(s) 'example_short_circuit_decorator' retrieved from /usr/local/python/3.12.1/lib/python3.12/site-packages/airflow/example_dags/example_short_circuit_decorator.py
[2026-05-07T00:04:41.002+0000] {logging_mixin.py:188} INFO - [2026-05-07T00:04:41.002+0000] {dag.py:3096} INFO - Sync 1 DAGs
[2026-05-07T00:04:41.020+0000] {logging_mixin.py:188} INFO - [2026-05-07T00:04:41.020+0000] {dag.py:3954} INFO - Setting next_dagrun for example_short_circuit_decorator to 2026-05-06 00:00:00+00:00, run_after=2026-05-07 00:00:00+00:00
[2026-05-07T00:04:41.039+0000] {processor.py:183} INFO - Processing /usr/local/python/3.12.1/lib/python3.12/site-packages/airflow/example_dags/example_short_circuit_decorator.py took 0.067 seconds
[2026-05-07T00:05:19.658+0000] {processor.py:161} INFO - Started process (PID=35026) to work on /usr/local/python/3.12.1/lib/python3.12/site-packages/airflow/example_dags/example_short_circuit_decorator.py
[2026-05-07T00:05:19.659+0000] {processor.py:830} INFO - Processing file /usr/local/python/3.12.1/lib/python3.12/site-packages/airflow/example_dags/example_short_circuit_decorator.py for tasks to queue
[2026-05-07T00:05:19.660+0000] {logging_mixin.py:188} INFO - [2026-05-07T00:05:19.660+0000] {dagbag.py:545} INFO - Filling up the DagBag from /usr/local/python/3.12.1/lib/python3.12/site-packages/airflow/example_dags/example_short_circuit_decorator.py
[2026-05-07T00:05:19.669+0000] {processor.py:840} INFO - DAG(s) 'example_short_circuit_decorator' retrieved from /usr/local/python/3.12.1/lib/python3.12/site-packages/airflow/example_dags/example_short_circuit_decorator.py
[2026-05-07T00:05:19.685+0000] {logging_mixin.py:188} INFO - [2026-05-07T00:05:19.684+0000] {dag.py:3096} INFO - Sync 1 DAGs
[2026-05-07T00:05:19.700+0000] {logging_mixin.py:188} INFO - [2026-05-07T00:05:19.700+0000] {dag.py:3954} INFO - Setting next_dagrun for example_short_circuit_decorator to 2026-05-06 00:00:00+00:00, run_after=2026-05-07 00:00:00+00:00
[2026-05-07T00:05:19.716+0000] {processor.py:183} INFO - Processing /usr/local/python/3.12.1/lib/python3.12/site-packages/airflow/example_dags/example_short_circuit_decorator.py took 0.064 seconds
[2026-05-07T00:06:11.363+0000] {processor.py:161} INFO - Started process (PID=35274) to work on /usr/local/python/3.12.1/lib/python3.12/site-packages/airflow/example_dags/example_short_circuit_decorator.py
[2026-05-07T00:06:11.364+0000] {processor.py:830} INFO - Processing file /usr/local/python/3.12.1/lib/python3.12/site-packages/airflow/example_dags/example_short_circuit_decorator.py for tasks to queue
[2026-05-07T00:06:11.365+0000] {logging_mixin.py:188} INFO - [2026-05-07T00:06:11.365+0000] {dagbag.py:545} INFO - Filling up the DagBag from /usr/local/python/3.12.1/lib/python3.12/site-packages/airflow/example_dags/example_short_circuit_decorator.py
[2026-05-07T00:06:11.372+0000] {processor.py:840} INFO - DAG(s) 'example_short_circuit_decorator' retrieved from /usr/local/python/3.12.1/lib/python3.12/site-packages/airflow/example_dags/example_short_circuit_decorator.py
[2026-05-07T00:06:11.387+0000] {logging_mixin.py:188} INFO - [2026-05-07T00:06:11.387+0000] {dag.py:3096} INFO - Sync 1 DAGs
[2026-05-07T00:06:11.403+0000] {logging_mixin.py:188} INFO - [2026-05-07T00:06:11.403+0000] {dag.py:3954} INFO - Setting next_dagrun for example_short_circuit_decorator to 2026-05-06 00:00:00+00:00, run_after=2026-05-07 00:00:00+00:00
[2026-05-07T00:06:11.420+0000] {processor.py:183} INFO - Processing /usr/local/python/3.12.1/lib/python3.12/site-packages/airflow/example_dags/example_short_circuit_decorator.py took 0.062 seconds
[2026-05-07T00:06:50.612+0000] {processor.py:161} INFO - Started process (PID=35473) to work on /usr/local/python/3.12.1/lib/python3.12/site-packages/airflow/example_dags/example_short_circuit_decorator.py
[2026-05-07T00:06:50.612+0000] {processor.py:830} INFO - Processing file /usr/local/python/3.12.1/lib/python3.12/site-packages/airflow/example_dags/example_short_circuit_decorator.py for tasks to queue
[2026-05-07T00:06:50.614+0000] {logging_mixin.py:188} INFO - [2026-05-07T00:06:50.613+0000] {dagbag.py:545} INFO - Filling up the DagBag from /usr/local/python/3.12.1/lib/python3.12/site-packages/airflow/example_dags/example_short_circuit_decorator.py
[2026-05-07T00:06:50.621+0000] {processor.py:840} INFO - DAG(s) 'example_short_circuit_decorator' retrieved from /usr/local/python/3.12.1/lib/python3.12/site-packages/airflow/example_dags/example_short_circuit_decorator.py
[2026-05-07T00:06:50.636+0000] {logging_mixin.py:188} INFO - [2026-05-07T00:06:50.636+0000] {dag.py:3096} INFO - Sync 1 DAGs
[2026-05-07T00:06:50.658+0000] {logging_mixin.py:188} INFO - [2026-05-07T00:06:50.657+0000] {dag.py:3954} INFO - Setting next_dagrun for example_short_circuit_decorator to 2026-05-06 00:00:00+00:00, run_after=2026-05-07 00:00:00+00:00
[2026-05-07T00:06:50.674+0000] {processor.py:183} INFO - Processing /usr/local/python/3.12.1/lib/python3.12/site-packages/airflow/example_dags/example_short_circuit_decorator.py took 0.067 seconds
[2026-05-07T00:07:44.799+0000] {processor.py:161} INFO - Started process (PID=35737) to work on /usr/local/python/3.12.1/lib/python3.12/site-packages/airflow/example_dags/example_short_circuit_decorator.py
[2026-05-07T00:07:44.800+0000] {processor.py:830} INFO - Processing file /usr/local/python/3.12.1/lib/python3.12/site-packages/airflow/example_dags/example_short_circuit_decorator.py for tasks to queue
[2026-05-07T00:07:44.801+0000] {logging_mixin.py:188} INFO - [2026-05-07T00:07:44.801+0000] {dagbag.py:545} INFO - Filling up the DagBag from /usr/local/python/3.12.1/lib/python3.12/site-packages/airflow/example_dags/example_short_circuit_decorator.py
[2026-05-07T00:07:44.809+0000] {processor.py:840} INFO - DAG(s) 'example_short_circuit_decorator' retrieved from /usr/local/python/3.12.1/lib/python3.12/site-packages/airflow/example_dags/example_short_circuit_decorator.py
[2026-05-07T00:07:44.823+0000] {logging_mixin.py:188} INFO - [2026-05-07T00:07:44.823+0000] {dag.py:3096} INFO - Sync 1 DAGs
[2026-05-07T00:07:44.841+0000] {logging_mixin.py:188} INFO - [2026-05-07T00:07:44.841+0000] {dag.py:3954} INFO - Setting next_dagrun for example_short_circuit_decorator to 2026-05-06 00:00:00+00:00, run_after=2026-05-07 00:00:00+00:00
[2026-05-07T00:07:44.863+0000] {processor.py:183} INFO - Processing /usr/local/python/3.12.1/lib/python3.12/site-packages/airflow/example_dags/example_short_circuit_decorator.py took 0.069 seconds
