[2026-05-07T00:00:20.627+0000] {processor.py:161} INFO - Started process (PID=33570) to work on /usr/local/python/3.12.1/lib/python3.12/site-packages/airflow/example_dags/example_branch_datetime_operator.py
[2026-05-07T00:00:20.628+0000] {processor.py:830} INFO - Processing file /usr/local/python/3.12.1/lib/python3.12/site-packages/airflow/example_dags/example_branch_datetime_operator.py for tasks to queue
[2026-05-07T00:00:20.629+0000] {logging_mixin.py:188} INFO - [2026-05-07T00:00:20.629+0000] {dagbag.py:545} INFO - Filling up the DagBag from /usr/local/python/3.12.1/lib/python3.12/site-packages/airflow/example_dags/example_branch_datetime_operator.py
[2026-05-07T00:00:20.637+0000] {processor.py:840} INFO - DAG(s) 'example_branch_datetime_operator_3', 'example_branch_datetime_operator', 'example_branch_datetime_operator_2' retrieved from /usr/local/python/3.12.1/lib/python3.12/site-packages/airflow/example_dags/example_branch_datetime_operator.py
[2026-05-07T00:00:20.660+0000] {logging_mixin.py:188} INFO - [2026-05-07T00:00:20.660+0000] {dag.py:3096} INFO - Sync 3 DAGs
[2026-05-07T00:00:20.677+0000] {logging_mixin.py:188} INFO - [2026-05-07T00:00:20.677+0000] {dag.py:3954} INFO - Setting next_dagrun for example_branch_datetime_operator to 2026-05-06 00:00:00+00:00, run_after=2026-05-07 00:00:00+00:00
[2026-05-07T00:00:20.681+0000] {logging_mixin.py:188} INFO - [2026-05-07T00:00:20.680+0000] {dag.py:3954} INFO - Setting next_dagrun for example_branch_datetime_operator_2 to 2026-05-06 00:00:00+00:00, run_after=2026-05-07 00:00:00+00:00
[2026-05-07T00:00:20.682+0000] {logging_mixin.py:188} INFO - [2026-05-07T00:00:20.682+0000] {dag.py:3954} INFO - Setting next_dagrun for example_branch_datetime_operator_3 to 2026-05-06 00:00:00+00:00, run_after=2026-05-07 00:00:00+00:00
[2026-05-07T00:00:20.699+0000] {processor.py:183} INFO - Processing /usr/local/python/3.12.1/lib/python3.12/site-packages/airflow/example_dags/example_branch_datetime_operator.py took 0.077 seconds
[2026-05-07T00:01:14.761+0000] {processor.py:161} INFO - Started process (PID=33830) to work on /usr/local/python/3.12.1/lib/python3.12/site-packages/airflow/example_dags/example_branch_datetime_operator.py
[2026-05-07T00:01:14.761+0000] {processor.py:830} INFO - Processing file /usr/local/python/3.12.1/lib/python3.12/site-packages/airflow/example_dags/example_branch_datetime_operator.py for tasks to queue
[2026-05-07T00:01:14.763+0000] {logging_mixin.py:188} INFO - [2026-05-07T00:01:14.763+0000] {dagbag.py:545} INFO - Filling up the DagBag from /usr/local/python/3.12.1/lib/python3.12/site-packages/airflow/example_dags/example_branch_datetime_operator.py
[2026-05-07T00:01:14.771+0000] {processor.py:840} INFO - DAG(s) 'example_branch_datetime_operator_2', 'example_branch_datetime_operator', 'example_branch_datetime_operator_3' retrieved from /usr/local/python/3.12.1/lib/python3.12/site-packages/airflow/example_dags/example_branch_datetime_operator.py
[2026-05-07T00:01:14.788+0000] {logging_mixin.py:188} INFO - [2026-05-07T00:01:14.788+0000] {dag.py:3096} INFO - Sync 3 DAGs
[2026-05-07T00:01:14.805+0000] {logging_mixin.py:188} INFO - [2026-05-07T00:01:14.804+0000] {dag.py:3954} INFO - Setting next_dagrun for example_branch_datetime_operator to 2026-05-06 00:00:00+00:00, run_after=2026-05-07 00:00:00+00:00
[2026-05-07T00:01:14.808+0000] {logging_mixin.py:188} INFO - [2026-05-07T00:01:14.808+0000] {dag.py:3954} INFO - Setting next_dagrun for example_branch_datetime_operator_2 to 2026-05-06 00:00:00+00:00, run_after=2026-05-07 00:00:00+00:00
[2026-05-07T00:01:14.810+0000] {logging_mixin.py:188} INFO - [2026-05-07T00:01:14.810+0000] {dag.py:3954} INFO - Setting next_dagrun for example_branch_datetime_operator_3 to 2026-05-06 00:00:00+00:00, run_after=2026-05-07 00:00:00+00:00
[2026-05-07T00:01:14.825+0000] {processor.py:183} INFO - Processing /usr/local/python/3.12.1/lib/python3.12/site-packages/airflow/example_dags/example_branch_datetime_operator.py took 0.069 seconds
[2026-05-07T00:02:13.607+0000] {processor.py:161} INFO - Started process (PID=34122) to work on /usr/local/python/3.12.1/lib/python3.12/site-packages/airflow/example_dags/example_branch_datetime_operator.py
[2026-05-07T00:02:13.608+0000] {processor.py:830} INFO - Processing file /usr/local/python/3.12.1/lib/python3.12/site-packages/airflow/example_dags/example_branch_datetime_operator.py for tasks to queue
[2026-05-07T00:02:13.609+0000] {logging_mixin.py:188} INFO - [2026-05-07T00:02:13.609+0000] {dagbag.py:545} INFO - Filling up the DagBag from /usr/local/python/3.12.1/lib/python3.12/site-packages/airflow/example_dags/example_branch_datetime_operator.py
[2026-05-07T00:02:13.618+0000] {processor.py:840} INFO - DAG(s) 'example_branch_datetime_operator_3', 'example_branch_datetime_operator', 'example_branch_datetime_operator_2' retrieved from /usr/local/python/3.12.1/lib/python3.12/site-packages/airflow/example_dags/example_branch_datetime_operator.py
[2026-05-07T00:02:13.636+0000] {logging_mixin.py:188} INFO - [2026-05-07T00:02:13.635+0000] {dag.py:3096} INFO - Sync 3 DAGs
[2026-05-07T00:02:13.658+0000] {logging_mixin.py:188} INFO - [2026-05-07T00:02:13.658+0000] {dag.py:3954} INFO - Setting next_dagrun for example_branch_datetime_operator to 2026-05-06 00:00:00+00:00, run_after=2026-05-07 00:00:00+00:00
[2026-05-07T00:02:13.661+0000] {logging_mixin.py:188} INFO - [2026-05-07T00:02:13.661+0000] {dag.py:3954} INFO - Setting next_dagrun for example_branch_datetime_operator_2 to 2026-05-06 00:00:00+00:00, run_after=2026-05-07 00:00:00+00:00
[2026-05-07T00:02:13.663+0000] {logging_mixin.py:188} INFO - [2026-05-07T00:02:13.663+0000] {dag.py:3954} INFO - Setting next_dagrun for example_branch_datetime_operator_3 to 2026-05-06 00:00:00+00:00, run_after=2026-05-07 00:00:00+00:00
[2026-05-07T00:02:13.679+0000] {processor.py:183} INFO - Processing /usr/local/python/3.12.1/lib/python3.12/site-packages/airflow/example_dags/example_branch_datetime_operator.py took 0.077 seconds
[2026-05-07T00:03:11.995+0000] {processor.py:161} INFO - Started process (PID=34415) to work on /usr/local/python/3.12.1/lib/python3.12/site-packages/airflow/example_dags/example_branch_datetime_operator.py
[2026-05-07T00:03:11.996+0000] {processor.py:830} INFO - Processing file /usr/local/python/3.12.1/lib/python3.12/site-packages/airflow/example_dags/example_branch_datetime_operator.py for tasks to queue
[2026-05-07T00:03:11.997+0000] {logging_mixin.py:188} INFO - [2026-05-07T00:03:11.997+0000] {dagbag.py:545} INFO - Filling up the DagBag from /usr/local/python/3.12.1/lib/python3.12/site-packages/airflow/example_dags/example_branch_datetime_operator.py
[2026-05-07T00:03:12.005+0000] {processor.py:840} INFO - DAG(s) 'example_branch_datetime_operator_2', 'example_branch_datetime_operator', 'example_branch_datetime_operator_3' retrieved from /usr/local/python/3.12.1/lib/python3.12/site-packages/airflow/example_dags/example_branch_datetime_operator.py
[2026-05-07T00:03:12.023+0000] {logging_mixin.py:188} INFO - [2026-05-07T00:03:12.023+0000] {dag.py:3096} INFO - Sync 3 DAGs
[2026-05-07T00:03:12.042+0000] {logging_mixin.py:188} INFO - [2026-05-07T00:03:12.042+0000] {dag.py:3954} INFO - Setting next_dagrun for example_branch_datetime_operator to 2026-05-06 00:00:00+00:00, run_after=2026-05-07 00:00:00+00:00
[2026-05-07T00:03:12.047+0000] {logging_mixin.py:188} INFO - [2026-05-07T00:03:12.047+0000] {dag.py:3954} INFO - Setting next_dagrun for example_branch_datetime_operator_2 to 2026-05-06 00:00:00+00:00, run_after=2026-05-07 00:00:00+00:00
[2026-05-07T00:03:12.049+0000] {logging_mixin.py:188} INFO - [2026-05-07T00:03:12.049+0000] {dag.py:3954} INFO - Setting next_dagrun for example_branch_datetime_operator_3 to 2026-05-06 00:00:00+00:00, run_after=2026-05-07 00:00:00+00:00
[2026-05-07T00:03:12.066+0000] {processor.py:183} INFO - Processing /usr/local/python/3.12.1/lib/python3.12/site-packages/airflow/example_dags/example_branch_datetime_operator.py took 0.076 seconds
[2026-05-07T00:04:08.749+0000] {processor.py:161} INFO - Started process (PID=34681) to work on /usr/local/python/3.12.1/lib/python3.12/site-packages/airflow/example_dags/example_branch_datetime_operator.py
[2026-05-07T00:04:08.750+0000] {processor.py:830} INFO - Processing file /usr/local/python/3.12.1/lib/python3.12/site-packages/airflow/example_dags/example_branch_datetime_operator.py for tasks to queue
[2026-05-07T00:04:08.752+0000] {logging_mixin.py:188} INFO - [2026-05-07T00:04:08.751+0000] {dagbag.py:545} INFO - Filling up the DagBag from /usr/local/python/3.12.1/lib/python3.12/site-packages/airflow/example_dags/example_branch_datetime_operator.py
[2026-05-07T00:04:08.760+0000] {processor.py:840} INFO - DAG(s) 'example_branch_datetime_operator', 'example_branch_datetime_operator_3', 'example_branch_datetime_operator_2' retrieved from /usr/local/python/3.12.1/lib/python3.12/site-packages/airflow/example_dags/example_branch_datetime_operator.py
[2026-05-07T00:04:08.778+0000] {logging_mixin.py:188} INFO - [2026-05-07T00:04:08.777+0000] {dag.py:3096} INFO - Sync 3 DAGs
[2026-05-07T00:04:08.794+0000] {logging_mixin.py:188} INFO - [2026-05-07T00:04:08.794+0000] {dag.py:3954} INFO - Setting next_dagrun for example_branch_datetime_operator to 2026-05-06 00:00:00+00:00, run_after=2026-05-07 00:00:00+00:00
[2026-05-07T00:04:08.797+0000] {logging_mixin.py:188} INFO - [2026-05-07T00:04:08.797+0000] {dag.py:3954} INFO - Setting next_dagrun for example_branch_datetime_operator_2 to 2026-05-06 00:00:00+00:00, run_after=2026-05-07 00:00:00+00:00
[2026-05-07T00:04:08.799+0000] {logging_mixin.py:188} INFO - [2026-05-07T00:04:08.799+0000] {dag.py:3954} INFO - Setting next_dagrun for example_branch_datetime_operator_3 to 2026-05-06 00:00:00+00:00, run_after=2026-05-07 00:00:00+00:00
[2026-05-07T00:04:08.814+0000] {processor.py:183} INFO - Processing /usr/local/python/3.12.1/lib/python3.12/site-packages/airflow/example_dags/example_branch_datetime_operator.py took 0.072 seconds
[2026-05-07T00:05:06.508+0000] {processor.py:161} INFO - Started process (PID=34970) to work on /usr/local/python/3.12.1/lib/python3.12/site-packages/airflow/example_dags/example_branch_datetime_operator.py
[2026-05-07T00:05:06.509+0000] {processor.py:830} INFO - Processing file /usr/local/python/3.12.1/lib/python3.12/site-packages/airflow/example_dags/example_branch_datetime_operator.py for tasks to queue
[2026-05-07T00:05:06.510+0000] {logging_mixin.py:188} INFO - [2026-05-07T00:05:06.510+0000] {dagbag.py:545} INFO - Filling up the DagBag from /usr/local/python/3.12.1/lib/python3.12/site-packages/airflow/example_dags/example_branch_datetime_operator.py
[2026-05-07T00:05:06.518+0000] {processor.py:840} INFO - DAG(s) 'example_branch_datetime_operator_3', 'example_branch_datetime_operator', 'example_branch_datetime_operator_2' retrieved from /usr/local/python/3.12.1/lib/python3.12/site-packages/airflow/example_dags/example_branch_datetime_operator.py
[2026-05-07T00:05:06.536+0000] {logging_mixin.py:188} INFO - [2026-05-07T00:05:06.536+0000] {dag.py:3096} INFO - Sync 3 DAGs
[2026-05-07T00:05:06.560+0000] {logging_mixin.py:188} INFO - [2026-05-07T00:05:06.560+0000] {dag.py:3954} INFO - Setting next_dagrun for example_branch_datetime_operator to 2026-05-06 00:00:00+00:00, run_after=2026-05-07 00:00:00+00:00
[2026-05-07T00:05:06.563+0000] {logging_mixin.py:188} INFO - [2026-05-07T00:05:06.563+0000] {dag.py:3954} INFO - Setting next_dagrun for example_branch_datetime_operator_2 to 2026-05-06 00:00:00+00:00, run_after=2026-05-07 00:00:00+00:00
[2026-05-07T00:05:06.565+0000] {logging_mixin.py:188} INFO - [2026-05-07T00:05:06.565+0000] {dag.py:3954} INFO - Setting next_dagrun for example_branch_datetime_operator_3 to 2026-05-06 00:00:00+00:00, run_after=2026-05-07 00:00:00+00:00
[2026-05-07T00:05:06.580+0000] {processor.py:183} INFO - Processing /usr/local/python/3.12.1/lib/python3.12/site-packages/airflow/example_dags/example_branch_datetime_operator.py took 0.077 seconds
[2026-05-07T00:05:59.245+0000] {processor.py:161} INFO - Started process (PID=35219) to work on /usr/local/python/3.12.1/lib/python3.12/site-packages/airflow/example_dags/example_branch_datetime_operator.py
[2026-05-07T00:05:59.246+0000] {processor.py:830} INFO - Processing file /usr/local/python/3.12.1/lib/python3.12/site-packages/airflow/example_dags/example_branch_datetime_operator.py for tasks to queue
[2026-05-07T00:05:59.248+0000] {logging_mixin.py:188} INFO - [2026-05-07T00:05:59.247+0000] {dagbag.py:545} INFO - Filling up the DagBag from /usr/local/python/3.12.1/lib/python3.12/site-packages/airflow/example_dags/example_branch_datetime_operator.py
[2026-05-07T00:05:59.258+0000] {processor.py:840} INFO - DAG(s) 'example_branch_datetime_operator_3', 'example_branch_datetime_operator', 'example_branch_datetime_operator_2' retrieved from /usr/local/python/3.12.1/lib/python3.12/site-packages/airflow/example_dags/example_branch_datetime_operator.py
[2026-05-07T00:05:59.276+0000] {logging_mixin.py:188} INFO - [2026-05-07T00:05:59.276+0000] {dag.py:3096} INFO - Sync 3 DAGs
[2026-05-07T00:05:59.292+0000] {logging_mixin.py:188} INFO - [2026-05-07T00:05:59.292+0000] {dag.py:3954} INFO - Setting next_dagrun for example_branch_datetime_operator to 2026-05-06 00:00:00+00:00, run_after=2026-05-07 00:00:00+00:00
[2026-05-07T00:05:59.295+0000] {logging_mixin.py:188} INFO - [2026-05-07T00:05:59.295+0000] {dag.py:3954} INFO - Setting next_dagrun for example_branch_datetime_operator_2 to 2026-05-06 00:00:00+00:00, run_after=2026-05-07 00:00:00+00:00
[2026-05-07T00:05:59.297+0000] {logging_mixin.py:188} INFO - [2026-05-07T00:05:59.296+0000] {dag.py:3954} INFO - Setting next_dagrun for example_branch_datetime_operator_3 to 2026-05-06 00:00:00+00:00, run_after=2026-05-07 00:00:00+00:00
[2026-05-07T00:05:59.311+0000] {processor.py:183} INFO - Processing /usr/local/python/3.12.1/lib/python3.12/site-packages/airflow/example_dags/example_branch_datetime_operator.py took 0.073 seconds
[2026-05-07T00:06:56.073+0000] {processor.py:161} INFO - Started process (PID=35510) to work on /usr/local/python/3.12.1/lib/python3.12/site-packages/airflow/example_dags/example_branch_datetime_operator.py
[2026-05-07T00:06:56.074+0000] {processor.py:830} INFO - Processing file /usr/local/python/3.12.1/lib/python3.12/site-packages/airflow/example_dags/example_branch_datetime_operator.py for tasks to queue
[2026-05-07T00:06:56.075+0000] {logging_mixin.py:188} INFO - [2026-05-07T00:06:56.075+0000] {dagbag.py:545} INFO - Filling up the DagBag from /usr/local/python/3.12.1/lib/python3.12/site-packages/airflow/example_dags/example_branch_datetime_operator.py
[2026-05-07T00:06:56.083+0000] {processor.py:840} INFO - DAG(s) 'example_branch_datetime_operator_3', 'example_branch_datetime_operator', 'example_branch_datetime_operator_2' retrieved from /usr/local/python/3.12.1/lib/python3.12/site-packages/airflow/example_dags/example_branch_datetime_operator.py
[2026-05-07T00:06:56.100+0000] {logging_mixin.py:188} INFO - [2026-05-07T00:06:56.100+0000] {dag.py:3096} INFO - Sync 3 DAGs
[2026-05-07T00:06:56.117+0000] {logging_mixin.py:188} INFO - [2026-05-07T00:06:56.117+0000] {dag.py:3954} INFO - Setting next_dagrun for example_branch_datetime_operator to 2026-05-06 00:00:00+00:00, run_after=2026-05-07 00:00:00+00:00
[2026-05-07T00:06:56.120+0000] {logging_mixin.py:188} INFO - [2026-05-07T00:06:56.120+0000] {dag.py:3954} INFO - Setting next_dagrun for example_branch_datetime_operator_2 to 2026-05-06 00:00:00+00:00, run_after=2026-05-07 00:00:00+00:00
[2026-05-07T00:06:56.122+0000] {logging_mixin.py:188} INFO - [2026-05-07T00:06:56.122+0000] {dag.py:3954} INFO - Setting next_dagrun for example_branch_datetime_operator_3 to 2026-05-06 00:00:00+00:00, run_after=2026-05-07 00:00:00+00:00
[2026-05-07T00:06:56.137+0000] {processor.py:183} INFO - Processing /usr/local/python/3.12.1/lib/python3.12/site-packages/airflow/example_dags/example_branch_datetime_operator.py took 0.069 seconds
