[2026-05-07T00:00:35.801+0000] {processor.py:161} INFO - Started process (PID=33636) to work on /usr/local/python/3.12.1/lib/python3.12/site-packages/airflow/example_dags/example_sla_dag.py
[2026-05-07T00:00:35.801+0000] {processor.py:830} INFO - Processing file /usr/local/python/3.12.1/lib/python3.12/site-packages/airflow/example_dags/example_sla_dag.py for tasks to queue
[2026-05-07T00:00:35.803+0000] {logging_mixin.py:188} INFO - [2026-05-07T00:00:35.802+0000] {dagbag.py:545} INFO - Filling up the DagBag from /usr/local/python/3.12.1/lib/python3.12/site-packages/airflow/example_dags/example_sla_dag.py
[2026-05-07T00:00:35.810+0000] {processor.py:840} INFO - DAG(s) 'example_sla_dag' retrieved from /usr/local/python/3.12.1/lib/python3.12/site-packages/airflow/example_dags/example_sla_dag.py
[2026-05-07T00:00:35.823+0000] {logging_mixin.py:188} INFO - [2026-05-07T00:00:35.823+0000] {dag.py:3096} INFO - Sync 1 DAGs
[2026-05-07T00:00:35.842+0000] {logging_mixin.py:188} INFO - [2026-05-07T00:00:35.841+0000] {dag.py:3954} INFO - Setting next_dagrun for example_sla_dag to 2026-05-06 23:58:00+00:00, run_after=2026-05-07 00:00:00+00:00
[2026-05-07T00:00:35.862+0000] {processor.py:183} INFO - Processing /usr/local/python/3.12.1/lib/python3.12/site-packages/airflow/example_dags/example_sla_dag.py took 0.066 seconds
[2026-05-07T00:01:30.197+0000] {processor.py:161} INFO - Started process (PID=33915) to work on /usr/local/python/3.12.1/lib/python3.12/site-packages/airflow/example_dags/example_sla_dag.py
[2026-05-07T00:01:30.198+0000] {processor.py:830} INFO - Processing file /usr/local/python/3.12.1/lib/python3.12/site-packages/airflow/example_dags/example_sla_dag.py for tasks to queue
[2026-05-07T00:01:30.199+0000] {logging_mixin.py:188} INFO - [2026-05-07T00:01:30.199+0000] {dagbag.py:545} INFO - Filling up the DagBag from /usr/local/python/3.12.1/lib/python3.12/site-packages/airflow/example_dags/example_sla_dag.py
[2026-05-07T00:01:30.207+0000] {processor.py:840} INFO - DAG(s) 'example_sla_dag' retrieved from /usr/local/python/3.12.1/lib/python3.12/site-packages/airflow/example_dags/example_sla_dag.py
[2026-05-07T00:01:30.220+0000] {logging_mixin.py:188} INFO - [2026-05-07T00:01:30.220+0000] {dag.py:3096} INFO - Sync 1 DAGs
[2026-05-07T00:01:30.240+0000] {logging_mixin.py:188} INFO - [2026-05-07T00:01:30.239+0000] {dag.py:3954} INFO - Setting next_dagrun for example_sla_dag to 2026-05-06 23:58:00+00:00, run_after=2026-05-07 00:00:00+00:00
[2026-05-07T00:01:30.261+0000] {processor.py:183} INFO - Processing /usr/local/python/3.12.1/lib/python3.12/site-packages/airflow/example_dags/example_sla_dag.py took 0.068 seconds
[2026-05-07T00:02:10.203+0000] {processor.py:161} INFO - Started process (PID=34091) to work on /usr/local/python/3.12.1/lib/python3.12/site-packages/airflow/example_dags/example_sla_dag.py
[2026-05-07T00:02:10.204+0000] {processor.py:830} INFO - Processing file /usr/local/python/3.12.1/lib/python3.12/site-packages/airflow/example_dags/example_sla_dag.py for tasks to queue
[2026-05-07T00:02:10.205+0000] {logging_mixin.py:188} INFO - [2026-05-07T00:02:10.205+0000] {dagbag.py:545} INFO - Filling up the DagBag from /usr/local/python/3.12.1/lib/python3.12/site-packages/airflow/example_dags/example_sla_dag.py
[2026-05-07T00:02:10.213+0000] {processor.py:840} INFO - DAG(s) 'example_sla_dag' retrieved from /usr/local/python/3.12.1/lib/python3.12/site-packages/airflow/example_dags/example_sla_dag.py
[2026-05-07T00:02:10.226+0000] {logging_mixin.py:188} INFO - [2026-05-07T00:02:10.225+0000] {dag.py:3096} INFO - Sync 1 DAGs
[2026-05-07T00:02:10.245+0000] {logging_mixin.py:188} INFO - [2026-05-07T00:02:10.245+0000] {dag.py:3954} INFO - Setting next_dagrun for example_sla_dag to 2026-05-07 00:00:00+00:00, run_after=2026-05-07 00:02:00+00:00
[2026-05-07T00:02:10.264+0000] {processor.py:183} INFO - Processing /usr/local/python/3.12.1/lib/python3.12/site-packages/airflow/example_dags/example_sla_dag.py took 0.067 seconds
[2026-05-07T00:03:08.290+0000] {processor.py:161} INFO - Started process (PID=34383) to work on /usr/local/python/3.12.1/lib/python3.12/site-packages/airflow/example_dags/example_sla_dag.py
[2026-05-07T00:03:08.291+0000] {processor.py:830} INFO - Processing file /usr/local/python/3.12.1/lib/python3.12/site-packages/airflow/example_dags/example_sla_dag.py for tasks to queue
[2026-05-07T00:03:08.292+0000] {logging_mixin.py:188} INFO - [2026-05-07T00:03:08.292+0000] {dagbag.py:545} INFO - Filling up the DagBag from /usr/local/python/3.12.1/lib/python3.12/site-packages/airflow/example_dags/example_sla_dag.py
[2026-05-07T00:03:08.300+0000] {processor.py:840} INFO - DAG(s) 'example_sla_dag' retrieved from /usr/local/python/3.12.1/lib/python3.12/site-packages/airflow/example_dags/example_sla_dag.py
[2026-05-07T00:03:08.312+0000] {logging_mixin.py:188} INFO - [2026-05-07T00:03:08.312+0000] {dag.py:3096} INFO - Sync 1 DAGs
[2026-05-07T00:03:08.329+0000] {logging_mixin.py:188} INFO - [2026-05-07T00:03:08.329+0000] {dag.py:3954} INFO - Setting next_dagrun for example_sla_dag to 2026-05-07 00:00:00+00:00, run_after=2026-05-07 00:02:00+00:00
[2026-05-07T00:03:08.348+0000] {processor.py:183} INFO - Processing /usr/local/python/3.12.1/lib/python3.12/site-packages/airflow/example_dags/example_sla_dag.py took 0.063 seconds
[2026-05-07T00:04:04.739+0000] {processor.py:161} INFO - Started process (PID=34667) to work on /usr/local/python/3.12.1/lib/python3.12/site-packages/airflow/example_dags/example_sla_dag.py
[2026-05-07T00:04:04.740+0000] {processor.py:830} INFO - Processing file /usr/local/python/3.12.1/lib/python3.12/site-packages/airflow/example_dags/example_sla_dag.py for tasks to queue
[2026-05-07T00:04:04.741+0000] {logging_mixin.py:188} INFO - [2026-05-07T00:04:04.741+0000] {dagbag.py:545} INFO - Filling up the DagBag from /usr/local/python/3.12.1/lib/python3.12/site-packages/airflow/example_dags/example_sla_dag.py
[2026-05-07T00:04:04.748+0000] {processor.py:840} INFO - DAG(s) 'example_sla_dag' retrieved from /usr/local/python/3.12.1/lib/python3.12/site-packages/airflow/example_dags/example_sla_dag.py
[2026-05-07T00:04:04.761+0000] {logging_mixin.py:188} INFO - [2026-05-07T00:04:04.761+0000] {dag.py:3096} INFO - Sync 1 DAGs
[2026-05-07T00:04:04.783+0000] {logging_mixin.py:188} INFO - [2026-05-07T00:04:04.783+0000] {dag.py:3954} INFO - Setting next_dagrun for example_sla_dag to 2026-05-07 00:02:00+00:00, run_after=2026-05-07 00:04:00+00:00
[2026-05-07T00:04:04.799+0000] {processor.py:183} INFO - Processing /usr/local/python/3.12.1/lib/python3.12/site-packages/airflow/example_dags/example_sla_dag.py took 0.065 seconds
[2026-05-07T00:05:01.993+0000] {processor.py:161} INFO - Started process (PID=34938) to work on /usr/local/python/3.12.1/lib/python3.12/site-packages/airflow/example_dags/example_sla_dag.py
[2026-05-07T00:05:01.994+0000] {processor.py:830} INFO - Processing file /usr/local/python/3.12.1/lib/python3.12/site-packages/airflow/example_dags/example_sla_dag.py for tasks to queue
[2026-05-07T00:05:01.995+0000] {logging_mixin.py:188} INFO - [2026-05-07T00:05:01.995+0000] {dagbag.py:545} INFO - Filling up the DagBag from /usr/local/python/3.12.1/lib/python3.12/site-packages/airflow/example_dags/example_sla_dag.py
[2026-05-07T00:05:02.002+0000] {processor.py:840} INFO - DAG(s) 'example_sla_dag' retrieved from /usr/local/python/3.12.1/lib/python3.12/site-packages/airflow/example_dags/example_sla_dag.py
[2026-05-07T00:05:02.015+0000] {logging_mixin.py:188} INFO - [2026-05-07T00:05:02.015+0000] {dag.py:3096} INFO - Sync 1 DAGs
[2026-05-07T00:05:02.032+0000] {logging_mixin.py:188} INFO - [2026-05-07T00:05:02.032+0000] {dag.py:3954} INFO - Setting next_dagrun for example_sla_dag to 2026-05-07 00:02:00+00:00, run_after=2026-05-07 00:04:00+00:00
[2026-05-07T00:05:02.051+0000] {processor.py:183} INFO - Processing /usr/local/python/3.12.1/lib/python3.12/site-packages/airflow/example_dags/example_sla_dag.py took 0.063 seconds
[2026-05-07T00:05:55.542+0000] {processor.py:161} INFO - Started process (PID=35211) to work on /usr/local/python/3.12.1/lib/python3.12/site-packages/airflow/example_dags/example_sla_dag.py
[2026-05-07T00:05:55.543+0000] {processor.py:830} INFO - Processing file /usr/local/python/3.12.1/lib/python3.12/site-packages/airflow/example_dags/example_sla_dag.py for tasks to queue
[2026-05-07T00:05:55.546+0000] {logging_mixin.py:188} INFO - [2026-05-07T00:05:55.545+0000] {dagbag.py:545} INFO - Filling up the DagBag from /usr/local/python/3.12.1/lib/python3.12/site-packages/airflow/example_dags/example_sla_dag.py
[2026-05-07T00:05:55.562+0000] {processor.py:840} INFO - DAG(s) 'example_sla_dag' retrieved from /usr/local/python/3.12.1/lib/python3.12/site-packages/airflow/example_dags/example_sla_dag.py
[2026-05-07T00:05:55.576+0000] {logging_mixin.py:188} INFO - [2026-05-07T00:05:55.575+0000] {dag.py:3096} INFO - Sync 1 DAGs
[2026-05-07T00:05:55.596+0000] {logging_mixin.py:188} INFO - [2026-05-07T00:05:55.595+0000] {dag.py:3954} INFO - Setting next_dagrun for example_sla_dag to 2026-05-07 00:02:00+00:00, run_after=2026-05-07 00:04:00+00:00
[2026-05-07T00:05:55.626+0000] {processor.py:183} INFO - Processing /usr/local/python/3.12.1/lib/python3.12/site-packages/airflow/example_dags/example_sla_dag.py took 0.093 seconds
[2026-05-07T00:06:52.208+0000] {processor.py:161} INFO - Started process (PID=35477) to work on /usr/local/python/3.12.1/lib/python3.12/site-packages/airflow/example_dags/example_sla_dag.py
[2026-05-07T00:06:52.209+0000] {processor.py:830} INFO - Processing file /usr/local/python/3.12.1/lib/python3.12/site-packages/airflow/example_dags/example_sla_dag.py for tasks to queue
[2026-05-07T00:06:52.210+0000] {logging_mixin.py:188} INFO - [2026-05-07T00:06:52.210+0000] {dagbag.py:545} INFO - Filling up the DagBag from /usr/local/python/3.12.1/lib/python3.12/site-packages/airflow/example_dags/example_sla_dag.py
[2026-05-07T00:06:52.217+0000] {processor.py:840} INFO - DAG(s) 'example_sla_dag' retrieved from /usr/local/python/3.12.1/lib/python3.12/site-packages/airflow/example_dags/example_sla_dag.py
[2026-05-07T00:06:52.230+0000] {logging_mixin.py:188} INFO - [2026-05-07T00:06:52.229+0000] {dag.py:3096} INFO - Sync 1 DAGs
[2026-05-07T00:06:52.252+0000] {logging_mixin.py:188} INFO - [2026-05-07T00:06:52.252+0000] {dag.py:3954} INFO - Setting next_dagrun for example_sla_dag to 2026-05-07 00:04:00+00:00, run_after=2026-05-07 00:06:00+00:00
[2026-05-07T00:06:52.270+0000] {processor.py:183} INFO - Processing /usr/local/python/3.12.1/lib/python3.12/site-packages/airflow/example_dags/example_sla_dag.py took 0.067 seconds
[2026-05-07T00:07:47.062+0000] {processor.py:161} INFO - Started process (PID=35760) to work on /usr/local/python/3.12.1/lib/python3.12/site-packages/airflow/example_dags/example_sla_dag.py
[2026-05-07T00:07:47.063+0000] {processor.py:830} INFO - Processing file /usr/local/python/3.12.1/lib/python3.12/site-packages/airflow/example_dags/example_sla_dag.py for tasks to queue
[2026-05-07T00:07:47.064+0000] {logging_mixin.py:188} INFO - [2026-05-07T00:07:47.064+0000] {dagbag.py:545} INFO - Filling up the DagBag from /usr/local/python/3.12.1/lib/python3.12/site-packages/airflow/example_dags/example_sla_dag.py
[2026-05-07T00:07:47.071+0000] {processor.py:840} INFO - DAG(s) 'example_sla_dag' retrieved from /usr/local/python/3.12.1/lib/python3.12/site-packages/airflow/example_dags/example_sla_dag.py
[2026-05-07T00:07:47.084+0000] {logging_mixin.py:188} INFO - [2026-05-07T00:07:47.084+0000] {dag.py:3096} INFO - Sync 1 DAGs
[2026-05-07T00:07:47.101+0000] {logging_mixin.py:188} INFO - [2026-05-07T00:07:47.101+0000] {dag.py:3954} INFO - Setting next_dagrun for example_sla_dag to 2026-05-07 00:04:00+00:00, run_after=2026-05-07 00:06:00+00:00
[2026-05-07T00:07:47.117+0000] {processor.py:183} INFO - Processing /usr/local/python/3.12.1/lib/python3.12/site-packages/airflow/example_dags/example_sla_dag.py took 0.060 seconds
