[2026-05-07T00:00:52.831+0000] {processor.py:161} INFO - Started process (PID=33727) to work on /usr/local/python/3.12.1/lib/python3.12/site-packages/airflow/example_dags/example_latest_only_with_trigger.py
[2026-05-07T00:00:52.832+0000] {processor.py:830} INFO - Processing file /usr/local/python/3.12.1/lib/python3.12/site-packages/airflow/example_dags/example_latest_only_with_trigger.py for tasks to queue
[2026-05-07T00:00:52.834+0000] {logging_mixin.py:188} INFO - [2026-05-07T00:00:52.833+0000] {dagbag.py:545} INFO - Filling up the DagBag from /usr/local/python/3.12.1/lib/python3.12/site-packages/airflow/example_dags/example_latest_only_with_trigger.py
[2026-05-07T00:00:52.839+0000] {processor.py:840} INFO - DAG(s) 'latest_only_with_trigger' retrieved from /usr/local/python/3.12.1/lib/python3.12/site-packages/airflow/example_dags/example_latest_only_with_trigger.py
[2026-05-07T00:00:52.857+0000] {logging_mixin.py:188} INFO - [2026-05-07T00:00:52.857+0000] {dag.py:3096} INFO - Sync 1 DAGs
[2026-05-07T00:00:52.872+0000] {logging_mixin.py:188} INFO - [2026-05-07T00:00:52.872+0000] {dag.py:3954} INFO - Setting next_dagrun for latest_only_with_trigger to 2026-05-06 20:00:00+00:00, run_after=2026-05-07 00:00:00+00:00
[2026-05-07T00:00:52.889+0000] {processor.py:183} INFO - Processing /usr/local/python/3.12.1/lib/python3.12/site-packages/airflow/example_dags/example_latest_only_with_trigger.py took 0.063 seconds
[2026-05-07T00:01:53.357+0000] {processor.py:161} INFO - Started process (PID=34020) to work on /usr/local/python/3.12.1/lib/python3.12/site-packages/airflow/example_dags/example_latest_only_with_trigger.py
[2026-05-07T00:01:53.357+0000] {processor.py:830} INFO - Processing file /usr/local/python/3.12.1/lib/python3.12/site-packages/airflow/example_dags/example_latest_only_with_trigger.py for tasks to queue
[2026-05-07T00:01:53.359+0000] {logging_mixin.py:188} INFO - [2026-05-07T00:01:53.358+0000] {dagbag.py:545} INFO - Filling up the DagBag from /usr/local/python/3.12.1/lib/python3.12/site-packages/airflow/example_dags/example_latest_only_with_trigger.py
[2026-05-07T00:01:53.364+0000] {processor.py:840} INFO - DAG(s) 'latest_only_with_trigger' retrieved from /usr/local/python/3.12.1/lib/python3.12/site-packages/airflow/example_dags/example_latest_only_with_trigger.py
[2026-05-07T00:01:53.379+0000] {logging_mixin.py:188} INFO - [2026-05-07T00:01:53.379+0000] {dag.py:3096} INFO - Sync 1 DAGs
[2026-05-07T00:01:53.395+0000] {logging_mixin.py:188} INFO - [2026-05-07T00:01:53.395+0000] {dag.py:3954} INFO - Setting next_dagrun for latest_only_with_trigger to 2026-05-06 20:00:00+00:00, run_after=2026-05-07 00:00:00+00:00
[2026-05-07T00:01:53.413+0000] {processor.py:183} INFO - Processing /usr/local/python/3.12.1/lib/python3.12/site-packages/airflow/example_dags/example_latest_only_with_trigger.py took 0.063 seconds
[2026-05-07T00:02:50.177+0000] {processor.py:161} INFO - Started process (PID=34290) to work on /usr/local/python/3.12.1/lib/python3.12/site-packages/airflow/example_dags/example_latest_only_with_trigger.py
[2026-05-07T00:02:50.178+0000] {processor.py:830} INFO - Processing file /usr/local/python/3.12.1/lib/python3.12/site-packages/airflow/example_dags/example_latest_only_with_trigger.py for tasks to queue
[2026-05-07T00:02:50.180+0000] {logging_mixin.py:188} INFO - [2026-05-07T00:02:50.179+0000] {dagbag.py:545} INFO - Filling up the DagBag from /usr/local/python/3.12.1/lib/python3.12/site-packages/airflow/example_dags/example_latest_only_with_trigger.py
[2026-05-07T00:02:50.185+0000] {processor.py:840} INFO - DAG(s) 'latest_only_with_trigger' retrieved from /usr/local/python/3.12.1/lib/python3.12/site-packages/airflow/example_dags/example_latest_only_with_trigger.py
[2026-05-07T00:02:50.199+0000] {logging_mixin.py:188} INFO - [2026-05-07T00:02:50.199+0000] {dag.py:3096} INFO - Sync 1 DAGs
[2026-05-07T00:02:50.215+0000] {logging_mixin.py:188} INFO - [2026-05-07T00:02:50.215+0000] {dag.py:3954} INFO - Setting next_dagrun for latest_only_with_trigger to 2026-05-06 20:00:00+00:00, run_after=2026-05-07 00:00:00+00:00
[2026-05-07T00:02:50.232+0000] {processor.py:183} INFO - Processing /usr/local/python/3.12.1/lib/python3.12/site-packages/airflow/example_dags/example_latest_only_with_trigger.py took 0.059 seconds
[2026-05-07T00:03:45.223+0000] {processor.py:161} INFO - Started process (PID=34574) to work on /usr/local/python/3.12.1/lib/python3.12/site-packages/airflow/example_dags/example_latest_only_with_trigger.py
[2026-05-07T00:03:45.223+0000] {processor.py:830} INFO - Processing file /usr/local/python/3.12.1/lib/python3.12/site-packages/airflow/example_dags/example_latest_only_with_trigger.py for tasks to queue
[2026-05-07T00:03:45.225+0000] {logging_mixin.py:188} INFO - [2026-05-07T00:03:45.224+0000] {dagbag.py:545} INFO - Filling up the DagBag from /usr/local/python/3.12.1/lib/python3.12/site-packages/airflow/example_dags/example_latest_only_with_trigger.py
[2026-05-07T00:03:45.230+0000] {processor.py:840} INFO - DAG(s) 'latest_only_with_trigger' retrieved from /usr/local/python/3.12.1/lib/python3.12/site-packages/airflow/example_dags/example_latest_only_with_trigger.py
[2026-05-07T00:03:45.246+0000] {logging_mixin.py:188} INFO - [2026-05-07T00:03:45.245+0000] {dag.py:3096} INFO - Sync 1 DAGs
[2026-05-07T00:03:45.265+0000] {logging_mixin.py:188} INFO - [2026-05-07T00:03:45.264+0000] {dag.py:3954} INFO - Setting next_dagrun for latest_only_with_trigger to 2026-05-06 20:00:00+00:00, run_after=2026-05-07 00:00:00+00:00
[2026-05-07T00:03:45.282+0000] {processor.py:183} INFO - Processing /usr/local/python/3.12.1/lib/python3.12/site-packages/airflow/example_dags/example_latest_only_with_trigger.py took 0.065 seconds
[2026-05-07T00:04:43.248+0000] {processor.py:161} INFO - Started process (PID=34859) to work on /usr/local/python/3.12.1/lib/python3.12/site-packages/airflow/example_dags/example_latest_only_with_trigger.py
[2026-05-07T00:04:43.249+0000] {processor.py:830} INFO - Processing file /usr/local/python/3.12.1/lib/python3.12/site-packages/airflow/example_dags/example_latest_only_with_trigger.py for tasks to queue
[2026-05-07T00:04:43.251+0000] {logging_mixin.py:188} INFO - [2026-05-07T00:04:43.251+0000] {dagbag.py:545} INFO - Filling up the DagBag from /usr/local/python/3.12.1/lib/python3.12/site-packages/airflow/example_dags/example_latest_only_with_trigger.py
[2026-05-07T00:04:43.260+0000] {processor.py:840} INFO - DAG(s) 'latest_only_with_trigger' retrieved from /usr/local/python/3.12.1/lib/python3.12/site-packages/airflow/example_dags/example_latest_only_with_trigger.py
[2026-05-07T00:04:43.279+0000] {logging_mixin.py:188} INFO - [2026-05-07T00:04:43.279+0000] {dag.py:3096} INFO - Sync 1 DAGs
[2026-05-07T00:04:43.295+0000] {logging_mixin.py:188} INFO - [2026-05-07T00:04:43.295+0000] {dag.py:3954} INFO - Setting next_dagrun for latest_only_with_trigger to 2026-05-06 20:00:00+00:00, run_after=2026-05-07 00:00:00+00:00
[2026-05-07T00:04:43.311+0000] {processor.py:183} INFO - Processing /usr/local/python/3.12.1/lib/python3.12/site-packages/airflow/example_dags/example_latest_only_with_trigger.py took 0.077 seconds
[2026-05-07T00:05:40.218+0000] {processor.py:161} INFO - Started process (PID=35127) to work on /usr/local/python/3.12.1/lib/python3.12/site-packages/airflow/example_dags/example_latest_only_with_trigger.py
[2026-05-07T00:05:40.218+0000] {processor.py:830} INFO - Processing file /usr/local/python/3.12.1/lib/python3.12/site-packages/airflow/example_dags/example_latest_only_with_trigger.py for tasks to queue
[2026-05-07T00:05:40.220+0000] {logging_mixin.py:188} INFO - [2026-05-07T00:05:40.219+0000] {dagbag.py:545} INFO - Filling up the DagBag from /usr/local/python/3.12.1/lib/python3.12/site-packages/airflow/example_dags/example_latest_only_with_trigger.py
[2026-05-07T00:05:40.225+0000] {processor.py:840} INFO - DAG(s) 'latest_only_with_trigger' retrieved from /usr/local/python/3.12.1/lib/python3.12/site-packages/airflow/example_dags/example_latest_only_with_trigger.py
[2026-05-07T00:05:40.239+0000] {logging_mixin.py:188} INFO - [2026-05-07T00:05:40.239+0000] {dag.py:3096} INFO - Sync 1 DAGs
[2026-05-07T00:05:40.259+0000] {logging_mixin.py:188} INFO - [2026-05-07T00:05:40.259+0000] {dag.py:3954} INFO - Setting next_dagrun for latest_only_with_trigger to 2026-05-06 20:00:00+00:00, run_after=2026-05-07 00:00:00+00:00
[2026-05-07T00:05:40.277+0000] {processor.py:183} INFO - Processing /usr/local/python/3.12.1/lib/python3.12/site-packages/airflow/example_dags/example_latest_only_with_trigger.py took 0.064 seconds
[2026-05-07T00:06:34.212+0000] {processor.py:161} INFO - Started process (PID=35400) to work on /usr/local/python/3.12.1/lib/python3.12/site-packages/airflow/example_dags/example_latest_only_with_trigger.py
[2026-05-07T00:06:34.215+0000] {processor.py:830} INFO - Processing file /usr/local/python/3.12.1/lib/python3.12/site-packages/airflow/example_dags/example_latest_only_with_trigger.py for tasks to queue
[2026-05-07T00:06:34.219+0000] {logging_mixin.py:188} INFO - [2026-05-07T00:06:34.219+0000] {dagbag.py:545} INFO - Filling up the DagBag from /usr/local/python/3.12.1/lib/python3.12/site-packages/airflow/example_dags/example_latest_only_with_trigger.py
[2026-05-07T00:06:34.240+0000] {processor.py:840} INFO - DAG(s) 'latest_only_with_trigger' retrieved from /usr/local/python/3.12.1/lib/python3.12/site-packages/airflow/example_dags/example_latest_only_with_trigger.py
[2026-05-07T00:06:34.267+0000] {logging_mixin.py:188} INFO - [2026-05-07T00:06:34.267+0000] {dag.py:3096} INFO - Sync 1 DAGs
[2026-05-07T00:06:34.292+0000] {logging_mixin.py:188} INFO - [2026-05-07T00:06:34.292+0000] {dag.py:3954} INFO - Setting next_dagrun for latest_only_with_trigger to 2026-05-06 20:00:00+00:00, run_after=2026-05-07 00:00:00+00:00
[2026-05-07T00:06:34.321+0000] {processor.py:183} INFO - Processing /usr/local/python/3.12.1/lib/python3.12/site-packages/airflow/example_dags/example_latest_only_with_trigger.py took 0.116 seconds
[2026-05-07T00:07:28.232+0000] {processor.py:161} INFO - Started process (PID=35662) to work on /usr/local/python/3.12.1/lib/python3.12/site-packages/airflow/example_dags/example_latest_only_with_trigger.py
[2026-05-07T00:07:28.232+0000] {processor.py:830} INFO - Processing file /usr/local/python/3.12.1/lib/python3.12/site-packages/airflow/example_dags/example_latest_only_with_trigger.py for tasks to queue
[2026-05-07T00:07:28.234+0000] {logging_mixin.py:188} INFO - [2026-05-07T00:07:28.233+0000] {dagbag.py:545} INFO - Filling up the DagBag from /usr/local/python/3.12.1/lib/python3.12/site-packages/airflow/example_dags/example_latest_only_with_trigger.py
[2026-05-07T00:07:28.240+0000] {processor.py:840} INFO - DAG(s) 'latest_only_with_trigger' retrieved from /usr/local/python/3.12.1/lib/python3.12/site-packages/airflow/example_dags/example_latest_only_with_trigger.py
[2026-05-07T00:07:28.258+0000] {logging_mixin.py:188} INFO - [2026-05-07T00:07:28.257+0000] {dag.py:3096} INFO - Sync 1 DAGs
[2026-05-07T00:07:28.273+0000] {logging_mixin.py:188} INFO - [2026-05-07T00:07:28.273+0000] {dag.py:3954} INFO - Setting next_dagrun for latest_only_with_trigger to 2026-05-06 20:00:00+00:00, run_after=2026-05-07 00:00:00+00:00
[2026-05-07T00:07:28.290+0000] {processor.py:183} INFO - Processing /usr/local/python/3.12.1/lib/python3.12/site-packages/airflow/example_dags/example_latest_only_with_trigger.py took 0.063 seconds
