[2026-05-07T00:00:13.016+0000] {processor.py:161} INFO - Started process (PID=33531) to work on /usr/local/python/3.12.1/lib/python3.12/site-packages/airflow/example_dags/example_task_group_decorator.py
[2026-05-07T00:00:13.017+0000] {processor.py:830} INFO - Processing file /usr/local/python/3.12.1/lib/python3.12/site-packages/airflow/example_dags/example_task_group_decorator.py for tasks to queue
[2026-05-07T00:00:13.019+0000] {logging_mixin.py:188} INFO - [2026-05-07T00:00:13.018+0000] {dagbag.py:545} INFO - Filling up the DagBag from /usr/local/python/3.12.1/lib/python3.12/site-packages/airflow/example_dags/example_task_group_decorator.py
[2026-05-07T00:00:13.030+0000] {processor.py:840} INFO - DAG(s) 'example_task_group_decorator' retrieved from /usr/local/python/3.12.1/lib/python3.12/site-packages/airflow/example_dags/example_task_group_decorator.py
[2026-05-07T00:00:13.052+0000] {logging_mixin.py:188} INFO - [2026-05-07T00:00:13.051+0000] {dag.py:3096} INFO - Sync 1 DAGs
[2026-05-07T00:00:13.068+0000] {logging_mixin.py:188} INFO - [2026-05-07T00:00:13.068+0000] {dag.py:3954} INFO - Setting next_dagrun for example_task_group_decorator to 2026-05-06 00:00:00+00:00, run_after=2026-05-07 00:00:00+00:00
[2026-05-07T00:00:13.086+0000] {processor.py:183} INFO - Processing /usr/local/python/3.12.1/lib/python3.12/site-packages/airflow/example_dags/example_task_group_decorator.py took 0.075 seconds
[2026-05-07T00:00:51.332+0000] {processor.py:161} INFO - Started process (PID=33724) to work on /usr/local/python/3.12.1/lib/python3.12/site-packages/airflow/example_dags/example_task_group_decorator.py
[2026-05-07T00:00:51.332+0000] {processor.py:830} INFO - Processing file /usr/local/python/3.12.1/lib/python3.12/site-packages/airflow/example_dags/example_task_group_decorator.py for tasks to queue
[2026-05-07T00:00:51.334+0000] {logging_mixin.py:188} INFO - [2026-05-07T00:00:51.333+0000] {dagbag.py:545} INFO - Filling up the DagBag from /usr/local/python/3.12.1/lib/python3.12/site-packages/airflow/example_dags/example_task_group_decorator.py
[2026-05-07T00:00:51.350+0000] {processor.py:840} INFO - DAG(s) 'example_task_group_decorator' retrieved from /usr/local/python/3.12.1/lib/python3.12/site-packages/airflow/example_dags/example_task_group_decorator.py
[2026-05-07T00:00:51.368+0000] {logging_mixin.py:188} INFO - [2026-05-07T00:00:51.368+0000] {dag.py:3096} INFO - Sync 1 DAGs
[2026-05-07T00:00:51.383+0000] {logging_mixin.py:188} INFO - [2026-05-07T00:00:51.383+0000] {dag.py:3954} INFO - Setting next_dagrun for example_task_group_decorator to 2026-05-06 00:00:00+00:00, run_after=2026-05-07 00:00:00+00:00
[2026-05-07T00:00:51.399+0000] {processor.py:183} INFO - Processing /usr/local/python/3.12.1/lib/python3.12/site-packages/airflow/example_dags/example_task_group_decorator.py took 0.073 seconds
[2026-05-07T00:01:48.352+0000] {processor.py:161} INFO - Started process (PID=33987) to work on /usr/local/python/3.12.1/lib/python3.12/site-packages/airflow/example_dags/example_task_group_decorator.py
[2026-05-07T00:01:48.352+0000] {processor.py:830} INFO - Processing file /usr/local/python/3.12.1/lib/python3.12/site-packages/airflow/example_dags/example_task_group_decorator.py for tasks to queue
[2026-05-07T00:01:48.355+0000] {logging_mixin.py:188} INFO - [2026-05-07T00:01:48.354+0000] {dagbag.py:545} INFO - Filling up the DagBag from /usr/local/python/3.12.1/lib/python3.12/site-packages/airflow/example_dags/example_task_group_decorator.py
[2026-05-07T00:01:48.371+0000] {processor.py:840} INFO - DAG(s) 'example_task_group_decorator' retrieved from /usr/local/python/3.12.1/lib/python3.12/site-packages/airflow/example_dags/example_task_group_decorator.py
[2026-05-07T00:01:48.388+0000] {logging_mixin.py:188} INFO - [2026-05-07T00:01:48.388+0000] {dag.py:3096} INFO - Sync 1 DAGs
[2026-05-07T00:01:48.404+0000] {logging_mixin.py:188} INFO - [2026-05-07T00:01:48.404+0000] {dag.py:3954} INFO - Setting next_dagrun for example_task_group_decorator to 2026-05-06 00:00:00+00:00, run_after=2026-05-07 00:00:00+00:00
[2026-05-07T00:01:48.421+0000] {processor.py:183} INFO - Processing /usr/local/python/3.12.1/lib/python3.12/site-packages/airflow/example_dags/example_task_group_decorator.py took 0.074 seconds
[2026-05-07T00:02:26.427+0000] {processor.py:161} INFO - Started process (PID=34177) to work on /usr/local/python/3.12.1/lib/python3.12/site-packages/airflow/example_dags/example_task_group_decorator.py
[2026-05-07T00:02:26.428+0000] {processor.py:830} INFO - Processing file /usr/local/python/3.12.1/lib/python3.12/site-packages/airflow/example_dags/example_task_group_decorator.py for tasks to queue
[2026-05-07T00:02:26.429+0000] {logging_mixin.py:188} INFO - [2026-05-07T00:02:26.429+0000] {dagbag.py:545} INFO - Filling up the DagBag from /usr/local/python/3.12.1/lib/python3.12/site-packages/airflow/example_dags/example_task_group_decorator.py
[2026-05-07T00:02:26.446+0000] {processor.py:840} INFO - DAG(s) 'example_task_group_decorator' retrieved from /usr/local/python/3.12.1/lib/python3.12/site-packages/airflow/example_dags/example_task_group_decorator.py
[2026-05-07T00:02:26.465+0000] {logging_mixin.py:188} INFO - [2026-05-07T00:02:26.465+0000] {dag.py:3096} INFO - Sync 1 DAGs
[2026-05-07T00:02:26.482+0000] {logging_mixin.py:188} INFO - [2026-05-07T00:02:26.482+0000] {dag.py:3954} INFO - Setting next_dagrun for example_task_group_decorator to 2026-05-06 00:00:00+00:00, run_after=2026-05-07 00:00:00+00:00
[2026-05-07T00:02:26.499+0000] {processor.py:183} INFO - Processing /usr/local/python/3.12.1/lib/python3.12/site-packages/airflow/example_dags/example_task_group_decorator.py took 0.078 seconds
[2026-05-07T00:03:05.116+0000] {processor.py:161} INFO - Started process (PID=34370) to work on /usr/local/python/3.12.1/lib/python3.12/site-packages/airflow/example_dags/example_task_group_decorator.py
[2026-05-07T00:03:05.117+0000] {processor.py:830} INFO - Processing file /usr/local/python/3.12.1/lib/python3.12/site-packages/airflow/example_dags/example_task_group_decorator.py for tasks to queue
[2026-05-07T00:03:05.119+0000] {logging_mixin.py:188} INFO - [2026-05-07T00:03:05.118+0000] {dagbag.py:545} INFO - Filling up the DagBag from /usr/local/python/3.12.1/lib/python3.12/site-packages/airflow/example_dags/example_task_group_decorator.py
[2026-05-07T00:03:05.131+0000] {processor.py:840} INFO - DAG(s) 'example_task_group_decorator' retrieved from /usr/local/python/3.12.1/lib/python3.12/site-packages/airflow/example_dags/example_task_group_decorator.py
[2026-05-07T00:03:05.152+0000] {logging_mixin.py:188} INFO - [2026-05-07T00:03:05.152+0000] {dag.py:3096} INFO - Sync 1 DAGs
[2026-05-07T00:03:05.169+0000] {logging_mixin.py:188} INFO - [2026-05-07T00:03:05.169+0000] {dag.py:3954} INFO - Setting next_dagrun for example_task_group_decorator to 2026-05-06 00:00:00+00:00, run_after=2026-05-07 00:00:00+00:00
[2026-05-07T00:03:05.185+0000] {processor.py:183} INFO - Processing /usr/local/python/3.12.1/lib/python3.12/site-packages/airflow/example_dags/example_task_group_decorator.py took 0.074 seconds
[2026-05-07T00:03:41.725+0000] {processor.py:161} INFO - Started process (PID=34550) to work on /usr/local/python/3.12.1/lib/python3.12/site-packages/airflow/example_dags/example_task_group_decorator.py
[2026-05-07T00:03:41.726+0000] {processor.py:830} INFO - Processing file /usr/local/python/3.12.1/lib/python3.12/site-packages/airflow/example_dags/example_task_group_decorator.py for tasks to queue
[2026-05-07T00:03:41.728+0000] {logging_mixin.py:188} INFO - [2026-05-07T00:03:41.727+0000] {dagbag.py:545} INFO - Filling up the DagBag from /usr/local/python/3.12.1/lib/python3.12/site-packages/airflow/example_dags/example_task_group_decorator.py
[2026-05-07T00:03:41.750+0000] {processor.py:840} INFO - DAG(s) 'example_task_group_decorator' retrieved from /usr/local/python/3.12.1/lib/python3.12/site-packages/airflow/example_dags/example_task_group_decorator.py
[2026-05-07T00:03:41.787+0000] {logging_mixin.py:188} INFO - [2026-05-07T00:03:41.787+0000] {dag.py:3096} INFO - Sync 1 DAGs
[2026-05-07T00:03:41.813+0000] {logging_mixin.py:188} INFO - [2026-05-07T00:03:41.813+0000] {dag.py:3954} INFO - Setting next_dagrun for example_task_group_decorator to 2026-05-06 00:00:00+00:00, run_after=2026-05-07 00:00:00+00:00
[2026-05-07T00:03:41.853+0000] {processor.py:183} INFO - Processing /usr/local/python/3.12.1/lib/python3.12/site-packages/airflow/example_dags/example_task_group_decorator.py took 0.136 seconds
[2026-05-07T00:04:20.376+0000] {processor.py:161} INFO - Started process (PID=34735) to work on /usr/local/python/3.12.1/lib/python3.12/site-packages/airflow/example_dags/example_task_group_decorator.py
[2026-05-07T00:04:20.377+0000] {processor.py:830} INFO - Processing file /usr/local/python/3.12.1/lib/python3.12/site-packages/airflow/example_dags/example_task_group_decorator.py for tasks to queue
[2026-05-07T00:04:20.378+0000] {logging_mixin.py:188} INFO - [2026-05-07T00:04:20.378+0000] {dagbag.py:545} INFO - Filling up the DagBag from /usr/local/python/3.12.1/lib/python3.12/site-packages/airflow/example_dags/example_task_group_decorator.py
[2026-05-07T00:04:20.390+0000] {processor.py:840} INFO - DAG(s) 'example_task_group_decorator' retrieved from /usr/local/python/3.12.1/lib/python3.12/site-packages/airflow/example_dags/example_task_group_decorator.py
[2026-05-07T00:04:20.407+0000] {logging_mixin.py:188} INFO - [2026-05-07T00:04:20.406+0000] {dag.py:3096} INFO - Sync 1 DAGs
[2026-05-07T00:04:20.422+0000] {logging_mixin.py:188} INFO - [2026-05-07T00:04:20.422+0000] {dag.py:3954} INFO - Setting next_dagrun for example_task_group_decorator to 2026-05-06 00:00:00+00:00, run_after=2026-05-07 00:00:00+00:00
[2026-05-07T00:04:20.440+0000] {processor.py:183} INFO - Processing /usr/local/python/3.12.1/lib/python3.12/site-packages/airflow/example_dags/example_task_group_decorator.py took 0.069 seconds
[2026-05-07T00:04:59.100+0000] {processor.py:161} INFO - Started process (PID=34926) to work on /usr/local/python/3.12.1/lib/python3.12/site-packages/airflow/example_dags/example_task_group_decorator.py
[2026-05-07T00:04:59.101+0000] {processor.py:830} INFO - Processing file /usr/local/python/3.12.1/lib/python3.12/site-packages/airflow/example_dags/example_task_group_decorator.py for tasks to queue
[2026-05-07T00:04:59.102+0000] {logging_mixin.py:188} INFO - [2026-05-07T00:04:59.102+0000] {dagbag.py:545} INFO - Filling up the DagBag from /usr/local/python/3.12.1/lib/python3.12/site-packages/airflow/example_dags/example_task_group_decorator.py
[2026-05-07T00:04:59.114+0000] {processor.py:840} INFO - DAG(s) 'example_task_group_decorator' retrieved from /usr/local/python/3.12.1/lib/python3.12/site-packages/airflow/example_dags/example_task_group_decorator.py
[2026-05-07T00:04:59.131+0000] {logging_mixin.py:188} INFO - [2026-05-07T00:04:59.130+0000] {dag.py:3096} INFO - Sync 1 DAGs
[2026-05-07T00:04:59.150+0000] {logging_mixin.py:188} INFO - [2026-05-07T00:04:59.149+0000] {dag.py:3954} INFO - Setting next_dagrun for example_task_group_decorator to 2026-05-06 00:00:00+00:00, run_after=2026-05-07 00:00:00+00:00
[2026-05-07T00:04:59.170+0000] {processor.py:183} INFO - Processing /usr/local/python/3.12.1/lib/python3.12/site-packages/airflow/example_dags/example_task_group_decorator.py took 0.075 seconds
[2026-05-07T00:05:37.353+0000] {processor.py:161} INFO - Started process (PID=35115) to work on /usr/local/python/3.12.1/lib/python3.12/site-packages/airflow/example_dags/example_task_group_decorator.py
[2026-05-07T00:05:37.353+0000] {processor.py:830} INFO - Processing file /usr/local/python/3.12.1/lib/python3.12/site-packages/airflow/example_dags/example_task_group_decorator.py for tasks to queue
[2026-05-07T00:05:37.355+0000] {logging_mixin.py:188} INFO - [2026-05-07T00:05:37.355+0000] {dagbag.py:545} INFO - Filling up the DagBag from /usr/local/python/3.12.1/lib/python3.12/site-packages/airflow/example_dags/example_task_group_decorator.py
[2026-05-07T00:05:37.367+0000] {processor.py:840} INFO - DAG(s) 'example_task_group_decorator' retrieved from /usr/local/python/3.12.1/lib/python3.12/site-packages/airflow/example_dags/example_task_group_decorator.py
[2026-05-07T00:05:37.383+0000] {logging_mixin.py:188} INFO - [2026-05-07T00:05:37.383+0000] {dag.py:3096} INFO - Sync 1 DAGs
[2026-05-07T00:05:37.399+0000] {logging_mixin.py:188} INFO - [2026-05-07T00:05:37.398+0000] {dag.py:3954} INFO - Setting next_dagrun for example_task_group_decorator to 2026-05-06 00:00:00+00:00, run_after=2026-05-07 00:00:00+00:00
[2026-05-07T00:05:37.415+0000] {processor.py:183} INFO - Processing /usr/local/python/3.12.1/lib/python3.12/site-packages/airflow/example_dags/example_task_group_decorator.py took 0.069 seconds
[2026-05-07T00:06:30.788+0000] {processor.py:161} INFO - Started process (PID=35375) to work on /usr/local/python/3.12.1/lib/python3.12/site-packages/airflow/example_dags/example_task_group_decorator.py
[2026-05-07T00:06:30.789+0000] {processor.py:830} INFO - Processing file /usr/local/python/3.12.1/lib/python3.12/site-packages/airflow/example_dags/example_task_group_decorator.py for tasks to queue
[2026-05-07T00:06:30.790+0000] {logging_mixin.py:188} INFO - [2026-05-07T00:06:30.790+0000] {dagbag.py:545} INFO - Filling up the DagBag from /usr/local/python/3.12.1/lib/python3.12/site-packages/airflow/example_dags/example_task_group_decorator.py
[2026-05-07T00:06:30.802+0000] {processor.py:840} INFO - DAG(s) 'example_task_group_decorator' retrieved from /usr/local/python/3.12.1/lib/python3.12/site-packages/airflow/example_dags/example_task_group_decorator.py
[2026-05-07T00:06:30.818+0000] {logging_mixin.py:188} INFO - [2026-05-07T00:06:30.817+0000] {dag.py:3096} INFO - Sync 1 DAGs
[2026-05-07T00:06:30.833+0000] {logging_mixin.py:188} INFO - [2026-05-07T00:06:30.833+0000] {dag.py:3954} INFO - Setting next_dagrun for example_task_group_decorator to 2026-05-06 00:00:00+00:00, run_after=2026-05-07 00:00:00+00:00
[2026-05-07T00:06:30.853+0000] {processor.py:183} INFO - Processing /usr/local/python/3.12.1/lib/python3.12/site-packages/airflow/example_dags/example_task_group_decorator.py took 0.070 seconds
[2026-05-07T00:07:08.905+0000] {processor.py:161} INFO - Started process (PID=35566) to work on /usr/local/python/3.12.1/lib/python3.12/site-packages/airflow/example_dags/example_task_group_decorator.py
[2026-05-07T00:07:08.906+0000] {processor.py:830} INFO - Processing file /usr/local/python/3.12.1/lib/python3.12/site-packages/airflow/example_dags/example_task_group_decorator.py for tasks to queue
[2026-05-07T00:07:08.907+0000] {logging_mixin.py:188} INFO - [2026-05-07T00:07:08.907+0000] {dagbag.py:545} INFO - Filling up the DagBag from /usr/local/python/3.12.1/lib/python3.12/site-packages/airflow/example_dags/example_task_group_decorator.py
[2026-05-07T00:07:08.920+0000] {processor.py:840} INFO - DAG(s) 'example_task_group_decorator' retrieved from /usr/local/python/3.12.1/lib/python3.12/site-packages/airflow/example_dags/example_task_group_decorator.py
[2026-05-07T00:07:08.938+0000] {logging_mixin.py:188} INFO - [2026-05-07T00:07:08.938+0000] {dag.py:3096} INFO - Sync 1 DAGs
[2026-05-07T00:07:08.957+0000] {logging_mixin.py:188} INFO - [2026-05-07T00:07:08.957+0000] {dag.py:3954} INFO - Setting next_dagrun for example_task_group_decorator to 2026-05-06 00:00:00+00:00, run_after=2026-05-07 00:00:00+00:00
[2026-05-07T00:07:08.977+0000] {processor.py:183} INFO - Processing /usr/local/python/3.12.1/lib/python3.12/site-packages/airflow/example_dags/example_task_group_decorator.py took 0.077 seconds
