[2026-05-07T00:00:21.023+0000] {processor.py:161} INFO - Started process (PID=33571) to work on /usr/local/python/3.12.1/lib/python3.12/site-packages/airflow/example_dags/example_branch_day_of_week_operator.py
[2026-05-07T00:00:21.024+0000] {processor.py:830} INFO - Processing file /usr/local/python/3.12.1/lib/python3.12/site-packages/airflow/example_dags/example_branch_day_of_week_operator.py for tasks to queue
[2026-05-07T00:00:21.025+0000] {logging_mixin.py:188} INFO - [2026-05-07T00:00:21.025+0000] {dagbag.py:545} INFO - Filling up the DagBag from /usr/local/python/3.12.1/lib/python3.12/site-packages/airflow/example_dags/example_branch_day_of_week_operator.py
[2026-05-07T00:00:21.032+0000] {processor.py:840} INFO - DAG(s) 'example_weekday_branch_operator' retrieved from /usr/local/python/3.12.1/lib/python3.12/site-packages/airflow/example_dags/example_branch_day_of_week_operator.py
[2026-05-07T00:00:21.051+0000] {logging_mixin.py:188} INFO - [2026-05-07T00:00:21.051+0000] {dag.py:3096} INFO - Sync 1 DAGs
[2026-05-07T00:00:21.069+0000] {logging_mixin.py:188} INFO - [2026-05-07T00:00:21.069+0000] {dag.py:3954} INFO - Setting next_dagrun for example_weekday_branch_operator to 2026-05-06 00:00:00+00:00, run_after=2026-05-07 00:00:00+00:00
[2026-05-07T00:00:21.088+0000] {processor.py:183} INFO - Processing /usr/local/python/3.12.1/lib/python3.12/site-packages/airflow/example_dags/example_branch_day_of_week_operator.py took 0.070 seconds
[2026-05-07T00:01:15.890+0000] {processor.py:161} INFO - Started process (PID=33832) to work on /usr/local/python/3.12.1/lib/python3.12/site-packages/airflow/example_dags/example_branch_day_of_week_operator.py
[2026-05-07T00:01:15.891+0000] {processor.py:830} INFO - Processing file /usr/local/python/3.12.1/lib/python3.12/site-packages/airflow/example_dags/example_branch_day_of_week_operator.py for tasks to queue
[2026-05-07T00:01:15.892+0000] {logging_mixin.py:188} INFO - [2026-05-07T00:01:15.892+0000] {dagbag.py:545} INFO - Filling up the DagBag from /usr/local/python/3.12.1/lib/python3.12/site-packages/airflow/example_dags/example_branch_day_of_week_operator.py
[2026-05-07T00:01:15.899+0000] {processor.py:840} INFO - DAG(s) 'example_weekday_branch_operator' retrieved from /usr/local/python/3.12.1/lib/python3.12/site-packages/airflow/example_dags/example_branch_day_of_week_operator.py
[2026-05-07T00:01:15.913+0000] {logging_mixin.py:188} INFO - [2026-05-07T00:01:15.912+0000] {dag.py:3096} INFO - Sync 1 DAGs
[2026-05-07T00:01:15.928+0000] {logging_mixin.py:188} INFO - [2026-05-07T00:01:15.928+0000] {dag.py:3954} INFO - Setting next_dagrun for example_weekday_branch_operator to 2026-05-06 00:00:00+00:00, run_after=2026-05-07 00:00:00+00:00
[2026-05-07T00:01:15.950+0000] {processor.py:183} INFO - Processing /usr/local/python/3.12.1/lib/python3.12/site-packages/airflow/example_dags/example_branch_day_of_week_operator.py took 0.064 seconds
[2026-05-07T00:02:14.202+0000] {processor.py:161} INFO - Started process (PID=34123) to work on /usr/local/python/3.12.1/lib/python3.12/site-packages/airflow/example_dags/example_branch_day_of_week_operator.py
[2026-05-07T00:02:14.203+0000] {processor.py:830} INFO - Processing file /usr/local/python/3.12.1/lib/python3.12/site-packages/airflow/example_dags/example_branch_day_of_week_operator.py for tasks to queue
[2026-05-07T00:02:14.204+0000] {logging_mixin.py:188} INFO - [2026-05-07T00:02:14.204+0000] {dagbag.py:545} INFO - Filling up the DagBag from /usr/local/python/3.12.1/lib/python3.12/site-packages/airflow/example_dags/example_branch_day_of_week_operator.py
[2026-05-07T00:02:14.210+0000] {processor.py:840} INFO - DAG(s) 'example_weekday_branch_operator' retrieved from /usr/local/python/3.12.1/lib/python3.12/site-packages/airflow/example_dags/example_branch_day_of_week_operator.py
[2026-05-07T00:02:14.224+0000] {logging_mixin.py:188} INFO - [2026-05-07T00:02:14.224+0000] {dag.py:3096} INFO - Sync 1 DAGs
[2026-05-07T00:02:14.242+0000] {logging_mixin.py:188} INFO - [2026-05-07T00:02:14.242+0000] {dag.py:3954} INFO - Setting next_dagrun for example_weekday_branch_operator to 2026-05-06 00:00:00+00:00, run_after=2026-05-07 00:00:00+00:00
[2026-05-07T00:02:14.262+0000] {processor.py:183} INFO - Processing /usr/local/python/3.12.1/lib/python3.12/site-packages/airflow/example_dags/example_branch_day_of_week_operator.py took 0.065 seconds
[2026-05-07T00:03:13.128+0000] {processor.py:161} INFO - Started process (PID=34417) to work on /usr/local/python/3.12.1/lib/python3.12/site-packages/airflow/example_dags/example_branch_day_of_week_operator.py
[2026-05-07T00:03:13.129+0000] {processor.py:830} INFO - Processing file /usr/local/python/3.12.1/lib/python3.12/site-packages/airflow/example_dags/example_branch_day_of_week_operator.py for tasks to queue
[2026-05-07T00:03:13.130+0000] {logging_mixin.py:188} INFO - [2026-05-07T00:03:13.130+0000] {dagbag.py:545} INFO - Filling up the DagBag from /usr/local/python/3.12.1/lib/python3.12/site-packages/airflow/example_dags/example_branch_day_of_week_operator.py
[2026-05-07T00:03:13.137+0000] {processor.py:840} INFO - DAG(s) 'example_weekday_branch_operator' retrieved from /usr/local/python/3.12.1/lib/python3.12/site-packages/airflow/example_dags/example_branch_day_of_week_operator.py
[2026-05-07T00:03:13.155+0000] {logging_mixin.py:188} INFO - [2026-05-07T00:03:13.155+0000] {dag.py:3096} INFO - Sync 1 DAGs
[2026-05-07T00:03:13.171+0000] {logging_mixin.py:188} INFO - [2026-05-07T00:03:13.171+0000] {dag.py:3954} INFO - Setting next_dagrun for example_weekday_branch_operator to 2026-05-06 00:00:00+00:00, run_after=2026-05-07 00:00:00+00:00
[2026-05-07T00:03:13.188+0000] {processor.py:183} INFO - Processing /usr/local/python/3.12.1/lib/python3.12/site-packages/airflow/example_dags/example_branch_day_of_week_operator.py took 0.065 seconds
[2026-05-07T00:04:09.101+0000] {processor.py:161} INFO - Started process (PID=34682) to work on /usr/local/python/3.12.1/lib/python3.12/site-packages/airflow/example_dags/example_branch_day_of_week_operator.py
[2026-05-07T00:04:09.102+0000] {processor.py:830} INFO - Processing file /usr/local/python/3.12.1/lib/python3.12/site-packages/airflow/example_dags/example_branch_day_of_week_operator.py for tasks to queue
[2026-05-07T00:04:09.104+0000] {logging_mixin.py:188} INFO - [2026-05-07T00:04:09.103+0000] {dagbag.py:545} INFO - Filling up the DagBag from /usr/local/python/3.12.1/lib/python3.12/site-packages/airflow/example_dags/example_branch_day_of_week_operator.py
[2026-05-07T00:04:09.110+0000] {processor.py:840} INFO - DAG(s) 'example_weekday_branch_operator' retrieved from /usr/local/python/3.12.1/lib/python3.12/site-packages/airflow/example_dags/example_branch_day_of_week_operator.py
[2026-05-07T00:04:09.124+0000] {logging_mixin.py:188} INFO - [2026-05-07T00:04:09.124+0000] {dag.py:3096} INFO - Sync 1 DAGs
[2026-05-07T00:04:09.144+0000] {logging_mixin.py:188} INFO - [2026-05-07T00:04:09.143+0000] {dag.py:3954} INFO - Setting next_dagrun for example_weekday_branch_operator to 2026-05-06 00:00:00+00:00, run_after=2026-05-07 00:00:00+00:00
[2026-05-07T00:04:09.163+0000] {processor.py:183} INFO - Processing /usr/local/python/3.12.1/lib/python3.12/site-packages/airflow/example_dags/example_branch_day_of_week_operator.py took 0.066 seconds
[2026-05-07T00:05:07.640+0000] {processor.py:161} INFO - Started process (PID=34972) to work on /usr/local/python/3.12.1/lib/python3.12/site-packages/airflow/example_dags/example_branch_day_of_week_operator.py
[2026-05-07T00:05:07.641+0000] {processor.py:830} INFO - Processing file /usr/local/python/3.12.1/lib/python3.12/site-packages/airflow/example_dags/example_branch_day_of_week_operator.py for tasks to queue
[2026-05-07T00:05:07.643+0000] {logging_mixin.py:188} INFO - [2026-05-07T00:05:07.643+0000] {dagbag.py:545} INFO - Filling up the DagBag from /usr/local/python/3.12.1/lib/python3.12/site-packages/airflow/example_dags/example_branch_day_of_week_operator.py
[2026-05-07T00:05:07.651+0000] {processor.py:840} INFO - DAG(s) 'example_weekday_branch_operator' retrieved from /usr/local/python/3.12.1/lib/python3.12/site-packages/airflow/example_dags/example_branch_day_of_week_operator.py
[2026-05-07T00:05:07.666+0000] {logging_mixin.py:188} INFO - [2026-05-07T00:05:07.665+0000] {dag.py:3096} INFO - Sync 1 DAGs
[2026-05-07T00:05:07.681+0000] {logging_mixin.py:188} INFO - [2026-05-07T00:05:07.681+0000] {dag.py:3954} INFO - Setting next_dagrun for example_weekday_branch_operator to 2026-05-06 00:00:00+00:00, run_after=2026-05-07 00:00:00+00:00
[2026-05-07T00:05:07.697+0000] {processor.py:183} INFO - Processing /usr/local/python/3.12.1/lib/python3.12/site-packages/airflow/example_dags/example_branch_day_of_week_operator.py took 0.063 seconds
[2026-05-07T00:06:00.377+0000] {processor.py:161} INFO - Started process (PID=35221) to work on /usr/local/python/3.12.1/lib/python3.12/site-packages/airflow/example_dags/example_branch_day_of_week_operator.py
[2026-05-07T00:06:00.378+0000] {processor.py:830} INFO - Processing file /usr/local/python/3.12.1/lib/python3.12/site-packages/airflow/example_dags/example_branch_day_of_week_operator.py for tasks to queue
[2026-05-07T00:06:00.379+0000] {logging_mixin.py:188} INFO - [2026-05-07T00:06:00.379+0000] {dagbag.py:545} INFO - Filling up the DagBag from /usr/local/python/3.12.1/lib/python3.12/site-packages/airflow/example_dags/example_branch_day_of_week_operator.py
[2026-05-07T00:06:00.386+0000] {processor.py:840} INFO - DAG(s) 'example_weekday_branch_operator' retrieved from /usr/local/python/3.12.1/lib/python3.12/site-packages/airflow/example_dags/example_branch_day_of_week_operator.py
[2026-05-07T00:06:00.399+0000] {logging_mixin.py:188} INFO - [2026-05-07T00:06:00.399+0000] {dag.py:3096} INFO - Sync 1 DAGs
[2026-05-07T00:06:00.414+0000] {logging_mixin.py:188} INFO - [2026-05-07T00:06:00.414+0000] {dag.py:3954} INFO - Setting next_dagrun for example_weekday_branch_operator to 2026-05-06 00:00:00+00:00, run_after=2026-05-07 00:00:00+00:00
[2026-05-07T00:06:00.431+0000] {processor.py:183} INFO - Processing /usr/local/python/3.12.1/lib/python3.12/site-packages/airflow/example_dags/example_branch_day_of_week_operator.py took 0.059 seconds
[2026-05-07T00:06:57.220+0000] {processor.py:161} INFO - Started process (PID=35512) to work on /usr/local/python/3.12.1/lib/python3.12/site-packages/airflow/example_dags/example_branch_day_of_week_operator.py
[2026-05-07T00:06:57.220+0000] {processor.py:830} INFO - Processing file /usr/local/python/3.12.1/lib/python3.12/site-packages/airflow/example_dags/example_branch_day_of_week_operator.py for tasks to queue
[2026-05-07T00:06:57.222+0000] {logging_mixin.py:188} INFO - [2026-05-07T00:06:57.221+0000] {dagbag.py:545} INFO - Filling up the DagBag from /usr/local/python/3.12.1/lib/python3.12/site-packages/airflow/example_dags/example_branch_day_of_week_operator.py
[2026-05-07T00:06:57.228+0000] {processor.py:840} INFO - DAG(s) 'example_weekday_branch_operator' retrieved from /usr/local/python/3.12.1/lib/python3.12/site-packages/airflow/example_dags/example_branch_day_of_week_operator.py
[2026-05-07T00:06:57.244+0000] {logging_mixin.py:188} INFO - [2026-05-07T00:06:57.244+0000] {dag.py:3096} INFO - Sync 1 DAGs
[2026-05-07T00:06:57.264+0000] {logging_mixin.py:188} INFO - [2026-05-07T00:06:57.264+0000] {dag.py:3954} INFO - Setting next_dagrun for example_weekday_branch_operator to 2026-05-06 00:00:00+00:00, run_after=2026-05-07 00:00:00+00:00
[2026-05-07T00:06:57.280+0000] {processor.py:183} INFO - Processing /usr/local/python/3.12.1/lib/python3.12/site-packages/airflow/example_dags/example_branch_day_of_week_operator.py took 0.065 seconds
