[2026-05-07T00:00:15.280+0000] {processor.py:161} INFO - Started process (PID=33536) to work on /usr/local/python/3.12.1/lib/python3.12/site-packages/airflow/example_dags/example_subdag_operator.py
[2026-05-07T00:00:15.280+0000] {processor.py:830} INFO - Processing file /usr/local/python/3.12.1/lib/python3.12/site-packages/airflow/example_dags/example_subdag_operator.py for tasks to queue
[2026-05-07T00:00:15.282+0000] {logging_mixin.py:188} INFO - [2026-05-07T00:00:15.282+0000] {dagbag.py:545} INFO - Filling up the DagBag from /usr/local/python/3.12.1/lib/python3.12/site-packages/airflow/example_dags/example_subdag_operator.py
[2026-05-07T00:00:15.300+0000] {processor.py:840} INFO - DAG(s) 'example_subdag_operator.section-1', 'example_subdag_operator.section-2', 'example_subdag_operator' retrieved from /usr/local/python/3.12.1/lib/python3.12/site-packages/airflow/example_dags/example_subdag_operator.py
[2026-05-07T00:00:15.312+0000] {logging_mixin.py:188} INFO - [2026-05-07T00:00:15.312+0000] {dag.py:3096} INFO - Sync 3 DAGs
[2026-05-07T00:00:15.329+0000] {logging_mixin.py:188} INFO - [2026-05-07T00:00:15.328+0000] {dag.py:3954} INFO - Setting next_dagrun for example_subdag_operator to 2022-01-01 00:00:00+00:00, run_after=2022-01-01 00:00:00+00:00
[2026-05-07T00:00:15.332+0000] {logging_mixin.py:188} INFO - [2026-05-07T00:00:15.331+0000] {dag.py:3954} INFO - Setting next_dagrun for example_subdag_operator.section-1 to None, run_after=None
[2026-05-07T00:00:15.332+0000] {logging_mixin.py:188} INFO - [2026-05-07T00:00:15.332+0000] {dag.py:3954} INFO - Setting next_dagrun for example_subdag_operator.section-2 to None, run_after=None
[2026-05-07T00:00:15.338+0000] {logging_mixin.py:188} INFO - [2026-05-07T00:00:15.337+0000] {dag.py:3096} INFO - Sync 2 DAGs
[2026-05-07T00:00:15.343+0000] {logging_mixin.py:188} INFO - [2026-05-07T00:00:15.343+0000] {dag.py:3954} INFO - Setting next_dagrun for example_subdag_operator.section-1 to None, run_after=None
[2026-05-07T00:00:15.344+0000] {logging_mixin.py:188} INFO - [2026-05-07T00:00:15.344+0000] {dag.py:3954} INFO - Setting next_dagrun for example_subdag_operator.section-2 to None, run_after=None
[2026-05-07T00:00:15.356+0000] {processor.py:183} INFO - Processing /usr/local/python/3.12.1/lib/python3.12/site-packages/airflow/example_dags/example_subdag_operator.py took 0.082 seconds
[2026-05-07T00:01:07.966+0000] {processor.py:161} INFO - Started process (PID=33793) to work on /usr/local/python/3.12.1/lib/python3.12/site-packages/airflow/example_dags/example_subdag_operator.py
[2026-05-07T00:01:07.966+0000] {processor.py:830} INFO - Processing file /usr/local/python/3.12.1/lib/python3.12/site-packages/airflow/example_dags/example_subdag_operator.py for tasks to queue
[2026-05-07T00:01:07.968+0000] {logging_mixin.py:188} INFO - [2026-05-07T00:01:07.967+0000] {dagbag.py:545} INFO - Filling up the DagBag from /usr/local/python/3.12.1/lib/python3.12/site-packages/airflow/example_dags/example_subdag_operator.py
[2026-05-07T00:01:07.984+0000] {processor.py:840} INFO - DAG(s) 'example_subdag_operator.section-1', 'example_subdag_operator.section-2', 'example_subdag_operator' retrieved from /usr/local/python/3.12.1/lib/python3.12/site-packages/airflow/example_dags/example_subdag_operator.py
[2026-05-07T00:01:07.996+0000] {logging_mixin.py:188} INFO - [2026-05-07T00:01:07.996+0000] {dag.py:3096} INFO - Sync 3 DAGs
[2026-05-07T00:01:08.011+0000] {logging_mixin.py:188} INFO - [2026-05-07T00:01:08.011+0000] {dag.py:3954} INFO - Setting next_dagrun for example_subdag_operator to 2022-01-01 00:00:00+00:00, run_after=2022-01-01 00:00:00+00:00
[2026-05-07T00:01:08.014+0000] {logging_mixin.py:188} INFO - [2026-05-07T00:01:08.014+0000] {dag.py:3954} INFO - Setting next_dagrun for example_subdag_operator.section-1 to None, run_after=None
[2026-05-07T00:01:08.015+0000] {logging_mixin.py:188} INFO - [2026-05-07T00:01:08.015+0000] {dag.py:3954} INFO - Setting next_dagrun for example_subdag_operator.section-2 to None, run_after=None
[2026-05-07T00:01:08.019+0000] {logging_mixin.py:188} INFO - [2026-05-07T00:01:08.019+0000] {dag.py:3096} INFO - Sync 2 DAGs
[2026-05-07T00:01:08.022+0000] {logging_mixin.py:188} INFO - [2026-05-07T00:01:08.022+0000] {dag.py:3954} INFO - Setting next_dagrun for example_subdag_operator.section-1 to None, run_after=None
[2026-05-07T00:01:08.023+0000] {logging_mixin.py:188} INFO - [2026-05-07T00:01:08.022+0000] {dag.py:3954} INFO - Setting next_dagrun for example_subdag_operator.section-2 to None, run_after=None
[2026-05-07T00:01:08.033+0000] {processor.py:183} INFO - Processing /usr/local/python/3.12.1/lib/python3.12/site-packages/airflow/example_dags/example_subdag_operator.py took 0.072 seconds
[2026-05-07T00:01:49.633+0000] {processor.py:161} INFO - Started process (PID=33991) to work on /usr/local/python/3.12.1/lib/python3.12/site-packages/airflow/example_dags/example_subdag_operator.py
[2026-05-07T00:01:49.634+0000] {processor.py:830} INFO - Processing file /usr/local/python/3.12.1/lib/python3.12/site-packages/airflow/example_dags/example_subdag_operator.py for tasks to queue
[2026-05-07T00:01:49.636+0000] {logging_mixin.py:188} INFO - [2026-05-07T00:01:49.635+0000] {dagbag.py:545} INFO - Filling up the DagBag from /usr/local/python/3.12.1/lib/python3.12/site-packages/airflow/example_dags/example_subdag_operator.py
[2026-05-07T00:01:49.658+0000] {processor.py:840} INFO - DAG(s) 'example_subdag_operator.section-1', 'example_subdag_operator.section-2', 'example_subdag_operator' retrieved from /usr/local/python/3.12.1/lib/python3.12/site-packages/airflow/example_dags/example_subdag_operator.py
[2026-05-07T00:01:49.670+0000] {logging_mixin.py:188} INFO - [2026-05-07T00:01:49.670+0000] {dag.py:3096} INFO - Sync 3 DAGs
[2026-05-07T00:01:49.686+0000] {logging_mixin.py:188} INFO - [2026-05-07T00:01:49.686+0000] {dag.py:3954} INFO - Setting next_dagrun for example_subdag_operator to 2022-01-01 00:00:00+00:00, run_after=2022-01-01 00:00:00+00:00
[2026-05-07T00:01:49.689+0000] {logging_mixin.py:188} INFO - [2026-05-07T00:01:49.689+0000] {dag.py:3954} INFO - Setting next_dagrun for example_subdag_operator.section-1 to None, run_after=None
[2026-05-07T00:01:49.690+0000] {logging_mixin.py:188} INFO - [2026-05-07T00:01:49.690+0000] {dag.py:3954} INFO - Setting next_dagrun for example_subdag_operator.section-2 to None, run_after=None
[2026-05-07T00:01:49.694+0000] {logging_mixin.py:188} INFO - [2026-05-07T00:01:49.694+0000] {dag.py:3096} INFO - Sync 2 DAGs
[2026-05-07T00:01:49.698+0000] {logging_mixin.py:188} INFO - [2026-05-07T00:01:49.698+0000] {dag.py:3954} INFO - Setting next_dagrun for example_subdag_operator.section-1 to None, run_after=None
[2026-05-07T00:01:49.698+0000] {logging_mixin.py:188} INFO - [2026-05-07T00:01:49.698+0000] {dag.py:3954} INFO - Setting next_dagrun for example_subdag_operator.section-2 to None, run_after=None
[2026-05-07T00:01:49.709+0000] {processor.py:183} INFO - Processing /usr/local/python/3.12.1/lib/python3.12/site-packages/airflow/example_dags/example_subdag_operator.py took 0.080 seconds
[2026-05-07T00:02:46.178+0000] {processor.py:161} INFO - Started process (PID=34275) to work on /usr/local/python/3.12.1/lib/python3.12/site-packages/airflow/example_dags/example_subdag_operator.py
[2026-05-07T00:02:46.178+0000] {processor.py:830} INFO - Processing file /usr/local/python/3.12.1/lib/python3.12/site-packages/airflow/example_dags/example_subdag_operator.py for tasks to queue
[2026-05-07T00:02:46.180+0000] {logging_mixin.py:188} INFO - [2026-05-07T00:02:46.179+0000] {dagbag.py:545} INFO - Filling up the DagBag from /usr/local/python/3.12.1/lib/python3.12/site-packages/airflow/example_dags/example_subdag_operator.py
[2026-05-07T00:02:46.197+0000] {processor.py:840} INFO - DAG(s) 'example_subdag_operator.section-1', 'example_subdag_operator.section-2', 'example_subdag_operator' retrieved from /usr/local/python/3.12.1/lib/python3.12/site-packages/airflow/example_dags/example_subdag_operator.py
[2026-05-07T00:02:46.209+0000] {logging_mixin.py:188} INFO - [2026-05-07T00:02:46.209+0000] {dag.py:3096} INFO - Sync 3 DAGs
[2026-05-07T00:02:46.225+0000] {logging_mixin.py:188} INFO - [2026-05-07T00:02:46.224+0000] {dag.py:3954} INFO - Setting next_dagrun for example_subdag_operator to 2022-01-01 00:00:00+00:00, run_after=2022-01-01 00:00:00+00:00
[2026-05-07T00:02:46.227+0000] {logging_mixin.py:188} INFO - [2026-05-07T00:02:46.227+0000] {dag.py:3954} INFO - Setting next_dagrun for example_subdag_operator.section-1 to None, run_after=None
[2026-05-07T00:02:46.228+0000] {logging_mixin.py:188} INFO - [2026-05-07T00:02:46.228+0000] {dag.py:3954} INFO - Setting next_dagrun for example_subdag_operator.section-2 to None, run_after=None
[2026-05-07T00:02:46.233+0000] {logging_mixin.py:188} INFO - [2026-05-07T00:02:46.233+0000] {dag.py:3096} INFO - Sync 2 DAGs
[2026-05-07T00:02:46.236+0000] {logging_mixin.py:188} INFO - [2026-05-07T00:02:46.236+0000] {dag.py:3954} INFO - Setting next_dagrun for example_subdag_operator.section-1 to None, run_after=None
[2026-05-07T00:02:46.237+0000] {logging_mixin.py:188} INFO - [2026-05-07T00:02:46.237+0000] {dag.py:3954} INFO - Setting next_dagrun for example_subdag_operator.section-2 to None, run_after=None
[2026-05-07T00:02:46.249+0000] {processor.py:183} INFO - Processing /usr/local/python/3.12.1/lib/python3.12/site-packages/airflow/example_dags/example_subdag_operator.py took 0.076 seconds
[2026-05-07T00:03:24.367+0000] {processor.py:161} INFO - Started process (PID=34470) to work on /usr/local/python/3.12.1/lib/python3.12/site-packages/airflow/example_dags/example_subdag_operator.py
[2026-05-07T00:03:24.367+0000] {processor.py:830} INFO - Processing file /usr/local/python/3.12.1/lib/python3.12/site-packages/airflow/example_dags/example_subdag_operator.py for tasks to queue
[2026-05-07T00:03:24.369+0000] {logging_mixin.py:188} INFO - [2026-05-07T00:03:24.368+0000] {dagbag.py:545} INFO - Filling up the DagBag from /usr/local/python/3.12.1/lib/python3.12/site-packages/airflow/example_dags/example_subdag_operator.py
[2026-05-07T00:03:24.393+0000] {processor.py:840} INFO - DAG(s) 'example_subdag_operator.section-1', 'example_subdag_operator.section-2', 'example_subdag_operator' retrieved from /usr/local/python/3.12.1/lib/python3.12/site-packages/airflow/example_dags/example_subdag_operator.py
[2026-05-07T00:03:24.411+0000] {logging_mixin.py:188} INFO - [2026-05-07T00:03:24.411+0000] {dag.py:3096} INFO - Sync 3 DAGs
[2026-05-07T00:03:24.439+0000] {logging_mixin.py:188} INFO - [2026-05-07T00:03:24.438+0000] {dag.py:3954} INFO - Setting next_dagrun for example_subdag_operator to 2022-01-01 00:00:00+00:00, run_after=2022-01-01 00:00:00+00:00
[2026-05-07T00:03:24.444+0000] {logging_mixin.py:188} INFO - [2026-05-07T00:03:24.444+0000] {dag.py:3954} INFO - Setting next_dagrun for example_subdag_operator.section-1 to None, run_after=None
[2026-05-07T00:03:24.445+0000] {logging_mixin.py:188} INFO - [2026-05-07T00:03:24.445+0000] {dag.py:3954} INFO - Setting next_dagrun for example_subdag_operator.section-2 to None, run_after=None
[2026-05-07T00:03:24.452+0000] {logging_mixin.py:188} INFO - [2026-05-07T00:03:24.451+0000] {dag.py:3096} INFO - Sync 2 DAGs
[2026-05-07T00:03:24.458+0000] {logging_mixin.py:188} INFO - [2026-05-07T00:03:24.458+0000] {dag.py:3954} INFO - Setting next_dagrun for example_subdag_operator.section-1 to None, run_after=None
[2026-05-07T00:03:24.458+0000] {logging_mixin.py:188} INFO - [2026-05-07T00:03:24.458+0000] {dag.py:3954} INFO - Setting next_dagrun for example_subdag_operator.section-2 to None, run_after=None
[2026-05-07T00:03:24.471+0000] {processor.py:183} INFO - Processing /usr/local/python/3.12.1/lib/python3.12/site-packages/airflow/example_dags/example_subdag_operator.py took 0.109 seconds
[2026-05-07T00:04:22.637+0000] {processor.py:161} INFO - Started process (PID=34757) to work on /usr/local/python/3.12.1/lib/python3.12/site-packages/airflow/example_dags/example_subdag_operator.py
[2026-05-07T00:04:22.638+0000] {processor.py:830} INFO - Processing file /usr/local/python/3.12.1/lib/python3.12/site-packages/airflow/example_dags/example_subdag_operator.py for tasks to queue
[2026-05-07T00:04:22.640+0000] {logging_mixin.py:188} INFO - [2026-05-07T00:04:22.640+0000] {dagbag.py:545} INFO - Filling up the DagBag from /usr/local/python/3.12.1/lib/python3.12/site-packages/airflow/example_dags/example_subdag_operator.py
[2026-05-07T00:04:22.662+0000] {processor.py:840} INFO - DAG(s) 'example_subdag_operator.section-1', 'example_subdag_operator.section-2', 'example_subdag_operator' retrieved from /usr/local/python/3.12.1/lib/python3.12/site-packages/airflow/example_dags/example_subdag_operator.py
[2026-05-07T00:04:22.675+0000] {logging_mixin.py:188} INFO - [2026-05-07T00:04:22.675+0000] {dag.py:3096} INFO - Sync 3 DAGs
[2026-05-07T00:04:22.691+0000] {logging_mixin.py:188} INFO - [2026-05-07T00:04:22.691+0000] {dag.py:3954} INFO - Setting next_dagrun for example_subdag_operator to 2022-01-01 00:00:00+00:00, run_after=2022-01-01 00:00:00+00:00
[2026-05-07T00:04:22.694+0000] {logging_mixin.py:188} INFO - [2026-05-07T00:04:22.694+0000] {dag.py:3954} INFO - Setting next_dagrun for example_subdag_operator.section-1 to None, run_after=None
[2026-05-07T00:04:22.695+0000] {logging_mixin.py:188} INFO - [2026-05-07T00:04:22.694+0000] {dag.py:3954} INFO - Setting next_dagrun for example_subdag_operator.section-2 to None, run_after=None
[2026-05-07T00:04:22.699+0000] {logging_mixin.py:188} INFO - [2026-05-07T00:04:22.699+0000] {dag.py:3096} INFO - Sync 2 DAGs
[2026-05-07T00:04:22.704+0000] {logging_mixin.py:188} INFO - [2026-05-07T00:04:22.704+0000] {dag.py:3954} INFO - Setting next_dagrun for example_subdag_operator.section-1 to None, run_after=None
[2026-05-07T00:04:22.705+0000] {logging_mixin.py:188} INFO - [2026-05-07T00:04:22.705+0000] {dag.py:3954} INFO - Setting next_dagrun for example_subdag_operator.section-2 to None, run_after=None
[2026-05-07T00:04:22.721+0000] {processor.py:183} INFO - Processing /usr/local/python/3.12.1/lib/python3.12/site-packages/airflow/example_dags/example_subdag_operator.py took 0.089 seconds
[2026-05-07T00:05:19.990+0000] {processor.py:161} INFO - Started process (PID=35028) to work on /usr/local/python/3.12.1/lib/python3.12/site-packages/airflow/example_dags/example_subdag_operator.py
[2026-05-07T00:05:19.990+0000] {processor.py:830} INFO - Processing file /usr/local/python/3.12.1/lib/python3.12/site-packages/airflow/example_dags/example_subdag_operator.py for tasks to queue
[2026-05-07T00:05:19.992+0000] {logging_mixin.py:188} INFO - [2026-05-07T00:05:19.991+0000] {dagbag.py:545} INFO - Filling up the DagBag from /usr/local/python/3.12.1/lib/python3.12/site-packages/airflow/example_dags/example_subdag_operator.py
[2026-05-07T00:05:20.008+0000] {processor.py:840} INFO - DAG(s) 'example_subdag_operator.section-1', 'example_subdag_operator.section-2', 'example_subdag_operator' retrieved from /usr/local/python/3.12.1/lib/python3.12/site-packages/airflow/example_dags/example_subdag_operator.py
[2026-05-07T00:05:20.020+0000] {logging_mixin.py:188} INFO - [2026-05-07T00:05:20.020+0000] {dag.py:3096} INFO - Sync 3 DAGs
[2026-05-07T00:05:20.035+0000] {logging_mixin.py:188} INFO - [2026-05-07T00:05:20.035+0000] {dag.py:3954} INFO - Setting next_dagrun for example_subdag_operator to 2022-01-01 00:00:00+00:00, run_after=2022-01-01 00:00:00+00:00
[2026-05-07T00:05:20.038+0000] {logging_mixin.py:188} INFO - [2026-05-07T00:05:20.038+0000] {dag.py:3954} INFO - Setting next_dagrun for example_subdag_operator.section-1 to None, run_after=None
[2026-05-07T00:05:20.039+0000] {logging_mixin.py:188} INFO - [2026-05-07T00:05:20.039+0000] {dag.py:3954} INFO - Setting next_dagrun for example_subdag_operator.section-2 to None, run_after=None
[2026-05-07T00:05:20.045+0000] {logging_mixin.py:188} INFO - [2026-05-07T00:05:20.045+0000] {dag.py:3096} INFO - Sync 2 DAGs
[2026-05-07T00:05:20.049+0000] {logging_mixin.py:188} INFO - [2026-05-07T00:05:20.049+0000] {dag.py:3954} INFO - Setting next_dagrun for example_subdag_operator.section-1 to None, run_after=None
[2026-05-07T00:05:20.050+0000] {logging_mixin.py:188} INFO - [2026-05-07T00:05:20.050+0000] {dag.py:3954} INFO - Setting next_dagrun for example_subdag_operator.section-2 to None, run_after=None
[2026-05-07T00:05:20.062+0000] {processor.py:183} INFO - Processing /usr/local/python/3.12.1/lib/python3.12/site-packages/airflow/example_dags/example_subdag_operator.py took 0.077 seconds
[2026-05-07T00:06:12.499+0000] {processor.py:161} INFO - Started process (PID=35282) to work on /usr/local/python/3.12.1/lib/python3.12/site-packages/airflow/example_dags/example_subdag_operator.py
[2026-05-07T00:06:12.499+0000] {processor.py:830} INFO - Processing file /usr/local/python/3.12.1/lib/python3.12/site-packages/airflow/example_dags/example_subdag_operator.py for tasks to queue
[2026-05-07T00:06:12.501+0000] {logging_mixin.py:188} INFO - [2026-05-07T00:06:12.500+0000] {dagbag.py:545} INFO - Filling up the DagBag from /usr/local/python/3.12.1/lib/python3.12/site-packages/airflow/example_dags/example_subdag_operator.py
[2026-05-07T00:06:12.518+0000] {processor.py:840} INFO - DAG(s) 'example_subdag_operator.section-1', 'example_subdag_operator.section-2', 'example_subdag_operator' retrieved from /usr/local/python/3.12.1/lib/python3.12/site-packages/airflow/example_dags/example_subdag_operator.py
[2026-05-07T00:06:12.530+0000] {logging_mixin.py:188} INFO - [2026-05-07T00:06:12.529+0000] {dag.py:3096} INFO - Sync 3 DAGs
[2026-05-07T00:06:12.549+0000] {logging_mixin.py:188} INFO - [2026-05-07T00:06:12.548+0000] {dag.py:3954} INFO - Setting next_dagrun for example_subdag_operator to 2022-01-01 00:00:00+00:00, run_after=2022-01-01 00:00:00+00:00
[2026-05-07T00:06:12.552+0000] {logging_mixin.py:188} INFO - [2026-05-07T00:06:12.552+0000] {dag.py:3954} INFO - Setting next_dagrun for example_subdag_operator.section-1 to None, run_after=None
[2026-05-07T00:06:12.553+0000] {logging_mixin.py:188} INFO - [2026-05-07T00:06:12.553+0000] {dag.py:3954} INFO - Setting next_dagrun for example_subdag_operator.section-2 to None, run_after=None
[2026-05-07T00:06:12.558+0000] {logging_mixin.py:188} INFO - [2026-05-07T00:06:12.558+0000] {dag.py:3096} INFO - Sync 2 DAGs
[2026-05-07T00:06:12.561+0000] {logging_mixin.py:188} INFO - [2026-05-07T00:06:12.561+0000] {dag.py:3954} INFO - Setting next_dagrun for example_subdag_operator.section-1 to None, run_after=None
[2026-05-07T00:06:12.562+0000] {logging_mixin.py:188} INFO - [2026-05-07T00:06:12.561+0000] {dag.py:3954} INFO - Setting next_dagrun for example_subdag_operator.section-2 to None, run_after=None
[2026-05-07T00:06:12.573+0000] {processor.py:183} INFO - Processing /usr/local/python/3.12.1/lib/python3.12/site-packages/airflow/example_dags/example_subdag_operator.py took 0.079 seconds
[2026-05-07T00:06:52.354+0000] {processor.py:161} INFO - Started process (PID=35478) to work on /usr/local/python/3.12.1/lib/python3.12/site-packages/airflow/example_dags/example_subdag_operator.py
[2026-05-07T00:06:52.354+0000] {processor.py:830} INFO - Processing file /usr/local/python/3.12.1/lib/python3.12/site-packages/airflow/example_dags/example_subdag_operator.py for tasks to queue
[2026-05-07T00:06:52.356+0000] {logging_mixin.py:188} INFO - [2026-05-07T00:06:52.356+0000] {dagbag.py:545} INFO - Filling up the DagBag from /usr/local/python/3.12.1/lib/python3.12/site-packages/airflow/example_dags/example_subdag_operator.py
[2026-05-07T00:06:52.374+0000] {processor.py:840} INFO - DAG(s) 'example_subdag_operator.section-1', 'example_subdag_operator.section-2', 'example_subdag_operator' retrieved from /usr/local/python/3.12.1/lib/python3.12/site-packages/airflow/example_dags/example_subdag_operator.py
[2026-05-07T00:06:52.385+0000] {logging_mixin.py:188} INFO - [2026-05-07T00:06:52.385+0000] {dag.py:3096} INFO - Sync 3 DAGs
[2026-05-07T00:06:52.401+0000] {logging_mixin.py:188} INFO - [2026-05-07T00:06:52.401+0000] {dag.py:3954} INFO - Setting next_dagrun for example_subdag_operator to 2022-01-01 00:00:00+00:00, run_after=2022-01-01 00:00:00+00:00
[2026-05-07T00:06:52.404+0000] {logging_mixin.py:188} INFO - [2026-05-07T00:06:52.404+0000] {dag.py:3954} INFO - Setting next_dagrun for example_subdag_operator.section-1 to None, run_after=None
[2026-05-07T00:06:52.405+0000] {logging_mixin.py:188} INFO - [2026-05-07T00:06:52.405+0000] {dag.py:3954} INFO - Setting next_dagrun for example_subdag_operator.section-2 to None, run_after=None
[2026-05-07T00:06:52.409+0000] {logging_mixin.py:188} INFO - [2026-05-07T00:06:52.409+0000] {dag.py:3096} INFO - Sync 2 DAGs
[2026-05-07T00:06:52.412+0000] {logging_mixin.py:188} INFO - [2026-05-07T00:06:52.412+0000] {dag.py:3954} INFO - Setting next_dagrun for example_subdag_operator.section-1 to None, run_after=None
[2026-05-07T00:06:52.413+0000] {logging_mixin.py:188} INFO - [2026-05-07T00:06:52.412+0000] {dag.py:3954} INFO - Setting next_dagrun for example_subdag_operator.section-2 to None, run_after=None
[2026-05-07T00:06:52.423+0000] {processor.py:183} INFO - Processing /usr/local/python/3.12.1/lib/python3.12/site-packages/airflow/example_dags/example_subdag_operator.py took 0.076 seconds
[2026-05-07T00:07:48.190+0000] {processor.py:161} INFO - Started process (PID=35762) to work on /usr/local/python/3.12.1/lib/python3.12/site-packages/airflow/example_dags/example_subdag_operator.py
[2026-05-07T00:07:48.191+0000] {processor.py:830} INFO - Processing file /usr/local/python/3.12.1/lib/python3.12/site-packages/airflow/example_dags/example_subdag_operator.py for tasks to queue
[2026-05-07T00:07:48.192+0000] {logging_mixin.py:188} INFO - [2026-05-07T00:07:48.192+0000] {dagbag.py:545} INFO - Filling up the DagBag from /usr/local/python/3.12.1/lib/python3.12/site-packages/airflow/example_dags/example_subdag_operator.py
[2026-05-07T00:07:48.208+0000] {processor.py:840} INFO - DAG(s) 'example_subdag_operator.section-1', 'example_subdag_operator.section-2', 'example_subdag_operator' retrieved from /usr/local/python/3.12.1/lib/python3.12/site-packages/airflow/example_dags/example_subdag_operator.py
[2026-05-07T00:07:48.219+0000] {logging_mixin.py:188} INFO - [2026-05-07T00:07:48.219+0000] {dag.py:3096} INFO - Sync 3 DAGs
[2026-05-07T00:07:48.234+0000] {logging_mixin.py:188} INFO - [2026-05-07T00:07:48.234+0000] {dag.py:3954} INFO - Setting next_dagrun for example_subdag_operator to 2022-01-01 00:00:00+00:00, run_after=2022-01-01 00:00:00+00:00
[2026-05-07T00:07:48.238+0000] {logging_mixin.py:188} INFO - [2026-05-07T00:07:48.238+0000] {dag.py:3954} INFO - Setting next_dagrun for example_subdag_operator.section-1 to None, run_after=None
[2026-05-07T00:07:48.239+0000] {logging_mixin.py:188} INFO - [2026-05-07T00:07:48.239+0000] {dag.py:3954} INFO - Setting next_dagrun for example_subdag_operator.section-2 to None, run_after=None
[2026-05-07T00:07:48.245+0000] {logging_mixin.py:188} INFO - [2026-05-07T00:07:48.245+0000] {dag.py:3096} INFO - Sync 2 DAGs
[2026-05-07T00:07:48.249+0000] {logging_mixin.py:188} INFO - [2026-05-07T00:07:48.249+0000] {dag.py:3954} INFO - Setting next_dagrun for example_subdag_operator.section-1 to None, run_after=None
[2026-05-07T00:07:48.250+0000] {logging_mixin.py:188} INFO - [2026-05-07T00:07:48.250+0000] {dag.py:3954} INFO - Setting next_dagrun for example_subdag_operator.section-2 to None, run_after=None
[2026-05-07T00:07:48.261+0000] {processor.py:183} INFO - Processing /usr/local/python/3.12.1/lib/python3.12/site-packages/airflow/example_dags/example_subdag_operator.py took 0.076 seconds
