[2026-05-07T00:00:22.551+0000] {processor.py:161} INFO - Started process (PID=33581) to work on /usr/local/python/3.12.1/lib/python3.12/site-packages/airflow/example_dags/example_branch_labels.py
[2026-05-07T00:00:22.552+0000] {processor.py:830} INFO - Processing file /usr/local/python/3.12.1/lib/python3.12/site-packages/airflow/example_dags/example_branch_labels.py for tasks to queue
[2026-05-07T00:00:22.554+0000] {logging_mixin.py:188} INFO - [2026-05-07T00:00:22.554+0000] {dagbag.py:545} INFO - Filling up the DagBag from /usr/local/python/3.12.1/lib/python3.12/site-packages/airflow/example_dags/example_branch_labels.py
[2026-05-07T00:00:22.561+0000] {processor.py:840} INFO - DAG(s) 'example_branch_labels' retrieved from /usr/local/python/3.12.1/lib/python3.12/site-packages/airflow/example_dags/example_branch_labels.py
[2026-05-07T00:00:22.576+0000] {logging_mixin.py:188} INFO - [2026-05-07T00:00:22.575+0000] {dag.py:3096} INFO - Sync 1 DAGs
[2026-05-07T00:00:22.592+0000] {logging_mixin.py:188} INFO - [2026-05-07T00:00:22.592+0000] {dag.py:3954} INFO - Setting next_dagrun for example_branch_labels to 2026-05-06 00:00:00+00:00, run_after=2026-05-07 00:00:00+00:00
[2026-05-07T00:00:22.610+0000] {processor.py:183} INFO - Processing /usr/local/python/3.12.1/lib/python3.12/site-packages/airflow/example_dags/example_branch_labels.py took 0.065 seconds
[2026-05-07T00:01:17.628+0000] {processor.py:161} INFO - Started process (PID=33842) to work on /usr/local/python/3.12.1/lib/python3.12/site-packages/airflow/example_dags/example_branch_labels.py
[2026-05-07T00:01:17.629+0000] {processor.py:830} INFO - Processing file /usr/local/python/3.12.1/lib/python3.12/site-packages/airflow/example_dags/example_branch_labels.py for tasks to queue
[2026-05-07T00:01:17.630+0000] {logging_mixin.py:188} INFO - [2026-05-07T00:01:17.630+0000] {dagbag.py:545} INFO - Filling up the DagBag from /usr/local/python/3.12.1/lib/python3.12/site-packages/airflow/example_dags/example_branch_labels.py
[2026-05-07T00:01:17.637+0000] {processor.py:840} INFO - DAG(s) 'example_branch_labels' retrieved from /usr/local/python/3.12.1/lib/python3.12/site-packages/airflow/example_dags/example_branch_labels.py
[2026-05-07T00:01:17.656+0000] {logging_mixin.py:188} INFO - [2026-05-07T00:01:17.656+0000] {dag.py:3096} INFO - Sync 1 DAGs
[2026-05-07T00:01:17.673+0000] {logging_mixin.py:188} INFO - [2026-05-07T00:01:17.673+0000] {dag.py:3954} INFO - Setting next_dagrun for example_branch_labels to 2026-05-06 00:00:00+00:00, run_after=2026-05-07 00:00:00+00:00
[2026-05-07T00:01:17.690+0000] {processor.py:183} INFO - Processing /usr/local/python/3.12.1/lib/python3.12/site-packages/airflow/example_dags/example_branch_labels.py took 0.067 seconds
[2026-05-07T00:02:16.474+0000] {processor.py:161} INFO - Started process (PID=34128) to work on /usr/local/python/3.12.1/lib/python3.12/site-packages/airflow/example_dags/example_branch_labels.py
[2026-05-07T00:02:16.475+0000] {processor.py:830} INFO - Processing file /usr/local/python/3.12.1/lib/python3.12/site-packages/airflow/example_dags/example_branch_labels.py for tasks to queue
[2026-05-07T00:02:16.476+0000] {logging_mixin.py:188} INFO - [2026-05-07T00:02:16.476+0000] {dagbag.py:545} INFO - Filling up the DagBag from /usr/local/python/3.12.1/lib/python3.12/site-packages/airflow/example_dags/example_branch_labels.py
[2026-05-07T00:02:16.483+0000] {processor.py:840} INFO - DAG(s) 'example_branch_labels' retrieved from /usr/local/python/3.12.1/lib/python3.12/site-packages/airflow/example_dags/example_branch_labels.py
[2026-05-07T00:02:16.498+0000] {logging_mixin.py:188} INFO - [2026-05-07T00:02:16.497+0000] {dag.py:3096} INFO - Sync 1 DAGs
[2026-05-07T00:02:16.514+0000] {logging_mixin.py:188} INFO - [2026-05-07T00:02:16.514+0000] {dag.py:3954} INFO - Setting next_dagrun for example_branch_labels to 2026-05-06 00:00:00+00:00, run_after=2026-05-07 00:00:00+00:00
[2026-05-07T00:02:16.532+0000] {processor.py:183} INFO - Processing /usr/local/python/3.12.1/lib/python3.12/site-packages/airflow/example_dags/example_branch_labels.py took 0.063 seconds
[2026-05-07T00:03:15.493+0000] {processor.py:161} INFO - Started process (PID=34421) to work on /usr/local/python/3.12.1/lib/python3.12/site-packages/airflow/example_dags/example_branch_labels.py
[2026-05-07T00:03:15.494+0000] {processor.py:830} INFO - Processing file /usr/local/python/3.12.1/lib/python3.12/site-packages/airflow/example_dags/example_branch_labels.py for tasks to queue
[2026-05-07T00:03:15.495+0000] {logging_mixin.py:188} INFO - [2026-05-07T00:03:15.495+0000] {dagbag.py:545} INFO - Filling up the DagBag from /usr/local/python/3.12.1/lib/python3.12/site-packages/airflow/example_dags/example_branch_labels.py
[2026-05-07T00:03:15.502+0000] {processor.py:840} INFO - DAG(s) 'example_branch_labels' retrieved from /usr/local/python/3.12.1/lib/python3.12/site-packages/airflow/example_dags/example_branch_labels.py
[2026-05-07T00:03:15.516+0000] {logging_mixin.py:188} INFO - [2026-05-07T00:03:15.516+0000] {dag.py:3096} INFO - Sync 1 DAGs
[2026-05-07T00:03:15.534+0000] {logging_mixin.py:188} INFO - [2026-05-07T00:03:15.534+0000] {dag.py:3954} INFO - Setting next_dagrun for example_branch_labels to 2026-05-06 00:00:00+00:00, run_after=2026-05-07 00:00:00+00:00
[2026-05-07T00:03:15.554+0000] {processor.py:183} INFO - Processing /usr/local/python/3.12.1/lib/python3.12/site-packages/airflow/example_dags/example_branch_labels.py took 0.067 seconds
[2026-05-07T00:04:10.705+0000] {processor.py:161} INFO - Started process (PID=34686) to work on /usr/local/python/3.12.1/lib/python3.12/site-packages/airflow/example_dags/example_branch_labels.py
[2026-05-07T00:04:10.706+0000] {processor.py:830} INFO - Processing file /usr/local/python/3.12.1/lib/python3.12/site-packages/airflow/example_dags/example_branch_labels.py for tasks to queue
[2026-05-07T00:04:10.707+0000] {logging_mixin.py:188} INFO - [2026-05-07T00:04:10.707+0000] {dagbag.py:545} INFO - Filling up the DagBag from /usr/local/python/3.12.1/lib/python3.12/site-packages/airflow/example_dags/example_branch_labels.py
[2026-05-07T00:04:10.713+0000] {processor.py:840} INFO - DAG(s) 'example_branch_labels' retrieved from /usr/local/python/3.12.1/lib/python3.12/site-packages/airflow/example_dags/example_branch_labels.py
[2026-05-07T00:04:10.728+0000] {logging_mixin.py:188} INFO - [2026-05-07T00:04:10.728+0000] {dag.py:3096} INFO - Sync 1 DAGs
[2026-05-07T00:04:10.757+0000] {logging_mixin.py:188} INFO - [2026-05-07T00:04:10.757+0000] {dag.py:3954} INFO - Setting next_dagrun for example_branch_labels to 2026-05-06 00:00:00+00:00, run_after=2026-05-07 00:00:00+00:00
[2026-05-07T00:04:10.774+0000] {processor.py:183} INFO - Processing /usr/local/python/3.12.1/lib/python3.12/site-packages/airflow/example_dags/example_branch_labels.py took 0.074 seconds
[2026-05-07T00:05:09.378+0000] {processor.py:161} INFO - Started process (PID=34976) to work on /usr/local/python/3.12.1/lib/python3.12/site-packages/airflow/example_dags/example_branch_labels.py
[2026-05-07T00:05:09.378+0000] {processor.py:830} INFO - Processing file /usr/local/python/3.12.1/lib/python3.12/site-packages/airflow/example_dags/example_branch_labels.py for tasks to queue
[2026-05-07T00:05:09.380+0000] {logging_mixin.py:188} INFO - [2026-05-07T00:05:09.379+0000] {dagbag.py:545} INFO - Filling up the DagBag from /usr/local/python/3.12.1/lib/python3.12/site-packages/airflow/example_dags/example_branch_labels.py
[2026-05-07T00:05:09.386+0000] {processor.py:840} INFO - DAG(s) 'example_branch_labels' retrieved from /usr/local/python/3.12.1/lib/python3.12/site-packages/airflow/example_dags/example_branch_labels.py
[2026-05-07T00:05:09.400+0000] {logging_mixin.py:188} INFO - [2026-05-07T00:05:09.400+0000] {dag.py:3096} INFO - Sync 1 DAGs
[2026-05-07T00:05:09.416+0000] {logging_mixin.py:188} INFO - [2026-05-07T00:05:09.416+0000] {dag.py:3954} INFO - Setting next_dagrun for example_branch_labels to 2026-05-06 00:00:00+00:00, run_after=2026-05-07 00:00:00+00:00
[2026-05-07T00:05:09.432+0000] {processor.py:183} INFO - Processing /usr/local/python/3.12.1/lib/python3.12/site-packages/airflow/example_dags/example_branch_labels.py took 0.059 seconds
[2026-05-07T00:06:02.220+0000] {processor.py:161} INFO - Started process (PID=35231) to work on /usr/local/python/3.12.1/lib/python3.12/site-packages/airflow/example_dags/example_branch_labels.py
[2026-05-07T00:06:02.220+0000] {processor.py:830} INFO - Processing file /usr/local/python/3.12.1/lib/python3.12/site-packages/airflow/example_dags/example_branch_labels.py for tasks to queue
[2026-05-07T00:06:02.222+0000] {logging_mixin.py:188} INFO - [2026-05-07T00:06:02.221+0000] {dagbag.py:545} INFO - Filling up the DagBag from /usr/local/python/3.12.1/lib/python3.12/site-packages/airflow/example_dags/example_branch_labels.py
[2026-05-07T00:06:02.228+0000] {processor.py:840} INFO - DAG(s) 'example_branch_labels' retrieved from /usr/local/python/3.12.1/lib/python3.12/site-packages/airflow/example_dags/example_branch_labels.py
[2026-05-07T00:06:02.246+0000] {logging_mixin.py:188} INFO - [2026-05-07T00:06:02.246+0000] {dag.py:3096} INFO - Sync 1 DAGs
[2026-05-07T00:06:02.265+0000] {logging_mixin.py:188} INFO - [2026-05-07T00:06:02.265+0000] {dag.py:3954} INFO - Setting next_dagrun for example_branch_labels to 2026-05-06 00:00:00+00:00, run_after=2026-05-07 00:00:00+00:00
[2026-05-07T00:06:02.282+0000] {processor.py:183} INFO - Processing /usr/local/python/3.12.1/lib/python3.12/site-packages/airflow/example_dags/example_branch_labels.py took 0.067 seconds
[2026-05-07T00:06:58.629+0000] {processor.py:161} INFO - Started process (PID=35515) to work on /usr/local/python/3.12.1/lib/python3.12/site-packages/airflow/example_dags/example_branch_labels.py
[2026-05-07T00:06:58.630+0000] {processor.py:830} INFO - Processing file /usr/local/python/3.12.1/lib/python3.12/site-packages/airflow/example_dags/example_branch_labels.py for tasks to queue
[2026-05-07T00:06:58.631+0000] {logging_mixin.py:188} INFO - [2026-05-07T00:06:58.631+0000] {dagbag.py:545} INFO - Filling up the DagBag from /usr/local/python/3.12.1/lib/python3.12/site-packages/airflow/example_dags/example_branch_labels.py
[2026-05-07T00:06:58.638+0000] {processor.py:840} INFO - DAG(s) 'example_branch_labels' retrieved from /usr/local/python/3.12.1/lib/python3.12/site-packages/airflow/example_dags/example_branch_labels.py
[2026-05-07T00:06:58.657+0000] {logging_mixin.py:188} INFO - [2026-05-07T00:06:58.656+0000] {dag.py:3096} INFO - Sync 1 DAGs
[2026-05-07T00:06:58.673+0000] {logging_mixin.py:188} INFO - [2026-05-07T00:06:58.672+0000] {dag.py:3954} INFO - Setting next_dagrun for example_branch_labels to 2026-05-06 00:00:00+00:00, run_after=2026-05-07 00:00:00+00:00
[2026-05-07T00:06:58.689+0000] {processor.py:183} INFO - Processing /usr/local/python/3.12.1/lib/python3.12/site-packages/airflow/example_dags/example_branch_labels.py took 0.065 seconds
