[2026-05-07T00:00:15.882+0000] {processor.py:161} INFO - Started process (PID=33537) to work on /usr/local/python/3.12.1/lib/python3.12/site-packages/airflow/example_dags/example_setup_teardown.py
[2026-05-07T00:00:15.882+0000] {processor.py:830} INFO - Processing file /usr/local/python/3.12.1/lib/python3.12/site-packages/airflow/example_dags/example_setup_teardown.py for tasks to queue
[2026-05-07T00:00:15.884+0000] {logging_mixin.py:188} INFO - [2026-05-07T00:00:15.884+0000] {dagbag.py:545} INFO - Filling up the DagBag from /usr/local/python/3.12.1/lib/python3.12/site-packages/airflow/example_dags/example_setup_teardown.py
[2026-05-07T00:00:15.890+0000] {processor.py:840} INFO - DAG(s) 'example_setup_teardown' retrieved from /usr/local/python/3.12.1/lib/python3.12/site-packages/airflow/example_dags/example_setup_teardown.py
[2026-05-07T00:00:15.904+0000] {logging_mixin.py:188} INFO - [2026-05-07T00:00:15.904+0000] {dag.py:3096} INFO - Sync 1 DAGs
[2026-05-07T00:00:15.920+0000] {logging_mixin.py:188} INFO - [2026-05-07T00:00:15.920+0000] {dag.py:3954} INFO - Setting next_dagrun for example_setup_teardown to 2026-05-06 00:00:00+00:00, run_after=2026-05-07 00:00:00+00:00
[2026-05-07T00:00:15.940+0000] {processor.py:183} INFO - Processing /usr/local/python/3.12.1/lib/python3.12/site-packages/airflow/example_dags/example_setup_teardown.py took 0.063 seconds
[2026-05-07T00:01:09.097+0000] {processor.py:161} INFO - Started process (PID=33795) to work on /usr/local/python/3.12.1/lib/python3.12/site-packages/airflow/example_dags/example_setup_teardown.py
[2026-05-07T00:01:09.098+0000] {processor.py:830} INFO - Processing file /usr/local/python/3.12.1/lib/python3.12/site-packages/airflow/example_dags/example_setup_teardown.py for tasks to queue
[2026-05-07T00:01:09.099+0000] {logging_mixin.py:188} INFO - [2026-05-07T00:01:09.099+0000] {dagbag.py:545} INFO - Filling up the DagBag from /usr/local/python/3.12.1/lib/python3.12/site-packages/airflow/example_dags/example_setup_teardown.py
[2026-05-07T00:01:09.105+0000] {processor.py:840} INFO - DAG(s) 'example_setup_teardown' retrieved from /usr/local/python/3.12.1/lib/python3.12/site-packages/airflow/example_dags/example_setup_teardown.py
[2026-05-07T00:01:09.118+0000] {logging_mixin.py:188} INFO - [2026-05-07T00:01:09.118+0000] {dag.py:3096} INFO - Sync 1 DAGs
[2026-05-07T00:01:09.134+0000] {logging_mixin.py:188} INFO - [2026-05-07T00:01:09.134+0000] {dag.py:3954} INFO - Setting next_dagrun for example_setup_teardown to 2026-05-06 00:00:00+00:00, run_after=2026-05-07 00:00:00+00:00
[2026-05-07T00:01:09.155+0000] {processor.py:183} INFO - Processing /usr/local/python/3.12.1/lib/python3.12/site-packages/airflow/example_dags/example_setup_teardown.py took 0.063 seconds
[2026-05-07T00:01:50.766+0000] {processor.py:161} INFO - Started process (PID=34015) to work on /usr/local/python/3.12.1/lib/python3.12/site-packages/airflow/example_dags/example_setup_teardown.py
[2026-05-07T00:01:50.767+0000] {processor.py:830} INFO - Processing file /usr/local/python/3.12.1/lib/python3.12/site-packages/airflow/example_dags/example_setup_teardown.py for tasks to queue
[2026-05-07T00:01:50.768+0000] {logging_mixin.py:188} INFO - [2026-05-07T00:01:50.768+0000] {dagbag.py:545} INFO - Filling up the DagBag from /usr/local/python/3.12.1/lib/python3.12/site-packages/airflow/example_dags/example_setup_teardown.py
[2026-05-07T00:01:50.775+0000] {processor.py:840} INFO - DAG(s) 'example_setup_teardown' retrieved from /usr/local/python/3.12.1/lib/python3.12/site-packages/airflow/example_dags/example_setup_teardown.py
[2026-05-07T00:01:50.789+0000] {logging_mixin.py:188} INFO - [2026-05-07T00:01:50.789+0000] {dag.py:3096} INFO - Sync 1 DAGs
[2026-05-07T00:01:50.805+0000] {logging_mixin.py:188} INFO - [2026-05-07T00:01:50.805+0000] {dag.py:3954} INFO - Setting next_dagrun for example_setup_teardown to 2026-05-06 00:00:00+00:00, run_after=2026-05-07 00:00:00+00:00
[2026-05-07T00:01:50.823+0000] {processor.py:183} INFO - Processing /usr/local/python/3.12.1/lib/python3.12/site-packages/airflow/example_dags/example_setup_teardown.py took 0.062 seconds
[2026-05-07T00:02:47.307+0000] {processor.py:161} INFO - Started process (PID=34277) to work on /usr/local/python/3.12.1/lib/python3.12/site-packages/airflow/example_dags/example_setup_teardown.py
[2026-05-07T00:02:47.308+0000] {processor.py:830} INFO - Processing file /usr/local/python/3.12.1/lib/python3.12/site-packages/airflow/example_dags/example_setup_teardown.py for tasks to queue
[2026-05-07T00:02:47.309+0000] {logging_mixin.py:188} INFO - [2026-05-07T00:02:47.309+0000] {dagbag.py:545} INFO - Filling up the DagBag from /usr/local/python/3.12.1/lib/python3.12/site-packages/airflow/example_dags/example_setup_teardown.py
[2026-05-07T00:02:47.315+0000] {processor.py:840} INFO - DAG(s) 'example_setup_teardown' retrieved from /usr/local/python/3.12.1/lib/python3.12/site-packages/airflow/example_dags/example_setup_teardown.py
[2026-05-07T00:02:47.329+0000] {logging_mixin.py:188} INFO - [2026-05-07T00:02:47.329+0000] {dag.py:3096} INFO - Sync 1 DAGs
[2026-05-07T00:02:47.349+0000] {logging_mixin.py:188} INFO - [2026-05-07T00:02:47.348+0000] {dag.py:3954} INFO - Setting next_dagrun for example_setup_teardown to 2026-05-06 00:00:00+00:00, run_after=2026-05-07 00:00:00+00:00
[2026-05-07T00:02:47.368+0000] {processor.py:183} INFO - Processing /usr/local/python/3.12.1/lib/python3.12/site-packages/airflow/example_dags/example_setup_teardown.py took 0.066 seconds
[2026-05-07T00:03:25.599+0000] {processor.py:161} INFO - Started process (PID=34473) to work on /usr/local/python/3.12.1/lib/python3.12/site-packages/airflow/example_dags/example_setup_teardown.py
[2026-05-07T00:03:25.600+0000] {processor.py:830} INFO - Processing file /usr/local/python/3.12.1/lib/python3.12/site-packages/airflow/example_dags/example_setup_teardown.py for tasks to queue
[2026-05-07T00:03:25.601+0000] {logging_mixin.py:188} INFO - [2026-05-07T00:03:25.601+0000] {dagbag.py:545} INFO - Filling up the DagBag from /usr/local/python/3.12.1/lib/python3.12/site-packages/airflow/example_dags/example_setup_teardown.py
[2026-05-07T00:03:25.607+0000] {processor.py:840} INFO - DAG(s) 'example_setup_teardown' retrieved from /usr/local/python/3.12.1/lib/python3.12/site-packages/airflow/example_dags/example_setup_teardown.py
[2026-05-07T00:03:25.621+0000] {logging_mixin.py:188} INFO - [2026-05-07T00:03:25.620+0000] {dag.py:3096} INFO - Sync 1 DAGs
[2026-05-07T00:03:25.637+0000] {logging_mixin.py:188} INFO - [2026-05-07T00:03:25.636+0000] {dag.py:3954} INFO - Setting next_dagrun for example_setup_teardown to 2026-05-06 00:00:00+00:00, run_after=2026-05-07 00:00:00+00:00
[2026-05-07T00:03:25.659+0000] {processor.py:183} INFO - Processing /usr/local/python/3.12.1/lib/python3.12/site-packages/airflow/example_dags/example_setup_teardown.py took 0.065 seconds
[2026-05-07T00:04:23.026+0000] {processor.py:161} INFO - Started process (PID=34765) to work on /usr/local/python/3.12.1/lib/python3.12/site-packages/airflow/example_dags/example_setup_teardown.py
[2026-05-07T00:04:23.027+0000] {processor.py:830} INFO - Processing file /usr/local/python/3.12.1/lib/python3.12/site-packages/airflow/example_dags/example_setup_teardown.py for tasks to queue
[2026-05-07T00:04:23.028+0000] {logging_mixin.py:188} INFO - [2026-05-07T00:04:23.028+0000] {dagbag.py:545} INFO - Filling up the DagBag from /usr/local/python/3.12.1/lib/python3.12/site-packages/airflow/example_dags/example_setup_teardown.py
[2026-05-07T00:04:23.034+0000] {processor.py:840} INFO - DAG(s) 'example_setup_teardown' retrieved from /usr/local/python/3.12.1/lib/python3.12/site-packages/airflow/example_dags/example_setup_teardown.py
[2026-05-07T00:04:23.052+0000] {logging_mixin.py:188} INFO - [2026-05-07T00:04:23.052+0000] {dag.py:3096} INFO - Sync 1 DAGs
[2026-05-07T00:04:23.069+0000] {logging_mixin.py:188} INFO - [2026-05-07T00:04:23.069+0000] {dag.py:3954} INFO - Setting next_dagrun for example_setup_teardown to 2026-05-06 00:00:00+00:00, run_after=2026-05-07 00:00:00+00:00
[2026-05-07T00:04:23.086+0000] {processor.py:183} INFO - Processing /usr/local/python/3.12.1/lib/python3.12/site-packages/airflow/example_dags/example_setup_teardown.py took 0.064 seconds
[2026-05-07T00:05:21.121+0000] {processor.py:161} INFO - Started process (PID=35030) to work on /usr/local/python/3.12.1/lib/python3.12/site-packages/airflow/example_dags/example_setup_teardown.py
[2026-05-07T00:05:21.122+0000] {processor.py:830} INFO - Processing file /usr/local/python/3.12.1/lib/python3.12/site-packages/airflow/example_dags/example_setup_teardown.py for tasks to queue
[2026-05-07T00:05:21.124+0000] {logging_mixin.py:188} INFO - [2026-05-07T00:05:21.123+0000] {dagbag.py:545} INFO - Filling up the DagBag from /usr/local/python/3.12.1/lib/python3.12/site-packages/airflow/example_dags/example_setup_teardown.py
[2026-05-07T00:05:21.130+0000] {processor.py:840} INFO - DAG(s) 'example_setup_teardown' retrieved from /usr/local/python/3.12.1/lib/python3.12/site-packages/airflow/example_dags/example_setup_teardown.py
[2026-05-07T00:05:21.146+0000] {logging_mixin.py:188} INFO - [2026-05-07T00:05:21.146+0000] {dag.py:3096} INFO - Sync 1 DAGs
[2026-05-07T00:05:21.164+0000] {logging_mixin.py:188} INFO - [2026-05-07T00:05:21.164+0000] {dag.py:3954} INFO - Setting next_dagrun for example_setup_teardown to 2026-05-06 00:00:00+00:00, run_after=2026-05-07 00:00:00+00:00
[2026-05-07T00:05:21.181+0000] {processor.py:183} INFO - Processing /usr/local/python/3.12.1/lib/python3.12/site-packages/airflow/example_dags/example_setup_teardown.py took 0.065 seconds
[2026-05-07T00:06:13.628+0000] {processor.py:161} INFO - Started process (PID=35284) to work on /usr/local/python/3.12.1/lib/python3.12/site-packages/airflow/example_dags/example_setup_teardown.py
[2026-05-07T00:06:13.629+0000] {processor.py:830} INFO - Processing file /usr/local/python/3.12.1/lib/python3.12/site-packages/airflow/example_dags/example_setup_teardown.py for tasks to queue
[2026-05-07T00:06:13.631+0000] {logging_mixin.py:188} INFO - [2026-05-07T00:06:13.630+0000] {dagbag.py:545} INFO - Filling up the DagBag from /usr/local/python/3.12.1/lib/python3.12/site-packages/airflow/example_dags/example_setup_teardown.py
[2026-05-07T00:06:13.637+0000] {processor.py:840} INFO - DAG(s) 'example_setup_teardown' retrieved from /usr/local/python/3.12.1/lib/python3.12/site-packages/airflow/example_dags/example_setup_teardown.py
[2026-05-07T00:06:13.655+0000] {logging_mixin.py:188} INFO - [2026-05-07T00:06:13.655+0000] {dag.py:3096} INFO - Sync 1 DAGs
[2026-05-07T00:06:13.671+0000] {logging_mixin.py:188} INFO - [2026-05-07T00:06:13.671+0000] {dag.py:3954} INFO - Setting next_dagrun for example_setup_teardown to 2026-05-06 00:00:00+00:00, run_after=2026-05-07 00:00:00+00:00
[2026-05-07T00:06:13.687+0000] {processor.py:183} INFO - Processing /usr/local/python/3.12.1/lib/python3.12/site-packages/airflow/example_dags/example_setup_teardown.py took 0.063 seconds
[2026-05-07T00:07:10.034+0000] {processor.py:161} INFO - Started process (PID=35569) to work on /usr/local/python/3.12.1/lib/python3.12/site-packages/airflow/example_dags/example_setup_teardown.py
[2026-05-07T00:07:10.035+0000] {processor.py:830} INFO - Processing file /usr/local/python/3.12.1/lib/python3.12/site-packages/airflow/example_dags/example_setup_teardown.py for tasks to queue
[2026-05-07T00:07:10.036+0000] {logging_mixin.py:188} INFO - [2026-05-07T00:07:10.036+0000] {dagbag.py:545} INFO - Filling up the DagBag from /usr/local/python/3.12.1/lib/python3.12/site-packages/airflow/example_dags/example_setup_teardown.py
[2026-05-07T00:07:10.042+0000] {processor.py:840} INFO - DAG(s) 'example_setup_teardown' retrieved from /usr/local/python/3.12.1/lib/python3.12/site-packages/airflow/example_dags/example_setup_teardown.py
[2026-05-07T00:07:10.055+0000] {logging_mixin.py:188} INFO - [2026-05-07T00:07:10.055+0000] {dag.py:3096} INFO - Sync 1 DAGs
[2026-05-07T00:07:10.071+0000] {logging_mixin.py:188} INFO - [2026-05-07T00:07:10.070+0000] {dag.py:3954} INFO - Setting next_dagrun for example_setup_teardown to 2026-05-06 00:00:00+00:00, run_after=2026-05-07 00:00:00+00:00
[2026-05-07T00:07:10.086+0000] {processor.py:183} INFO - Processing /usr/local/python/3.12.1/lib/python3.12/site-packages/airflow/example_dags/example_setup_teardown.py took 0.057 seconds
