[2026-05-07T00:00:24.829+0000] {processor.py:161} INFO - Started process (PID=33585) to work on /usr/local/python/3.12.1/lib/python3.12/site-packages/airflow/example_dags/example_bash_decorator.py
[2026-05-07T00:00:24.830+0000] {processor.py:830} INFO - Processing file /usr/local/python/3.12.1/lib/python3.12/site-packages/airflow/example_dags/example_bash_decorator.py for tasks to queue
[2026-05-07T00:00:24.831+0000] {logging_mixin.py:188} INFO - [2026-05-07T00:00:24.831+0000] {dagbag.py:545} INFO - Filling up the DagBag from /usr/local/python/3.12.1/lib/python3.12/site-packages/airflow/example_dags/example_bash_decorator.py
[2026-05-07T00:00:24.846+0000] {processor.py:840} INFO - DAG(s) 'example_bash_decorator' retrieved from /usr/local/python/3.12.1/lib/python3.12/site-packages/airflow/example_dags/example_bash_decorator.py
[2026-05-07T00:00:24.864+0000] {logging_mixin.py:188} INFO - [2026-05-07T00:00:24.863+0000] {dag.py:3096} INFO - Sync 1 DAGs
[2026-05-07T00:00:24.873+0000] {logging_mixin.py:188} INFO - [2026-05-07T00:00:24.873+0000] {dag.py:3954} INFO - Setting next_dagrun for example_bash_decorator to None, run_after=None
[2026-05-07T00:00:24.889+0000] {processor.py:183} INFO - Processing /usr/local/python/3.12.1/lib/python3.12/site-packages/airflow/example_dags/example_bash_decorator.py took 0.065 seconds
[2026-05-07T00:01:19.898+0000] {processor.py:161} INFO - Started process (PID=33864) to work on /usr/local/python/3.12.1/lib/python3.12/site-packages/airflow/example_dags/example_bash_decorator.py
[2026-05-07T00:01:19.899+0000] {processor.py:830} INFO - Processing file /usr/local/python/3.12.1/lib/python3.12/site-packages/airflow/example_dags/example_bash_decorator.py for tasks to queue
[2026-05-07T00:01:19.901+0000] {logging_mixin.py:188} INFO - [2026-05-07T00:01:19.900+0000] {dagbag.py:545} INFO - Filling up the DagBag from /usr/local/python/3.12.1/lib/python3.12/site-packages/airflow/example_dags/example_bash_decorator.py
[2026-05-07T00:01:19.912+0000] {processor.py:840} INFO - DAG(s) 'example_bash_decorator' retrieved from /usr/local/python/3.12.1/lib/python3.12/site-packages/airflow/example_dags/example_bash_decorator.py
[2026-05-07T00:01:19.928+0000] {logging_mixin.py:188} INFO - [2026-05-07T00:01:19.928+0000] {dag.py:3096} INFO - Sync 1 DAGs
[2026-05-07T00:01:19.938+0000] {logging_mixin.py:188} INFO - [2026-05-07T00:01:19.938+0000] {dag.py:3954} INFO - Setting next_dagrun for example_bash_decorator to None, run_after=None
[2026-05-07T00:01:19.962+0000] {processor.py:183} INFO - Processing /usr/local/python/3.12.1/lib/python3.12/site-packages/airflow/example_dags/example_bash_decorator.py took 0.069 seconds
[2026-05-07T00:02:18.741+0000] {processor.py:161} INFO - Started process (PID=34138) to work on /usr/local/python/3.12.1/lib/python3.12/site-packages/airflow/example_dags/example_bash_decorator.py
[2026-05-07T00:02:18.742+0000] {processor.py:830} INFO - Processing file /usr/local/python/3.12.1/lib/python3.12/site-packages/airflow/example_dags/example_bash_decorator.py for tasks to queue
[2026-05-07T00:02:18.744+0000] {logging_mixin.py:188} INFO - [2026-05-07T00:02:18.744+0000] {dagbag.py:545} INFO - Filling up the DagBag from /usr/local/python/3.12.1/lib/python3.12/site-packages/airflow/example_dags/example_bash_decorator.py
[2026-05-07T00:02:18.758+0000] {processor.py:840} INFO - DAG(s) 'example_bash_decorator' retrieved from /usr/local/python/3.12.1/lib/python3.12/site-packages/airflow/example_dags/example_bash_decorator.py
[2026-05-07T00:02:18.774+0000] {logging_mixin.py:188} INFO - [2026-05-07T00:02:18.773+0000] {dag.py:3096} INFO - Sync 1 DAGs
[2026-05-07T00:02:18.783+0000] {logging_mixin.py:188} INFO - [2026-05-07T00:02:18.783+0000] {dag.py:3954} INFO - Setting next_dagrun for example_bash_decorator to None, run_after=None
[2026-05-07T00:02:18.801+0000] {processor.py:183} INFO - Processing /usr/local/python/3.12.1/lib/python3.12/site-packages/airflow/example_dags/example_bash_decorator.py took 0.066 seconds
[2026-05-07T00:03:17.134+0000] {processor.py:161} INFO - Started process (PID=34425) to work on /usr/local/python/3.12.1/lib/python3.12/site-packages/airflow/example_dags/example_bash_decorator.py
[2026-05-07T00:03:17.135+0000] {processor.py:830} INFO - Processing file /usr/local/python/3.12.1/lib/python3.12/site-packages/airflow/example_dags/example_bash_decorator.py for tasks to queue
[2026-05-07T00:03:17.138+0000] {logging_mixin.py:188} INFO - [2026-05-07T00:03:17.137+0000] {dagbag.py:545} INFO - Filling up the DagBag from /usr/local/python/3.12.1/lib/python3.12/site-packages/airflow/example_dags/example_bash_decorator.py
[2026-05-07T00:03:17.155+0000] {processor.py:840} INFO - DAG(s) 'example_bash_decorator' retrieved from /usr/local/python/3.12.1/lib/python3.12/site-packages/airflow/example_dags/example_bash_decorator.py
[2026-05-07T00:03:17.189+0000] {logging_mixin.py:188} INFO - [2026-05-07T00:03:17.189+0000] {dag.py:3096} INFO - Sync 1 DAGs
[2026-05-07T00:03:17.200+0000] {logging_mixin.py:188} INFO - [2026-05-07T00:03:17.200+0000] {dag.py:3954} INFO - Setting next_dagrun for example_bash_decorator to None, run_after=None
[2026-05-07T00:03:17.222+0000] {processor.py:183} INFO - Processing /usr/local/python/3.12.1/lib/python3.12/site-packages/airflow/example_dags/example_bash_decorator.py took 0.092 seconds
[2026-05-07T00:04:12.749+0000] {processor.py:161} INFO - Started process (PID=34714) to work on /usr/local/python/3.12.1/lib/python3.12/site-packages/airflow/example_dags/example_bash_decorator.py
[2026-05-07T00:04:12.750+0000] {processor.py:830} INFO - Processing file /usr/local/python/3.12.1/lib/python3.12/site-packages/airflow/example_dags/example_bash_decorator.py for tasks to queue
[2026-05-07T00:04:12.751+0000] {logging_mixin.py:188} INFO - [2026-05-07T00:04:12.751+0000] {dagbag.py:545} INFO - Filling up the DagBag from /usr/local/python/3.12.1/lib/python3.12/site-packages/airflow/example_dags/example_bash_decorator.py
[2026-05-07T00:04:12.765+0000] {processor.py:840} INFO - DAG(s) 'example_bash_decorator' retrieved from /usr/local/python/3.12.1/lib/python3.12/site-packages/airflow/example_dags/example_bash_decorator.py
[2026-05-07T00:04:12.782+0000] {logging_mixin.py:188} INFO - [2026-05-07T00:04:12.781+0000] {dag.py:3096} INFO - Sync 1 DAGs
[2026-05-07T00:04:12.791+0000] {logging_mixin.py:188} INFO - [2026-05-07T00:04:12.790+0000] {dag.py:3954} INFO - Setting next_dagrun for example_bash_decorator to None, run_after=None
[2026-05-07T00:04:12.806+0000] {processor.py:183} INFO - Processing /usr/local/python/3.12.1/lib/python3.12/site-packages/airflow/example_dags/example_bash_decorator.py took 0.064 seconds
[2026-05-07T00:05:10.110+0000] {processor.py:161} INFO - Started process (PID=34979) to work on /usr/local/python/3.12.1/lib/python3.12/site-packages/airflow/example_dags/example_bash_decorator.py
[2026-05-07T00:05:10.111+0000] {processor.py:830} INFO - Processing file /usr/local/python/3.12.1/lib/python3.12/site-packages/airflow/example_dags/example_bash_decorator.py for tasks to queue
[2026-05-07T00:05:10.113+0000] {logging_mixin.py:188} INFO - [2026-05-07T00:05:10.112+0000] {dagbag.py:545} INFO - Filling up the DagBag from /usr/local/python/3.12.1/lib/python3.12/site-packages/airflow/example_dags/example_bash_decorator.py
[2026-05-07T00:05:10.124+0000] {processor.py:840} INFO - DAG(s) 'example_bash_decorator' retrieved from /usr/local/python/3.12.1/lib/python3.12/site-packages/airflow/example_dags/example_bash_decorator.py
[2026-05-07T00:05:10.141+0000] {logging_mixin.py:188} INFO - [2026-05-07T00:05:10.140+0000] {dag.py:3096} INFO - Sync 1 DAGs
[2026-05-07T00:05:10.154+0000] {logging_mixin.py:188} INFO - [2026-05-07T00:05:10.153+0000] {dag.py:3954} INFO - Setting next_dagrun for example_bash_decorator to None, run_after=None
[2026-05-07T00:05:10.171+0000] {processor.py:183} INFO - Processing /usr/local/python/3.12.1/lib/python3.12/site-packages/airflow/example_dags/example_bash_decorator.py took 0.065 seconds
[2026-05-07T00:06:04.489+0000] {processor.py:161} INFO - Started process (PID=35253) to work on /usr/local/python/3.12.1/lib/python3.12/site-packages/airflow/example_dags/example_bash_decorator.py
[2026-05-07T00:06:04.490+0000] {processor.py:830} INFO - Processing file /usr/local/python/3.12.1/lib/python3.12/site-packages/airflow/example_dags/example_bash_decorator.py for tasks to queue
[2026-05-07T00:06:04.492+0000] {logging_mixin.py:188} INFO - [2026-05-07T00:06:04.491+0000] {dagbag.py:545} INFO - Filling up the DagBag from /usr/local/python/3.12.1/lib/python3.12/site-packages/airflow/example_dags/example_bash_decorator.py
[2026-05-07T00:06:04.502+0000] {processor.py:840} INFO - DAG(s) 'example_bash_decorator' retrieved from /usr/local/python/3.12.1/lib/python3.12/site-packages/airflow/example_dags/example_bash_decorator.py
[2026-05-07T00:06:04.518+0000] {logging_mixin.py:188} INFO - [2026-05-07T00:06:04.517+0000] {dag.py:3096} INFO - Sync 1 DAGs
[2026-05-07T00:06:04.527+0000] {logging_mixin.py:188} INFO - [2026-05-07T00:06:04.527+0000] {dag.py:3954} INFO - Setting next_dagrun for example_bash_decorator to None, run_after=None
[2026-05-07T00:06:04.545+0000] {processor.py:183} INFO - Processing /usr/local/python/3.12.1/lib/python3.12/site-packages/airflow/example_dags/example_bash_decorator.py took 0.061 seconds
[2026-05-07T00:07:00.996+0000] {processor.py:161} INFO - Started process (PID=35520) to work on /usr/local/python/3.12.1/lib/python3.12/site-packages/airflow/example_dags/example_bash_decorator.py
[2026-05-07T00:07:00.997+0000] {processor.py:830} INFO - Processing file /usr/local/python/3.12.1/lib/python3.12/site-packages/airflow/example_dags/example_bash_decorator.py for tasks to queue
[2026-05-07T00:07:00.998+0000] {logging_mixin.py:188} INFO - [2026-05-07T00:07:00.998+0000] {dagbag.py:545} INFO - Filling up the DagBag from /usr/local/python/3.12.1/lib/python3.12/site-packages/airflow/example_dags/example_bash_decorator.py
[2026-05-07T00:07:01.009+0000] {processor.py:840} INFO - DAG(s) 'example_bash_decorator' retrieved from /usr/local/python/3.12.1/lib/python3.12/site-packages/airflow/example_dags/example_bash_decorator.py
[2026-05-07T00:07:01.025+0000] {logging_mixin.py:188} INFO - [2026-05-07T00:07:01.025+0000] {dag.py:3096} INFO - Sync 1 DAGs
[2026-05-07T00:07:01.034+0000] {logging_mixin.py:188} INFO - [2026-05-07T00:07:01.034+0000] {dag.py:3954} INFO - Setting next_dagrun for example_bash_decorator to None, run_after=None
[2026-05-07T00:07:01.078+0000] {processor.py:183} INFO - Processing /usr/local/python/3.12.1/lib/python3.12/site-packages/airflow/example_dags/example_bash_decorator.py took 0.087 seconds
