[2026-05-07T00:00:26.127+0000] {processor.py:161} INFO - Started process (PID=33588) to work on /usr/local/python/3.12.1/lib/python3.12/site-packages/airflow/example_dags/example_xcomargs.py
[2026-05-07T00:00:26.128+0000] {processor.py:830} INFO - Processing file /usr/local/python/3.12.1/lib/python3.12/site-packages/airflow/example_dags/example_xcomargs.py for tasks to queue
[2026-05-07T00:00:26.129+0000] {logging_mixin.py:188} INFO - [2026-05-07T00:00:26.129+0000] {dagbag.py:545} INFO - Filling up the DagBag from /usr/local/python/3.12.1/lib/python3.12/site-packages/airflow/example_dags/example_xcomargs.py
[2026-05-07T00:00:26.139+0000] {processor.py:840} INFO - DAG(s) 'example_xcom_args_with_operators', 'example_xcom_args' retrieved from /usr/local/python/3.12.1/lib/python3.12/site-packages/airflow/example_dags/example_xcomargs.py
[2026-05-07T00:00:26.159+0000] {logging_mixin.py:188} INFO - [2026-05-07T00:00:26.159+0000] {dag.py:3096} INFO - Sync 2 DAGs
[2026-05-07T00:00:26.169+0000] {logging_mixin.py:188} INFO - [2026-05-07T00:00:26.169+0000] {dag.py:3954} INFO - Setting next_dagrun for example_xcom_args to None, run_after=None
[2026-05-07T00:00:26.172+0000] {logging_mixin.py:188} INFO - [2026-05-07T00:00:26.171+0000] {dag.py:3954} INFO - Setting next_dagrun for example_xcom_args_with_operators to None, run_after=None
[2026-05-07T00:00:26.187+0000] {processor.py:183} INFO - Processing /usr/local/python/3.12.1/lib/python3.12/site-packages/airflow/example_dags/example_xcomargs.py took 0.066 seconds
[2026-05-07T00:01:02.212+0000] {processor.py:161} INFO - Started process (PID=33776) to work on /usr/local/python/3.12.1/lib/python3.12/site-packages/airflow/example_dags/example_xcomargs.py
[2026-05-07T00:01:02.213+0000] {processor.py:830} INFO - Processing file /usr/local/python/3.12.1/lib/python3.12/site-packages/airflow/example_dags/example_xcomargs.py for tasks to queue
[2026-05-07T00:01:02.214+0000] {logging_mixin.py:188} INFO - [2026-05-07T00:01:02.214+0000] {dagbag.py:545} INFO - Filling up the DagBag from /usr/local/python/3.12.1/lib/python3.12/site-packages/airflow/example_dags/example_xcomargs.py
[2026-05-07T00:01:02.221+0000] {processor.py:840} INFO - DAG(s) 'example_xcom_args_with_operators', 'example_xcom_args' retrieved from /usr/local/python/3.12.1/lib/python3.12/site-packages/airflow/example_dags/example_xcomargs.py
[2026-05-07T00:01:02.236+0000] {logging_mixin.py:188} INFO - [2026-05-07T00:01:02.236+0000] {dag.py:3096} INFO - Sync 2 DAGs
[2026-05-07T00:01:02.249+0000] {logging_mixin.py:188} INFO - [2026-05-07T00:01:02.249+0000] {dag.py:3954} INFO - Setting next_dagrun for example_xcom_args to None, run_after=None
[2026-05-07T00:01:02.253+0000] {logging_mixin.py:188} INFO - [2026-05-07T00:01:02.253+0000] {dag.py:3954} INFO - Setting next_dagrun for example_xcom_args_with_operators to None, run_after=None
[2026-05-07T00:01:02.272+0000] {processor.py:183} INFO - Processing /usr/local/python/3.12.1/lib/python3.12/site-packages/airflow/example_dags/example_xcomargs.py took 0.065 seconds
[2026-05-07T00:01:42.757+0000] {processor.py:161} INFO - Started process (PID=33970) to work on /usr/local/python/3.12.1/lib/python3.12/site-packages/airflow/example_dags/example_xcomargs.py
[2026-05-07T00:01:42.757+0000] {processor.py:830} INFO - Processing file /usr/local/python/3.12.1/lib/python3.12/site-packages/airflow/example_dags/example_xcomargs.py for tasks to queue
[2026-05-07T00:01:42.759+0000] {logging_mixin.py:188} INFO - [2026-05-07T00:01:42.759+0000] {dagbag.py:545} INFO - Filling up the DagBag from /usr/local/python/3.12.1/lib/python3.12/site-packages/airflow/example_dags/example_xcomargs.py
[2026-05-07T00:01:42.766+0000] {processor.py:840} INFO - DAG(s) 'example_xcom_args_with_operators', 'example_xcom_args' retrieved from /usr/local/python/3.12.1/lib/python3.12/site-packages/airflow/example_dags/example_xcomargs.py
[2026-05-07T00:01:42.782+0000] {logging_mixin.py:188} INFO - [2026-05-07T00:01:42.782+0000] {dag.py:3096} INFO - Sync 2 DAGs
[2026-05-07T00:01:42.791+0000] {logging_mixin.py:188} INFO - [2026-05-07T00:01:42.791+0000] {dag.py:3954} INFO - Setting next_dagrun for example_xcom_args to None, run_after=None
[2026-05-07T00:01:42.794+0000] {logging_mixin.py:188} INFO - [2026-05-07T00:01:42.794+0000] {dag.py:3954} INFO - Setting next_dagrun for example_xcom_args_with_operators to None, run_after=None
[2026-05-07T00:01:42.809+0000] {processor.py:183} INFO - Processing /usr/local/python/3.12.1/lib/python3.12/site-packages/airflow/example_dags/example_xcomargs.py took 0.059 seconds
[2026-05-07T00:02:20.490+0000] {processor.py:161} INFO - Started process (PID=34149) to work on /usr/local/python/3.12.1/lib/python3.12/site-packages/airflow/example_dags/example_xcomargs.py
[2026-05-07T00:02:20.492+0000] {processor.py:830} INFO - Processing file /usr/local/python/3.12.1/lib/python3.12/site-packages/airflow/example_dags/example_xcomargs.py for tasks to queue
[2026-05-07T00:02:20.495+0000] {logging_mixin.py:188} INFO - [2026-05-07T00:02:20.495+0000] {dagbag.py:545} INFO - Filling up the DagBag from /usr/local/python/3.12.1/lib/python3.12/site-packages/airflow/example_dags/example_xcomargs.py
[2026-05-07T00:02:20.506+0000] {processor.py:840} INFO - DAG(s) 'example_xcom_args', 'example_xcom_args_with_operators' retrieved from /usr/local/python/3.12.1/lib/python3.12/site-packages/airflow/example_dags/example_xcomargs.py
[2026-05-07T00:02:20.530+0000] {logging_mixin.py:188} INFO - [2026-05-07T00:02:20.530+0000] {dag.py:3096} INFO - Sync 2 DAGs
[2026-05-07T00:02:20.548+0000] {logging_mixin.py:188} INFO - [2026-05-07T00:02:20.547+0000] {dag.py:3954} INFO - Setting next_dagrun for example_xcom_args to None, run_after=None
[2026-05-07T00:02:20.557+0000] {logging_mixin.py:188} INFO - [2026-05-07T00:02:20.554+0000] {dag.py:3954} INFO - Setting next_dagrun for example_xcom_args_with_operators to None, run_after=None
[2026-05-07T00:02:20.592+0000] {processor.py:183} INFO - Processing /usr/local/python/3.12.1/lib/python3.12/site-packages/airflow/example_dags/example_xcomargs.py took 0.110 seconds
[2026-05-07T00:02:59.290+0000] {processor.py:161} INFO - Started process (PID=34333) to work on /usr/local/python/3.12.1/lib/python3.12/site-packages/airflow/example_dags/example_xcomargs.py
[2026-05-07T00:02:59.291+0000] {processor.py:830} INFO - Processing file /usr/local/python/3.12.1/lib/python3.12/site-packages/airflow/example_dags/example_xcomargs.py for tasks to queue
[2026-05-07T00:02:59.292+0000] {logging_mixin.py:188} INFO - [2026-05-07T00:02:59.292+0000] {dagbag.py:545} INFO - Filling up the DagBag from /usr/local/python/3.12.1/lib/python3.12/site-packages/airflow/example_dags/example_xcomargs.py
[2026-05-07T00:02:59.299+0000] {processor.py:840} INFO - DAG(s) 'example_xcom_args_with_operators', 'example_xcom_args' retrieved from /usr/local/python/3.12.1/lib/python3.12/site-packages/airflow/example_dags/example_xcomargs.py
[2026-05-07T00:02:59.314+0000] {logging_mixin.py:188} INFO - [2026-05-07T00:02:59.314+0000] {dag.py:3096} INFO - Sync 2 DAGs
[2026-05-07T00:02:59.324+0000] {logging_mixin.py:188} INFO - [2026-05-07T00:02:59.323+0000] {dag.py:3954} INFO - Setting next_dagrun for example_xcom_args to None, run_after=None
[2026-05-07T00:02:59.326+0000] {logging_mixin.py:188} INFO - [2026-05-07T00:02:59.326+0000] {dag.py:3954} INFO - Setting next_dagrun for example_xcom_args_with_operators to None, run_after=None
[2026-05-07T00:02:59.344+0000] {processor.py:183} INFO - Processing /usr/local/python/3.12.1/lib/python3.12/site-packages/airflow/example_dags/example_xcomargs.py took 0.059 seconds
[2026-05-07T00:03:36.575+0000] {processor.py:161} INFO - Started process (PID=34526) to work on /usr/local/python/3.12.1/lib/python3.12/site-packages/airflow/example_dags/example_xcomargs.py
[2026-05-07T00:03:36.575+0000] {processor.py:830} INFO - Processing file /usr/local/python/3.12.1/lib/python3.12/site-packages/airflow/example_dags/example_xcomargs.py for tasks to queue
[2026-05-07T00:03:36.577+0000] {logging_mixin.py:188} INFO - [2026-05-07T00:03:36.577+0000] {dagbag.py:545} INFO - Filling up the DagBag from /usr/local/python/3.12.1/lib/python3.12/site-packages/airflow/example_dags/example_xcomargs.py
[2026-05-07T00:03:36.584+0000] {processor.py:840} INFO - DAG(s) 'example_xcom_args_with_operators', 'example_xcom_args' retrieved from /usr/local/python/3.12.1/lib/python3.12/site-packages/airflow/example_dags/example_xcomargs.py
[2026-05-07T00:03:36.600+0000] {logging_mixin.py:188} INFO - [2026-05-07T00:03:36.599+0000] {dag.py:3096} INFO - Sync 2 DAGs
[2026-05-07T00:03:36.609+0000] {logging_mixin.py:188} INFO - [2026-05-07T00:03:36.609+0000] {dag.py:3954} INFO - Setting next_dagrun for example_xcom_args to None, run_after=None
[2026-05-07T00:03:36.612+0000] {logging_mixin.py:188} INFO - [2026-05-07T00:03:36.612+0000] {dag.py:3954} INFO - Setting next_dagrun for example_xcom_args_with_operators to None, run_after=None
[2026-05-07T00:03:36.628+0000] {processor.py:183} INFO - Processing /usr/local/python/3.12.1/lib/python3.12/site-packages/airflow/example_dags/example_xcomargs.py took 0.059 seconds
[2026-05-07T00:04:15.021+0000] {processor.py:161} INFO - Started process (PID=34718) to work on /usr/local/python/3.12.1/lib/python3.12/site-packages/airflow/example_dags/example_xcomargs.py
[2026-05-07T00:04:15.022+0000] {processor.py:830} INFO - Processing file /usr/local/python/3.12.1/lib/python3.12/site-packages/airflow/example_dags/example_xcomargs.py for tasks to queue
[2026-05-07T00:04:15.023+0000] {logging_mixin.py:188} INFO - [2026-05-07T00:04:15.023+0000] {dagbag.py:545} INFO - Filling up the DagBag from /usr/local/python/3.12.1/lib/python3.12/site-packages/airflow/example_dags/example_xcomargs.py
[2026-05-07T00:04:15.031+0000] {processor.py:840} INFO - DAG(s) 'example_xcom_args_with_operators', 'example_xcom_args' retrieved from /usr/local/python/3.12.1/lib/python3.12/site-packages/airflow/example_dags/example_xcomargs.py
[2026-05-07T00:04:15.050+0000] {logging_mixin.py:188} INFO - [2026-05-07T00:04:15.049+0000] {dag.py:3096} INFO - Sync 2 DAGs
[2026-05-07T00:04:15.061+0000] {logging_mixin.py:188} INFO - [2026-05-07T00:04:15.061+0000] {dag.py:3954} INFO - Setting next_dagrun for example_xcom_args to None, run_after=None
[2026-05-07T00:04:15.064+0000] {logging_mixin.py:188} INFO - [2026-05-07T00:04:15.064+0000] {dag.py:3954} INFO - Setting next_dagrun for example_xcom_args_with_operators to None, run_after=None
[2026-05-07T00:04:15.079+0000] {processor.py:183} INFO - Processing /usr/local/python/3.12.1/lib/python3.12/site-packages/airflow/example_dags/example_xcomargs.py took 0.063 seconds
[2026-05-07T00:04:52.987+0000] {processor.py:161} INFO - Started process (PID=34908) to work on /usr/local/python/3.12.1/lib/python3.12/site-packages/airflow/example_dags/example_xcomargs.py
[2026-05-07T00:04:52.987+0000] {processor.py:830} INFO - Processing file /usr/local/python/3.12.1/lib/python3.12/site-packages/airflow/example_dags/example_xcomargs.py for tasks to queue
[2026-05-07T00:04:52.989+0000] {logging_mixin.py:188} INFO - [2026-05-07T00:04:52.988+0000] {dagbag.py:545} INFO - Filling up the DagBag from /usr/local/python/3.12.1/lib/python3.12/site-packages/airflow/example_dags/example_xcomargs.py
[2026-05-07T00:04:52.996+0000] {processor.py:840} INFO - DAG(s) 'example_xcom_args', 'example_xcom_args_with_operators' retrieved from /usr/local/python/3.12.1/lib/python3.12/site-packages/airflow/example_dags/example_xcomargs.py
[2026-05-07T00:04:53.011+0000] {logging_mixin.py:188} INFO - [2026-05-07T00:04:53.011+0000] {dag.py:3096} INFO - Sync 2 DAGs
[2026-05-07T00:04:53.020+0000] {logging_mixin.py:188} INFO - [2026-05-07T00:04:53.020+0000] {dag.py:3954} INFO - Setting next_dagrun for example_xcom_args to None, run_after=None
[2026-05-07T00:04:53.023+0000] {logging_mixin.py:188} INFO - [2026-05-07T00:04:53.023+0000] {dag.py:3954} INFO - Setting next_dagrun for example_xcom_args_with_operators to None, run_after=None
[2026-05-07T00:04:53.039+0000] {processor.py:183} INFO - Processing /usr/local/python/3.12.1/lib/python3.12/site-packages/airflow/example_dags/example_xcomargs.py took 0.057 seconds
[2026-05-07T00:05:31.259+0000] {processor.py:161} INFO - Started process (PID=35080) to work on /usr/local/python/3.12.1/lib/python3.12/site-packages/airflow/example_dags/example_xcomargs.py
[2026-05-07T00:05:31.260+0000] {processor.py:830} INFO - Processing file /usr/local/python/3.12.1/lib/python3.12/site-packages/airflow/example_dags/example_xcomargs.py for tasks to queue
[2026-05-07T00:05:31.262+0000] {logging_mixin.py:188} INFO - [2026-05-07T00:05:31.261+0000] {dagbag.py:545} INFO - Filling up the DagBag from /usr/local/python/3.12.1/lib/python3.12/site-packages/airflow/example_dags/example_xcomargs.py
[2026-05-07T00:05:31.269+0000] {processor.py:840} INFO - DAG(s) 'example_xcom_args_with_operators', 'example_xcom_args' retrieved from /usr/local/python/3.12.1/lib/python3.12/site-packages/airflow/example_dags/example_xcomargs.py
[2026-05-07T00:05:31.284+0000] {logging_mixin.py:188} INFO - [2026-05-07T00:05:31.283+0000] {dag.py:3096} INFO - Sync 2 DAGs
[2026-05-07T00:05:31.293+0000] {logging_mixin.py:188} INFO - [2026-05-07T00:05:31.293+0000] {dag.py:3954} INFO - Setting next_dagrun for example_xcom_args to None, run_after=None
[2026-05-07T00:05:31.296+0000] {logging_mixin.py:188} INFO - [2026-05-07T00:05:31.296+0000] {dag.py:3954} INFO - Setting next_dagrun for example_xcom_args_with_operators to None, run_after=None
[2026-05-07T00:05:31.311+0000] {processor.py:183} INFO - Processing /usr/local/python/3.12.1/lib/python3.12/site-packages/airflow/example_dags/example_xcomargs.py took 0.057 seconds
[2026-05-07T00:06:06.220+0000] {processor.py:161} INFO - Started process (PID=35257) to work on /usr/local/python/3.12.1/lib/python3.12/site-packages/airflow/example_dags/example_xcomargs.py
[2026-05-07T00:06:06.221+0000] {processor.py:830} INFO - Processing file /usr/local/python/3.12.1/lib/python3.12/site-packages/airflow/example_dags/example_xcomargs.py for tasks to queue
[2026-05-07T00:06:06.222+0000] {logging_mixin.py:188} INFO - [2026-05-07T00:06:06.222+0000] {dagbag.py:545} INFO - Filling up the DagBag from /usr/local/python/3.12.1/lib/python3.12/site-packages/airflow/example_dags/example_xcomargs.py
[2026-05-07T00:06:06.229+0000] {processor.py:840} INFO - DAG(s) 'example_xcom_args_with_operators', 'example_xcom_args' retrieved from /usr/local/python/3.12.1/lib/python3.12/site-packages/airflow/example_dags/example_xcomargs.py
[2026-05-07T00:06:06.249+0000] {logging_mixin.py:188} INFO - [2026-05-07T00:06:06.249+0000] {dag.py:3096} INFO - Sync 2 DAGs
[2026-05-07T00:06:06.260+0000] {logging_mixin.py:188} INFO - [2026-05-07T00:06:06.260+0000] {dag.py:3954} INFO - Setting next_dagrun for example_xcom_args to None, run_after=None
[2026-05-07T00:06:06.263+0000] {logging_mixin.py:188} INFO - [2026-05-07T00:06:06.263+0000] {dag.py:3954} INFO - Setting next_dagrun for example_xcom_args_with_operators to None, run_after=None
[2026-05-07T00:06:06.278+0000] {processor.py:183} INFO - Processing /usr/local/python/3.12.1/lib/python3.12/site-packages/airflow/example_dags/example_xcomargs.py took 0.063 seconds
[2026-05-07T00:06:44.352+0000] {processor.py:161} INFO - Started process (PID=35432) to work on /usr/local/python/3.12.1/lib/python3.12/site-packages/airflow/example_dags/example_xcomargs.py
[2026-05-07T00:06:44.354+0000] {processor.py:830} INFO - Processing file /usr/local/python/3.12.1/lib/python3.12/site-packages/airflow/example_dags/example_xcomargs.py for tasks to queue
[2026-05-07T00:06:44.356+0000] {logging_mixin.py:188} INFO - [2026-05-07T00:06:44.355+0000] {dagbag.py:545} INFO - Filling up the DagBag from /usr/local/python/3.12.1/lib/python3.12/site-packages/airflow/example_dags/example_xcomargs.py
[2026-05-07T00:06:44.373+0000] {processor.py:840} INFO - DAG(s) 'example_xcom_args_with_operators', 'example_xcom_args' retrieved from /usr/local/python/3.12.1/lib/python3.12/site-packages/airflow/example_dags/example_xcomargs.py
[2026-05-07T00:06:44.403+0000] {logging_mixin.py:188} INFO - [2026-05-07T00:06:44.403+0000] {dag.py:3096} INFO - Sync 2 DAGs
[2026-05-07T00:06:44.420+0000] {logging_mixin.py:188} INFO - [2026-05-07T00:06:44.420+0000] {dag.py:3954} INFO - Setting next_dagrun for example_xcom_args to None, run_after=None
[2026-05-07T00:06:44.424+0000] {logging_mixin.py:188} INFO - [2026-05-07T00:06:44.424+0000] {dag.py:3954} INFO - Setting next_dagrun for example_xcom_args_with_operators to None, run_after=None
[2026-05-07T00:06:44.452+0000] {processor.py:183} INFO - Processing /usr/local/python/3.12.1/lib/python3.12/site-packages/airflow/example_dags/example_xcomargs.py took 0.109 seconds
[2026-05-07T00:07:21.452+0000] {processor.py:161} INFO - Started process (PID=35622) to work on /usr/local/python/3.12.1/lib/python3.12/site-packages/airflow/example_dags/example_xcomargs.py
[2026-05-07T00:07:21.454+0000] {processor.py:830} INFO - Processing file /usr/local/python/3.12.1/lib/python3.12/site-packages/airflow/example_dags/example_xcomargs.py for tasks to queue
[2026-05-07T00:07:21.456+0000] {logging_mixin.py:188} INFO - [2026-05-07T00:07:21.455+0000] {dagbag.py:545} INFO - Filling up the DagBag from /usr/local/python/3.12.1/lib/python3.12/site-packages/airflow/example_dags/example_xcomargs.py
[2026-05-07T00:07:21.463+0000] {processor.py:840} INFO - DAG(s) 'example_xcom_args_with_operators', 'example_xcom_args' retrieved from /usr/local/python/3.12.1/lib/python3.12/site-packages/airflow/example_dags/example_xcomargs.py
[2026-05-07T00:07:21.478+0000] {logging_mixin.py:188} INFO - [2026-05-07T00:07:21.478+0000] {dag.py:3096} INFO - Sync 2 DAGs
[2026-05-07T00:07:21.487+0000] {logging_mixin.py:188} INFO - [2026-05-07T00:07:21.487+0000] {dag.py:3954} INFO - Setting next_dagrun for example_xcom_args to None, run_after=None
[2026-05-07T00:07:21.490+0000] {logging_mixin.py:188} INFO - [2026-05-07T00:07:21.490+0000] {dag.py:3954} INFO - Setting next_dagrun for example_xcom_args_with_operators to None, run_after=None
[2026-05-07T00:07:21.504+0000] {processor.py:183} INFO - Processing /usr/local/python/3.12.1/lib/python3.12/site-packages/airflow/example_dags/example_xcomargs.py took 0.059 seconds
