[2026-05-07T00:00:03.864+0000] {processor.py:161} INFO - Started process (PID=33482) to work on /usr/local/python/3.12.1/lib/python3.12/site-packages/airflow/example_dags/example_dag_decorator.py
[2026-05-07T00:00:03.865+0000] {processor.py:830} INFO - Processing file /usr/local/python/3.12.1/lib/python3.12/site-packages/airflow/example_dags/example_dag_decorator.py for tasks to queue
[2026-05-07T00:00:03.866+0000] {logging_mixin.py:188} INFO - [2026-05-07T00:00:03.866+0000] {dagbag.py:545} INFO - Filling up the DagBag from /usr/local/python/3.12.1/lib/python3.12/site-packages/airflow/example_dags/example_dag_decorator.py
[2026-05-07T00:00:03.936+0000] {processor.py:840} INFO - DAG(s) 'example_dag_decorator' retrieved from /usr/local/python/3.12.1/lib/python3.12/site-packages/airflow/example_dags/example_dag_decorator.py
[2026-05-07T00:00:04.015+0000] {logging_mixin.py:188} INFO - [2026-05-07T00:00:04.015+0000] {dag.py:3096} INFO - Sync 1 DAGs
[2026-05-07T00:00:04.023+0000] {logging_mixin.py:188} INFO - [2026-05-07T00:00:04.023+0000] {dag.py:3954} INFO - Setting next_dagrun for example_dag_decorator to None, run_after=None
[2026-05-07T00:00:04.044+0000] {processor.py:183} INFO - Processing /usr/local/python/3.12.1/lib/python3.12/site-packages/airflow/example_dags/example_dag_decorator.py took 0.185 seconds
[2026-05-07T00:00:58.209+0000] {processor.py:161} INFO - Started process (PID=33744) to work on /usr/local/python/3.12.1/lib/python3.12/site-packages/airflow/example_dags/example_dag_decorator.py
[2026-05-07T00:00:58.209+0000] {processor.py:830} INFO - Processing file /usr/local/python/3.12.1/lib/python3.12/site-packages/airflow/example_dags/example_dag_decorator.py for tasks to queue
[2026-05-07T00:00:58.211+0000] {logging_mixin.py:188} INFO - [2026-05-07T00:00:58.210+0000] {dagbag.py:545} INFO - Filling up the DagBag from /usr/local/python/3.12.1/lib/python3.12/site-packages/airflow/example_dags/example_dag_decorator.py
[2026-05-07T00:00:58.288+0000] {processor.py:840} INFO - DAG(s) 'example_dag_decorator' retrieved from /usr/local/python/3.12.1/lib/python3.12/site-packages/airflow/example_dags/example_dag_decorator.py
[2026-05-07T00:00:58.389+0000] {logging_mixin.py:188} INFO - [2026-05-07T00:00:58.389+0000] {dag.py:3096} INFO - Sync 1 DAGs
[2026-05-07T00:00:58.396+0000] {logging_mixin.py:188} INFO - [2026-05-07T00:00:58.396+0000] {dag.py:3954} INFO - Setting next_dagrun for example_dag_decorator to None, run_after=None
[2026-05-07T00:00:58.413+0000] {processor.py:183} INFO - Processing /usr/local/python/3.12.1/lib/python3.12/site-packages/airflow/example_dags/example_dag_decorator.py took 0.209 seconds
[2026-05-07T00:01:58.489+0000] {processor.py:161} INFO - Started process (PID=34038) to work on /usr/local/python/3.12.1/lib/python3.12/site-packages/airflow/example_dags/example_dag_decorator.py
[2026-05-07T00:01:58.490+0000] {processor.py:830} INFO - Processing file /usr/local/python/3.12.1/lib/python3.12/site-packages/airflow/example_dags/example_dag_decorator.py for tasks to queue
[2026-05-07T00:01:58.491+0000] {logging_mixin.py:188} INFO - [2026-05-07T00:01:58.491+0000] {dagbag.py:545} INFO - Filling up the DagBag from /usr/local/python/3.12.1/lib/python3.12/site-packages/airflow/example_dags/example_dag_decorator.py
[2026-05-07T00:01:58.569+0000] {processor.py:840} INFO - DAG(s) 'example_dag_decorator' retrieved from /usr/local/python/3.12.1/lib/python3.12/site-packages/airflow/example_dags/example_dag_decorator.py
[2026-05-07T00:01:58.649+0000] {logging_mixin.py:188} INFO - [2026-05-07T00:01:58.649+0000] {dag.py:3096} INFO - Sync 1 DAGs
[2026-05-07T00:01:58.658+0000] {logging_mixin.py:188} INFO - [2026-05-07T00:01:58.658+0000] {dag.py:3954} INFO - Setting next_dagrun for example_dag_decorator to None, run_after=None
[2026-05-07T00:01:58.679+0000] {processor.py:183} INFO - Processing /usr/local/python/3.12.1/lib/python3.12/site-packages/airflow/example_dags/example_dag_decorator.py took 0.195 seconds
[2026-05-07T00:02:55.326+0000] {processor.py:161} INFO - Started process (PID=34325) to work on /usr/local/python/3.12.1/lib/python3.12/site-packages/airflow/example_dags/example_dag_decorator.py
[2026-05-07T00:02:55.329+0000] {processor.py:830} INFO - Processing file /usr/local/python/3.12.1/lib/python3.12/site-packages/airflow/example_dags/example_dag_decorator.py for tasks to queue
[2026-05-07T00:02:55.332+0000] {logging_mixin.py:188} INFO - [2026-05-07T00:02:55.331+0000] {dagbag.py:545} INFO - Filling up the DagBag from /usr/local/python/3.12.1/lib/python3.12/site-packages/airflow/example_dags/example_dag_decorator.py
[2026-05-07T00:02:55.408+0000] {processor.py:840} INFO - DAG(s) 'example_dag_decorator' retrieved from /usr/local/python/3.12.1/lib/python3.12/site-packages/airflow/example_dags/example_dag_decorator.py
[2026-05-07T00:02:55.492+0000] {logging_mixin.py:188} INFO - [2026-05-07T00:02:55.492+0000] {dag.py:3096} INFO - Sync 1 DAGs
[2026-05-07T00:02:55.499+0000] {logging_mixin.py:188} INFO - [2026-05-07T00:02:55.499+0000] {dag.py:3954} INFO - Setting next_dagrun for example_dag_decorator to None, run_after=None
[2026-05-07T00:02:55.516+0000] {processor.py:183} INFO - Processing /usr/local/python/3.12.1/lib/python3.12/site-packages/airflow/example_dags/example_dag_decorator.py took 0.197 seconds
[2026-05-07T00:03:51.099+0000] {processor.py:161} INFO - Started process (PID=34592) to work on /usr/local/python/3.12.1/lib/python3.12/site-packages/airflow/example_dags/example_dag_decorator.py
[2026-05-07T00:03:51.099+0000] {processor.py:830} INFO - Processing file /usr/local/python/3.12.1/lib/python3.12/site-packages/airflow/example_dags/example_dag_decorator.py for tasks to queue
[2026-05-07T00:03:51.101+0000] {logging_mixin.py:188} INFO - [2026-05-07T00:03:51.100+0000] {dagbag.py:545} INFO - Filling up the DagBag from /usr/local/python/3.12.1/lib/python3.12/site-packages/airflow/example_dags/example_dag_decorator.py
[2026-05-07T00:03:51.176+0000] {processor.py:840} INFO - DAG(s) 'example_dag_decorator' retrieved from /usr/local/python/3.12.1/lib/python3.12/site-packages/airflow/example_dags/example_dag_decorator.py
[2026-05-07T00:03:51.257+0000] {logging_mixin.py:188} INFO - [2026-05-07T00:03:51.256+0000] {dag.py:3096} INFO - Sync 1 DAGs
[2026-05-07T00:03:51.264+0000] {logging_mixin.py:188} INFO - [2026-05-07T00:03:51.263+0000] {dag.py:3954} INFO - Setting next_dagrun for example_dag_decorator to None, run_after=None
[2026-05-07T00:03:51.280+0000] {processor.py:183} INFO - Processing /usr/local/python/3.12.1/lib/python3.12/site-packages/airflow/example_dags/example_dag_decorator.py took 0.187 seconds
[2026-05-07T00:04:48.722+0000] {processor.py:161} INFO - Started process (PID=34876) to work on /usr/local/python/3.12.1/lib/python3.12/site-packages/airflow/example_dags/example_dag_decorator.py
[2026-05-07T00:04:48.723+0000] {processor.py:830} INFO - Processing file /usr/local/python/3.12.1/lib/python3.12/site-packages/airflow/example_dags/example_dag_decorator.py for tasks to queue
[2026-05-07T00:04:48.725+0000] {logging_mixin.py:188} INFO - [2026-05-07T00:04:48.724+0000] {dagbag.py:545} INFO - Filling up the DagBag from /usr/local/python/3.12.1/lib/python3.12/site-packages/airflow/example_dags/example_dag_decorator.py
[2026-05-07T00:04:48.801+0000] {processor.py:840} INFO - DAG(s) 'example_dag_decorator' retrieved from /usr/local/python/3.12.1/lib/python3.12/site-packages/airflow/example_dags/example_dag_decorator.py
[2026-05-07T00:04:48.882+0000] {logging_mixin.py:188} INFO - [2026-05-07T00:04:48.882+0000] {dag.py:3096} INFO - Sync 1 DAGs
[2026-05-07T00:04:48.889+0000] {logging_mixin.py:188} INFO - [2026-05-07T00:04:48.888+0000] {dag.py:3954} INFO - Setting next_dagrun for example_dag_decorator to None, run_after=None
[2026-05-07T00:04:48.905+0000] {processor.py:183} INFO - Processing /usr/local/python/3.12.1/lib/python3.12/site-packages/airflow/example_dags/example_dag_decorator.py took 0.188 seconds
[2026-05-07T00:05:45.356+0000] {processor.py:161} INFO - Started process (PID=35161) to work on /usr/local/python/3.12.1/lib/python3.12/site-packages/airflow/example_dags/example_dag_decorator.py
[2026-05-07T00:05:45.357+0000] {processor.py:830} INFO - Processing file /usr/local/python/3.12.1/lib/python3.12/site-packages/airflow/example_dags/example_dag_decorator.py for tasks to queue
[2026-05-07T00:05:45.359+0000] {logging_mixin.py:188} INFO - [2026-05-07T00:05:45.358+0000] {dagbag.py:545} INFO - Filling up the DagBag from /usr/local/python/3.12.1/lib/python3.12/site-packages/airflow/example_dags/example_dag_decorator.py
[2026-05-07T00:05:45.429+0000] {processor.py:840} INFO - DAG(s) 'example_dag_decorator' retrieved from /usr/local/python/3.12.1/lib/python3.12/site-packages/airflow/example_dags/example_dag_decorator.py
[2026-05-07T00:05:45.533+0000] {logging_mixin.py:188} INFO - [2026-05-07T00:05:45.533+0000] {dag.py:3096} INFO - Sync 1 DAGs
[2026-05-07T00:05:45.549+0000] {logging_mixin.py:188} INFO - [2026-05-07T00:05:45.547+0000] {dag.py:3954} INFO - Setting next_dagrun for example_dag_decorator to None, run_after=None
[2026-05-07T00:05:45.572+0000] {processor.py:183} INFO - Processing /usr/local/python/3.12.1/lib/python3.12/site-packages/airflow/example_dags/example_dag_decorator.py took 0.222 seconds
[2026-05-07T00:06:40.470+0000] {processor.py:161} INFO - Started process (PID=35424) to work on /usr/local/python/3.12.1/lib/python3.12/site-packages/airflow/example_dags/example_dag_decorator.py
[2026-05-07T00:06:40.471+0000] {processor.py:830} INFO - Processing file /usr/local/python/3.12.1/lib/python3.12/site-packages/airflow/example_dags/example_dag_decorator.py for tasks to queue
[2026-05-07T00:06:40.472+0000] {logging_mixin.py:188} INFO - [2026-05-07T00:06:40.472+0000] {dagbag.py:545} INFO - Filling up the DagBag from /usr/local/python/3.12.1/lib/python3.12/site-packages/airflow/example_dags/example_dag_decorator.py
[2026-05-07T00:06:40.542+0000] {processor.py:840} INFO - DAG(s) 'example_dag_decorator' retrieved from /usr/local/python/3.12.1/lib/python3.12/site-packages/airflow/example_dags/example_dag_decorator.py
[2026-05-07T00:06:40.619+0000] {logging_mixin.py:188} INFO - [2026-05-07T00:06:40.619+0000] {dag.py:3096} INFO - Sync 1 DAGs
[2026-05-07T00:06:40.626+0000] {logging_mixin.py:188} INFO - [2026-05-07T00:06:40.626+0000] {dag.py:3954} INFO - Setting next_dagrun for example_dag_decorator to None, run_after=None
[2026-05-07T00:06:40.646+0000] {processor.py:183} INFO - Processing /usr/local/python/3.12.1/lib/python3.12/site-packages/airflow/example_dags/example_dag_decorator.py took 0.181 seconds
[2026-05-07T00:07:34.519+0000] {processor.py:161} INFO - Started process (PID=35686) to work on /usr/local/python/3.12.1/lib/python3.12/site-packages/airflow/example_dags/example_dag_decorator.py
[2026-05-07T00:07:34.520+0000] {processor.py:830} INFO - Processing file /usr/local/python/3.12.1/lib/python3.12/site-packages/airflow/example_dags/example_dag_decorator.py for tasks to queue
[2026-05-07T00:07:34.521+0000] {logging_mixin.py:188} INFO - [2026-05-07T00:07:34.521+0000] {dagbag.py:545} INFO - Filling up the DagBag from /usr/local/python/3.12.1/lib/python3.12/site-packages/airflow/example_dags/example_dag_decorator.py
[2026-05-07T00:07:34.598+0000] {processor.py:840} INFO - DAG(s) 'example_dag_decorator' retrieved from /usr/local/python/3.12.1/lib/python3.12/site-packages/airflow/example_dags/example_dag_decorator.py
[2026-05-07T00:07:34.677+0000] {logging_mixin.py:188} INFO - [2026-05-07T00:07:34.677+0000] {dag.py:3096} INFO - Sync 1 DAGs
[2026-05-07T00:07:34.684+0000] {logging_mixin.py:188} INFO - [2026-05-07T00:07:34.684+0000] {dag.py:3954} INFO - Setting next_dagrun for example_dag_decorator to None, run_after=None
[2026-05-07T00:07:34.701+0000] {processor.py:183} INFO - Processing /usr/local/python/3.12.1/lib/python3.12/site-packages/airflow/example_dags/example_dag_decorator.py took 0.186 seconds
