[2026-05-07T00:00:29.534+0000] {processor.py:161} INFO - Started process (PID=33619) to work on /usr/local/python/3.12.1/lib/python3.12/site-packages/airflow/example_dags/tutorial.py
[2026-05-07T00:00:29.535+0000] {processor.py:830} INFO - Processing file /usr/local/python/3.12.1/lib/python3.12/site-packages/airflow/example_dags/tutorial.py for tasks to queue
[2026-05-07T00:00:29.537+0000] {logging_mixin.py:188} INFO - [2026-05-07T00:00:29.536+0000] {dagbag.py:545} INFO - Filling up the DagBag from /usr/local/python/3.12.1/lib/python3.12/site-packages/airflow/example_dags/tutorial.py
[2026-05-07T00:00:29.543+0000] {processor.py:840} INFO - DAG(s) 'tutorial' retrieved from /usr/local/python/3.12.1/lib/python3.12/site-packages/airflow/example_dags/tutorial.py
[2026-05-07T00:00:29.560+0000] {logging_mixin.py:188} INFO - [2026-05-07T00:00:29.560+0000] {dag.py:3096} INFO - Sync 1 DAGs
[2026-05-07T00:00:29.576+0000] {logging_mixin.py:188} INFO - [2026-05-07T00:00:29.576+0000] {dag.py:3954} INFO - Setting next_dagrun for tutorial to 2026-05-06 00:00:00+00:00, run_after=2026-05-07 00:00:00+00:00
[2026-05-07T00:00:29.594+0000] {processor.py:183} INFO - Processing /usr/local/python/3.12.1/lib/python3.12/site-packages/airflow/example_dags/tutorial.py took 0.065 seconds
[2026-05-07T00:01:05.625+0000] {processor.py:161} INFO - Started process (PID=33783) to work on /usr/local/python/3.12.1/lib/python3.12/site-packages/airflow/example_dags/tutorial.py
[2026-05-07T00:01:05.626+0000] {processor.py:830} INFO - Processing file /usr/local/python/3.12.1/lib/python3.12/site-packages/airflow/example_dags/tutorial.py for tasks to queue
[2026-05-07T00:01:05.627+0000] {logging_mixin.py:188} INFO - [2026-05-07T00:01:05.627+0000] {dagbag.py:545} INFO - Filling up the DagBag from /usr/local/python/3.12.1/lib/python3.12/site-packages/airflow/example_dags/tutorial.py
[2026-05-07T00:01:05.632+0000] {processor.py:840} INFO - DAG(s) 'tutorial' retrieved from /usr/local/python/3.12.1/lib/python3.12/site-packages/airflow/example_dags/tutorial.py
[2026-05-07T00:01:05.647+0000] {logging_mixin.py:188} INFO - [2026-05-07T00:01:05.647+0000] {dag.py:3096} INFO - Sync 1 DAGs
[2026-05-07T00:01:05.667+0000] {logging_mixin.py:188} INFO - [2026-05-07T00:01:05.667+0000] {dag.py:3954} INFO - Setting next_dagrun for tutorial to 2026-05-06 00:00:00+00:00, run_after=2026-05-07 00:00:00+00:00
[2026-05-07T00:01:05.683+0000] {processor.py:183} INFO - Processing /usr/local/python/3.12.1/lib/python3.12/site-packages/airflow/example_dags/tutorial.py took 0.063 seconds
[2026-05-07T00:01:45.624+0000] {processor.py:161} INFO - Started process (PID=33982) to work on /usr/local/python/3.12.1/lib/python3.12/site-packages/airflow/example_dags/tutorial.py
[2026-05-07T00:01:45.625+0000] {processor.py:830} INFO - Processing file /usr/local/python/3.12.1/lib/python3.12/site-packages/airflow/example_dags/tutorial.py for tasks to queue
[2026-05-07T00:01:45.626+0000] {logging_mixin.py:188} INFO - [2026-05-07T00:01:45.626+0000] {dagbag.py:545} INFO - Filling up the DagBag from /usr/local/python/3.12.1/lib/python3.12/site-packages/airflow/example_dags/tutorial.py
[2026-05-07T00:01:45.631+0000] {processor.py:840} INFO - DAG(s) 'tutorial' retrieved from /usr/local/python/3.12.1/lib/python3.12/site-packages/airflow/example_dags/tutorial.py
[2026-05-07T00:01:45.645+0000] {logging_mixin.py:188} INFO - [2026-05-07T00:01:45.645+0000] {dag.py:3096} INFO - Sync 1 DAGs
[2026-05-07T00:01:45.666+0000] {logging_mixin.py:188} INFO - [2026-05-07T00:01:45.665+0000] {dag.py:3954} INFO - Setting next_dagrun for tutorial to 2026-05-06 00:00:00+00:00, run_after=2026-05-07 00:00:00+00:00
[2026-05-07T00:01:45.684+0000] {processor.py:183} INFO - Processing /usr/local/python/3.12.1/lib/python3.12/site-packages/airflow/example_dags/tutorial.py took 0.065 seconds
[2026-05-07T00:02:23.625+0000] {processor.py:161} INFO - Started process (PID=34172) to work on /usr/local/python/3.12.1/lib/python3.12/site-packages/airflow/example_dags/tutorial.py
[2026-05-07T00:02:23.626+0000] {processor.py:830} INFO - Processing file /usr/local/python/3.12.1/lib/python3.12/site-packages/airflow/example_dags/tutorial.py for tasks to queue
[2026-05-07T00:02:23.627+0000] {logging_mixin.py:188} INFO - [2026-05-07T00:02:23.627+0000] {dagbag.py:545} INFO - Filling up the DagBag from /usr/local/python/3.12.1/lib/python3.12/site-packages/airflow/example_dags/tutorial.py
[2026-05-07T00:02:23.632+0000] {processor.py:840} INFO - DAG(s) 'tutorial' retrieved from /usr/local/python/3.12.1/lib/python3.12/site-packages/airflow/example_dags/tutorial.py
[2026-05-07T00:02:23.650+0000] {logging_mixin.py:188} INFO - [2026-05-07T00:02:23.649+0000] {dag.py:3096} INFO - Sync 1 DAGs
[2026-05-07T00:02:23.668+0000] {logging_mixin.py:188} INFO - [2026-05-07T00:02:23.668+0000] {dag.py:3954} INFO - Setting next_dagrun for tutorial to 2026-05-06 00:00:00+00:00, run_after=2026-05-07 00:00:00+00:00
[2026-05-07T00:02:23.685+0000] {processor.py:183} INFO - Processing /usr/local/python/3.12.1/lib/python3.12/site-packages/airflow/example_dags/tutorial.py took 0.065 seconds
[2026-05-07T00:03:01.721+0000] {processor.py:161} INFO - Started process (PID=34364) to work on /usr/local/python/3.12.1/lib/python3.12/site-packages/airflow/example_dags/tutorial.py
[2026-05-07T00:03:01.722+0000] {processor.py:830} INFO - Processing file /usr/local/python/3.12.1/lib/python3.12/site-packages/airflow/example_dags/tutorial.py for tasks to queue
[2026-05-07T00:03:01.724+0000] {logging_mixin.py:188} INFO - [2026-05-07T00:03:01.724+0000] {dagbag.py:545} INFO - Filling up the DagBag from /usr/local/python/3.12.1/lib/python3.12/site-packages/airflow/example_dags/tutorial.py
[2026-05-07T00:03:01.732+0000] {processor.py:840} INFO - DAG(s) 'tutorial' retrieved from /usr/local/python/3.12.1/lib/python3.12/site-packages/airflow/example_dags/tutorial.py
[2026-05-07T00:03:01.753+0000] {logging_mixin.py:188} INFO - [2026-05-07T00:03:01.752+0000] {dag.py:3096} INFO - Sync 1 DAGs
[2026-05-07T00:03:01.778+0000] {logging_mixin.py:188} INFO - [2026-05-07T00:03:01.778+0000] {dag.py:3954} INFO - Setting next_dagrun for tutorial to 2026-05-06 00:00:00+00:00, run_after=2026-05-07 00:00:00+00:00
[2026-05-07T00:03:01.808+0000] {processor.py:183} INFO - Processing /usr/local/python/3.12.1/lib/python3.12/site-packages/airflow/example_dags/tutorial.py took 0.094 seconds
[2026-05-07T00:03:39.295+0000] {processor.py:161} INFO - Started process (PID=34538) to work on /usr/local/python/3.12.1/lib/python3.12/site-packages/airflow/example_dags/tutorial.py
[2026-05-07T00:03:39.296+0000] {processor.py:830} INFO - Processing file /usr/local/python/3.12.1/lib/python3.12/site-packages/airflow/example_dags/tutorial.py for tasks to queue
[2026-05-07T00:03:39.298+0000] {logging_mixin.py:188} INFO - [2026-05-07T00:03:39.297+0000] {dagbag.py:545} INFO - Filling up the DagBag from /usr/local/python/3.12.1/lib/python3.12/site-packages/airflow/example_dags/tutorial.py
[2026-05-07T00:03:39.303+0000] {processor.py:840} INFO - DAG(s) 'tutorial' retrieved from /usr/local/python/3.12.1/lib/python3.12/site-packages/airflow/example_dags/tutorial.py
[2026-05-07T00:03:39.316+0000] {logging_mixin.py:188} INFO - [2026-05-07T00:03:39.316+0000] {dag.py:3096} INFO - Sync 1 DAGs
[2026-05-07T00:03:39.332+0000] {logging_mixin.py:188} INFO - [2026-05-07T00:03:39.332+0000] {dag.py:3954} INFO - Setting next_dagrun for tutorial to 2026-05-06 00:00:00+00:00, run_after=2026-05-07 00:00:00+00:00
[2026-05-07T00:03:39.352+0000] {processor.py:183} INFO - Processing /usr/local/python/3.12.1/lib/python3.12/site-packages/airflow/example_dags/tutorial.py took 0.062 seconds
[2026-05-07T00:04:17.889+0000] {processor.py:161} INFO - Started process (PID=34730) to work on /usr/local/python/3.12.1/lib/python3.12/site-packages/airflow/example_dags/tutorial.py
[2026-05-07T00:04:17.889+0000] {processor.py:830} INFO - Processing file /usr/local/python/3.12.1/lib/python3.12/site-packages/airflow/example_dags/tutorial.py for tasks to queue
[2026-05-07T00:04:17.891+0000] {logging_mixin.py:188} INFO - [2026-05-07T00:04:17.890+0000] {dagbag.py:545} INFO - Filling up the DagBag from /usr/local/python/3.12.1/lib/python3.12/site-packages/airflow/example_dags/tutorial.py
[2026-05-07T00:04:17.896+0000] {processor.py:840} INFO - DAG(s) 'tutorial' retrieved from /usr/local/python/3.12.1/lib/python3.12/site-packages/airflow/example_dags/tutorial.py
[2026-05-07T00:04:17.909+0000] {logging_mixin.py:188} INFO - [2026-05-07T00:04:17.909+0000] {dag.py:3096} INFO - Sync 1 DAGs
[2026-05-07T00:04:17.925+0000] {logging_mixin.py:188} INFO - [2026-05-07T00:04:17.924+0000] {dag.py:3954} INFO - Setting next_dagrun for tutorial to 2026-05-06 00:00:00+00:00, run_after=2026-05-07 00:00:00+00:00
[2026-05-07T00:04:17.944+0000] {processor.py:183} INFO - Processing /usr/local/python/3.12.1/lib/python3.12/site-packages/airflow/example_dags/tutorial.py took 0.060 seconds
[2026-05-07T00:04:56.110+0000] {processor.py:161} INFO - Started process (PID=34920) to work on /usr/local/python/3.12.1/lib/python3.12/site-packages/airflow/example_dags/tutorial.py
[2026-05-07T00:04:56.111+0000] {processor.py:830} INFO - Processing file /usr/local/python/3.12.1/lib/python3.12/site-packages/airflow/example_dags/tutorial.py for tasks to queue
[2026-05-07T00:04:56.112+0000] {logging_mixin.py:188} INFO - [2026-05-07T00:04:56.112+0000] {dagbag.py:545} INFO - Filling up the DagBag from /usr/local/python/3.12.1/lib/python3.12/site-packages/airflow/example_dags/tutorial.py
[2026-05-07T00:04:56.117+0000] {processor.py:840} INFO - DAG(s) 'tutorial' retrieved from /usr/local/python/3.12.1/lib/python3.12/site-packages/airflow/example_dags/tutorial.py
[2026-05-07T00:04:56.133+0000] {logging_mixin.py:188} INFO - [2026-05-07T00:04:56.133+0000] {dag.py:3096} INFO - Sync 1 DAGs
[2026-05-07T00:04:56.154+0000] {logging_mixin.py:188} INFO - [2026-05-07T00:04:56.154+0000] {dag.py:3954} INFO - Setting next_dagrun for tutorial to 2026-05-06 00:00:00+00:00, run_after=2026-05-07 00:00:00+00:00
[2026-05-07T00:04:56.171+0000] {processor.py:183} INFO - Processing /usr/local/python/3.12.1/lib/python3.12/site-packages/airflow/example_dags/tutorial.py took 0.066 seconds
[2026-05-07T00:05:34.660+0000] {processor.py:161} INFO - Started process (PID=35109) to work on /usr/local/python/3.12.1/lib/python3.12/site-packages/airflow/example_dags/tutorial.py
[2026-05-07T00:05:34.660+0000] {processor.py:830} INFO - Processing file /usr/local/python/3.12.1/lib/python3.12/site-packages/airflow/example_dags/tutorial.py for tasks to queue
[2026-05-07T00:05:34.662+0000] {logging_mixin.py:188} INFO - [2026-05-07T00:05:34.661+0000] {dagbag.py:545} INFO - Filling up the DagBag from /usr/local/python/3.12.1/lib/python3.12/site-packages/airflow/example_dags/tutorial.py
[2026-05-07T00:05:34.667+0000] {processor.py:840} INFO - DAG(s) 'tutorial' retrieved from /usr/local/python/3.12.1/lib/python3.12/site-packages/airflow/example_dags/tutorial.py
[2026-05-07T00:05:34.680+0000] {logging_mixin.py:188} INFO - [2026-05-07T00:05:34.680+0000] {dag.py:3096} INFO - Sync 1 DAGs
[2026-05-07T00:05:34.696+0000] {logging_mixin.py:188} INFO - [2026-05-07T00:05:34.696+0000] {dag.py:3954} INFO - Setting next_dagrun for tutorial to 2026-05-06 00:00:00+00:00, run_after=2026-05-07 00:00:00+00:00
[2026-05-07T00:05:34.713+0000] {processor.py:183} INFO - Processing /usr/local/python/3.12.1/lib/python3.12/site-packages/airflow/example_dags/tutorial.py took 0.059 seconds
[2026-05-07T00:06:09.622+0000] {processor.py:161} INFO - Started process (PID=35269) to work on /usr/local/python/3.12.1/lib/python3.12/site-packages/airflow/example_dags/tutorial.py
[2026-05-07T00:06:09.623+0000] {processor.py:830} INFO - Processing file /usr/local/python/3.12.1/lib/python3.12/site-packages/airflow/example_dags/tutorial.py for tasks to queue
[2026-05-07T00:06:09.625+0000] {logging_mixin.py:188} INFO - [2026-05-07T00:06:09.624+0000] {dagbag.py:545} INFO - Filling up the DagBag from /usr/local/python/3.12.1/lib/python3.12/site-packages/airflow/example_dags/tutorial.py
[2026-05-07T00:06:09.630+0000] {processor.py:840} INFO - DAG(s) 'tutorial' retrieved from /usr/local/python/3.12.1/lib/python3.12/site-packages/airflow/example_dags/tutorial.py
[2026-05-07T00:06:09.645+0000] {logging_mixin.py:188} INFO - [2026-05-07T00:06:09.645+0000] {dag.py:3096} INFO - Sync 1 DAGs
[2026-05-07T00:06:09.663+0000] {logging_mixin.py:188} INFO - [2026-05-07T00:06:09.663+0000] {dag.py:3954} INFO - Setting next_dagrun for tutorial to 2026-05-06 00:00:00+00:00, run_after=2026-05-07 00:00:00+00:00
[2026-05-07T00:06:09.679+0000] {processor.py:183} INFO - Processing /usr/local/python/3.12.1/lib/python3.12/site-packages/airflow/example_dags/tutorial.py took 0.062 seconds
[2026-05-07T00:06:47.212+0000] {processor.py:161} INFO - Started process (PID=35461) to work on /usr/local/python/3.12.1/lib/python3.12/site-packages/airflow/example_dags/tutorial.py
[2026-05-07T00:06:47.213+0000] {processor.py:830} INFO - Processing file /usr/local/python/3.12.1/lib/python3.12/site-packages/airflow/example_dags/tutorial.py for tasks to queue
[2026-05-07T00:06:47.214+0000] {logging_mixin.py:188} INFO - [2026-05-07T00:06:47.214+0000] {dagbag.py:545} INFO - Filling up the DagBag from /usr/local/python/3.12.1/lib/python3.12/site-packages/airflow/example_dags/tutorial.py
[2026-05-07T00:06:47.220+0000] {processor.py:840} INFO - DAG(s) 'tutorial' retrieved from /usr/local/python/3.12.1/lib/python3.12/site-packages/airflow/example_dags/tutorial.py
[2026-05-07T00:06:47.233+0000] {logging_mixin.py:188} INFO - [2026-05-07T00:06:47.233+0000] {dag.py:3096} INFO - Sync 1 DAGs
[2026-05-07T00:06:47.254+0000] {logging_mixin.py:188} INFO - [2026-05-07T00:06:47.253+0000] {dag.py:3954} INFO - Setting next_dagrun for tutorial to 2026-05-06 00:00:00+00:00, run_after=2026-05-07 00:00:00+00:00
[2026-05-07T00:06:47.272+0000] {processor.py:183} INFO - Processing /usr/local/python/3.12.1/lib/python3.12/site-packages/airflow/example_dags/tutorial.py took 0.065 seconds
[2026-05-07T00:07:24.342+0000] {processor.py:161} INFO - Started process (PID=35634) to work on /usr/local/python/3.12.1/lib/python3.12/site-packages/airflow/example_dags/tutorial.py
[2026-05-07T00:07:24.343+0000] {processor.py:830} INFO - Processing file /usr/local/python/3.12.1/lib/python3.12/site-packages/airflow/example_dags/tutorial.py for tasks to queue
[2026-05-07T00:07:24.344+0000] {logging_mixin.py:188} INFO - [2026-05-07T00:07:24.344+0000] {dagbag.py:545} INFO - Filling up the DagBag from /usr/local/python/3.12.1/lib/python3.12/site-packages/airflow/example_dags/tutorial.py
[2026-05-07T00:07:24.351+0000] {processor.py:840} INFO - DAG(s) 'tutorial' retrieved from /usr/local/python/3.12.1/lib/python3.12/site-packages/airflow/example_dags/tutorial.py
[2026-05-07T00:07:24.367+0000] {logging_mixin.py:188} INFO - [2026-05-07T00:07:24.367+0000] {dag.py:3096} INFO - Sync 1 DAGs
[2026-05-07T00:07:24.386+0000] {logging_mixin.py:188} INFO - [2026-05-07T00:07:24.385+0000] {dag.py:3954} INFO - Setting next_dagrun for tutorial to 2026-05-06 00:00:00+00:00, run_after=2026-05-07 00:00:00+00:00
[2026-05-07T00:07:24.403+0000] {processor.py:183} INFO - Processing /usr/local/python/3.12.1/lib/python3.12/site-packages/airflow/example_dags/tutorial.py took 0.068 seconds
