[2026-05-07T00:00:14.147+0000] {processor.py:161} INFO - Started process (PID=33533) to work on /usr/local/python/3.12.1/lib/python3.12/site-packages/airflow/example_dags/tutorial_dag.py
[2026-05-07T00:00:14.148+0000] {processor.py:830} INFO - Processing file /usr/local/python/3.12.1/lib/python3.12/site-packages/airflow/example_dags/tutorial_dag.py for tasks to queue
[2026-05-07T00:00:14.150+0000] {logging_mixin.py:188} INFO - [2026-05-07T00:00:14.150+0000] {dagbag.py:545} INFO - Filling up the DagBag from /usr/local/python/3.12.1/lib/python3.12/site-packages/airflow/example_dags/tutorial_dag.py
[2026-05-07T00:00:14.156+0000] {processor.py:840} INFO - DAG(s) 'tutorial_dag' retrieved from /usr/local/python/3.12.1/lib/python3.12/site-packages/airflow/example_dags/tutorial_dag.py
[2026-05-07T00:00:14.170+0000] {logging_mixin.py:188} INFO - [2026-05-07T00:00:14.170+0000] {dag.py:3096} INFO - Sync 1 DAGs
[2026-05-07T00:00:14.181+0000] {logging_mixin.py:188} INFO - [2026-05-07T00:00:14.181+0000] {dag.py:3954} INFO - Setting next_dagrun for tutorial_dag to None, run_after=None
[2026-05-07T00:00:14.199+0000] {processor.py:183} INFO - Processing /usr/local/python/3.12.1/lib/python3.12/site-packages/airflow/example_dags/tutorial_dag.py took 0.058 seconds
[2026-05-07T00:00:51.929+0000] {processor.py:161} INFO - Started process (PID=33725) to work on /usr/local/python/3.12.1/lib/python3.12/site-packages/airflow/example_dags/tutorial_dag.py
[2026-05-07T00:00:51.930+0000] {processor.py:830} INFO - Processing file /usr/local/python/3.12.1/lib/python3.12/site-packages/airflow/example_dags/tutorial_dag.py for tasks to queue
[2026-05-07T00:00:51.931+0000] {logging_mixin.py:188} INFO - [2026-05-07T00:00:51.931+0000] {dagbag.py:545} INFO - Filling up the DagBag from /usr/local/python/3.12.1/lib/python3.12/site-packages/airflow/example_dags/tutorial_dag.py
[2026-05-07T00:00:51.936+0000] {processor.py:840} INFO - DAG(s) 'tutorial_dag' retrieved from /usr/local/python/3.12.1/lib/python3.12/site-packages/airflow/example_dags/tutorial_dag.py
[2026-05-07T00:00:51.953+0000] {logging_mixin.py:188} INFO - [2026-05-07T00:00:51.953+0000] {dag.py:3096} INFO - Sync 1 DAGs
[2026-05-07T00:00:51.965+0000] {logging_mixin.py:188} INFO - [2026-05-07T00:00:51.964+0000] {dag.py:3954} INFO - Setting next_dagrun for tutorial_dag to None, run_after=None
[2026-05-07T00:00:51.983+0000] {processor.py:183} INFO - Processing /usr/local/python/3.12.1/lib/python3.12/site-packages/airflow/example_dags/tutorial_dag.py took 0.059 seconds
[2026-05-07T00:01:48.493+0000] {processor.py:161} INFO - Started process (PID=33989) to work on /usr/local/python/3.12.1/lib/python3.12/site-packages/airflow/example_dags/tutorial_dag.py
[2026-05-07T00:01:48.494+0000] {processor.py:830} INFO - Processing file /usr/local/python/3.12.1/lib/python3.12/site-packages/airflow/example_dags/tutorial_dag.py for tasks to queue
[2026-05-07T00:01:48.496+0000] {logging_mixin.py:188} INFO - [2026-05-07T00:01:48.495+0000] {dagbag.py:545} INFO - Filling up the DagBag from /usr/local/python/3.12.1/lib/python3.12/site-packages/airflow/example_dags/tutorial_dag.py
[2026-05-07T00:01:48.501+0000] {processor.py:840} INFO - DAG(s) 'tutorial_dag' retrieved from /usr/local/python/3.12.1/lib/python3.12/site-packages/airflow/example_dags/tutorial_dag.py
[2026-05-07T00:01:48.515+0000] {logging_mixin.py:188} INFO - [2026-05-07T00:01:48.515+0000] {dag.py:3096} INFO - Sync 1 DAGs
[2026-05-07T00:01:48.525+0000] {logging_mixin.py:188} INFO - [2026-05-07T00:01:48.524+0000] {dag.py:3954} INFO - Setting next_dagrun for tutorial_dag to None, run_after=None
[2026-05-07T00:01:48.545+0000] {processor.py:183} INFO - Processing /usr/local/python/3.12.1/lib/python3.12/site-packages/airflow/example_dags/tutorial_dag.py took 0.056 seconds
[2026-05-07T00:02:27.564+0000] {processor.py:161} INFO - Started process (PID=34180) to work on /usr/local/python/3.12.1/lib/python3.12/site-packages/airflow/example_dags/tutorial_dag.py
[2026-05-07T00:02:27.565+0000] {processor.py:830} INFO - Processing file /usr/local/python/3.12.1/lib/python3.12/site-packages/airflow/example_dags/tutorial_dag.py for tasks to queue
[2026-05-07T00:02:27.566+0000] {logging_mixin.py:188} INFO - [2026-05-07T00:02:27.566+0000] {dagbag.py:545} INFO - Filling up the DagBag from /usr/local/python/3.12.1/lib/python3.12/site-packages/airflow/example_dags/tutorial_dag.py
[2026-05-07T00:02:27.571+0000] {processor.py:840} INFO - DAG(s) 'tutorial_dag' retrieved from /usr/local/python/3.12.1/lib/python3.12/site-packages/airflow/example_dags/tutorial_dag.py
[2026-05-07T00:02:27.585+0000] {logging_mixin.py:188} INFO - [2026-05-07T00:02:27.585+0000] {dag.py:3096} INFO - Sync 1 DAGs
[2026-05-07T00:02:27.595+0000] {logging_mixin.py:188} INFO - [2026-05-07T00:02:27.595+0000] {dag.py:3954} INFO - Setting next_dagrun for tutorial_dag to None, run_after=None
[2026-05-07T00:02:27.614+0000] {processor.py:183} INFO - Processing /usr/local/python/3.12.1/lib/python3.12/site-packages/airflow/example_dags/tutorial_dag.py took 0.055 seconds
[2026-05-07T00:03:05.715+0000] {processor.py:161} INFO - Started process (PID=34372) to work on /usr/local/python/3.12.1/lib/python3.12/site-packages/airflow/example_dags/tutorial_dag.py
[2026-05-07T00:03:05.716+0000] {processor.py:830} INFO - Processing file /usr/local/python/3.12.1/lib/python3.12/site-packages/airflow/example_dags/tutorial_dag.py for tasks to queue
[2026-05-07T00:03:05.717+0000] {logging_mixin.py:188} INFO - [2026-05-07T00:03:05.717+0000] {dagbag.py:545} INFO - Filling up the DagBag from /usr/local/python/3.12.1/lib/python3.12/site-packages/airflow/example_dags/tutorial_dag.py
[2026-05-07T00:03:05.722+0000] {processor.py:840} INFO - DAG(s) 'tutorial_dag' retrieved from /usr/local/python/3.12.1/lib/python3.12/site-packages/airflow/example_dags/tutorial_dag.py
[2026-05-07T00:03:05.736+0000] {logging_mixin.py:188} INFO - [2026-05-07T00:03:05.735+0000] {dag.py:3096} INFO - Sync 1 DAGs
[2026-05-07T00:03:05.748+0000] {logging_mixin.py:188} INFO - [2026-05-07T00:03:05.748+0000] {dag.py:3954} INFO - Setting next_dagrun for tutorial_dag to None, run_after=None
[2026-05-07T00:03:05.767+0000] {processor.py:183} INFO - Processing /usr/local/python/3.12.1/lib/python3.12/site-packages/airflow/example_dags/tutorial_dag.py took 0.057 seconds
[2026-05-07T00:03:42.963+0000] {processor.py:161} INFO - Started process (PID=34564) to work on /usr/local/python/3.12.1/lib/python3.12/site-packages/airflow/example_dags/tutorial_dag.py
[2026-05-07T00:03:42.964+0000] {processor.py:830} INFO - Processing file /usr/local/python/3.12.1/lib/python3.12/site-packages/airflow/example_dags/tutorial_dag.py for tasks to queue
[2026-05-07T00:03:42.966+0000] {logging_mixin.py:188} INFO - [2026-05-07T00:03:42.965+0000] {dagbag.py:545} INFO - Filling up the DagBag from /usr/local/python/3.12.1/lib/python3.12/site-packages/airflow/example_dags/tutorial_dag.py
[2026-05-07T00:03:42.971+0000] {processor.py:840} INFO - DAG(s) 'tutorial_dag' retrieved from /usr/local/python/3.12.1/lib/python3.12/site-packages/airflow/example_dags/tutorial_dag.py
[2026-05-07T00:03:42.984+0000] {logging_mixin.py:188} INFO - [2026-05-07T00:03:42.984+0000] {dag.py:3096} INFO - Sync 1 DAGs
[2026-05-07T00:03:42.993+0000] {logging_mixin.py:188} INFO - [2026-05-07T00:03:42.993+0000] {dag.py:3954} INFO - Setting next_dagrun for tutorial_dag to None, run_after=None
[2026-05-07T00:03:43.010+0000] {processor.py:183} INFO - Processing /usr/local/python/3.12.1/lib/python3.12/site-packages/airflow/example_dags/tutorial_dag.py took 0.052 seconds
[2026-05-07T00:04:21.507+0000] {processor.py:161} INFO - Started process (PID=34737) to work on /usr/local/python/3.12.1/lib/python3.12/site-packages/airflow/example_dags/tutorial_dag.py
[2026-05-07T00:04:21.508+0000] {processor.py:830} INFO - Processing file /usr/local/python/3.12.1/lib/python3.12/site-packages/airflow/example_dags/tutorial_dag.py for tasks to queue
[2026-05-07T00:04:21.509+0000] {logging_mixin.py:188} INFO - [2026-05-07T00:04:21.509+0000] {dagbag.py:545} INFO - Filling up the DagBag from /usr/local/python/3.12.1/lib/python3.12/site-packages/airflow/example_dags/tutorial_dag.py
[2026-05-07T00:04:21.515+0000] {processor.py:840} INFO - DAG(s) 'tutorial_dag' retrieved from /usr/local/python/3.12.1/lib/python3.12/site-packages/airflow/example_dags/tutorial_dag.py
[2026-05-07T00:04:21.528+0000] {logging_mixin.py:188} INFO - [2026-05-07T00:04:21.527+0000] {dag.py:3096} INFO - Sync 1 DAGs
[2026-05-07T00:04:21.538+0000] {logging_mixin.py:188} INFO - [2026-05-07T00:04:21.537+0000] {dag.py:3954} INFO - Setting next_dagrun for tutorial_dag to None, run_after=None
[2026-05-07T00:04:21.560+0000] {processor.py:183} INFO - Processing /usr/local/python/3.12.1/lib/python3.12/site-packages/airflow/example_dags/tutorial_dag.py took 0.058 seconds
[2026-05-07T00:04:59.720+0000] {processor.py:161} INFO - Started process (PID=34927) to work on /usr/local/python/3.12.1/lib/python3.12/site-packages/airflow/example_dags/tutorial_dag.py
[2026-05-07T00:04:59.721+0000] {processor.py:830} INFO - Processing file /usr/local/python/3.12.1/lib/python3.12/site-packages/airflow/example_dags/tutorial_dag.py for tasks to queue
[2026-05-07T00:04:59.722+0000] {logging_mixin.py:188} INFO - [2026-05-07T00:04:59.722+0000] {dagbag.py:545} INFO - Filling up the DagBag from /usr/local/python/3.12.1/lib/python3.12/site-packages/airflow/example_dags/tutorial_dag.py
[2026-05-07T00:04:59.728+0000] {processor.py:840} INFO - DAG(s) 'tutorial_dag' retrieved from /usr/local/python/3.12.1/lib/python3.12/site-packages/airflow/example_dags/tutorial_dag.py
[2026-05-07T00:04:59.743+0000] {logging_mixin.py:188} INFO - [2026-05-07T00:04:59.743+0000] {dag.py:3096} INFO - Sync 1 DAGs
[2026-05-07T00:04:59.756+0000] {logging_mixin.py:188} INFO - [2026-05-07T00:04:59.756+0000] {dag.py:3954} INFO - Setting next_dagrun for tutorial_dag to None, run_after=None
[2026-05-07T00:04:59.772+0000] {processor.py:183} INFO - Processing /usr/local/python/3.12.1/lib/python3.12/site-packages/airflow/example_dags/tutorial_dag.py took 0.057 seconds
[2026-05-07T00:05:38.484+0000] {processor.py:161} INFO - Started process (PID=35117) to work on /usr/local/python/3.12.1/lib/python3.12/site-packages/airflow/example_dags/tutorial_dag.py
[2026-05-07T00:05:38.485+0000] {processor.py:830} INFO - Processing file /usr/local/python/3.12.1/lib/python3.12/site-packages/airflow/example_dags/tutorial_dag.py for tasks to queue
[2026-05-07T00:05:38.486+0000] {logging_mixin.py:188} INFO - [2026-05-07T00:05:38.486+0000] {dagbag.py:545} INFO - Filling up the DagBag from /usr/local/python/3.12.1/lib/python3.12/site-packages/airflow/example_dags/tutorial_dag.py
[2026-05-07T00:05:38.491+0000] {processor.py:840} INFO - DAG(s) 'tutorial_dag' retrieved from /usr/local/python/3.12.1/lib/python3.12/site-packages/airflow/example_dags/tutorial_dag.py
[2026-05-07T00:05:38.504+0000] {logging_mixin.py:188} INFO - [2026-05-07T00:05:38.504+0000] {dag.py:3096} INFO - Sync 1 DAGs
[2026-05-07T00:05:38.514+0000] {logging_mixin.py:188} INFO - [2026-05-07T00:05:38.514+0000] {dag.py:3954} INFO - Setting next_dagrun for tutorial_dag to None, run_after=None
[2026-05-07T00:05:38.532+0000] {processor.py:183} INFO - Processing /usr/local/python/3.12.1/lib/python3.12/site-packages/airflow/example_dags/tutorial_dag.py took 0.052 seconds
[2026-05-07T00:06:31.919+0000] {processor.py:161} INFO - Started process (PID=35378) to work on /usr/local/python/3.12.1/lib/python3.12/site-packages/airflow/example_dags/tutorial_dag.py
[2026-05-07T00:06:31.920+0000] {processor.py:830} INFO - Processing file /usr/local/python/3.12.1/lib/python3.12/site-packages/airflow/example_dags/tutorial_dag.py for tasks to queue
[2026-05-07T00:06:31.922+0000] {logging_mixin.py:188} INFO - [2026-05-07T00:06:31.921+0000] {dagbag.py:545} INFO - Filling up the DagBag from /usr/local/python/3.12.1/lib/python3.12/site-packages/airflow/example_dags/tutorial_dag.py
[2026-05-07T00:06:31.927+0000] {processor.py:840} INFO - DAG(s) 'tutorial_dag' retrieved from /usr/local/python/3.12.1/lib/python3.12/site-packages/airflow/example_dags/tutorial_dag.py
[2026-05-07T00:06:31.940+0000] {logging_mixin.py:188} INFO - [2026-05-07T00:06:31.940+0000] {dag.py:3096} INFO - Sync 1 DAGs
[2026-05-07T00:06:31.951+0000] {logging_mixin.py:188} INFO - [2026-05-07T00:06:31.951+0000] {dag.py:3954} INFO - Setting next_dagrun for tutorial_dag to None, run_after=None
[2026-05-07T00:06:31.978+0000] {processor.py:183} INFO - Processing /usr/local/python/3.12.1/lib/python3.12/site-packages/airflow/example_dags/tutorial_dag.py took 0.064 seconds
[2026-05-07T00:07:25.785+0000] {processor.py:161} INFO - Started process (PID=35656) to work on /usr/local/python/3.12.1/lib/python3.12/site-packages/airflow/example_dags/tutorial_dag.py
[2026-05-07T00:07:25.785+0000] {processor.py:830} INFO - Processing file /usr/local/python/3.12.1/lib/python3.12/site-packages/airflow/example_dags/tutorial_dag.py for tasks to queue
[2026-05-07T00:07:25.787+0000] {logging_mixin.py:188} INFO - [2026-05-07T00:07:25.786+0000] {dagbag.py:545} INFO - Filling up the DagBag from /usr/local/python/3.12.1/lib/python3.12/site-packages/airflow/example_dags/tutorial_dag.py
[2026-05-07T00:07:25.791+0000] {processor.py:840} INFO - DAG(s) 'tutorial_dag' retrieved from /usr/local/python/3.12.1/lib/python3.12/site-packages/airflow/example_dags/tutorial_dag.py
[2026-05-07T00:07:25.805+0000] {logging_mixin.py:188} INFO - [2026-05-07T00:07:25.805+0000] {dag.py:3096} INFO - Sync 1 DAGs
[2026-05-07T00:07:25.814+0000] {logging_mixin.py:188} INFO - [2026-05-07T00:07:25.814+0000] {dag.py:3954} INFO - Setting next_dagrun for tutorial_dag to None, run_after=None
[2026-05-07T00:07:25.830+0000] {processor.py:183} INFO - Processing /usr/local/python/3.12.1/lib/python3.12/site-packages/airflow/example_dags/tutorial_dag.py took 0.051 seconds
