[2026-05-07T00:00:07.102+0000] {processor.py:161} INFO - Started process (PID=33495) to work on /usr/local/python/3.12.1/lib/python3.12/site-packages/airflow/example_dags/tutorial_taskflow_api.py
[2026-05-07T00:00:07.103+0000] {processor.py:830} INFO - Processing file /usr/local/python/3.12.1/lib/python3.12/site-packages/airflow/example_dags/tutorial_taskflow_api.py for tasks to queue
[2026-05-07T00:00:07.104+0000] {logging_mixin.py:188} INFO - [2026-05-07T00:00:07.104+0000] {dagbag.py:545} INFO - Filling up the DagBag from /usr/local/python/3.12.1/lib/python3.12/site-packages/airflow/example_dags/tutorial_taskflow_api.py
[2026-05-07T00:00:07.109+0000] {processor.py:840} INFO - DAG(s) 'tutorial_taskflow_api' retrieved from /usr/local/python/3.12.1/lib/python3.12/site-packages/airflow/example_dags/tutorial_taskflow_api.py
[2026-05-07T00:00:07.123+0000] {logging_mixin.py:188} INFO - [2026-05-07T00:00:07.123+0000] {dag.py:3096} INFO - Sync 1 DAGs
[2026-05-07T00:00:07.134+0000] {logging_mixin.py:188} INFO - [2026-05-07T00:00:07.133+0000] {dag.py:3954} INFO - Setting next_dagrun for tutorial_taskflow_api to None, run_after=None
[2026-05-07T00:00:07.156+0000] {processor.py:183} INFO - Processing /usr/local/python/3.12.1/lib/python3.12/site-packages/airflow/example_dags/tutorial_taskflow_api.py took 0.059 seconds
[2026-05-07T00:00:46.196+0000] {processor.py:161} INFO - Started process (PID=33688) to work on /usr/local/python/3.12.1/lib/python3.12/site-packages/airflow/example_dags/tutorial_taskflow_api.py
[2026-05-07T00:00:46.196+0000] {processor.py:830} INFO - Processing file /usr/local/python/3.12.1/lib/python3.12/site-packages/airflow/example_dags/tutorial_taskflow_api.py for tasks to queue
[2026-05-07T00:00:46.198+0000] {logging_mixin.py:188} INFO - [2026-05-07T00:00:46.197+0000] {dagbag.py:545} INFO - Filling up the DagBag from /usr/local/python/3.12.1/lib/python3.12/site-packages/airflow/example_dags/tutorial_taskflow_api.py
[2026-05-07T00:00:46.203+0000] {processor.py:840} INFO - DAG(s) 'tutorial_taskflow_api' retrieved from /usr/local/python/3.12.1/lib/python3.12/site-packages/airflow/example_dags/tutorial_taskflow_api.py
[2026-05-07T00:00:46.216+0000] {logging_mixin.py:188} INFO - [2026-05-07T00:00:46.216+0000] {dag.py:3096} INFO - Sync 1 DAGs
[2026-05-07T00:00:46.226+0000] {logging_mixin.py:188} INFO - [2026-05-07T00:00:46.225+0000] {dag.py:3954} INFO - Setting next_dagrun for tutorial_taskflow_api to None, run_after=None
[2026-05-07T00:00:46.247+0000] {processor.py:183} INFO - Processing /usr/local/python/3.12.1/lib/python3.12/site-packages/airflow/example_dags/tutorial_taskflow_api.py took 0.057 seconds
[2026-05-07T00:01:22.164+0000] {processor.py:161} INFO - Started process (PID=33868) to work on /usr/local/python/3.12.1/lib/python3.12/site-packages/airflow/example_dags/tutorial_taskflow_api.py
[2026-05-07T00:01:22.165+0000] {processor.py:830} INFO - Processing file /usr/local/python/3.12.1/lib/python3.12/site-packages/airflow/example_dags/tutorial_taskflow_api.py for tasks to queue
[2026-05-07T00:01:22.166+0000] {logging_mixin.py:188} INFO - [2026-05-07T00:01:22.166+0000] {dagbag.py:545} INFO - Filling up the DagBag from /usr/local/python/3.12.1/lib/python3.12/site-packages/airflow/example_dags/tutorial_taskflow_api.py
[2026-05-07T00:01:22.172+0000] {processor.py:840} INFO - DAG(s) 'tutorial_taskflow_api' retrieved from /usr/local/python/3.12.1/lib/python3.12/site-packages/airflow/example_dags/tutorial_taskflow_api.py
[2026-05-07T00:01:22.186+0000] {logging_mixin.py:188} INFO - [2026-05-07T00:01:22.186+0000] {dag.py:3096} INFO - Sync 1 DAGs
[2026-05-07T00:01:22.195+0000] {logging_mixin.py:188} INFO - [2026-05-07T00:01:22.195+0000] {dag.py:3954} INFO - Setting next_dagrun for tutorial_taskflow_api to None, run_after=None
[2026-05-07T00:01:22.214+0000] {processor.py:183} INFO - Processing /usr/local/python/3.12.1/lib/python3.12/site-packages/airflow/example_dags/tutorial_taskflow_api.py took 0.055 seconds
[2026-05-07T00:02:02.197+0000] {processor.py:161} INFO - Started process (PID=34068) to work on /usr/local/python/3.12.1/lib/python3.12/site-packages/airflow/example_dags/tutorial_taskflow_api.py
[2026-05-07T00:02:02.197+0000] {processor.py:830} INFO - Processing file /usr/local/python/3.12.1/lib/python3.12/site-packages/airflow/example_dags/tutorial_taskflow_api.py for tasks to queue
[2026-05-07T00:02:02.199+0000] {logging_mixin.py:188} INFO - [2026-05-07T00:02:02.198+0000] {dagbag.py:545} INFO - Filling up the DagBag from /usr/local/python/3.12.1/lib/python3.12/site-packages/airflow/example_dags/tutorial_taskflow_api.py
[2026-05-07T00:02:02.204+0000] {processor.py:840} INFO - DAG(s) 'tutorial_taskflow_api' retrieved from /usr/local/python/3.12.1/lib/python3.12/site-packages/airflow/example_dags/tutorial_taskflow_api.py
[2026-05-07T00:02:02.218+0000] {logging_mixin.py:188} INFO - [2026-05-07T00:02:02.218+0000] {dag.py:3096} INFO - Sync 1 DAGs
[2026-05-07T00:02:02.227+0000] {logging_mixin.py:188} INFO - [2026-05-07T00:02:02.227+0000] {dag.py:3954} INFO - Setting next_dagrun for tutorial_taskflow_api to None, run_after=None
[2026-05-07T00:02:02.248+0000] {processor.py:183} INFO - Processing /usr/local/python/3.12.1/lib/python3.12/site-packages/airflow/example_dags/tutorial_taskflow_api.py took 0.057 seconds
[2026-05-07T00:02:38.762+0000] {processor.py:161} INFO - Started process (PID=34232) to work on /usr/local/python/3.12.1/lib/python3.12/site-packages/airflow/example_dags/tutorial_taskflow_api.py
[2026-05-07T00:02:38.762+0000] {processor.py:830} INFO - Processing file /usr/local/python/3.12.1/lib/python3.12/site-packages/airflow/example_dags/tutorial_taskflow_api.py for tasks to queue
[2026-05-07T00:02:38.764+0000] {logging_mixin.py:188} INFO - [2026-05-07T00:02:38.764+0000] {dagbag.py:545} INFO - Filling up the DagBag from /usr/local/python/3.12.1/lib/python3.12/site-packages/airflow/example_dags/tutorial_taskflow_api.py
[2026-05-07T00:02:38.770+0000] {processor.py:840} INFO - DAG(s) 'tutorial_taskflow_api' retrieved from /usr/local/python/3.12.1/lib/python3.12/site-packages/airflow/example_dags/tutorial_taskflow_api.py
[2026-05-07T00:02:38.783+0000] {logging_mixin.py:188} INFO - [2026-05-07T00:02:38.783+0000] {dag.py:3096} INFO - Sync 1 DAGs
[2026-05-07T00:02:38.795+0000] {logging_mixin.py:188} INFO - [2026-05-07T00:02:38.794+0000] {dag.py:3954} INFO - Setting next_dagrun for tutorial_taskflow_api to None, run_after=None
[2026-05-07T00:02:38.812+0000] {processor.py:183} INFO - Processing /usr/local/python/3.12.1/lib/python3.12/site-packages/airflow/example_dags/tutorial_taskflow_api.py took 0.056 seconds
[2026-05-07T00:03:18.423+0000] {processor.py:161} INFO - Started process (PID=34434) to work on /usr/local/python/3.12.1/lib/python3.12/site-packages/airflow/example_dags/tutorial_taskflow_api.py
[2026-05-07T00:03:18.424+0000] {processor.py:830} INFO - Processing file /usr/local/python/3.12.1/lib/python3.12/site-packages/airflow/example_dags/tutorial_taskflow_api.py for tasks to queue
[2026-05-07T00:03:18.425+0000] {logging_mixin.py:188} INFO - [2026-05-07T00:03:18.425+0000] {dagbag.py:545} INFO - Filling up the DagBag from /usr/local/python/3.12.1/lib/python3.12/site-packages/airflow/example_dags/tutorial_taskflow_api.py
[2026-05-07T00:03:18.431+0000] {processor.py:840} INFO - DAG(s) 'tutorial_taskflow_api' retrieved from /usr/local/python/3.12.1/lib/python3.12/site-packages/airflow/example_dags/tutorial_taskflow_api.py
[2026-05-07T00:03:18.447+0000] {logging_mixin.py:188} INFO - [2026-05-07T00:03:18.447+0000] {dag.py:3096} INFO - Sync 1 DAGs
[2026-05-07T00:03:18.459+0000] {logging_mixin.py:188} INFO - [2026-05-07T00:03:18.459+0000] {dag.py:3954} INFO - Setting next_dagrun for tutorial_taskflow_api to None, run_after=None
[2026-05-07T00:03:18.477+0000] {processor.py:183} INFO - Processing /usr/local/python/3.12.1/lib/python3.12/site-packages/airflow/example_dags/tutorial_taskflow_api.py took 0.059 seconds
[2026-05-07T00:03:55.572+0000] {processor.py:161} INFO - Started process (PID=34624) to work on /usr/local/python/3.12.1/lib/python3.12/site-packages/airflow/example_dags/tutorial_taskflow_api.py
[2026-05-07T00:03:55.573+0000] {processor.py:830} INFO - Processing file /usr/local/python/3.12.1/lib/python3.12/site-packages/airflow/example_dags/tutorial_taskflow_api.py for tasks to queue
[2026-05-07T00:03:55.574+0000] {logging_mixin.py:188} INFO - [2026-05-07T00:03:55.574+0000] {dagbag.py:545} INFO - Filling up the DagBag from /usr/local/python/3.12.1/lib/python3.12/site-packages/airflow/example_dags/tutorial_taskflow_api.py
[2026-05-07T00:03:55.580+0000] {processor.py:840} INFO - DAG(s) 'tutorial_taskflow_api' retrieved from /usr/local/python/3.12.1/lib/python3.12/site-packages/airflow/example_dags/tutorial_taskflow_api.py
[2026-05-07T00:03:55.593+0000] {logging_mixin.py:188} INFO - [2026-05-07T00:03:55.593+0000] {dag.py:3096} INFO - Sync 1 DAGs
[2026-05-07T00:03:55.609+0000] {logging_mixin.py:188} INFO - [2026-05-07T00:03:55.609+0000] {dag.py:3954} INFO - Setting next_dagrun for tutorial_taskflow_api to None, run_after=None
[2026-05-07T00:03:55.641+0000] {processor.py:183} INFO - Processing /usr/local/python/3.12.1/lib/python3.12/site-packages/airflow/example_dags/tutorial_taskflow_api.py took 0.074 seconds
[2026-05-07T00:04:34.441+0000] {processor.py:161} INFO - Started process (PID=34818) to work on /usr/local/python/3.12.1/lib/python3.12/site-packages/airflow/example_dags/tutorial_taskflow_api.py
[2026-05-07T00:04:34.442+0000] {processor.py:830} INFO - Processing file /usr/local/python/3.12.1/lib/python3.12/site-packages/airflow/example_dags/tutorial_taskflow_api.py for tasks to queue
[2026-05-07T00:04:34.444+0000] {logging_mixin.py:188} INFO - [2026-05-07T00:04:34.443+0000] {dagbag.py:545} INFO - Filling up the DagBag from /usr/local/python/3.12.1/lib/python3.12/site-packages/airflow/example_dags/tutorial_taskflow_api.py
[2026-05-07T00:04:34.450+0000] {processor.py:840} INFO - DAG(s) 'tutorial_taskflow_api' retrieved from /usr/local/python/3.12.1/lib/python3.12/site-packages/airflow/example_dags/tutorial_taskflow_api.py
[2026-05-07T00:04:34.466+0000] {logging_mixin.py:188} INFO - [2026-05-07T00:04:34.465+0000] {dag.py:3096} INFO - Sync 1 DAGs
[2026-05-07T00:04:34.475+0000] {logging_mixin.py:188} INFO - [2026-05-07T00:04:34.475+0000] {dag.py:3954} INFO - Setting next_dagrun for tutorial_taskflow_api to None, run_after=None
[2026-05-07T00:04:34.493+0000] {processor.py:183} INFO - Processing /usr/local/python/3.12.1/lib/python3.12/site-packages/airflow/example_dags/tutorial_taskflow_api.py took 0.059 seconds
[2026-05-07T00:05:12.404+0000] {processor.py:161} INFO - Started process (PID=34989) to work on /usr/local/python/3.12.1/lib/python3.12/site-packages/airflow/example_dags/tutorial_taskflow_api.py
[2026-05-07T00:05:12.405+0000] {processor.py:830} INFO - Processing file /usr/local/python/3.12.1/lib/python3.12/site-packages/airflow/example_dags/tutorial_taskflow_api.py for tasks to queue
[2026-05-07T00:05:12.406+0000] {logging_mixin.py:188} INFO - [2026-05-07T00:05:12.406+0000] {dagbag.py:545} INFO - Filling up the DagBag from /usr/local/python/3.12.1/lib/python3.12/site-packages/airflow/example_dags/tutorial_taskflow_api.py
[2026-05-07T00:05:12.412+0000] {processor.py:840} INFO - DAG(s) 'tutorial_taskflow_api' retrieved from /usr/local/python/3.12.1/lib/python3.12/site-packages/airflow/example_dags/tutorial_taskflow_api.py
[2026-05-07T00:05:12.425+0000] {logging_mixin.py:188} INFO - [2026-05-07T00:05:12.425+0000] {dag.py:3096} INFO - Sync 1 DAGs
[2026-05-07T00:05:12.435+0000] {logging_mixin.py:188} INFO - [2026-05-07T00:05:12.434+0000] {dag.py:3954} INFO - Setting next_dagrun for tutorial_taskflow_api to None, run_after=None
[2026-05-07T00:05:12.457+0000] {processor.py:183} INFO - Processing /usr/local/python/3.12.1/lib/python3.12/site-packages/airflow/example_dags/tutorial_taskflow_api.py took 0.058 seconds
[2026-05-07T00:05:50.094+0000] {processor.py:161} INFO - Started process (PID=35176) to work on /usr/local/python/3.12.1/lib/python3.12/site-packages/airflow/example_dags/tutorial_taskflow_api.py
[2026-05-07T00:05:50.095+0000] {processor.py:830} INFO - Processing file /usr/local/python/3.12.1/lib/python3.12/site-packages/airflow/example_dags/tutorial_taskflow_api.py for tasks to queue
[2026-05-07T00:05:50.096+0000] {logging_mixin.py:188} INFO - [2026-05-07T00:05:50.096+0000] {dagbag.py:545} INFO - Filling up the DagBag from /usr/local/python/3.12.1/lib/python3.12/site-packages/airflow/example_dags/tutorial_taskflow_api.py
[2026-05-07T00:05:50.101+0000] {processor.py:840} INFO - DAG(s) 'tutorial_taskflow_api' retrieved from /usr/local/python/3.12.1/lib/python3.12/site-packages/airflow/example_dags/tutorial_taskflow_api.py
[2026-05-07T00:05:50.115+0000] {logging_mixin.py:188} INFO - [2026-05-07T00:05:50.115+0000] {dag.py:3096} INFO - Sync 1 DAGs
[2026-05-07T00:05:50.126+0000] {logging_mixin.py:188} INFO - [2026-05-07T00:05:50.126+0000] {dag.py:3954} INFO - Setting next_dagrun for tutorial_taskflow_api to None, run_after=None
[2026-05-07T00:05:50.143+0000] {processor.py:183} INFO - Processing /usr/local/python/3.12.1/lib/python3.12/site-packages/airflow/example_dags/tutorial_taskflow_api.py took 0.054 seconds
[2026-05-07T00:06:25.499+0000] {processor.py:161} INFO - Started process (PID=35357) to work on /usr/local/python/3.12.1/lib/python3.12/site-packages/airflow/example_dags/tutorial_taskflow_api.py
[2026-05-07T00:06:25.499+0000] {processor.py:830} INFO - Processing file /usr/local/python/3.12.1/lib/python3.12/site-packages/airflow/example_dags/tutorial_taskflow_api.py for tasks to queue
[2026-05-07T00:06:25.501+0000] {logging_mixin.py:188} INFO - [2026-05-07T00:06:25.500+0000] {dagbag.py:545} INFO - Filling up the DagBag from /usr/local/python/3.12.1/lib/python3.12/site-packages/airflow/example_dags/tutorial_taskflow_api.py
[2026-05-07T00:06:25.506+0000] {processor.py:840} INFO - DAG(s) 'tutorial_taskflow_api' retrieved from /usr/local/python/3.12.1/lib/python3.12/site-packages/airflow/example_dags/tutorial_taskflow_api.py
[2026-05-07T00:06:25.519+0000] {logging_mixin.py:188} INFO - [2026-05-07T00:06:25.519+0000] {dag.py:3096} INFO - Sync 1 DAGs
[2026-05-07T00:06:25.529+0000] {logging_mixin.py:188} INFO - [2026-05-07T00:06:25.528+0000] {dag.py:3954} INFO - Setting next_dagrun for tutorial_taskflow_api to None, run_after=None
[2026-05-07T00:06:25.549+0000] {processor.py:183} INFO - Processing /usr/local/python/3.12.1/lib/python3.12/site-packages/airflow/example_dags/tutorial_taskflow_api.py took 0.055 seconds
[2026-05-07T00:07:02.351+0000] {processor.py:161} INFO - Started process (PID=35529) to work on /usr/local/python/3.12.1/lib/python3.12/site-packages/airflow/example_dags/tutorial_taskflow_api.py
[2026-05-07T00:07:02.352+0000] {processor.py:830} INFO - Processing file /usr/local/python/3.12.1/lib/python3.12/site-packages/airflow/example_dags/tutorial_taskflow_api.py for tasks to queue
[2026-05-07T00:07:02.354+0000] {logging_mixin.py:188} INFO - [2026-05-07T00:07:02.354+0000] {dagbag.py:545} INFO - Filling up the DagBag from /usr/local/python/3.12.1/lib/python3.12/site-packages/airflow/example_dags/tutorial_taskflow_api.py
[2026-05-07T00:07:02.360+0000] {processor.py:840} INFO - DAG(s) 'tutorial_taskflow_api' retrieved from /usr/local/python/3.12.1/lib/python3.12/site-packages/airflow/example_dags/tutorial_taskflow_api.py
[2026-05-07T00:07:02.373+0000] {logging_mixin.py:188} INFO - [2026-05-07T00:07:02.372+0000] {dag.py:3096} INFO - Sync 1 DAGs
[2026-05-07T00:07:02.382+0000] {logging_mixin.py:188} INFO - [2026-05-07T00:07:02.382+0000] {dag.py:3954} INFO - Setting next_dagrun for tutorial_taskflow_api to None, run_after=None
[2026-05-07T00:07:02.399+0000] {processor.py:183} INFO - Processing /usr/local/python/3.12.1/lib/python3.12/site-packages/airflow/example_dags/tutorial_taskflow_api.py took 0.054 seconds
[2026-05-07T00:07:38.519+0000] {processor.py:161} INFO - Started process (PID=35712) to work on /usr/local/python/3.12.1/lib/python3.12/site-packages/airflow/example_dags/tutorial_taskflow_api.py
[2026-05-07T00:07:38.520+0000] {processor.py:830} INFO - Processing file /usr/local/python/3.12.1/lib/python3.12/site-packages/airflow/example_dags/tutorial_taskflow_api.py for tasks to queue
[2026-05-07T00:07:38.522+0000] {logging_mixin.py:188} INFO - [2026-05-07T00:07:38.521+0000] {dagbag.py:545} INFO - Filling up the DagBag from /usr/local/python/3.12.1/lib/python3.12/site-packages/airflow/example_dags/tutorial_taskflow_api.py
[2026-05-07T00:07:38.527+0000] {processor.py:840} INFO - DAG(s) 'tutorial_taskflow_api' retrieved from /usr/local/python/3.12.1/lib/python3.12/site-packages/airflow/example_dags/tutorial_taskflow_api.py
[2026-05-07T00:07:38.542+0000] {logging_mixin.py:188} INFO - [2026-05-07T00:07:38.542+0000] {dag.py:3096} INFO - Sync 1 DAGs
[2026-05-07T00:07:38.555+0000] {logging_mixin.py:188} INFO - [2026-05-07T00:07:38.555+0000] {dag.py:3954} INFO - Setting next_dagrun for tutorial_taskflow_api to None, run_after=None
[2026-05-07T00:07:38.573+0000] {processor.py:183} INFO - Processing /usr/local/python/3.12.1/lib/python3.12/site-packages/airflow/example_dags/tutorial_taskflow_api.py took 0.058 seconds
