[2026-05-07T09:31:36.174+0000] {local_task_job_runner.py:120} INFO - ::group::Pre task execution logs
[2026-05-07T09:31:36.204+0000] {taskinstance.py:2076} INFO - Dependencies all met for dep_context=non-requeueable deps ti=<TaskInstance: extract_dag.extract_task scheduled__2026-05-06T00:00:00+00:00 [queued]>
[2026-05-07T09:31:36.212+0000] {taskinstance.py:2076} INFO - Dependencies all met for dep_context=requeueable deps ti=<TaskInstance: extract_dag.extract_task scheduled__2026-05-06T00:00:00+00:00 [queued]>
[2026-05-07T09:31:36.212+0000] {taskinstance.py:2306} INFO - Starting attempt 1 of 1
[2026-05-07T09:31:36.227+0000] {taskinstance.py:2330} INFO - Executing <Task(BashOperator): extract_task> on 2026-05-06 00:00:00+00:00
[2026-05-07T09:31:36.229+0000] {standard_task_runner.py:63} INFO - Started process 7624 to run task
[2026-05-07T09:31:36.232+0000] {standard_task_runner.py:90} INFO - Running: ['airflow', 'tasks', 'run', 'extract_dag', 'extract_task', 'scheduled__2026-05-06T00:00:00+00:00', '--job-id', '13', '--raw', '--subdir', 'DAGS_FOLDER/extract_dag.py', '--cfg-path', '/tmp/tmpbywab2t7']
[2026-05-07T09:31:36.233+0000] {standard_task_runner.py:91} INFO - Job 13: Subtask extract_task
[2026-05-07T09:31:36.260+0000] {task_command.py:426} INFO - Running <TaskInstance: extract_dag.extract_task scheduled__2026-05-06T00:00:00+00:00 [running]> on host codespaces-b97881
[2026-05-07T09:31:36.380+0000] {taskinstance.py:2648} INFO - Exporting env vars: AIRFLOW_CTX_DAG_OWNER='airflow' AIRFLOW_CTX_DAG_ID='extract_dag' AIRFLOW_CTX_TASK_ID='extract_task' AIRFLOW_CTX_EXECUTION_DATE='2026-05-06T00:00:00+00:00' AIRFLOW_CTX_TRY_NUMBER='1' AIRFLOW_CTX_DAG_RUN_ID='scheduled__2026-05-06T00:00:00+00:00'
[2026-05-07T09:31:36.381+0000] {taskinstance.py:430} INFO - ::endgroup::
[2026-05-07T09:31:36.395+0000] {subprocess.py:63} INFO - Tmp dir root location: /tmp
[2026-05-07T09:31:36.395+0000] {subprocess.py:75} INFO - Running command: ['/usr/bin/bash', '-c', 'wget -c "URL_DU_FICHIER" -O /workspaces/ETL-with-Airflow/lab/orchestrated/airflow-extract-data.csv']
[2026-05-07T09:31:36.401+0000] {subprocess.py:86} INFO - Output:
[2026-05-07T09:31:36.405+0000] {subprocess.py:93} INFO - --2026-05-07 09:31:36--  http://url_du_fichier/
[2026-05-07T09:31:36.485+0000] {subprocess.py:93} INFO - Resolving url_du_fichier (url_du_fichier)... failed: Name or service not known.
[2026-05-07T09:31:36.486+0000] {subprocess.py:93} INFO - wget: unable to resolve host address ‘url_du_fichier’
[2026-05-07T09:31:36.486+0000] {subprocess.py:97} INFO - Command exited with return code 4
[2026-05-07T09:31:36.486+0000] {taskinstance.py:441} INFO - ::group::Post task execution logs
[2026-05-07T09:31:36.491+0000] {taskinstance.py:2905} ERROR - Task failed with exception
Traceback (most recent call last):
  File "/usr/local/python/3.12.1/lib/python3.12/site-packages/airflow/models/taskinstance.py", line 465, in _execute_task
    result = _execute_callable(context=context, **execute_callable_kwargs)
             ^^^^^^^^^^^^^^^^^^^^^^^^^^^^^^^^^^^^^^^^^^^^^^^^^^^^^^^^^^^^^
  File "/usr/local/python/3.12.1/lib/python3.12/site-packages/airflow/models/taskinstance.py", line 432, in _execute_callable
    return execute_callable(context=context, **execute_callable_kwargs)
           ^^^^^^^^^^^^^^^^^^^^^^^^^^^^^^^^^^^^^^^^^^^^^^^^^^^^^^^^^^^^
  File "/usr/local/python/3.12.1/lib/python3.12/site-packages/airflow/models/baseoperator.py", line 401, in wrapper
    return func(self, *args, **kwargs)
           ^^^^^^^^^^^^^^^^^^^^^^^^^^^
  File "/usr/local/python/3.12.1/lib/python3.12/site-packages/airflow/operators/bash.py", line 243, in execute
    raise AirflowException(
airflow.exceptions.AirflowException: Bash command failed. The command returned a non-zero exit code 4.
[2026-05-07T09:31:36.495+0000] {taskinstance.py:1206} INFO - Marking task as FAILED. dag_id=extract_dag, task_id=extract_task, run_id=scheduled__2026-05-06T00:00:00+00:00, execution_date=20260506T000000, start_date=20260507T093136, end_date=20260507T093136
[2026-05-07T09:31:36.504+0000] {standard_task_runner.py:110} ERROR - Failed to execute job 13 for task extract_task (Bash command failed. The command returned a non-zero exit code 4.; 7624)
[2026-05-07T09:31:36.524+0000] {local_task_job_runner.py:240} INFO - Task exited with return code 1
[2026-05-07T09:31:36.532+0000] {taskinstance.py:3503} INFO - 0 downstream tasks scheduled from follow-on schedule check
[2026-05-07T09:31:36.533+0000] {local_task_job_runner.py:222} INFO - ::endgroup::
