[2026-05-07T10:03:47.769+0000] {local_task_job_runner.py:120} INFO - ::group::Pre task execution logs
[2026-05-07T10:03:47.788+0000] {taskinstance.py:2076} INFO - Dependencies all met for dep_context=non-requeueable deps ti=<TaskInstance: basic_etl_dag.load_task manual__2026-05-07T10:03:37+00:00 [queued]>
[2026-05-07T10:03:47.793+0000] {taskinstance.py:2076} INFO - Dependencies all met for dep_context=requeueable deps ti=<TaskInstance: basic_etl_dag.load_task manual__2026-05-07T10:03:37+00:00 [queued]>
[2026-05-07T10:03:47.793+0000] {taskinstance.py:2306} INFO - Starting attempt 1 of 2
[2026-05-07T10:03:47.803+0000] {taskinstance.py:2330} INFO - Executing <Task(BashOperator): load_task> on 2026-05-07 10:03:37+00:00
[2026-05-07T10:03:47.812+0000] {standard_task_runner.py:63} INFO - Started process 24169 to run task
[2026-05-07T10:03:47.820+0000] {standard_task_runner.py:90} INFO - Running: ['airflow', 'tasks', 'run', 'basic_etl_dag', 'load_task', 'manual__2026-05-07T10:03:37+00:00', '--job-id', '30', '--raw', '--subdir', 'DAGS_FOLDER/basic_etl_dag.py', '--cfg-path', '/tmp/tmpwgehizqn']
[2026-05-07T10:03:47.827+0000] {standard_task_runner.py:91} INFO - Job 30: Subtask load_task
[2026-05-07T10:03:47.901+0000] {task_command.py:426} INFO - Running <TaskInstance: basic_etl_dag.load_task manual__2026-05-07T10:03:37+00:00 [running]> on host codespaces-b97881
[2026-05-07T10:03:48.022+0000] {taskinstance.py:2648} INFO - Exporting env vars: AIRFLOW_CTX_DAG_OWNER='airflow' AIRFLOW_CTX_DAG_ID='basic_etl_dag' AIRFLOW_CTX_TASK_ID='load_task' AIRFLOW_CTX_EXECUTION_DATE='2026-05-07T10:03:37+00:00' AIRFLOW_CTX_TRY_NUMBER='1' AIRFLOW_CTX_DAG_RUN_ID='manual__2026-05-07T10:03:37+00:00'
[2026-05-07T10:03:48.024+0000] {taskinstance.py:430} INFO - ::endgroup::
[2026-05-07T10:03:48.053+0000] {subprocess.py:63} INFO - Tmp dir root location: /tmp
[2026-05-07T10:03:48.054+0000] {subprocess.py:75} INFO - Running command: ['/usr/bin/bash', '-c', 'sqlite3 /workspaces/ETL-with-Airflow/lab/end-to-end/basic-etl-load-db.db -cmd ".mode csv" ".import /workspaces/ETL-with-Airflow/lab/end-to-end/basic-etl-transform-data.csv top_level_domains"']
[2026-05-07T10:03:48.090+0000] {subprocess.py:86} INFO - Output:
[2026-05-07T10:03:48.113+0000] {subprocess.py:97} INFO - Command exited with return code 0
[2026-05-07T10:03:48.115+0000] {taskinstance.py:441} INFO - ::group::Post task execution logs
[2026-05-07T10:03:48.140+0000] {taskinstance.py:1206} INFO - Marking task as SUCCESS. dag_id=basic_etl_dag, task_id=load_task, run_id=manual__2026-05-07T10:03:37+00:00, execution_date=20260507T100337, start_date=20260507T100347, end_date=20260507T100348
[2026-05-07T10:03:48.200+0000] {local_task_job_runner.py:240} INFO - Task exited with return code 0
[2026-05-07T10:03:48.212+0000] {taskinstance.py:3503} INFO - 0 downstream tasks scheduled from follow-on schedule check
[2026-05-07T10:03:48.213+0000] {local_task_job_runner.py:222} INFO - ::endgroup::
