[2026-05-07T09:55:59.474+0000] {local_task_job_runner.py:120} INFO - ::group::Pre task execution logs
[2026-05-07T09:55:59.491+0000] {taskinstance.py:2076} INFO - Dependencies all met for dep_context=non-requeueable deps ti=<TaskInstance: basic_etl_dag.extract_task scheduled__2026-05-06T00:00:00+00:00 [queued]>
[2026-05-07T09:55:59.497+0000] {taskinstance.py:2076} INFO - Dependencies all met for dep_context=requeueable deps ti=<TaskInstance: basic_etl_dag.extract_task scheduled__2026-05-06T00:00:00+00:00 [queued]>
[2026-05-07T09:55:59.497+0000] {taskinstance.py:2306} INFO - Starting attempt 1 of 2
[2026-05-07T09:55:59.506+0000] {taskinstance.py:2330} INFO - Executing <Task(BashOperator): extract_task> on 2026-05-06 00:00:00+00:00
[2026-05-07T09:55:59.509+0000] {standard_task_runner.py:63} INFO - Started process 20413 to run task
[2026-05-07T09:55:59.512+0000] {standard_task_runner.py:90} INFO - Running: ['airflow', 'tasks', 'run', 'basic_etl_dag', 'extract_task', 'scheduled__2026-05-06T00:00:00+00:00', '--job-id', '22', '--raw', '--subdir', 'DAGS_FOLDER/basic_etl_dag.py', '--cfg-path', '/tmp/tmpt_jju1od']
[2026-05-07T09:55:59.513+0000] {standard_task_runner.py:91} INFO - Job 22: Subtask extract_task
[2026-05-07T09:55:59.548+0000] {task_command.py:426} INFO - Running <TaskInstance: basic_etl_dag.extract_task scheduled__2026-05-06T00:00:00+00:00 [running]> on host codespaces-b97881
[2026-05-07T09:55:59.594+0000] {taskinstance.py:2648} INFO - Exporting env vars: AIRFLOW_CTX_DAG_OWNER='airflow' AIRFLOW_CTX_DAG_ID='basic_etl_dag' AIRFLOW_CTX_TASK_ID='extract_task' AIRFLOW_CTX_EXECUTION_DATE='2026-05-06T00:00:00+00:00' AIRFLOW_CTX_TRY_NUMBER='1' AIRFLOW_CTX_DAG_RUN_ID='scheduled__2026-05-06T00:00:00+00:00'
[2026-05-07T09:55:59.594+0000] {taskinstance.py:430} INFO - ::endgroup::
[2026-05-07T09:55:59.604+0000] {subprocess.py:63} INFO - Tmp dir root location: /tmp
[2026-05-07T09:55:59.604+0000] {subprocess.py:75} INFO - Running command: ['/usr/bin/bash', '-c', 'wget -c "https://data.iana.org/TLD/tlds-alpha-by-domain.txt" -O /workspaces/ETL-with-Airflow/lab/orchestrated/airflow-extract-data.csv']
[2026-05-07T09:55:59.612+0000] {subprocess.py:86} INFO - Output:
[2026-05-07T09:55:59.616+0000] {subprocess.py:93} INFO - --2026-05-07 09:55:59--  https://data.iana.org/TLD/tlds-alpha-by-domain.txt
[2026-05-07T09:55:59.726+0000] {subprocess.py:93} INFO - Resolving data.iana.org (data.iana.org)... 104.18.24.232, 104.18.25.232, 2606:4700::6812:18e8, ...
[2026-05-07T09:55:59.728+0000] {subprocess.py:93} INFO - Connecting to data.iana.org (data.iana.org)|104.18.24.232|:443... connected.
[2026-05-07T09:55:59.790+0000] {subprocess.py:93} INFO - HTTP request sent, awaiting response... 416 Range Not Satisfiable
[2026-05-07T09:55:59.790+0000] {subprocess.py:93} INFO - 
[2026-05-07T09:55:59.790+0000] {subprocess.py:93} INFO -     The file is already fully retrieved; nothing to do.
[2026-05-07T09:55:59.790+0000] {subprocess.py:93} INFO - 
[2026-05-07T09:55:59.790+0000] {subprocess.py:97} INFO - Command exited with return code 0
[2026-05-07T09:55:59.791+0000] {taskinstance.py:441} INFO - ::group::Post task execution logs
[2026-05-07T09:55:59.803+0000] {taskinstance.py:1206} INFO - Marking task as SUCCESS. dag_id=basic_etl_dag, task_id=extract_task, run_id=scheduled__2026-05-06T00:00:00+00:00, execution_date=20260506T000000, start_date=20260507T095559, end_date=20260507T095559
[2026-05-07T09:55:59.846+0000] {local_task_job_runner.py:240} INFO - Task exited with return code 0
[2026-05-07T09:55:59.861+0000] {taskinstance.py:3503} INFO - 1 downstream tasks scheduled from follow-on schedule check
[2026-05-07T09:55:59.864+0000] {local_task_job_runner.py:222} INFO - ::endgroup::
