[2026-05-06T23:18:38.044+0000] {processor.py:161} INFO - Started process (PID=13082) to work on /usr/local/python/3.12.1/lib/python3.12/site-packages/airflow/example_dags/subdags/subdag.py
[2026-05-06T23:18:38.044+0000] {processor.py:830} INFO - Processing file /usr/local/python/3.12.1/lib/python3.12/site-packages/airflow/example_dags/subdags/subdag.py for tasks to queue
[2026-05-06T23:18:38.046+0000] {logging_mixin.py:188} INFO - [2026-05-06T23:18:38.045+0000] {dagbag.py:545} INFO - Filling up the DagBag from /usr/local/python/3.12.1/lib/python3.12/site-packages/airflow/example_dags/subdags/subdag.py
[2026-05-06T23:18:38.047+0000] {processor.py:842} WARNING - No viable dags retrieved from /usr/local/python/3.12.1/lib/python3.12/site-packages/airflow/example_dags/subdags/subdag.py
[2026-05-06T23:18:38.055+0000] {processor.py:183} INFO - Processing /usr/local/python/3.12.1/lib/python3.12/site-packages/airflow/example_dags/subdags/subdag.py took 0.016 seconds
[2026-05-06T23:19:31.180+0000] {processor.py:161} INFO - Started process (PID=13540) to work on /usr/local/python/3.12.1/lib/python3.12/site-packages/airflow/example_dags/subdags/subdag.py
[2026-05-06T23:19:31.181+0000] {processor.py:830} INFO - Processing file /usr/local/python/3.12.1/lib/python3.12/site-packages/airflow/example_dags/subdags/subdag.py for tasks to queue
[2026-05-06T23:19:31.182+0000] {logging_mixin.py:188} INFO - [2026-05-06T23:19:31.182+0000] {dagbag.py:545} INFO - Filling up the DagBag from /usr/local/python/3.12.1/lib/python3.12/site-packages/airflow/example_dags/subdags/subdag.py
[2026-05-06T23:19:31.183+0000] {processor.py:842} WARNING - No viable dags retrieved from /usr/local/python/3.12.1/lib/python3.12/site-packages/airflow/example_dags/subdags/subdag.py
[2026-05-06T23:19:31.192+0000] {processor.py:183} INFO - Processing /usr/local/python/3.12.1/lib/python3.12/site-packages/airflow/example_dags/subdags/subdag.py took 0.017 seconds
[2026-05-06T23:20:11.118+0000] {processor.py:161} INFO - Started process (PID=13926) to work on /usr/local/python/3.12.1/lib/python3.12/site-packages/airflow/example_dags/subdags/subdag.py
[2026-05-06T23:20:11.119+0000] {processor.py:830} INFO - Processing file /usr/local/python/3.12.1/lib/python3.12/site-packages/airflow/example_dags/subdags/subdag.py for tasks to queue
[2026-05-06T23:20:11.120+0000] {logging_mixin.py:188} INFO - [2026-05-06T23:20:11.120+0000] {dagbag.py:545} INFO - Filling up the DagBag from /usr/local/python/3.12.1/lib/python3.12/site-packages/airflow/example_dags/subdags/subdag.py
[2026-05-06T23:20:11.122+0000] {processor.py:842} WARNING - No viable dags retrieved from /usr/local/python/3.12.1/lib/python3.12/site-packages/airflow/example_dags/subdags/subdag.py
[2026-05-06T23:20:11.131+0000] {processor.py:183} INFO - Processing /usr/local/python/3.12.1/lib/python3.12/site-packages/airflow/example_dags/subdags/subdag.py took 0.017 seconds
[2026-05-06T23:20:51.220+0000] {processor.py:161} INFO - Started process (PID=14269) to work on /usr/local/python/3.12.1/lib/python3.12/site-packages/airflow/example_dags/subdags/subdag.py
[2026-05-06T23:20:51.220+0000] {processor.py:830} INFO - Processing file /usr/local/python/3.12.1/lib/python3.12/site-packages/airflow/example_dags/subdags/subdag.py for tasks to queue
[2026-05-06T23:20:51.222+0000] {logging_mixin.py:188} INFO - [2026-05-06T23:20:51.222+0000] {dagbag.py:545} INFO - Filling up the DagBag from /usr/local/python/3.12.1/lib/python3.12/site-packages/airflow/example_dags/subdags/subdag.py
[2026-05-06T23:20:51.224+0000] {processor.py:842} WARNING - No viable dags retrieved from /usr/local/python/3.12.1/lib/python3.12/site-packages/airflow/example_dags/subdags/subdag.py
[2026-05-06T23:20:51.232+0000] {processor.py:183} INFO - Processing /usr/local/python/3.12.1/lib/python3.12/site-packages/airflow/example_dags/subdags/subdag.py took 0.017 seconds
[2026-05-06T23:21:32.896+0000] {processor.py:161} INFO - Started process (PID=14687) to work on /usr/local/python/3.12.1/lib/python3.12/site-packages/airflow/example_dags/subdags/subdag.py
[2026-05-06T23:21:32.897+0000] {processor.py:830} INFO - Processing file /usr/local/python/3.12.1/lib/python3.12/site-packages/airflow/example_dags/subdags/subdag.py for tasks to queue
[2026-05-06T23:21:32.898+0000] {logging_mixin.py:188} INFO - [2026-05-06T23:21:32.898+0000] {dagbag.py:545} INFO - Filling up the DagBag from /usr/local/python/3.12.1/lib/python3.12/site-packages/airflow/example_dags/subdags/subdag.py
[2026-05-06T23:21:32.900+0000] {processor.py:842} WARNING - No viable dags retrieved from /usr/local/python/3.12.1/lib/python3.12/site-packages/airflow/example_dags/subdags/subdag.py
[2026-05-06T23:21:32.908+0000] {processor.py:183} INFO - Processing /usr/local/python/3.12.1/lib/python3.12/site-packages/airflow/example_dags/subdags/subdag.py took 0.017 seconds
[2026-05-06T23:22:13.472+0000] {processor.py:161} INFO - Started process (PID=15000) to work on /usr/local/python/3.12.1/lib/python3.12/site-packages/airflow/example_dags/subdags/subdag.py
[2026-05-06T23:22:13.473+0000] {processor.py:830} INFO - Processing file /usr/local/python/3.12.1/lib/python3.12/site-packages/airflow/example_dags/subdags/subdag.py for tasks to queue
[2026-05-06T23:22:13.474+0000] {logging_mixin.py:188} INFO - [2026-05-06T23:22:13.474+0000] {dagbag.py:545} INFO - Filling up the DagBag from /usr/local/python/3.12.1/lib/python3.12/site-packages/airflow/example_dags/subdags/subdag.py
[2026-05-06T23:22:13.476+0000] {processor.py:842} WARNING - No viable dags retrieved from /usr/local/python/3.12.1/lib/python3.12/site-packages/airflow/example_dags/subdags/subdag.py
[2026-05-06T23:22:13.484+0000] {processor.py:183} INFO - Processing /usr/local/python/3.12.1/lib/python3.12/site-packages/airflow/example_dags/subdags/subdag.py took 0.017 seconds
[2026-05-06T23:22:55.183+0000] {processor.py:161} INFO - Started process (PID=15417) to work on /usr/local/python/3.12.1/lib/python3.12/site-packages/airflow/example_dags/subdags/subdag.py
[2026-05-06T23:22:55.183+0000] {processor.py:830} INFO - Processing file /usr/local/python/3.12.1/lib/python3.12/site-packages/airflow/example_dags/subdags/subdag.py for tasks to queue
[2026-05-06T23:22:55.185+0000] {logging_mixin.py:188} INFO - [2026-05-06T23:22:55.185+0000] {dagbag.py:545} INFO - Filling up the DagBag from /usr/local/python/3.12.1/lib/python3.12/site-packages/airflow/example_dags/subdags/subdag.py
[2026-05-06T23:22:55.187+0000] {processor.py:842} WARNING - No viable dags retrieved from /usr/local/python/3.12.1/lib/python3.12/site-packages/airflow/example_dags/subdags/subdag.py
[2026-05-06T23:22:55.195+0000] {processor.py:183} INFO - Processing /usr/local/python/3.12.1/lib/python3.12/site-packages/airflow/example_dags/subdags/subdag.py took 0.017 seconds
[2026-05-06T23:23:31.329+0000] {processor.py:161} INFO - Started process (PID=15763) to work on /usr/local/python/3.12.1/lib/python3.12/site-packages/airflow/example_dags/subdags/subdag.py
[2026-05-06T23:23:31.329+0000] {processor.py:830} INFO - Processing file /usr/local/python/3.12.1/lib/python3.12/site-packages/airflow/example_dags/subdags/subdag.py for tasks to queue
[2026-05-06T23:23:31.331+0000] {logging_mixin.py:188} INFO - [2026-05-06T23:23:31.331+0000] {dagbag.py:545} INFO - Filling up the DagBag from /usr/local/python/3.12.1/lib/python3.12/site-packages/airflow/example_dags/subdags/subdag.py
[2026-05-06T23:23:31.333+0000] {processor.py:842} WARNING - No viable dags retrieved from /usr/local/python/3.12.1/lib/python3.12/site-packages/airflow/example_dags/subdags/subdag.py
[2026-05-06T23:23:31.341+0000] {processor.py:183} INFO - Processing /usr/local/python/3.12.1/lib/python3.12/site-packages/airflow/example_dags/subdags/subdag.py took 0.017 seconds
[2026-05-06T23:24:08.484+0000] {processor.py:161} INFO - Started process (PID=16214) to work on /usr/local/python/3.12.1/lib/python3.12/site-packages/airflow/example_dags/subdags/subdag.py
[2026-05-06T23:24:08.485+0000] {processor.py:830} INFO - Processing file /usr/local/python/3.12.1/lib/python3.12/site-packages/airflow/example_dags/subdags/subdag.py for tasks to queue
[2026-05-06T23:24:08.486+0000] {logging_mixin.py:188} INFO - [2026-05-06T23:24:08.486+0000] {dagbag.py:545} INFO - Filling up the DagBag from /usr/local/python/3.12.1/lib/python3.12/site-packages/airflow/example_dags/subdags/subdag.py
[2026-05-06T23:24:08.489+0000] {processor.py:842} WARNING - No viable dags retrieved from /usr/local/python/3.12.1/lib/python3.12/site-packages/airflow/example_dags/subdags/subdag.py
[2026-05-06T23:24:08.500+0000] {processor.py:183} INFO - Processing /usr/local/python/3.12.1/lib/python3.12/site-packages/airflow/example_dags/subdags/subdag.py took 0.023 seconds
[2026-05-06T23:24:46.779+0000] {processor.py:161} INFO - Started process (PID=16793) to work on /usr/local/python/3.12.1/lib/python3.12/site-packages/airflow/example_dags/subdags/subdag.py
[2026-05-06T23:24:46.779+0000] {processor.py:830} INFO - Processing file /usr/local/python/3.12.1/lib/python3.12/site-packages/airflow/example_dags/subdags/subdag.py for tasks to queue
[2026-05-06T23:24:46.781+0000] {logging_mixin.py:188} INFO - [2026-05-06T23:24:46.780+0000] {dagbag.py:545} INFO - Filling up the DagBag from /usr/local/python/3.12.1/lib/python3.12/site-packages/airflow/example_dags/subdags/subdag.py
[2026-05-06T23:24:46.782+0000] {processor.py:842} WARNING - No viable dags retrieved from /usr/local/python/3.12.1/lib/python3.12/site-packages/airflow/example_dags/subdags/subdag.py
[2026-05-06T23:24:46.791+0000] {processor.py:183} INFO - Processing /usr/local/python/3.12.1/lib/python3.12/site-packages/airflow/example_dags/subdags/subdag.py took 0.017 seconds
[2026-05-06T23:25:23.788+0000] {processor.py:161} INFO - Started process (PID=17179) to work on /usr/local/python/3.12.1/lib/python3.12/site-packages/airflow/example_dags/subdags/subdag.py
[2026-05-06T23:25:23.789+0000] {processor.py:830} INFO - Processing file /usr/local/python/3.12.1/lib/python3.12/site-packages/airflow/example_dags/subdags/subdag.py for tasks to queue
[2026-05-06T23:25:23.790+0000] {logging_mixin.py:188} INFO - [2026-05-06T23:25:23.790+0000] {dagbag.py:545} INFO - Filling up the DagBag from /usr/local/python/3.12.1/lib/python3.12/site-packages/airflow/example_dags/subdags/subdag.py
[2026-05-06T23:25:23.792+0000] {processor.py:842} WARNING - No viable dags retrieved from /usr/local/python/3.12.1/lib/python3.12/site-packages/airflow/example_dags/subdags/subdag.py
[2026-05-06T23:25:23.800+0000] {processor.py:183} INFO - Processing /usr/local/python/3.12.1/lib/python3.12/site-packages/airflow/example_dags/subdags/subdag.py took 0.017 seconds
[2026-05-06T23:26:06.593+0000] {processor.py:161} INFO - Started process (PID=17541) to work on /usr/local/python/3.12.1/lib/python3.12/site-packages/airflow/example_dags/subdags/subdag.py
[2026-05-06T23:26:06.594+0000] {processor.py:830} INFO - Processing file /usr/local/python/3.12.1/lib/python3.12/site-packages/airflow/example_dags/subdags/subdag.py for tasks to queue
[2026-05-06T23:26:06.595+0000] {logging_mixin.py:188} INFO - [2026-05-06T23:26:06.595+0000] {dagbag.py:545} INFO - Filling up the DagBag from /usr/local/python/3.12.1/lib/python3.12/site-packages/airflow/example_dags/subdags/subdag.py
[2026-05-06T23:26:06.597+0000] {processor.py:842} WARNING - No viable dags retrieved from /usr/local/python/3.12.1/lib/python3.12/site-packages/airflow/example_dags/subdags/subdag.py
[2026-05-06T23:26:06.605+0000] {processor.py:183} INFO - Processing /usr/local/python/3.12.1/lib/python3.12/site-packages/airflow/example_dags/subdags/subdag.py took 0.017 seconds
[2026-05-06T23:26:44.843+0000] {processor.py:161} INFO - Started process (PID=17844) to work on /usr/local/python/3.12.1/lib/python3.12/site-packages/airflow/example_dags/subdags/subdag.py
[2026-05-06T23:26:44.844+0000] {processor.py:830} INFO - Processing file /usr/local/python/3.12.1/lib/python3.12/site-packages/airflow/example_dags/subdags/subdag.py for tasks to queue
[2026-05-06T23:26:44.845+0000] {logging_mixin.py:188} INFO - [2026-05-06T23:26:44.845+0000] {dagbag.py:545} INFO - Filling up the DagBag from /usr/local/python/3.12.1/lib/python3.12/site-packages/airflow/example_dags/subdags/subdag.py
[2026-05-06T23:26:44.847+0000] {processor.py:842} WARNING - No viable dags retrieved from /usr/local/python/3.12.1/lib/python3.12/site-packages/airflow/example_dags/subdags/subdag.py
[2026-05-06T23:26:44.855+0000] {processor.py:183} INFO - Processing /usr/local/python/3.12.1/lib/python3.12/site-packages/airflow/example_dags/subdags/subdag.py took 0.017 seconds
[2026-05-06T23:27:22.506+0000] {processor.py:161} INFO - Started process (PID=18260) to work on /usr/local/python/3.12.1/lib/python3.12/site-packages/airflow/example_dags/subdags/subdag.py
[2026-05-06T23:27:22.507+0000] {processor.py:830} INFO - Processing file /usr/local/python/3.12.1/lib/python3.12/site-packages/airflow/example_dags/subdags/subdag.py for tasks to queue
[2026-05-06T23:27:22.509+0000] {logging_mixin.py:188} INFO - [2026-05-06T23:27:22.508+0000] {dagbag.py:545} INFO - Filling up the DagBag from /usr/local/python/3.12.1/lib/python3.12/site-packages/airflow/example_dags/subdags/subdag.py
[2026-05-06T23:27:22.510+0000] {processor.py:842} WARNING - No viable dags retrieved from /usr/local/python/3.12.1/lib/python3.12/site-packages/airflow/example_dags/subdags/subdag.py
[2026-05-06T23:27:22.519+0000] {processor.py:183} INFO - Processing /usr/local/python/3.12.1/lib/python3.12/site-packages/airflow/example_dags/subdags/subdag.py took 0.018 seconds
[2026-05-06T23:28:01.833+0000] {processor.py:161} INFO - Started process (PID=18660) to work on /usr/local/python/3.12.1/lib/python3.12/site-packages/airflow/example_dags/subdags/subdag.py
[2026-05-06T23:28:01.834+0000] {processor.py:830} INFO - Processing file /usr/local/python/3.12.1/lib/python3.12/site-packages/airflow/example_dags/subdags/subdag.py for tasks to queue
[2026-05-06T23:28:01.835+0000] {logging_mixin.py:188} INFO - [2026-05-06T23:28:01.835+0000] {dagbag.py:545} INFO - Filling up the DagBag from /usr/local/python/3.12.1/lib/python3.12/site-packages/airflow/example_dags/subdags/subdag.py
[2026-05-06T23:28:01.837+0000] {processor.py:842} WARNING - No viable dags retrieved from /usr/local/python/3.12.1/lib/python3.12/site-packages/airflow/example_dags/subdags/subdag.py
[2026-05-06T23:28:01.846+0000] {processor.py:183} INFO - Processing /usr/local/python/3.12.1/lib/python3.12/site-packages/airflow/example_dags/subdags/subdag.py took 0.018 seconds
[2026-05-06T23:28:44.034+0000] {processor.py:161} INFO - Started process (PID=18996) to work on /usr/local/python/3.12.1/lib/python3.12/site-packages/airflow/example_dags/subdags/subdag.py
[2026-05-06T23:28:44.035+0000] {processor.py:830} INFO - Processing file /usr/local/python/3.12.1/lib/python3.12/site-packages/airflow/example_dags/subdags/subdag.py for tasks to queue
[2026-05-06T23:28:44.036+0000] {logging_mixin.py:188} INFO - [2026-05-06T23:28:44.036+0000] {dagbag.py:545} INFO - Filling up the DagBag from /usr/local/python/3.12.1/lib/python3.12/site-packages/airflow/example_dags/subdags/subdag.py
[2026-05-06T23:28:44.038+0000] {processor.py:842} WARNING - No viable dags retrieved from /usr/local/python/3.12.1/lib/python3.12/site-packages/airflow/example_dags/subdags/subdag.py
[2026-05-06T23:28:44.047+0000] {processor.py:183} INFO - Processing /usr/local/python/3.12.1/lib/python3.12/site-packages/airflow/example_dags/subdags/subdag.py took 0.018 seconds
[2026-05-06T23:31:22.428+0000] {processor.py:161} INFO - Started process (PID=20542) to work on /usr/local/python/3.12.1/lib/python3.12/site-packages/airflow/example_dags/subdags/subdag.py
[2026-05-06T23:31:22.429+0000] {processor.py:830} INFO - Processing file /usr/local/python/3.12.1/lib/python3.12/site-packages/airflow/example_dags/subdags/subdag.py for tasks to queue
[2026-05-06T23:31:22.431+0000] {logging_mixin.py:188} INFO - [2026-05-06T23:31:22.430+0000] {dagbag.py:545} INFO - Filling up the DagBag from /usr/local/python/3.12.1/lib/python3.12/site-packages/airflow/example_dags/subdags/subdag.py
[2026-05-06T23:31:22.432+0000] {processor.py:842} WARNING - No viable dags retrieved from /usr/local/python/3.12.1/lib/python3.12/site-packages/airflow/example_dags/subdags/subdag.py
[2026-05-06T23:31:22.441+0000] {processor.py:183} INFO - Processing /usr/local/python/3.12.1/lib/python3.12/site-packages/airflow/example_dags/subdags/subdag.py took 0.017 seconds
[2026-05-06T23:32:12.937+0000] {processor.py:161} INFO - Started process (PID=20956) to work on /usr/local/python/3.12.1/lib/python3.12/site-packages/airflow/example_dags/subdags/subdag.py
[2026-05-06T23:32:12.938+0000] {processor.py:830} INFO - Processing file /usr/local/python/3.12.1/lib/python3.12/site-packages/airflow/example_dags/subdags/subdag.py for tasks to queue
[2026-05-06T23:32:12.939+0000] {logging_mixin.py:188} INFO - [2026-05-06T23:32:12.939+0000] {dagbag.py:545} INFO - Filling up the DagBag from /usr/local/python/3.12.1/lib/python3.12/site-packages/airflow/example_dags/subdags/subdag.py
[2026-05-06T23:32:12.941+0000] {processor.py:842} WARNING - No viable dags retrieved from /usr/local/python/3.12.1/lib/python3.12/site-packages/airflow/example_dags/subdags/subdag.py
[2026-05-06T23:32:12.950+0000] {processor.py:183} INFO - Processing /usr/local/python/3.12.1/lib/python3.12/site-packages/airflow/example_dags/subdags/subdag.py took 0.019 seconds
[2026-05-06T23:32:50.545+0000] {processor.py:161} INFO - Started process (PID=21260) to work on /usr/local/python/3.12.1/lib/python3.12/site-packages/airflow/example_dags/subdags/subdag.py
[2026-05-06T23:32:50.546+0000] {processor.py:830} INFO - Processing file /usr/local/python/3.12.1/lib/python3.12/site-packages/airflow/example_dags/subdags/subdag.py for tasks to queue
[2026-05-06T23:32:50.547+0000] {logging_mixin.py:188} INFO - [2026-05-06T23:32:50.547+0000] {dagbag.py:545} INFO - Filling up the DagBag from /usr/local/python/3.12.1/lib/python3.12/site-packages/airflow/example_dags/subdags/subdag.py
[2026-05-06T23:32:50.549+0000] {processor.py:842} WARNING - No viable dags retrieved from /usr/local/python/3.12.1/lib/python3.12/site-packages/airflow/example_dags/subdags/subdag.py
[2026-05-06T23:32:50.558+0000] {processor.py:183} INFO - Processing /usr/local/python/3.12.1/lib/python3.12/site-packages/airflow/example_dags/subdags/subdag.py took 0.017 seconds
[2026-05-06T23:33:29.829+0000] {processor.py:161} INFO - Started process (PID=21565) to work on /usr/local/python/3.12.1/lib/python3.12/site-packages/airflow/example_dags/subdags/subdag.py
[2026-05-06T23:33:29.830+0000] {processor.py:830} INFO - Processing file /usr/local/python/3.12.1/lib/python3.12/site-packages/airflow/example_dags/subdags/subdag.py for tasks to queue
[2026-05-06T23:33:29.831+0000] {logging_mixin.py:188} INFO - [2026-05-06T23:33:29.831+0000] {dagbag.py:545} INFO - Filling up the DagBag from /usr/local/python/3.12.1/lib/python3.12/site-packages/airflow/example_dags/subdags/subdag.py
[2026-05-06T23:33:29.833+0000] {processor.py:842} WARNING - No viable dags retrieved from /usr/local/python/3.12.1/lib/python3.12/site-packages/airflow/example_dags/subdags/subdag.py
[2026-05-06T23:33:29.842+0000] {processor.py:183} INFO - Processing /usr/local/python/3.12.1/lib/python3.12/site-packages/airflow/example_dags/subdags/subdag.py took 0.018 seconds
[2026-05-06T23:34:06.528+0000] {processor.py:161} INFO - Started process (PID=21861) to work on /usr/local/python/3.12.1/lib/python3.12/site-packages/airflow/example_dags/subdags/subdag.py
[2026-05-06T23:34:06.529+0000] {processor.py:830} INFO - Processing file /usr/local/python/3.12.1/lib/python3.12/site-packages/airflow/example_dags/subdags/subdag.py for tasks to queue
[2026-05-06T23:34:06.530+0000] {logging_mixin.py:188} INFO - [2026-05-06T23:34:06.530+0000] {dagbag.py:545} INFO - Filling up the DagBag from /usr/local/python/3.12.1/lib/python3.12/site-packages/airflow/example_dags/subdags/subdag.py
[2026-05-06T23:34:06.532+0000] {processor.py:842} WARNING - No viable dags retrieved from /usr/local/python/3.12.1/lib/python3.12/site-packages/airflow/example_dags/subdags/subdag.py
[2026-05-06T23:34:06.541+0000] {processor.py:183} INFO - Processing /usr/local/python/3.12.1/lib/python3.12/site-packages/airflow/example_dags/subdags/subdag.py took 0.017 seconds
[2026-05-06T23:34:47.569+0000] {processor.py:161} INFO - Started process (PID=22195) to work on /usr/local/python/3.12.1/lib/python3.12/site-packages/airflow/example_dags/subdags/subdag.py
[2026-05-06T23:34:47.570+0000] {processor.py:830} INFO - Processing file /usr/local/python/3.12.1/lib/python3.12/site-packages/airflow/example_dags/subdags/subdag.py for tasks to queue
[2026-05-06T23:34:47.571+0000] {logging_mixin.py:188} INFO - [2026-05-06T23:34:47.571+0000] {dagbag.py:545} INFO - Filling up the DagBag from /usr/local/python/3.12.1/lib/python3.12/site-packages/airflow/example_dags/subdags/subdag.py
[2026-05-06T23:34:47.573+0000] {processor.py:842} WARNING - No viable dags retrieved from /usr/local/python/3.12.1/lib/python3.12/site-packages/airflow/example_dags/subdags/subdag.py
[2026-05-06T23:34:47.582+0000] {processor.py:183} INFO - Processing /usr/local/python/3.12.1/lib/python3.12/site-packages/airflow/example_dags/subdags/subdag.py took 0.017 seconds
[2026-05-06T23:35:24.112+0000] {processor.py:161} INFO - Started process (PID=22473) to work on /usr/local/python/3.12.1/lib/python3.12/site-packages/airflow/example_dags/subdags/subdag.py
[2026-05-06T23:35:24.113+0000] {processor.py:830} INFO - Processing file /usr/local/python/3.12.1/lib/python3.12/site-packages/airflow/example_dags/subdags/subdag.py for tasks to queue
[2026-05-06T23:35:24.114+0000] {logging_mixin.py:188} INFO - [2026-05-06T23:35:24.114+0000] {dagbag.py:545} INFO - Filling up the DagBag from /usr/local/python/3.12.1/lib/python3.12/site-packages/airflow/example_dags/subdags/subdag.py
[2026-05-06T23:35:24.116+0000] {processor.py:842} WARNING - No viable dags retrieved from /usr/local/python/3.12.1/lib/python3.12/site-packages/airflow/example_dags/subdags/subdag.py
[2026-05-06T23:35:24.125+0000] {processor.py:183} INFO - Processing /usr/local/python/3.12.1/lib/python3.12/site-packages/airflow/example_dags/subdags/subdag.py took 0.018 seconds
[2026-05-06T23:36:04.448+0000] {processor.py:161} INFO - Started process (PID=22786) to work on /usr/local/python/3.12.1/lib/python3.12/site-packages/airflow/example_dags/subdags/subdag.py
[2026-05-06T23:36:04.449+0000] {processor.py:830} INFO - Processing file /usr/local/python/3.12.1/lib/python3.12/site-packages/airflow/example_dags/subdags/subdag.py for tasks to queue
[2026-05-06T23:36:04.451+0000] {logging_mixin.py:188} INFO - [2026-05-06T23:36:04.450+0000] {dagbag.py:545} INFO - Filling up the DagBag from /usr/local/python/3.12.1/lib/python3.12/site-packages/airflow/example_dags/subdags/subdag.py
[2026-05-06T23:36:04.452+0000] {processor.py:842} WARNING - No viable dags retrieved from /usr/local/python/3.12.1/lib/python3.12/site-packages/airflow/example_dags/subdags/subdag.py
[2026-05-06T23:36:04.461+0000] {processor.py:183} INFO - Processing /usr/local/python/3.12.1/lib/python3.12/site-packages/airflow/example_dags/subdags/subdag.py took 0.018 seconds
[2026-05-06T23:36:41.550+0000] {processor.py:161} INFO - Started process (PID=23080) to work on /usr/local/python/3.12.1/lib/python3.12/site-packages/airflow/example_dags/subdags/subdag.py
[2026-05-06T23:36:41.551+0000] {processor.py:830} INFO - Processing file /usr/local/python/3.12.1/lib/python3.12/site-packages/airflow/example_dags/subdags/subdag.py for tasks to queue
[2026-05-06T23:36:41.552+0000] {logging_mixin.py:188} INFO - [2026-05-06T23:36:41.552+0000] {dagbag.py:545} INFO - Filling up the DagBag from /usr/local/python/3.12.1/lib/python3.12/site-packages/airflow/example_dags/subdags/subdag.py
[2026-05-06T23:36:41.554+0000] {processor.py:842} WARNING - No viable dags retrieved from /usr/local/python/3.12.1/lib/python3.12/site-packages/airflow/example_dags/subdags/subdag.py
[2026-05-06T23:36:41.564+0000] {processor.py:183} INFO - Processing /usr/local/python/3.12.1/lib/python3.12/site-packages/airflow/example_dags/subdags/subdag.py took 0.018 seconds
[2026-05-06T23:37:21.502+0000] {processor.py:161} INFO - Started process (PID=23393) to work on /usr/local/python/3.12.1/lib/python3.12/site-packages/airflow/example_dags/subdags/subdag.py
[2026-05-06T23:37:21.503+0000] {processor.py:830} INFO - Processing file /usr/local/python/3.12.1/lib/python3.12/site-packages/airflow/example_dags/subdags/subdag.py for tasks to queue
[2026-05-06T23:37:21.504+0000] {logging_mixin.py:188} INFO - [2026-05-06T23:37:21.504+0000] {dagbag.py:545} INFO - Filling up the DagBag from /usr/local/python/3.12.1/lib/python3.12/site-packages/airflow/example_dags/subdags/subdag.py
[2026-05-06T23:37:21.506+0000] {processor.py:842} WARNING - No viable dags retrieved from /usr/local/python/3.12.1/lib/python3.12/site-packages/airflow/example_dags/subdags/subdag.py
[2026-05-06T23:37:21.517+0000] {processor.py:183} INFO - Processing /usr/local/python/3.12.1/lib/python3.12/site-packages/airflow/example_dags/subdags/subdag.py took 0.020 seconds
[2026-05-06T23:37:58.925+0000] {processor.py:161} INFO - Started process (PID=23671) to work on /usr/local/python/3.12.1/lib/python3.12/site-packages/airflow/example_dags/subdags/subdag.py
[2026-05-06T23:37:58.926+0000] {processor.py:830} INFO - Processing file /usr/local/python/3.12.1/lib/python3.12/site-packages/airflow/example_dags/subdags/subdag.py for tasks to queue
[2026-05-06T23:37:58.928+0000] {logging_mixin.py:188} INFO - [2026-05-06T23:37:58.927+0000] {dagbag.py:545} INFO - Filling up the DagBag from /usr/local/python/3.12.1/lib/python3.12/site-packages/airflow/example_dags/subdags/subdag.py
[2026-05-06T23:37:58.929+0000] {processor.py:842} WARNING - No viable dags retrieved from /usr/local/python/3.12.1/lib/python3.12/site-packages/airflow/example_dags/subdags/subdag.py
[2026-05-06T23:37:58.938+0000] {processor.py:183} INFO - Processing /usr/local/python/3.12.1/lib/python3.12/site-packages/airflow/example_dags/subdags/subdag.py took 0.017 seconds
[2026-05-06T23:38:38.330+0000] {processor.py:161} INFO - Started process (PID=23985) to work on /usr/local/python/3.12.1/lib/python3.12/site-packages/airflow/example_dags/subdags/subdag.py
[2026-05-06T23:38:38.331+0000] {processor.py:830} INFO - Processing file /usr/local/python/3.12.1/lib/python3.12/site-packages/airflow/example_dags/subdags/subdag.py for tasks to queue
[2026-05-06T23:38:38.333+0000] {logging_mixin.py:188} INFO - [2026-05-06T23:38:38.332+0000] {dagbag.py:545} INFO - Filling up the DagBag from /usr/local/python/3.12.1/lib/python3.12/site-packages/airflow/example_dags/subdags/subdag.py
[2026-05-06T23:38:38.335+0000] {processor.py:842} WARNING - No viable dags retrieved from /usr/local/python/3.12.1/lib/python3.12/site-packages/airflow/example_dags/subdags/subdag.py
[2026-05-06T23:38:38.348+0000] {processor.py:183} INFO - Processing /usr/local/python/3.12.1/lib/python3.12/site-packages/airflow/example_dags/subdags/subdag.py took 0.022 seconds
[2026-05-06T23:39:17.236+0000] {processor.py:161} INFO - Started process (PID=24289) to work on /usr/local/python/3.12.1/lib/python3.12/site-packages/airflow/example_dags/subdags/subdag.py
[2026-05-06T23:39:17.237+0000] {processor.py:830} INFO - Processing file /usr/local/python/3.12.1/lib/python3.12/site-packages/airflow/example_dags/subdags/subdag.py for tasks to queue
[2026-05-06T23:39:17.238+0000] {logging_mixin.py:188} INFO - [2026-05-06T23:39:17.238+0000] {dagbag.py:545} INFO - Filling up the DagBag from /usr/local/python/3.12.1/lib/python3.12/site-packages/airflow/example_dags/subdags/subdag.py
[2026-05-06T23:39:17.240+0000] {processor.py:842} WARNING - No viable dags retrieved from /usr/local/python/3.12.1/lib/python3.12/site-packages/airflow/example_dags/subdags/subdag.py
[2026-05-06T23:39:17.249+0000] {processor.py:183} INFO - Processing /usr/local/python/3.12.1/lib/python3.12/site-packages/airflow/example_dags/subdags/subdag.py took 0.018 seconds
[2026-05-06T23:39:55.488+0000] {processor.py:161} INFO - Started process (PID=24595) to work on /usr/local/python/3.12.1/lib/python3.12/site-packages/airflow/example_dags/subdags/subdag.py
[2026-05-06T23:39:55.489+0000] {processor.py:830} INFO - Processing file /usr/local/python/3.12.1/lib/python3.12/site-packages/airflow/example_dags/subdags/subdag.py for tasks to queue
[2026-05-06T23:39:55.491+0000] {logging_mixin.py:188} INFO - [2026-05-06T23:39:55.490+0000] {dagbag.py:545} INFO - Filling up the DagBag from /usr/local/python/3.12.1/lib/python3.12/site-packages/airflow/example_dags/subdags/subdag.py
[2026-05-06T23:39:55.492+0000] {processor.py:842} WARNING - No viable dags retrieved from /usr/local/python/3.12.1/lib/python3.12/site-packages/airflow/example_dags/subdags/subdag.py
[2026-05-06T23:39:55.501+0000] {processor.py:183} INFO - Processing /usr/local/python/3.12.1/lib/python3.12/site-packages/airflow/example_dags/subdags/subdag.py took 0.018 seconds
[2026-05-06T23:40:37.424+0000] {processor.py:161} INFO - Started process (PID=24910) to work on /usr/local/python/3.12.1/lib/python3.12/site-packages/airflow/example_dags/subdags/subdag.py
[2026-05-06T23:40:37.425+0000] {processor.py:830} INFO - Processing file /usr/local/python/3.12.1/lib/python3.12/site-packages/airflow/example_dags/subdags/subdag.py for tasks to queue
[2026-05-06T23:40:37.426+0000] {logging_mixin.py:188} INFO - [2026-05-06T23:40:37.426+0000] {dagbag.py:545} INFO - Filling up the DagBag from /usr/local/python/3.12.1/lib/python3.12/site-packages/airflow/example_dags/subdags/subdag.py
[2026-05-06T23:40:37.428+0000] {processor.py:842} WARNING - No viable dags retrieved from /usr/local/python/3.12.1/lib/python3.12/site-packages/airflow/example_dags/subdags/subdag.py
[2026-05-06T23:40:37.437+0000] {processor.py:183} INFO - Processing /usr/local/python/3.12.1/lib/python3.12/site-packages/airflow/example_dags/subdags/subdag.py took 0.018 seconds
[2026-05-06T23:41:17.077+0000] {processor.py:161} INFO - Started process (PID=25231) to work on /usr/local/python/3.12.1/lib/python3.12/site-packages/airflow/example_dags/subdags/subdag.py
[2026-05-06T23:41:17.078+0000] {processor.py:830} INFO - Processing file /usr/local/python/3.12.1/lib/python3.12/site-packages/airflow/example_dags/subdags/subdag.py for tasks to queue
[2026-05-06T23:41:17.079+0000] {logging_mixin.py:188} INFO - [2026-05-06T23:41:17.079+0000] {dagbag.py:545} INFO - Filling up the DagBag from /usr/local/python/3.12.1/lib/python3.12/site-packages/airflow/example_dags/subdags/subdag.py
[2026-05-06T23:41:17.081+0000] {processor.py:842} WARNING - No viable dags retrieved from /usr/local/python/3.12.1/lib/python3.12/site-packages/airflow/example_dags/subdags/subdag.py
[2026-05-06T23:41:17.090+0000] {processor.py:183} INFO - Processing /usr/local/python/3.12.1/lib/python3.12/site-packages/airflow/example_dags/subdags/subdag.py took 0.018 seconds
[2026-05-06T23:41:54.114+0000] {processor.py:161} INFO - Started process (PID=25517) to work on /usr/local/python/3.12.1/lib/python3.12/site-packages/airflow/example_dags/subdags/subdag.py
[2026-05-06T23:41:54.115+0000] {processor.py:830} INFO - Processing file /usr/local/python/3.12.1/lib/python3.12/site-packages/airflow/example_dags/subdags/subdag.py for tasks to queue
[2026-05-06T23:41:54.116+0000] {logging_mixin.py:188} INFO - [2026-05-06T23:41:54.116+0000] {dagbag.py:545} INFO - Filling up the DagBag from /usr/local/python/3.12.1/lib/python3.12/site-packages/airflow/example_dags/subdags/subdag.py
[2026-05-06T23:41:54.118+0000] {processor.py:842} WARNING - No viable dags retrieved from /usr/local/python/3.12.1/lib/python3.12/site-packages/airflow/example_dags/subdags/subdag.py
[2026-05-06T23:41:54.128+0000] {processor.py:183} INFO - Processing /usr/local/python/3.12.1/lib/python3.12/site-packages/airflow/example_dags/subdags/subdag.py took 0.018 seconds
[2026-05-06T23:42:36.566+0000] {processor.py:161} INFO - Started process (PID=25842) to work on /usr/local/python/3.12.1/lib/python3.12/site-packages/airflow/example_dags/subdags/subdag.py
[2026-05-06T23:42:36.567+0000] {processor.py:830} INFO - Processing file /usr/local/python/3.12.1/lib/python3.12/site-packages/airflow/example_dags/subdags/subdag.py for tasks to queue
[2026-05-06T23:42:36.569+0000] {logging_mixin.py:188} INFO - [2026-05-06T23:42:36.568+0000] {dagbag.py:545} INFO - Filling up the DagBag from /usr/local/python/3.12.1/lib/python3.12/site-packages/airflow/example_dags/subdags/subdag.py
[2026-05-06T23:42:36.570+0000] {processor.py:842} WARNING - No viable dags retrieved from /usr/local/python/3.12.1/lib/python3.12/site-packages/airflow/example_dags/subdags/subdag.py
[2026-05-06T23:42:36.581+0000] {processor.py:183} INFO - Processing /usr/local/python/3.12.1/lib/python3.12/site-packages/airflow/example_dags/subdags/subdag.py took 0.019 seconds
[2026-05-06T23:43:18.728+0000] {processor.py:161} INFO - Started process (PID=26167) to work on /usr/local/python/3.12.1/lib/python3.12/site-packages/airflow/example_dags/subdags/subdag.py
[2026-05-06T23:43:18.729+0000] {processor.py:830} INFO - Processing file /usr/local/python/3.12.1/lib/python3.12/site-packages/airflow/example_dags/subdags/subdag.py for tasks to queue
[2026-05-06T23:43:18.730+0000] {logging_mixin.py:188} INFO - [2026-05-06T23:43:18.730+0000] {dagbag.py:545} INFO - Filling up the DagBag from /usr/local/python/3.12.1/lib/python3.12/site-packages/airflow/example_dags/subdags/subdag.py
[2026-05-06T23:43:18.732+0000] {processor.py:842} WARNING - No viable dags retrieved from /usr/local/python/3.12.1/lib/python3.12/site-packages/airflow/example_dags/subdags/subdag.py
[2026-05-06T23:43:18.742+0000] {processor.py:183} INFO - Processing /usr/local/python/3.12.1/lib/python3.12/site-packages/airflow/example_dags/subdags/subdag.py took 0.019 seconds
[2026-05-06T23:43:56.944+0000] {processor.py:161} INFO - Started process (PID=26469) to work on /usr/local/python/3.12.1/lib/python3.12/site-packages/airflow/example_dags/subdags/subdag.py
[2026-05-06T23:43:56.945+0000] {processor.py:830} INFO - Processing file /usr/local/python/3.12.1/lib/python3.12/site-packages/airflow/example_dags/subdags/subdag.py for tasks to queue
[2026-05-06T23:43:56.946+0000] {logging_mixin.py:188} INFO - [2026-05-06T23:43:56.946+0000] {dagbag.py:545} INFO - Filling up the DagBag from /usr/local/python/3.12.1/lib/python3.12/site-packages/airflow/example_dags/subdags/subdag.py
[2026-05-06T23:43:56.948+0000] {processor.py:842} WARNING - No viable dags retrieved from /usr/local/python/3.12.1/lib/python3.12/site-packages/airflow/example_dags/subdags/subdag.py
[2026-05-06T23:43:56.957+0000] {processor.py:183} INFO - Processing /usr/local/python/3.12.1/lib/python3.12/site-packages/airflow/example_dags/subdags/subdag.py took 0.018 seconds
[2026-05-06T23:44:35.884+0000] {processor.py:161} INFO - Started process (PID=26775) to work on /usr/local/python/3.12.1/lib/python3.12/site-packages/airflow/example_dags/subdags/subdag.py
[2026-05-06T23:44:35.885+0000] {processor.py:830} INFO - Processing file /usr/local/python/3.12.1/lib/python3.12/site-packages/airflow/example_dags/subdags/subdag.py for tasks to queue
[2026-05-06T23:44:35.886+0000] {logging_mixin.py:188} INFO - [2026-05-06T23:44:35.886+0000] {dagbag.py:545} INFO - Filling up the DagBag from /usr/local/python/3.12.1/lib/python3.12/site-packages/airflow/example_dags/subdags/subdag.py
[2026-05-06T23:44:35.888+0000] {processor.py:842} WARNING - No viable dags retrieved from /usr/local/python/3.12.1/lib/python3.12/site-packages/airflow/example_dags/subdags/subdag.py
[2026-05-06T23:44:35.897+0000] {processor.py:183} INFO - Processing /usr/local/python/3.12.1/lib/python3.12/site-packages/airflow/example_dags/subdags/subdag.py took 0.018 seconds
[2026-05-06T23:45:14.106+0000] {processor.py:161} INFO - Started process (PID=27061) to work on /usr/local/python/3.12.1/lib/python3.12/site-packages/airflow/example_dags/subdags/subdag.py
[2026-05-06T23:45:14.106+0000] {processor.py:830} INFO - Processing file /usr/local/python/3.12.1/lib/python3.12/site-packages/airflow/example_dags/subdags/subdag.py for tasks to queue
[2026-05-06T23:45:14.108+0000] {logging_mixin.py:188} INFO - [2026-05-06T23:45:14.108+0000] {dagbag.py:545} INFO - Filling up the DagBag from /usr/local/python/3.12.1/lib/python3.12/site-packages/airflow/example_dags/subdags/subdag.py
[2026-05-06T23:45:14.110+0000] {processor.py:842} WARNING - No viable dags retrieved from /usr/local/python/3.12.1/lib/python3.12/site-packages/airflow/example_dags/subdags/subdag.py
[2026-05-06T23:45:14.119+0000] {processor.py:183} INFO - Processing /usr/local/python/3.12.1/lib/python3.12/site-packages/airflow/example_dags/subdags/subdag.py took 0.018 seconds
[2026-05-06T23:45:51.732+0000] {processor.py:161} INFO - Started process (PID=27356) to work on /usr/local/python/3.12.1/lib/python3.12/site-packages/airflow/example_dags/subdags/subdag.py
[2026-05-06T23:45:51.733+0000] {processor.py:830} INFO - Processing file /usr/local/python/3.12.1/lib/python3.12/site-packages/airflow/example_dags/subdags/subdag.py for tasks to queue
[2026-05-06T23:45:51.735+0000] {logging_mixin.py:188} INFO - [2026-05-06T23:45:51.734+0000] {dagbag.py:545} INFO - Filling up the DagBag from /usr/local/python/3.12.1/lib/python3.12/site-packages/airflow/example_dags/subdags/subdag.py
[2026-05-06T23:45:51.736+0000] {processor.py:842} WARNING - No viable dags retrieved from /usr/local/python/3.12.1/lib/python3.12/site-packages/airflow/example_dags/subdags/subdag.py
[2026-05-06T23:45:51.746+0000] {processor.py:183} INFO - Processing /usr/local/python/3.12.1/lib/python3.12/site-packages/airflow/example_dags/subdags/subdag.py took 0.018 seconds
[2026-05-06T23:46:32.752+0000] {processor.py:161} INFO - Started process (PID=27679) to work on /usr/local/python/3.12.1/lib/python3.12/site-packages/airflow/example_dags/subdags/subdag.py
[2026-05-06T23:46:32.753+0000] {processor.py:830} INFO - Processing file /usr/local/python/3.12.1/lib/python3.12/site-packages/airflow/example_dags/subdags/subdag.py for tasks to queue
[2026-05-06T23:46:32.754+0000] {logging_mixin.py:188} INFO - [2026-05-06T23:46:32.754+0000] {dagbag.py:545} INFO - Filling up the DagBag from /usr/local/python/3.12.1/lib/python3.12/site-packages/airflow/example_dags/subdags/subdag.py
[2026-05-06T23:46:32.756+0000] {processor.py:842} WARNING - No viable dags retrieved from /usr/local/python/3.12.1/lib/python3.12/site-packages/airflow/example_dags/subdags/subdag.py
[2026-05-06T23:46:32.765+0000] {processor.py:183} INFO - Processing /usr/local/python/3.12.1/lib/python3.12/site-packages/airflow/example_dags/subdags/subdag.py took 0.019 seconds
[2026-05-06T23:47:09.880+0000] {processor.py:161} INFO - Started process (PID=27971) to work on /usr/local/python/3.12.1/lib/python3.12/site-packages/airflow/example_dags/subdags/subdag.py
[2026-05-06T23:47:09.881+0000] {processor.py:830} INFO - Processing file /usr/local/python/3.12.1/lib/python3.12/site-packages/airflow/example_dags/subdags/subdag.py for tasks to queue
[2026-05-06T23:47:09.883+0000] {logging_mixin.py:188} INFO - [2026-05-06T23:47:09.882+0000] {dagbag.py:545} INFO - Filling up the DagBag from /usr/local/python/3.12.1/lib/python3.12/site-packages/airflow/example_dags/subdags/subdag.py
[2026-05-06T23:47:09.888+0000] {processor.py:842} WARNING - No viable dags retrieved from /usr/local/python/3.12.1/lib/python3.12/site-packages/airflow/example_dags/subdags/subdag.py
[2026-05-06T23:47:09.908+0000] {processor.py:183} INFO - Processing /usr/local/python/3.12.1/lib/python3.12/site-packages/airflow/example_dags/subdags/subdag.py took 0.035 seconds
[2026-05-06T23:47:52.514+0000] {processor.py:161} INFO - Started process (PID=28303) to work on /usr/local/python/3.12.1/lib/python3.12/site-packages/airflow/example_dags/subdags/subdag.py
[2026-05-06T23:47:52.515+0000] {processor.py:830} INFO - Processing file /usr/local/python/3.12.1/lib/python3.12/site-packages/airflow/example_dags/subdags/subdag.py for tasks to queue
[2026-05-06T23:47:52.516+0000] {logging_mixin.py:188} INFO - [2026-05-06T23:47:52.516+0000] {dagbag.py:545} INFO - Filling up the DagBag from /usr/local/python/3.12.1/lib/python3.12/site-packages/airflow/example_dags/subdags/subdag.py
[2026-05-06T23:47:52.518+0000] {processor.py:842} WARNING - No viable dags retrieved from /usr/local/python/3.12.1/lib/python3.12/site-packages/airflow/example_dags/subdags/subdag.py
[2026-05-06T23:47:52.527+0000] {processor.py:183} INFO - Processing /usr/local/python/3.12.1/lib/python3.12/site-packages/airflow/example_dags/subdags/subdag.py took 0.018 seconds
[2026-05-06T23:48:32.456+0000] {processor.py:161} INFO - Started process (PID=28618) to work on /usr/local/python/3.12.1/lib/python3.12/site-packages/airflow/example_dags/subdags/subdag.py
[2026-05-06T23:48:32.457+0000] {processor.py:830} INFO - Processing file /usr/local/python/3.12.1/lib/python3.12/site-packages/airflow/example_dags/subdags/subdag.py for tasks to queue
[2026-05-06T23:48:32.458+0000] {logging_mixin.py:188} INFO - [2026-05-06T23:48:32.458+0000] {dagbag.py:545} INFO - Filling up the DagBag from /usr/local/python/3.12.1/lib/python3.12/site-packages/airflow/example_dags/subdags/subdag.py
[2026-05-06T23:48:32.460+0000] {processor.py:842} WARNING - No viable dags retrieved from /usr/local/python/3.12.1/lib/python3.12/site-packages/airflow/example_dags/subdags/subdag.py
[2026-05-06T23:48:32.469+0000] {processor.py:183} INFO - Processing /usr/local/python/3.12.1/lib/python3.12/site-packages/airflow/example_dags/subdags/subdag.py took 0.018 seconds
[2026-05-06T23:49:11.946+0000] {processor.py:161} INFO - Started process (PID=28931) to work on /usr/local/python/3.12.1/lib/python3.12/site-packages/airflow/example_dags/subdags/subdag.py
[2026-05-06T23:49:11.946+0000] {processor.py:830} INFO - Processing file /usr/local/python/3.12.1/lib/python3.12/site-packages/airflow/example_dags/subdags/subdag.py for tasks to queue
[2026-05-06T23:49:11.948+0000] {logging_mixin.py:188} INFO - [2026-05-06T23:49:11.947+0000] {dagbag.py:545} INFO - Filling up the DagBag from /usr/local/python/3.12.1/lib/python3.12/site-packages/airflow/example_dags/subdags/subdag.py
[2026-05-06T23:49:11.949+0000] {processor.py:842} WARNING - No viable dags retrieved from /usr/local/python/3.12.1/lib/python3.12/site-packages/airflow/example_dags/subdags/subdag.py
[2026-05-06T23:49:11.958+0000] {processor.py:183} INFO - Processing /usr/local/python/3.12.1/lib/python3.12/site-packages/airflow/example_dags/subdags/subdag.py took 0.018 seconds
[2026-05-06T23:49:48.067+0000] {processor.py:161} INFO - Started process (PID=29204) to work on /usr/local/python/3.12.1/lib/python3.12/site-packages/airflow/example_dags/subdags/subdag.py
[2026-05-06T23:49:48.067+0000] {processor.py:830} INFO - Processing file /usr/local/python/3.12.1/lib/python3.12/site-packages/airflow/example_dags/subdags/subdag.py for tasks to queue
[2026-05-06T23:49:48.069+0000] {logging_mixin.py:188} INFO - [2026-05-06T23:49:48.068+0000] {dagbag.py:545} INFO - Filling up the DagBag from /usr/local/python/3.12.1/lib/python3.12/site-packages/airflow/example_dags/subdags/subdag.py
[2026-05-06T23:49:48.070+0000] {processor.py:842} WARNING - No viable dags retrieved from /usr/local/python/3.12.1/lib/python3.12/site-packages/airflow/example_dags/subdags/subdag.py
[2026-05-06T23:49:48.080+0000] {processor.py:183} INFO - Processing /usr/local/python/3.12.1/lib/python3.12/site-packages/airflow/example_dags/subdags/subdag.py took 0.018 seconds
[2026-05-06T23:50:24.860+0000] {processor.py:161} INFO - Started process (PID=29497) to work on /usr/local/python/3.12.1/lib/python3.12/site-packages/airflow/example_dags/subdags/subdag.py
[2026-05-06T23:50:24.861+0000] {processor.py:830} INFO - Processing file /usr/local/python/3.12.1/lib/python3.12/site-packages/airflow/example_dags/subdags/subdag.py for tasks to queue
[2026-05-06T23:50:24.862+0000] {logging_mixin.py:188} INFO - [2026-05-06T23:50:24.862+0000] {dagbag.py:545} INFO - Filling up the DagBag from /usr/local/python/3.12.1/lib/python3.12/site-packages/airflow/example_dags/subdags/subdag.py
[2026-05-06T23:50:24.864+0000] {processor.py:842} WARNING - No viable dags retrieved from /usr/local/python/3.12.1/lib/python3.12/site-packages/airflow/example_dags/subdags/subdag.py
[2026-05-06T23:50:24.872+0000] {processor.py:183} INFO - Processing /usr/local/python/3.12.1/lib/python3.12/site-packages/airflow/example_dags/subdags/subdag.py took 0.017 seconds
[2026-05-06T23:51:05.097+0000] {processor.py:161} INFO - Started process (PID=29809) to work on /usr/local/python/3.12.1/lib/python3.12/site-packages/airflow/example_dags/subdags/subdag.py
[2026-05-06T23:51:05.097+0000] {processor.py:830} INFO - Processing file /usr/local/python/3.12.1/lib/python3.12/site-packages/airflow/example_dags/subdags/subdag.py for tasks to queue
[2026-05-06T23:51:05.099+0000] {logging_mixin.py:188} INFO - [2026-05-06T23:51:05.099+0000] {dagbag.py:545} INFO - Filling up the DagBag from /usr/local/python/3.12.1/lib/python3.12/site-packages/airflow/example_dags/subdags/subdag.py
[2026-05-06T23:51:05.101+0000] {processor.py:842} WARNING - No viable dags retrieved from /usr/local/python/3.12.1/lib/python3.12/site-packages/airflow/example_dags/subdags/subdag.py
[2026-05-06T23:51:05.110+0000] {processor.py:183} INFO - Processing /usr/local/python/3.12.1/lib/python3.12/site-packages/airflow/example_dags/subdags/subdag.py took 0.018 seconds
[2026-05-06T23:51:42.221+0000] {processor.py:161} INFO - Started process (PID=30104) to work on /usr/local/python/3.12.1/lib/python3.12/site-packages/airflow/example_dags/subdags/subdag.py
[2026-05-06T23:51:42.222+0000] {processor.py:830} INFO - Processing file /usr/local/python/3.12.1/lib/python3.12/site-packages/airflow/example_dags/subdags/subdag.py for tasks to queue
[2026-05-06T23:51:42.223+0000] {logging_mixin.py:188} INFO - [2026-05-06T23:51:42.223+0000] {dagbag.py:545} INFO - Filling up the DagBag from /usr/local/python/3.12.1/lib/python3.12/site-packages/airflow/example_dags/subdags/subdag.py
[2026-05-06T23:51:42.225+0000] {processor.py:842} WARNING - No viable dags retrieved from /usr/local/python/3.12.1/lib/python3.12/site-packages/airflow/example_dags/subdags/subdag.py
[2026-05-06T23:51:42.234+0000] {processor.py:183} INFO - Processing /usr/local/python/3.12.1/lib/python3.12/site-packages/airflow/example_dags/subdags/subdag.py took 0.018 seconds
[2026-05-06T23:52:19.900+0000] {processor.py:161} INFO - Started process (PID=30383) to work on /usr/local/python/3.12.1/lib/python3.12/site-packages/airflow/example_dags/subdags/subdag.py
[2026-05-06T23:52:19.901+0000] {processor.py:830} INFO - Processing file /usr/local/python/3.12.1/lib/python3.12/site-packages/airflow/example_dags/subdags/subdag.py for tasks to queue
[2026-05-06T23:52:19.903+0000] {logging_mixin.py:188} INFO - [2026-05-06T23:52:19.902+0000] {dagbag.py:545} INFO - Filling up the DagBag from /usr/local/python/3.12.1/lib/python3.12/site-packages/airflow/example_dags/subdags/subdag.py
[2026-05-06T23:52:19.904+0000] {processor.py:842} WARNING - No viable dags retrieved from /usr/local/python/3.12.1/lib/python3.12/site-packages/airflow/example_dags/subdags/subdag.py
[2026-05-06T23:52:19.914+0000] {processor.py:183} INFO - Processing /usr/local/python/3.12.1/lib/python3.12/site-packages/airflow/example_dags/subdags/subdag.py took 0.018 seconds
[2026-05-06T23:52:57.821+0000] {processor.py:161} INFO - Started process (PID=30688) to work on /usr/local/python/3.12.1/lib/python3.12/site-packages/airflow/example_dags/subdags/subdag.py
[2026-05-06T23:52:57.822+0000] {processor.py:830} INFO - Processing file /usr/local/python/3.12.1/lib/python3.12/site-packages/airflow/example_dags/subdags/subdag.py for tasks to queue
[2026-05-06T23:52:57.824+0000] {logging_mixin.py:188} INFO - [2026-05-06T23:52:57.823+0000] {dagbag.py:545} INFO - Filling up the DagBag from /usr/local/python/3.12.1/lib/python3.12/site-packages/airflow/example_dags/subdags/subdag.py
[2026-05-06T23:52:57.825+0000] {processor.py:842} WARNING - No viable dags retrieved from /usr/local/python/3.12.1/lib/python3.12/site-packages/airflow/example_dags/subdags/subdag.py
[2026-05-06T23:52:57.835+0000] {processor.py:183} INFO - Processing /usr/local/python/3.12.1/lib/python3.12/site-packages/airflow/example_dags/subdags/subdag.py took 0.019 seconds
[2026-05-06T23:53:38.958+0000] {processor.py:161} INFO - Started process (PID=31009) to work on /usr/local/python/3.12.1/lib/python3.12/site-packages/airflow/example_dags/subdags/subdag.py
[2026-05-06T23:53:38.959+0000] {processor.py:830} INFO - Processing file /usr/local/python/3.12.1/lib/python3.12/site-packages/airflow/example_dags/subdags/subdag.py for tasks to queue
[2026-05-06T23:53:38.960+0000] {logging_mixin.py:188} INFO - [2026-05-06T23:53:38.960+0000] {dagbag.py:545} INFO - Filling up the DagBag from /usr/local/python/3.12.1/lib/python3.12/site-packages/airflow/example_dags/subdags/subdag.py
[2026-05-06T23:53:38.962+0000] {processor.py:842} WARNING - No viable dags retrieved from /usr/local/python/3.12.1/lib/python3.12/site-packages/airflow/example_dags/subdags/subdag.py
[2026-05-06T23:53:38.971+0000] {processor.py:183} INFO - Processing /usr/local/python/3.12.1/lib/python3.12/site-packages/airflow/example_dags/subdags/subdag.py took 0.020 seconds
[2026-05-06T23:54:18.166+0000] {processor.py:161} INFO - Started process (PID=31316) to work on /usr/local/python/3.12.1/lib/python3.12/site-packages/airflow/example_dags/subdags/subdag.py
[2026-05-06T23:54:18.167+0000] {processor.py:830} INFO - Processing file /usr/local/python/3.12.1/lib/python3.12/site-packages/airflow/example_dags/subdags/subdag.py for tasks to queue
[2026-05-06T23:54:18.168+0000] {logging_mixin.py:188} INFO - [2026-05-06T23:54:18.168+0000] {dagbag.py:545} INFO - Filling up the DagBag from /usr/local/python/3.12.1/lib/python3.12/site-packages/airflow/example_dags/subdags/subdag.py
[2026-05-06T23:54:18.170+0000] {processor.py:842} WARNING - No viable dags retrieved from /usr/local/python/3.12.1/lib/python3.12/site-packages/airflow/example_dags/subdags/subdag.py
[2026-05-06T23:54:18.179+0000] {processor.py:183} INFO - Processing /usr/local/python/3.12.1/lib/python3.12/site-packages/airflow/example_dags/subdags/subdag.py took 0.018 seconds
[2026-05-06T23:54:56.942+0000] {processor.py:161} INFO - Started process (PID=31620) to work on /usr/local/python/3.12.1/lib/python3.12/site-packages/airflow/example_dags/subdags/subdag.py
[2026-05-06T23:54:56.943+0000] {processor.py:830} INFO - Processing file /usr/local/python/3.12.1/lib/python3.12/site-packages/airflow/example_dags/subdags/subdag.py for tasks to queue
[2026-05-06T23:54:56.945+0000] {logging_mixin.py:188} INFO - [2026-05-06T23:54:56.944+0000] {dagbag.py:545} INFO - Filling up the DagBag from /usr/local/python/3.12.1/lib/python3.12/site-packages/airflow/example_dags/subdags/subdag.py
[2026-05-06T23:54:56.947+0000] {processor.py:842} WARNING - No viable dags retrieved from /usr/local/python/3.12.1/lib/python3.12/site-packages/airflow/example_dags/subdags/subdag.py
[2026-05-06T23:54:56.960+0000] {processor.py:183} INFO - Processing /usr/local/python/3.12.1/lib/python3.12/site-packages/airflow/example_dags/subdags/subdag.py took 0.025 seconds
[2026-05-06T23:55:36.094+0000] {processor.py:161} INFO - Started process (PID=31987) to work on /usr/local/python/3.12.1/lib/python3.12/site-packages/airflow/example_dags/subdags/subdag.py
[2026-05-06T23:55:36.095+0000] {processor.py:830} INFO - Processing file /usr/local/python/3.12.1/lib/python3.12/site-packages/airflow/example_dags/subdags/subdag.py for tasks to queue
[2026-05-06T23:55:36.097+0000] {logging_mixin.py:188} INFO - [2026-05-06T23:55:36.096+0000] {dagbag.py:545} INFO - Filling up the DagBag from /usr/local/python/3.12.1/lib/python3.12/site-packages/airflow/example_dags/subdags/subdag.py
[2026-05-06T23:55:36.098+0000] {processor.py:842} WARNING - No viable dags retrieved from /usr/local/python/3.12.1/lib/python3.12/site-packages/airflow/example_dags/subdags/subdag.py
[2026-05-06T23:55:36.108+0000] {processor.py:183} INFO - Processing /usr/local/python/3.12.1/lib/python3.12/site-packages/airflow/example_dags/subdags/subdag.py took 0.019 seconds
[2026-05-06T23:56:17.539+0000] {processor.py:161} INFO - Started process (PID=32307) to work on /usr/local/python/3.12.1/lib/python3.12/site-packages/airflow/example_dags/subdags/subdag.py
[2026-05-06T23:56:17.540+0000] {processor.py:830} INFO - Processing file /usr/local/python/3.12.1/lib/python3.12/site-packages/airflow/example_dags/subdags/subdag.py for tasks to queue
[2026-05-06T23:56:17.541+0000] {logging_mixin.py:188} INFO - [2026-05-06T23:56:17.541+0000] {dagbag.py:545} INFO - Filling up the DagBag from /usr/local/python/3.12.1/lib/python3.12/site-packages/airflow/example_dags/subdags/subdag.py
[2026-05-06T23:56:17.543+0000] {processor.py:842} WARNING - No viable dags retrieved from /usr/local/python/3.12.1/lib/python3.12/site-packages/airflow/example_dags/subdags/subdag.py
[2026-05-06T23:56:17.552+0000] {processor.py:183} INFO - Processing /usr/local/python/3.12.1/lib/python3.12/site-packages/airflow/example_dags/subdags/subdag.py took 0.017 seconds
[2026-05-06T23:56:52.899+0000] {processor.py:161} INFO - Started process (PID=32547) to work on /usr/local/python/3.12.1/lib/python3.12/site-packages/airflow/example_dags/subdags/subdag.py
[2026-05-06T23:56:52.900+0000] {processor.py:830} INFO - Processing file /usr/local/python/3.12.1/lib/python3.12/site-packages/airflow/example_dags/subdags/subdag.py for tasks to queue
[2026-05-06T23:56:52.902+0000] {logging_mixin.py:188} INFO - [2026-05-06T23:56:52.901+0000] {dagbag.py:545} INFO - Filling up the DagBag from /usr/local/python/3.12.1/lib/python3.12/site-packages/airflow/example_dags/subdags/subdag.py
[2026-05-06T23:56:52.904+0000] {processor.py:842} WARNING - No viable dags retrieved from /usr/local/python/3.12.1/lib/python3.12/site-packages/airflow/example_dags/subdags/subdag.py
[2026-05-06T23:56:52.913+0000] {processor.py:183} INFO - Processing /usr/local/python/3.12.1/lib/python3.12/site-packages/airflow/example_dags/subdags/subdag.py took 0.018 seconds
[2026-05-06T23:57:30.588+0000] {processor.py:161} INFO - Started process (PID=32739) to work on /usr/local/python/3.12.1/lib/python3.12/site-packages/airflow/example_dags/subdags/subdag.py
[2026-05-06T23:57:30.589+0000] {processor.py:830} INFO - Processing file /usr/local/python/3.12.1/lib/python3.12/site-packages/airflow/example_dags/subdags/subdag.py for tasks to queue
[2026-05-06T23:57:30.591+0000] {logging_mixin.py:188} INFO - [2026-05-06T23:57:30.590+0000] {dagbag.py:545} INFO - Filling up the DagBag from /usr/local/python/3.12.1/lib/python3.12/site-packages/airflow/example_dags/subdags/subdag.py
[2026-05-06T23:57:30.592+0000] {processor.py:842} WARNING - No viable dags retrieved from /usr/local/python/3.12.1/lib/python3.12/site-packages/airflow/example_dags/subdags/subdag.py
[2026-05-06T23:57:30.601+0000] {processor.py:183} INFO - Processing /usr/local/python/3.12.1/lib/python3.12/site-packages/airflow/example_dags/subdags/subdag.py took 0.018 seconds
[2026-05-06T23:58:07.168+0000] {processor.py:161} INFO - Started process (PID=32927) to work on /usr/local/python/3.12.1/lib/python3.12/site-packages/airflow/example_dags/subdags/subdag.py
[2026-05-06T23:58:07.169+0000] {processor.py:830} INFO - Processing file /usr/local/python/3.12.1/lib/python3.12/site-packages/airflow/example_dags/subdags/subdag.py for tasks to queue
[2026-05-06T23:58:07.170+0000] {logging_mixin.py:188} INFO - [2026-05-06T23:58:07.170+0000] {dagbag.py:545} INFO - Filling up the DagBag from /usr/local/python/3.12.1/lib/python3.12/site-packages/airflow/example_dags/subdags/subdag.py
[2026-05-06T23:58:07.172+0000] {processor.py:842} WARNING - No viable dags retrieved from /usr/local/python/3.12.1/lib/python3.12/site-packages/airflow/example_dags/subdags/subdag.py
[2026-05-06T23:58:07.181+0000] {processor.py:183} INFO - Processing /usr/local/python/3.12.1/lib/python3.12/site-packages/airflow/example_dags/subdags/subdag.py took 0.017 seconds
[2026-05-06T23:58:48.189+0000] {processor.py:161} INFO - Started process (PID=33124) to work on /usr/local/python/3.12.1/lib/python3.12/site-packages/airflow/example_dags/subdags/subdag.py
[2026-05-06T23:58:48.190+0000] {processor.py:830} INFO - Processing file /usr/local/python/3.12.1/lib/python3.12/site-packages/airflow/example_dags/subdags/subdag.py for tasks to queue
[2026-05-06T23:58:48.192+0000] {logging_mixin.py:188} INFO - [2026-05-06T23:58:48.191+0000] {dagbag.py:545} INFO - Filling up the DagBag from /usr/local/python/3.12.1/lib/python3.12/site-packages/airflow/example_dags/subdags/subdag.py
[2026-05-06T23:58:48.193+0000] {processor.py:842} WARNING - No viable dags retrieved from /usr/local/python/3.12.1/lib/python3.12/site-packages/airflow/example_dags/subdags/subdag.py
[2026-05-06T23:58:48.202+0000] {processor.py:183} INFO - Processing /usr/local/python/3.12.1/lib/python3.12/site-packages/airflow/example_dags/subdags/subdag.py took 0.018 seconds
[2026-05-06T23:59:28.261+0000] {processor.py:161} INFO - Started process (PID=33325) to work on /usr/local/python/3.12.1/lib/python3.12/site-packages/airflow/example_dags/subdags/subdag.py
[2026-05-06T23:59:28.262+0000] {processor.py:830} INFO - Processing file /usr/local/python/3.12.1/lib/python3.12/site-packages/airflow/example_dags/subdags/subdag.py for tasks to queue
[2026-05-06T23:59:28.264+0000] {logging_mixin.py:188} INFO - [2026-05-06T23:59:28.263+0000] {dagbag.py:545} INFO - Filling up the DagBag from /usr/local/python/3.12.1/lib/python3.12/site-packages/airflow/example_dags/subdags/subdag.py
[2026-05-06T23:59:28.266+0000] {processor.py:842} WARNING - No viable dags retrieved from /usr/local/python/3.12.1/lib/python3.12/site-packages/airflow/example_dags/subdags/subdag.py
[2026-05-06T23:59:28.278+0000] {processor.py:183} INFO - Processing /usr/local/python/3.12.1/lib/python3.12/site-packages/airflow/example_dags/subdags/subdag.py took 0.021 seconds
