[2026-05-07T08:05:02.832+0000] {local_task_job_runner.py:120} INFO - ::group::Pre task execution logs
[2026-05-07T08:05:02.848+0000] {taskinstance.py:2076} INFO - Dependencies all met for dep_context=non-requeueable deps ti=<TaskInstance: two_task_dag.t0 manual__2026-05-07T08:05:00.322045+00:00 [queued]>
[2026-05-07T08:05:02.852+0000] {taskinstance.py:2076} INFO - Dependencies all met for dep_context=requeueable deps ti=<TaskInstance: two_task_dag.t0 manual__2026-05-07T08:05:00.322045+00:00 [queued]>
[2026-05-07T08:05:02.852+0000] {taskinstance.py:2306} INFO - Starting attempt 1 of 2
[2026-05-07T08:05:02.861+0000] {taskinstance.py:2330} INFO - Executing <Task(BashOperator): t0> on 2026-05-07 08:05:00.322045+00:00
[2026-05-07T08:05:02.864+0000] {standard_task_runner.py:63} INFO - Started process 18638 to run task
[2026-05-07T08:05:02.868+0000] {standard_task_runner.py:90} INFO - Running: ['airflow', 'tasks', 'run', 'two_task_dag', 't0', 'manual__2026-05-07T08:05:00.322045+00:00', '--job-id', '8', '--raw', '--subdir', 'DAGS_FOLDER/two_task_dag.py', '--cfg-path', '/tmp/tmpw0hbv7i4']
[2026-05-07T08:05:02.869+0000] {standard_task_runner.py:91} INFO - Job 8: Subtask t0
[2026-05-07T08:05:02.896+0000] {task_command.py:426} INFO - Running <TaskInstance: two_task_dag.t0 manual__2026-05-07T08:05:00.322045+00:00 [running]> on host codespaces-b97881
[2026-05-07T08:05:03.016+0000] {taskinstance.py:2648} INFO - Exporting env vars: AIRFLOW_CTX_DAG_OWNER='airflow' AIRFLOW_CTX_DAG_ID='two_task_dag' AIRFLOW_CTX_TASK_ID='t0' AIRFLOW_CTX_EXECUTION_DATE='2026-05-07T08:05:00.322045+00:00' AIRFLOW_CTX_TRY_NUMBER='1' AIRFLOW_CTX_DAG_RUN_ID='manual__2026-05-07T08:05:00.322045+00:00'
[2026-05-07T08:05:03.016+0000] {taskinstance.py:430} INFO - ::endgroup::
[2026-05-07T08:05:03.029+0000] {subprocess.py:63} INFO - Tmp dir root location: /tmp
[2026-05-07T08:05:03.029+0000] {subprocess.py:75} INFO - Running command: ['/usr/bin/bash', '-c', 'echo "First Airflow Task"']
[2026-05-07T08:05:03.036+0000] {subprocess.py:86} INFO - Output:
[2026-05-07T08:05:03.036+0000] {subprocess.py:93} INFO - First Airflow Task
[2026-05-07T08:05:03.036+0000] {subprocess.py:97} INFO - Command exited with return code 0
[2026-05-07T08:05:03.037+0000] {taskinstance.py:441} INFO - ::group::Post task execution logs
[2026-05-07T08:05:03.048+0000] {taskinstance.py:1206} INFO - Marking task as SUCCESS. dag_id=two_task_dag, task_id=t0, run_id=manual__2026-05-07T08:05:00.322045+00:00, execution_date=20260507T080500, start_date=20260507T080502, end_date=20260507T080503
[2026-05-07T08:05:03.079+0000] {local_task_job_runner.py:240} INFO - Task exited with return code 0
[2026-05-07T08:05:03.089+0000] {taskinstance.py:3503} INFO - 1 downstream tasks scheduled from follow-on schedule check
[2026-05-07T08:05:03.092+0000] {local_task_job_runner.py:222} INFO - ::endgroup::
