[2026-05-07T09:51:49.645+0000] {local_task_job_runner.py:120} INFO - ::group::Pre task execution logs
[2026-05-07T09:51:49.661+0000] {taskinstance.py:2076} INFO - Dependencies all met for dep_context=non-requeueable deps ti=<TaskInstance: load_dag.load_task scheduled__2026-05-06T00:00:00+00:00 [queued]>
[2026-05-07T09:51:49.666+0000] {taskinstance.py:2076} INFO - Dependencies all met for dep_context=requeueable deps ti=<TaskInstance: load_dag.load_task scheduled__2026-05-06T00:00:00+00:00 [queued]>
[2026-05-07T09:51:49.666+0000] {taskinstance.py:2306} INFO - Starting attempt 1 of 2
[2026-05-07T09:51:49.675+0000] {taskinstance.py:2330} INFO - Executing <Task(BashOperator): load_task> on 2026-05-06 00:00:00+00:00
[2026-05-07T09:51:49.677+0000] {standard_task_runner.py:63} INFO - Started process 18138 to run task
[2026-05-07T09:51:49.680+0000] {standard_task_runner.py:90} INFO - Running: ['airflow', 'tasks', 'run', 'load_dag', 'load_task', 'scheduled__2026-05-06T00:00:00+00:00', '--job-id', '19', '--raw', '--subdir', 'DAGS_FOLDER/load_dag.py', '--cfg-path', '/tmp/tmpjg1uat_n']
[2026-05-07T09:51:49.681+0000] {standard_task_runner.py:91} INFO - Job 19: Subtask load_task
[2026-05-07T09:51:49.710+0000] {task_command.py:426} INFO - Running <TaskInstance: load_dag.load_task scheduled__2026-05-06T00:00:00+00:00 [running]> on host codespaces-b97881
[2026-05-07T09:51:49.832+0000] {taskinstance.py:2648} INFO - Exporting env vars: AIRFLOW_CTX_DAG_OWNER='airflow' AIRFLOW_CTX_DAG_ID='load_dag' AIRFLOW_CTX_TASK_ID='load_task' AIRFLOW_CTX_EXECUTION_DATE='2026-05-06T00:00:00+00:00' AIRFLOW_CTX_TRY_NUMBER='1' AIRFLOW_CTX_DAG_RUN_ID='scheduled__2026-05-06T00:00:00+00:00'
[2026-05-07T09:51:49.833+0000] {taskinstance.py:430} INFO - ::endgroup::
[2026-05-07T09:51:49.843+0000] {subprocess.py:63} INFO - Tmp dir root location: /tmp
[2026-05-07T09:51:49.844+0000] {subprocess.py:75} INFO - Running command: ['/usr/bin/bash', '-c', 'sqlite3 /workspaces/ETL-with-Airflow/lab/orchestrated/airflow-load-db.db -cmd ".mode csv" ".import /workspaces/ETL-with-Airflow/lab/orchestrated/airflow-transform-data.csv top_level_domains"']
[2026-05-07T09:51:49.850+0000] {subprocess.py:86} INFO - Output:
[2026-05-07T09:51:49.861+0000] {subprocess.py:97} INFO - Command exited with return code 0
[2026-05-07T09:51:49.862+0000] {taskinstance.py:441} INFO - ::group::Post task execution logs
[2026-05-07T09:51:49.876+0000] {taskinstance.py:1206} INFO - Marking task as SUCCESS. dag_id=load_dag, task_id=load_task, run_id=scheduled__2026-05-06T00:00:00+00:00, execution_date=20260506T000000, start_date=20260507T095149, end_date=20260507T095149
[2026-05-07T09:51:49.893+0000] {local_task_job_runner.py:240} INFO - Task exited with return code 0
[2026-05-07T09:51:49.901+0000] {taskinstance.py:3503} INFO - 0 downstream tasks scheduled from follow-on schedule check
[2026-05-07T09:51:49.901+0000] {local_task_job_runner.py:222} INFO - ::endgroup::
