[2026-05-07T08:05:04.529+0000] {local_task_job_runner.py:120} INFO - ::group::Pre task execution logs
[2026-05-07T08:05:04.546+0000] {taskinstance.py:2076} INFO - Dependencies all met for dep_context=non-requeueable deps ti=<TaskInstance: two_task_dag.t1 manual__2026-05-07T08:05:00.322045+00:00 [queued]>
[2026-05-07T08:05:04.550+0000] {taskinstance.py:2076} INFO - Dependencies all met for dep_context=requeueable deps ti=<TaskInstance: two_task_dag.t1 manual__2026-05-07T08:05:00.322045+00:00 [queued]>
[2026-05-07T08:05:04.550+0000] {taskinstance.py:2306} INFO - Starting attempt 1 of 2
[2026-05-07T08:05:04.560+0000] {taskinstance.py:2330} INFO - Executing <Task(BashOperator): t1> on 2026-05-07 08:05:00.322045+00:00
[2026-05-07T08:05:04.562+0000] {standard_task_runner.py:63} INFO - Started process 18649 to run task
[2026-05-07T08:05:04.565+0000] {standard_task_runner.py:90} INFO - Running: ['airflow', 'tasks', 'run', 'two_task_dag', 't1', 'manual__2026-05-07T08:05:00.322045+00:00', '--job-id', '9', '--raw', '--subdir', 'DAGS_FOLDER/two_task_dag.py', '--cfg-path', '/tmp/tmpyzs3s_85']
[2026-05-07T08:05:04.566+0000] {standard_task_runner.py:91} INFO - Job 9: Subtask t1
[2026-05-07T08:05:04.592+0000] {task_command.py:426} INFO - Running <TaskInstance: two_task_dag.t1 manual__2026-05-07T08:05:00.322045+00:00 [running]> on host codespaces-b97881
[2026-05-07T08:05:04.705+0000] {taskinstance.py:2648} INFO - Exporting env vars: AIRFLOW_CTX_DAG_OWNER='airflow' AIRFLOW_CTX_DAG_ID='two_task_dag' AIRFLOW_CTX_TASK_ID='t1' AIRFLOW_CTX_EXECUTION_DATE='2026-05-07T08:05:00.322045+00:00' AIRFLOW_CTX_TRY_NUMBER='1' AIRFLOW_CTX_DAG_RUN_ID='manual__2026-05-07T08:05:00.322045+00:00'
[2026-05-07T08:05:04.705+0000] {taskinstance.py:430} INFO - ::endgroup::
[2026-05-07T08:05:04.716+0000] {subprocess.py:63} INFO - Tmp dir root location: /tmp
[2026-05-07T08:05:04.716+0000] {subprocess.py:75} INFO - Running command: ['/usr/bin/bash', '-c', 'sleep 5 && echo "Second Airflow Task"']
[2026-05-07T08:05:04.721+0000] {subprocess.py:86} INFO - Output:
[2026-05-07T08:05:09.725+0000] {subprocess.py:93} INFO - Second Airflow Task
[2026-05-07T08:05:09.725+0000] {subprocess.py:97} INFO - Command exited with return code 0
[2026-05-07T08:05:09.726+0000] {taskinstance.py:441} INFO - ::group::Post task execution logs
[2026-05-07T08:05:09.738+0000] {taskinstance.py:1206} INFO - Marking task as SUCCESS. dag_id=two_task_dag, task_id=t1, run_id=manual__2026-05-07T08:05:00.322045+00:00, execution_date=20260507T080500, start_date=20260507T080504, end_date=20260507T080509
[2026-05-07T08:05:09.778+0000] {local_task_job_runner.py:240} INFO - Task exited with return code 0
[2026-05-07T08:05:09.789+0000] {taskinstance.py:3503} INFO - 0 downstream tasks scheduled from follow-on schedule check
[2026-05-07T08:05:09.789+0000] {local_task_job_runner.py:222} INFO - ::endgroup::
