[2026-05-07T09:31:24.913+0000] {processor.py:161} INFO - Started process (PID=7531) to work on /workspaces/ETL-with-Airflow/airflow/dags/extract_dag.py
[2026-05-07T09:31:24.914+0000] {processor.py:830} INFO - Processing file /workspaces/ETL-with-Airflow/airflow/dags/extract_dag.py for tasks to queue
[2026-05-07T09:31:24.915+0000] {logging_mixin.py:188} INFO - [2026-05-07T09:31:24.915+0000] {dagbag.py:545} INFO - Filling up the DagBag from /workspaces/ETL-with-Airflow/airflow/dags/extract_dag.py
[2026-05-07T09:31:24.924+0000] {processor.py:840} INFO - DAG(s) 'extract_dag' retrieved from /workspaces/ETL-with-Airflow/airflow/dags/extract_dag.py
[2026-05-07T09:31:25.011+0000] {logging_mixin.py:188} INFO - [2026-05-07T09:31:25.010+0000] {override.py:1829} INFO - Created Permission View: can edit on DAG:extract_dag
[2026-05-07T09:31:25.019+0000] {logging_mixin.py:188} INFO - [2026-05-07T09:31:25.019+0000] {override.py:1829} INFO - Created Permission View: can delete on DAG:extract_dag
[2026-05-07T09:31:25.025+0000] {logging_mixin.py:188} INFO - [2026-05-07T09:31:25.024+0000] {override.py:1829} INFO - Created Permission View: can read on DAG:extract_dag
[2026-05-07T09:31:25.025+0000] {logging_mixin.py:188} INFO - [2026-05-07T09:31:25.025+0000] {dag.py:3096} INFO - Sync 1 DAGs
[2026-05-07T09:31:25.032+0000] {logging_mixin.py:188} INFO - [2026-05-07T09:31:25.032+0000] {dag.py:3118} INFO - Creating ORM DAG for extract_dag
[2026-05-07T09:31:25.039+0000] {logging_mixin.py:188} INFO - [2026-05-07T09:31:25.039+0000] {dag.py:3954} INFO - Setting next_dagrun for extract_dag to 2026-05-06 00:00:00+00:00, run_after=2026-05-07 00:00:00+00:00
[2026-05-07T09:31:25.054+0000] {processor.py:183} INFO - Processing /workspaces/ETL-with-Airflow/airflow/dags/extract_dag.py took 0.145 seconds
[2026-05-07T09:31:55.796+0000] {processor.py:161} INFO - Started process (PID=7778) to work on /workspaces/ETL-with-Airflow/airflow/dags/extract_dag.py
[2026-05-07T09:31:55.797+0000] {processor.py:830} INFO - Processing file /workspaces/ETL-with-Airflow/airflow/dags/extract_dag.py for tasks to queue
[2026-05-07T09:31:55.798+0000] {logging_mixin.py:188} INFO - [2026-05-07T09:31:55.798+0000] {dagbag.py:545} INFO - Filling up the DagBag from /workspaces/ETL-with-Airflow/airflow/dags/extract_dag.py
[2026-05-07T09:31:55.807+0000] {processor.py:840} INFO - DAG(s) 'extract_dag' retrieved from /workspaces/ETL-with-Airflow/airflow/dags/extract_dag.py
[2026-05-07T09:31:55.825+0000] {logging_mixin.py:188} INFO - [2026-05-07T09:31:55.824+0000] {dag.py:3096} INFO - Sync 1 DAGs
[2026-05-07T09:31:55.840+0000] {logging_mixin.py:188} INFO - [2026-05-07T09:31:55.840+0000] {dag.py:3954} INFO - Setting next_dagrun for extract_dag to 2026-05-07 00:00:00+00:00, run_after=2026-05-08 00:00:00+00:00
[2026-05-07T09:31:55.856+0000] {processor.py:183} INFO - Processing /workspaces/ETL-with-Airflow/airflow/dags/extract_dag.py took 0.064 seconds
[2026-05-07T09:32:26.871+0000] {processor.py:161} INFO - Started process (PID=7996) to work on /workspaces/ETL-with-Airflow/airflow/dags/extract_dag.py
[2026-05-07T09:32:26.872+0000] {processor.py:830} INFO - Processing file /workspaces/ETL-with-Airflow/airflow/dags/extract_dag.py for tasks to queue
[2026-05-07T09:32:26.873+0000] {logging_mixin.py:188} INFO - [2026-05-07T09:32:26.873+0000] {dagbag.py:545} INFO - Filling up the DagBag from /workspaces/ETL-with-Airflow/airflow/dags/extract_dag.py
[2026-05-07T09:32:26.882+0000] {processor.py:840} INFO - DAG(s) 'extract_dag' retrieved from /workspaces/ETL-with-Airflow/airflow/dags/extract_dag.py
[2026-05-07T09:32:26.900+0000] {logging_mixin.py:188} INFO - [2026-05-07T09:32:26.899+0000] {dag.py:3096} INFO - Sync 1 DAGs
[2026-05-07T09:32:26.915+0000] {logging_mixin.py:188} INFO - [2026-05-07T09:32:26.915+0000] {dag.py:3954} INFO - Setting next_dagrun for extract_dag to 2026-05-07 00:00:00+00:00, run_after=2026-05-08 00:00:00+00:00
[2026-05-07T09:32:26.931+0000] {processor.py:183} INFO - Processing /workspaces/ETL-with-Airflow/airflow/dags/extract_dag.py took 0.064 seconds
[2026-05-07T09:32:57.242+0000] {processor.py:161} INFO - Started process (PID=8223) to work on /workspaces/ETL-with-Airflow/airflow/dags/extract_dag.py
[2026-05-07T09:32:57.243+0000] {processor.py:830} INFO - Processing file /workspaces/ETL-with-Airflow/airflow/dags/extract_dag.py for tasks to queue
[2026-05-07T09:32:57.244+0000] {logging_mixin.py:188} INFO - [2026-05-07T09:32:57.244+0000] {dagbag.py:545} INFO - Filling up the DagBag from /workspaces/ETL-with-Airflow/airflow/dags/extract_dag.py
[2026-05-07T09:32:57.253+0000] {processor.py:840} INFO - DAG(s) 'extract_dag' retrieved from /workspaces/ETL-with-Airflow/airflow/dags/extract_dag.py
[2026-05-07T09:32:57.270+0000] {logging_mixin.py:188} INFO - [2026-05-07T09:32:57.270+0000] {dag.py:3096} INFO - Sync 1 DAGs
[2026-05-07T09:32:57.285+0000] {logging_mixin.py:188} INFO - [2026-05-07T09:32:57.285+0000] {dag.py:3954} INFO - Setting next_dagrun for extract_dag to 2026-05-07 00:00:00+00:00, run_after=2026-05-08 00:00:00+00:00
[2026-05-07T09:32:57.300+0000] {processor.py:183} INFO - Processing /workspaces/ETL-with-Airflow/airflow/dags/extract_dag.py took 0.062 seconds
[2026-05-07T09:33:09.470+0000] {processor.py:161} INFO - Started process (PID=8355) to work on /workspaces/ETL-with-Airflow/airflow/dags/extract_dag.py
[2026-05-07T09:33:09.471+0000] {processor.py:830} INFO - Processing file /workspaces/ETL-with-Airflow/airflow/dags/extract_dag.py for tasks to queue
[2026-05-07T09:33:09.473+0000] {logging_mixin.py:188} INFO - [2026-05-07T09:33:09.472+0000] {dagbag.py:545} INFO - Filling up the DagBag from /workspaces/ETL-with-Airflow/airflow/dags/extract_dag.py
[2026-05-07T09:33:09.482+0000] {processor.py:840} INFO - DAG(s) 'extract_dag' retrieved from /workspaces/ETL-with-Airflow/airflow/dags/extract_dag.py
[2026-05-07T09:33:09.591+0000] {logging_mixin.py:188} INFO - [2026-05-07T09:33:09.590+0000] {dag.py:3096} INFO - Sync 1 DAGs
[2026-05-07T09:33:09.604+0000] {logging_mixin.py:188} INFO - [2026-05-07T09:33:09.603+0000] {dag.py:3954} INFO - Setting next_dagrun for extract_dag to 2026-05-07 00:00:00+00:00, run_after=2026-05-08 00:00:00+00:00
[2026-05-07T09:33:09.621+0000] {processor.py:183} INFO - Processing /workspaces/ETL-with-Airflow/airflow/dags/extract_dag.py took 0.155 seconds
[2026-05-07T09:33:12.437+0000] {processor.py:161} INFO - Started process (PID=8371) to work on /workspaces/ETL-with-Airflow/airflow/dags/extract_dag.py
[2026-05-07T09:33:12.438+0000] {processor.py:830} INFO - Processing file /workspaces/ETL-with-Airflow/airflow/dags/extract_dag.py for tasks to queue
[2026-05-07T09:33:12.440+0000] {logging_mixin.py:188} INFO - [2026-05-07T09:33:12.439+0000] {dagbag.py:545} INFO - Filling up the DagBag from /workspaces/ETL-with-Airflow/airflow/dags/extract_dag.py
[2026-05-07T09:33:12.447+0000] {logging_mixin.py:188} INFO - [2026-05-07T09:33:12.442+0000] {dagbag.py:355} ERROR - Failed to import: /workspaces/ETL-with-Airflow/airflow/dags/extract_dag.py
Traceback (most recent call last):
  File "/usr/local/python/3.12.1/lib/python3.12/site-packages/airflow/models/dagbag.py", line 351, in parse
    loader.exec_module(new_module)
  File "<frozen importlib._bootstrap_external>", line 990, in exec_module
  File "<frozen importlib._bootstrap_external>", line 1128, in get_code
  File "<frozen importlib._bootstrap_external>", line 1058, in source_to_code
  File "<frozen importlib._bootstrap>", line 488, in _call_with_frames_removed
  File "/workspaces/ETL-with-Airflow/airflow/dags/extract_dag.py", line 19
    extract_task = BashOperator(
                               ^
SyntaxError: '(' was never closed
[2026-05-07T09:33:12.447+0000] {processor.py:842} WARNING - No viable dags retrieved from /workspaces/ETL-with-Airflow/airflow/dags/extract_dag.py
[2026-05-07T09:33:12.462+0000] {processor.py:183} INFO - Processing /workspaces/ETL-with-Airflow/airflow/dags/extract_dag.py took 0.030 seconds
[2026-05-07T09:33:15.673+0000] {processor.py:161} INFO - Started process (PID=8393) to work on /workspaces/ETL-with-Airflow/airflow/dags/extract_dag.py
[2026-05-07T09:33:15.673+0000] {processor.py:830} INFO - Processing file /workspaces/ETL-with-Airflow/airflow/dags/extract_dag.py for tasks to queue
[2026-05-07T09:33:15.675+0000] {logging_mixin.py:188} INFO - [2026-05-07T09:33:15.674+0000] {dagbag.py:545} INFO - Filling up the DagBag from /workspaces/ETL-with-Airflow/airflow/dags/extract_dag.py
[2026-05-07T09:33:15.686+0000] {processor.py:840} INFO - DAG(s) 'extract_dag' retrieved from /workspaces/ETL-with-Airflow/airflow/dags/extract_dag.py
[2026-05-07T09:33:15.701+0000] {logging_mixin.py:188} INFO - [2026-05-07T09:33:15.700+0000] {dag.py:3096} INFO - Sync 1 DAGs
[2026-05-07T09:33:15.733+0000] {logging_mixin.py:188} INFO - [2026-05-07T09:33:15.733+0000] {dag.py:3954} INFO - Setting next_dagrun for extract_dag to 2026-05-07 00:00:00+00:00, run_after=2026-05-08 00:00:00+00:00
[2026-05-07T09:33:15.753+0000] {processor.py:183} INFO - Processing /workspaces/ETL-with-Airflow/airflow/dags/extract_dag.py took 0.085 seconds
[2026-05-07T09:33:16.808+0000] {processor.py:161} INFO - Started process (PID=8401) to work on /workspaces/ETL-with-Airflow/airflow/dags/extract_dag.py
[2026-05-07T09:33:16.809+0000] {processor.py:830} INFO - Processing file /workspaces/ETL-with-Airflow/airflow/dags/extract_dag.py for tasks to queue
[2026-05-07T09:33:16.811+0000] {logging_mixin.py:188} INFO - [2026-05-07T09:33:16.810+0000] {dagbag.py:545} INFO - Filling up the DagBag from /workspaces/ETL-with-Airflow/airflow/dags/extract_dag.py
[2026-05-07T09:33:16.825+0000] {processor.py:840} INFO - DAG(s) 'extract_dag' retrieved from /workspaces/ETL-with-Airflow/airflow/dags/extract_dag.py
[2026-05-07T09:33:16.832+0000] {logging_mixin.py:188} INFO - [2026-05-07T09:33:16.832+0000] {dag.py:3096} INFO - Sync 1 DAGs
[2026-05-07T09:33:16.847+0000] {logging_mixin.py:188} INFO - [2026-05-07T09:33:16.847+0000] {dag.py:3954} INFO - Setting next_dagrun for extract_dag to 2026-05-07 00:00:00+00:00, run_after=2026-05-08 00:00:00+00:00
[2026-05-07T09:33:16.863+0000] {processor.py:183} INFO - Processing /workspaces/ETL-with-Airflow/airflow/dags/extract_dag.py took 0.062 seconds
[2026-05-07T09:33:47.483+0000] {processor.py:161} INFO - Started process (PID=8651) to work on /workspaces/ETL-with-Airflow/airflow/dags/extract_dag.py
[2026-05-07T09:33:47.484+0000] {processor.py:830} INFO - Processing file /workspaces/ETL-with-Airflow/airflow/dags/extract_dag.py for tasks to queue
[2026-05-07T09:33:47.486+0000] {logging_mixin.py:188} INFO - [2026-05-07T09:33:47.485+0000] {dagbag.py:545} INFO - Filling up the DagBag from /workspaces/ETL-with-Airflow/airflow/dags/extract_dag.py
[2026-05-07T09:33:47.495+0000] {processor.py:840} INFO - DAG(s) 'extract_dag' retrieved from /workspaces/ETL-with-Airflow/airflow/dags/extract_dag.py
[2026-05-07T09:33:47.512+0000] {logging_mixin.py:188} INFO - [2026-05-07T09:33:47.512+0000] {dag.py:3096} INFO - Sync 1 DAGs
[2026-05-07T09:33:47.528+0000] {logging_mixin.py:188} INFO - [2026-05-07T09:33:47.527+0000] {dag.py:3954} INFO - Setting next_dagrun for extract_dag to 2026-05-07 00:00:00+00:00, run_after=2026-05-08 00:00:00+00:00
[2026-05-07T09:33:47.543+0000] {processor.py:183} INFO - Processing /workspaces/ETL-with-Airflow/airflow/dags/extract_dag.py took 0.064 seconds
[2026-05-07T09:34:17.662+0000] {processor.py:161} INFO - Started process (PID=9251) to work on /workspaces/ETL-with-Airflow/airflow/dags/extract_dag.py
[2026-05-07T09:34:17.663+0000] {processor.py:830} INFO - Processing file /workspaces/ETL-with-Airflow/airflow/dags/extract_dag.py for tasks to queue
[2026-05-07T09:34:17.664+0000] {logging_mixin.py:188} INFO - [2026-05-07T09:34:17.664+0000] {dagbag.py:545} INFO - Filling up the DagBag from /workspaces/ETL-with-Airflow/airflow/dags/extract_dag.py
[2026-05-07T09:34:17.673+0000] {processor.py:840} INFO - DAG(s) 'extract_dag' retrieved from /workspaces/ETL-with-Airflow/airflow/dags/extract_dag.py
[2026-05-07T09:34:17.694+0000] {logging_mixin.py:188} INFO - [2026-05-07T09:34:17.694+0000] {dag.py:3096} INFO - Sync 1 DAGs
[2026-05-07T09:34:17.710+0000] {logging_mixin.py:188} INFO - [2026-05-07T09:34:17.709+0000] {dag.py:3954} INFO - Setting next_dagrun for extract_dag to 2026-05-07 00:00:00+00:00, run_after=2026-05-08 00:00:00+00:00
[2026-05-07T09:34:17.725+0000] {processor.py:183} INFO - Processing /workspaces/ETL-with-Airflow/airflow/dags/extract_dag.py took 0.067 seconds
[2026-05-07T09:34:47.845+0000] {processor.py:161} INFO - Started process (PID=9490) to work on /workspaces/ETL-with-Airflow/airflow/dags/extract_dag.py
[2026-05-07T09:34:47.846+0000] {processor.py:830} INFO - Processing file /workspaces/ETL-with-Airflow/airflow/dags/extract_dag.py for tasks to queue
[2026-05-07T09:34:47.848+0000] {logging_mixin.py:188} INFO - [2026-05-07T09:34:47.848+0000] {dagbag.py:545} INFO - Filling up the DagBag from /workspaces/ETL-with-Airflow/airflow/dags/extract_dag.py
[2026-05-07T09:34:47.857+0000] {processor.py:840} INFO - DAG(s) 'extract_dag' retrieved from /workspaces/ETL-with-Airflow/airflow/dags/extract_dag.py
[2026-05-07T09:34:47.874+0000] {logging_mixin.py:188} INFO - [2026-05-07T09:34:47.874+0000] {dag.py:3096} INFO - Sync 1 DAGs
[2026-05-07T09:34:47.893+0000] {logging_mixin.py:188} INFO - [2026-05-07T09:34:47.893+0000] {dag.py:3954} INFO - Setting next_dagrun for extract_dag to 2026-05-07 00:00:00+00:00, run_after=2026-05-08 00:00:00+00:00
[2026-05-07T09:34:47.908+0000] {processor.py:183} INFO - Processing /workspaces/ETL-with-Airflow/airflow/dags/extract_dag.py took 0.068 seconds
[2026-05-07T09:35:18.025+0000] {processor.py:161} INFO - Started process (PID=9712) to work on /workspaces/ETL-with-Airflow/airflow/dags/extract_dag.py
[2026-05-07T09:35:18.026+0000] {processor.py:830} INFO - Processing file /workspaces/ETL-with-Airflow/airflow/dags/extract_dag.py for tasks to queue
[2026-05-07T09:35:18.027+0000] {logging_mixin.py:188} INFO - [2026-05-07T09:35:18.027+0000] {dagbag.py:545} INFO - Filling up the DagBag from /workspaces/ETL-with-Airflow/airflow/dags/extract_dag.py
[2026-05-07T09:35:18.037+0000] {processor.py:840} INFO - DAG(s) 'extract_dag' retrieved from /workspaces/ETL-with-Airflow/airflow/dags/extract_dag.py
[2026-05-07T09:35:18.054+0000] {logging_mixin.py:188} INFO - [2026-05-07T09:35:18.054+0000] {dag.py:3096} INFO - Sync 1 DAGs
[2026-05-07T09:35:18.070+0000] {logging_mixin.py:188} INFO - [2026-05-07T09:35:18.069+0000] {dag.py:3954} INFO - Setting next_dagrun for extract_dag to 2026-05-07 00:00:00+00:00, run_after=2026-05-08 00:00:00+00:00
[2026-05-07T09:35:18.093+0000] {processor.py:183} INFO - Processing /workspaces/ETL-with-Airflow/airflow/dags/extract_dag.py took 0.072 seconds
[2026-05-07T09:35:48.205+0000] {processor.py:161} INFO - Started process (PID=9928) to work on /workspaces/ETL-with-Airflow/airflow/dags/extract_dag.py
[2026-05-07T09:35:48.206+0000] {processor.py:830} INFO - Processing file /workspaces/ETL-with-Airflow/airflow/dags/extract_dag.py for tasks to queue
[2026-05-07T09:35:48.207+0000] {logging_mixin.py:188} INFO - [2026-05-07T09:35:48.207+0000] {dagbag.py:545} INFO - Filling up the DagBag from /workspaces/ETL-with-Airflow/airflow/dags/extract_dag.py
[2026-05-07T09:35:48.216+0000] {processor.py:840} INFO - DAG(s) 'extract_dag' retrieved from /workspaces/ETL-with-Airflow/airflow/dags/extract_dag.py
[2026-05-07T09:35:48.233+0000] {logging_mixin.py:188} INFO - [2026-05-07T09:35:48.233+0000] {dag.py:3096} INFO - Sync 1 DAGs
[2026-05-07T09:35:48.248+0000] {logging_mixin.py:188} INFO - [2026-05-07T09:35:48.248+0000] {dag.py:3954} INFO - Setting next_dagrun for extract_dag to 2026-05-07 00:00:00+00:00, run_after=2026-05-08 00:00:00+00:00
[2026-05-07T09:35:48.264+0000] {processor.py:183} INFO - Processing /workspaces/ETL-with-Airflow/airflow/dags/extract_dag.py took 0.063 seconds
[2026-05-07T09:36:18.386+0000] {processor.py:161} INFO - Started process (PID=10134) to work on /workspaces/ETL-with-Airflow/airflow/dags/extract_dag.py
[2026-05-07T09:36:18.387+0000] {processor.py:830} INFO - Processing file /workspaces/ETL-with-Airflow/airflow/dags/extract_dag.py for tasks to queue
[2026-05-07T09:36:18.389+0000] {logging_mixin.py:188} INFO - [2026-05-07T09:36:18.388+0000] {dagbag.py:545} INFO - Filling up the DagBag from /workspaces/ETL-with-Airflow/airflow/dags/extract_dag.py
[2026-05-07T09:36:18.398+0000] {processor.py:840} INFO - DAG(s) 'extract_dag' retrieved from /workspaces/ETL-with-Airflow/airflow/dags/extract_dag.py
[2026-05-07T09:36:18.415+0000] {logging_mixin.py:188} INFO - [2026-05-07T09:36:18.414+0000] {dag.py:3096} INFO - Sync 1 DAGs
[2026-05-07T09:36:18.430+0000] {logging_mixin.py:188} INFO - [2026-05-07T09:36:18.429+0000] {dag.py:3954} INFO - Setting next_dagrun for extract_dag to 2026-05-07 00:00:00+00:00, run_after=2026-05-08 00:00:00+00:00
[2026-05-07T09:36:18.445+0000] {processor.py:183} INFO - Processing /workspaces/ETL-with-Airflow/airflow/dags/extract_dag.py took 0.064 seconds
[2026-05-07T09:36:48.570+0000] {processor.py:161} INFO - Started process (PID=10463) to work on /workspaces/ETL-with-Airflow/airflow/dags/extract_dag.py
[2026-05-07T09:36:48.571+0000] {processor.py:830} INFO - Processing file /workspaces/ETL-with-Airflow/airflow/dags/extract_dag.py for tasks to queue
[2026-05-07T09:36:48.573+0000] {logging_mixin.py:188} INFO - [2026-05-07T09:36:48.572+0000] {dagbag.py:545} INFO - Filling up the DagBag from /workspaces/ETL-with-Airflow/airflow/dags/extract_dag.py
[2026-05-07T09:36:48.582+0000] {processor.py:840} INFO - DAG(s) 'extract_dag' retrieved from /workspaces/ETL-with-Airflow/airflow/dags/extract_dag.py
[2026-05-07T09:36:48.599+0000] {logging_mixin.py:188} INFO - [2026-05-07T09:36:48.599+0000] {dag.py:3096} INFO - Sync 1 DAGs
[2026-05-07T09:36:48.615+0000] {logging_mixin.py:188} INFO - [2026-05-07T09:36:48.614+0000] {dag.py:3954} INFO - Setting next_dagrun for extract_dag to 2026-05-07 00:00:00+00:00, run_after=2026-05-08 00:00:00+00:00
[2026-05-07T09:36:49.136+0000] {processor.py:183} INFO - Processing /workspaces/ETL-with-Airflow/airflow/dags/extract_dag.py took 0.571 seconds
[2026-05-07T09:37:19.251+0000] {processor.py:161} INFO - Started process (PID=10677) to work on /workspaces/ETL-with-Airflow/airflow/dags/extract_dag.py
[2026-05-07T09:37:19.252+0000] {processor.py:830} INFO - Processing file /workspaces/ETL-with-Airflow/airflow/dags/extract_dag.py for tasks to queue
[2026-05-07T09:37:19.253+0000] {logging_mixin.py:188} INFO - [2026-05-07T09:37:19.253+0000] {dagbag.py:545} INFO - Filling up the DagBag from /workspaces/ETL-with-Airflow/airflow/dags/extract_dag.py
[2026-05-07T09:37:19.262+0000] {processor.py:840} INFO - DAG(s) 'extract_dag' retrieved from /workspaces/ETL-with-Airflow/airflow/dags/extract_dag.py
[2026-05-07T09:37:19.280+0000] {logging_mixin.py:188} INFO - [2026-05-07T09:37:19.279+0000] {dag.py:3096} INFO - Sync 1 DAGs
[2026-05-07T09:37:19.294+0000] {logging_mixin.py:188} INFO - [2026-05-07T09:37:19.294+0000] {dag.py:3954} INFO - Setting next_dagrun for extract_dag to 2026-05-07 00:00:00+00:00, run_after=2026-05-08 00:00:00+00:00
[2026-05-07T09:37:19.371+0000] {processor.py:183} INFO - Processing /workspaces/ETL-with-Airflow/airflow/dags/extract_dag.py took 0.125 seconds
[2026-05-07T09:37:49.542+0000] {processor.py:161} INFO - Started process (PID=10901) to work on /workspaces/ETL-with-Airflow/airflow/dags/extract_dag.py
[2026-05-07T09:37:49.543+0000] {processor.py:830} INFO - Processing file /workspaces/ETL-with-Airflow/airflow/dags/extract_dag.py for tasks to queue
[2026-05-07T09:37:49.545+0000] {logging_mixin.py:188} INFO - [2026-05-07T09:37:49.544+0000] {dagbag.py:545} INFO - Filling up the DagBag from /workspaces/ETL-with-Airflow/airflow/dags/extract_dag.py
[2026-05-07T09:37:49.554+0000] {processor.py:840} INFO - DAG(s) 'extract_dag' retrieved from /workspaces/ETL-with-Airflow/airflow/dags/extract_dag.py
[2026-05-07T09:37:49.571+0000] {logging_mixin.py:188} INFO - [2026-05-07T09:37:49.571+0000] {dag.py:3096} INFO - Sync 1 DAGs
[2026-05-07T09:37:49.587+0000] {logging_mixin.py:188} INFO - [2026-05-07T09:37:49.587+0000] {dag.py:3954} INFO - Setting next_dagrun for extract_dag to 2026-05-07 00:00:00+00:00, run_after=2026-05-08 00:00:00+00:00
[2026-05-07T09:37:49.602+0000] {processor.py:183} INFO - Processing /workspaces/ETL-with-Airflow/airflow/dags/extract_dag.py took 0.065 seconds
[2026-05-07T09:38:19.721+0000] {processor.py:161} INFO - Started process (PID=11275) to work on /workspaces/ETL-with-Airflow/airflow/dags/extract_dag.py
[2026-05-07T09:38:19.722+0000] {processor.py:830} INFO - Processing file /workspaces/ETL-with-Airflow/airflow/dags/extract_dag.py for tasks to queue
[2026-05-07T09:38:19.724+0000] {logging_mixin.py:188} INFO - [2026-05-07T09:38:19.723+0000] {dagbag.py:545} INFO - Filling up the DagBag from /workspaces/ETL-with-Airflow/airflow/dags/extract_dag.py
[2026-05-07T09:38:19.733+0000] {processor.py:840} INFO - DAG(s) 'extract_dag' retrieved from /workspaces/ETL-with-Airflow/airflow/dags/extract_dag.py
[2026-05-07T09:38:19.750+0000] {logging_mixin.py:188} INFO - [2026-05-07T09:38:19.750+0000] {dag.py:3096} INFO - Sync 1 DAGs
[2026-05-07T09:38:19.765+0000] {logging_mixin.py:188} INFO - [2026-05-07T09:38:19.765+0000] {dag.py:3954} INFO - Setting next_dagrun for extract_dag to 2026-05-07 00:00:00+00:00, run_after=2026-05-08 00:00:00+00:00
[2026-05-07T09:38:19.783+0000] {processor.py:183} INFO - Processing /workspaces/ETL-with-Airflow/airflow/dags/extract_dag.py took 0.067 seconds
[2026-05-07T09:38:49.886+0000] {processor.py:161} INFO - Started process (PID=11493) to work on /workspaces/ETL-with-Airflow/airflow/dags/extract_dag.py
[2026-05-07T09:38:49.887+0000] {processor.py:830} INFO - Processing file /workspaces/ETL-with-Airflow/airflow/dags/extract_dag.py for tasks to queue
[2026-05-07T09:38:49.888+0000] {logging_mixin.py:188} INFO - [2026-05-07T09:38:49.888+0000] {dagbag.py:545} INFO - Filling up the DagBag from /workspaces/ETL-with-Airflow/airflow/dags/extract_dag.py
[2026-05-07T09:38:49.897+0000] {processor.py:840} INFO - DAG(s) 'extract_dag' retrieved from /workspaces/ETL-with-Airflow/airflow/dags/extract_dag.py
[2026-05-07T09:38:49.916+0000] {logging_mixin.py:188} INFO - [2026-05-07T09:38:49.915+0000] {dag.py:3096} INFO - Sync 1 DAGs
[2026-05-07T09:38:49.931+0000] {logging_mixin.py:188} INFO - [2026-05-07T09:38:49.931+0000] {dag.py:3954} INFO - Setting next_dagrun for extract_dag to 2026-05-07 00:00:00+00:00, run_after=2026-05-08 00:00:00+00:00
[2026-05-07T09:38:49.947+0000] {processor.py:183} INFO - Processing /workspaces/ETL-with-Airflow/airflow/dags/extract_dag.py took 0.067 seconds
[2026-05-07T09:39:20.068+0000] {processor.py:161} INFO - Started process (PID=11717) to work on /workspaces/ETL-with-Airflow/airflow/dags/extract_dag.py
[2026-05-07T09:39:20.068+0000] {processor.py:830} INFO - Processing file /workspaces/ETL-with-Airflow/airflow/dags/extract_dag.py for tasks to queue
[2026-05-07T09:39:20.070+0000] {logging_mixin.py:188} INFO - [2026-05-07T09:39:20.069+0000] {dagbag.py:545} INFO - Filling up the DagBag from /workspaces/ETL-with-Airflow/airflow/dags/extract_dag.py
[2026-05-07T09:39:20.079+0000] {processor.py:840} INFO - DAG(s) 'extract_dag' retrieved from /workspaces/ETL-with-Airflow/airflow/dags/extract_dag.py
[2026-05-07T09:39:20.097+0000] {logging_mixin.py:188} INFO - [2026-05-07T09:39:20.097+0000] {dag.py:3096} INFO - Sync 1 DAGs
[2026-05-07T09:39:20.112+0000] {logging_mixin.py:188} INFO - [2026-05-07T09:39:20.112+0000] {dag.py:3954} INFO - Setting next_dagrun for extract_dag to 2026-05-07 00:00:00+00:00, run_after=2026-05-08 00:00:00+00:00
[2026-05-07T09:39:20.128+0000] {processor.py:183} INFO - Processing /workspaces/ETL-with-Airflow/airflow/dags/extract_dag.py took 0.066 seconds
[2026-05-07T09:39:50.250+0000] {processor.py:161} INFO - Started process (PID=11947) to work on /workspaces/ETL-with-Airflow/airflow/dags/extract_dag.py
[2026-05-07T09:39:50.251+0000] {processor.py:830} INFO - Processing file /workspaces/ETL-with-Airflow/airflow/dags/extract_dag.py for tasks to queue
[2026-05-07T09:39:50.253+0000] {logging_mixin.py:188} INFO - [2026-05-07T09:39:50.252+0000] {dagbag.py:545} INFO - Filling up the DagBag from /workspaces/ETL-with-Airflow/airflow/dags/extract_dag.py
[2026-05-07T09:39:50.262+0000] {processor.py:840} INFO - DAG(s) 'extract_dag' retrieved from /workspaces/ETL-with-Airflow/airflow/dags/extract_dag.py
[2026-05-07T09:39:50.279+0000] {logging_mixin.py:188} INFO - [2026-05-07T09:39:50.279+0000] {dag.py:3096} INFO - Sync 1 DAGs
[2026-05-07T09:39:50.295+0000] {logging_mixin.py:188} INFO - [2026-05-07T09:39:50.294+0000] {dag.py:3954} INFO - Setting next_dagrun for extract_dag to 2026-05-07 00:00:00+00:00, run_after=2026-05-08 00:00:00+00:00
[2026-05-07T09:39:50.310+0000] {processor.py:183} INFO - Processing /workspaces/ETL-with-Airflow/airflow/dags/extract_dag.py took 0.065 seconds
[2026-05-07T09:40:20.433+0000] {processor.py:161} INFO - Started process (PID=12159) to work on /workspaces/ETL-with-Airflow/airflow/dags/extract_dag.py
[2026-05-07T09:40:20.434+0000] {processor.py:830} INFO - Processing file /workspaces/ETL-with-Airflow/airflow/dags/extract_dag.py for tasks to queue
[2026-05-07T09:40:20.435+0000] {logging_mixin.py:188} INFO - [2026-05-07T09:40:20.435+0000] {dagbag.py:545} INFO - Filling up the DagBag from /workspaces/ETL-with-Airflow/airflow/dags/extract_dag.py
[2026-05-07T09:40:20.444+0000] {processor.py:840} INFO - DAG(s) 'extract_dag' retrieved from /workspaces/ETL-with-Airflow/airflow/dags/extract_dag.py
[2026-05-07T09:40:20.461+0000] {logging_mixin.py:188} INFO - [2026-05-07T09:40:20.461+0000] {dag.py:3096} INFO - Sync 1 DAGs
[2026-05-07T09:40:20.476+0000] {logging_mixin.py:188} INFO - [2026-05-07T09:40:20.476+0000] {dag.py:3954} INFO - Setting next_dagrun for extract_dag to 2026-05-07 00:00:00+00:00, run_after=2026-05-08 00:00:00+00:00
[2026-05-07T09:40:20.491+0000] {processor.py:183} INFO - Processing /workspaces/ETL-with-Airflow/airflow/dags/extract_dag.py took 0.065 seconds
[2026-05-07T09:40:50.612+0000] {processor.py:161} INFO - Started process (PID=12366) to work on /workspaces/ETL-with-Airflow/airflow/dags/extract_dag.py
[2026-05-07T09:40:50.612+0000] {processor.py:830} INFO - Processing file /workspaces/ETL-with-Airflow/airflow/dags/extract_dag.py for tasks to queue
[2026-05-07T09:40:50.614+0000] {logging_mixin.py:188} INFO - [2026-05-07T09:40:50.613+0000] {dagbag.py:545} INFO - Filling up the DagBag from /workspaces/ETL-with-Airflow/airflow/dags/extract_dag.py
[2026-05-07T09:40:50.623+0000] {processor.py:840} INFO - DAG(s) 'extract_dag' retrieved from /workspaces/ETL-with-Airflow/airflow/dags/extract_dag.py
[2026-05-07T09:40:50.640+0000] {logging_mixin.py:188} INFO - [2026-05-07T09:40:50.640+0000] {dag.py:3096} INFO - Sync 1 DAGs
[2026-05-07T09:40:50.655+0000] {logging_mixin.py:188} INFO - [2026-05-07T09:40:50.655+0000] {dag.py:3954} INFO - Setting next_dagrun for extract_dag to 2026-05-07 00:00:00+00:00, run_after=2026-05-08 00:00:00+00:00
[2026-05-07T09:40:50.671+0000] {processor.py:183} INFO - Processing /workspaces/ETL-with-Airflow/airflow/dags/extract_dag.py took 0.065 seconds
[2026-05-07T09:41:20.810+0000] {processor.py:161} INFO - Started process (PID=12595) to work on /workspaces/ETL-with-Airflow/airflow/dags/extract_dag.py
[2026-05-07T09:41:20.811+0000] {processor.py:830} INFO - Processing file /workspaces/ETL-with-Airflow/airflow/dags/extract_dag.py for tasks to queue
[2026-05-07T09:41:20.813+0000] {logging_mixin.py:188} INFO - [2026-05-07T09:41:20.812+0000] {dagbag.py:545} INFO - Filling up the DagBag from /workspaces/ETL-with-Airflow/airflow/dags/extract_dag.py
[2026-05-07T09:41:20.822+0000] {processor.py:840} INFO - DAG(s) 'extract_dag' retrieved from /workspaces/ETL-with-Airflow/airflow/dags/extract_dag.py
[2026-05-07T09:41:20.839+0000] {logging_mixin.py:188} INFO - [2026-05-07T09:41:20.838+0000] {dag.py:3096} INFO - Sync 1 DAGs
[2026-05-07T09:41:20.853+0000] {logging_mixin.py:188} INFO - [2026-05-07T09:41:20.853+0000] {dag.py:3954} INFO - Setting next_dagrun for extract_dag to 2026-05-07 00:00:00+00:00, run_after=2026-05-08 00:00:00+00:00
[2026-05-07T09:41:20.868+0000] {processor.py:183} INFO - Processing /workspaces/ETL-with-Airflow/airflow/dags/extract_dag.py took 0.063 seconds
[2026-05-07T09:41:51.019+0000] {processor.py:161} INFO - Started process (PID=12979) to work on /workspaces/ETL-with-Airflow/airflow/dags/extract_dag.py
[2026-05-07T09:41:51.021+0000] {processor.py:830} INFO - Processing file /workspaces/ETL-with-Airflow/airflow/dags/extract_dag.py for tasks to queue
[2026-05-07T09:41:51.026+0000] {logging_mixin.py:188} INFO - [2026-05-07T09:41:51.026+0000] {dagbag.py:545} INFO - Filling up the DagBag from /workspaces/ETL-with-Airflow/airflow/dags/extract_dag.py
[2026-05-07T09:41:51.045+0000] {processor.py:840} INFO - DAG(s) 'extract_dag' retrieved from /workspaces/ETL-with-Airflow/airflow/dags/extract_dag.py
[2026-05-07T09:41:51.081+0000] {logging_mixin.py:188} INFO - [2026-05-07T09:41:51.080+0000] {dag.py:3096} INFO - Sync 1 DAGs
[2026-05-07T09:41:51.116+0000] {logging_mixin.py:188} INFO - [2026-05-07T09:41:51.116+0000] {dag.py:3954} INFO - Setting next_dagrun for extract_dag to 2026-05-07 00:00:00+00:00, run_after=2026-05-08 00:00:00+00:00
[2026-05-07T09:41:51.137+0000] {processor.py:183} INFO - Processing /workspaces/ETL-with-Airflow/airflow/dags/extract_dag.py took 0.137 seconds
[2026-05-07T09:42:21.294+0000] {processor.py:161} INFO - Started process (PID=13241) to work on /workspaces/ETL-with-Airflow/airflow/dags/extract_dag.py
[2026-05-07T09:42:21.295+0000] {processor.py:830} INFO - Processing file /workspaces/ETL-with-Airflow/airflow/dags/extract_dag.py for tasks to queue
[2026-05-07T09:42:21.296+0000] {logging_mixin.py:188} INFO - [2026-05-07T09:42:21.296+0000] {dagbag.py:545} INFO - Filling up the DagBag from /workspaces/ETL-with-Airflow/airflow/dags/extract_dag.py
[2026-05-07T09:42:21.305+0000] {processor.py:840} INFO - DAG(s) 'extract_dag' retrieved from /workspaces/ETL-with-Airflow/airflow/dags/extract_dag.py
[2026-05-07T09:42:21.323+0000] {logging_mixin.py:188} INFO - [2026-05-07T09:42:21.323+0000] {dag.py:3096} INFO - Sync 1 DAGs
[2026-05-07T09:42:21.339+0000] {logging_mixin.py:188} INFO - [2026-05-07T09:42:21.339+0000] {dag.py:3954} INFO - Setting next_dagrun for extract_dag to 2026-05-07 00:00:00+00:00, run_after=2026-05-08 00:00:00+00:00
[2026-05-07T09:42:21.354+0000] {processor.py:183} INFO - Processing /workspaces/ETL-with-Airflow/airflow/dags/extract_dag.py took 0.066 seconds
[2026-05-07T09:42:51.482+0000] {processor.py:161} INFO - Started process (PID=13486) to work on /workspaces/ETL-with-Airflow/airflow/dags/extract_dag.py
[2026-05-07T09:42:51.483+0000] {processor.py:830} INFO - Processing file /workspaces/ETL-with-Airflow/airflow/dags/extract_dag.py for tasks to queue
[2026-05-07T09:42:51.485+0000] {logging_mixin.py:188} INFO - [2026-05-07T09:42:51.484+0000] {dagbag.py:545} INFO - Filling up the DagBag from /workspaces/ETL-with-Airflow/airflow/dags/extract_dag.py
[2026-05-07T09:42:51.494+0000] {processor.py:840} INFO - DAG(s) 'extract_dag' retrieved from /workspaces/ETL-with-Airflow/airflow/dags/extract_dag.py
[2026-05-07T09:42:51.512+0000] {logging_mixin.py:188} INFO - [2026-05-07T09:42:51.512+0000] {dag.py:3096} INFO - Sync 1 DAGs
[2026-05-07T09:42:51.528+0000] {logging_mixin.py:188} INFO - [2026-05-07T09:42:51.527+0000] {dag.py:3954} INFO - Setting next_dagrun for extract_dag to 2026-05-07 00:00:00+00:00, run_after=2026-05-08 00:00:00+00:00
[2026-05-07T09:42:51.543+0000] {processor.py:183} INFO - Processing /workspaces/ETL-with-Airflow/airflow/dags/extract_dag.py took 0.066 seconds
[2026-05-07T09:43:21.664+0000] {processor.py:161} INFO - Started process (PID=13725) to work on /workspaces/ETL-with-Airflow/airflow/dags/extract_dag.py
[2026-05-07T09:43:21.664+0000] {processor.py:830} INFO - Processing file /workspaces/ETL-with-Airflow/airflow/dags/extract_dag.py for tasks to queue
[2026-05-07T09:43:21.666+0000] {logging_mixin.py:188} INFO - [2026-05-07T09:43:21.666+0000] {dagbag.py:545} INFO - Filling up the DagBag from /workspaces/ETL-with-Airflow/airflow/dags/extract_dag.py
[2026-05-07T09:43:21.679+0000] {processor.py:840} INFO - DAG(s) 'extract_dag' retrieved from /workspaces/ETL-with-Airflow/airflow/dags/extract_dag.py
[2026-05-07T09:43:21.697+0000] {logging_mixin.py:188} INFO - [2026-05-07T09:43:21.696+0000] {dag.py:3096} INFO - Sync 1 DAGs
[2026-05-07T09:43:21.712+0000] {logging_mixin.py:188} INFO - [2026-05-07T09:43:21.711+0000] {dag.py:3954} INFO - Setting next_dagrun for extract_dag to 2026-05-07 00:00:00+00:00, run_after=2026-05-08 00:00:00+00:00
[2026-05-07T09:43:21.727+0000] {processor.py:183} INFO - Processing /workspaces/ETL-with-Airflow/airflow/dags/extract_dag.py took 0.068 seconds
[2026-05-07T09:43:51.846+0000] {processor.py:161} INFO - Started process (PID=13965) to work on /workspaces/ETL-with-Airflow/airflow/dags/extract_dag.py
[2026-05-07T09:43:51.846+0000] {processor.py:830} INFO - Processing file /workspaces/ETL-with-Airflow/airflow/dags/extract_dag.py for tasks to queue
[2026-05-07T09:43:51.848+0000] {logging_mixin.py:188} INFO - [2026-05-07T09:43:51.848+0000] {dagbag.py:545} INFO - Filling up the DagBag from /workspaces/ETL-with-Airflow/airflow/dags/extract_dag.py
[2026-05-07T09:43:51.857+0000] {processor.py:840} INFO - DAG(s) 'extract_dag' retrieved from /workspaces/ETL-with-Airflow/airflow/dags/extract_dag.py
[2026-05-07T09:43:51.874+0000] {logging_mixin.py:188} INFO - [2026-05-07T09:43:51.874+0000] {dag.py:3096} INFO - Sync 1 DAGs
[2026-05-07T09:43:51.890+0000] {logging_mixin.py:188} INFO - [2026-05-07T09:43:51.890+0000] {dag.py:3954} INFO - Setting next_dagrun for extract_dag to 2026-05-07 00:00:00+00:00, run_after=2026-05-08 00:00:00+00:00
[2026-05-07T09:43:51.908+0000] {processor.py:183} INFO - Processing /workspaces/ETL-with-Airflow/airflow/dags/extract_dag.py took 0.068 seconds
[2026-05-07T09:44:22.029+0000] {processor.py:161} INFO - Started process (PID=14172) to work on /workspaces/ETL-with-Airflow/airflow/dags/extract_dag.py
[2026-05-07T09:44:22.030+0000] {processor.py:830} INFO - Processing file /workspaces/ETL-with-Airflow/airflow/dags/extract_dag.py for tasks to queue
[2026-05-07T09:44:22.031+0000] {logging_mixin.py:188} INFO - [2026-05-07T09:44:22.031+0000] {dagbag.py:545} INFO - Filling up the DagBag from /workspaces/ETL-with-Airflow/airflow/dags/extract_dag.py
[2026-05-07T09:44:22.040+0000] {processor.py:840} INFO - DAG(s) 'extract_dag' retrieved from /workspaces/ETL-with-Airflow/airflow/dags/extract_dag.py
[2026-05-07T09:44:22.058+0000] {logging_mixin.py:188} INFO - [2026-05-07T09:44:22.058+0000] {dag.py:3096} INFO - Sync 1 DAGs
[2026-05-07T09:44:22.074+0000] {logging_mixin.py:188} INFO - [2026-05-07T09:44:22.074+0000] {dag.py:3954} INFO - Setting next_dagrun for extract_dag to 2026-05-07 00:00:00+00:00, run_after=2026-05-08 00:00:00+00:00
[2026-05-07T09:44:22.090+0000] {processor.py:183} INFO - Processing /workspaces/ETL-with-Airflow/airflow/dags/extract_dag.py took 0.066 seconds
[2026-05-07T09:44:52.197+0000] {processor.py:161} INFO - Started process (PID=14418) to work on /workspaces/ETL-with-Airflow/airflow/dags/extract_dag.py
[2026-05-07T09:44:52.198+0000] {processor.py:830} INFO - Processing file /workspaces/ETL-with-Airflow/airflow/dags/extract_dag.py for tasks to queue
[2026-05-07T09:44:52.200+0000] {logging_mixin.py:188} INFO - [2026-05-07T09:44:52.199+0000] {dagbag.py:545} INFO - Filling up the DagBag from /workspaces/ETL-with-Airflow/airflow/dags/extract_dag.py
[2026-05-07T09:44:52.209+0000] {processor.py:840} INFO - DAG(s) 'extract_dag' retrieved from /workspaces/ETL-with-Airflow/airflow/dags/extract_dag.py
[2026-05-07T09:44:52.227+0000] {logging_mixin.py:188} INFO - [2026-05-07T09:44:52.227+0000] {dag.py:3096} INFO - Sync 1 DAGs
[2026-05-07T09:44:52.243+0000] {logging_mixin.py:188} INFO - [2026-05-07T09:44:52.243+0000] {dag.py:3954} INFO - Setting next_dagrun for extract_dag to 2026-05-07 00:00:00+00:00, run_after=2026-05-08 00:00:00+00:00
[2026-05-07T09:44:52.259+0000] {processor.py:183} INFO - Processing /workspaces/ETL-with-Airflow/airflow/dags/extract_dag.py took 0.068 seconds
[2026-05-07T09:45:22.389+0000] {processor.py:161} INFO - Started process (PID=14759) to work on /workspaces/ETL-with-Airflow/airflow/dags/extract_dag.py
[2026-05-07T09:45:22.390+0000] {processor.py:830} INFO - Processing file /workspaces/ETL-with-Airflow/airflow/dags/extract_dag.py for tasks to queue
[2026-05-07T09:45:22.391+0000] {logging_mixin.py:188} INFO - [2026-05-07T09:45:22.391+0000] {dagbag.py:545} INFO - Filling up the DagBag from /workspaces/ETL-with-Airflow/airflow/dags/extract_dag.py
[2026-05-07T09:45:22.401+0000] {processor.py:840} INFO - DAG(s) 'extract_dag' retrieved from /workspaces/ETL-with-Airflow/airflow/dags/extract_dag.py
[2026-05-07T09:45:22.419+0000] {logging_mixin.py:188} INFO - [2026-05-07T09:45:22.419+0000] {dag.py:3096} INFO - Sync 1 DAGs
[2026-05-07T09:45:22.437+0000] {logging_mixin.py:188} INFO - [2026-05-07T09:45:22.437+0000] {dag.py:3954} INFO - Setting next_dagrun for extract_dag to 2026-05-07 00:00:00+00:00, run_after=2026-05-08 00:00:00+00:00
[2026-05-07T09:45:22.454+0000] {processor.py:183} INFO - Processing /workspaces/ETL-with-Airflow/airflow/dags/extract_dag.py took 0.071 seconds
[2026-05-07T09:45:52.568+0000] {processor.py:161} INFO - Started process (PID=15006) to work on /workspaces/ETL-with-Airflow/airflow/dags/extract_dag.py
[2026-05-07T09:45:52.569+0000] {processor.py:830} INFO - Processing file /workspaces/ETL-with-Airflow/airflow/dags/extract_dag.py for tasks to queue
[2026-05-07T09:45:52.571+0000] {logging_mixin.py:188} INFO - [2026-05-07T09:45:52.570+0000] {dagbag.py:545} INFO - Filling up the DagBag from /workspaces/ETL-with-Airflow/airflow/dags/extract_dag.py
[2026-05-07T09:45:52.580+0000] {processor.py:840} INFO - DAG(s) 'extract_dag' retrieved from /workspaces/ETL-with-Airflow/airflow/dags/extract_dag.py
[2026-05-07T09:45:52.599+0000] {logging_mixin.py:188} INFO - [2026-05-07T09:45:52.598+0000] {dag.py:3096} INFO - Sync 1 DAGs
[2026-05-07T09:45:52.615+0000] {logging_mixin.py:188} INFO - [2026-05-07T09:45:52.615+0000] {dag.py:3954} INFO - Setting next_dagrun for extract_dag to 2026-05-07 00:00:00+00:00, run_after=2026-05-08 00:00:00+00:00
[2026-05-07T09:45:52.631+0000] {processor.py:183} INFO - Processing /workspaces/ETL-with-Airflow/airflow/dags/extract_dag.py took 0.069 seconds
[2026-05-07T09:46:22.757+0000] {processor.py:161} INFO - Started process (PID=15282) to work on /workspaces/ETL-with-Airflow/airflow/dags/extract_dag.py
[2026-05-07T09:46:22.757+0000] {processor.py:830} INFO - Processing file /workspaces/ETL-with-Airflow/airflow/dags/extract_dag.py for tasks to queue
[2026-05-07T09:46:22.759+0000] {logging_mixin.py:188} INFO - [2026-05-07T09:46:22.758+0000] {dagbag.py:545} INFO - Filling up the DagBag from /workspaces/ETL-with-Airflow/airflow/dags/extract_dag.py
[2026-05-07T09:46:22.768+0000] {processor.py:840} INFO - DAG(s) 'extract_dag' retrieved from /workspaces/ETL-with-Airflow/airflow/dags/extract_dag.py
[2026-05-07T09:46:22.786+0000] {logging_mixin.py:188} INFO - [2026-05-07T09:46:22.786+0000] {dag.py:3096} INFO - Sync 1 DAGs
[2026-05-07T09:46:22.802+0000] {logging_mixin.py:188} INFO - [2026-05-07T09:46:22.802+0000] {dag.py:3954} INFO - Setting next_dagrun for extract_dag to 2026-05-07 00:00:00+00:00, run_after=2026-05-08 00:00:00+00:00
[2026-05-07T09:46:22.818+0000] {processor.py:183} INFO - Processing /workspaces/ETL-with-Airflow/airflow/dags/extract_dag.py took 0.066 seconds
[2026-05-07T09:46:52.942+0000] {processor.py:161} INFO - Started process (PID=15515) to work on /workspaces/ETL-with-Airflow/airflow/dags/extract_dag.py
[2026-05-07T09:46:52.943+0000] {processor.py:830} INFO - Processing file /workspaces/ETL-with-Airflow/airflow/dags/extract_dag.py for tasks to queue
[2026-05-07T09:46:52.944+0000] {logging_mixin.py:188} INFO - [2026-05-07T09:46:52.944+0000] {dagbag.py:545} INFO - Filling up the DagBag from /workspaces/ETL-with-Airflow/airflow/dags/extract_dag.py
[2026-05-07T09:46:52.954+0000] {processor.py:840} INFO - DAG(s) 'extract_dag' retrieved from /workspaces/ETL-with-Airflow/airflow/dags/extract_dag.py
[2026-05-07T09:46:52.971+0000] {logging_mixin.py:188} INFO - [2026-05-07T09:46:52.971+0000] {dag.py:3096} INFO - Sync 1 DAGs
[2026-05-07T09:46:52.989+0000] {logging_mixin.py:188} INFO - [2026-05-07T09:46:52.989+0000] {dag.py:3954} INFO - Setting next_dagrun for extract_dag to 2026-05-07 00:00:00+00:00, run_after=2026-05-08 00:00:00+00:00
[2026-05-07T09:46:53.004+0000] {processor.py:183} INFO - Processing /workspaces/ETL-with-Airflow/airflow/dags/extract_dag.py took 0.068 seconds
[2026-05-07T09:47:23.130+0000] {processor.py:161} INFO - Started process (PID=15786) to work on /workspaces/ETL-with-Airflow/airflow/dags/extract_dag.py
[2026-05-07T09:47:23.131+0000] {processor.py:830} INFO - Processing file /workspaces/ETL-with-Airflow/airflow/dags/extract_dag.py for tasks to queue
[2026-05-07T09:47:23.133+0000] {logging_mixin.py:188} INFO - [2026-05-07T09:47:23.132+0000] {dagbag.py:545} INFO - Filling up the DagBag from /workspaces/ETL-with-Airflow/airflow/dags/extract_dag.py
[2026-05-07T09:47:23.142+0000] {processor.py:840} INFO - DAG(s) 'extract_dag' retrieved from /workspaces/ETL-with-Airflow/airflow/dags/extract_dag.py
[2026-05-07T09:47:23.160+0000] {logging_mixin.py:188} INFO - [2026-05-07T09:47:23.159+0000] {dag.py:3096} INFO - Sync 1 DAGs
[2026-05-07T09:47:23.175+0000] {logging_mixin.py:188} INFO - [2026-05-07T09:47:23.175+0000] {dag.py:3954} INFO - Setting next_dagrun for extract_dag to 2026-05-07 00:00:00+00:00, run_after=2026-05-08 00:00:00+00:00
[2026-05-07T09:47:23.190+0000] {processor.py:183} INFO - Processing /workspaces/ETL-with-Airflow/airflow/dags/extract_dag.py took 0.065 seconds
[2026-05-07T09:47:53.316+0000] {processor.py:161} INFO - Started process (PID=15994) to work on /workspaces/ETL-with-Airflow/airflow/dags/extract_dag.py
[2026-05-07T09:47:53.317+0000] {processor.py:830} INFO - Processing file /workspaces/ETL-with-Airflow/airflow/dags/extract_dag.py for tasks to queue
[2026-05-07T09:47:53.318+0000] {logging_mixin.py:188} INFO - [2026-05-07T09:47:53.318+0000] {dagbag.py:545} INFO - Filling up the DagBag from /workspaces/ETL-with-Airflow/airflow/dags/extract_dag.py
[2026-05-07T09:47:53.327+0000] {processor.py:840} INFO - DAG(s) 'extract_dag' retrieved from /workspaces/ETL-with-Airflow/airflow/dags/extract_dag.py
[2026-05-07T09:47:53.345+0000] {logging_mixin.py:188} INFO - [2026-05-07T09:47:53.345+0000] {dag.py:3096} INFO - Sync 1 DAGs
[2026-05-07T09:47:53.362+0000] {logging_mixin.py:188} INFO - [2026-05-07T09:47:53.362+0000] {dag.py:3954} INFO - Setting next_dagrun for extract_dag to 2026-05-07 00:00:00+00:00, run_after=2026-05-08 00:00:00+00:00
[2026-05-07T09:47:53.377+0000] {processor.py:183} INFO - Processing /workspaces/ETL-with-Airflow/airflow/dags/extract_dag.py took 0.066 seconds
[2026-05-07T09:48:23.618+0000] {processor.py:161} INFO - Started process (PID=16203) to work on /workspaces/ETL-with-Airflow/airflow/dags/extract_dag.py
[2026-05-07T09:48:23.619+0000] {processor.py:830} INFO - Processing file /workspaces/ETL-with-Airflow/airflow/dags/extract_dag.py for tasks to queue
[2026-05-07T09:48:23.621+0000] {logging_mixin.py:188} INFO - [2026-05-07T09:48:23.620+0000] {dagbag.py:545} INFO - Filling up the DagBag from /workspaces/ETL-with-Airflow/airflow/dags/extract_dag.py
[2026-05-07T09:48:23.630+0000] {processor.py:840} INFO - DAG(s) 'extract_dag' retrieved from /workspaces/ETL-with-Airflow/airflow/dags/extract_dag.py
[2026-05-07T09:48:23.647+0000] {logging_mixin.py:188} INFO - [2026-05-07T09:48:23.647+0000] {dag.py:3096} INFO - Sync 1 DAGs
[2026-05-07T09:48:23.665+0000] {logging_mixin.py:188} INFO - [2026-05-07T09:48:23.665+0000] {dag.py:3954} INFO - Setting next_dagrun for extract_dag to 2026-05-07 00:00:00+00:00, run_after=2026-05-08 00:00:00+00:00
[2026-05-07T09:48:23.686+0000] {processor.py:183} INFO - Processing /workspaces/ETL-with-Airflow/airflow/dags/extract_dag.py took 0.073 seconds
[2026-05-07T09:48:53.909+0000] {processor.py:161} INFO - Started process (PID=16417) to work on /workspaces/ETL-with-Airflow/airflow/dags/extract_dag.py
[2026-05-07T09:48:53.910+0000] {processor.py:830} INFO - Processing file /workspaces/ETL-with-Airflow/airflow/dags/extract_dag.py for tasks to queue
[2026-05-07T09:48:53.911+0000] {logging_mixin.py:188} INFO - [2026-05-07T09:48:53.911+0000] {dagbag.py:545} INFO - Filling up the DagBag from /workspaces/ETL-with-Airflow/airflow/dags/extract_dag.py
[2026-05-07T09:48:53.920+0000] {processor.py:840} INFO - DAG(s) 'extract_dag' retrieved from /workspaces/ETL-with-Airflow/airflow/dags/extract_dag.py
[2026-05-07T09:48:53.938+0000] {logging_mixin.py:188} INFO - [2026-05-07T09:48:53.938+0000] {dag.py:3096} INFO - Sync 1 DAGs
[2026-05-07T09:48:53.953+0000] {logging_mixin.py:188} INFO - [2026-05-07T09:48:53.953+0000] {dag.py:3954} INFO - Setting next_dagrun for extract_dag to 2026-05-07 00:00:00+00:00, run_after=2026-05-08 00:00:00+00:00
[2026-05-07T09:48:53.968+0000] {processor.py:183} INFO - Processing /workspaces/ETL-with-Airflow/airflow/dags/extract_dag.py took 0.064 seconds
[2026-05-07T09:49:24.195+0000] {processor.py:161} INFO - Started process (PID=16781) to work on /workspaces/ETL-with-Airflow/airflow/dags/extract_dag.py
[2026-05-07T09:49:24.196+0000] {processor.py:830} INFO - Processing file /workspaces/ETL-with-Airflow/airflow/dags/extract_dag.py for tasks to queue
[2026-05-07T09:49:24.197+0000] {logging_mixin.py:188} INFO - [2026-05-07T09:49:24.197+0000] {dagbag.py:545} INFO - Filling up the DagBag from /workspaces/ETL-with-Airflow/airflow/dags/extract_dag.py
[2026-05-07T09:49:24.206+0000] {processor.py:840} INFO - DAG(s) 'extract_dag' retrieved from /workspaces/ETL-with-Airflow/airflow/dags/extract_dag.py
[2026-05-07T09:49:24.223+0000] {logging_mixin.py:188} INFO - [2026-05-07T09:49:24.223+0000] {dag.py:3096} INFO - Sync 1 DAGs
[2026-05-07T09:49:24.238+0000] {logging_mixin.py:188} INFO - [2026-05-07T09:49:24.238+0000] {dag.py:3954} INFO - Setting next_dagrun for extract_dag to 2026-05-07 00:00:00+00:00, run_after=2026-05-08 00:00:00+00:00
[2026-05-07T09:49:24.254+0000] {processor.py:183} INFO - Processing /workspaces/ETL-with-Airflow/airflow/dags/extract_dag.py took 0.066 seconds
[2026-05-07T09:49:54.301+0000] {processor.py:161} INFO - Started process (PID=17051) to work on /workspaces/ETL-with-Airflow/airflow/dags/extract_dag.py
[2026-05-07T09:49:54.302+0000] {processor.py:830} INFO - Processing file /workspaces/ETL-with-Airflow/airflow/dags/extract_dag.py for tasks to queue
[2026-05-07T09:49:54.305+0000] {logging_mixin.py:188} INFO - [2026-05-07T09:49:54.305+0000] {dagbag.py:545} INFO - Filling up the DagBag from /workspaces/ETL-with-Airflow/airflow/dags/extract_dag.py
[2026-05-07T09:49:54.314+0000] {processor.py:840} INFO - DAG(s) 'extract_dag' retrieved from /workspaces/ETL-with-Airflow/airflow/dags/extract_dag.py
[2026-05-07T09:49:54.334+0000] {logging_mixin.py:188} INFO - [2026-05-07T09:49:54.334+0000] {dag.py:3096} INFO - Sync 1 DAGs
[2026-05-07T09:49:54.351+0000] {logging_mixin.py:188} INFO - [2026-05-07T09:49:54.350+0000] {dag.py:3954} INFO - Setting next_dagrun for extract_dag to 2026-05-07 00:00:00+00:00, run_after=2026-05-08 00:00:00+00:00
[2026-05-07T09:49:54.367+0000] {processor.py:183} INFO - Processing /workspaces/ETL-with-Airflow/airflow/dags/extract_dag.py took 0.072 seconds
[2026-05-07T09:50:24.693+0000] {processor.py:161} INFO - Started process (PID=17362) to work on /workspaces/ETL-with-Airflow/airflow/dags/extract_dag.py
[2026-05-07T09:50:24.693+0000] {processor.py:830} INFO - Processing file /workspaces/ETL-with-Airflow/airflow/dags/extract_dag.py for tasks to queue
[2026-05-07T09:50:24.695+0000] {logging_mixin.py:188} INFO - [2026-05-07T09:50:24.694+0000] {dagbag.py:545} INFO - Filling up the DagBag from /workspaces/ETL-with-Airflow/airflow/dags/extract_dag.py
[2026-05-07T09:50:24.704+0000] {processor.py:840} INFO - DAG(s) 'extract_dag' retrieved from /workspaces/ETL-with-Airflow/airflow/dags/extract_dag.py
[2026-05-07T09:50:24.722+0000] {logging_mixin.py:188} INFO - [2026-05-07T09:50:24.721+0000] {dag.py:3096} INFO - Sync 1 DAGs
[2026-05-07T09:50:24.738+0000] {logging_mixin.py:188} INFO - [2026-05-07T09:50:24.738+0000] {dag.py:3954} INFO - Setting next_dagrun for extract_dag to 2026-05-07 00:00:00+00:00, run_after=2026-05-08 00:00:00+00:00
[2026-05-07T09:50:24.753+0000] {processor.py:183} INFO - Processing /workspaces/ETL-with-Airflow/airflow/dags/extract_dag.py took 0.066 seconds
[2026-05-07T09:50:55.169+0000] {processor.py:161} INFO - Started process (PID=17575) to work on /workspaces/ETL-with-Airflow/airflow/dags/extract_dag.py
[2026-05-07T09:50:55.170+0000] {processor.py:830} INFO - Processing file /workspaces/ETL-with-Airflow/airflow/dags/extract_dag.py for tasks to queue
[2026-05-07T09:50:55.171+0000] {logging_mixin.py:188} INFO - [2026-05-07T09:50:55.171+0000] {dagbag.py:545} INFO - Filling up the DagBag from /workspaces/ETL-with-Airflow/airflow/dags/extract_dag.py
[2026-05-07T09:50:55.180+0000] {processor.py:840} INFO - DAG(s) 'extract_dag' retrieved from /workspaces/ETL-with-Airflow/airflow/dags/extract_dag.py
[2026-05-07T09:50:55.197+0000] {logging_mixin.py:188} INFO - [2026-05-07T09:50:55.197+0000] {dag.py:3096} INFO - Sync 1 DAGs
[2026-05-07T09:50:55.214+0000] {logging_mixin.py:188} INFO - [2026-05-07T09:50:55.214+0000] {dag.py:3954} INFO - Setting next_dagrun for extract_dag to 2026-05-07 00:00:00+00:00, run_after=2026-05-08 00:00:00+00:00
[2026-05-07T09:50:55.229+0000] {processor.py:183} INFO - Processing /workspaces/ETL-with-Airflow/airflow/dags/extract_dag.py took 0.065 seconds
[2026-05-07T09:51:41.621+0000] {processor.py:161} INFO - Started process (PID=18066) to work on /workspaces/ETL-with-Airflow/airflow/dags/extract_dag.py
[2026-05-07T09:51:41.622+0000] {processor.py:830} INFO - Processing file /workspaces/ETL-with-Airflow/airflow/dags/extract_dag.py for tasks to queue
[2026-05-07T09:51:41.627+0000] {logging_mixin.py:188} INFO - [2026-05-07T09:51:41.627+0000] {dagbag.py:545} INFO - Filling up the DagBag from /workspaces/ETL-with-Airflow/airflow/dags/extract_dag.py
[2026-05-07T09:51:41.636+0000] {processor.py:840} INFO - DAG(s) 'extract_dag' retrieved from /workspaces/ETL-with-Airflow/airflow/dags/extract_dag.py
[2026-05-07T09:51:41.652+0000] {logging_mixin.py:188} INFO - [2026-05-07T09:51:41.652+0000] {dag.py:3096} INFO - Sync 1 DAGs
[2026-05-07T09:51:41.667+0000] {logging_mixin.py:188} INFO - [2026-05-07T09:51:41.667+0000] {dag.py:3954} INFO - Setting next_dagrun for extract_dag to 2026-05-07 00:00:00+00:00, run_after=2026-05-08 00:00:00+00:00
[2026-05-07T09:51:41.682+0000] {processor.py:183} INFO - Processing /workspaces/ETL-with-Airflow/airflow/dags/extract_dag.py took 0.066 seconds
[2026-05-07T09:52:11.994+0000] {processor.py:161} INFO - Started process (PID=18293) to work on /workspaces/ETL-with-Airflow/airflow/dags/extract_dag.py
[2026-05-07T09:52:11.995+0000] {processor.py:830} INFO - Processing file /workspaces/ETL-with-Airflow/airflow/dags/extract_dag.py for tasks to queue
[2026-05-07T09:52:11.996+0000] {logging_mixin.py:188} INFO - [2026-05-07T09:52:11.996+0000] {dagbag.py:545} INFO - Filling up the DagBag from /workspaces/ETL-with-Airflow/airflow/dags/extract_dag.py
[2026-05-07T09:52:12.005+0000] {processor.py:840} INFO - DAG(s) 'extract_dag' retrieved from /workspaces/ETL-with-Airflow/airflow/dags/extract_dag.py
[2026-05-07T09:52:12.024+0000] {logging_mixin.py:188} INFO - [2026-05-07T09:52:12.023+0000] {dag.py:3096} INFO - Sync 1 DAGs
[2026-05-07T09:52:12.039+0000] {logging_mixin.py:188} INFO - [2026-05-07T09:52:12.038+0000] {dag.py:3954} INFO - Setting next_dagrun for extract_dag to 2026-05-07 00:00:00+00:00, run_after=2026-05-08 00:00:00+00:00
[2026-05-07T09:52:12.054+0000] {processor.py:183} INFO - Processing /workspaces/ETL-with-Airflow/airflow/dags/extract_dag.py took 0.065 seconds
[2026-05-07T09:52:43.536+0000] {processor.py:161} INFO - Started process (PID=18596) to work on /workspaces/ETL-with-Airflow/airflow/dags/extract_dag.py
[2026-05-07T09:52:43.538+0000] {processor.py:830} INFO - Processing file /workspaces/ETL-with-Airflow/airflow/dags/extract_dag.py for tasks to queue
[2026-05-07T09:52:43.540+0000] {logging_mixin.py:188} INFO - [2026-05-07T09:52:43.540+0000] {dagbag.py:545} INFO - Filling up the DagBag from /workspaces/ETL-with-Airflow/airflow/dags/extract_dag.py
[2026-05-07T09:52:43.554+0000] {processor.py:840} INFO - DAG(s) 'extract_dag' retrieved from /workspaces/ETL-with-Airflow/airflow/dags/extract_dag.py
[2026-05-07T09:52:43.573+0000] {logging_mixin.py:188} INFO - [2026-05-07T09:52:43.573+0000] {dag.py:3096} INFO - Sync 1 DAGs
[2026-05-07T09:52:43.594+0000] {logging_mixin.py:188} INFO - [2026-05-07T09:52:43.593+0000] {dag.py:3954} INFO - Setting next_dagrun for extract_dag to 2026-05-07 00:00:00+00:00, run_after=2026-05-08 00:00:00+00:00
[2026-05-07T09:52:43.615+0000] {processor.py:183} INFO - Processing /workspaces/ETL-with-Airflow/airflow/dags/extract_dag.py took 0.103 seconds
[2026-05-07T09:53:13.992+0000] {processor.py:161} INFO - Started process (PID=18921) to work on /workspaces/ETL-with-Airflow/airflow/dags/extract_dag.py
[2026-05-07T09:53:13.992+0000] {processor.py:830} INFO - Processing file /workspaces/ETL-with-Airflow/airflow/dags/extract_dag.py for tasks to queue
[2026-05-07T09:53:13.994+0000] {logging_mixin.py:188} INFO - [2026-05-07T09:53:13.993+0000] {dagbag.py:545} INFO - Filling up the DagBag from /workspaces/ETL-with-Airflow/airflow/dags/extract_dag.py
[2026-05-07T09:53:14.003+0000] {processor.py:840} INFO - DAG(s) 'extract_dag' retrieved from /workspaces/ETL-with-Airflow/airflow/dags/extract_dag.py
[2026-05-07T09:53:14.020+0000] {logging_mixin.py:188} INFO - [2026-05-07T09:53:14.020+0000] {dag.py:3096} INFO - Sync 1 DAGs
[2026-05-07T09:53:14.036+0000] {logging_mixin.py:188} INFO - [2026-05-07T09:53:14.035+0000] {dag.py:3954} INFO - Setting next_dagrun for extract_dag to 2026-05-07 00:00:00+00:00, run_after=2026-05-08 00:00:00+00:00
[2026-05-07T09:53:14.052+0000] {processor.py:183} INFO - Processing /workspaces/ETL-with-Airflow/airflow/dags/extract_dag.py took 0.065 seconds
[2026-05-07T09:53:45.707+0000] {processor.py:161} INFO - Started process (PID=19153) to work on /workspaces/ETL-with-Airflow/airflow/dags/extract_dag.py
[2026-05-07T09:53:45.708+0000] {processor.py:830} INFO - Processing file /workspaces/ETL-with-Airflow/airflow/dags/extract_dag.py for tasks to queue
[2026-05-07T09:53:45.709+0000] {logging_mixin.py:188} INFO - [2026-05-07T09:53:45.709+0000] {dagbag.py:545} INFO - Filling up the DagBag from /workspaces/ETL-with-Airflow/airflow/dags/extract_dag.py
[2026-05-07T09:53:45.718+0000] {processor.py:840} INFO - DAG(s) 'extract_dag' retrieved from /workspaces/ETL-with-Airflow/airflow/dags/extract_dag.py
[2026-05-07T09:53:45.737+0000] {logging_mixin.py:188} INFO - [2026-05-07T09:53:45.737+0000] {dag.py:3096} INFO - Sync 1 DAGs
[2026-05-07T09:53:45.753+0000] {logging_mixin.py:188} INFO - [2026-05-07T09:53:45.753+0000] {dag.py:3954} INFO - Setting next_dagrun for extract_dag to 2026-05-07 00:00:00+00:00, run_after=2026-05-08 00:00:00+00:00
[2026-05-07T09:53:45.777+0000] {processor.py:183} INFO - Processing /workspaces/ETL-with-Airflow/airflow/dags/extract_dag.py took 0.075 seconds
[2026-05-07T09:54:16.951+0000] {processor.py:161} INFO - Started process (PID=19390) to work on /workspaces/ETL-with-Airflow/airflow/dags/extract_dag.py
[2026-05-07T09:54:16.952+0000] {processor.py:830} INFO - Processing file /workspaces/ETL-with-Airflow/airflow/dags/extract_dag.py for tasks to queue
[2026-05-07T09:54:16.953+0000] {logging_mixin.py:188} INFO - [2026-05-07T09:54:16.953+0000] {dagbag.py:545} INFO - Filling up the DagBag from /workspaces/ETL-with-Airflow/airflow/dags/extract_dag.py
[2026-05-07T09:54:16.962+0000] {processor.py:840} INFO - DAG(s) 'extract_dag' retrieved from /workspaces/ETL-with-Airflow/airflow/dags/extract_dag.py
[2026-05-07T09:54:16.979+0000] {logging_mixin.py:188} INFO - [2026-05-07T09:54:16.979+0000] {dag.py:3096} INFO - Sync 1 DAGs
[2026-05-07T09:54:16.995+0000] {logging_mixin.py:188} INFO - [2026-05-07T09:54:16.995+0000] {dag.py:3954} INFO - Setting next_dagrun for extract_dag to 2026-05-07 00:00:00+00:00, run_after=2026-05-08 00:00:00+00:00
[2026-05-07T09:54:17.011+0000] {processor.py:183} INFO - Processing /workspaces/ETL-with-Airflow/airflow/dags/extract_dag.py took 0.064 seconds
[2026-05-07T09:54:48.263+0000] {processor.py:161} INFO - Started process (PID=19677) to work on /workspaces/ETL-with-Airflow/airflow/dags/extract_dag.py
[2026-05-07T09:54:48.264+0000] {processor.py:830} INFO - Processing file /workspaces/ETL-with-Airflow/airflow/dags/extract_dag.py for tasks to queue
[2026-05-07T09:54:48.265+0000] {logging_mixin.py:188} INFO - [2026-05-07T09:54:48.265+0000] {dagbag.py:545} INFO - Filling up the DagBag from /workspaces/ETL-with-Airflow/airflow/dags/extract_dag.py
[2026-05-07T09:54:48.275+0000] {processor.py:840} INFO - DAG(s) 'extract_dag' retrieved from /workspaces/ETL-with-Airflow/airflow/dags/extract_dag.py
[2026-05-07T09:54:48.293+0000] {logging_mixin.py:188} INFO - [2026-05-07T09:54:48.293+0000] {dag.py:3096} INFO - Sync 1 DAGs
[2026-05-07T09:54:48.312+0000] {logging_mixin.py:188} INFO - [2026-05-07T09:54:48.311+0000] {dag.py:3954} INFO - Setting next_dagrun for extract_dag to 2026-05-07 00:00:00+00:00, run_after=2026-05-08 00:00:00+00:00
[2026-05-07T09:54:48.326+0000] {processor.py:183} INFO - Processing /workspaces/ETL-with-Airflow/airflow/dags/extract_dag.py took 0.068 seconds
[2026-05-07T09:55:18.978+0000] {processor.py:161} INFO - Started process (PID=19986) to work on /workspaces/ETL-with-Airflow/airflow/dags/extract_dag.py
[2026-05-07T09:55:18.979+0000] {processor.py:830} INFO - Processing file /workspaces/ETL-with-Airflow/airflow/dags/extract_dag.py for tasks to queue
[2026-05-07T09:55:18.980+0000] {logging_mixin.py:188} INFO - [2026-05-07T09:55:18.980+0000] {dagbag.py:545} INFO - Filling up the DagBag from /workspaces/ETL-with-Airflow/airflow/dags/extract_dag.py
[2026-05-07T09:55:18.990+0000] {processor.py:840} INFO - DAG(s) 'extract_dag' retrieved from /workspaces/ETL-with-Airflow/airflow/dags/extract_dag.py
[2026-05-07T09:55:19.008+0000] {logging_mixin.py:188} INFO - [2026-05-07T09:55:19.008+0000] {dag.py:3096} INFO - Sync 1 DAGs
[2026-05-07T09:55:19.023+0000] {logging_mixin.py:188} INFO - [2026-05-07T09:55:19.023+0000] {dag.py:3954} INFO - Setting next_dagrun for extract_dag to 2026-05-07 00:00:00+00:00, run_after=2026-05-08 00:00:00+00:00
[2026-05-07T09:55:19.039+0000] {processor.py:183} INFO - Processing /workspaces/ETL-with-Airflow/airflow/dags/extract_dag.py took 0.065 seconds
[2026-05-07T09:55:36.870+0000] {processor.py:161} INFO - Started process (PID=20242) to work on /workspaces/ETL-with-Airflow/airflow/dags/extract_dag.py
[2026-05-07T09:55:36.870+0000] {processor.py:830} INFO - Processing file /workspaces/ETL-with-Airflow/airflow/dags/extract_dag.py for tasks to queue
[2026-05-07T09:55:36.872+0000] {logging_mixin.py:188} INFO - [2026-05-07T09:55:36.871+0000] {dagbag.py:545} INFO - Filling up the DagBag from /workspaces/ETL-with-Airflow/airflow/dags/extract_dag.py
[2026-05-07T09:55:36.881+0000] {processor.py:840} INFO - DAG(s) 'extract_dag' retrieved from /workspaces/ETL-with-Airflow/airflow/dags/extract_dag.py
[2026-05-07T09:55:36.898+0000] {logging_mixin.py:188} INFO - [2026-05-07T09:55:36.898+0000] {dag.py:3096} INFO - Sync 1 DAGs
[2026-05-07T09:55:36.914+0000] {logging_mixin.py:188} INFO - [2026-05-07T09:55:36.914+0000] {dag.py:3954} INFO - Setting next_dagrun for extract_dag to 2026-05-07 00:00:00+00:00, run_after=2026-05-08 00:00:00+00:00
[2026-05-07T09:55:36.929+0000] {processor.py:183} INFO - Processing /workspaces/ETL-with-Airflow/airflow/dags/extract_dag.py took 0.068 seconds
[2026-05-07T09:56:14.001+0000] {processor.py:161} INFO - Started process (PID=20530) to work on /workspaces/ETL-with-Airflow/airflow/dags/extract_dag.py
[2026-05-07T09:56:14.002+0000] {processor.py:830} INFO - Processing file /workspaces/ETL-with-Airflow/airflow/dags/extract_dag.py for tasks to queue
[2026-05-07T09:56:14.004+0000] {logging_mixin.py:188} INFO - [2026-05-07T09:56:14.003+0000] {dagbag.py:545} INFO - Filling up the DagBag from /workspaces/ETL-with-Airflow/airflow/dags/extract_dag.py
[2026-05-07T09:56:14.013+0000] {processor.py:840} INFO - DAG(s) 'extract_dag' retrieved from /workspaces/ETL-with-Airflow/airflow/dags/extract_dag.py
[2026-05-07T09:56:14.033+0000] {logging_mixin.py:188} INFO - [2026-05-07T09:56:14.033+0000] {dag.py:3096} INFO - Sync 1 DAGs
[2026-05-07T09:56:14.048+0000] {logging_mixin.py:188} INFO - [2026-05-07T09:56:14.048+0000] {dag.py:3954} INFO - Setting next_dagrun for extract_dag to 2026-05-07 00:00:00+00:00, run_after=2026-05-08 00:00:00+00:00
[2026-05-07T09:56:14.064+0000] {processor.py:183} INFO - Processing /workspaces/ETL-with-Airflow/airflow/dags/extract_dag.py took 0.067 seconds
[2026-05-07T09:56:45.258+0000] {processor.py:161} INFO - Started process (PID=20780) to work on /workspaces/ETL-with-Airflow/airflow/dags/extract_dag.py
[2026-05-07T09:56:45.259+0000] {processor.py:830} INFO - Processing file /workspaces/ETL-with-Airflow/airflow/dags/extract_dag.py for tasks to queue
[2026-05-07T09:56:45.260+0000] {logging_mixin.py:188} INFO - [2026-05-07T09:56:45.260+0000] {dagbag.py:545} INFO - Filling up the DagBag from /workspaces/ETL-with-Airflow/airflow/dags/extract_dag.py
[2026-05-07T09:56:45.270+0000] {processor.py:840} INFO - DAG(s) 'extract_dag' retrieved from /workspaces/ETL-with-Airflow/airflow/dags/extract_dag.py
[2026-05-07T09:56:45.288+0000] {logging_mixin.py:188} INFO - [2026-05-07T09:56:45.287+0000] {dag.py:3096} INFO - Sync 1 DAGs
[2026-05-07T09:56:45.303+0000] {logging_mixin.py:188} INFO - [2026-05-07T09:56:45.303+0000] {dag.py:3954} INFO - Setting next_dagrun for extract_dag to 2026-05-07 00:00:00+00:00, run_after=2026-05-08 00:00:00+00:00
[2026-05-07T09:56:45.319+0000] {processor.py:183} INFO - Processing /workspaces/ETL-with-Airflow/airflow/dags/extract_dag.py took 0.066 seconds
[2026-05-07T09:57:16.633+0000] {processor.py:161} INFO - Started process (PID=21007) to work on /workspaces/ETL-with-Airflow/airflow/dags/extract_dag.py
[2026-05-07T09:57:16.633+0000] {processor.py:830} INFO - Processing file /workspaces/ETL-with-Airflow/airflow/dags/extract_dag.py for tasks to queue
[2026-05-07T09:57:16.635+0000] {logging_mixin.py:188} INFO - [2026-05-07T09:57:16.634+0000] {dagbag.py:545} INFO - Filling up the DagBag from /workspaces/ETL-with-Airflow/airflow/dags/extract_dag.py
[2026-05-07T09:57:16.645+0000] {processor.py:840} INFO - DAG(s) 'extract_dag' retrieved from /workspaces/ETL-with-Airflow/airflow/dags/extract_dag.py
[2026-05-07T09:57:16.663+0000] {logging_mixin.py:188} INFO - [2026-05-07T09:57:16.662+0000] {dag.py:3096} INFO - Sync 1 DAGs
[2026-05-07T09:57:16.678+0000] {logging_mixin.py:188} INFO - [2026-05-07T09:57:16.678+0000] {dag.py:3954} INFO - Setting next_dagrun for extract_dag to 2026-05-07 00:00:00+00:00, run_after=2026-05-08 00:00:00+00:00
[2026-05-07T09:57:16.694+0000] {processor.py:183} INFO - Processing /workspaces/ETL-with-Airflow/airflow/dags/extract_dag.py took 0.066 seconds
[2026-05-07T09:57:47.481+0000] {processor.py:161} INFO - Started process (PID=21227) to work on /workspaces/ETL-with-Airflow/airflow/dags/extract_dag.py
[2026-05-07T09:57:47.482+0000] {processor.py:830} INFO - Processing file /workspaces/ETL-with-Airflow/airflow/dags/extract_dag.py for tasks to queue
[2026-05-07T09:57:47.483+0000] {logging_mixin.py:188} INFO - [2026-05-07T09:57:47.483+0000] {dagbag.py:545} INFO - Filling up the DagBag from /workspaces/ETL-with-Airflow/airflow/dags/extract_dag.py
[2026-05-07T09:57:47.492+0000] {processor.py:840} INFO - DAG(s) 'extract_dag' retrieved from /workspaces/ETL-with-Airflow/airflow/dags/extract_dag.py
[2026-05-07T09:57:47.509+0000] {logging_mixin.py:188} INFO - [2026-05-07T09:57:47.509+0000] {dag.py:3096} INFO - Sync 1 DAGs
[2026-05-07T09:57:47.525+0000] {logging_mixin.py:188} INFO - [2026-05-07T09:57:47.525+0000] {dag.py:3954} INFO - Setting next_dagrun for extract_dag to 2026-05-07 00:00:00+00:00, run_after=2026-05-08 00:00:00+00:00
[2026-05-07T09:57:47.540+0000] {processor.py:183} INFO - Processing /workspaces/ETL-with-Airflow/airflow/dags/extract_dag.py took 0.063 seconds
[2026-05-07T09:58:17.877+0000] {processor.py:161} INFO - Started process (PID=21506) to work on /workspaces/ETL-with-Airflow/airflow/dags/extract_dag.py
[2026-05-07T09:58:17.877+0000] {processor.py:830} INFO - Processing file /workspaces/ETL-with-Airflow/airflow/dags/extract_dag.py for tasks to queue
[2026-05-07T09:58:17.879+0000] {logging_mixin.py:188} INFO - [2026-05-07T09:58:17.879+0000] {dagbag.py:545} INFO - Filling up the DagBag from /workspaces/ETL-with-Airflow/airflow/dags/extract_dag.py
[2026-05-07T09:58:17.888+0000] {processor.py:840} INFO - DAG(s) 'extract_dag' retrieved from /workspaces/ETL-with-Airflow/airflow/dags/extract_dag.py
[2026-05-07T09:58:17.905+0000] {logging_mixin.py:188} INFO - [2026-05-07T09:58:17.905+0000] {dag.py:3096} INFO - Sync 1 DAGs
[2026-05-07T09:58:17.921+0000] {logging_mixin.py:188} INFO - [2026-05-07T09:58:17.921+0000] {dag.py:3954} INFO - Setting next_dagrun for extract_dag to 2026-05-07 00:00:00+00:00, run_after=2026-05-08 00:00:00+00:00
[2026-05-07T09:58:17.936+0000] {processor.py:183} INFO - Processing /workspaces/ETL-with-Airflow/airflow/dags/extract_dag.py took 0.064 seconds
[2026-05-07T09:58:48.673+0000] {processor.py:161} INFO - Started process (PID=21720) to work on /workspaces/ETL-with-Airflow/airflow/dags/extract_dag.py
[2026-05-07T09:58:48.674+0000] {processor.py:830} INFO - Processing file /workspaces/ETL-with-Airflow/airflow/dags/extract_dag.py for tasks to queue
[2026-05-07T09:58:48.675+0000] {logging_mixin.py:188} INFO - [2026-05-07T09:58:48.675+0000] {dagbag.py:545} INFO - Filling up the DagBag from /workspaces/ETL-with-Airflow/airflow/dags/extract_dag.py
[2026-05-07T09:58:48.686+0000] {processor.py:840} INFO - DAG(s) 'extract_dag' retrieved from /workspaces/ETL-with-Airflow/airflow/dags/extract_dag.py
[2026-05-07T09:58:48.704+0000] {logging_mixin.py:188} INFO - [2026-05-07T09:58:48.704+0000] {dag.py:3096} INFO - Sync 1 DAGs
[2026-05-07T09:58:48.720+0000] {logging_mixin.py:188} INFO - [2026-05-07T09:58:48.720+0000] {dag.py:3954} INFO - Setting next_dagrun for extract_dag to 2026-05-07 00:00:00+00:00, run_after=2026-05-08 00:00:00+00:00
[2026-05-07T09:58:48.735+0000] {processor.py:183} INFO - Processing /workspaces/ETL-with-Airflow/airflow/dags/extract_dag.py took 0.067 seconds
[2026-05-07T09:59:19.470+0000] {processor.py:161} INFO - Started process (PID=21937) to work on /workspaces/ETL-with-Airflow/airflow/dags/extract_dag.py
[2026-05-07T09:59:19.471+0000] {processor.py:830} INFO - Processing file /workspaces/ETL-with-Airflow/airflow/dags/extract_dag.py for tasks to queue
[2026-05-07T09:59:19.473+0000] {logging_mixin.py:188} INFO - [2026-05-07T09:59:19.472+0000] {dagbag.py:545} INFO - Filling up the DagBag from /workspaces/ETL-with-Airflow/airflow/dags/extract_dag.py
[2026-05-07T09:59:19.482+0000] {processor.py:840} INFO - DAG(s) 'extract_dag' retrieved from /workspaces/ETL-with-Airflow/airflow/dags/extract_dag.py
[2026-05-07T09:59:19.499+0000] {logging_mixin.py:188} INFO - [2026-05-07T09:59:19.499+0000] {dag.py:3096} INFO - Sync 1 DAGs
[2026-05-07T09:59:19.515+0000] {logging_mixin.py:188} INFO - [2026-05-07T09:59:19.515+0000] {dag.py:3954} INFO - Setting next_dagrun for extract_dag to 2026-05-07 00:00:00+00:00, run_after=2026-05-08 00:00:00+00:00
[2026-05-07T09:59:19.531+0000] {processor.py:183} INFO - Processing /workspaces/ETL-with-Airflow/airflow/dags/extract_dag.py took 0.065 seconds
[2026-05-07T09:59:50.266+0000] {processor.py:161} INFO - Started process (PID=22152) to work on /workspaces/ETL-with-Airflow/airflow/dags/extract_dag.py
[2026-05-07T09:59:50.267+0000] {processor.py:830} INFO - Processing file /workspaces/ETL-with-Airflow/airflow/dags/extract_dag.py for tasks to queue
[2026-05-07T09:59:50.268+0000] {logging_mixin.py:188} INFO - [2026-05-07T09:59:50.268+0000] {dagbag.py:545} INFO - Filling up the DagBag from /workspaces/ETL-with-Airflow/airflow/dags/extract_dag.py
[2026-05-07T09:59:50.279+0000] {processor.py:840} INFO - DAG(s) 'extract_dag' retrieved from /workspaces/ETL-with-Airflow/airflow/dags/extract_dag.py
[2026-05-07T09:59:50.297+0000] {logging_mixin.py:188} INFO - [2026-05-07T09:59:50.297+0000] {dag.py:3096} INFO - Sync 1 DAGs
[2026-05-07T09:59:50.313+0000] {logging_mixin.py:188} INFO - [2026-05-07T09:59:50.313+0000] {dag.py:3954} INFO - Setting next_dagrun for extract_dag to 2026-05-07 00:00:00+00:00, run_after=2026-05-08 00:00:00+00:00
[2026-05-07T09:59:50.329+0000] {processor.py:183} INFO - Processing /workspaces/ETL-with-Airflow/airflow/dags/extract_dag.py took 0.068 seconds
[2026-05-07T10:00:20.989+0000] {processor.py:161} INFO - Started process (PID=22449) to work on /workspaces/ETL-with-Airflow/airflow/dags/extract_dag.py
[2026-05-07T10:00:20.990+0000] {processor.py:830} INFO - Processing file /workspaces/ETL-with-Airflow/airflow/dags/extract_dag.py for tasks to queue
[2026-05-07T10:00:20.994+0000] {logging_mixin.py:188} INFO - [2026-05-07T10:00:20.993+0000] {dagbag.py:545} INFO - Filling up the DagBag from /workspaces/ETL-with-Airflow/airflow/dags/extract_dag.py
[2026-05-07T10:00:21.011+0000] {processor.py:840} INFO - DAG(s) 'extract_dag' retrieved from /workspaces/ETL-with-Airflow/airflow/dags/extract_dag.py
[2026-05-07T10:00:21.044+0000] {logging_mixin.py:188} INFO - [2026-05-07T10:00:21.043+0000] {dag.py:3096} INFO - Sync 1 DAGs
[2026-05-07T10:00:21.074+0000] {logging_mixin.py:188} INFO - [2026-05-07T10:00:21.073+0000] {dag.py:3954} INFO - Setting next_dagrun for extract_dag to 2026-05-07 00:00:00+00:00, run_after=2026-05-08 00:00:00+00:00
[2026-05-07T10:00:21.109+0000] {processor.py:183} INFO - Processing /workspaces/ETL-with-Airflow/airflow/dags/extract_dag.py took 0.126 seconds
[2026-05-07T10:00:51.569+0000] {processor.py:161} INFO - Started process (PID=22708) to work on /workspaces/ETL-with-Airflow/airflow/dags/extract_dag.py
[2026-05-07T10:00:51.570+0000] {processor.py:830} INFO - Processing file /workspaces/ETL-with-Airflow/airflow/dags/extract_dag.py for tasks to queue
[2026-05-07T10:00:51.572+0000] {logging_mixin.py:188} INFO - [2026-05-07T10:00:51.572+0000] {dagbag.py:545} INFO - Filling up the DagBag from /workspaces/ETL-with-Airflow/airflow/dags/extract_dag.py
[2026-05-07T10:00:51.581+0000] {processor.py:840} INFO - DAG(s) 'extract_dag' retrieved from /workspaces/ETL-with-Airflow/airflow/dags/extract_dag.py
[2026-05-07T10:00:51.600+0000] {logging_mixin.py:188} INFO - [2026-05-07T10:00:51.600+0000] {dag.py:3096} INFO - Sync 1 DAGs
[2026-05-07T10:00:51.616+0000] {logging_mixin.py:188} INFO - [2026-05-07T10:00:51.616+0000] {dag.py:3954} INFO - Setting next_dagrun for extract_dag to 2026-05-07 00:00:00+00:00, run_after=2026-05-08 00:00:00+00:00
[2026-05-07T10:00:51.634+0000] {processor.py:183} INFO - Processing /workspaces/ETL-with-Airflow/airflow/dags/extract_dag.py took 0.071 seconds
[2026-05-07T10:01:22.150+0000] {processor.py:161} INFO - Started process (PID=22919) to work on /workspaces/ETL-with-Airflow/airflow/dags/extract_dag.py
[2026-05-07T10:01:22.150+0000] {processor.py:830} INFO - Processing file /workspaces/ETL-with-Airflow/airflow/dags/extract_dag.py for tasks to queue
[2026-05-07T10:01:22.152+0000] {logging_mixin.py:188} INFO - [2026-05-07T10:01:22.151+0000] {dagbag.py:545} INFO - Filling up the DagBag from /workspaces/ETL-with-Airflow/airflow/dags/extract_dag.py
[2026-05-07T10:01:22.161+0000] {processor.py:840} INFO - DAG(s) 'extract_dag' retrieved from /workspaces/ETL-with-Airflow/airflow/dags/extract_dag.py
[2026-05-07T10:01:22.179+0000] {logging_mixin.py:188} INFO - [2026-05-07T10:01:22.179+0000] {dag.py:3096} INFO - Sync 1 DAGs
[2026-05-07T10:01:22.195+0000] {logging_mixin.py:188} INFO - [2026-05-07T10:01:22.194+0000] {dag.py:3954} INFO - Setting next_dagrun for extract_dag to 2026-05-07 00:00:00+00:00, run_after=2026-05-08 00:00:00+00:00
[2026-05-07T10:01:22.211+0000] {processor.py:183} INFO - Processing /workspaces/ETL-with-Airflow/airflow/dags/extract_dag.py took 0.067 seconds
[2026-05-07T10:01:52.601+0000] {processor.py:161} INFO - Started process (PID=23147) to work on /workspaces/ETL-with-Airflow/airflow/dags/extract_dag.py
[2026-05-07T10:01:52.601+0000] {processor.py:830} INFO - Processing file /workspaces/ETL-with-Airflow/airflow/dags/extract_dag.py for tasks to queue
[2026-05-07T10:01:52.603+0000] {logging_mixin.py:188} INFO - [2026-05-07T10:01:52.603+0000] {dagbag.py:545} INFO - Filling up the DagBag from /workspaces/ETL-with-Airflow/airflow/dags/extract_dag.py
[2026-05-07T10:01:52.612+0000] {processor.py:840} INFO - DAG(s) 'extract_dag' retrieved from /workspaces/ETL-with-Airflow/airflow/dags/extract_dag.py
[2026-05-07T10:01:52.632+0000] {logging_mixin.py:188} INFO - [2026-05-07T10:01:52.632+0000] {dag.py:3096} INFO - Sync 1 DAGs
[2026-05-07T10:01:52.648+0000] {logging_mixin.py:188} INFO - [2026-05-07T10:01:52.648+0000] {dag.py:3954} INFO - Setting next_dagrun for extract_dag to 2026-05-07 00:00:00+00:00, run_after=2026-05-08 00:00:00+00:00
[2026-05-07T10:01:52.663+0000] {processor.py:183} INFO - Processing /workspaces/ETL-with-Airflow/airflow/dags/extract_dag.py took 0.067 seconds
[2026-05-07T10:02:22.768+0000] {processor.py:161} INFO - Started process (PID=23405) to work on /workspaces/ETL-with-Airflow/airflow/dags/extract_dag.py
[2026-05-07T10:02:22.769+0000] {processor.py:830} INFO - Processing file /workspaces/ETL-with-Airflow/airflow/dags/extract_dag.py for tasks to queue
[2026-05-07T10:02:22.770+0000] {logging_mixin.py:188} INFO - [2026-05-07T10:02:22.770+0000] {dagbag.py:545} INFO - Filling up the DagBag from /workspaces/ETL-with-Airflow/airflow/dags/extract_dag.py
[2026-05-07T10:02:22.779+0000] {processor.py:840} INFO - DAG(s) 'extract_dag' retrieved from /workspaces/ETL-with-Airflow/airflow/dags/extract_dag.py
[2026-05-07T10:02:22.797+0000] {logging_mixin.py:188} INFO - [2026-05-07T10:02:22.796+0000] {dag.py:3096} INFO - Sync 1 DAGs
[2026-05-07T10:02:22.812+0000] {logging_mixin.py:188} INFO - [2026-05-07T10:02:22.812+0000] {dag.py:3954} INFO - Setting next_dagrun for extract_dag to 2026-05-07 00:00:00+00:00, run_after=2026-05-08 00:00:00+00:00
[2026-05-07T10:02:22.828+0000] {processor.py:183} INFO - Processing /workspaces/ETL-with-Airflow/airflow/dags/extract_dag.py took 0.065 seconds
[2026-05-07T10:02:52.938+0000] {processor.py:161} INFO - Started process (PID=23615) to work on /workspaces/ETL-with-Airflow/airflow/dags/extract_dag.py
[2026-05-07T10:02:52.942+0000] {processor.py:830} INFO - Processing file /workspaces/ETL-with-Airflow/airflow/dags/extract_dag.py for tasks to queue
[2026-05-07T10:02:52.946+0000] {logging_mixin.py:188} INFO - [2026-05-07T10:02:52.945+0000] {dagbag.py:545} INFO - Filling up the DagBag from /workspaces/ETL-with-Airflow/airflow/dags/extract_dag.py
[2026-05-07T10:02:52.965+0000] {processor.py:840} INFO - DAG(s) 'extract_dag' retrieved from /workspaces/ETL-with-Airflow/airflow/dags/extract_dag.py
[2026-05-07T10:02:52.996+0000] {logging_mixin.py:188} INFO - [2026-05-07T10:02:52.996+0000] {dag.py:3096} INFO - Sync 1 DAGs
[2026-05-07T10:02:53.011+0000] {logging_mixin.py:188} INFO - [2026-05-07T10:02:53.011+0000] {dag.py:3954} INFO - Setting next_dagrun for extract_dag to 2026-05-07 00:00:00+00:00, run_after=2026-05-08 00:00:00+00:00
[2026-05-07T10:02:53.026+0000] {processor.py:183} INFO - Processing /workspaces/ETL-with-Airflow/airflow/dags/extract_dag.py took 0.096 seconds
[2026-05-07T10:03:23.797+0000] {processor.py:161} INFO - Started process (PID=23862) to work on /workspaces/ETL-with-Airflow/airflow/dags/extract_dag.py
[2026-05-07T10:03:23.810+0000] {processor.py:830} INFO - Processing file /workspaces/ETL-with-Airflow/airflow/dags/extract_dag.py for tasks to queue
[2026-05-07T10:03:23.828+0000] {logging_mixin.py:188} INFO - [2026-05-07T10:03:23.827+0000] {dagbag.py:545} INFO - Filling up the DagBag from /workspaces/ETL-with-Airflow/airflow/dags/extract_dag.py
[2026-05-07T10:03:23.870+0000] {processor.py:840} INFO - DAG(s) 'extract_dag' retrieved from /workspaces/ETL-with-Airflow/airflow/dags/extract_dag.py
[2026-05-07T10:03:23.925+0000] {logging_mixin.py:188} INFO - [2026-05-07T10:03:23.920+0000] {dag.py:3096} INFO - Sync 1 DAGs
[2026-05-07T10:03:23.976+0000] {logging_mixin.py:188} INFO - [2026-05-07T10:03:23.976+0000] {dag.py:3954} INFO - Setting next_dagrun for extract_dag to 2026-05-07 00:00:00+00:00, run_after=2026-05-08 00:00:00+00:00
[2026-05-07T10:03:24.044+0000] {processor.py:183} INFO - Processing /workspaces/ETL-with-Airflow/airflow/dags/extract_dag.py took 0.284 seconds
[2026-05-07T10:03:55.146+0000] {processor.py:161} INFO - Started process (PID=24241) to work on /workspaces/ETL-with-Airflow/airflow/dags/extract_dag.py
[2026-05-07T10:03:55.147+0000] {processor.py:830} INFO - Processing file /workspaces/ETL-with-Airflow/airflow/dags/extract_dag.py for tasks to queue
[2026-05-07T10:03:55.148+0000] {logging_mixin.py:188} INFO - [2026-05-07T10:03:55.148+0000] {dagbag.py:545} INFO - Filling up the DagBag from /workspaces/ETL-with-Airflow/airflow/dags/extract_dag.py
[2026-05-07T10:03:55.158+0000] {processor.py:840} INFO - DAG(s) 'extract_dag' retrieved from /workspaces/ETL-with-Airflow/airflow/dags/extract_dag.py
[2026-05-07T10:03:55.176+0000] {logging_mixin.py:188} INFO - [2026-05-07T10:03:55.175+0000] {dag.py:3096} INFO - Sync 1 DAGs
[2026-05-07T10:03:55.195+0000] {logging_mixin.py:188} INFO - [2026-05-07T10:03:55.194+0000] {dag.py:3954} INFO - Setting next_dagrun for extract_dag to 2026-05-07 00:00:00+00:00, run_after=2026-05-08 00:00:00+00:00
[2026-05-07T10:03:55.210+0000] {processor.py:183} INFO - Processing /workspaces/ETL-with-Airflow/airflow/dags/extract_dag.py took 0.068 seconds
[2026-05-07T10:04:25.856+0000] {processor.py:161} INFO - Started process (PID=24473) to work on /workspaces/ETL-with-Airflow/airflow/dags/extract_dag.py
[2026-05-07T10:04:25.857+0000] {processor.py:830} INFO - Processing file /workspaces/ETL-with-Airflow/airflow/dags/extract_dag.py for tasks to queue
[2026-05-07T10:04:25.858+0000] {logging_mixin.py:188} INFO - [2026-05-07T10:04:25.858+0000] {dagbag.py:545} INFO - Filling up the DagBag from /workspaces/ETL-with-Airflow/airflow/dags/extract_dag.py
[2026-05-07T10:04:25.867+0000] {processor.py:840} INFO - DAG(s) 'extract_dag' retrieved from /workspaces/ETL-with-Airflow/airflow/dags/extract_dag.py
[2026-05-07T10:04:25.885+0000] {logging_mixin.py:188} INFO - [2026-05-07T10:04:25.885+0000] {dag.py:3096} INFO - Sync 1 DAGs
[2026-05-07T10:04:25.901+0000] {logging_mixin.py:188} INFO - [2026-05-07T10:04:25.900+0000] {dag.py:3954} INFO - Setting next_dagrun for extract_dag to 2026-05-07 00:00:00+00:00, run_after=2026-05-08 00:00:00+00:00
[2026-05-07T10:04:25.916+0000] {processor.py:183} INFO - Processing /workspaces/ETL-with-Airflow/airflow/dags/extract_dag.py took 0.065 seconds
[2026-05-07T10:04:56.352+0000] {processor.py:161} INFO - Started process (PID=24705) to work on /workspaces/ETL-with-Airflow/airflow/dags/extract_dag.py
[2026-05-07T10:04:56.353+0000] {processor.py:830} INFO - Processing file /workspaces/ETL-with-Airflow/airflow/dags/extract_dag.py for tasks to queue
[2026-05-07T10:04:56.355+0000] {logging_mixin.py:188} INFO - [2026-05-07T10:04:56.354+0000] {dagbag.py:545} INFO - Filling up the DagBag from /workspaces/ETL-with-Airflow/airflow/dags/extract_dag.py
[2026-05-07T10:04:56.364+0000] {processor.py:840} INFO - DAG(s) 'extract_dag' retrieved from /workspaces/ETL-with-Airflow/airflow/dags/extract_dag.py
[2026-05-07T10:04:56.382+0000] {logging_mixin.py:188} INFO - [2026-05-07T10:04:56.382+0000] {dag.py:3096} INFO - Sync 1 DAGs
[2026-05-07T10:04:56.397+0000] {logging_mixin.py:188} INFO - [2026-05-07T10:04:56.397+0000] {dag.py:3954} INFO - Setting next_dagrun for extract_dag to 2026-05-07 00:00:00+00:00, run_after=2026-05-08 00:00:00+00:00
[2026-05-07T10:04:56.412+0000] {processor.py:183} INFO - Processing /workspaces/ETL-with-Airflow/airflow/dags/extract_dag.py took 0.069 seconds
[2026-05-07T10:05:26.541+0000] {processor.py:161} INFO - Started process (PID=24993) to work on /workspaces/ETL-with-Airflow/airflow/dags/extract_dag.py
[2026-05-07T10:05:26.542+0000] {processor.py:830} INFO - Processing file /workspaces/ETL-with-Airflow/airflow/dags/extract_dag.py for tasks to queue
[2026-05-07T10:05:26.543+0000] {logging_mixin.py:188} INFO - [2026-05-07T10:05:26.543+0000] {dagbag.py:545} INFO - Filling up the DagBag from /workspaces/ETL-with-Airflow/airflow/dags/extract_dag.py
[2026-05-07T10:05:26.555+0000] {processor.py:840} INFO - DAG(s) 'extract_dag' retrieved from /workspaces/ETL-with-Airflow/airflow/dags/extract_dag.py
[2026-05-07T10:05:26.575+0000] {logging_mixin.py:188} INFO - [2026-05-07T10:05:26.575+0000] {dag.py:3096} INFO - Sync 1 DAGs
[2026-05-07T10:05:26.590+0000] {logging_mixin.py:188} INFO - [2026-05-07T10:05:26.590+0000] {dag.py:3954} INFO - Setting next_dagrun for extract_dag to 2026-05-07 00:00:00+00:00, run_after=2026-05-08 00:00:00+00:00
[2026-05-07T10:05:26.608+0000] {processor.py:183} INFO - Processing /workspaces/ETL-with-Airflow/airflow/dags/extract_dag.py took 0.073 seconds
[2026-05-07T10:05:58.573+0000] {processor.py:161} INFO - Started process (PID=25303) to work on /workspaces/ETL-with-Airflow/airflow/dags/extract_dag.py
[2026-05-07T10:05:58.574+0000] {processor.py:830} INFO - Processing file /workspaces/ETL-with-Airflow/airflow/dags/extract_dag.py for tasks to queue
[2026-05-07T10:05:58.576+0000] {logging_mixin.py:188} INFO - [2026-05-07T10:05:58.575+0000] {dagbag.py:545} INFO - Filling up the DagBag from /workspaces/ETL-with-Airflow/airflow/dags/extract_dag.py
[2026-05-07T10:05:58.585+0000] {processor.py:840} INFO - DAG(s) 'extract_dag' retrieved from /workspaces/ETL-with-Airflow/airflow/dags/extract_dag.py
[2026-05-07T10:05:58.604+0000] {logging_mixin.py:188} INFO - [2026-05-07T10:05:58.604+0000] {dag.py:3096} INFO - Sync 1 DAGs
[2026-05-07T10:05:58.640+0000] {logging_mixin.py:188} INFO - [2026-05-07T10:05:58.637+0000] {dag.py:3954} INFO - Setting next_dagrun for extract_dag to 2026-05-07 00:00:00+00:00, run_after=2026-05-08 00:00:00+00:00
[2026-05-07T10:05:58.662+0000] {processor.py:183} INFO - Processing /workspaces/ETL-with-Airflow/airflow/dags/extract_dag.py took 0.094 seconds
[2026-05-07T10:06:29.209+0000] {processor.py:161} INFO - Started process (PID=25581) to work on /workspaces/ETL-with-Airflow/airflow/dags/extract_dag.py
[2026-05-07T10:06:29.210+0000] {processor.py:830} INFO - Processing file /workspaces/ETL-with-Airflow/airflow/dags/extract_dag.py for tasks to queue
[2026-05-07T10:06:29.211+0000] {logging_mixin.py:188} INFO - [2026-05-07T10:06:29.211+0000] {dagbag.py:545} INFO - Filling up the DagBag from /workspaces/ETL-with-Airflow/airflow/dags/extract_dag.py
[2026-05-07T10:06:29.221+0000] {processor.py:840} INFO - DAG(s) 'extract_dag' retrieved from /workspaces/ETL-with-Airflow/airflow/dags/extract_dag.py
[2026-05-07T10:06:29.245+0000] {logging_mixin.py:188} INFO - [2026-05-07T10:06:29.245+0000] {dag.py:3096} INFO - Sync 1 DAGs
[2026-05-07T10:06:29.262+0000] {logging_mixin.py:188} INFO - [2026-05-07T10:06:29.262+0000] {dag.py:3954} INFO - Setting next_dagrun for extract_dag to 2026-05-07 00:00:00+00:00, run_after=2026-05-08 00:00:00+00:00
[2026-05-07T10:06:29.278+0000] {processor.py:183} INFO - Processing /workspaces/ETL-with-Airflow/airflow/dags/extract_dag.py took 0.074 seconds
[2026-05-07T10:06:59.800+0000] {processor.py:161} INFO - Started process (PID=25862) to work on /workspaces/ETL-with-Airflow/airflow/dags/extract_dag.py
[2026-05-07T10:06:59.801+0000] {processor.py:830} INFO - Processing file /workspaces/ETL-with-Airflow/airflow/dags/extract_dag.py for tasks to queue
[2026-05-07T10:06:59.802+0000] {logging_mixin.py:188} INFO - [2026-05-07T10:06:59.802+0000] {dagbag.py:545} INFO - Filling up the DagBag from /workspaces/ETL-with-Airflow/airflow/dags/extract_dag.py
[2026-05-07T10:06:59.813+0000] {processor.py:840} INFO - DAG(s) 'extract_dag' retrieved from /workspaces/ETL-with-Airflow/airflow/dags/extract_dag.py
[2026-05-07T10:06:59.838+0000] {logging_mixin.py:188} INFO - [2026-05-07T10:06:59.838+0000] {dag.py:3096} INFO - Sync 1 DAGs
[2026-05-07T10:06:59.858+0000] {logging_mixin.py:188} INFO - [2026-05-07T10:06:59.857+0000] {dag.py:3954} INFO - Setting next_dagrun for extract_dag to 2026-05-07 00:00:00+00:00, run_after=2026-05-08 00:00:00+00:00
[2026-05-07T10:06:59.872+0000] {processor.py:183} INFO - Processing /workspaces/ETL-with-Airflow/airflow/dags/extract_dag.py took 0.078 seconds
[2026-05-07T10:07:30.554+0000] {processor.py:161} INFO - Started process (PID=26208) to work on /workspaces/ETL-with-Airflow/airflow/dags/extract_dag.py
[2026-05-07T10:07:30.557+0000] {processor.py:830} INFO - Processing file /workspaces/ETL-with-Airflow/airflow/dags/extract_dag.py for tasks to queue
[2026-05-07T10:07:30.560+0000] {logging_mixin.py:188} INFO - [2026-05-07T10:07:30.559+0000] {dagbag.py:545} INFO - Filling up the DagBag from /workspaces/ETL-with-Airflow/airflow/dags/extract_dag.py
[2026-05-07T10:07:30.575+0000] {processor.py:840} INFO - DAG(s) 'extract_dag' retrieved from /workspaces/ETL-with-Airflow/airflow/dags/extract_dag.py
[2026-05-07T10:07:30.587+0000] {logging_mixin.py:188} INFO - [2026-05-07T10:07:30.586+0000] {dag.py:3096} INFO - Sync 1 DAGs
[2026-05-07T10:07:30.618+0000] {logging_mixin.py:188} INFO - [2026-05-07T10:07:30.618+0000] {dag.py:3954} INFO - Setting next_dagrun for extract_dag to 2026-05-07 00:00:00+00:00, run_after=2026-05-08 00:00:00+00:00
[2026-05-07T10:07:30.637+0000] {processor.py:183} INFO - Processing /workspaces/ETL-with-Airflow/airflow/dags/extract_dag.py took 0.090 seconds
[2026-05-07T10:08:00.994+0000] {processor.py:161} INFO - Started process (PID=26426) to work on /workspaces/ETL-with-Airflow/airflow/dags/extract_dag.py
[2026-05-07T10:08:00.995+0000] {processor.py:830} INFO - Processing file /workspaces/ETL-with-Airflow/airflow/dags/extract_dag.py for tasks to queue
[2026-05-07T10:08:00.996+0000] {logging_mixin.py:188} INFO - [2026-05-07T10:08:00.996+0000] {dagbag.py:545} INFO - Filling up the DagBag from /workspaces/ETL-with-Airflow/airflow/dags/extract_dag.py
[2026-05-07T10:08:01.005+0000] {processor.py:840} INFO - DAG(s) 'extract_dag' retrieved from /workspaces/ETL-with-Airflow/airflow/dags/extract_dag.py
[2026-05-07T10:08:01.094+0000] {logging_mixin.py:188} INFO - [2026-05-07T10:08:01.094+0000] {dag.py:3096} INFO - Sync 1 DAGs
[2026-05-07T10:08:01.115+0000] {logging_mixin.py:188} INFO - [2026-05-07T10:08:01.110+0000] {dag.py:3954} INFO - Setting next_dagrun for extract_dag to 2026-05-07 00:00:00+00:00, run_after=2026-05-08 00:00:00+00:00
[2026-05-07T10:08:01.156+0000] {processor.py:183} INFO - Processing /workspaces/ETL-with-Airflow/airflow/dags/extract_dag.py took 0.167 seconds
[2026-05-07T10:08:31.703+0000] {processor.py:161} INFO - Started process (PID=26643) to work on /workspaces/ETL-with-Airflow/airflow/dags/extract_dag.py
[2026-05-07T10:08:31.704+0000] {processor.py:830} INFO - Processing file /workspaces/ETL-with-Airflow/airflow/dags/extract_dag.py for tasks to queue
[2026-05-07T10:08:31.705+0000] {logging_mixin.py:188} INFO - [2026-05-07T10:08:31.705+0000] {dagbag.py:545} INFO - Filling up the DagBag from /workspaces/ETL-with-Airflow/airflow/dags/extract_dag.py
[2026-05-07T10:08:31.731+0000] {processor.py:840} INFO - DAG(s) 'extract_dag' retrieved from /workspaces/ETL-with-Airflow/airflow/dags/extract_dag.py
[2026-05-07T10:08:31.773+0000] {logging_mixin.py:188} INFO - [2026-05-07T10:08:31.773+0000] {dag.py:3096} INFO - Sync 1 DAGs
[2026-05-07T10:08:31.793+0000] {logging_mixin.py:188} INFO - [2026-05-07T10:08:31.792+0000] {dag.py:3954} INFO - Setting next_dagrun for extract_dag to 2026-05-07 00:00:00+00:00, run_after=2026-05-08 00:00:00+00:00
[2026-05-07T10:08:31.808+0000] {processor.py:183} INFO - Processing /workspaces/ETL-with-Airflow/airflow/dags/extract_dag.py took 0.111 seconds
[2026-05-07T10:09:02.281+0000] {processor.py:161} INFO - Started process (PID=26853) to work on /workspaces/ETL-with-Airflow/airflow/dags/extract_dag.py
[2026-05-07T10:09:02.282+0000] {processor.py:830} INFO - Processing file /workspaces/ETL-with-Airflow/airflow/dags/extract_dag.py for tasks to queue
[2026-05-07T10:09:02.284+0000] {logging_mixin.py:188} INFO - [2026-05-07T10:09:02.283+0000] {dagbag.py:545} INFO - Filling up the DagBag from /workspaces/ETL-with-Airflow/airflow/dags/extract_dag.py
[2026-05-07T10:09:02.293+0000] {processor.py:840} INFO - DAG(s) 'extract_dag' retrieved from /workspaces/ETL-with-Airflow/airflow/dags/extract_dag.py
[2026-05-07T10:09:02.310+0000] {logging_mixin.py:188} INFO - [2026-05-07T10:09:02.310+0000] {dag.py:3096} INFO - Sync 1 DAGs
[2026-05-07T10:09:02.325+0000] {logging_mixin.py:188} INFO - [2026-05-07T10:09:02.325+0000] {dag.py:3954} INFO - Setting next_dagrun for extract_dag to 2026-05-07 00:00:00+00:00, run_after=2026-05-08 00:00:00+00:00
[2026-05-07T10:09:02.344+0000] {processor.py:183} INFO - Processing /workspaces/ETL-with-Airflow/airflow/dags/extract_dag.py took 0.068 seconds
[2026-05-07T10:09:32.858+0000] {processor.py:161} INFO - Started process (PID=27099) to work on /workspaces/ETL-with-Airflow/airflow/dags/extract_dag.py
[2026-05-07T10:09:32.859+0000] {processor.py:830} INFO - Processing file /workspaces/ETL-with-Airflow/airflow/dags/extract_dag.py for tasks to queue
[2026-05-07T10:09:32.861+0000] {logging_mixin.py:188} INFO - [2026-05-07T10:09:32.861+0000] {dagbag.py:545} INFO - Filling up the DagBag from /workspaces/ETL-with-Airflow/airflow/dags/extract_dag.py
[2026-05-07T10:09:32.871+0000] {processor.py:840} INFO - DAG(s) 'extract_dag' retrieved from /workspaces/ETL-with-Airflow/airflow/dags/extract_dag.py
[2026-05-07T10:09:32.889+0000] {logging_mixin.py:188} INFO - [2026-05-07T10:09:32.888+0000] {dag.py:3096} INFO - Sync 1 DAGs
[2026-05-07T10:09:32.911+0000] {logging_mixin.py:188} INFO - [2026-05-07T10:09:32.911+0000] {dag.py:3954} INFO - Setting next_dagrun for extract_dag to 2026-05-07 00:00:00+00:00, run_after=2026-05-08 00:00:00+00:00
[2026-05-07T10:09:33.352+0000] {processor.py:183} INFO - Processing /workspaces/ETL-with-Airflow/airflow/dags/extract_dag.py took 0.501 seconds
[2026-05-07T10:10:03.484+0000] {processor.py:161} INFO - Started process (PID=27373) to work on /workspaces/ETL-with-Airflow/airflow/dags/extract_dag.py
[2026-05-07T10:10:03.485+0000] {processor.py:830} INFO - Processing file /workspaces/ETL-with-Airflow/airflow/dags/extract_dag.py for tasks to queue
[2026-05-07T10:10:03.487+0000] {logging_mixin.py:188} INFO - [2026-05-07T10:10:03.486+0000] {dagbag.py:545} INFO - Filling up the DagBag from /workspaces/ETL-with-Airflow/airflow/dags/extract_dag.py
[2026-05-07T10:10:03.496+0000] {processor.py:840} INFO - DAG(s) 'extract_dag' retrieved from /workspaces/ETL-with-Airflow/airflow/dags/extract_dag.py
[2026-05-07T10:10:03.516+0000] {logging_mixin.py:188} INFO - [2026-05-07T10:10:03.516+0000] {dag.py:3096} INFO - Sync 1 DAGs
[2026-05-07T10:10:03.542+0000] {logging_mixin.py:188} INFO - [2026-05-07T10:10:03.542+0000] {dag.py:3954} INFO - Setting next_dagrun for extract_dag to 2026-05-07 00:00:00+00:00, run_after=2026-05-08 00:00:00+00:00
[2026-05-07T10:10:03.575+0000] {processor.py:183} INFO - Processing /workspaces/ETL-with-Airflow/airflow/dags/extract_dag.py took 0.095 seconds
