[2026-05-07T09:51:38.832+0000] {processor.py:161} INFO - Started process (PID=18040) to work on /workspaces/ETL-with-Airflow/airflow/dags/load_dag.py
[2026-05-07T09:51:38.833+0000] {processor.py:830} INFO - Processing file /workspaces/ETL-with-Airflow/airflow/dags/load_dag.py for tasks to queue
[2026-05-07T09:51:38.834+0000] {logging_mixin.py:188} INFO - [2026-05-07T09:51:38.834+0000] {dagbag.py:545} INFO - Filling up the DagBag from /workspaces/ETL-with-Airflow/airflow/dags/load_dag.py
[2026-05-07T09:51:38.843+0000] {processor.py:840} INFO - DAG(s) 'load_dag' retrieved from /workspaces/ETL-with-Airflow/airflow/dags/load_dag.py
[2026-05-07T09:51:38.925+0000] {logging_mixin.py:188} INFO - [2026-05-07T09:51:38.925+0000] {override.py:1829} INFO - Created Permission View: can read on DAG:load_dag
[2026-05-07T09:51:38.934+0000] {logging_mixin.py:188} INFO - [2026-05-07T09:51:38.933+0000] {override.py:1829} INFO - Created Permission View: can edit on DAG:load_dag
[2026-05-07T09:51:38.939+0000] {logging_mixin.py:188} INFO - [2026-05-07T09:51:38.939+0000] {override.py:1829} INFO - Created Permission View: can delete on DAG:load_dag
[2026-05-07T09:51:38.939+0000] {logging_mixin.py:188} INFO - [2026-05-07T09:51:38.939+0000] {dag.py:3096} INFO - Sync 1 DAGs
[2026-05-07T09:51:38.947+0000] {logging_mixin.py:188} INFO - [2026-05-07T09:51:38.946+0000] {dag.py:3118} INFO - Creating ORM DAG for load_dag
[2026-05-07T09:51:38.954+0000] {logging_mixin.py:188} INFO - [2026-05-07T09:51:38.954+0000] {dag.py:3954} INFO - Setting next_dagrun for load_dag to 2026-05-06 00:00:00+00:00, run_after=2026-05-07 00:00:00+00:00
[2026-05-07T09:51:38.967+0000] {processor.py:183} INFO - Processing /workspaces/ETL-with-Airflow/airflow/dags/load_dag.py took 0.139 seconds
[2026-05-07T09:52:09.853+0000] {processor.py:161} INFO - Started process (PID=18282) to work on /workspaces/ETL-with-Airflow/airflow/dags/load_dag.py
[2026-05-07T09:52:09.854+0000] {processor.py:830} INFO - Processing file /workspaces/ETL-with-Airflow/airflow/dags/load_dag.py for tasks to queue
[2026-05-07T09:52:09.855+0000] {logging_mixin.py:188} INFO - [2026-05-07T09:52:09.855+0000] {dagbag.py:545} INFO - Filling up the DagBag from /workspaces/ETL-with-Airflow/airflow/dags/load_dag.py
[2026-05-07T09:52:09.865+0000] {processor.py:840} INFO - DAG(s) 'load_dag' retrieved from /workspaces/ETL-with-Airflow/airflow/dags/load_dag.py
[2026-05-07T09:52:09.883+0000] {logging_mixin.py:188} INFO - [2026-05-07T09:52:09.883+0000] {dag.py:3096} INFO - Sync 1 DAGs
[2026-05-07T09:52:09.899+0000] {logging_mixin.py:188} INFO - [2026-05-07T09:52:09.899+0000] {dag.py:3954} INFO - Setting next_dagrun for load_dag to 2026-05-07 00:00:00+00:00, run_after=2026-05-08 00:00:00+00:00
[2026-05-07T09:52:09.915+0000] {processor.py:183} INFO - Processing /workspaces/ETL-with-Airflow/airflow/dags/load_dag.py took 0.067 seconds
[2026-05-07T09:52:40.931+0000] {processor.py:161} INFO - Started process (PID=18579) to work on /workspaces/ETL-with-Airflow/airflow/dags/load_dag.py
[2026-05-07T09:52:40.932+0000] {processor.py:830} INFO - Processing file /workspaces/ETL-with-Airflow/airflow/dags/load_dag.py for tasks to queue
[2026-05-07T09:52:40.933+0000] {logging_mixin.py:188} INFO - [2026-05-07T09:52:40.933+0000] {dagbag.py:545} INFO - Filling up the DagBag from /workspaces/ETL-with-Airflow/airflow/dags/load_dag.py
[2026-05-07T09:52:40.942+0000] {processor.py:840} INFO - DAG(s) 'load_dag' retrieved from /workspaces/ETL-with-Airflow/airflow/dags/load_dag.py
[2026-05-07T09:52:40.960+0000] {logging_mixin.py:188} INFO - [2026-05-07T09:52:40.960+0000] {dag.py:3096} INFO - Sync 1 DAGs
[2026-05-07T09:52:40.979+0000] {logging_mixin.py:188} INFO - [2026-05-07T09:52:40.979+0000] {dag.py:3954} INFO - Setting next_dagrun for load_dag to 2026-05-07 00:00:00+00:00, run_after=2026-05-08 00:00:00+00:00
[2026-05-07T09:52:40.995+0000] {processor.py:183} INFO - Processing /workspaces/ETL-with-Airflow/airflow/dags/load_dag.py took 0.069 seconds
[2026-05-07T09:53:12.007+0000] {processor.py:161} INFO - Started process (PID=18904) to work on /workspaces/ETL-with-Airflow/airflow/dags/load_dag.py
[2026-05-07T09:53:12.008+0000] {processor.py:830} INFO - Processing file /workspaces/ETL-with-Airflow/airflow/dags/load_dag.py for tasks to queue
[2026-05-07T09:53:12.009+0000] {logging_mixin.py:188} INFO - [2026-05-07T09:53:12.009+0000] {dagbag.py:545} INFO - Filling up the DagBag from /workspaces/ETL-with-Airflow/airflow/dags/load_dag.py
[2026-05-07T09:53:12.019+0000] {processor.py:840} INFO - DAG(s) 'load_dag' retrieved from /workspaces/ETL-with-Airflow/airflow/dags/load_dag.py
[2026-05-07T09:53:12.037+0000] {logging_mixin.py:188} INFO - [2026-05-07T09:53:12.036+0000] {dag.py:3096} INFO - Sync 1 DAGs
[2026-05-07T09:53:12.052+0000] {logging_mixin.py:188} INFO - [2026-05-07T09:53:12.052+0000] {dag.py:3954} INFO - Setting next_dagrun for load_dag to 2026-05-07 00:00:00+00:00, run_after=2026-05-08 00:00:00+00:00
[2026-05-07T09:53:12.068+0000] {processor.py:183} INFO - Processing /workspaces/ETL-with-Airflow/airflow/dags/load_dag.py took 0.066 seconds
[2026-05-07T09:53:43.039+0000] {processor.py:161} INFO - Started process (PID=19125) to work on /workspaces/ETL-with-Airflow/airflow/dags/load_dag.py
[2026-05-07T09:53:43.040+0000] {processor.py:830} INFO - Processing file /workspaces/ETL-with-Airflow/airflow/dags/load_dag.py for tasks to queue
[2026-05-07T09:53:43.041+0000] {logging_mixin.py:188} INFO - [2026-05-07T09:53:43.041+0000] {dagbag.py:545} INFO - Filling up the DagBag from /workspaces/ETL-with-Airflow/airflow/dags/load_dag.py
[2026-05-07T09:53:43.051+0000] {processor.py:840} INFO - DAG(s) 'load_dag' retrieved from /workspaces/ETL-with-Airflow/airflow/dags/load_dag.py
[2026-05-07T09:53:43.068+0000] {logging_mixin.py:188} INFO - [2026-05-07T09:53:43.068+0000] {dag.py:3096} INFO - Sync 1 DAGs
[2026-05-07T09:53:43.085+0000] {logging_mixin.py:188} INFO - [2026-05-07T09:53:43.085+0000] {dag.py:3954} INFO - Setting next_dagrun for load_dag to 2026-05-07 00:00:00+00:00, run_after=2026-05-08 00:00:00+00:00
[2026-05-07T09:53:43.100+0000] {processor.py:183} INFO - Processing /workspaces/ETL-with-Airflow/airflow/dags/load_dag.py took 0.066 seconds
[2026-05-07T09:54:13.166+0000] {processor.py:161} INFO - Started process (PID=19352) to work on /workspaces/ETL-with-Airflow/airflow/dags/load_dag.py
[2026-05-07T09:54:13.166+0000] {processor.py:830} INFO - Processing file /workspaces/ETL-with-Airflow/airflow/dags/load_dag.py for tasks to queue
[2026-05-07T09:54:13.168+0000] {logging_mixin.py:188} INFO - [2026-05-07T09:54:13.168+0000] {dagbag.py:545} INFO - Filling up the DagBag from /workspaces/ETL-with-Airflow/airflow/dags/load_dag.py
[2026-05-07T09:54:13.177+0000] {processor.py:840} INFO - DAG(s) 'load_dag' retrieved from /workspaces/ETL-with-Airflow/airflow/dags/load_dag.py
[2026-05-07T09:54:13.195+0000] {logging_mixin.py:188} INFO - [2026-05-07T09:54:13.195+0000] {dag.py:3096} INFO - Sync 1 DAGs
[2026-05-07T09:54:13.211+0000] {logging_mixin.py:188} INFO - [2026-05-07T09:54:13.211+0000] {dag.py:3954} INFO - Setting next_dagrun for load_dag to 2026-05-07 00:00:00+00:00, run_after=2026-05-08 00:00:00+00:00
[2026-05-07T09:54:13.227+0000] {processor.py:183} INFO - Processing /workspaces/ETL-with-Airflow/airflow/dags/load_dag.py took 0.066 seconds
[2026-05-07T09:54:43.346+0000] {processor.py:161} INFO - Started process (PID=19627) to work on /workspaces/ETL-with-Airflow/airflow/dags/load_dag.py
[2026-05-07T09:54:43.347+0000] {processor.py:830} INFO - Processing file /workspaces/ETL-with-Airflow/airflow/dags/load_dag.py for tasks to queue
[2026-05-07T09:54:43.349+0000] {logging_mixin.py:188} INFO - [2026-05-07T09:54:43.348+0000] {dagbag.py:545} INFO - Filling up the DagBag from /workspaces/ETL-with-Airflow/airflow/dags/load_dag.py
[2026-05-07T09:54:43.359+0000] {processor.py:840} INFO - DAG(s) 'load_dag' retrieved from /workspaces/ETL-with-Airflow/airflow/dags/load_dag.py
[2026-05-07T09:54:43.377+0000] {logging_mixin.py:188} INFO - [2026-05-07T09:54:43.377+0000] {dag.py:3096} INFO - Sync 1 DAGs
[2026-05-07T09:54:43.393+0000] {logging_mixin.py:188} INFO - [2026-05-07T09:54:43.393+0000] {dag.py:3954} INFO - Setting next_dagrun for load_dag to 2026-05-07 00:00:00+00:00, run_after=2026-05-08 00:00:00+00:00
[2026-05-07T09:54:43.408+0000] {processor.py:183} INFO - Processing /workspaces/ETL-with-Airflow/airflow/dags/load_dag.py took 0.066 seconds
[2026-05-07T09:55:13.527+0000] {processor.py:161} INFO - Started process (PID=19918) to work on /workspaces/ETL-with-Airflow/airflow/dags/load_dag.py
[2026-05-07T09:55:13.528+0000] {processor.py:830} INFO - Processing file /workspaces/ETL-with-Airflow/airflow/dags/load_dag.py for tasks to queue
[2026-05-07T09:55:13.530+0000] {logging_mixin.py:188} INFO - [2026-05-07T09:55:13.529+0000] {dagbag.py:545} INFO - Filling up the DagBag from /workspaces/ETL-with-Airflow/airflow/dags/load_dag.py
[2026-05-07T09:55:13.539+0000] {processor.py:840} INFO - DAG(s) 'load_dag' retrieved from /workspaces/ETL-with-Airflow/airflow/dags/load_dag.py
[2026-05-07T09:55:13.556+0000] {logging_mixin.py:188} INFO - [2026-05-07T09:55:13.556+0000] {dag.py:3096} INFO - Sync 1 DAGs
[2026-05-07T09:55:13.571+0000] {logging_mixin.py:188} INFO - [2026-05-07T09:55:13.571+0000] {dag.py:3954} INFO - Setting next_dagrun for load_dag to 2026-05-07 00:00:00+00:00, run_after=2026-05-08 00:00:00+00:00
[2026-05-07T09:55:13.587+0000] {processor.py:183} INFO - Processing /workspaces/ETL-with-Airflow/airflow/dags/load_dag.py took 0.065 seconds
[2026-05-07T09:55:34.204+0000] {processor.py:161} INFO - Started process (PID=20213) to work on /workspaces/ETL-with-Airflow/airflow/dags/load_dag.py
[2026-05-07T09:55:34.205+0000] {processor.py:830} INFO - Processing file /workspaces/ETL-with-Airflow/airflow/dags/load_dag.py for tasks to queue
[2026-05-07T09:55:34.210+0000] {logging_mixin.py:188} INFO - [2026-05-07T09:55:34.210+0000] {dagbag.py:545} INFO - Filling up the DagBag from /workspaces/ETL-with-Airflow/airflow/dags/load_dag.py
[2026-05-07T09:55:34.219+0000] {processor.py:840} INFO - DAG(s) 'load_dag' retrieved from /workspaces/ETL-with-Airflow/airflow/dags/load_dag.py
[2026-05-07T09:55:34.236+0000] {logging_mixin.py:188} INFO - [2026-05-07T09:55:34.236+0000] {dag.py:3096} INFO - Sync 1 DAGs
[2026-05-07T09:55:34.252+0000] {logging_mixin.py:188} INFO - [2026-05-07T09:55:34.252+0000] {dag.py:3954} INFO - Setting next_dagrun for load_dag to 2026-05-07 00:00:00+00:00, run_after=2026-05-08 00:00:00+00:00
[2026-05-07T09:55:34.269+0000] {processor.py:183} INFO - Processing /workspaces/ETL-with-Airflow/airflow/dags/load_dag.py took 0.069 seconds
[2026-05-07T09:56:11.228+0000] {processor.py:161} INFO - Started process (PID=20513) to work on /workspaces/ETL-with-Airflow/airflow/dags/load_dag.py
[2026-05-07T09:56:11.229+0000] {processor.py:830} INFO - Processing file /workspaces/ETL-with-Airflow/airflow/dags/load_dag.py for tasks to queue
[2026-05-07T09:56:11.230+0000] {logging_mixin.py:188} INFO - [2026-05-07T09:56:11.230+0000] {dagbag.py:545} INFO - Filling up the DagBag from /workspaces/ETL-with-Airflow/airflow/dags/load_dag.py
[2026-05-07T09:56:11.239+0000] {processor.py:840} INFO - DAG(s) 'load_dag' retrieved from /workspaces/ETL-with-Airflow/airflow/dags/load_dag.py
[2026-05-07T09:56:11.263+0000] {logging_mixin.py:188} INFO - [2026-05-07T09:56:11.263+0000] {dag.py:3096} INFO - Sync 1 DAGs
[2026-05-07T09:56:11.296+0000] {logging_mixin.py:188} INFO - [2026-05-07T09:56:11.295+0000] {dag.py:3954} INFO - Setting next_dagrun for load_dag to 2026-05-07 00:00:00+00:00, run_after=2026-05-08 00:00:00+00:00
[2026-05-07T09:56:11.335+0000] {processor.py:183} INFO - Processing /workspaces/ETL-with-Airflow/airflow/dags/load_dag.py took 0.111 seconds
[2026-05-07T09:56:41.567+0000] {processor.py:161} INFO - Started process (PID=20756) to work on /workspaces/ETL-with-Airflow/airflow/dags/load_dag.py
[2026-05-07T09:56:41.568+0000] {processor.py:830} INFO - Processing file /workspaces/ETL-with-Airflow/airflow/dags/load_dag.py for tasks to queue
[2026-05-07T09:56:41.569+0000] {logging_mixin.py:188} INFO - [2026-05-07T09:56:41.569+0000] {dagbag.py:545} INFO - Filling up the DagBag from /workspaces/ETL-with-Airflow/airflow/dags/load_dag.py
[2026-05-07T09:56:41.578+0000] {processor.py:840} INFO - DAG(s) 'load_dag' retrieved from /workspaces/ETL-with-Airflow/airflow/dags/load_dag.py
[2026-05-07T09:56:41.596+0000] {logging_mixin.py:188} INFO - [2026-05-07T09:56:41.596+0000] {dag.py:3096} INFO - Sync 1 DAGs
[2026-05-07T09:56:41.611+0000] {logging_mixin.py:188} INFO - [2026-05-07T09:56:41.610+0000] {dag.py:3954} INFO - Setting next_dagrun for load_dag to 2026-05-07 00:00:00+00:00, run_after=2026-05-08 00:00:00+00:00
[2026-05-07T09:56:41.630+0000] {processor.py:183} INFO - Processing /workspaces/ETL-with-Airflow/airflow/dags/load_dag.py took 0.070 seconds
[2026-05-07T09:57:11.903+0000] {processor.py:161} INFO - Started process (PID=20981) to work on /workspaces/ETL-with-Airflow/airflow/dags/load_dag.py
[2026-05-07T09:57:11.904+0000] {processor.py:830} INFO - Processing file /workspaces/ETL-with-Airflow/airflow/dags/load_dag.py for tasks to queue
[2026-05-07T09:57:11.906+0000] {logging_mixin.py:188} INFO - [2026-05-07T09:57:11.905+0000] {dagbag.py:545} INFO - Filling up the DagBag from /workspaces/ETL-with-Airflow/airflow/dags/load_dag.py
[2026-05-07T09:57:11.915+0000] {processor.py:840} INFO - DAG(s) 'load_dag' retrieved from /workspaces/ETL-with-Airflow/airflow/dags/load_dag.py
[2026-05-07T09:57:11.933+0000] {logging_mixin.py:188} INFO - [2026-05-07T09:57:11.933+0000] {dag.py:3096} INFO - Sync 1 DAGs
[2026-05-07T09:57:11.949+0000] {logging_mixin.py:188} INFO - [2026-05-07T09:57:11.949+0000] {dag.py:3954} INFO - Setting next_dagrun for load_dag to 2026-05-07 00:00:00+00:00, run_after=2026-05-08 00:00:00+00:00
[2026-05-07T09:57:11.967+0000] {processor.py:183} INFO - Processing /workspaces/ETL-with-Airflow/airflow/dags/load_dag.py took 0.068 seconds
[2026-05-07T09:57:42.351+0000] {processor.py:161} INFO - Started process (PID=21201) to work on /workspaces/ETL-with-Airflow/airflow/dags/load_dag.py
[2026-05-07T09:57:42.353+0000] {processor.py:830} INFO - Processing file /workspaces/ETL-with-Airflow/airflow/dags/load_dag.py for tasks to queue
[2026-05-07T09:57:42.357+0000] {logging_mixin.py:188} INFO - [2026-05-07T09:57:42.357+0000] {dagbag.py:545} INFO - Filling up the DagBag from /workspaces/ETL-with-Airflow/airflow/dags/load_dag.py
[2026-05-07T09:57:42.371+0000] {processor.py:840} INFO - DAG(s) 'load_dag' retrieved from /workspaces/ETL-with-Airflow/airflow/dags/load_dag.py
[2026-05-07T09:57:42.396+0000] {logging_mixin.py:188} INFO - [2026-05-07T09:57:42.396+0000] {dag.py:3096} INFO - Sync 1 DAGs
[2026-05-07T09:57:42.420+0000] {logging_mixin.py:188} INFO - [2026-05-07T09:57:42.420+0000] {dag.py:3954} INFO - Setting next_dagrun for load_dag to 2026-05-07 00:00:00+00:00, run_after=2026-05-08 00:00:00+00:00
[2026-05-07T09:57:42.436+0000] {processor.py:183} INFO - Processing /workspaces/ETL-with-Airflow/airflow/dags/load_dag.py took 0.091 seconds
[2026-05-07T09:58:12.742+0000] {processor.py:161} INFO - Started process (PID=21469) to work on /workspaces/ETL-with-Airflow/airflow/dags/load_dag.py
[2026-05-07T09:58:12.743+0000] {processor.py:830} INFO - Processing file /workspaces/ETL-with-Airflow/airflow/dags/load_dag.py for tasks to queue
[2026-05-07T09:58:12.744+0000] {logging_mixin.py:188} INFO - [2026-05-07T09:58:12.744+0000] {dagbag.py:545} INFO - Filling up the DagBag from /workspaces/ETL-with-Airflow/airflow/dags/load_dag.py
[2026-05-07T09:58:12.753+0000] {processor.py:840} INFO - DAG(s) 'load_dag' retrieved from /workspaces/ETL-with-Airflow/airflow/dags/load_dag.py
[2026-05-07T09:58:12.772+0000] {logging_mixin.py:188} INFO - [2026-05-07T09:58:12.772+0000] {dag.py:3096} INFO - Sync 1 DAGs
[2026-05-07T09:58:12.788+0000] {logging_mixin.py:188} INFO - [2026-05-07T09:58:12.788+0000] {dag.py:3954} INFO - Setting next_dagrun for load_dag to 2026-05-07 00:00:00+00:00, run_after=2026-05-08 00:00:00+00:00
[2026-05-07T09:58:12.803+0000] {processor.py:183} INFO - Processing /workspaces/ETL-with-Airflow/airflow/dags/load_dag.py took 0.065 seconds
[2026-05-07T09:58:44.672+0000] {processor.py:161} INFO - Started process (PID=21695) to work on /workspaces/ETL-with-Airflow/airflow/dags/load_dag.py
[2026-05-07T09:58:44.673+0000] {processor.py:830} INFO - Processing file /workspaces/ETL-with-Airflow/airflow/dags/load_dag.py for tasks to queue
[2026-05-07T09:58:44.674+0000] {logging_mixin.py:188} INFO - [2026-05-07T09:58:44.674+0000] {dagbag.py:545} INFO - Filling up the DagBag from /workspaces/ETL-with-Airflow/airflow/dags/load_dag.py
[2026-05-07T09:58:44.684+0000] {processor.py:840} INFO - DAG(s) 'load_dag' retrieved from /workspaces/ETL-with-Airflow/airflow/dags/load_dag.py
[2026-05-07T09:58:44.701+0000] {logging_mixin.py:188} INFO - [2026-05-07T09:58:44.701+0000] {dag.py:3096} INFO - Sync 1 DAGs
[2026-05-07T09:58:44.716+0000] {logging_mixin.py:188} INFO - [2026-05-07T09:58:44.716+0000] {dag.py:3954} INFO - Setting next_dagrun for load_dag to 2026-05-07 00:00:00+00:00, run_after=2026-05-08 00:00:00+00:00
[2026-05-07T09:58:44.733+0000] {processor.py:183} INFO - Processing /workspaces/ETL-with-Airflow/airflow/dags/load_dag.py took 0.065 seconds
[2026-05-07T09:59:15.470+0000] {processor.py:161} INFO - Started process (PID=21912) to work on /workspaces/ETL-with-Airflow/airflow/dags/load_dag.py
[2026-05-07T09:59:15.471+0000] {processor.py:830} INFO - Processing file /workspaces/ETL-with-Airflow/airflow/dags/load_dag.py for tasks to queue
[2026-05-07T09:59:15.473+0000] {logging_mixin.py:188} INFO - [2026-05-07T09:59:15.472+0000] {dagbag.py:545} INFO - Filling up the DagBag from /workspaces/ETL-with-Airflow/airflow/dags/load_dag.py
[2026-05-07T09:59:15.482+0000] {processor.py:840} INFO - DAG(s) 'load_dag' retrieved from /workspaces/ETL-with-Airflow/airflow/dags/load_dag.py
[2026-05-07T09:59:15.500+0000] {logging_mixin.py:188} INFO - [2026-05-07T09:59:15.500+0000] {dag.py:3096} INFO - Sync 1 DAGs
[2026-05-07T09:59:15.516+0000] {logging_mixin.py:188} INFO - [2026-05-07T09:59:15.516+0000] {dag.py:3954} INFO - Setting next_dagrun for load_dag to 2026-05-07 00:00:00+00:00, run_after=2026-05-08 00:00:00+00:00
[2026-05-07T09:59:15.532+0000] {processor.py:183} INFO - Processing /workspaces/ETL-with-Airflow/airflow/dags/load_dag.py took 0.066 seconds
[2026-05-07T09:59:46.266+0000] {processor.py:161} INFO - Started process (PID=22128) to work on /workspaces/ETL-with-Airflow/airflow/dags/load_dag.py
[2026-05-07T09:59:46.267+0000] {processor.py:830} INFO - Processing file /workspaces/ETL-with-Airflow/airflow/dags/load_dag.py for tasks to queue
[2026-05-07T09:59:46.269+0000] {logging_mixin.py:188} INFO - [2026-05-07T09:59:46.268+0000] {dagbag.py:545} INFO - Filling up the DagBag from /workspaces/ETL-with-Airflow/airflow/dags/load_dag.py
[2026-05-07T09:59:46.280+0000] {processor.py:840} INFO - DAG(s) 'load_dag' retrieved from /workspaces/ETL-with-Airflow/airflow/dags/load_dag.py
[2026-05-07T09:59:46.300+0000] {logging_mixin.py:188} INFO - [2026-05-07T09:59:46.300+0000] {dag.py:3096} INFO - Sync 1 DAGs
[2026-05-07T09:59:46.315+0000] {logging_mixin.py:188} INFO - [2026-05-07T09:59:46.315+0000] {dag.py:3954} INFO - Setting next_dagrun for load_dag to 2026-05-07 00:00:00+00:00, run_after=2026-05-08 00:00:00+00:00
[2026-05-07T09:59:46.331+0000] {processor.py:183} INFO - Processing /workspaces/ETL-with-Airflow/airflow/dags/load_dag.py took 0.070 seconds
[2026-05-07T10:00:17.098+0000] {processor.py:161} INFO - Started process (PID=22413) to work on /workspaces/ETL-with-Airflow/airflow/dags/load_dag.py
[2026-05-07T10:00:17.099+0000] {processor.py:830} INFO - Processing file /workspaces/ETL-with-Airflow/airflow/dags/load_dag.py for tasks to queue
[2026-05-07T10:00:17.100+0000] {logging_mixin.py:188} INFO - [2026-05-07T10:00:17.100+0000] {dagbag.py:545} INFO - Filling up the DagBag from /workspaces/ETL-with-Airflow/airflow/dags/load_dag.py
[2026-05-07T10:00:17.110+0000] {processor.py:840} INFO - DAG(s) 'load_dag' retrieved from /workspaces/ETL-with-Airflow/airflow/dags/load_dag.py
[2026-05-07T10:00:17.129+0000] {logging_mixin.py:188} INFO - [2026-05-07T10:00:17.128+0000] {dag.py:3096} INFO - Sync 1 DAGs
[2026-05-07T10:00:17.152+0000] {logging_mixin.py:188} INFO - [2026-05-07T10:00:17.152+0000] {dag.py:3954} INFO - Setting next_dagrun for load_dag to 2026-05-07 00:00:00+00:00, run_after=2026-05-08 00:00:00+00:00
[2026-05-07T10:00:17.167+0000] {processor.py:183} INFO - Processing /workspaces/ETL-with-Airflow/airflow/dags/load_dag.py took 0.074 seconds
[2026-05-07T10:00:47.936+0000] {processor.py:161} INFO - Started process (PID=22660) to work on /workspaces/ETL-with-Airflow/airflow/dags/load_dag.py
[2026-05-07T10:00:47.937+0000] {processor.py:830} INFO - Processing file /workspaces/ETL-with-Airflow/airflow/dags/load_dag.py for tasks to queue
[2026-05-07T10:00:47.939+0000] {logging_mixin.py:188} INFO - [2026-05-07T10:00:47.938+0000] {dagbag.py:545} INFO - Filling up the DagBag from /workspaces/ETL-with-Airflow/airflow/dags/load_dag.py
[2026-05-07T10:00:47.948+0000] {processor.py:840} INFO - DAG(s) 'load_dag' retrieved from /workspaces/ETL-with-Airflow/airflow/dags/load_dag.py
[2026-05-07T10:00:47.965+0000] {logging_mixin.py:188} INFO - [2026-05-07T10:00:47.965+0000] {dag.py:3096} INFO - Sync 1 DAGs
[2026-05-07T10:00:47.981+0000] {logging_mixin.py:188} INFO - [2026-05-07T10:00:47.980+0000] {dag.py:3954} INFO - Setting next_dagrun for load_dag to 2026-05-07 00:00:00+00:00, run_after=2026-05-08 00:00:00+00:00
[2026-05-07T10:00:47.996+0000] {processor.py:183} INFO - Processing /workspaces/ETL-with-Airflow/airflow/dags/load_dag.py took 0.064 seconds
[2026-05-07T10:01:18.642+0000] {processor.py:161} INFO - Started process (PID=22883) to work on /workspaces/ETL-with-Airflow/airflow/dags/load_dag.py
[2026-05-07T10:01:18.643+0000] {processor.py:830} INFO - Processing file /workspaces/ETL-with-Airflow/airflow/dags/load_dag.py for tasks to queue
[2026-05-07T10:01:18.645+0000] {logging_mixin.py:188} INFO - [2026-05-07T10:01:18.645+0000] {dagbag.py:545} INFO - Filling up the DagBag from /workspaces/ETL-with-Airflow/airflow/dags/load_dag.py
[2026-05-07T10:01:18.655+0000] {processor.py:840} INFO - DAG(s) 'load_dag' retrieved from /workspaces/ETL-with-Airflow/airflow/dags/load_dag.py
[2026-05-07T10:01:18.672+0000] {logging_mixin.py:188} INFO - [2026-05-07T10:01:18.672+0000] {dag.py:3096} INFO - Sync 1 DAGs
[2026-05-07T10:01:18.692+0000] {logging_mixin.py:188} INFO - [2026-05-07T10:01:18.691+0000] {dag.py:3954} INFO - Setting next_dagrun for load_dag to 2026-05-07 00:00:00+00:00, run_after=2026-05-08 00:00:00+00:00
[2026-05-07T10:01:18.736+0000] {processor.py:183} INFO - Processing /workspaces/ETL-with-Airflow/airflow/dags/load_dag.py took 0.102 seconds
[2026-05-07T10:01:49.226+0000] {processor.py:161} INFO - Started process (PID=23100) to work on /workspaces/ETL-with-Airflow/airflow/dags/load_dag.py
[2026-05-07T10:01:49.227+0000] {processor.py:830} INFO - Processing file /workspaces/ETL-with-Airflow/airflow/dags/load_dag.py for tasks to queue
[2026-05-07T10:01:49.228+0000] {logging_mixin.py:188} INFO - [2026-05-07T10:01:49.228+0000] {dagbag.py:545} INFO - Filling up the DagBag from /workspaces/ETL-with-Airflow/airflow/dags/load_dag.py
[2026-05-07T10:01:49.238+0000] {processor.py:840} INFO - DAG(s) 'load_dag' retrieved from /workspaces/ETL-with-Airflow/airflow/dags/load_dag.py
[2026-05-07T10:01:49.257+0000] {logging_mixin.py:188} INFO - [2026-05-07T10:01:49.257+0000] {dag.py:3096} INFO - Sync 1 DAGs
[2026-05-07T10:01:49.273+0000] {logging_mixin.py:188} INFO - [2026-05-07T10:01:49.273+0000] {dag.py:3954} INFO - Setting next_dagrun for load_dag to 2026-05-07 00:00:00+00:00, run_after=2026-05-08 00:00:00+00:00
[2026-05-07T10:01:49.288+0000] {processor.py:183} INFO - Processing /workspaces/ETL-with-Airflow/airflow/dags/load_dag.py took 0.067 seconds
[2026-05-07T10:02:20.040+0000] {processor.py:161} INFO - Started process (PID=23387) to work on /workspaces/ETL-with-Airflow/airflow/dags/load_dag.py
[2026-05-07T10:02:20.041+0000] {processor.py:830} INFO - Processing file /workspaces/ETL-with-Airflow/airflow/dags/load_dag.py for tasks to queue
[2026-05-07T10:02:20.043+0000] {logging_mixin.py:188} INFO - [2026-05-07T10:02:20.042+0000] {dagbag.py:545} INFO - Filling up the DagBag from /workspaces/ETL-with-Airflow/airflow/dags/load_dag.py
[2026-05-07T10:02:20.052+0000] {processor.py:840} INFO - DAG(s) 'load_dag' retrieved from /workspaces/ETL-with-Airflow/airflow/dags/load_dag.py
[2026-05-07T10:02:20.070+0000] {logging_mixin.py:188} INFO - [2026-05-07T10:02:20.070+0000] {dag.py:3096} INFO - Sync 1 DAGs
[2026-05-07T10:02:20.087+0000] {logging_mixin.py:188} INFO - [2026-05-07T10:02:20.087+0000] {dag.py:3954} INFO - Setting next_dagrun for load_dag to 2026-05-07 00:00:00+00:00, run_after=2026-05-08 00:00:00+00:00
[2026-05-07T10:02:20.103+0000] {processor.py:183} INFO - Processing /workspaces/ETL-with-Airflow/airflow/dags/load_dag.py took 0.068 seconds
[2026-05-07T10:02:50.720+0000] {processor.py:161} INFO - Started process (PID=23597) to work on /workspaces/ETL-with-Airflow/airflow/dags/load_dag.py
[2026-05-07T10:02:50.721+0000] {processor.py:830} INFO - Processing file /workspaces/ETL-with-Airflow/airflow/dags/load_dag.py for tasks to queue
[2026-05-07T10:02:50.722+0000] {logging_mixin.py:188} INFO - [2026-05-07T10:02:50.722+0000] {dagbag.py:545} INFO - Filling up the DagBag from /workspaces/ETL-with-Airflow/airflow/dags/load_dag.py
[2026-05-07T10:02:50.734+0000] {processor.py:840} INFO - DAG(s) 'load_dag' retrieved from /workspaces/ETL-with-Airflow/airflow/dags/load_dag.py
[2026-05-07T10:02:50.756+0000] {logging_mixin.py:188} INFO - [2026-05-07T10:02:50.756+0000] {dag.py:3096} INFO - Sync 1 DAGs
[2026-05-07T10:02:50.772+0000] {logging_mixin.py:188} INFO - [2026-05-07T10:02:50.772+0000] {dag.py:3954} INFO - Setting next_dagrun for load_dag to 2026-05-07 00:00:00+00:00, run_after=2026-05-08 00:00:00+00:00
[2026-05-07T10:02:50.788+0000] {processor.py:183} INFO - Processing /workspaces/ETL-with-Airflow/airflow/dags/load_dag.py took 0.072 seconds
[2026-05-07T10:03:20.916+0000] {processor.py:161} INFO - Started process (PID=23836) to work on /workspaces/ETL-with-Airflow/airflow/dags/load_dag.py
[2026-05-07T10:03:20.917+0000] {processor.py:830} INFO - Processing file /workspaces/ETL-with-Airflow/airflow/dags/load_dag.py for tasks to queue
[2026-05-07T10:03:20.919+0000] {logging_mixin.py:188} INFO - [2026-05-07T10:03:20.918+0000] {dagbag.py:545} INFO - Filling up the DagBag from /workspaces/ETL-with-Airflow/airflow/dags/load_dag.py
[2026-05-07T10:03:20.929+0000] {processor.py:840} INFO - DAG(s) 'load_dag' retrieved from /workspaces/ETL-with-Airflow/airflow/dags/load_dag.py
[2026-05-07T10:03:20.953+0000] {logging_mixin.py:188} INFO - [2026-05-07T10:03:20.953+0000] {dag.py:3096} INFO - Sync 1 DAGs
[2026-05-07T10:03:20.969+0000] {logging_mixin.py:188} INFO - [2026-05-07T10:03:20.969+0000] {dag.py:3954} INFO - Setting next_dagrun for load_dag to 2026-05-07 00:00:00+00:00, run_after=2026-05-08 00:00:00+00:00
[2026-05-07T10:03:20.984+0000] {processor.py:183} INFO - Processing /workspaces/ETL-with-Airflow/airflow/dags/load_dag.py took 0.072 seconds
[2026-05-07T10:03:51.693+0000] {processor.py:161} INFO - Started process (PID=24191) to work on /workspaces/ETL-with-Airflow/airflow/dags/load_dag.py
[2026-05-07T10:03:51.693+0000] {processor.py:830} INFO - Processing file /workspaces/ETL-with-Airflow/airflow/dags/load_dag.py for tasks to queue
[2026-05-07T10:03:51.695+0000] {logging_mixin.py:188} INFO - [2026-05-07T10:03:51.695+0000] {dagbag.py:545} INFO - Filling up the DagBag from /workspaces/ETL-with-Airflow/airflow/dags/load_dag.py
[2026-05-07T10:03:51.705+0000] {processor.py:840} INFO - DAG(s) 'load_dag' retrieved from /workspaces/ETL-with-Airflow/airflow/dags/load_dag.py
[2026-05-07T10:03:51.723+0000] {logging_mixin.py:188} INFO - [2026-05-07T10:03:51.722+0000] {dag.py:3096} INFO - Sync 1 DAGs
[2026-05-07T10:03:51.740+0000] {logging_mixin.py:188} INFO - [2026-05-07T10:03:51.740+0000] {dag.py:3954} INFO - Setting next_dagrun for load_dag to 2026-05-07 00:00:00+00:00, run_after=2026-05-08 00:00:00+00:00
[2026-05-07T10:03:51.763+0000] {processor.py:183} INFO - Processing /workspaces/ETL-with-Airflow/airflow/dags/load_dag.py took 0.076 seconds
[2026-05-07T10:04:22.368+0000] {processor.py:161} INFO - Started process (PID=24430) to work on /workspaces/ETL-with-Airflow/airflow/dags/load_dag.py
[2026-05-07T10:04:22.369+0000] {processor.py:830} INFO - Processing file /workspaces/ETL-with-Airflow/airflow/dags/load_dag.py for tasks to queue
[2026-05-07T10:04:22.371+0000] {logging_mixin.py:188} INFO - [2026-05-07T10:04:22.370+0000] {dagbag.py:545} INFO - Filling up the DagBag from /workspaces/ETL-with-Airflow/airflow/dags/load_dag.py
[2026-05-07T10:04:22.380+0000] {processor.py:840} INFO - DAG(s) 'load_dag' retrieved from /workspaces/ETL-with-Airflow/airflow/dags/load_dag.py
[2026-05-07T10:04:22.399+0000] {logging_mixin.py:188} INFO - [2026-05-07T10:04:22.398+0000] {dag.py:3096} INFO - Sync 1 DAGs
[2026-05-07T10:04:22.415+0000] {logging_mixin.py:188} INFO - [2026-05-07T10:04:22.415+0000] {dag.py:3954} INFO - Setting next_dagrun for load_dag to 2026-05-07 00:00:00+00:00, run_after=2026-05-08 00:00:00+00:00
[2026-05-07T10:04:22.434+0000] {processor.py:183} INFO - Processing /workspaces/ETL-with-Airflow/airflow/dags/load_dag.py took 0.070 seconds
[2026-05-07T10:04:53.134+0000] {processor.py:161} INFO - Started process (PID=24669) to work on /workspaces/ETL-with-Airflow/airflow/dags/load_dag.py
[2026-05-07T10:04:53.135+0000] {processor.py:830} INFO - Processing file /workspaces/ETL-with-Airflow/airflow/dags/load_dag.py for tasks to queue
[2026-05-07T10:04:53.137+0000] {logging_mixin.py:188} INFO - [2026-05-07T10:04:53.137+0000] {dagbag.py:545} INFO - Filling up the DagBag from /workspaces/ETL-with-Airflow/airflow/dags/load_dag.py
[2026-05-07T10:04:53.150+0000] {processor.py:840} INFO - DAG(s) 'load_dag' retrieved from /workspaces/ETL-with-Airflow/airflow/dags/load_dag.py
[2026-05-07T10:04:53.170+0000] {logging_mixin.py:188} INFO - [2026-05-07T10:04:53.170+0000] {dag.py:3096} INFO - Sync 1 DAGs
[2026-05-07T10:04:53.187+0000] {logging_mixin.py:188} INFO - [2026-05-07T10:04:53.186+0000] {dag.py:3954} INFO - Setting next_dagrun for load_dag to 2026-05-07 00:00:00+00:00, run_after=2026-05-08 00:00:00+00:00
[2026-05-07T10:04:53.202+0000] {processor.py:183} INFO - Processing /workspaces/ETL-with-Airflow/airflow/dags/load_dag.py took 0.074 seconds
[2026-05-07T10:05:23.824+0000] {processor.py:161} INFO - Started process (PID=24955) to work on /workspaces/ETL-with-Airflow/airflow/dags/load_dag.py
[2026-05-07T10:05:23.825+0000] {processor.py:830} INFO - Processing file /workspaces/ETL-with-Airflow/airflow/dags/load_dag.py for tasks to queue
[2026-05-07T10:05:23.827+0000] {logging_mixin.py:188} INFO - [2026-05-07T10:05:23.826+0000] {dagbag.py:545} INFO - Filling up the DagBag from /workspaces/ETL-with-Airflow/airflow/dags/load_dag.py
[2026-05-07T10:05:23.839+0000] {processor.py:840} INFO - DAG(s) 'load_dag' retrieved from /workspaces/ETL-with-Airflow/airflow/dags/load_dag.py
[2026-05-07T10:05:23.858+0000] {logging_mixin.py:188} INFO - [2026-05-07T10:05:23.858+0000] {dag.py:3096} INFO - Sync 1 DAGs
[2026-05-07T10:05:23.875+0000] {logging_mixin.py:188} INFO - [2026-05-07T10:05:23.875+0000] {dag.py:3954} INFO - Setting next_dagrun for load_dag to 2026-05-07 00:00:00+00:00, run_after=2026-05-08 00:00:00+00:00
[2026-05-07T10:05:23.891+0000] {processor.py:183} INFO - Processing /workspaces/ETL-with-Airflow/airflow/dags/load_dag.py took 0.071 seconds
[2026-05-07T10:05:54.097+0000] {processor.py:161} INFO - Started process (PID=25242) to work on /workspaces/ETL-with-Airflow/airflow/dags/load_dag.py
[2026-05-07T10:05:54.097+0000] {processor.py:830} INFO - Processing file /workspaces/ETL-with-Airflow/airflow/dags/load_dag.py for tasks to queue
[2026-05-07T10:05:54.099+0000] {logging_mixin.py:188} INFO - [2026-05-07T10:05:54.098+0000] {dagbag.py:545} INFO - Filling up the DagBag from /workspaces/ETL-with-Airflow/airflow/dags/load_dag.py
[2026-05-07T10:05:54.108+0000] {processor.py:840} INFO - DAG(s) 'load_dag' retrieved from /workspaces/ETL-with-Airflow/airflow/dags/load_dag.py
[2026-05-07T10:05:54.129+0000] {logging_mixin.py:188} INFO - [2026-05-07T10:05:54.128+0000] {dag.py:3096} INFO - Sync 1 DAGs
[2026-05-07T10:05:54.148+0000] {logging_mixin.py:188} INFO - [2026-05-07T10:05:54.148+0000] {dag.py:3954} INFO - Setting next_dagrun for load_dag to 2026-05-07 00:00:00+00:00, run_after=2026-05-08 00:00:00+00:00
[2026-05-07T10:05:54.168+0000] {processor.py:183} INFO - Processing /workspaces/ETL-with-Airflow/airflow/dags/load_dag.py took 0.077 seconds
[2026-05-07T10:06:25.202+0000] {processor.py:161} INFO - Started process (PID=25544) to work on /workspaces/ETL-with-Airflow/airflow/dags/load_dag.py
[2026-05-07T10:06:25.202+0000] {processor.py:830} INFO - Processing file /workspaces/ETL-with-Airflow/airflow/dags/load_dag.py for tasks to queue
[2026-05-07T10:06:25.204+0000] {logging_mixin.py:188} INFO - [2026-05-07T10:06:25.203+0000] {dagbag.py:545} INFO - Filling up the DagBag from /workspaces/ETL-with-Airflow/airflow/dags/load_dag.py
[2026-05-07T10:06:25.213+0000] {processor.py:840} INFO - DAG(s) 'load_dag' retrieved from /workspaces/ETL-with-Airflow/airflow/dags/load_dag.py
[2026-05-07T10:06:25.235+0000] {logging_mixin.py:188} INFO - [2026-05-07T10:06:25.235+0000] {dag.py:3096} INFO - Sync 1 DAGs
[2026-05-07T10:06:25.255+0000] {logging_mixin.py:188} INFO - [2026-05-07T10:06:25.254+0000] {dag.py:3954} INFO - Setting next_dagrun for load_dag to 2026-05-07 00:00:00+00:00, run_after=2026-05-08 00:00:00+00:00
[2026-05-07T10:06:25.271+0000] {processor.py:183} INFO - Processing /workspaces/ETL-with-Airflow/airflow/dags/load_dag.py took 0.074 seconds
[2026-05-07T10:06:55.796+0000] {processor.py:161} INFO - Started process (PID=25820) to work on /workspaces/ETL-with-Airflow/airflow/dags/load_dag.py
[2026-05-07T10:06:55.797+0000] {processor.py:830} INFO - Processing file /workspaces/ETL-with-Airflow/airflow/dags/load_dag.py for tasks to queue
[2026-05-07T10:06:55.798+0000] {logging_mixin.py:188} INFO - [2026-05-07T10:06:55.798+0000] {dagbag.py:545} INFO - Filling up the DagBag from /workspaces/ETL-with-Airflow/airflow/dags/load_dag.py
[2026-05-07T10:06:55.807+0000] {processor.py:840} INFO - DAG(s) 'load_dag' retrieved from /workspaces/ETL-with-Airflow/airflow/dags/load_dag.py
[2026-05-07T10:06:55.828+0000] {logging_mixin.py:188} INFO - [2026-05-07T10:06:55.828+0000] {dag.py:3096} INFO - Sync 1 DAGs
[2026-05-07T10:06:55.856+0000] {logging_mixin.py:188} INFO - [2026-05-07T10:06:55.856+0000] {dag.py:3954} INFO - Setting next_dagrun for load_dag to 2026-05-07 00:00:00+00:00, run_after=2026-05-08 00:00:00+00:00
[2026-05-07T10:06:55.893+0000] {processor.py:183} INFO - Processing /workspaces/ETL-with-Airflow/airflow/dags/load_dag.py took 0.102 seconds
[2026-05-07T10:07:26.079+0000] {processor.py:161} INFO - Started process (PID=26137) to work on /workspaces/ETL-with-Airflow/airflow/dags/load_dag.py
[2026-05-07T10:07:26.082+0000] {processor.py:830} INFO - Processing file /workspaces/ETL-with-Airflow/airflow/dags/load_dag.py for tasks to queue
[2026-05-07T10:07:26.087+0000] {logging_mixin.py:188} INFO - [2026-05-07T10:07:26.086+0000] {dagbag.py:545} INFO - Filling up the DagBag from /workspaces/ETL-with-Airflow/airflow/dags/load_dag.py
[2026-05-07T10:07:26.120+0000] {processor.py:840} INFO - DAG(s) 'load_dag' retrieved from /workspaces/ETL-with-Airflow/airflow/dags/load_dag.py
[2026-05-07T10:07:26.138+0000] {logging_mixin.py:188} INFO - [2026-05-07T10:07:26.138+0000] {dag.py:3096} INFO - Sync 1 DAGs
[2026-05-07T10:07:26.166+0000] {logging_mixin.py:188} INFO - [2026-05-07T10:07:26.165+0000] {dag.py:3954} INFO - Setting next_dagrun for load_dag to 2026-05-07 00:00:00+00:00, run_after=2026-05-08 00:00:00+00:00
[2026-05-07T10:07:26.188+0000] {processor.py:183} INFO - Processing /workspaces/ETL-with-Airflow/airflow/dags/load_dag.py took 0.123 seconds
[2026-05-07T10:07:56.989+0000] {processor.py:161} INFO - Started process (PID=26384) to work on /workspaces/ETL-with-Airflow/airflow/dags/load_dag.py
[2026-05-07T10:07:56.990+0000] {processor.py:830} INFO - Processing file /workspaces/ETL-with-Airflow/airflow/dags/load_dag.py for tasks to queue
[2026-05-07T10:07:56.991+0000] {logging_mixin.py:188} INFO - [2026-05-07T10:07:56.991+0000] {dagbag.py:545} INFO - Filling up the DagBag from /workspaces/ETL-with-Airflow/airflow/dags/load_dag.py
[2026-05-07T10:07:57.001+0000] {processor.py:840} INFO - DAG(s) 'load_dag' retrieved from /workspaces/ETL-with-Airflow/airflow/dags/load_dag.py
[2026-05-07T10:07:57.116+0000] {logging_mixin.py:188} INFO - [2026-05-07T10:07:57.115+0000] {dag.py:3096} INFO - Sync 1 DAGs
[2026-05-07T10:07:57.133+0000] {logging_mixin.py:188} INFO - [2026-05-07T10:07:57.132+0000] {dag.py:3954} INFO - Setting next_dagrun for load_dag to 2026-05-07 00:00:00+00:00, run_after=2026-05-08 00:00:00+00:00
[2026-05-07T10:07:57.150+0000] {processor.py:183} INFO - Processing /workspaces/ETL-with-Airflow/airflow/dags/load_dag.py took 0.166 seconds
[2026-05-07T10:08:27.694+0000] {processor.py:161} INFO - Started process (PID=26606) to work on /workspaces/ETL-with-Airflow/airflow/dags/load_dag.py
[2026-05-07T10:08:27.695+0000] {processor.py:830} INFO - Processing file /workspaces/ETL-with-Airflow/airflow/dags/load_dag.py for tasks to queue
[2026-05-07T10:08:27.696+0000] {logging_mixin.py:188} INFO - [2026-05-07T10:08:27.696+0000] {dagbag.py:545} INFO - Filling up the DagBag from /workspaces/ETL-with-Airflow/airflow/dags/load_dag.py
[2026-05-07T10:08:27.706+0000] {processor.py:840} INFO - DAG(s) 'load_dag' retrieved from /workspaces/ETL-with-Airflow/airflow/dags/load_dag.py
[2026-05-07T10:08:27.728+0000] {logging_mixin.py:188} INFO - [2026-05-07T10:08:27.728+0000] {dag.py:3096} INFO - Sync 1 DAGs
[2026-05-07T10:08:27.750+0000] {logging_mixin.py:188} INFO - [2026-05-07T10:08:27.749+0000] {dag.py:3954} INFO - Setting next_dagrun for load_dag to 2026-05-07 00:00:00+00:00, run_after=2026-05-08 00:00:00+00:00
[2026-05-07T10:08:27.764+0000] {processor.py:183} INFO - Processing /workspaces/ETL-with-Airflow/airflow/dags/load_dag.py took 0.075 seconds
[2026-05-07T10:08:58.303+0000] {processor.py:161} INFO - Started process (PID=26820) to work on /workspaces/ETL-with-Airflow/airflow/dags/load_dag.py
[2026-05-07T10:08:58.304+0000] {processor.py:830} INFO - Processing file /workspaces/ETL-with-Airflow/airflow/dags/load_dag.py for tasks to queue
[2026-05-07T10:08:58.306+0000] {logging_mixin.py:188} INFO - [2026-05-07T10:08:58.306+0000] {dagbag.py:545} INFO - Filling up the DagBag from /workspaces/ETL-with-Airflow/airflow/dags/load_dag.py
[2026-05-07T10:08:58.315+0000] {processor.py:840} INFO - DAG(s) 'load_dag' retrieved from /workspaces/ETL-with-Airflow/airflow/dags/load_dag.py
[2026-05-07T10:08:58.336+0000] {logging_mixin.py:188} INFO - [2026-05-07T10:08:58.335+0000] {dag.py:3096} INFO - Sync 1 DAGs
[2026-05-07T10:08:58.355+0000] {logging_mixin.py:188} INFO - [2026-05-07T10:08:58.355+0000] {dag.py:3954} INFO - Setting next_dagrun for load_dag to 2026-05-07 00:00:00+00:00, run_after=2026-05-08 00:00:00+00:00
[2026-05-07T10:08:58.370+0000] {processor.py:183} INFO - Processing /workspaces/ETL-with-Airflow/airflow/dags/load_dag.py took 0.084 seconds
[2026-05-07T10:09:28.888+0000] {processor.py:161} INFO - Started process (PID=27050) to work on /workspaces/ETL-with-Airflow/airflow/dags/load_dag.py
[2026-05-07T10:09:28.888+0000] {processor.py:830} INFO - Processing file /workspaces/ETL-with-Airflow/airflow/dags/load_dag.py for tasks to queue
[2026-05-07T10:09:28.890+0000] {logging_mixin.py:188} INFO - [2026-05-07T10:09:28.890+0000] {dagbag.py:545} INFO - Filling up the DagBag from /workspaces/ETL-with-Airflow/airflow/dags/load_dag.py
[2026-05-07T10:09:28.899+0000] {processor.py:840} INFO - DAG(s) 'load_dag' retrieved from /workspaces/ETL-with-Airflow/airflow/dags/load_dag.py
[2026-05-07T10:09:28.917+0000] {logging_mixin.py:188} INFO - [2026-05-07T10:09:28.916+0000] {dag.py:3096} INFO - Sync 1 DAGs
[2026-05-07T10:09:28.934+0000] {logging_mixin.py:188} INFO - [2026-05-07T10:09:28.934+0000] {dag.py:3954} INFO - Setting next_dagrun for load_dag to 2026-05-07 00:00:00+00:00, run_after=2026-05-08 00:00:00+00:00
[2026-05-07T10:09:28.951+0000] {processor.py:183} INFO - Processing /workspaces/ETL-with-Airflow/airflow/dags/load_dag.py took 0.069 seconds
[2026-05-07T10:09:59.515+0000] {processor.py:161} INFO - Started process (PID=27322) to work on /workspaces/ETL-with-Airflow/airflow/dags/load_dag.py
[2026-05-07T10:09:59.522+0000] {processor.py:830} INFO - Processing file /workspaces/ETL-with-Airflow/airflow/dags/load_dag.py for tasks to queue
[2026-05-07T10:09:59.529+0000] {logging_mixin.py:188} INFO - [2026-05-07T10:09:59.528+0000] {dagbag.py:545} INFO - Filling up the DagBag from /workspaces/ETL-with-Airflow/airflow/dags/load_dag.py
[2026-05-07T10:09:59.598+0000] {processor.py:840} INFO - DAG(s) 'load_dag' retrieved from /workspaces/ETL-with-Airflow/airflow/dags/load_dag.py
[2026-05-07T10:09:59.698+0000] {logging_mixin.py:188} INFO - [2026-05-07T10:09:59.695+0000] {dag.py:3096} INFO - Sync 1 DAGs
[2026-05-07T10:09:59.761+0000] {logging_mixin.py:188} INFO - [2026-05-07T10:09:59.759+0000] {dag.py:3954} INFO - Setting next_dagrun for load_dag to 2026-05-07 00:00:00+00:00, run_after=2026-05-08 00:00:00+00:00
[2026-05-07T10:09:59.824+0000] {processor.py:183} INFO - Processing /workspaces/ETL-with-Airflow/airflow/dags/load_dag.py took 0.324 seconds
