[2026-05-06T23:19:11.439+0000] {processor.py:161} INFO - Started process (PID=13389) to work on /usr/local/python/3.12.1/lib/python3.12/site-packages/airflow/example_dags/example_params_ui_tutorial.py
[2026-05-06T23:19:11.439+0000] {processor.py:830} INFO - Processing file /usr/local/python/3.12.1/lib/python3.12/site-packages/airflow/example_dags/example_params_ui_tutorial.py for tasks to queue
[2026-05-06T23:19:11.441+0000] {logging_mixin.py:188} INFO - [2026-05-06T23:19:11.440+0000] {dagbag.py:545} INFO - Filling up the DagBag from /usr/local/python/3.12.1/lib/python3.12/site-packages/airflow/example_dags/example_params_ui_tutorial.py
[2026-05-06T23:19:11.450+0000] {processor.py:840} INFO - DAG(s) 'example_params_ui_tutorial' retrieved from /usr/local/python/3.12.1/lib/python3.12/site-packages/airflow/example_dags/example_params_ui_tutorial.py
[2026-05-06T23:19:11.548+0000] {logging_mixin.py:188} INFO - [2026-05-06T23:19:11.547+0000] {override.py:1829} INFO - Created Permission View: can delete on DAG:example_params_ui_tutorial
[2026-05-06T23:19:11.555+0000] {logging_mixin.py:188} INFO - [2026-05-06T23:19:11.555+0000] {override.py:1829} INFO - Created Permission View: can edit on DAG:example_params_ui_tutorial
[2026-05-06T23:19:11.560+0000] {logging_mixin.py:188} INFO - [2026-05-06T23:19:11.560+0000] {override.py:1829} INFO - Created Permission View: can read on DAG:example_params_ui_tutorial
[2026-05-06T23:19:11.560+0000] {logging_mixin.py:188} INFO - [2026-05-06T23:19:11.560+0000] {dag.py:3096} INFO - Sync 1 DAGs
[2026-05-06T23:19:11.567+0000] {logging_mixin.py:188} INFO - [2026-05-06T23:19:11.567+0000] {dag.py:3118} INFO - Creating ORM DAG for example_params_ui_tutorial
[2026-05-06T23:19:11.568+0000] {logging_mixin.py:188} INFO - [2026-05-06T23:19:11.568+0000] {dag.py:3954} INFO - Setting next_dagrun for example_params_ui_tutorial to None, run_after=None
[2026-05-06T23:19:11.583+0000] {processor.py:183} INFO - Processing /usr/local/python/3.12.1/lib/python3.12/site-packages/airflow/example_dags/example_params_ui_tutorial.py took 0.149 seconds
[2026-05-06T23:20:01.875+0000] {processor.py:161} INFO - Started process (PID=13853) to work on /usr/local/python/3.12.1/lib/python3.12/site-packages/airflow/example_dags/example_params_ui_tutorial.py
[2026-05-06T23:20:01.876+0000] {processor.py:830} INFO - Processing file /usr/local/python/3.12.1/lib/python3.12/site-packages/airflow/example_dags/example_params_ui_tutorial.py for tasks to queue
[2026-05-06T23:20:01.877+0000] {logging_mixin.py:188} INFO - [2026-05-06T23:20:01.877+0000] {dagbag.py:545} INFO - Filling up the DagBag from /usr/local/python/3.12.1/lib/python3.12/site-packages/airflow/example_dags/example_params_ui_tutorial.py
[2026-05-06T23:20:01.887+0000] {processor.py:840} INFO - DAG(s) 'example_params_ui_tutorial' retrieved from /usr/local/python/3.12.1/lib/python3.12/site-packages/airflow/example_dags/example_params_ui_tutorial.py
[2026-05-06T23:20:01.918+0000] {logging_mixin.py:188} INFO - [2026-05-06T23:20:01.918+0000] {dag.py:3096} INFO - Sync 1 DAGs
[2026-05-06T23:20:01.927+0000] {logging_mixin.py:188} INFO - [2026-05-06T23:20:01.927+0000] {dag.py:3954} INFO - Setting next_dagrun for example_params_ui_tutorial to None, run_after=None
[2026-05-06T23:20:01.944+0000] {processor.py:183} INFO - Processing /usr/local/python/3.12.1/lib/python3.12/site-packages/airflow/example_dags/example_params_ui_tutorial.py took 0.073 seconds
[2026-05-06T23:21:01.351+0000] {processor.py:161} INFO - Started process (PID=14349) to work on /usr/local/python/3.12.1/lib/python3.12/site-packages/airflow/example_dags/example_params_ui_tutorial.py
[2026-05-06T23:21:01.352+0000] {processor.py:830} INFO - Processing file /usr/local/python/3.12.1/lib/python3.12/site-packages/airflow/example_dags/example_params_ui_tutorial.py for tasks to queue
[2026-05-06T23:21:01.353+0000] {logging_mixin.py:188} INFO - [2026-05-06T23:21:01.353+0000] {dagbag.py:545} INFO - Filling up the DagBag from /usr/local/python/3.12.1/lib/python3.12/site-packages/airflow/example_dags/example_params_ui_tutorial.py
[2026-05-06T23:21:01.362+0000] {processor.py:840} INFO - DAG(s) 'example_params_ui_tutorial' retrieved from /usr/local/python/3.12.1/lib/python3.12/site-packages/airflow/example_dags/example_params_ui_tutorial.py
[2026-05-06T23:21:01.394+0000] {logging_mixin.py:188} INFO - [2026-05-06T23:21:01.394+0000] {dag.py:3096} INFO - Sync 1 DAGs
[2026-05-06T23:21:01.403+0000] {logging_mixin.py:188} INFO - [2026-05-06T23:21:01.403+0000] {dag.py:3954} INFO - Setting next_dagrun for example_params_ui_tutorial to None, run_after=None
[2026-05-06T23:21:01.420+0000] {processor.py:183} INFO - Processing /usr/local/python/3.12.1/lib/python3.12/site-packages/airflow/example_dags/example_params_ui_tutorial.py took 0.073 seconds
[2026-05-06T23:21:50.841+0000] {processor.py:161} INFO - Started process (PID=14831) to work on /usr/local/python/3.12.1/lib/python3.12/site-packages/airflow/example_dags/example_params_ui_tutorial.py
[2026-05-06T23:21:50.842+0000] {processor.py:830} INFO - Processing file /usr/local/python/3.12.1/lib/python3.12/site-packages/airflow/example_dags/example_params_ui_tutorial.py for tasks to queue
[2026-05-06T23:21:50.843+0000] {logging_mixin.py:188} INFO - [2026-05-06T23:21:50.843+0000] {dagbag.py:545} INFO - Filling up the DagBag from /usr/local/python/3.12.1/lib/python3.12/site-packages/airflow/example_dags/example_params_ui_tutorial.py
[2026-05-06T23:21:50.852+0000] {processor.py:840} INFO - DAG(s) 'example_params_ui_tutorial' retrieved from /usr/local/python/3.12.1/lib/python3.12/site-packages/airflow/example_dags/example_params_ui_tutorial.py
[2026-05-06T23:21:50.885+0000] {logging_mixin.py:188} INFO - [2026-05-06T23:21:50.884+0000] {dag.py:3096} INFO - Sync 1 DAGs
[2026-05-06T23:21:50.894+0000] {logging_mixin.py:188} INFO - [2026-05-06T23:21:50.893+0000] {dag.py:3954} INFO - Setting next_dagrun for example_params_ui_tutorial to None, run_after=None
[2026-05-06T23:21:50.910+0000] {processor.py:183} INFO - Processing /usr/local/python/3.12.1/lib/python3.12/site-packages/airflow/example_dags/example_params_ui_tutorial.py took 0.074 seconds
[2026-05-06T23:22:52.827+0000] {processor.py:161} INFO - Started process (PID=15398) to work on /usr/local/python/3.12.1/lib/python3.12/site-packages/airflow/example_dags/example_params_ui_tutorial.py
[2026-05-06T23:22:52.827+0000] {processor.py:830} INFO - Processing file /usr/local/python/3.12.1/lib/python3.12/site-packages/airflow/example_dags/example_params_ui_tutorial.py for tasks to queue
[2026-05-06T23:22:52.832+0000] {logging_mixin.py:188} INFO - [2026-05-06T23:22:52.830+0000] {dagbag.py:545} INFO - Filling up the DagBag from /usr/local/python/3.12.1/lib/python3.12/site-packages/airflow/example_dags/example_params_ui_tutorial.py
[2026-05-06T23:22:52.847+0000] {processor.py:840} INFO - DAG(s) 'example_params_ui_tutorial' retrieved from /usr/local/python/3.12.1/lib/python3.12/site-packages/airflow/example_dags/example_params_ui_tutorial.py
[2026-05-06T23:22:52.890+0000] {logging_mixin.py:188} INFO - [2026-05-06T23:22:52.890+0000] {dag.py:3096} INFO - Sync 1 DAGs
[2026-05-06T23:22:52.904+0000] {logging_mixin.py:188} INFO - [2026-05-06T23:22:52.903+0000] {dag.py:3954} INFO - Setting next_dagrun for example_params_ui_tutorial to None, run_after=None
[2026-05-06T23:22:52.946+0000] {processor.py:183} INFO - Processing /usr/local/python/3.12.1/lib/python3.12/site-packages/airflow/example_dags/example_params_ui_tutorial.py took 0.126 seconds
[2026-05-06T23:23:47.875+0000] {processor.py:161} INFO - Started process (PID=15990) to work on /usr/local/python/3.12.1/lib/python3.12/site-packages/airflow/example_dags/example_params_ui_tutorial.py
[2026-05-06T23:23:47.876+0000] {processor.py:830} INFO - Processing file /usr/local/python/3.12.1/lib/python3.12/site-packages/airflow/example_dags/example_params_ui_tutorial.py for tasks to queue
[2026-05-06T23:23:47.878+0000] {logging_mixin.py:188} INFO - [2026-05-06T23:23:47.877+0000] {dagbag.py:545} INFO - Filling up the DagBag from /usr/local/python/3.12.1/lib/python3.12/site-packages/airflow/example_dags/example_params_ui_tutorial.py
[2026-05-06T23:23:47.887+0000] {processor.py:840} INFO - DAG(s) 'example_params_ui_tutorial' retrieved from /usr/local/python/3.12.1/lib/python3.12/site-packages/airflow/example_dags/example_params_ui_tutorial.py
[2026-05-06T23:23:47.919+0000] {logging_mixin.py:188} INFO - [2026-05-06T23:23:47.919+0000] {dag.py:3096} INFO - Sync 1 DAGs
[2026-05-06T23:23:47.930+0000] {logging_mixin.py:188} INFO - [2026-05-06T23:23:47.930+0000] {dag.py:3954} INFO - Setting next_dagrun for example_params_ui_tutorial to None, run_after=None
[2026-05-06T23:23:47.961+0000] {processor.py:183} INFO - Processing /usr/local/python/3.12.1/lib/python3.12/site-packages/airflow/example_dags/example_params_ui_tutorial.py took 0.091 seconds
[2026-05-06T23:24:44.521+0000] {processor.py:161} INFO - Started process (PID=16783) to work on /usr/local/python/3.12.1/lib/python3.12/site-packages/airflow/example_dags/example_params_ui_tutorial.py
[2026-05-06T23:24:44.522+0000] {processor.py:830} INFO - Processing file /usr/local/python/3.12.1/lib/python3.12/site-packages/airflow/example_dags/example_params_ui_tutorial.py for tasks to queue
[2026-05-06T23:24:44.523+0000] {logging_mixin.py:188} INFO - [2026-05-06T23:24:44.523+0000] {dagbag.py:545} INFO - Filling up the DagBag from /usr/local/python/3.12.1/lib/python3.12/site-packages/airflow/example_dags/example_params_ui_tutorial.py
[2026-05-06T23:24:44.532+0000] {processor.py:840} INFO - DAG(s) 'example_params_ui_tutorial' retrieved from /usr/local/python/3.12.1/lib/python3.12/site-packages/airflow/example_dags/example_params_ui_tutorial.py
[2026-05-06T23:24:44.564+0000] {logging_mixin.py:188} INFO - [2026-05-06T23:24:44.563+0000] {dag.py:3096} INFO - Sync 1 DAGs
[2026-05-06T23:24:44.572+0000] {logging_mixin.py:188} INFO - [2026-05-06T23:24:44.572+0000] {dag.py:3954} INFO - Setting next_dagrun for example_params_ui_tutorial to None, run_after=None
[2026-05-06T23:24:44.589+0000] {processor.py:183} INFO - Processing /usr/local/python/3.12.1/lib/python3.12/site-packages/airflow/example_dags/example_params_ui_tutorial.py took 0.073 seconds
[2026-05-06T23:25:43.268+0000] {processor.py:161} INFO - Started process (PID=17332) to work on /usr/local/python/3.12.1/lib/python3.12/site-packages/airflow/example_dags/example_params_ui_tutorial.py
[2026-05-06T23:25:43.269+0000] {processor.py:830} INFO - Processing file /usr/local/python/3.12.1/lib/python3.12/site-packages/airflow/example_dags/example_params_ui_tutorial.py for tasks to queue
[2026-05-06T23:25:43.270+0000] {logging_mixin.py:188} INFO - [2026-05-06T23:25:43.270+0000] {dagbag.py:545} INFO - Filling up the DagBag from /usr/local/python/3.12.1/lib/python3.12/site-packages/airflow/example_dags/example_params_ui_tutorial.py
[2026-05-06T23:25:43.280+0000] {processor.py:840} INFO - DAG(s) 'example_params_ui_tutorial' retrieved from /usr/local/python/3.12.1/lib/python3.12/site-packages/airflow/example_dags/example_params_ui_tutorial.py
[2026-05-06T23:25:43.312+0000] {logging_mixin.py:188} INFO - [2026-05-06T23:25:43.312+0000] {dag.py:3096} INFO - Sync 1 DAGs
[2026-05-06T23:25:43.321+0000] {logging_mixin.py:188} INFO - [2026-05-06T23:25:43.320+0000] {dag.py:3954} INFO - Setting next_dagrun for example_params_ui_tutorial to None, run_after=None
[2026-05-06T23:25:43.342+0000] {processor.py:183} INFO - Processing /usr/local/python/3.12.1/lib/python3.12/site-packages/airflow/example_dags/example_params_ui_tutorial.py took 0.079 seconds
[2026-05-06T23:26:42.549+0000] {processor.py:161} INFO - Started process (PID=17829) to work on /usr/local/python/3.12.1/lib/python3.12/site-packages/airflow/example_dags/example_params_ui_tutorial.py
[2026-05-06T23:26:42.549+0000] {processor.py:830} INFO - Processing file /usr/local/python/3.12.1/lib/python3.12/site-packages/airflow/example_dags/example_params_ui_tutorial.py for tasks to queue
[2026-05-06T23:26:42.551+0000] {logging_mixin.py:188} INFO - [2026-05-06T23:26:42.551+0000] {dagbag.py:545} INFO - Filling up the DagBag from /usr/local/python/3.12.1/lib/python3.12/site-packages/airflow/example_dags/example_params_ui_tutorial.py
[2026-05-06T23:26:42.561+0000] {processor.py:840} INFO - DAG(s) 'example_params_ui_tutorial' retrieved from /usr/local/python/3.12.1/lib/python3.12/site-packages/airflow/example_dags/example_params_ui_tutorial.py
[2026-05-06T23:26:42.592+0000] {logging_mixin.py:188} INFO - [2026-05-06T23:26:42.592+0000] {dag.py:3096} INFO - Sync 1 DAGs
[2026-05-06T23:26:42.601+0000] {logging_mixin.py:188} INFO - [2026-05-06T23:26:42.601+0000] {dag.py:3954} INFO - Setting next_dagrun for example_params_ui_tutorial to None, run_after=None
[2026-05-06T23:26:42.617+0000] {processor.py:183} INFO - Processing /usr/local/python/3.12.1/lib/python3.12/site-packages/airflow/example_dags/example_params_ui_tutorial.py took 0.073 seconds
[2026-05-06T23:27:40.357+0000] {processor.py:161} INFO - Started process (PID=18446) to work on /usr/local/python/3.12.1/lib/python3.12/site-packages/airflow/example_dags/example_params_ui_tutorial.py
[2026-05-06T23:27:40.358+0000] {processor.py:830} INFO - Processing file /usr/local/python/3.12.1/lib/python3.12/site-packages/airflow/example_dags/example_params_ui_tutorial.py for tasks to queue
[2026-05-06T23:27:40.359+0000] {logging_mixin.py:188} INFO - [2026-05-06T23:27:40.359+0000] {dagbag.py:545} INFO - Filling up the DagBag from /usr/local/python/3.12.1/lib/python3.12/site-packages/airflow/example_dags/example_params_ui_tutorial.py
[2026-05-06T23:27:40.368+0000] {processor.py:840} INFO - DAG(s) 'example_params_ui_tutorial' retrieved from /usr/local/python/3.12.1/lib/python3.12/site-packages/airflow/example_dags/example_params_ui_tutorial.py
[2026-05-06T23:27:40.400+0000] {logging_mixin.py:188} INFO - [2026-05-06T23:27:40.400+0000] {dag.py:3096} INFO - Sync 1 DAGs
[2026-05-06T23:27:40.412+0000] {logging_mixin.py:188} INFO - [2026-05-06T23:27:40.411+0000] {dag.py:3954} INFO - Setting next_dagrun for example_params_ui_tutorial to None, run_after=None
[2026-05-06T23:27:40.439+0000] {processor.py:183} INFO - Processing /usr/local/python/3.12.1/lib/python3.12/site-packages/airflow/example_dags/example_params_ui_tutorial.py took 0.087 seconds
[2026-05-06T23:28:41.281+0000] {processor.py:161} INFO - Started process (PID=18967) to work on /usr/local/python/3.12.1/lib/python3.12/site-packages/airflow/example_dags/example_params_ui_tutorial.py
[2026-05-06T23:28:41.282+0000] {processor.py:830} INFO - Processing file /usr/local/python/3.12.1/lib/python3.12/site-packages/airflow/example_dags/example_params_ui_tutorial.py for tasks to queue
[2026-05-06T23:28:41.284+0000] {logging_mixin.py:188} INFO - [2026-05-06T23:28:41.284+0000] {dagbag.py:545} INFO - Filling up the DagBag from /usr/local/python/3.12.1/lib/python3.12/site-packages/airflow/example_dags/example_params_ui_tutorial.py
[2026-05-06T23:28:41.300+0000] {processor.py:840} INFO - DAG(s) 'example_params_ui_tutorial' retrieved from /usr/local/python/3.12.1/lib/python3.12/site-packages/airflow/example_dags/example_params_ui_tutorial.py
[2026-05-06T23:28:41.364+0000] {logging_mixin.py:188} INFO - [2026-05-06T23:28:41.364+0000] {dag.py:3096} INFO - Sync 1 DAGs
[2026-05-06T23:28:41.380+0000] {logging_mixin.py:188} INFO - [2026-05-06T23:28:41.379+0000] {dag.py:3954} INFO - Setting next_dagrun for example_params_ui_tutorial to None, run_after=None
[2026-05-06T23:28:41.405+0000] {processor.py:183} INFO - Processing /usr/local/python/3.12.1/lib/python3.12/site-packages/airflow/example_dags/example_params_ui_tutorial.py took 0.133 seconds
[2026-05-06T23:31:53.924+0000] {processor.py:161} INFO - Started process (PID=20805) to work on /usr/local/python/3.12.1/lib/python3.12/site-packages/airflow/example_dags/example_params_ui_tutorial.py
[2026-05-06T23:31:53.925+0000] {processor.py:830} INFO - Processing file /usr/local/python/3.12.1/lib/python3.12/site-packages/airflow/example_dags/example_params_ui_tutorial.py for tasks to queue
[2026-05-06T23:31:53.926+0000] {logging_mixin.py:188} INFO - [2026-05-06T23:31:53.926+0000] {dagbag.py:545} INFO - Filling up the DagBag from /usr/local/python/3.12.1/lib/python3.12/site-packages/airflow/example_dags/example_params_ui_tutorial.py
[2026-05-06T23:31:53.935+0000] {processor.py:840} INFO - DAG(s) 'example_params_ui_tutorial' retrieved from /usr/local/python/3.12.1/lib/python3.12/site-packages/airflow/example_dags/example_params_ui_tutorial.py
[2026-05-06T23:31:53.969+0000] {logging_mixin.py:188} INFO - [2026-05-06T23:31:53.969+0000] {dag.py:3096} INFO - Sync 1 DAGs
[2026-05-06T23:31:53.979+0000] {logging_mixin.py:188} INFO - [2026-05-06T23:31:53.978+0000] {dag.py:3954} INFO - Setting next_dagrun for example_params_ui_tutorial to None, run_after=None
[2026-05-06T23:31:53.996+0000] {processor.py:183} INFO - Processing /usr/local/python/3.12.1/lib/python3.12/site-packages/airflow/example_dags/example_params_ui_tutorial.py took 0.076 seconds
[2026-05-06T23:32:42.525+0000] {processor.py:161} INFO - Started process (PID=21190) to work on /usr/local/python/3.12.1/lib/python3.12/site-packages/airflow/example_dags/example_params_ui_tutorial.py
[2026-05-06T23:32:42.526+0000] {processor.py:830} INFO - Processing file /usr/local/python/3.12.1/lib/python3.12/site-packages/airflow/example_dags/example_params_ui_tutorial.py for tasks to queue
[2026-05-06T23:32:42.528+0000] {logging_mixin.py:188} INFO - [2026-05-06T23:32:42.527+0000] {dagbag.py:545} INFO - Filling up the DagBag from /usr/local/python/3.12.1/lib/python3.12/site-packages/airflow/example_dags/example_params_ui_tutorial.py
[2026-05-06T23:32:42.537+0000] {processor.py:840} INFO - DAG(s) 'example_params_ui_tutorial' retrieved from /usr/local/python/3.12.1/lib/python3.12/site-packages/airflow/example_dags/example_params_ui_tutorial.py
[2026-05-06T23:32:42.569+0000] {logging_mixin.py:188} INFO - [2026-05-06T23:32:42.569+0000] {dag.py:3096} INFO - Sync 1 DAGs
[2026-05-06T23:32:42.579+0000] {logging_mixin.py:188} INFO - [2026-05-06T23:32:42.578+0000] {dag.py:3954} INFO - Setting next_dagrun for example_params_ui_tutorial to None, run_after=None
[2026-05-06T23:32:42.595+0000] {processor.py:183} INFO - Processing /usr/local/python/3.12.1/lib/python3.12/site-packages/airflow/example_dags/example_params_ui_tutorial.py took 0.074 seconds
[2026-05-06T23:33:38.205+0000] {processor.py:161} INFO - Started process (PID=21638) to work on /usr/local/python/3.12.1/lib/python3.12/site-packages/airflow/example_dags/example_params_ui_tutorial.py
[2026-05-06T23:33:38.205+0000] {processor.py:830} INFO - Processing file /usr/local/python/3.12.1/lib/python3.12/site-packages/airflow/example_dags/example_params_ui_tutorial.py for tasks to queue
[2026-05-06T23:33:38.207+0000] {logging_mixin.py:188} INFO - [2026-05-06T23:33:38.206+0000] {dagbag.py:545} INFO - Filling up the DagBag from /usr/local/python/3.12.1/lib/python3.12/site-packages/airflow/example_dags/example_params_ui_tutorial.py
[2026-05-06T23:33:38.216+0000] {processor.py:840} INFO - DAG(s) 'example_params_ui_tutorial' retrieved from /usr/local/python/3.12.1/lib/python3.12/site-packages/airflow/example_dags/example_params_ui_tutorial.py
[2026-05-06T23:33:38.263+0000] {logging_mixin.py:188} INFO - [2026-05-06T23:33:38.263+0000] {dag.py:3096} INFO - Sync 1 DAGs
[2026-05-06T23:33:38.272+0000] {logging_mixin.py:188} INFO - [2026-05-06T23:33:38.272+0000] {dag.py:3954} INFO - Setting next_dagrun for example_params_ui_tutorial to None, run_after=None
[2026-05-06T23:33:38.288+0000] {processor.py:183} INFO - Processing /usr/local/python/3.12.1/lib/python3.12/site-packages/airflow/example_dags/example_params_ui_tutorial.py took 0.088 seconds
[2026-05-06T23:34:38.434+0000] {processor.py:161} INFO - Started process (PID=22129) to work on /usr/local/python/3.12.1/lib/python3.12/site-packages/airflow/example_dags/example_params_ui_tutorial.py
[2026-05-06T23:34:38.434+0000] {processor.py:830} INFO - Processing file /usr/local/python/3.12.1/lib/python3.12/site-packages/airflow/example_dags/example_params_ui_tutorial.py for tasks to queue
[2026-05-06T23:34:38.436+0000] {logging_mixin.py:188} INFO - [2026-05-06T23:34:38.435+0000] {dagbag.py:545} INFO - Filling up the DagBag from /usr/local/python/3.12.1/lib/python3.12/site-packages/airflow/example_dags/example_params_ui_tutorial.py
[2026-05-06T23:34:38.445+0000] {processor.py:840} INFO - DAG(s) 'example_params_ui_tutorial' retrieved from /usr/local/python/3.12.1/lib/python3.12/site-packages/airflow/example_dags/example_params_ui_tutorial.py
[2026-05-06T23:34:38.478+0000] {logging_mixin.py:188} INFO - [2026-05-06T23:34:38.477+0000] {dag.py:3096} INFO - Sync 1 DAGs
[2026-05-06T23:34:38.487+0000] {logging_mixin.py:188} INFO - [2026-05-06T23:34:38.486+0000] {dag.py:3954} INFO - Setting next_dagrun for example_params_ui_tutorial to None, run_after=None
[2026-05-06T23:34:38.503+0000] {processor.py:183} INFO - Processing /usr/local/python/3.12.1/lib/python3.12/site-packages/airflow/example_dags/example_params_ui_tutorial.py took 0.074 seconds
[2026-05-06T23:35:33.198+0000] {processor.py:161} INFO - Started process (PID=22546) to work on /usr/local/python/3.12.1/lib/python3.12/site-packages/airflow/example_dags/example_params_ui_tutorial.py
[2026-05-06T23:35:33.199+0000] {processor.py:830} INFO - Processing file /usr/local/python/3.12.1/lib/python3.12/site-packages/airflow/example_dags/example_params_ui_tutorial.py for tasks to queue
[2026-05-06T23:35:33.200+0000] {logging_mixin.py:188} INFO - [2026-05-06T23:35:33.200+0000] {dagbag.py:545} INFO - Filling up the DagBag from /usr/local/python/3.12.1/lib/python3.12/site-packages/airflow/example_dags/example_params_ui_tutorial.py
[2026-05-06T23:35:33.212+0000] {processor.py:840} INFO - DAG(s) 'example_params_ui_tutorial' retrieved from /usr/local/python/3.12.1/lib/python3.12/site-packages/airflow/example_dags/example_params_ui_tutorial.py
[2026-05-06T23:35:33.272+0000] {logging_mixin.py:188} INFO - [2026-05-06T23:35:33.272+0000] {dag.py:3096} INFO - Sync 1 DAGs
[2026-05-06T23:35:33.282+0000] {logging_mixin.py:188} INFO - [2026-05-06T23:35:33.282+0000] {dag.py:3954} INFO - Setting next_dagrun for example_params_ui_tutorial to None, run_after=None
[2026-05-06T23:35:33.298+0000] {processor.py:183} INFO - Processing /usr/local/python/3.12.1/lib/python3.12/site-packages/airflow/example_dags/example_params_ui_tutorial.py took 0.105 seconds
[2026-05-06T23:36:22.369+0000] {processor.py:161} INFO - Started process (PID=22935) to work on /usr/local/python/3.12.1/lib/python3.12/site-packages/airflow/example_dags/example_params_ui_tutorial.py
[2026-05-06T23:36:22.371+0000] {processor.py:830} INFO - Processing file /usr/local/python/3.12.1/lib/python3.12/site-packages/airflow/example_dags/example_params_ui_tutorial.py for tasks to queue
[2026-05-06T23:36:22.373+0000] {logging_mixin.py:188} INFO - [2026-05-06T23:36:22.372+0000] {dagbag.py:545} INFO - Filling up the DagBag from /usr/local/python/3.12.1/lib/python3.12/site-packages/airflow/example_dags/example_params_ui_tutorial.py
[2026-05-06T23:36:22.388+0000] {processor.py:840} INFO - DAG(s) 'example_params_ui_tutorial' retrieved from /usr/local/python/3.12.1/lib/python3.12/site-packages/airflow/example_dags/example_params_ui_tutorial.py
[2026-05-06T23:36:22.445+0000] {logging_mixin.py:188} INFO - [2026-05-06T23:36:22.444+0000] {dag.py:3096} INFO - Sync 1 DAGs
[2026-05-06T23:36:22.459+0000] {logging_mixin.py:188} INFO - [2026-05-06T23:36:22.459+0000] {dag.py:3954} INFO - Setting next_dagrun for example_params_ui_tutorial to None, run_after=None
[2026-05-06T23:36:22.478+0000] {processor.py:183} INFO - Processing /usr/local/python/3.12.1/lib/python3.12/site-packages/airflow/example_dags/example_params_ui_tutorial.py took 0.114 seconds
[2026-05-06T23:37:19.242+0000] {processor.py:161} INFO - Started process (PID=23376) to work on /usr/local/python/3.12.1/lib/python3.12/site-packages/airflow/example_dags/example_params_ui_tutorial.py
[2026-05-06T23:37:19.243+0000] {processor.py:830} INFO - Processing file /usr/local/python/3.12.1/lib/python3.12/site-packages/airflow/example_dags/example_params_ui_tutorial.py for tasks to queue
[2026-05-06T23:37:19.244+0000] {logging_mixin.py:188} INFO - [2026-05-06T23:37:19.244+0000] {dagbag.py:545} INFO - Filling up the DagBag from /usr/local/python/3.12.1/lib/python3.12/site-packages/airflow/example_dags/example_params_ui_tutorial.py
[2026-05-06T23:37:19.254+0000] {processor.py:840} INFO - DAG(s) 'example_params_ui_tutorial' retrieved from /usr/local/python/3.12.1/lib/python3.12/site-packages/airflow/example_dags/example_params_ui_tutorial.py
[2026-05-06T23:37:19.289+0000] {logging_mixin.py:188} INFO - [2026-05-06T23:37:19.289+0000] {dag.py:3096} INFO - Sync 1 DAGs
[2026-05-06T23:37:19.299+0000] {logging_mixin.py:188} INFO - [2026-05-06T23:37:19.298+0000] {dag.py:3954} INFO - Setting next_dagrun for example_params_ui_tutorial to None, run_after=None
[2026-05-06T23:37:19.317+0000] {processor.py:183} INFO - Processing /usr/local/python/3.12.1/lib/python3.12/site-packages/airflow/example_dags/example_params_ui_tutorial.py took 0.080 seconds
[2026-05-06T23:38:16.450+0000] {processor.py:161} INFO - Started process (PID=23814) to work on /usr/local/python/3.12.1/lib/python3.12/site-packages/airflow/example_dags/example_params_ui_tutorial.py
[2026-05-06T23:38:16.451+0000] {processor.py:830} INFO - Processing file /usr/local/python/3.12.1/lib/python3.12/site-packages/airflow/example_dags/example_params_ui_tutorial.py for tasks to queue
[2026-05-06T23:38:16.453+0000] {logging_mixin.py:188} INFO - [2026-05-06T23:38:16.452+0000] {dagbag.py:545} INFO - Filling up the DagBag from /usr/local/python/3.12.1/lib/python3.12/site-packages/airflow/example_dags/example_params_ui_tutorial.py
[2026-05-06T23:38:16.462+0000] {processor.py:840} INFO - DAG(s) 'example_params_ui_tutorial' retrieved from /usr/local/python/3.12.1/lib/python3.12/site-packages/airflow/example_dags/example_params_ui_tutorial.py
[2026-05-06T23:38:16.518+0000] {logging_mixin.py:188} INFO - [2026-05-06T23:38:16.517+0000] {dag.py:3096} INFO - Sync 1 DAGs
[2026-05-06T23:38:16.532+0000] {logging_mixin.py:188} INFO - [2026-05-06T23:38:16.532+0000] {dag.py:3954} INFO - Setting next_dagrun for example_params_ui_tutorial to None, run_after=None
[2026-05-06T23:38:16.550+0000] {processor.py:183} INFO - Processing /usr/local/python/3.12.1/lib/python3.12/site-packages/airflow/example_dags/example_params_ui_tutorial.py took 0.106 seconds
[2026-05-06T23:39:14.968+0000] {processor.py:161} INFO - Started process (PID=24273) to work on /usr/local/python/3.12.1/lib/python3.12/site-packages/airflow/example_dags/example_params_ui_tutorial.py
[2026-05-06T23:39:14.969+0000] {processor.py:830} INFO - Processing file /usr/local/python/3.12.1/lib/python3.12/site-packages/airflow/example_dags/example_params_ui_tutorial.py for tasks to queue
[2026-05-06T23:39:14.970+0000] {logging_mixin.py:188} INFO - [2026-05-06T23:39:14.970+0000] {dagbag.py:545} INFO - Filling up the DagBag from /usr/local/python/3.12.1/lib/python3.12/site-packages/airflow/example_dags/example_params_ui_tutorial.py
[2026-05-06T23:39:14.980+0000] {processor.py:840} INFO - DAG(s) 'example_params_ui_tutorial' retrieved from /usr/local/python/3.12.1/lib/python3.12/site-packages/airflow/example_dags/example_params_ui_tutorial.py
[2026-05-06T23:39:15.014+0000] {logging_mixin.py:188} INFO - [2026-05-06T23:39:15.014+0000] {dag.py:3096} INFO - Sync 1 DAGs
[2026-05-06T23:39:15.023+0000] {logging_mixin.py:188} INFO - [2026-05-06T23:39:15.023+0000] {dag.py:3954} INFO - Setting next_dagrun for example_params_ui_tutorial to None, run_after=None
[2026-05-06T23:39:15.041+0000] {processor.py:183} INFO - Processing /usr/local/python/3.12.1/lib/python3.12/site-packages/airflow/example_dags/example_params_ui_tutorial.py took 0.078 seconds
[2026-05-06T23:40:12.756+0000] {processor.py:161} INFO - Started process (PID=24731) to work on /usr/local/python/3.12.1/lib/python3.12/site-packages/airflow/example_dags/example_params_ui_tutorial.py
[2026-05-06T23:40:12.757+0000] {processor.py:830} INFO - Processing file /usr/local/python/3.12.1/lib/python3.12/site-packages/airflow/example_dags/example_params_ui_tutorial.py for tasks to queue
[2026-05-06T23:40:12.759+0000] {logging_mixin.py:188} INFO - [2026-05-06T23:40:12.758+0000] {dagbag.py:545} INFO - Filling up the DagBag from /usr/local/python/3.12.1/lib/python3.12/site-packages/airflow/example_dags/example_params_ui_tutorial.py
[2026-05-06T23:40:12.768+0000] {processor.py:840} INFO - DAG(s) 'example_params_ui_tutorial' retrieved from /usr/local/python/3.12.1/lib/python3.12/site-packages/airflow/example_dags/example_params_ui_tutorial.py
[2026-05-06T23:40:12.802+0000] {logging_mixin.py:188} INFO - [2026-05-06T23:40:12.802+0000] {dag.py:3096} INFO - Sync 1 DAGs
[2026-05-06T23:40:12.911+0000] {logging_mixin.py:188} INFO - [2026-05-06T23:40:12.911+0000] {dag.py:3954} INFO - Setting next_dagrun for example_params_ui_tutorial to None, run_after=None
[2026-05-06T23:40:12.927+0000] {processor.py:183} INFO - Processing /usr/local/python/3.12.1/lib/python3.12/site-packages/airflow/example_dags/example_params_ui_tutorial.py took 0.175 seconds
[2026-05-06T23:41:13.678+0000] {processor.py:161} INFO - Started process (PID=25206) to work on /usr/local/python/3.12.1/lib/python3.12/site-packages/airflow/example_dags/example_params_ui_tutorial.py
[2026-05-06T23:41:13.678+0000] {processor.py:830} INFO - Processing file /usr/local/python/3.12.1/lib/python3.12/site-packages/airflow/example_dags/example_params_ui_tutorial.py for tasks to queue
[2026-05-06T23:41:13.680+0000] {logging_mixin.py:188} INFO - [2026-05-06T23:41:13.680+0000] {dagbag.py:545} INFO - Filling up the DagBag from /usr/local/python/3.12.1/lib/python3.12/site-packages/airflow/example_dags/example_params_ui_tutorial.py
[2026-05-06T23:41:13.690+0000] {processor.py:840} INFO - DAG(s) 'example_params_ui_tutorial' retrieved from /usr/local/python/3.12.1/lib/python3.12/site-packages/airflow/example_dags/example_params_ui_tutorial.py
[2026-05-06T23:41:13.722+0000] {logging_mixin.py:188} INFO - [2026-05-06T23:41:13.722+0000] {dag.py:3096} INFO - Sync 1 DAGs
[2026-05-06T23:41:13.732+0000] {logging_mixin.py:188} INFO - [2026-05-06T23:41:13.731+0000] {dag.py:3954} INFO - Setting next_dagrun for example_params_ui_tutorial to None, run_after=None
[2026-05-06T23:41:13.749+0000] {processor.py:183} INFO - Processing /usr/local/python/3.12.1/lib/python3.12/site-packages/airflow/example_dags/example_params_ui_tutorial.py took 0.077 seconds
[2026-05-06T23:42:12.946+0000] {processor.py:161} INFO - Started process (PID=25664) to work on /usr/local/python/3.12.1/lib/python3.12/site-packages/airflow/example_dags/example_params_ui_tutorial.py
[2026-05-06T23:42:12.947+0000] {processor.py:830} INFO - Processing file /usr/local/python/3.12.1/lib/python3.12/site-packages/airflow/example_dags/example_params_ui_tutorial.py for tasks to queue
[2026-05-06T23:42:12.948+0000] {logging_mixin.py:188} INFO - [2026-05-06T23:42:12.948+0000] {dagbag.py:545} INFO - Filling up the DagBag from /usr/local/python/3.12.1/lib/python3.12/site-packages/airflow/example_dags/example_params_ui_tutorial.py
[2026-05-06T23:42:12.958+0000] {processor.py:840} INFO - DAG(s) 'example_params_ui_tutorial' retrieved from /usr/local/python/3.12.1/lib/python3.12/site-packages/airflow/example_dags/example_params_ui_tutorial.py
[2026-05-06T23:42:12.993+0000] {logging_mixin.py:188} INFO - [2026-05-06T23:42:12.992+0000] {dag.py:3096} INFO - Sync 1 DAGs
[2026-05-06T23:42:13.002+0000] {logging_mixin.py:188} INFO - [2026-05-06T23:42:13.002+0000] {dag.py:3954} INFO - Setting next_dagrun for example_params_ui_tutorial to None, run_after=None
[2026-05-06T23:42:13.020+0000] {processor.py:183} INFO - Processing /usr/local/python/3.12.1/lib/python3.12/site-packages/airflow/example_dags/example_params_ui_tutorial.py took 0.079 seconds
[2026-05-06T23:43:15.974+0000] {processor.py:161} INFO - Started process (PID=26149) to work on /usr/local/python/3.12.1/lib/python3.12/site-packages/airflow/example_dags/example_params_ui_tutorial.py
[2026-05-06T23:43:15.975+0000] {processor.py:830} INFO - Processing file /usr/local/python/3.12.1/lib/python3.12/site-packages/airflow/example_dags/example_params_ui_tutorial.py for tasks to queue
[2026-05-06T23:43:15.976+0000] {logging_mixin.py:188} INFO - [2026-05-06T23:43:15.976+0000] {dagbag.py:545} INFO - Filling up the DagBag from /usr/local/python/3.12.1/lib/python3.12/site-packages/airflow/example_dags/example_params_ui_tutorial.py
[2026-05-06T23:43:15.986+0000] {processor.py:840} INFO - DAG(s) 'example_params_ui_tutorial' retrieved from /usr/local/python/3.12.1/lib/python3.12/site-packages/airflow/example_dags/example_params_ui_tutorial.py
[2026-05-06T23:43:16.019+0000] {logging_mixin.py:188} INFO - [2026-05-06T23:43:16.019+0000] {dag.py:3096} INFO - Sync 1 DAGs
[2026-05-06T23:43:16.029+0000] {logging_mixin.py:188} INFO - [2026-05-06T23:43:16.029+0000] {dag.py:3954} INFO - Setting next_dagrun for example_params_ui_tutorial to None, run_after=None
[2026-05-06T23:43:16.046+0000] {processor.py:183} INFO - Processing /usr/local/python/3.12.1/lib/python3.12/site-packages/airflow/example_dags/example_params_ui_tutorial.py took 0.077 seconds
[2026-05-06T23:44:13.484+0000] {processor.py:161} INFO - Started process (PID=26586) to work on /usr/local/python/3.12.1/lib/python3.12/site-packages/airflow/example_dags/example_params_ui_tutorial.py
[2026-05-06T23:44:13.485+0000] {processor.py:830} INFO - Processing file /usr/local/python/3.12.1/lib/python3.12/site-packages/airflow/example_dags/example_params_ui_tutorial.py for tasks to queue
[2026-05-06T23:44:13.487+0000] {logging_mixin.py:188} INFO - [2026-05-06T23:44:13.486+0000] {dagbag.py:545} INFO - Filling up the DagBag from /usr/local/python/3.12.1/lib/python3.12/site-packages/airflow/example_dags/example_params_ui_tutorial.py
[2026-05-06T23:44:13.497+0000] {processor.py:840} INFO - DAG(s) 'example_params_ui_tutorial' retrieved from /usr/local/python/3.12.1/lib/python3.12/site-packages/airflow/example_dags/example_params_ui_tutorial.py
[2026-05-06T23:44:13.531+0000] {logging_mixin.py:188} INFO - [2026-05-06T23:44:13.531+0000] {dag.py:3096} INFO - Sync 1 DAGs
[2026-05-06T23:44:13.540+0000] {logging_mixin.py:188} INFO - [2026-05-06T23:44:13.540+0000] {dag.py:3954} INFO - Setting next_dagrun for example_params_ui_tutorial to None, run_after=None
[2026-05-06T23:44:13.557+0000] {processor.py:183} INFO - Processing /usr/local/python/3.12.1/lib/python3.12/site-packages/airflow/example_dags/example_params_ui_tutorial.py took 0.078 seconds
[2026-05-06T23:45:10.710+0000] {processor.py:161} INFO - Started process (PID=27043) to work on /usr/local/python/3.12.1/lib/python3.12/site-packages/airflow/example_dags/example_params_ui_tutorial.py
[2026-05-06T23:45:10.711+0000] {processor.py:830} INFO - Processing file /usr/local/python/3.12.1/lib/python3.12/site-packages/airflow/example_dags/example_params_ui_tutorial.py for tasks to queue
[2026-05-06T23:45:10.712+0000] {logging_mixin.py:188} INFO - [2026-05-06T23:45:10.712+0000] {dagbag.py:545} INFO - Filling up the DagBag from /usr/local/python/3.12.1/lib/python3.12/site-packages/airflow/example_dags/example_params_ui_tutorial.py
[2026-05-06T23:45:10.722+0000] {processor.py:840} INFO - DAG(s) 'example_params_ui_tutorial' retrieved from /usr/local/python/3.12.1/lib/python3.12/site-packages/airflow/example_dags/example_params_ui_tutorial.py
[2026-05-06T23:45:10.756+0000] {logging_mixin.py:188} INFO - [2026-05-06T23:45:10.756+0000] {dag.py:3096} INFO - Sync 1 DAGs
[2026-05-06T23:45:10.766+0000] {logging_mixin.py:188} INFO - [2026-05-06T23:45:10.766+0000] {dag.py:3954} INFO - Setting next_dagrun for example_params_ui_tutorial to None, run_after=None
[2026-05-06T23:45:10.782+0000] {processor.py:183} INFO - Processing /usr/local/python/3.12.1/lib/python3.12/site-packages/airflow/example_dags/example_params_ui_tutorial.py took 0.077 seconds
[2026-05-06T23:46:10.548+0000] {processor.py:161} INFO - Started process (PID=27507) to work on /usr/local/python/3.12.1/lib/python3.12/site-packages/airflow/example_dags/example_params_ui_tutorial.py
[2026-05-06T23:46:10.549+0000] {processor.py:830} INFO - Processing file /usr/local/python/3.12.1/lib/python3.12/site-packages/airflow/example_dags/example_params_ui_tutorial.py for tasks to queue
[2026-05-06T23:46:10.550+0000] {logging_mixin.py:188} INFO - [2026-05-06T23:46:10.550+0000] {dagbag.py:545} INFO - Filling up the DagBag from /usr/local/python/3.12.1/lib/python3.12/site-packages/airflow/example_dags/example_params_ui_tutorial.py
[2026-05-06T23:46:10.560+0000] {processor.py:840} INFO - DAG(s) 'example_params_ui_tutorial' retrieved from /usr/local/python/3.12.1/lib/python3.12/site-packages/airflow/example_dags/example_params_ui_tutorial.py
[2026-05-06T23:46:10.622+0000] {logging_mixin.py:188} INFO - [2026-05-06T23:46:10.621+0000] {dag.py:3096} INFO - Sync 1 DAGs
[2026-05-06T23:46:10.632+0000] {logging_mixin.py:188} INFO - [2026-05-06T23:46:10.632+0000] {dag.py:3954} INFO - Setting next_dagrun for example_params_ui_tutorial to None, run_after=None
[2026-05-06T23:46:10.649+0000] {processor.py:183} INFO - Processing /usr/local/python/3.12.1/lib/python3.12/site-packages/airflow/example_dags/example_params_ui_tutorial.py took 0.106 seconds
[2026-05-06T23:47:06.935+0000] {processor.py:161} INFO - Started process (PID=27940) to work on /usr/local/python/3.12.1/lib/python3.12/site-packages/airflow/example_dags/example_params_ui_tutorial.py
[2026-05-06T23:47:06.936+0000] {processor.py:830} INFO - Processing file /usr/local/python/3.12.1/lib/python3.12/site-packages/airflow/example_dags/example_params_ui_tutorial.py for tasks to queue
[2026-05-06T23:47:06.939+0000] {logging_mixin.py:188} INFO - [2026-05-06T23:47:06.938+0000] {dagbag.py:545} INFO - Filling up the DagBag from /usr/local/python/3.12.1/lib/python3.12/site-packages/airflow/example_dags/example_params_ui_tutorial.py
[2026-05-06T23:47:06.956+0000] {processor.py:840} INFO - DAG(s) 'example_params_ui_tutorial' retrieved from /usr/local/python/3.12.1/lib/python3.12/site-packages/airflow/example_dags/example_params_ui_tutorial.py
[2026-05-06T23:47:07.055+0000] {logging_mixin.py:188} INFO - [2026-05-06T23:47:07.055+0000] {dag.py:3096} INFO - Sync 1 DAGs
[2026-05-06T23:47:07.072+0000] {logging_mixin.py:188} INFO - [2026-05-06T23:47:07.071+0000] {dag.py:3954} INFO - Setting next_dagrun for example_params_ui_tutorial to None, run_after=None
[2026-05-06T23:47:07.107+0000] {processor.py:183} INFO - Processing /usr/local/python/3.12.1/lib/python3.12/site-packages/airflow/example_dags/example_params_ui_tutorial.py took 0.182 seconds
[2026-05-06T23:48:10.010+0000] {processor.py:161} INFO - Started process (PID=28444) to work on /usr/local/python/3.12.1/lib/python3.12/site-packages/airflow/example_dags/example_params_ui_tutorial.py
[2026-05-06T23:48:10.011+0000] {processor.py:830} INFO - Processing file /usr/local/python/3.12.1/lib/python3.12/site-packages/airflow/example_dags/example_params_ui_tutorial.py for tasks to queue
[2026-05-06T23:48:10.013+0000] {logging_mixin.py:188} INFO - [2026-05-06T23:48:10.012+0000] {dagbag.py:545} INFO - Filling up the DagBag from /usr/local/python/3.12.1/lib/python3.12/site-packages/airflow/example_dags/example_params_ui_tutorial.py
[2026-05-06T23:48:10.022+0000] {processor.py:840} INFO - DAG(s) 'example_params_ui_tutorial' retrieved from /usr/local/python/3.12.1/lib/python3.12/site-packages/airflow/example_dags/example_params_ui_tutorial.py
[2026-05-06T23:48:10.056+0000] {logging_mixin.py:188} INFO - [2026-05-06T23:48:10.055+0000] {dag.py:3096} INFO - Sync 1 DAGs
[2026-05-06T23:48:10.065+0000] {logging_mixin.py:188} INFO - [2026-05-06T23:48:10.065+0000] {dag.py:3954} INFO - Setting next_dagrun for example_params_ui_tutorial to None, run_after=None
[2026-05-06T23:48:10.083+0000] {processor.py:183} INFO - Processing /usr/local/python/3.12.1/lib/python3.12/site-packages/airflow/example_dags/example_params_ui_tutorial.py took 0.078 seconds
[2026-05-06T23:49:08.551+0000] {processor.py:161} INFO - Started process (PID=28895) to work on /usr/local/python/3.12.1/lib/python3.12/site-packages/airflow/example_dags/example_params_ui_tutorial.py
[2026-05-06T23:49:08.551+0000] {processor.py:830} INFO - Processing file /usr/local/python/3.12.1/lib/python3.12/site-packages/airflow/example_dags/example_params_ui_tutorial.py for tasks to queue
[2026-05-06T23:49:08.553+0000] {logging_mixin.py:188} INFO - [2026-05-06T23:49:08.552+0000] {dagbag.py:545} INFO - Filling up the DagBag from /usr/local/python/3.12.1/lib/python3.12/site-packages/airflow/example_dags/example_params_ui_tutorial.py
[2026-05-06T23:49:08.563+0000] {processor.py:840} INFO - DAG(s) 'example_params_ui_tutorial' retrieved from /usr/local/python/3.12.1/lib/python3.12/site-packages/airflow/example_dags/example_params_ui_tutorial.py
[2026-05-06T23:49:08.596+0000] {logging_mixin.py:188} INFO - [2026-05-06T23:49:08.595+0000] {dag.py:3096} INFO - Sync 1 DAGs
[2026-05-06T23:49:08.605+0000] {logging_mixin.py:188} INFO - [2026-05-06T23:49:08.605+0000] {dag.py:3954} INFO - Setting next_dagrun for example_params_ui_tutorial to None, run_after=None
[2026-05-06T23:49:08.623+0000] {processor.py:183} INFO - Processing /usr/local/python/3.12.1/lib/python3.12/site-packages/airflow/example_dags/example_params_ui_tutorial.py took 0.078 seconds
[2026-05-06T23:50:03.497+0000] {processor.py:161} INFO - Started process (PID=29332) to work on /usr/local/python/3.12.1/lib/python3.12/site-packages/airflow/example_dags/example_params_ui_tutorial.py
[2026-05-06T23:50:03.498+0000] {processor.py:830} INFO - Processing file /usr/local/python/3.12.1/lib/python3.12/site-packages/airflow/example_dags/example_params_ui_tutorial.py for tasks to queue
[2026-05-06T23:50:03.499+0000] {logging_mixin.py:188} INFO - [2026-05-06T23:50:03.499+0000] {dagbag.py:545} INFO - Filling up the DagBag from /usr/local/python/3.12.1/lib/python3.12/site-packages/airflow/example_dags/example_params_ui_tutorial.py
[2026-05-06T23:50:03.509+0000] {processor.py:840} INFO - DAG(s) 'example_params_ui_tutorial' retrieved from /usr/local/python/3.12.1/lib/python3.12/site-packages/airflow/example_dags/example_params_ui_tutorial.py
[2026-05-06T23:50:03.542+0000] {logging_mixin.py:188} INFO - [2026-05-06T23:50:03.542+0000] {dag.py:3096} INFO - Sync 1 DAGs
[2026-05-06T23:50:03.551+0000] {logging_mixin.py:188} INFO - [2026-05-06T23:50:03.551+0000] {dag.py:3954} INFO - Setting next_dagrun for example_params_ui_tutorial to None, run_after=None
[2026-05-06T23:50:03.568+0000] {processor.py:183} INFO - Processing /usr/local/python/3.12.1/lib/python3.12/site-packages/airflow/example_dags/example_params_ui_tutorial.py took 0.076 seconds
[2026-05-06T23:51:02.590+0000] {processor.py:161} INFO - Started process (PID=29791) to work on /usr/local/python/3.12.1/lib/python3.12/site-packages/airflow/example_dags/example_params_ui_tutorial.py
[2026-05-06T23:51:02.591+0000] {processor.py:830} INFO - Processing file /usr/local/python/3.12.1/lib/python3.12/site-packages/airflow/example_dags/example_params_ui_tutorial.py for tasks to queue
[2026-05-06T23:51:02.593+0000] {logging_mixin.py:188} INFO - [2026-05-06T23:51:02.592+0000] {dagbag.py:545} INFO - Filling up the DagBag from /usr/local/python/3.12.1/lib/python3.12/site-packages/airflow/example_dags/example_params_ui_tutorial.py
[2026-05-06T23:51:02.603+0000] {processor.py:840} INFO - DAG(s) 'example_params_ui_tutorial' retrieved from /usr/local/python/3.12.1/lib/python3.12/site-packages/airflow/example_dags/example_params_ui_tutorial.py
[2026-05-06T23:51:02.647+0000] {logging_mixin.py:188} INFO - [2026-05-06T23:51:02.647+0000] {dag.py:3096} INFO - Sync 1 DAGs
[2026-05-06T23:51:02.657+0000] {logging_mixin.py:188} INFO - [2026-05-06T23:51:02.657+0000] {dag.py:3954} INFO - Setting next_dagrun for example_params_ui_tutorial to None, run_after=None
[2026-05-06T23:51:02.674+0000] {processor.py:183} INFO - Processing /usr/local/python/3.12.1/lib/python3.12/site-packages/airflow/example_dags/example_params_ui_tutorial.py took 0.088 seconds
[2026-05-06T23:51:56.511+0000] {processor.py:161} INFO - Started process (PID=30210) to work on /usr/local/python/3.12.1/lib/python3.12/site-packages/airflow/example_dags/example_params_ui_tutorial.py
[2026-05-06T23:51:56.512+0000] {processor.py:830} INFO - Processing file /usr/local/python/3.12.1/lib/python3.12/site-packages/airflow/example_dags/example_params_ui_tutorial.py for tasks to queue
[2026-05-06T23:51:56.513+0000] {logging_mixin.py:188} INFO - [2026-05-06T23:51:56.513+0000] {dagbag.py:545} INFO - Filling up the DagBag from /usr/local/python/3.12.1/lib/python3.12/site-packages/airflow/example_dags/example_params_ui_tutorial.py
[2026-05-06T23:51:56.523+0000] {processor.py:840} INFO - DAG(s) 'example_params_ui_tutorial' retrieved from /usr/local/python/3.12.1/lib/python3.12/site-packages/airflow/example_dags/example_params_ui_tutorial.py
[2026-05-06T23:51:56.580+0000] {logging_mixin.py:188} INFO - [2026-05-06T23:51:56.580+0000] {dag.py:3096} INFO - Sync 1 DAGs
[2026-05-06T23:51:56.591+0000] {logging_mixin.py:188} INFO - [2026-05-06T23:51:56.591+0000] {dag.py:3954} INFO - Setting next_dagrun for example_params_ui_tutorial to None, run_after=None
[2026-05-06T23:51:56.609+0000] {processor.py:183} INFO - Processing /usr/local/python/3.12.1/lib/python3.12/site-packages/airflow/example_dags/example_params_ui_tutorial.py took 0.103 seconds
[2026-05-06T23:52:54.416+0000] {processor.py:161} INFO - Started process (PID=30664) to work on /usr/local/python/3.12.1/lib/python3.12/site-packages/airflow/example_dags/example_params_ui_tutorial.py
[2026-05-06T23:52:54.417+0000] {processor.py:830} INFO - Processing file /usr/local/python/3.12.1/lib/python3.12/site-packages/airflow/example_dags/example_params_ui_tutorial.py for tasks to queue
[2026-05-06T23:52:54.418+0000] {logging_mixin.py:188} INFO - [2026-05-06T23:52:54.418+0000] {dagbag.py:545} INFO - Filling up the DagBag from /usr/local/python/3.12.1/lib/python3.12/site-packages/airflow/example_dags/example_params_ui_tutorial.py
[2026-05-06T23:52:54.428+0000] {processor.py:840} INFO - DAG(s) 'example_params_ui_tutorial' retrieved from /usr/local/python/3.12.1/lib/python3.12/site-packages/airflow/example_dags/example_params_ui_tutorial.py
[2026-05-06T23:52:54.481+0000] {logging_mixin.py:188} INFO - [2026-05-06T23:52:54.480+0000] {dag.py:3096} INFO - Sync 1 DAGs
[2026-05-06T23:52:54.490+0000] {logging_mixin.py:188} INFO - [2026-05-06T23:52:54.490+0000] {dag.py:3954} INFO - Setting next_dagrun for example_params_ui_tutorial to None, run_after=None
[2026-05-06T23:52:54.508+0000] {processor.py:183} INFO - Processing /usr/local/python/3.12.1/lib/python3.12/site-packages/airflow/example_dags/example_params_ui_tutorial.py took 0.097 seconds
[2026-05-06T23:53:55.126+0000] {processor.py:161} INFO - Started process (PID=31144) to work on /usr/local/python/3.12.1/lib/python3.12/site-packages/airflow/example_dags/example_params_ui_tutorial.py
[2026-05-06T23:53:55.127+0000] {processor.py:830} INFO - Processing file /usr/local/python/3.12.1/lib/python3.12/site-packages/airflow/example_dags/example_params_ui_tutorial.py for tasks to queue
[2026-05-06T23:53:55.131+0000] {logging_mixin.py:188} INFO - [2026-05-06T23:53:55.130+0000] {dagbag.py:545} INFO - Filling up the DagBag from /usr/local/python/3.12.1/lib/python3.12/site-packages/airflow/example_dags/example_params_ui_tutorial.py
[2026-05-06T23:53:55.147+0000] {processor.py:840} INFO - DAG(s) 'example_params_ui_tutorial' retrieved from /usr/local/python/3.12.1/lib/python3.12/site-packages/airflow/example_dags/example_params_ui_tutorial.py
[2026-05-06T23:53:55.206+0000] {logging_mixin.py:188} INFO - [2026-05-06T23:53:55.206+0000] {dag.py:3096} INFO - Sync 1 DAGs
[2026-05-06T23:53:55.219+0000] {logging_mixin.py:188} INFO - [2026-05-06T23:53:55.219+0000] {dag.py:3954} INFO - Setting next_dagrun for example_params_ui_tutorial to None, run_after=None
[2026-05-06T23:53:55.235+0000] {processor.py:183} INFO - Processing /usr/local/python/3.12.1/lib/python3.12/site-packages/airflow/example_dags/example_params_ui_tutorial.py took 0.117 seconds
[2026-05-06T23:54:54.079+0000] {processor.py:161} INFO - Started process (PID=31596) to work on /usr/local/python/3.12.1/lib/python3.12/site-packages/airflow/example_dags/example_params_ui_tutorial.py
[2026-05-06T23:54:54.080+0000] {processor.py:830} INFO - Processing file /usr/local/python/3.12.1/lib/python3.12/site-packages/airflow/example_dags/example_params_ui_tutorial.py for tasks to queue
[2026-05-06T23:54:54.081+0000] {logging_mixin.py:188} INFO - [2026-05-06T23:54:54.081+0000] {dagbag.py:545} INFO - Filling up the DagBag from /usr/local/python/3.12.1/lib/python3.12/site-packages/airflow/example_dags/example_params_ui_tutorial.py
[2026-05-06T23:54:54.092+0000] {processor.py:840} INFO - DAG(s) 'example_params_ui_tutorial' retrieved from /usr/local/python/3.12.1/lib/python3.12/site-packages/airflow/example_dags/example_params_ui_tutorial.py
[2026-05-06T23:54:54.127+0000] {logging_mixin.py:188} INFO - [2026-05-06T23:54:54.127+0000] {dag.py:3096} INFO - Sync 1 DAGs
[2026-05-06T23:54:54.137+0000] {logging_mixin.py:188} INFO - [2026-05-06T23:54:54.137+0000] {dag.py:3954} INFO - Setting next_dagrun for example_params_ui_tutorial to None, run_after=None
[2026-05-06T23:54:54.164+0000] {processor.py:183} INFO - Processing /usr/local/python/3.12.1/lib/python3.12/site-packages/airflow/example_dags/example_params_ui_tutorial.py took 0.090 seconds
[2026-05-06T23:55:53.501+0000] {processor.py:161} INFO - Started process (PID=32106) to work on /usr/local/python/3.12.1/lib/python3.12/site-packages/airflow/example_dags/example_params_ui_tutorial.py
[2026-05-06T23:55:53.502+0000] {processor.py:830} INFO - Processing file /usr/local/python/3.12.1/lib/python3.12/site-packages/airflow/example_dags/example_params_ui_tutorial.py for tasks to queue
[2026-05-06T23:55:53.503+0000] {logging_mixin.py:188} INFO - [2026-05-06T23:55:53.503+0000] {dagbag.py:545} INFO - Filling up the DagBag from /usr/local/python/3.12.1/lib/python3.12/site-packages/airflow/example_dags/example_params_ui_tutorial.py
[2026-05-06T23:55:53.513+0000] {processor.py:840} INFO - DAG(s) 'example_params_ui_tutorial' retrieved from /usr/local/python/3.12.1/lib/python3.12/site-packages/airflow/example_dags/example_params_ui_tutorial.py
[2026-05-06T23:55:53.547+0000] {logging_mixin.py:188} INFO - [2026-05-06T23:55:53.547+0000] {dag.py:3096} INFO - Sync 1 DAGs
[2026-05-06T23:55:53.556+0000] {logging_mixin.py:188} INFO - [2026-05-06T23:55:53.556+0000] {dag.py:3954} INFO - Setting next_dagrun for example_params_ui_tutorial to None, run_after=None
[2026-05-06T23:55:53.574+0000] {processor.py:183} INFO - Processing /usr/local/python/3.12.1/lib/python3.12/site-packages/airflow/example_dags/example_params_ui_tutorial.py took 0.078 seconds
[2026-05-06T23:56:50.117+0000] {processor.py:161} INFO - Started process (PID=32541) to work on /usr/local/python/3.12.1/lib/python3.12/site-packages/airflow/example_dags/example_params_ui_tutorial.py
[2026-05-06T23:56:50.118+0000] {processor.py:830} INFO - Processing file /usr/local/python/3.12.1/lib/python3.12/site-packages/airflow/example_dags/example_params_ui_tutorial.py for tasks to queue
[2026-05-06T23:56:50.119+0000] {logging_mixin.py:188} INFO - [2026-05-06T23:56:50.119+0000] {dagbag.py:545} INFO - Filling up the DagBag from /usr/local/python/3.12.1/lib/python3.12/site-packages/airflow/example_dags/example_params_ui_tutorial.py
[2026-05-06T23:56:50.129+0000] {processor.py:840} INFO - DAG(s) 'example_params_ui_tutorial' retrieved from /usr/local/python/3.12.1/lib/python3.12/site-packages/airflow/example_dags/example_params_ui_tutorial.py
[2026-05-06T23:56:50.162+0000] {logging_mixin.py:188} INFO - [2026-05-06T23:56:50.162+0000] {dag.py:3096} INFO - Sync 1 DAGs
[2026-05-06T23:56:50.171+0000] {logging_mixin.py:188} INFO - [2026-05-06T23:56:50.171+0000] {dag.py:3954} INFO - Setting next_dagrun for example_params_ui_tutorial to None, run_after=None
[2026-05-06T23:56:50.187+0000] {processor.py:183} INFO - Processing /usr/local/python/3.12.1/lib/python3.12/site-packages/airflow/example_dags/example_params_ui_tutorial.py took 0.075 seconds
[2026-05-06T23:57:46.257+0000] {processor.py:161} INFO - Started process (PID=32814) to work on /usr/local/python/3.12.1/lib/python3.12/site-packages/airflow/example_dags/example_params_ui_tutorial.py
[2026-05-06T23:57:46.258+0000] {processor.py:830} INFO - Processing file /usr/local/python/3.12.1/lib/python3.12/site-packages/airflow/example_dags/example_params_ui_tutorial.py for tasks to queue
[2026-05-06T23:57:46.260+0000] {logging_mixin.py:188} INFO - [2026-05-06T23:57:46.259+0000] {dagbag.py:545} INFO - Filling up the DagBag from /usr/local/python/3.12.1/lib/python3.12/site-packages/airflow/example_dags/example_params_ui_tutorial.py
[2026-05-06T23:57:46.276+0000] {processor.py:840} INFO - DAG(s) 'example_params_ui_tutorial' retrieved from /usr/local/python/3.12.1/lib/python3.12/site-packages/airflow/example_dags/example_params_ui_tutorial.py
[2026-05-06T23:57:46.338+0000] {logging_mixin.py:188} INFO - [2026-05-06T23:57:46.338+0000] {dag.py:3096} INFO - Sync 1 DAGs
[2026-05-06T23:57:46.353+0000] {logging_mixin.py:188} INFO - [2026-05-06T23:57:46.353+0000] {dag.py:3954} INFO - Setting next_dagrun for example_params_ui_tutorial to None, run_after=None
[2026-05-06T23:57:46.397+0000] {processor.py:183} INFO - Processing /usr/local/python/3.12.1/lib/python3.12/site-packages/airflow/example_dags/example_params_ui_tutorial.py took 0.155 seconds
[2026-05-06T23:58:44.798+0000] {processor.py:161} INFO - Started process (PID=33098) to work on /usr/local/python/3.12.1/lib/python3.12/site-packages/airflow/example_dags/example_params_ui_tutorial.py
[2026-05-06T23:58:44.799+0000] {processor.py:830} INFO - Processing file /usr/local/python/3.12.1/lib/python3.12/site-packages/airflow/example_dags/example_params_ui_tutorial.py for tasks to queue
[2026-05-06T23:58:44.800+0000] {logging_mixin.py:188} INFO - [2026-05-06T23:58:44.800+0000] {dagbag.py:545} INFO - Filling up the DagBag from /usr/local/python/3.12.1/lib/python3.12/site-packages/airflow/example_dags/example_params_ui_tutorial.py
[2026-05-06T23:58:44.810+0000] {processor.py:840} INFO - DAG(s) 'example_params_ui_tutorial' retrieved from /usr/local/python/3.12.1/lib/python3.12/site-packages/airflow/example_dags/example_params_ui_tutorial.py
[2026-05-06T23:58:44.846+0000] {logging_mixin.py:188} INFO - [2026-05-06T23:58:44.845+0000] {dag.py:3096} INFO - Sync 1 DAGs
[2026-05-06T23:58:44.858+0000] {logging_mixin.py:188} INFO - [2026-05-06T23:58:44.858+0000] {dag.py:3954} INFO - Setting next_dagrun for example_params_ui_tutorial to None, run_after=None
[2026-05-06T23:58:44.875+0000] {processor.py:183} INFO - Processing /usr/local/python/3.12.1/lib/python3.12/site-packages/airflow/example_dags/example_params_ui_tutorial.py took 0.082 seconds
[2026-05-06T23:59:44.467+0000] {processor.py:161} INFO - Started process (PID=33392) to work on /usr/local/python/3.12.1/lib/python3.12/site-packages/airflow/example_dags/example_params_ui_tutorial.py
[2026-05-06T23:59:44.468+0000] {processor.py:830} INFO - Processing file /usr/local/python/3.12.1/lib/python3.12/site-packages/airflow/example_dags/example_params_ui_tutorial.py for tasks to queue
[2026-05-06T23:59:44.471+0000] {logging_mixin.py:188} INFO - [2026-05-06T23:59:44.470+0000] {dagbag.py:545} INFO - Filling up the DagBag from /usr/local/python/3.12.1/lib/python3.12/site-packages/airflow/example_dags/example_params_ui_tutorial.py
[2026-05-06T23:59:44.482+0000] {processor.py:840} INFO - DAG(s) 'example_params_ui_tutorial' retrieved from /usr/local/python/3.12.1/lib/python3.12/site-packages/airflow/example_dags/example_params_ui_tutorial.py
[2026-05-06T23:59:44.516+0000] {logging_mixin.py:188} INFO - [2026-05-06T23:59:44.516+0000] {dag.py:3096} INFO - Sync 1 DAGs
[2026-05-06T23:59:44.526+0000] {logging_mixin.py:188} INFO - [2026-05-06T23:59:44.526+0000] {dag.py:3954} INFO - Setting next_dagrun for example_params_ui_tutorial to None, run_after=None
[2026-05-06T23:59:44.546+0000] {processor.py:183} INFO - Processing /usr/local/python/3.12.1/lib/python3.12/site-packages/airflow/example_dags/example_params_ui_tutorial.py took 0.085 seconds
