[2026-05-06T23:19:18.715+0000] {processor.py:161} INFO - Started process (PID=13451) to work on /usr/local/python/3.12.1/lib/python3.12/site-packages/airflow/example_dags/example_dynamic_task_mapping.py
[2026-05-06T23:19:18.716+0000] {processor.py:830} INFO - Processing file /usr/local/python/3.12.1/lib/python3.12/site-packages/airflow/example_dags/example_dynamic_task_mapping.py for tasks to queue
[2026-05-06T23:19:18.717+0000] {logging_mixin.py:188} INFO - [2026-05-06T23:19:18.717+0000] {dagbag.py:545} INFO - Filling up the DagBag from /usr/local/python/3.12.1/lib/python3.12/site-packages/airflow/example_dags/example_dynamic_task_mapping.py
[2026-05-06T23:19:18.722+0000] {processor.py:840} INFO - DAG(s) 'example_dynamic_task_mapping' retrieved from /usr/local/python/3.12.1/lib/python3.12/site-packages/airflow/example_dags/example_dynamic_task_mapping.py
[2026-05-06T23:19:18.799+0000] {logging_mixin.py:188} INFO - [2026-05-06T23:19:18.799+0000] {override.py:1829} INFO - Created Permission View: can delete on DAG:example_dynamic_task_mapping
[2026-05-06T23:19:18.807+0000] {logging_mixin.py:188} INFO - [2026-05-06T23:19:18.807+0000] {override.py:1829} INFO - Created Permission View: can edit on DAG:example_dynamic_task_mapping
[2026-05-06T23:19:18.813+0000] {logging_mixin.py:188} INFO - [2026-05-06T23:19:18.812+0000] {override.py:1829} INFO - Created Permission View: can read on DAG:example_dynamic_task_mapping
[2026-05-06T23:19:18.813+0000] {logging_mixin.py:188} INFO - [2026-05-06T23:19:18.813+0000] {dag.py:3096} INFO - Sync 1 DAGs
[2026-05-06T23:19:18.820+0000] {logging_mixin.py:188} INFO - [2026-05-06T23:19:18.820+0000] {dag.py:3118} INFO - Creating ORM DAG for example_dynamic_task_mapping
[2026-05-06T23:19:18.828+0000] {logging_mixin.py:188} INFO - [2026-05-06T23:19:18.828+0000] {dag.py:3954} INFO - Setting next_dagrun for example_dynamic_task_mapping to 2022-03-04 00:00:00+00:00, run_after=2022-03-05 00:00:00+00:00
[2026-05-06T23:19:18.840+0000] {processor.py:183} INFO - Processing /usr/local/python/3.12.1/lib/python3.12/site-packages/airflow/example_dags/example_dynamic_task_mapping.py took 0.130 seconds
[2026-05-06T23:20:08.976+0000] {processor.py:161} INFO - Started process (PID=13909) to work on /usr/local/python/3.12.1/lib/python3.12/site-packages/airflow/example_dags/example_dynamic_task_mapping.py
[2026-05-06T23:20:08.977+0000] {processor.py:830} INFO - Processing file /usr/local/python/3.12.1/lib/python3.12/site-packages/airflow/example_dags/example_dynamic_task_mapping.py for tasks to queue
[2026-05-06T23:20:08.979+0000] {logging_mixin.py:188} INFO - [2026-05-06T23:20:08.978+0000] {dagbag.py:545} INFO - Filling up the DagBag from /usr/local/python/3.12.1/lib/python3.12/site-packages/airflow/example_dags/example_dynamic_task_mapping.py
[2026-05-06T23:20:08.984+0000] {processor.py:840} INFO - DAG(s) 'example_dynamic_task_mapping' retrieved from /usr/local/python/3.12.1/lib/python3.12/site-packages/airflow/example_dags/example_dynamic_task_mapping.py
[2026-05-06T23:20:08.996+0000] {logging_mixin.py:188} INFO - [2026-05-06T23:20:08.996+0000] {dag.py:3096} INFO - Sync 1 DAGs
[2026-05-06T23:20:09.010+0000] {logging_mixin.py:188} INFO - [2026-05-06T23:20:09.010+0000] {dag.py:3954} INFO - Setting next_dagrun for example_dynamic_task_mapping to 2022-03-04 00:00:00+00:00, run_after=2022-03-05 00:00:00+00:00
[2026-05-06T23:20:09.025+0000] {processor.py:183} INFO - Processing /usr/local/python/3.12.1/lib/python3.12/site-packages/airflow/example_dags/example_dynamic_task_mapping.py took 0.053 seconds
[2026-05-06T23:21:08.758+0000] {processor.py:161} INFO - Started process (PID=14417) to work on /usr/local/python/3.12.1/lib/python3.12/site-packages/airflow/example_dags/example_dynamic_task_mapping.py
[2026-05-06T23:21:08.759+0000] {processor.py:830} INFO - Processing file /usr/local/python/3.12.1/lib/python3.12/site-packages/airflow/example_dags/example_dynamic_task_mapping.py for tasks to queue
[2026-05-06T23:21:08.760+0000] {logging_mixin.py:188} INFO - [2026-05-06T23:21:08.760+0000] {dagbag.py:545} INFO - Filling up the DagBag from /usr/local/python/3.12.1/lib/python3.12/site-packages/airflow/example_dags/example_dynamic_task_mapping.py
[2026-05-06T23:21:08.765+0000] {processor.py:840} INFO - DAG(s) 'example_dynamic_task_mapping' retrieved from /usr/local/python/3.12.1/lib/python3.12/site-packages/airflow/example_dags/example_dynamic_task_mapping.py
[2026-05-06T23:21:08.778+0000] {logging_mixin.py:188} INFO - [2026-05-06T23:21:08.777+0000] {dag.py:3096} INFO - Sync 1 DAGs
[2026-05-06T23:21:08.791+0000] {logging_mixin.py:188} INFO - [2026-05-06T23:21:08.791+0000] {dag.py:3954} INFO - Setting next_dagrun for example_dynamic_task_mapping to 2022-03-04 00:00:00+00:00, run_after=2022-03-05 00:00:00+00:00
[2026-05-06T23:21:08.807+0000] {processor.py:183} INFO - Processing /usr/local/python/3.12.1/lib/python3.12/site-packages/airflow/example_dags/example_dynamic_task_mapping.py took 0.053 seconds
[2026-05-06T23:22:10.142+0000] {processor.py:161} INFO - Started process (PID=14982) to work on /usr/local/python/3.12.1/lib/python3.12/site-packages/airflow/example_dags/example_dynamic_task_mapping.py
[2026-05-06T23:22:10.142+0000] {processor.py:830} INFO - Processing file /usr/local/python/3.12.1/lib/python3.12/site-packages/airflow/example_dags/example_dynamic_task_mapping.py for tasks to queue
[2026-05-06T23:22:10.144+0000] {logging_mixin.py:188} INFO - [2026-05-06T23:22:10.143+0000] {dagbag.py:545} INFO - Filling up the DagBag from /usr/local/python/3.12.1/lib/python3.12/site-packages/airflow/example_dags/example_dynamic_task_mapping.py
[2026-05-06T23:22:10.149+0000] {processor.py:840} INFO - DAG(s) 'example_dynamic_task_mapping' retrieved from /usr/local/python/3.12.1/lib/python3.12/site-packages/airflow/example_dags/example_dynamic_task_mapping.py
[2026-05-06T23:22:10.161+0000] {logging_mixin.py:188} INFO - [2026-05-06T23:22:10.161+0000] {dag.py:3096} INFO - Sync 1 DAGs
[2026-05-06T23:22:10.175+0000] {logging_mixin.py:188} INFO - [2026-05-06T23:22:10.175+0000] {dag.py:3954} INFO - Setting next_dagrun for example_dynamic_task_mapping to 2022-03-04 00:00:00+00:00, run_after=2022-03-05 00:00:00+00:00
[2026-05-06T23:22:10.191+0000] {processor.py:183} INFO - Processing /usr/local/python/3.12.1/lib/python3.12/site-packages/airflow/example_dags/example_dynamic_task_mapping.py took 0.054 seconds
[2026-05-06T23:23:10.159+0000] {processor.py:161} INFO - Started process (PID=15541) to work on /usr/local/python/3.12.1/lib/python3.12/site-packages/airflow/example_dags/example_dynamic_task_mapping.py
[2026-05-06T23:23:10.160+0000] {processor.py:830} INFO - Processing file /usr/local/python/3.12.1/lib/python3.12/site-packages/airflow/example_dags/example_dynamic_task_mapping.py for tasks to queue
[2026-05-06T23:23:10.161+0000] {logging_mixin.py:188} INFO - [2026-05-06T23:23:10.161+0000] {dagbag.py:545} INFO - Filling up the DagBag from /usr/local/python/3.12.1/lib/python3.12/site-packages/airflow/example_dags/example_dynamic_task_mapping.py
[2026-05-06T23:23:10.167+0000] {processor.py:840} INFO - DAG(s) 'example_dynamic_task_mapping' retrieved from /usr/local/python/3.12.1/lib/python3.12/site-packages/airflow/example_dags/example_dynamic_task_mapping.py
[2026-05-06T23:23:10.179+0000] {logging_mixin.py:188} INFO - [2026-05-06T23:23:10.179+0000] {dag.py:3096} INFO - Sync 1 DAGs
[2026-05-06T23:23:10.193+0000] {logging_mixin.py:188} INFO - [2026-05-06T23:23:10.193+0000] {dag.py:3954} INFO - Setting next_dagrun for example_dynamic_task_mapping to 2022-03-04 00:00:00+00:00, run_after=2022-03-05 00:00:00+00:00
[2026-05-06T23:23:10.209+0000] {processor.py:183} INFO - Processing /usr/local/python/3.12.1/lib/python3.12/site-packages/airflow/example_dags/example_dynamic_task_mapping.py took 0.054 seconds
[2026-05-06T23:24:04.856+0000] {processor.py:161} INFO - Started process (PID=16141) to work on /usr/local/python/3.12.1/lib/python3.12/site-packages/airflow/example_dags/example_dynamic_task_mapping.py
[2026-05-06T23:24:04.857+0000] {processor.py:830} INFO - Processing file /usr/local/python/3.12.1/lib/python3.12/site-packages/airflow/example_dags/example_dynamic_task_mapping.py for tasks to queue
[2026-05-06T23:24:04.858+0000] {logging_mixin.py:188} INFO - [2026-05-06T23:24:04.858+0000] {dagbag.py:545} INFO - Filling up the DagBag from /usr/local/python/3.12.1/lib/python3.12/site-packages/airflow/example_dags/example_dynamic_task_mapping.py
[2026-05-06T23:24:04.864+0000] {processor.py:840} INFO - DAG(s) 'example_dynamic_task_mapping' retrieved from /usr/local/python/3.12.1/lib/python3.12/site-packages/airflow/example_dags/example_dynamic_task_mapping.py
[2026-05-06T23:24:04.876+0000] {logging_mixin.py:188} INFO - [2026-05-06T23:24:04.876+0000] {dag.py:3096} INFO - Sync 1 DAGs
[2026-05-06T23:24:04.890+0000] {logging_mixin.py:188} INFO - [2026-05-06T23:24:04.890+0000] {dag.py:3954} INFO - Setting next_dagrun for example_dynamic_task_mapping to 2022-03-04 00:00:00+00:00, run_after=2022-03-05 00:00:00+00:00
[2026-05-06T23:24:04.907+0000] {processor.py:183} INFO - Processing /usr/local/python/3.12.1/lib/python3.12/site-packages/airflow/example_dags/example_dynamic_task_mapping.py took 0.056 seconds
[2026-05-06T23:25:02.196+0000] {processor.py:161} INFO - Started process (PID=16956) to work on /usr/local/python/3.12.1/lib/python3.12/site-packages/airflow/example_dags/example_dynamic_task_mapping.py
[2026-05-06T23:25:02.197+0000] {processor.py:830} INFO - Processing file /usr/local/python/3.12.1/lib/python3.12/site-packages/airflow/example_dags/example_dynamic_task_mapping.py for tasks to queue
[2026-05-06T23:25:02.198+0000] {logging_mixin.py:188} INFO - [2026-05-06T23:25:02.198+0000] {dagbag.py:545} INFO - Filling up the DagBag from /usr/local/python/3.12.1/lib/python3.12/site-packages/airflow/example_dags/example_dynamic_task_mapping.py
[2026-05-06T23:25:02.204+0000] {processor.py:840} INFO - DAG(s) 'example_dynamic_task_mapping' retrieved from /usr/local/python/3.12.1/lib/python3.12/site-packages/airflow/example_dags/example_dynamic_task_mapping.py
[2026-05-06T23:25:02.216+0000] {logging_mixin.py:188} INFO - [2026-05-06T23:25:02.216+0000] {dag.py:3096} INFO - Sync 1 DAGs
[2026-05-06T23:25:02.230+0000] {logging_mixin.py:188} INFO - [2026-05-06T23:25:02.230+0000] {dag.py:3954} INFO - Setting next_dagrun for example_dynamic_task_mapping to 2022-03-04 00:00:00+00:00, run_after=2022-03-05 00:00:00+00:00
[2026-05-06T23:25:02.246+0000] {processor.py:183} INFO - Processing /usr/local/python/3.12.1/lib/python3.12/site-packages/airflow/example_dags/example_dynamic_task_mapping.py took 0.055 seconds
[2026-05-06T23:26:02.719+0000] {processor.py:161} INFO - Started process (PID=17515) to work on /usr/local/python/3.12.1/lib/python3.12/site-packages/airflow/example_dags/example_dynamic_task_mapping.py
[2026-05-06T23:26:02.720+0000] {processor.py:830} INFO - Processing file /usr/local/python/3.12.1/lib/python3.12/site-packages/airflow/example_dags/example_dynamic_task_mapping.py for tasks to queue
[2026-05-06T23:26:02.721+0000] {logging_mixin.py:188} INFO - [2026-05-06T23:26:02.721+0000] {dagbag.py:545} INFO - Filling up the DagBag from /usr/local/python/3.12.1/lib/python3.12/site-packages/airflow/example_dags/example_dynamic_task_mapping.py
[2026-05-06T23:26:02.726+0000] {processor.py:840} INFO - DAG(s) 'example_dynamic_task_mapping' retrieved from /usr/local/python/3.12.1/lib/python3.12/site-packages/airflow/example_dags/example_dynamic_task_mapping.py
[2026-05-06T23:26:02.738+0000] {logging_mixin.py:188} INFO - [2026-05-06T23:26:02.738+0000] {dag.py:3096} INFO - Sync 1 DAGs
[2026-05-06T23:26:02.752+0000] {logging_mixin.py:188} INFO - [2026-05-06T23:26:02.752+0000] {dag.py:3954} INFO - Setting next_dagrun for example_dynamic_task_mapping to 2022-03-04 00:00:00+00:00, run_after=2022-03-05 00:00:00+00:00
[2026-05-06T23:26:02.767+0000] {processor.py:183} INFO - Processing /usr/local/python/3.12.1/lib/python3.12/site-packages/airflow/example_dags/example_dynamic_task_mapping.py took 0.053 seconds
[2026-05-06T23:26:58.815+0000] {processor.py:161} INFO - Started process (PID=17974) to work on /usr/local/python/3.12.1/lib/python3.12/site-packages/airflow/example_dags/example_dynamic_task_mapping.py
[2026-05-06T23:26:58.815+0000] {processor.py:830} INFO - Processing file /usr/local/python/3.12.1/lib/python3.12/site-packages/airflow/example_dags/example_dynamic_task_mapping.py for tasks to queue
[2026-05-06T23:26:58.817+0000] {logging_mixin.py:188} INFO - [2026-05-06T23:26:58.816+0000] {dagbag.py:545} INFO - Filling up the DagBag from /usr/local/python/3.12.1/lib/python3.12/site-packages/airflow/example_dags/example_dynamic_task_mapping.py
[2026-05-06T23:26:58.822+0000] {processor.py:840} INFO - DAG(s) 'example_dynamic_task_mapping' retrieved from /usr/local/python/3.12.1/lib/python3.12/site-packages/airflow/example_dags/example_dynamic_task_mapping.py
[2026-05-06T23:26:58.834+0000] {logging_mixin.py:188} INFO - [2026-05-06T23:26:58.834+0000] {dag.py:3096} INFO - Sync 1 DAGs
[2026-05-06T23:26:58.946+0000] {logging_mixin.py:188} INFO - [2026-05-06T23:26:58.946+0000] {dag.py:3954} INFO - Setting next_dagrun for example_dynamic_task_mapping to 2022-03-04 00:00:00+00:00, run_after=2022-03-05 00:00:00+00:00
[2026-05-06T23:26:58.960+0000] {processor.py:183} INFO - Processing /usr/local/python/3.12.1/lib/python3.12/site-packages/airflow/example_dags/example_dynamic_task_mapping.py took 0.150 seconds
[2026-05-06T23:27:58.088+0000] {processor.py:161} INFO - Started process (PID=18602) to work on /usr/local/python/3.12.1/lib/python3.12/site-packages/airflow/example_dags/example_dynamic_task_mapping.py
[2026-05-06T23:27:58.088+0000] {processor.py:830} INFO - Processing file /usr/local/python/3.12.1/lib/python3.12/site-packages/airflow/example_dags/example_dynamic_task_mapping.py for tasks to queue
[2026-05-06T23:27:58.090+0000] {logging_mixin.py:188} INFO - [2026-05-06T23:27:58.089+0000] {dagbag.py:545} INFO - Filling up the DagBag from /usr/local/python/3.12.1/lib/python3.12/site-packages/airflow/example_dags/example_dynamic_task_mapping.py
[2026-05-06T23:27:58.095+0000] {processor.py:840} INFO - DAG(s) 'example_dynamic_task_mapping' retrieved from /usr/local/python/3.12.1/lib/python3.12/site-packages/airflow/example_dags/example_dynamic_task_mapping.py
[2026-05-06T23:27:58.107+0000] {logging_mixin.py:188} INFO - [2026-05-06T23:27:58.107+0000] {dag.py:3096} INFO - Sync 1 DAGs
[2026-05-06T23:27:58.121+0000] {logging_mixin.py:188} INFO - [2026-05-06T23:27:58.121+0000] {dag.py:3954} INFO - Setting next_dagrun for example_dynamic_task_mapping to 2022-03-04 00:00:00+00:00, run_after=2022-03-05 00:00:00+00:00
[2026-05-06T23:27:58.138+0000] {processor.py:183} INFO - Processing /usr/local/python/3.12.1/lib/python3.12/site-packages/airflow/example_dags/example_dynamic_task_mapping.py took 0.055 seconds
[2026-05-06T23:29:00.175+0000] {processor.py:161} INFO - Started process (PID=19144) to work on /usr/local/python/3.12.1/lib/python3.12/site-packages/airflow/example_dags/example_dynamic_task_mapping.py
[2026-05-06T23:29:00.175+0000] {processor.py:830} INFO - Processing file /usr/local/python/3.12.1/lib/python3.12/site-packages/airflow/example_dags/example_dynamic_task_mapping.py for tasks to queue
[2026-05-06T23:29:00.177+0000] {logging_mixin.py:188} INFO - [2026-05-06T23:29:00.176+0000] {dagbag.py:545} INFO - Filling up the DagBag from /usr/local/python/3.12.1/lib/python3.12/site-packages/airflow/example_dags/example_dynamic_task_mapping.py
[2026-05-06T23:29:00.182+0000] {processor.py:840} INFO - DAG(s) 'example_dynamic_task_mapping' retrieved from /usr/local/python/3.12.1/lib/python3.12/site-packages/airflow/example_dags/example_dynamic_task_mapping.py
[2026-05-06T23:29:00.194+0000] {logging_mixin.py:188} INFO - [2026-05-06T23:29:00.194+0000] {dag.py:3096} INFO - Sync 1 DAGs
[2026-05-06T23:29:00.209+0000] {logging_mixin.py:188} INFO - [2026-05-06T23:29:00.209+0000] {dag.py:3954} INFO - Setting next_dagrun for example_dynamic_task_mapping to 2022-03-04 00:00:00+00:00, run_after=2022-03-05 00:00:00+00:00
[2026-05-06T23:29:00.224+0000] {processor.py:183} INFO - Processing /usr/local/python/3.12.1/lib/python3.12/site-packages/airflow/example_dags/example_dynamic_task_mapping.py took 0.054 seconds
[2026-05-06T23:32:01.328+0000] {processor.py:161} INFO - Started process (PID=20873) to work on /usr/local/python/3.12.1/lib/python3.12/site-packages/airflow/example_dags/example_dynamic_task_mapping.py
[2026-05-06T23:32:01.328+0000] {processor.py:830} INFO - Processing file /usr/local/python/3.12.1/lib/python3.12/site-packages/airflow/example_dags/example_dynamic_task_mapping.py for tasks to queue
[2026-05-06T23:32:01.330+0000] {logging_mixin.py:188} INFO - [2026-05-06T23:32:01.330+0000] {dagbag.py:545} INFO - Filling up the DagBag from /usr/local/python/3.12.1/lib/python3.12/site-packages/airflow/example_dags/example_dynamic_task_mapping.py
[2026-05-06T23:32:01.336+0000] {processor.py:840} INFO - DAG(s) 'example_dynamic_task_mapping' retrieved from /usr/local/python/3.12.1/lib/python3.12/site-packages/airflow/example_dags/example_dynamic_task_mapping.py
[2026-05-06T23:32:01.350+0000] {logging_mixin.py:188} INFO - [2026-05-06T23:32:01.349+0000] {dag.py:3096} INFO - Sync 1 DAGs
[2026-05-06T23:32:01.364+0000] {logging_mixin.py:188} INFO - [2026-05-06T23:32:01.364+0000] {dag.py:3954} INFO - Setting next_dagrun for example_dynamic_task_mapping to 2022-03-04 00:00:00+00:00, run_after=2022-03-05 00:00:00+00:00
[2026-05-06T23:32:01.382+0000] {processor.py:183} INFO - Processing /usr/local/python/3.12.1/lib/python3.12/site-packages/airflow/example_dags/example_dynamic_task_mapping.py took 0.059 seconds
[2026-05-06T23:32:49.408+0000] {processor.py:161} INFO - Started process (PID=21252) to work on /usr/local/python/3.12.1/lib/python3.12/site-packages/airflow/example_dags/example_dynamic_task_mapping.py
[2026-05-06T23:32:49.409+0000] {processor.py:830} INFO - Processing file /usr/local/python/3.12.1/lib/python3.12/site-packages/airflow/example_dags/example_dynamic_task_mapping.py for tasks to queue
[2026-05-06T23:32:49.411+0000] {logging_mixin.py:188} INFO - [2026-05-06T23:32:49.410+0000] {dagbag.py:545} INFO - Filling up the DagBag from /usr/local/python/3.12.1/lib/python3.12/site-packages/airflow/example_dags/example_dynamic_task_mapping.py
[2026-05-06T23:32:49.416+0000] {processor.py:840} INFO - DAG(s) 'example_dynamic_task_mapping' retrieved from /usr/local/python/3.12.1/lib/python3.12/site-packages/airflow/example_dags/example_dynamic_task_mapping.py
[2026-05-06T23:32:49.429+0000] {logging_mixin.py:188} INFO - [2026-05-06T23:32:49.429+0000] {dag.py:3096} INFO - Sync 1 DAGs
[2026-05-06T23:32:49.444+0000] {logging_mixin.py:188} INFO - [2026-05-06T23:32:49.444+0000] {dag.py:3954} INFO - Setting next_dagrun for example_dynamic_task_mapping to 2022-03-04 00:00:00+00:00, run_after=2022-03-05 00:00:00+00:00
[2026-05-06T23:32:49.461+0000] {processor.py:183} INFO - Processing /usr/local/python/3.12.1/lib/python3.12/site-packages/airflow/example_dags/example_dynamic_task_mapping.py took 0.057 seconds
[2026-05-06T23:33:45.245+0000] {processor.py:161} INFO - Started process (PID=21682) to work on /usr/local/python/3.12.1/lib/python3.12/site-packages/airflow/example_dags/example_dynamic_task_mapping.py
[2026-05-06T23:33:45.246+0000] {processor.py:830} INFO - Processing file /usr/local/python/3.12.1/lib/python3.12/site-packages/airflow/example_dags/example_dynamic_task_mapping.py for tasks to queue
[2026-05-06T23:33:45.248+0000] {logging_mixin.py:188} INFO - [2026-05-06T23:33:45.247+0000] {dagbag.py:545} INFO - Filling up the DagBag from /usr/local/python/3.12.1/lib/python3.12/site-packages/airflow/example_dags/example_dynamic_task_mapping.py
[2026-05-06T23:33:45.253+0000] {processor.py:840} INFO - DAG(s) 'example_dynamic_task_mapping' retrieved from /usr/local/python/3.12.1/lib/python3.12/site-packages/airflow/example_dags/example_dynamic_task_mapping.py
[2026-05-06T23:33:45.266+0000] {logging_mixin.py:188} INFO - [2026-05-06T23:33:45.266+0000] {dag.py:3096} INFO - Sync 1 DAGs
[2026-05-06T23:33:45.281+0000] {logging_mixin.py:188} INFO - [2026-05-06T23:33:45.281+0000] {dag.py:3954} INFO - Setting next_dagrun for example_dynamic_task_mapping to 2022-03-04 00:00:00+00:00, run_after=2022-03-05 00:00:00+00:00
[2026-05-06T23:33:45.297+0000] {processor.py:183} INFO - Processing /usr/local/python/3.12.1/lib/python3.12/site-packages/airflow/example_dags/example_dynamic_task_mapping.py took 0.056 seconds
[2026-05-06T23:34:44.702+0000] {processor.py:161} INFO - Started process (PID=22165) to work on /usr/local/python/3.12.1/lib/python3.12/site-packages/airflow/example_dags/example_dynamic_task_mapping.py
[2026-05-06T23:34:44.703+0000] {processor.py:830} INFO - Processing file /usr/local/python/3.12.1/lib/python3.12/site-packages/airflow/example_dags/example_dynamic_task_mapping.py for tasks to queue
[2026-05-06T23:34:44.704+0000] {logging_mixin.py:188} INFO - [2026-05-06T23:34:44.704+0000] {dagbag.py:545} INFO - Filling up the DagBag from /usr/local/python/3.12.1/lib/python3.12/site-packages/airflow/example_dags/example_dynamic_task_mapping.py
[2026-05-06T23:34:44.710+0000] {processor.py:840} INFO - DAG(s) 'example_dynamic_task_mapping' retrieved from /usr/local/python/3.12.1/lib/python3.12/site-packages/airflow/example_dags/example_dynamic_task_mapping.py
[2026-05-06T23:34:44.723+0000] {logging_mixin.py:188} INFO - [2026-05-06T23:34:44.723+0000] {dag.py:3096} INFO - Sync 1 DAGs
[2026-05-06T23:34:44.739+0000] {logging_mixin.py:188} INFO - [2026-05-06T23:34:44.739+0000] {dag.py:3954} INFO - Setting next_dagrun for example_dynamic_task_mapping to 2022-03-04 00:00:00+00:00, run_after=2022-03-05 00:00:00+00:00
[2026-05-06T23:34:44.756+0000] {processor.py:183} INFO - Processing /usr/local/python/3.12.1/lib/python3.12/site-packages/airflow/example_dags/example_dynamic_task_mapping.py took 0.059 seconds
[2026-05-06T23:35:39.244+0000] {processor.py:161} INFO - Started process (PID=22601) to work on /usr/local/python/3.12.1/lib/python3.12/site-packages/airflow/example_dags/example_dynamic_task_mapping.py
[2026-05-06T23:35:39.245+0000] {processor.py:830} INFO - Processing file /usr/local/python/3.12.1/lib/python3.12/site-packages/airflow/example_dags/example_dynamic_task_mapping.py for tasks to queue
[2026-05-06T23:35:39.246+0000] {logging_mixin.py:188} INFO - [2026-05-06T23:35:39.246+0000] {dagbag.py:545} INFO - Filling up the DagBag from /usr/local/python/3.12.1/lib/python3.12/site-packages/airflow/example_dags/example_dynamic_task_mapping.py
[2026-05-06T23:35:39.252+0000] {processor.py:840} INFO - DAG(s) 'example_dynamic_task_mapping' retrieved from /usr/local/python/3.12.1/lib/python3.12/site-packages/airflow/example_dags/example_dynamic_task_mapping.py
[2026-05-06T23:35:39.265+0000] {logging_mixin.py:188} INFO - [2026-05-06T23:35:39.264+0000] {dag.py:3096} INFO - Sync 1 DAGs
[2026-05-06T23:35:39.279+0000] {logging_mixin.py:188} INFO - [2026-05-06T23:35:39.279+0000] {dag.py:3954} INFO - Setting next_dagrun for example_dynamic_task_mapping to 2022-03-04 00:00:00+00:00, run_after=2022-03-05 00:00:00+00:00
[2026-05-06T23:35:39.295+0000] {processor.py:183} INFO - Processing /usr/local/python/3.12.1/lib/python3.12/site-packages/airflow/example_dags/example_dynamic_task_mapping.py took 0.056 seconds
[2026-05-06T23:36:37.554+0000] {processor.py:161} INFO - Started process (PID=23037) to work on /usr/local/python/3.12.1/lib/python3.12/site-packages/airflow/example_dags/example_dynamic_task_mapping.py
[2026-05-06T23:36:37.555+0000] {processor.py:830} INFO - Processing file /usr/local/python/3.12.1/lib/python3.12/site-packages/airflow/example_dags/example_dynamic_task_mapping.py for tasks to queue
[2026-05-06T23:36:37.557+0000] {logging_mixin.py:188} INFO - [2026-05-06T23:36:37.556+0000] {dagbag.py:545} INFO - Filling up the DagBag from /usr/local/python/3.12.1/lib/python3.12/site-packages/airflow/example_dags/example_dynamic_task_mapping.py
[2026-05-06T23:36:37.562+0000] {processor.py:840} INFO - DAG(s) 'example_dynamic_task_mapping' retrieved from /usr/local/python/3.12.1/lib/python3.12/site-packages/airflow/example_dags/example_dynamic_task_mapping.py
[2026-05-06T23:36:37.575+0000] {logging_mixin.py:188} INFO - [2026-05-06T23:36:37.575+0000] {dag.py:3096} INFO - Sync 1 DAGs
[2026-05-06T23:36:37.591+0000] {logging_mixin.py:188} INFO - [2026-05-06T23:36:37.591+0000] {dag.py:3954} INFO - Setting next_dagrun for example_dynamic_task_mapping to 2022-03-04 00:00:00+00:00, run_after=2022-03-05 00:00:00+00:00
[2026-05-06T23:36:37.607+0000] {processor.py:183} INFO - Processing /usr/local/python/3.12.1/lib/python3.12/site-packages/airflow/example_dags/example_dynamic_task_mapping.py took 0.057 seconds
[2026-05-06T23:37:36.917+0000] {processor.py:161} INFO - Started process (PID=23502) to work on /usr/local/python/3.12.1/lib/python3.12/site-packages/airflow/example_dags/example_dynamic_task_mapping.py
[2026-05-06T23:37:36.918+0000] {processor.py:830} INFO - Processing file /usr/local/python/3.12.1/lib/python3.12/site-packages/airflow/example_dags/example_dynamic_task_mapping.py for tasks to queue
[2026-05-06T23:37:36.920+0000] {logging_mixin.py:188} INFO - [2026-05-06T23:37:36.919+0000] {dagbag.py:545} INFO - Filling up the DagBag from /usr/local/python/3.12.1/lib/python3.12/site-packages/airflow/example_dags/example_dynamic_task_mapping.py
[2026-05-06T23:37:36.926+0000] {processor.py:840} INFO - DAG(s) 'example_dynamic_task_mapping' retrieved from /usr/local/python/3.12.1/lib/python3.12/site-packages/airflow/example_dags/example_dynamic_task_mapping.py
[2026-05-06T23:37:36.939+0000] {logging_mixin.py:188} INFO - [2026-05-06T23:37:36.939+0000] {dag.py:3096} INFO - Sync 1 DAGs
[2026-05-06T23:37:36.955+0000] {logging_mixin.py:188} INFO - [2026-05-06T23:37:36.955+0000] {dag.py:3954} INFO - Setting next_dagrun for example_dynamic_task_mapping to 2022-03-04 00:00:00+00:00, run_after=2022-03-05 00:00:00+00:00
[2026-05-06T23:37:37.075+0000] {processor.py:183} INFO - Processing /usr/local/python/3.12.1/lib/python3.12/site-packages/airflow/example_dags/example_dynamic_task_mapping.py took 0.162 seconds
[2026-05-06T23:38:34.475+0000] {processor.py:161} INFO - Started process (PID=23959) to work on /usr/local/python/3.12.1/lib/python3.12/site-packages/airflow/example_dags/example_dynamic_task_mapping.py
[2026-05-06T23:38:34.476+0000] {processor.py:830} INFO - Processing file /usr/local/python/3.12.1/lib/python3.12/site-packages/airflow/example_dags/example_dynamic_task_mapping.py for tasks to queue
[2026-05-06T23:38:34.477+0000] {logging_mixin.py:188} INFO - [2026-05-06T23:38:34.477+0000] {dagbag.py:545} INFO - Filling up the DagBag from /usr/local/python/3.12.1/lib/python3.12/site-packages/airflow/example_dags/example_dynamic_task_mapping.py
[2026-05-06T23:38:34.483+0000] {processor.py:840} INFO - DAG(s) 'example_dynamic_task_mapping' retrieved from /usr/local/python/3.12.1/lib/python3.12/site-packages/airflow/example_dags/example_dynamic_task_mapping.py
[2026-05-06T23:38:34.497+0000] {logging_mixin.py:188} INFO - [2026-05-06T23:38:34.497+0000] {dag.py:3096} INFO - Sync 1 DAGs
[2026-05-06T23:38:34.524+0000] {logging_mixin.py:188} INFO - [2026-05-06T23:38:34.524+0000] {dag.py:3954} INFO - Setting next_dagrun for example_dynamic_task_mapping to 2022-03-04 00:00:00+00:00, run_after=2022-03-05 00:00:00+00:00
[2026-05-06T23:38:34.542+0000] {processor.py:183} INFO - Processing /usr/local/python/3.12.1/lib/python3.12/site-packages/airflow/example_dags/example_dynamic_task_mapping.py took 0.072 seconds
[2026-05-06T23:39:32.674+0000] {processor.py:161} INFO - Started process (PID=24423) to work on /usr/local/python/3.12.1/lib/python3.12/site-packages/airflow/example_dags/example_dynamic_task_mapping.py
[2026-05-06T23:39:32.675+0000] {processor.py:830} INFO - Processing file /usr/local/python/3.12.1/lib/python3.12/site-packages/airflow/example_dags/example_dynamic_task_mapping.py for tasks to queue
[2026-05-06T23:39:32.676+0000] {logging_mixin.py:188} INFO - [2026-05-06T23:39:32.676+0000] {dagbag.py:545} INFO - Filling up the DagBag from /usr/local/python/3.12.1/lib/python3.12/site-packages/airflow/example_dags/example_dynamic_task_mapping.py
[2026-05-06T23:39:32.682+0000] {processor.py:840} INFO - DAG(s) 'example_dynamic_task_mapping' retrieved from /usr/local/python/3.12.1/lib/python3.12/site-packages/airflow/example_dags/example_dynamic_task_mapping.py
[2026-05-06T23:39:32.695+0000] {logging_mixin.py:188} INFO - [2026-05-06T23:39:32.695+0000] {dag.py:3096} INFO - Sync 1 DAGs
[2026-05-06T23:39:32.710+0000] {logging_mixin.py:188} INFO - [2026-05-06T23:39:32.710+0000] {dag.py:3954} INFO - Setting next_dagrun for example_dynamic_task_mapping to 2022-03-04 00:00:00+00:00, run_after=2022-03-05 00:00:00+00:00
[2026-05-06T23:39:32.727+0000] {processor.py:183} INFO - Processing /usr/local/python/3.12.1/lib/python3.12/site-packages/airflow/example_dags/example_dynamic_task_mapping.py took 0.058 seconds
[2026-05-06T23:40:32.493+0000] {processor.py:161} INFO - Started process (PID=24883) to work on /usr/local/python/3.12.1/lib/python3.12/site-packages/airflow/example_dags/example_dynamic_task_mapping.py
[2026-05-06T23:40:32.494+0000] {processor.py:830} INFO - Processing file /usr/local/python/3.12.1/lib/python3.12/site-packages/airflow/example_dags/example_dynamic_task_mapping.py for tasks to queue
[2026-05-06T23:40:32.495+0000] {logging_mixin.py:188} INFO - [2026-05-06T23:40:32.495+0000] {dagbag.py:545} INFO - Filling up the DagBag from /usr/local/python/3.12.1/lib/python3.12/site-packages/airflow/example_dags/example_dynamic_task_mapping.py
[2026-05-06T23:40:32.501+0000] {processor.py:840} INFO - DAG(s) 'example_dynamic_task_mapping' retrieved from /usr/local/python/3.12.1/lib/python3.12/site-packages/airflow/example_dags/example_dynamic_task_mapping.py
[2026-05-06T23:40:32.634+0000] {logging_mixin.py:188} INFO - [2026-05-06T23:40:32.634+0000] {dag.py:3096} INFO - Sync 1 DAGs
[2026-05-06T23:40:32.647+0000] {logging_mixin.py:188} INFO - [2026-05-06T23:40:32.647+0000] {dag.py:3954} INFO - Setting next_dagrun for example_dynamic_task_mapping to 2022-03-04 00:00:00+00:00, run_after=2022-03-05 00:00:00+00:00
[2026-05-06T23:40:32.664+0000] {processor.py:183} INFO - Processing /usr/local/python/3.12.1/lib/python3.12/site-packages/airflow/example_dags/example_dynamic_task_mapping.py took 0.176 seconds
[2026-05-06T23:41:30.328+0000] {processor.py:161} INFO - Started process (PID=25325) to work on /usr/local/python/3.12.1/lib/python3.12/site-packages/airflow/example_dags/example_dynamic_task_mapping.py
[2026-05-06T23:41:30.329+0000] {processor.py:830} INFO - Processing file /usr/local/python/3.12.1/lib/python3.12/site-packages/airflow/example_dags/example_dynamic_task_mapping.py for tasks to queue
[2026-05-06T23:41:30.330+0000] {logging_mixin.py:188} INFO - [2026-05-06T23:41:30.330+0000] {dagbag.py:545} INFO - Filling up the DagBag from /usr/local/python/3.12.1/lib/python3.12/site-packages/airflow/example_dags/example_dynamic_task_mapping.py
[2026-05-06T23:41:30.336+0000] {processor.py:840} INFO - DAG(s) 'example_dynamic_task_mapping' retrieved from /usr/local/python/3.12.1/lib/python3.12/site-packages/airflow/example_dags/example_dynamic_task_mapping.py
[2026-05-06T23:41:30.349+0000] {logging_mixin.py:188} INFO - [2026-05-06T23:41:30.349+0000] {dag.py:3096} INFO - Sync 1 DAGs
[2026-05-06T23:41:30.458+0000] {logging_mixin.py:188} INFO - [2026-05-06T23:41:30.458+0000] {dag.py:3954} INFO - Setting next_dagrun for example_dynamic_task_mapping to 2022-03-04 00:00:00+00:00, run_after=2022-03-05 00:00:00+00:00
[2026-05-06T23:41:30.473+0000] {processor.py:183} INFO - Processing /usr/local/python/3.12.1/lib/python3.12/site-packages/airflow/example_dags/example_dynamic_task_mapping.py took 0.149 seconds
[2026-05-06T23:42:32.283+0000] {processor.py:161} INFO - Started process (PID=25800) to work on /usr/local/python/3.12.1/lib/python3.12/site-packages/airflow/example_dags/example_dynamic_task_mapping.py
[2026-05-06T23:42:32.284+0000] {processor.py:830} INFO - Processing file /usr/local/python/3.12.1/lib/python3.12/site-packages/airflow/example_dags/example_dynamic_task_mapping.py for tasks to queue
[2026-05-06T23:42:32.285+0000] {logging_mixin.py:188} INFO - [2026-05-06T23:42:32.285+0000] {dagbag.py:545} INFO - Filling up the DagBag from /usr/local/python/3.12.1/lib/python3.12/site-packages/airflow/example_dags/example_dynamic_task_mapping.py
[2026-05-06T23:42:32.291+0000] {processor.py:840} INFO - DAG(s) 'example_dynamic_task_mapping' retrieved from /usr/local/python/3.12.1/lib/python3.12/site-packages/airflow/example_dags/example_dynamic_task_mapping.py
[2026-05-06T23:42:32.305+0000] {logging_mixin.py:188} INFO - [2026-05-06T23:42:32.305+0000] {dag.py:3096} INFO - Sync 1 DAGs
[2026-05-06T23:42:32.323+0000] {logging_mixin.py:188} INFO - [2026-05-06T23:42:32.323+0000] {dag.py:3954} INFO - Setting next_dagrun for example_dynamic_task_mapping to 2022-03-04 00:00:00+00:00, run_after=2022-03-05 00:00:00+00:00
[2026-05-06T23:42:32.342+0000] {processor.py:183} INFO - Processing /usr/local/python/3.12.1/lib/python3.12/site-packages/airflow/example_dags/example_dynamic_task_mapping.py took 0.065 seconds
[2026-05-06T23:43:34.147+0000] {processor.py:161} INFO - Started process (PID=26300) to work on /usr/local/python/3.12.1/lib/python3.12/site-packages/airflow/example_dags/example_dynamic_task_mapping.py
[2026-05-06T23:43:34.148+0000] {processor.py:830} INFO - Processing file /usr/local/python/3.12.1/lib/python3.12/site-packages/airflow/example_dags/example_dynamic_task_mapping.py for tasks to queue
[2026-05-06T23:43:34.150+0000] {logging_mixin.py:188} INFO - [2026-05-06T23:43:34.149+0000] {dagbag.py:545} INFO - Filling up the DagBag from /usr/local/python/3.12.1/lib/python3.12/site-packages/airflow/example_dags/example_dynamic_task_mapping.py
[2026-05-06T23:43:34.156+0000] {processor.py:840} INFO - DAG(s) 'example_dynamic_task_mapping' retrieved from /usr/local/python/3.12.1/lib/python3.12/site-packages/airflow/example_dags/example_dynamic_task_mapping.py
[2026-05-06T23:43:34.169+0000] {logging_mixin.py:188} INFO - [2026-05-06T23:43:34.168+0000] {dag.py:3096} INFO - Sync 1 DAGs
[2026-05-06T23:43:34.184+0000] {logging_mixin.py:188} INFO - [2026-05-06T23:43:34.184+0000] {dag.py:3954} INFO - Setting next_dagrun for example_dynamic_task_mapping to 2022-03-04 00:00:00+00:00, run_after=2022-03-05 00:00:00+00:00
[2026-05-06T23:43:34.200+0000] {processor.py:183} INFO - Processing /usr/local/python/3.12.1/lib/python3.12/site-packages/airflow/example_dags/example_dynamic_task_mapping.py took 0.057 seconds
[2026-05-06T23:44:31.778+0000] {processor.py:161} INFO - Started process (PID=26731) to work on /usr/local/python/3.12.1/lib/python3.12/site-packages/airflow/example_dags/example_dynamic_task_mapping.py
[2026-05-06T23:44:31.779+0000] {processor.py:830} INFO - Processing file /usr/local/python/3.12.1/lib/python3.12/site-packages/airflow/example_dags/example_dynamic_task_mapping.py for tasks to queue
[2026-05-06T23:44:31.780+0000] {logging_mixin.py:188} INFO - [2026-05-06T23:44:31.780+0000] {dagbag.py:545} INFO - Filling up the DagBag from /usr/local/python/3.12.1/lib/python3.12/site-packages/airflow/example_dags/example_dynamic_task_mapping.py
[2026-05-06T23:44:31.786+0000] {processor.py:840} INFO - DAG(s) 'example_dynamic_task_mapping' retrieved from /usr/local/python/3.12.1/lib/python3.12/site-packages/airflow/example_dags/example_dynamic_task_mapping.py
[2026-05-06T23:44:31.799+0000] {logging_mixin.py:188} INFO - [2026-05-06T23:44:31.799+0000] {dag.py:3096} INFO - Sync 1 DAGs
[2026-05-06T23:44:31.815+0000] {logging_mixin.py:188} INFO - [2026-05-06T23:44:31.815+0000] {dag.py:3954} INFO - Setting next_dagrun for example_dynamic_task_mapping to 2022-03-04 00:00:00+00:00, run_after=2022-03-05 00:00:00+00:00
[2026-05-06T23:44:31.832+0000] {processor.py:183} INFO - Processing /usr/local/python/3.12.1/lib/python3.12/site-packages/airflow/example_dags/example_dynamic_task_mapping.py took 0.060 seconds
[2026-05-06T23:45:28.306+0000] {processor.py:161} INFO - Started process (PID=27185) to work on /usr/local/python/3.12.1/lib/python3.12/site-packages/airflow/example_dags/example_dynamic_task_mapping.py
[2026-05-06T23:45:28.307+0000] {processor.py:830} INFO - Processing file /usr/local/python/3.12.1/lib/python3.12/site-packages/airflow/example_dags/example_dynamic_task_mapping.py for tasks to queue
[2026-05-06T23:45:28.308+0000] {logging_mixin.py:188} INFO - [2026-05-06T23:45:28.308+0000] {dagbag.py:545} INFO - Filling up the DagBag from /usr/local/python/3.12.1/lib/python3.12/site-packages/airflow/example_dags/example_dynamic_task_mapping.py
[2026-05-06T23:45:28.314+0000] {processor.py:840} INFO - DAG(s) 'example_dynamic_task_mapping' retrieved from /usr/local/python/3.12.1/lib/python3.12/site-packages/airflow/example_dags/example_dynamic_task_mapping.py
[2026-05-06T23:45:28.328+0000] {logging_mixin.py:188} INFO - [2026-05-06T23:45:28.327+0000] {dag.py:3096} INFO - Sync 1 DAGs
[2026-05-06T23:45:28.344+0000] {logging_mixin.py:188} INFO - [2026-05-06T23:45:28.344+0000] {dag.py:3954} INFO - Setting next_dagrun for example_dynamic_task_mapping to 2022-03-04 00:00:00+00:00, run_after=2022-03-05 00:00:00+00:00
[2026-05-06T23:45:28.361+0000] {processor.py:183} INFO - Processing /usr/local/python/3.12.1/lib/python3.12/site-packages/airflow/example_dags/example_dynamic_task_mapping.py took 0.059 seconds
[2026-05-06T23:46:29.886+0000] {processor.py:161} INFO - Started process (PID=27660) to work on /usr/local/python/3.12.1/lib/python3.12/site-packages/airflow/example_dags/example_dynamic_task_mapping.py
[2026-05-06T23:46:29.886+0000] {processor.py:830} INFO - Processing file /usr/local/python/3.12.1/lib/python3.12/site-packages/airflow/example_dags/example_dynamic_task_mapping.py for tasks to queue
[2026-05-06T23:46:29.888+0000] {logging_mixin.py:188} INFO - [2026-05-06T23:46:29.888+0000] {dagbag.py:545} INFO - Filling up the DagBag from /usr/local/python/3.12.1/lib/python3.12/site-packages/airflow/example_dags/example_dynamic_task_mapping.py
[2026-05-06T23:46:29.894+0000] {processor.py:840} INFO - DAG(s) 'example_dynamic_task_mapping' retrieved from /usr/local/python/3.12.1/lib/python3.12/site-packages/airflow/example_dags/example_dynamic_task_mapping.py
[2026-05-06T23:46:29.907+0000] {logging_mixin.py:188} INFO - [2026-05-06T23:46:29.906+0000] {dag.py:3096} INFO - Sync 1 DAGs
[2026-05-06T23:46:29.923+0000] {logging_mixin.py:188} INFO - [2026-05-06T23:46:29.923+0000] {dag.py:3954} INFO - Setting next_dagrun for example_dynamic_task_mapping to 2022-03-04 00:00:00+00:00, run_after=2022-03-05 00:00:00+00:00
[2026-05-06T23:46:29.941+0000] {processor.py:183} INFO - Processing /usr/local/python/3.12.1/lib/python3.12/site-packages/airflow/example_dags/example_dynamic_task_mapping.py took 0.061 seconds
[2026-05-06T23:47:27.216+0000] {processor.py:161} INFO - Started process (PID=28103) to work on /usr/local/python/3.12.1/lib/python3.12/site-packages/airflow/example_dags/example_dynamic_task_mapping.py
[2026-05-06T23:47:27.217+0000] {processor.py:830} INFO - Processing file /usr/local/python/3.12.1/lib/python3.12/site-packages/airflow/example_dags/example_dynamic_task_mapping.py for tasks to queue
[2026-05-06T23:47:27.218+0000] {logging_mixin.py:188} INFO - [2026-05-06T23:47:27.218+0000] {dagbag.py:545} INFO - Filling up the DagBag from /usr/local/python/3.12.1/lib/python3.12/site-packages/airflow/example_dags/example_dynamic_task_mapping.py
[2026-05-06T23:47:27.224+0000] {processor.py:840} INFO - DAG(s) 'example_dynamic_task_mapping' retrieved from /usr/local/python/3.12.1/lib/python3.12/site-packages/airflow/example_dags/example_dynamic_task_mapping.py
[2026-05-06T23:47:27.237+0000] {logging_mixin.py:188} INFO - [2026-05-06T23:47:27.237+0000] {dag.py:3096} INFO - Sync 1 DAGs
[2026-05-06T23:47:27.260+0000] {logging_mixin.py:188} INFO - [2026-05-06T23:47:27.260+0000] {dag.py:3954} INFO - Setting next_dagrun for example_dynamic_task_mapping to 2022-03-04 00:00:00+00:00, run_after=2022-03-05 00:00:00+00:00
[2026-05-06T23:47:27.289+0000] {processor.py:183} INFO - Processing /usr/local/python/3.12.1/lib/python3.12/site-packages/airflow/example_dags/example_dynamic_task_mapping.py took 0.078 seconds
[2026-05-06T23:48:28.015+0000] {processor.py:161} INFO - Started process (PID=28578) to work on /usr/local/python/3.12.1/lib/python3.12/site-packages/airflow/example_dags/example_dynamic_task_mapping.py
[2026-05-06T23:48:28.016+0000] {processor.py:830} INFO - Processing file /usr/local/python/3.12.1/lib/python3.12/site-packages/airflow/example_dags/example_dynamic_task_mapping.py for tasks to queue
[2026-05-06T23:48:28.018+0000] {logging_mixin.py:188} INFO - [2026-05-06T23:48:28.017+0000] {dagbag.py:545} INFO - Filling up the DagBag from /usr/local/python/3.12.1/lib/python3.12/site-packages/airflow/example_dags/example_dynamic_task_mapping.py
[2026-05-06T23:48:28.024+0000] {processor.py:840} INFO - DAG(s) 'example_dynamic_task_mapping' retrieved from /usr/local/python/3.12.1/lib/python3.12/site-packages/airflow/example_dags/example_dynamic_task_mapping.py
[2026-05-06T23:48:28.037+0000] {logging_mixin.py:188} INFO - [2026-05-06T23:48:28.037+0000] {dag.py:3096} INFO - Sync 1 DAGs
[2026-05-06T23:48:28.053+0000] {logging_mixin.py:188} INFO - [2026-05-06T23:48:28.052+0000] {dag.py:3954} INFO - Setting next_dagrun for example_dynamic_task_mapping to 2022-03-04 00:00:00+00:00, run_after=2022-03-05 00:00:00+00:00
[2026-05-06T23:48:28.069+0000] {processor.py:183} INFO - Processing /usr/local/python/3.12.1/lib/python3.12/site-packages/airflow/example_dags/example_dynamic_task_mapping.py took 0.059 seconds
[2026-05-06T23:49:25.861+0000] {processor.py:161} INFO - Started process (PID=29034) to work on /usr/local/python/3.12.1/lib/python3.12/site-packages/airflow/example_dags/example_dynamic_task_mapping.py
[2026-05-06T23:49:25.861+0000] {processor.py:830} INFO - Processing file /usr/local/python/3.12.1/lib/python3.12/site-packages/airflow/example_dags/example_dynamic_task_mapping.py for tasks to queue
[2026-05-06T23:49:25.863+0000] {logging_mixin.py:188} INFO - [2026-05-06T23:49:25.862+0000] {dagbag.py:545} INFO - Filling up the DagBag from /usr/local/python/3.12.1/lib/python3.12/site-packages/airflow/example_dags/example_dynamic_task_mapping.py
[2026-05-06T23:49:25.869+0000] {processor.py:840} INFO - DAG(s) 'example_dynamic_task_mapping' retrieved from /usr/local/python/3.12.1/lib/python3.12/site-packages/airflow/example_dags/example_dynamic_task_mapping.py
[2026-05-06T23:49:25.881+0000] {logging_mixin.py:188} INFO - [2026-05-06T23:49:25.881+0000] {dag.py:3096} INFO - Sync 1 DAGs
[2026-05-06T23:49:25.897+0000] {logging_mixin.py:188} INFO - [2026-05-06T23:49:25.897+0000] {dag.py:3954} INFO - Setting next_dagrun for example_dynamic_task_mapping to 2022-03-04 00:00:00+00:00, run_after=2022-03-05 00:00:00+00:00
[2026-05-06T23:49:25.912+0000] {processor.py:183} INFO - Processing /usr/local/python/3.12.1/lib/python3.12/site-packages/airflow/example_dags/example_dynamic_task_mapping.py took 0.056 seconds
[2026-05-06T23:50:21.189+0000] {processor.py:161} INFO - Started process (PID=29472) to work on /usr/local/python/3.12.1/lib/python3.12/site-packages/airflow/example_dags/example_dynamic_task_mapping.py
[2026-05-06T23:50:21.190+0000] {processor.py:830} INFO - Processing file /usr/local/python/3.12.1/lib/python3.12/site-packages/airflow/example_dags/example_dynamic_task_mapping.py for tasks to queue
[2026-05-06T23:50:21.191+0000] {logging_mixin.py:188} INFO - [2026-05-06T23:50:21.191+0000] {dagbag.py:545} INFO - Filling up the DagBag from /usr/local/python/3.12.1/lib/python3.12/site-packages/airflow/example_dags/example_dynamic_task_mapping.py
[2026-05-06T23:50:21.197+0000] {processor.py:840} INFO - DAG(s) 'example_dynamic_task_mapping' retrieved from /usr/local/python/3.12.1/lib/python3.12/site-packages/airflow/example_dags/example_dynamic_task_mapping.py
[2026-05-06T23:50:21.210+0000] {logging_mixin.py:188} INFO - [2026-05-06T23:50:21.210+0000] {dag.py:3096} INFO - Sync 1 DAGs
[2026-05-06T23:50:21.225+0000] {logging_mixin.py:188} INFO - [2026-05-06T23:50:21.225+0000] {dag.py:3954} INFO - Setting next_dagrun for example_dynamic_task_mapping to 2022-03-04 00:00:00+00:00, run_after=2022-03-05 00:00:00+00:00
[2026-05-06T23:50:21.243+0000] {processor.py:183} INFO - Processing /usr/local/python/3.12.1/lib/python3.12/site-packages/airflow/example_dags/example_dynamic_task_mapping.py took 0.059 seconds
[2026-05-06T23:51:20.410+0000] {processor.py:161} INFO - Started process (PID=29917) to work on /usr/local/python/3.12.1/lib/python3.12/site-packages/airflow/example_dags/example_dynamic_task_mapping.py
[2026-05-06T23:51:20.411+0000] {processor.py:830} INFO - Processing file /usr/local/python/3.12.1/lib/python3.12/site-packages/airflow/example_dags/example_dynamic_task_mapping.py for tasks to queue
[2026-05-06T23:51:20.412+0000] {logging_mixin.py:188} INFO - [2026-05-06T23:51:20.412+0000] {dagbag.py:545} INFO - Filling up the DagBag from /usr/local/python/3.12.1/lib/python3.12/site-packages/airflow/example_dags/example_dynamic_task_mapping.py
[2026-05-06T23:51:20.418+0000] {processor.py:840} INFO - DAG(s) 'example_dynamic_task_mapping' retrieved from /usr/local/python/3.12.1/lib/python3.12/site-packages/airflow/example_dags/example_dynamic_task_mapping.py
[2026-05-06T23:51:20.430+0000] {logging_mixin.py:188} INFO - [2026-05-06T23:51:20.430+0000] {dag.py:3096} INFO - Sync 1 DAGs
[2026-05-06T23:51:20.448+0000] {logging_mixin.py:188} INFO - [2026-05-06T23:51:20.448+0000] {dag.py:3954} INFO - Setting next_dagrun for example_dynamic_task_mapping to 2022-03-04 00:00:00+00:00, run_after=2022-03-05 00:00:00+00:00
[2026-05-06T23:51:20.466+0000] {processor.py:183} INFO - Processing /usr/local/python/3.12.1/lib/python3.12/site-packages/airflow/example_dags/example_dynamic_task_mapping.py took 0.061 seconds
[2026-05-06T23:52:16.670+0000] {processor.py:161} INFO - Started process (PID=30370) to work on /usr/local/python/3.12.1/lib/python3.12/site-packages/airflow/example_dags/example_dynamic_task_mapping.py
[2026-05-06T23:52:16.671+0000] {processor.py:830} INFO - Processing file /usr/local/python/3.12.1/lib/python3.12/site-packages/airflow/example_dags/example_dynamic_task_mapping.py for tasks to queue
[2026-05-06T23:52:16.672+0000] {logging_mixin.py:188} INFO - [2026-05-06T23:52:16.672+0000] {dagbag.py:545} INFO - Filling up the DagBag from /usr/local/python/3.12.1/lib/python3.12/site-packages/airflow/example_dags/example_dynamic_task_mapping.py
[2026-05-06T23:52:16.678+0000] {processor.py:840} INFO - DAG(s) 'example_dynamic_task_mapping' retrieved from /usr/local/python/3.12.1/lib/python3.12/site-packages/airflow/example_dags/example_dynamic_task_mapping.py
[2026-05-06T23:52:16.691+0000] {logging_mixin.py:188} INFO - [2026-05-06T23:52:16.691+0000] {dag.py:3096} INFO - Sync 1 DAGs
[2026-05-06T23:52:16.707+0000] {logging_mixin.py:188} INFO - [2026-05-06T23:52:16.706+0000] {dag.py:3954} INFO - Setting next_dagrun for example_dynamic_task_mapping to 2022-03-04 00:00:00+00:00, run_after=2022-03-05 00:00:00+00:00
[2026-05-06T23:52:16.726+0000] {processor.py:183} INFO - Processing /usr/local/python/3.12.1/lib/python3.12/site-packages/airflow/example_dags/example_dynamic_task_mapping.py took 0.061 seconds
[2026-05-06T23:53:14.999+0000] {processor.py:161} INFO - Started process (PID=30824) to work on /usr/local/python/3.12.1/lib/python3.12/site-packages/airflow/example_dags/example_dynamic_task_mapping.py
[2026-05-06T23:53:15.000+0000] {processor.py:830} INFO - Processing file /usr/local/python/3.12.1/lib/python3.12/site-packages/airflow/example_dags/example_dynamic_task_mapping.py for tasks to queue
[2026-05-06T23:53:15.001+0000] {logging_mixin.py:188} INFO - [2026-05-06T23:53:15.001+0000] {dagbag.py:545} INFO - Filling up the DagBag from /usr/local/python/3.12.1/lib/python3.12/site-packages/airflow/example_dags/example_dynamic_task_mapping.py
[2026-05-06T23:53:15.008+0000] {processor.py:840} INFO - DAG(s) 'example_dynamic_task_mapping' retrieved from /usr/local/python/3.12.1/lib/python3.12/site-packages/airflow/example_dags/example_dynamic_task_mapping.py
[2026-05-06T23:53:15.021+0000] {logging_mixin.py:188} INFO - [2026-05-06T23:53:15.020+0000] {dag.py:3096} INFO - Sync 1 DAGs
[2026-05-06T23:53:15.036+0000] {logging_mixin.py:188} INFO - [2026-05-06T23:53:15.036+0000] {dag.py:3954} INFO - Setting next_dagrun for example_dynamic_task_mapping to 2022-03-04 00:00:00+00:00, run_after=2022-03-05 00:00:00+00:00
[2026-05-06T23:53:15.059+0000] {processor.py:183} INFO - Processing /usr/local/python/3.12.1/lib/python3.12/site-packages/airflow/example_dags/example_dynamic_task_mapping.py took 0.065 seconds
[2026-05-06T23:54:13.624+0000] {processor.py:161} INFO - Started process (PID=31290) to work on /usr/local/python/3.12.1/lib/python3.12/site-packages/airflow/example_dags/example_dynamic_task_mapping.py
[2026-05-06T23:54:13.625+0000] {processor.py:830} INFO - Processing file /usr/local/python/3.12.1/lib/python3.12/site-packages/airflow/example_dags/example_dynamic_task_mapping.py for tasks to queue
[2026-05-06T23:54:13.627+0000] {logging_mixin.py:188} INFO - [2026-05-06T23:54:13.626+0000] {dagbag.py:545} INFO - Filling up the DagBag from /usr/local/python/3.12.1/lib/python3.12/site-packages/airflow/example_dags/example_dynamic_task_mapping.py
[2026-05-06T23:54:13.633+0000] {processor.py:840} INFO - DAG(s) 'example_dynamic_task_mapping' retrieved from /usr/local/python/3.12.1/lib/python3.12/site-packages/airflow/example_dags/example_dynamic_task_mapping.py
[2026-05-06T23:54:13.649+0000] {logging_mixin.py:188} INFO - [2026-05-06T23:54:13.649+0000] {dag.py:3096} INFO - Sync 1 DAGs
[2026-05-06T23:54:13.666+0000] {logging_mixin.py:188} INFO - [2026-05-06T23:54:13.666+0000] {dag.py:3954} INFO - Setting next_dagrun for example_dynamic_task_mapping to 2022-03-04 00:00:00+00:00, run_after=2022-03-05 00:00:00+00:00
[2026-05-06T23:54:13.682+0000] {processor.py:183} INFO - Processing /usr/local/python/3.12.1/lib/python3.12/site-packages/airflow/example_dags/example_dynamic_task_mapping.py took 0.063 seconds
[2026-05-06T23:55:12.079+0000] {processor.py:161} INFO - Started process (PID=31791) to work on /usr/local/python/3.12.1/lib/python3.12/site-packages/airflow/example_dags/example_dynamic_task_mapping.py
[2026-05-06T23:55:12.080+0000] {processor.py:830} INFO - Processing file /usr/local/python/3.12.1/lib/python3.12/site-packages/airflow/example_dags/example_dynamic_task_mapping.py for tasks to queue
[2026-05-06T23:55:12.082+0000] {logging_mixin.py:188} INFO - [2026-05-06T23:55:12.081+0000] {dagbag.py:545} INFO - Filling up the DagBag from /usr/local/python/3.12.1/lib/python3.12/site-packages/airflow/example_dags/example_dynamic_task_mapping.py
[2026-05-06T23:55:12.088+0000] {processor.py:840} INFO - DAG(s) 'example_dynamic_task_mapping' retrieved from /usr/local/python/3.12.1/lib/python3.12/site-packages/airflow/example_dags/example_dynamic_task_mapping.py
[2026-05-06T23:55:12.101+0000] {logging_mixin.py:188} INFO - [2026-05-06T23:55:12.101+0000] {dag.py:3096} INFO - Sync 1 DAGs
[2026-05-06T23:55:12.118+0000] {logging_mixin.py:188} INFO - [2026-05-06T23:55:12.117+0000] {dag.py:3954} INFO - Setting next_dagrun for example_dynamic_task_mapping to 2022-03-04 00:00:00+00:00, run_after=2022-03-05 00:00:00+00:00
[2026-05-06T23:55:12.136+0000] {processor.py:183} INFO - Processing /usr/local/python/3.12.1/lib/python3.12/site-packages/airflow/example_dags/example_dynamic_task_mapping.py took 0.062 seconds
[2026-05-06T23:56:13.899+0000] {processor.py:161} INFO - Started process (PID=32266) to work on /usr/local/python/3.12.1/lib/python3.12/site-packages/airflow/example_dags/example_dynamic_task_mapping.py
[2026-05-06T23:56:13.900+0000] {processor.py:830} INFO - Processing file /usr/local/python/3.12.1/lib/python3.12/site-packages/airflow/example_dags/example_dynamic_task_mapping.py for tasks to queue
[2026-05-06T23:56:13.901+0000] {logging_mixin.py:188} INFO - [2026-05-06T23:56:13.901+0000] {dagbag.py:545} INFO - Filling up the DagBag from /usr/local/python/3.12.1/lib/python3.12/site-packages/airflow/example_dags/example_dynamic_task_mapping.py
[2026-05-06T23:56:13.907+0000] {processor.py:840} INFO - DAG(s) 'example_dynamic_task_mapping' retrieved from /usr/local/python/3.12.1/lib/python3.12/site-packages/airflow/example_dags/example_dynamic_task_mapping.py
[2026-05-06T23:56:13.919+0000] {logging_mixin.py:188} INFO - [2026-05-06T23:56:13.919+0000] {dag.py:3096} INFO - Sync 1 DAGs
[2026-05-06T23:56:13.939+0000] {logging_mixin.py:188} INFO - [2026-05-06T23:56:13.938+0000] {dag.py:3954} INFO - Setting next_dagrun for example_dynamic_task_mapping to 2022-03-04 00:00:00+00:00, run_after=2022-03-05 00:00:00+00:00
[2026-05-06T23:56:13.955+0000] {processor.py:183} INFO - Processing /usr/local/python/3.12.1/lib/python3.12/site-packages/airflow/example_dags/example_dynamic_task_mapping.py took 0.061 seconds
[2026-05-06T23:57:08.030+0000] {processor.py:161} INFO - Started process (PID=32633) to work on /usr/local/python/3.12.1/lib/python3.12/site-packages/airflow/example_dags/example_dynamic_task_mapping.py
[2026-05-06T23:57:08.030+0000] {processor.py:830} INFO - Processing file /usr/local/python/3.12.1/lib/python3.12/site-packages/airflow/example_dags/example_dynamic_task_mapping.py for tasks to queue
[2026-05-06T23:57:08.032+0000] {logging_mixin.py:188} INFO - [2026-05-06T23:57:08.031+0000] {dagbag.py:545} INFO - Filling up the DagBag from /usr/local/python/3.12.1/lib/python3.12/site-packages/airflow/example_dags/example_dynamic_task_mapping.py
[2026-05-06T23:57:08.038+0000] {processor.py:840} INFO - DAG(s) 'example_dynamic_task_mapping' retrieved from /usr/local/python/3.12.1/lib/python3.12/site-packages/airflow/example_dags/example_dynamic_task_mapping.py
[2026-05-06T23:57:08.050+0000] {logging_mixin.py:188} INFO - [2026-05-06T23:57:08.050+0000] {dag.py:3096} INFO - Sync 1 DAGs
[2026-05-06T23:57:08.065+0000] {logging_mixin.py:188} INFO - [2026-05-06T23:57:08.065+0000] {dag.py:3954} INFO - Setting next_dagrun for example_dynamic_task_mapping to 2022-03-04 00:00:00+00:00, run_after=2022-03-05 00:00:00+00:00
[2026-05-06T23:57:08.081+0000] {processor.py:183} INFO - Processing /usr/local/python/3.12.1/lib/python3.12/site-packages/airflow/example_dags/example_dynamic_task_mapping.py took 0.056 seconds
[2026-05-06T23:58:03.169+0000] {processor.py:161} INFO - Started process (PID=32895) to work on /usr/local/python/3.12.1/lib/python3.12/site-packages/airflow/example_dags/example_dynamic_task_mapping.py
[2026-05-06T23:58:03.170+0000] {processor.py:830} INFO - Processing file /usr/local/python/3.12.1/lib/python3.12/site-packages/airflow/example_dags/example_dynamic_task_mapping.py for tasks to queue
[2026-05-06T23:58:03.176+0000] {logging_mixin.py:188} INFO - [2026-05-06T23:58:03.174+0000] {dagbag.py:545} INFO - Filling up the DagBag from /usr/local/python/3.12.1/lib/python3.12/site-packages/airflow/example_dags/example_dynamic_task_mapping.py
[2026-05-06T23:58:03.187+0000] {processor.py:840} INFO - DAG(s) 'example_dynamic_task_mapping' retrieved from /usr/local/python/3.12.1/lib/python3.12/site-packages/airflow/example_dags/example_dynamic_task_mapping.py
[2026-05-06T23:58:03.200+0000] {logging_mixin.py:188} INFO - [2026-05-06T23:58:03.200+0000] {dag.py:3096} INFO - Sync 1 DAGs
[2026-05-06T23:58:03.216+0000] {logging_mixin.py:188} INFO - [2026-05-06T23:58:03.215+0000] {dag.py:3954} INFO - Setting next_dagrun for example_dynamic_task_mapping to 2022-03-04 00:00:00+00:00, run_after=2022-03-05 00:00:00+00:00
[2026-05-06T23:58:03.234+0000] {processor.py:183} INFO - Processing /usr/local/python/3.12.1/lib/python3.12/site-packages/airflow/example_dags/example_dynamic_task_mapping.py took 0.070 seconds
[2026-05-06T23:59:03.949+0000] {processor.py:161} INFO - Started process (PID=33191) to work on /usr/local/python/3.12.1/lib/python3.12/site-packages/airflow/example_dags/example_dynamic_task_mapping.py
[2026-05-06T23:59:03.949+0000] {processor.py:830} INFO - Processing file /usr/local/python/3.12.1/lib/python3.12/site-packages/airflow/example_dags/example_dynamic_task_mapping.py for tasks to queue
[2026-05-06T23:59:03.951+0000] {logging_mixin.py:188} INFO - [2026-05-06T23:59:03.950+0000] {dagbag.py:545} INFO - Filling up the DagBag from /usr/local/python/3.12.1/lib/python3.12/site-packages/airflow/example_dags/example_dynamic_task_mapping.py
[2026-05-06T23:59:03.957+0000] {processor.py:840} INFO - DAG(s) 'example_dynamic_task_mapping' retrieved from /usr/local/python/3.12.1/lib/python3.12/site-packages/airflow/example_dags/example_dynamic_task_mapping.py
[2026-05-06T23:59:03.969+0000] {logging_mixin.py:188} INFO - [2026-05-06T23:59:03.969+0000] {dag.py:3096} INFO - Sync 1 DAGs
[2026-05-06T23:59:03.986+0000] {logging_mixin.py:188} INFO - [2026-05-06T23:59:03.986+0000] {dag.py:3954} INFO - Setting next_dagrun for example_dynamic_task_mapping to 2022-03-04 00:00:00+00:00, run_after=2022-03-05 00:00:00+00:00
[2026-05-06T23:59:04.005+0000] {processor.py:183} INFO - Processing /usr/local/python/3.12.1/lib/python3.12/site-packages/airflow/example_dags/example_dynamic_task_mapping.py took 0.062 seconds
