[2026-05-06T23:18:52.981+0000] {processor.py:161} INFO - Started process (PID=13239) to work on /usr/local/python/3.12.1/lib/python3.12/site-packages/airflow/example_dags/example_xcom.py
[2026-05-06T23:18:52.982+0000] {processor.py:830} INFO - Processing file /usr/local/python/3.12.1/lib/python3.12/site-packages/airflow/example_dags/example_xcom.py for tasks to queue
[2026-05-06T23:18:52.983+0000] {logging_mixin.py:188} INFO - [2026-05-06T23:18:52.983+0000] {dagbag.py:545} INFO - Filling up the DagBag from /usr/local/python/3.12.1/lib/python3.12/site-packages/airflow/example_dags/example_xcom.py
[2026-05-06T23:18:52.991+0000] {processor.py:840} INFO - DAG(s) 'example_xcom' retrieved from /usr/local/python/3.12.1/lib/python3.12/site-packages/airflow/example_dags/example_xcom.py
[2026-05-06T23:18:53.070+0000] {logging_mixin.py:188} INFO - [2026-05-06T23:18:53.069+0000] {override.py:1829} INFO - Created Permission View: can delete on DAG:example_xcom
[2026-05-06T23:18:53.079+0000] {logging_mixin.py:188} INFO - [2026-05-06T23:18:53.078+0000] {override.py:1829} INFO - Created Permission View: can edit on DAG:example_xcom
[2026-05-06T23:18:53.084+0000] {logging_mixin.py:188} INFO - [2026-05-06T23:18:53.084+0000] {override.py:1829} INFO - Created Permission View: can read on DAG:example_xcom
[2026-05-06T23:18:53.084+0000] {logging_mixin.py:188} INFO - [2026-05-06T23:18:53.084+0000] {dag.py:3096} INFO - Sync 1 DAGs
[2026-05-06T23:18:53.092+0000] {logging_mixin.py:188} INFO - [2026-05-06T23:18:53.091+0000] {dag.py:3118} INFO - Creating ORM DAG for example_xcom
[2026-05-06T23:18:53.097+0000] {logging_mixin.py:188} INFO - [2026-05-06T23:18:53.097+0000] {dag.py:3954} INFO - Setting next_dagrun for example_xcom to 2021-01-01 00:00:00+00:00, run_after=2021-01-01 00:00:00+00:00
[2026-05-06T23:18:53.112+0000] {processor.py:183} INFO - Processing /usr/local/python/3.12.1/lib/python3.12/site-packages/airflow/example_dags/example_xcom.py took 0.135 seconds
[2026-05-06T23:19:43.710+0000] {processor.py:161} INFO - Started process (PID=13643) to work on /usr/local/python/3.12.1/lib/python3.12/site-packages/airflow/example_dags/example_xcom.py
[2026-05-06T23:19:43.710+0000] {processor.py:830} INFO - Processing file /usr/local/python/3.12.1/lib/python3.12/site-packages/airflow/example_dags/example_xcom.py for tasks to queue
[2026-05-06T23:19:43.712+0000] {logging_mixin.py:188} INFO - [2026-05-06T23:19:43.711+0000] {dagbag.py:545} INFO - Filling up the DagBag from /usr/local/python/3.12.1/lib/python3.12/site-packages/airflow/example_dags/example_xcom.py
[2026-05-06T23:19:43.718+0000] {processor.py:840} INFO - DAG(s) 'example_xcom' retrieved from /usr/local/python/3.12.1/lib/python3.12/site-packages/airflow/example_dags/example_xcom.py
[2026-05-06T23:19:43.731+0000] {logging_mixin.py:188} INFO - [2026-05-06T23:19:43.731+0000] {dag.py:3096} INFO - Sync 1 DAGs
[2026-05-06T23:19:43.745+0000] {logging_mixin.py:188} INFO - [2026-05-06T23:19:43.745+0000] {dag.py:3954} INFO - Setting next_dagrun for example_xcom to 2021-01-01 00:00:00+00:00, run_after=2021-01-01 00:00:00+00:00
[2026-05-06T23:19:43.761+0000] {processor.py:183} INFO - Processing /usr/local/python/3.12.1/lib/python3.12/site-packages/airflow/example_dags/example_xcom.py took 0.056 seconds
[2026-05-06T23:20:32.841+0000] {processor.py:161} INFO - Started process (PID=14124) to work on /usr/local/python/3.12.1/lib/python3.12/site-packages/airflow/example_dags/example_xcom.py
[2026-05-06T23:20:32.842+0000] {processor.py:830} INFO - Processing file /usr/local/python/3.12.1/lib/python3.12/site-packages/airflow/example_dags/example_xcom.py for tasks to queue
[2026-05-06T23:20:32.843+0000] {logging_mixin.py:188} INFO - [2026-05-06T23:20:32.843+0000] {dagbag.py:545} INFO - Filling up the DagBag from /usr/local/python/3.12.1/lib/python3.12/site-packages/airflow/example_dags/example_xcom.py
[2026-05-06T23:20:32.849+0000] {processor.py:840} INFO - DAG(s) 'example_xcom' retrieved from /usr/local/python/3.12.1/lib/python3.12/site-packages/airflow/example_dags/example_xcom.py
[2026-05-06T23:20:32.862+0000] {logging_mixin.py:188} INFO - [2026-05-06T23:20:32.862+0000] {dag.py:3096} INFO - Sync 1 DAGs
[2026-05-06T23:20:32.877+0000] {logging_mixin.py:188} INFO - [2026-05-06T23:20:32.876+0000] {dag.py:3954} INFO - Setting next_dagrun for example_xcom to 2021-01-01 00:00:00+00:00, run_after=2021-01-01 00:00:00+00:00
[2026-05-06T23:20:32.892+0000] {processor.py:183} INFO - Processing /usr/local/python/3.12.1/lib/python3.12/site-packages/airflow/example_dags/example_xcom.py took 0.055 seconds
[2026-05-06T23:21:14.917+0000] {processor.py:161} INFO - Started process (PID=14483) to work on /usr/local/python/3.12.1/lib/python3.12/site-packages/airflow/example_dags/example_xcom.py
[2026-05-06T23:21:14.918+0000] {processor.py:830} INFO - Processing file /usr/local/python/3.12.1/lib/python3.12/site-packages/airflow/example_dags/example_xcom.py for tasks to queue
[2026-05-06T23:21:14.919+0000] {logging_mixin.py:188} INFO - [2026-05-06T23:21:14.919+0000] {dagbag.py:545} INFO - Filling up the DagBag from /usr/local/python/3.12.1/lib/python3.12/site-packages/airflow/example_dags/example_xcom.py
[2026-05-06T23:21:14.925+0000] {processor.py:840} INFO - DAG(s) 'example_xcom' retrieved from /usr/local/python/3.12.1/lib/python3.12/site-packages/airflow/example_dags/example_xcom.py
[2026-05-06T23:21:14.938+0000] {logging_mixin.py:188} INFO - [2026-05-06T23:21:14.938+0000] {dag.py:3096} INFO - Sync 1 DAGs
[2026-05-06T23:21:14.951+0000] {logging_mixin.py:188} INFO - [2026-05-06T23:21:14.951+0000] {dag.py:3954} INFO - Setting next_dagrun for example_xcom to 2021-01-01 00:00:00+00:00, run_after=2021-01-01 00:00:00+00:00
[2026-05-06T23:21:14.967+0000] {processor.py:183} INFO - Processing /usr/local/python/3.12.1/lib/python3.12/site-packages/airflow/example_dags/example_xcom.py took 0.058 seconds
[2026-05-06T23:21:55.012+0000] {processor.py:161} INFO - Started process (PID=14858) to work on /usr/local/python/3.12.1/lib/python3.12/site-packages/airflow/example_dags/example_xcom.py
[2026-05-06T23:21:55.013+0000] {processor.py:830} INFO - Processing file /usr/local/python/3.12.1/lib/python3.12/site-packages/airflow/example_dags/example_xcom.py for tasks to queue
[2026-05-06T23:21:55.015+0000] {logging_mixin.py:188} INFO - [2026-05-06T23:21:55.015+0000] {dagbag.py:545} INFO - Filling up the DagBag from /usr/local/python/3.12.1/lib/python3.12/site-packages/airflow/example_dags/example_xcom.py
[2026-05-06T23:21:55.023+0000] {processor.py:840} INFO - DAG(s) 'example_xcom' retrieved from /usr/local/python/3.12.1/lib/python3.12/site-packages/airflow/example_dags/example_xcom.py
[2026-05-06T23:21:55.042+0000] {logging_mixin.py:188} INFO - [2026-05-06T23:21:55.041+0000] {dag.py:3096} INFO - Sync 1 DAGs
[2026-05-06T23:21:55.063+0000] {logging_mixin.py:188} INFO - [2026-05-06T23:21:55.063+0000] {dag.py:3954} INFO - Setting next_dagrun for example_xcom to 2021-01-01 00:00:00+00:00, run_after=2021-01-01 00:00:00+00:00
[2026-05-06T23:21:55.083+0000] {processor.py:183} INFO - Processing /usr/local/python/3.12.1/lib/python3.12/site-packages/airflow/example_dags/example_xcom.py took 0.076 seconds
[2026-05-06T23:22:38.112+0000] {processor.py:161} INFO - Started process (PID=15256) to work on /usr/local/python/3.12.1/lib/python3.12/site-packages/airflow/example_dags/example_xcom.py
[2026-05-06T23:22:38.112+0000] {processor.py:830} INFO - Processing file /usr/local/python/3.12.1/lib/python3.12/site-packages/airflow/example_dags/example_xcom.py for tasks to queue
[2026-05-06T23:22:38.114+0000] {logging_mixin.py:188} INFO - [2026-05-06T23:22:38.113+0000] {dagbag.py:545} INFO - Filling up the DagBag from /usr/local/python/3.12.1/lib/python3.12/site-packages/airflow/example_dags/example_xcom.py
[2026-05-06T23:22:38.120+0000] {processor.py:840} INFO - DAG(s) 'example_xcom' retrieved from /usr/local/python/3.12.1/lib/python3.12/site-packages/airflow/example_dags/example_xcom.py
[2026-05-06T23:22:38.133+0000] {logging_mixin.py:188} INFO - [2026-05-06T23:22:38.133+0000] {dag.py:3096} INFO - Sync 1 DAGs
[2026-05-06T23:22:38.147+0000] {logging_mixin.py:188} INFO - [2026-05-06T23:22:38.147+0000] {dag.py:3954} INFO - Setting next_dagrun for example_xcom to 2021-01-01 00:00:00+00:00, run_after=2021-01-01 00:00:00+00:00
[2026-05-06T23:22:38.163+0000] {processor.py:183} INFO - Processing /usr/local/python/3.12.1/lib/python3.12/site-packages/airflow/example_dags/example_xcom.py took 0.055 seconds
[2026-05-06T23:23:15.920+0000] {processor.py:161} INFO - Started process (PID=15577) to work on /usr/local/python/3.12.1/lib/python3.12/site-packages/airflow/example_dags/example_xcom.py
[2026-05-06T23:23:15.921+0000] {processor.py:830} INFO - Processing file /usr/local/python/3.12.1/lib/python3.12/site-packages/airflow/example_dags/example_xcom.py for tasks to queue
[2026-05-06T23:23:15.922+0000] {logging_mixin.py:188} INFO - [2026-05-06T23:23:15.922+0000] {dagbag.py:545} INFO - Filling up the DagBag from /usr/local/python/3.12.1/lib/python3.12/site-packages/airflow/example_dags/example_xcom.py
[2026-05-06T23:23:15.928+0000] {processor.py:840} INFO - DAG(s) 'example_xcom' retrieved from /usr/local/python/3.12.1/lib/python3.12/site-packages/airflow/example_dags/example_xcom.py
[2026-05-06T23:23:15.941+0000] {logging_mixin.py:188} INFO - [2026-05-06T23:23:15.941+0000] {dag.py:3096} INFO - Sync 1 DAGs
[2026-05-06T23:23:15.955+0000] {logging_mixin.py:188} INFO - [2026-05-06T23:23:15.955+0000] {dag.py:3954} INFO - Setting next_dagrun for example_xcom to 2021-01-01 00:00:00+00:00, run_after=2021-01-01 00:00:00+00:00
[2026-05-06T23:23:15.971+0000] {processor.py:183} INFO - Processing /usr/local/python/3.12.1/lib/python3.12/site-packages/airflow/example_dags/example_xcom.py took 0.056 seconds
[2026-05-06T23:23:54.719+0000] {processor.py:161} INFO - Started process (PID=16044) to work on /usr/local/python/3.12.1/lib/python3.12/site-packages/airflow/example_dags/example_xcom.py
[2026-05-06T23:23:54.720+0000] {processor.py:830} INFO - Processing file /usr/local/python/3.12.1/lib/python3.12/site-packages/airflow/example_dags/example_xcom.py for tasks to queue
[2026-05-06T23:23:54.722+0000] {logging_mixin.py:188} INFO - [2026-05-06T23:23:54.721+0000] {dagbag.py:545} INFO - Filling up the DagBag from /usr/local/python/3.12.1/lib/python3.12/site-packages/airflow/example_dags/example_xcom.py
[2026-05-06T23:23:54.728+0000] {processor.py:840} INFO - DAG(s) 'example_xcom' retrieved from /usr/local/python/3.12.1/lib/python3.12/site-packages/airflow/example_dags/example_xcom.py
[2026-05-06T23:23:54.740+0000] {logging_mixin.py:188} INFO - [2026-05-06T23:23:54.740+0000] {dag.py:3096} INFO - Sync 1 DAGs
[2026-05-06T23:23:54.754+0000] {logging_mixin.py:188} INFO - [2026-05-06T23:23:54.754+0000] {dag.py:3954} INFO - Setting next_dagrun for example_xcom to 2021-01-01 00:00:00+00:00, run_after=2021-01-01 00:00:00+00:00
[2026-05-06T23:23:54.770+0000] {processor.py:183} INFO - Processing /usr/local/python/3.12.1/lib/python3.12/site-packages/airflow/example_dags/example_xcom.py took 0.055 seconds
[2026-05-06T23:24:33.010+0000] {processor.py:161} INFO - Started process (PID=16633) to work on /usr/local/python/3.12.1/lib/python3.12/site-packages/airflow/example_dags/example_xcom.py
[2026-05-06T23:24:33.011+0000] {processor.py:830} INFO - Processing file /usr/local/python/3.12.1/lib/python3.12/site-packages/airflow/example_dags/example_xcom.py for tasks to queue
[2026-05-06T23:24:33.012+0000] {logging_mixin.py:188} INFO - [2026-05-06T23:24:33.012+0000] {dagbag.py:545} INFO - Filling up the DagBag from /usr/local/python/3.12.1/lib/python3.12/site-packages/airflow/example_dags/example_xcom.py
[2026-05-06T23:24:33.019+0000] {processor.py:840} INFO - DAG(s) 'example_xcom' retrieved from /usr/local/python/3.12.1/lib/python3.12/site-packages/airflow/example_dags/example_xcom.py
[2026-05-06T23:24:33.036+0000] {logging_mixin.py:188} INFO - [2026-05-06T23:24:33.035+0000] {dag.py:3096} INFO - Sync 1 DAGs
[2026-05-06T23:24:33.058+0000] {logging_mixin.py:188} INFO - [2026-05-06T23:24:33.058+0000] {dag.py:3954} INFO - Setting next_dagrun for example_xcom to 2021-01-01 00:00:00+00:00, run_after=2021-01-01 00:00:00+00:00
[2026-05-06T23:24:33.074+0000] {processor.py:183} INFO - Processing /usr/local/python/3.12.1/lib/python3.12/site-packages/airflow/example_dags/example_xcom.py took 0.069 seconds
[2026-05-06T23:25:10.198+0000] {processor.py:161} INFO - Started process (PID=17080) to work on /usr/local/python/3.12.1/lib/python3.12/site-packages/airflow/example_dags/example_xcom.py
[2026-05-06T23:25:10.199+0000] {processor.py:830} INFO - Processing file /usr/local/python/3.12.1/lib/python3.12/site-packages/airflow/example_dags/example_xcom.py for tasks to queue
[2026-05-06T23:25:10.200+0000] {logging_mixin.py:188} INFO - [2026-05-06T23:25:10.200+0000] {dagbag.py:545} INFO - Filling up the DagBag from /usr/local/python/3.12.1/lib/python3.12/site-packages/airflow/example_dags/example_xcom.py
[2026-05-06T23:25:10.206+0000] {processor.py:840} INFO - DAG(s) 'example_xcom' retrieved from /usr/local/python/3.12.1/lib/python3.12/site-packages/airflow/example_dags/example_xcom.py
[2026-05-06T23:25:10.220+0000] {logging_mixin.py:188} INFO - [2026-05-06T23:25:10.219+0000] {dag.py:3096} INFO - Sync 1 DAGs
[2026-05-06T23:25:10.233+0000] {logging_mixin.py:188} INFO - [2026-05-06T23:25:10.233+0000] {dag.py:3954} INFO - Setting next_dagrun for example_xcom to 2021-01-01 00:00:00+00:00, run_after=2021-01-01 00:00:00+00:00
[2026-05-06T23:25:10.249+0000] {processor.py:183} INFO - Processing /usr/local/python/3.12.1/lib/python3.12/site-packages/airflow/example_dags/example_xcom.py took 0.055 seconds
[2026-05-06T23:25:50.258+0000] {processor.py:161} INFO - Started process (PID=17395) to work on /usr/local/python/3.12.1/lib/python3.12/site-packages/airflow/example_dags/example_xcom.py
[2026-05-06T23:25:50.258+0000] {processor.py:830} INFO - Processing file /usr/local/python/3.12.1/lib/python3.12/site-packages/airflow/example_dags/example_xcom.py for tasks to queue
[2026-05-06T23:25:50.260+0000] {logging_mixin.py:188} INFO - [2026-05-06T23:25:50.259+0000] {dagbag.py:545} INFO - Filling up the DagBag from /usr/local/python/3.12.1/lib/python3.12/site-packages/airflow/example_dags/example_xcom.py
[2026-05-06T23:25:50.266+0000] {processor.py:840} INFO - DAG(s) 'example_xcom' retrieved from /usr/local/python/3.12.1/lib/python3.12/site-packages/airflow/example_dags/example_xcom.py
[2026-05-06T23:25:50.279+0000] {logging_mixin.py:188} INFO - [2026-05-06T23:25:50.279+0000] {dag.py:3096} INFO - Sync 1 DAGs
[2026-05-06T23:25:50.294+0000] {logging_mixin.py:188} INFO - [2026-05-06T23:25:50.293+0000] {dag.py:3954} INFO - Setting next_dagrun for example_xcom to 2021-01-01 00:00:00+00:00, run_after=2021-01-01 00:00:00+00:00
[2026-05-06T23:25:50.309+0000] {processor.py:183} INFO - Processing /usr/local/python/3.12.1/lib/python3.12/site-packages/airflow/example_dags/example_xcom.py took 0.056 seconds
[2026-05-06T23:26:31.136+0000] {processor.py:161} INFO - Started process (PID=17742) to work on /usr/local/python/3.12.1/lib/python3.12/site-packages/airflow/example_dags/example_xcom.py
[2026-05-06T23:26:31.137+0000] {processor.py:830} INFO - Processing file /usr/local/python/3.12.1/lib/python3.12/site-packages/airflow/example_dags/example_xcom.py for tasks to queue
[2026-05-06T23:26:31.139+0000] {logging_mixin.py:188} INFO - [2026-05-06T23:26:31.138+0000] {dagbag.py:545} INFO - Filling up the DagBag from /usr/local/python/3.12.1/lib/python3.12/site-packages/airflow/example_dags/example_xcom.py
[2026-05-06T23:26:31.145+0000] {processor.py:840} INFO - DAG(s) 'example_xcom' retrieved from /usr/local/python/3.12.1/lib/python3.12/site-packages/airflow/example_dags/example_xcom.py
[2026-05-06T23:26:31.158+0000] {logging_mixin.py:188} INFO - [2026-05-06T23:26:31.158+0000] {dag.py:3096} INFO - Sync 1 DAGs
[2026-05-06T23:26:31.173+0000] {logging_mixin.py:188} INFO - [2026-05-06T23:26:31.172+0000] {dag.py:3954} INFO - Setting next_dagrun for example_xcom to 2021-01-01 00:00:00+00:00, run_after=2021-01-01 00:00:00+00:00
[2026-05-06T23:26:31.188+0000] {processor.py:183} INFO - Processing /usr/local/python/3.12.1/lib/python3.12/site-packages/airflow/example_dags/example_xcom.py took 0.056 seconds
[2026-05-06T23:27:08.231+0000] {processor.py:161} INFO - Started process (PID=18076) to work on /usr/local/python/3.12.1/lib/python3.12/site-packages/airflow/example_dags/example_xcom.py
[2026-05-06T23:27:08.232+0000] {processor.py:830} INFO - Processing file /usr/local/python/3.12.1/lib/python3.12/site-packages/airflow/example_dags/example_xcom.py for tasks to queue
[2026-05-06T23:27:08.233+0000] {logging_mixin.py:188} INFO - [2026-05-06T23:27:08.233+0000] {dagbag.py:545} INFO - Filling up the DagBag from /usr/local/python/3.12.1/lib/python3.12/site-packages/airflow/example_dags/example_xcom.py
[2026-05-06T23:27:08.239+0000] {processor.py:840} INFO - DAG(s) 'example_xcom' retrieved from /usr/local/python/3.12.1/lib/python3.12/site-packages/airflow/example_dags/example_xcom.py
[2026-05-06T23:27:08.253+0000] {logging_mixin.py:188} INFO - [2026-05-06T23:27:08.252+0000] {dag.py:3096} INFO - Sync 1 DAGs
[2026-05-06T23:27:08.276+0000] {logging_mixin.py:188} INFO - [2026-05-06T23:27:08.275+0000] {dag.py:3954} INFO - Setting next_dagrun for example_xcom to 2021-01-01 00:00:00+00:00, run_after=2021-01-01 00:00:00+00:00
[2026-05-06T23:27:08.301+0000] {processor.py:183} INFO - Processing /usr/local/python/3.12.1/lib/python3.12/site-packages/airflow/example_dags/example_xcom.py took 0.074 seconds
[2026-05-06T23:27:46.862+0000] {processor.py:161} INFO - Started process (PID=18501) to work on /usr/local/python/3.12.1/lib/python3.12/site-packages/airflow/example_dags/example_xcom.py
[2026-05-06T23:27:46.863+0000] {processor.py:830} INFO - Processing file /usr/local/python/3.12.1/lib/python3.12/site-packages/airflow/example_dags/example_xcom.py for tasks to queue
[2026-05-06T23:27:46.865+0000] {logging_mixin.py:188} INFO - [2026-05-06T23:27:46.864+0000] {dagbag.py:545} INFO - Filling up the DagBag from /usr/local/python/3.12.1/lib/python3.12/site-packages/airflow/example_dags/example_xcom.py
[2026-05-06T23:27:46.871+0000] {processor.py:840} INFO - DAG(s) 'example_xcom' retrieved from /usr/local/python/3.12.1/lib/python3.12/site-packages/airflow/example_dags/example_xcom.py
[2026-05-06T23:27:46.884+0000] {logging_mixin.py:188} INFO - [2026-05-06T23:27:46.884+0000] {dag.py:3096} INFO - Sync 1 DAGs
[2026-05-06T23:27:46.898+0000] {logging_mixin.py:188} INFO - [2026-05-06T23:27:46.898+0000] {dag.py:3954} INFO - Setting next_dagrun for example_xcom to 2021-01-01 00:00:00+00:00, run_after=2021-01-01 00:00:00+00:00
[2026-05-06T23:27:46.914+0000] {processor.py:183} INFO - Processing /usr/local/python/3.12.1/lib/python3.12/site-packages/airflow/example_dags/example_xcom.py took 0.056 seconds
[2026-05-06T23:28:27.431+0000] {processor.py:161} INFO - Started process (PID=18846) to work on /usr/local/python/3.12.1/lib/python3.12/site-packages/airflow/example_dags/example_xcom.py
[2026-05-06T23:28:27.432+0000] {processor.py:830} INFO - Processing file /usr/local/python/3.12.1/lib/python3.12/site-packages/airflow/example_dags/example_xcom.py for tasks to queue
[2026-05-06T23:28:27.433+0000] {logging_mixin.py:188} INFO - [2026-05-06T23:28:27.433+0000] {dagbag.py:545} INFO - Filling up the DagBag from /usr/local/python/3.12.1/lib/python3.12/site-packages/airflow/example_dags/example_xcom.py
[2026-05-06T23:28:27.439+0000] {processor.py:840} INFO - DAG(s) 'example_xcom' retrieved from /usr/local/python/3.12.1/lib/python3.12/site-packages/airflow/example_dags/example_xcom.py
[2026-05-06T23:28:27.454+0000] {logging_mixin.py:188} INFO - [2026-05-06T23:28:27.454+0000] {dag.py:3096} INFO - Sync 1 DAGs
[2026-05-06T23:28:27.572+0000] {logging_mixin.py:188} INFO - [2026-05-06T23:28:27.572+0000] {dag.py:3954} INFO - Setting next_dagrun for example_xcom to 2021-01-01 00:00:00+00:00, run_after=2021-01-01 00:00:00+00:00
[2026-05-06T23:28:27.590+0000] {processor.py:183} INFO - Processing /usr/local/python/3.12.1/lib/python3.12/site-packages/airflow/example_dags/example_xcom.py took 0.163 seconds
[2026-05-06T23:31:36.932+0000] {processor.py:161} INFO - Started process (PID=20682) to work on /usr/local/python/3.12.1/lib/python3.12/site-packages/airflow/example_dags/example_xcom.py
[2026-05-06T23:31:36.933+0000] {processor.py:830} INFO - Processing file /usr/local/python/3.12.1/lib/python3.12/site-packages/airflow/example_dags/example_xcom.py for tasks to queue
[2026-05-06T23:31:36.935+0000] {logging_mixin.py:188} INFO - [2026-05-06T23:31:36.934+0000] {dagbag.py:545} INFO - Filling up the DagBag from /usr/local/python/3.12.1/lib/python3.12/site-packages/airflow/example_dags/example_xcom.py
[2026-05-06T23:31:36.943+0000] {processor.py:840} INFO - DAG(s) 'example_xcom' retrieved from /usr/local/python/3.12.1/lib/python3.12/site-packages/airflow/example_dags/example_xcom.py
[2026-05-06T23:31:36.959+0000] {logging_mixin.py:188} INFO - [2026-05-06T23:31:36.958+0000] {dag.py:3096} INFO - Sync 1 DAGs
[2026-05-06T23:31:36.973+0000] {logging_mixin.py:188} INFO - [2026-05-06T23:31:36.973+0000] {dag.py:3954} INFO - Setting next_dagrun for example_xcom to 2021-01-01 00:00:00+00:00, run_after=2021-01-01 00:00:00+00:00
[2026-05-06T23:31:36.989+0000] {processor.py:183} INFO - Processing /usr/local/python/3.12.1/lib/python3.12/site-packages/airflow/example_dags/example_xcom.py took 0.061 seconds
[2026-05-06T23:32:23.718+0000] {processor.py:161} INFO - Started process (PID=21045) to work on /usr/local/python/3.12.1/lib/python3.12/site-packages/airflow/example_dags/example_xcom.py
[2026-05-06T23:32:23.718+0000] {processor.py:830} INFO - Processing file /usr/local/python/3.12.1/lib/python3.12/site-packages/airflow/example_dags/example_xcom.py for tasks to queue
[2026-05-06T23:32:23.720+0000] {logging_mixin.py:188} INFO - [2026-05-06T23:32:23.719+0000] {dagbag.py:545} INFO - Filling up the DagBag from /usr/local/python/3.12.1/lib/python3.12/site-packages/airflow/example_dags/example_xcom.py
[2026-05-06T23:32:23.726+0000] {processor.py:840} INFO - DAG(s) 'example_xcom' retrieved from /usr/local/python/3.12.1/lib/python3.12/site-packages/airflow/example_dags/example_xcom.py
[2026-05-06T23:32:23.739+0000] {logging_mixin.py:188} INFO - [2026-05-06T23:32:23.739+0000] {dag.py:3096} INFO - Sync 1 DAGs
[2026-05-06T23:32:23.754+0000] {logging_mixin.py:188} INFO - [2026-05-06T23:32:23.754+0000] {dag.py:3954} INFO - Setting next_dagrun for example_xcom to 2021-01-01 00:00:00+00:00, run_after=2021-01-01 00:00:00+00:00
[2026-05-06T23:32:23.773+0000] {processor.py:183} INFO - Processing /usr/local/python/3.12.1/lib/python3.12/site-packages/airflow/example_dags/example_xcom.py took 0.060 seconds
[2026-05-06T23:33:14.868+0000] {processor.py:161} INFO - Started process (PID=21440) to work on /usr/local/python/3.12.1/lib/python3.12/site-packages/airflow/example_dags/example_xcom.py
[2026-05-06T23:33:14.869+0000] {processor.py:830} INFO - Processing file /usr/local/python/3.12.1/lib/python3.12/site-packages/airflow/example_dags/example_xcom.py for tasks to queue
[2026-05-06T23:33:14.870+0000] {logging_mixin.py:188} INFO - [2026-05-06T23:33:14.870+0000] {dagbag.py:545} INFO - Filling up the DagBag from /usr/local/python/3.12.1/lib/python3.12/site-packages/airflow/example_dags/example_xcom.py
[2026-05-06T23:33:14.876+0000] {processor.py:840} INFO - DAG(s) 'example_xcom' retrieved from /usr/local/python/3.12.1/lib/python3.12/site-packages/airflow/example_dags/example_xcom.py
[2026-05-06T23:33:14.891+0000] {logging_mixin.py:188} INFO - [2026-05-06T23:33:14.891+0000] {dag.py:3096} INFO - Sync 1 DAGs
[2026-05-06T23:33:14.906+0000] {logging_mixin.py:188} INFO - [2026-05-06T23:33:14.905+0000] {dag.py:3954} INFO - Setting next_dagrun for example_xcom to 2021-01-01 00:00:00+00:00, run_after=2021-01-01 00:00:00+00:00
[2026-05-06T23:33:14.922+0000] {processor.py:183} INFO - Processing /usr/local/python/3.12.1/lib/python3.12/site-packages/airflow/example_dags/example_xcom.py took 0.059 seconds
[2026-05-06T23:33:53.340+0000] {processor.py:161} INFO - Started process (PID=21745) to work on /usr/local/python/3.12.1/lib/python3.12/site-packages/airflow/example_dags/example_xcom.py
[2026-05-06T23:33:53.341+0000] {processor.py:830} INFO - Processing file /usr/local/python/3.12.1/lib/python3.12/site-packages/airflow/example_dags/example_xcom.py for tasks to queue
[2026-05-06T23:33:53.342+0000] {logging_mixin.py:188} INFO - [2026-05-06T23:33:53.342+0000] {dagbag.py:545} INFO - Filling up the DagBag from /usr/local/python/3.12.1/lib/python3.12/site-packages/airflow/example_dags/example_xcom.py
[2026-05-06T23:33:53.348+0000] {processor.py:840} INFO - DAG(s) 'example_xcom' retrieved from /usr/local/python/3.12.1/lib/python3.12/site-packages/airflow/example_dags/example_xcom.py
[2026-05-06T23:33:53.362+0000] {logging_mixin.py:188} INFO - [2026-05-06T23:33:53.361+0000] {dag.py:3096} INFO - Sync 1 DAGs
[2026-05-06T23:33:53.376+0000] {logging_mixin.py:188} INFO - [2026-05-06T23:33:53.376+0000] {dag.py:3954} INFO - Setting next_dagrun for example_xcom to 2021-01-01 00:00:00+00:00, run_after=2021-01-01 00:00:00+00:00
[2026-05-06T23:33:53.393+0000] {processor.py:183} INFO - Processing /usr/local/python/3.12.1/lib/python3.12/site-packages/airflow/example_dags/example_xcom.py took 0.057 seconds
[2026-05-06T23:34:33.304+0000] {processor.py:161} INFO - Started process (PID=22076) to work on /usr/local/python/3.12.1/lib/python3.12/site-packages/airflow/example_dags/example_xcom.py
[2026-05-06T23:34:33.305+0000] {processor.py:830} INFO - Processing file /usr/local/python/3.12.1/lib/python3.12/site-packages/airflow/example_dags/example_xcom.py for tasks to queue
[2026-05-06T23:34:33.306+0000] {logging_mixin.py:188} INFO - [2026-05-06T23:34:33.306+0000] {dagbag.py:545} INFO - Filling up the DagBag from /usr/local/python/3.12.1/lib/python3.12/site-packages/airflow/example_dags/example_xcom.py
[2026-05-06T23:34:33.312+0000] {processor.py:840} INFO - DAG(s) 'example_xcom' retrieved from /usr/local/python/3.12.1/lib/python3.12/site-packages/airflow/example_dags/example_xcom.py
[2026-05-06T23:34:33.326+0000] {logging_mixin.py:188} INFO - [2026-05-06T23:34:33.326+0000] {dag.py:3096} INFO - Sync 1 DAGs
[2026-05-06T23:34:33.340+0000] {logging_mixin.py:188} INFO - [2026-05-06T23:34:33.339+0000] {dag.py:3954} INFO - Setting next_dagrun for example_xcom to 2021-01-01 00:00:00+00:00, run_after=2021-01-01 00:00:00+00:00
[2026-05-06T23:34:33.356+0000] {processor.py:183} INFO - Processing /usr/local/python/3.12.1/lib/python3.12/site-packages/airflow/example_dags/example_xcom.py took 0.059 seconds
[2026-05-06T23:35:11.240+0000] {processor.py:161} INFO - Started process (PID=22379) to work on /usr/local/python/3.12.1/lib/python3.12/site-packages/airflow/example_dags/example_xcom.py
[2026-05-06T23:35:11.241+0000] {processor.py:830} INFO - Processing file /usr/local/python/3.12.1/lib/python3.12/site-packages/airflow/example_dags/example_xcom.py for tasks to queue
[2026-05-06T23:35:11.242+0000] {logging_mixin.py:188} INFO - [2026-05-06T23:35:11.242+0000] {dagbag.py:545} INFO - Filling up the DagBag from /usr/local/python/3.12.1/lib/python3.12/site-packages/airflow/example_dags/example_xcom.py
[2026-05-06T23:35:11.249+0000] {processor.py:840} INFO - DAG(s) 'example_xcom' retrieved from /usr/local/python/3.12.1/lib/python3.12/site-packages/airflow/example_dags/example_xcom.py
[2026-05-06T23:35:11.262+0000] {logging_mixin.py:188} INFO - [2026-05-06T23:35:11.262+0000] {dag.py:3096} INFO - Sync 1 DAGs
[2026-05-06T23:35:11.277+0000] {logging_mixin.py:188} INFO - [2026-05-06T23:35:11.277+0000] {dag.py:3954} INFO - Setting next_dagrun for example_xcom to 2021-01-01 00:00:00+00:00, run_after=2021-01-01 00:00:00+00:00
[2026-05-06T23:35:11.293+0000] {processor.py:183} INFO - Processing /usr/local/python/3.12.1/lib/python3.12/site-packages/airflow/example_dags/example_xcom.py took 0.058 seconds
[2026-05-06T23:35:50.242+0000] {processor.py:161} INFO - Started process (PID=22688) to work on /usr/local/python/3.12.1/lib/python3.12/site-packages/airflow/example_dags/example_xcom.py
[2026-05-06T23:35:50.243+0000] {processor.py:830} INFO - Processing file /usr/local/python/3.12.1/lib/python3.12/site-packages/airflow/example_dags/example_xcom.py for tasks to queue
[2026-05-06T23:35:50.245+0000] {logging_mixin.py:188} INFO - [2026-05-06T23:35:50.244+0000] {dagbag.py:545} INFO - Filling up the DagBag from /usr/local/python/3.12.1/lib/python3.12/site-packages/airflow/example_dags/example_xcom.py
[2026-05-06T23:35:50.251+0000] {processor.py:840} INFO - DAG(s) 'example_xcom' retrieved from /usr/local/python/3.12.1/lib/python3.12/site-packages/airflow/example_dags/example_xcom.py
[2026-05-06T23:35:50.266+0000] {logging_mixin.py:188} INFO - [2026-05-06T23:35:50.266+0000] {dag.py:3096} INFO - Sync 1 DAGs
[2026-05-06T23:35:50.284+0000] {logging_mixin.py:188} INFO - [2026-05-06T23:35:50.284+0000] {dag.py:3954} INFO - Setting next_dagrun for example_xcom to 2021-01-01 00:00:00+00:00, run_after=2021-01-01 00:00:00+00:00
[2026-05-06T23:35:50.301+0000] {processor.py:183} INFO - Processing /usr/local/python/3.12.1/lib/python3.12/site-packages/airflow/example_dags/example_xcom.py took 0.063 seconds
[2026-05-06T23:36:28.589+0000] {processor.py:161} INFO - Started process (PID=22990) to work on /usr/local/python/3.12.1/lib/python3.12/site-packages/airflow/example_dags/example_xcom.py
[2026-05-06T23:36:28.590+0000] {processor.py:830} INFO - Processing file /usr/local/python/3.12.1/lib/python3.12/site-packages/airflow/example_dags/example_xcom.py for tasks to queue
[2026-05-06T23:36:28.592+0000] {logging_mixin.py:188} INFO - [2026-05-06T23:36:28.591+0000] {dagbag.py:545} INFO - Filling up the DagBag from /usr/local/python/3.12.1/lib/python3.12/site-packages/airflow/example_dags/example_xcom.py
[2026-05-06T23:36:28.598+0000] {processor.py:840} INFO - DAG(s) 'example_xcom' retrieved from /usr/local/python/3.12.1/lib/python3.12/site-packages/airflow/example_dags/example_xcom.py
[2026-05-06T23:36:28.611+0000] {logging_mixin.py:188} INFO - [2026-05-06T23:36:28.611+0000] {dag.py:3096} INFO - Sync 1 DAGs
[2026-05-06T23:36:28.625+0000] {logging_mixin.py:188} INFO - [2026-05-06T23:36:28.625+0000] {dag.py:3954} INFO - Setting next_dagrun for example_xcom to 2021-01-01 00:00:00+00:00, run_after=2021-01-01 00:00:00+00:00
[2026-05-06T23:36:28.642+0000] {processor.py:183} INFO - Processing /usr/local/python/3.12.1/lib/python3.12/site-packages/airflow/example_dags/example_xcom.py took 0.057 seconds
[2026-05-06T23:37:06.117+0000] {processor.py:161} INFO - Started process (PID=23265) to work on /usr/local/python/3.12.1/lib/python3.12/site-packages/airflow/example_dags/example_xcom.py
[2026-05-06T23:37:06.118+0000] {processor.py:830} INFO - Processing file /usr/local/python/3.12.1/lib/python3.12/site-packages/airflow/example_dags/example_xcom.py for tasks to queue
[2026-05-06T23:37:06.119+0000] {logging_mixin.py:188} INFO - [2026-05-06T23:37:06.119+0000] {dagbag.py:545} INFO - Filling up the DagBag from /usr/local/python/3.12.1/lib/python3.12/site-packages/airflow/example_dags/example_xcom.py
[2026-05-06T23:37:06.126+0000] {processor.py:840} INFO - DAG(s) 'example_xcom' retrieved from /usr/local/python/3.12.1/lib/python3.12/site-packages/airflow/example_dags/example_xcom.py
[2026-05-06T23:37:06.140+0000] {logging_mixin.py:188} INFO - [2026-05-06T23:37:06.140+0000] {dag.py:3096} INFO - Sync 1 DAGs
[2026-05-06T23:37:06.155+0000] {logging_mixin.py:188} INFO - [2026-05-06T23:37:06.155+0000] {dag.py:3954} INFO - Setting next_dagrun for example_xcom to 2021-01-01 00:00:00+00:00, run_after=2021-01-01 00:00:00+00:00
[2026-05-06T23:37:06.173+0000] {processor.py:183} INFO - Processing /usr/local/python/3.12.1/lib/python3.12/site-packages/airflow/example_dags/example_xcom.py took 0.061 seconds
[2026-05-06T23:37:47.004+0000] {processor.py:161} INFO - Started process (PID=23582) to work on /usr/local/python/3.12.1/lib/python3.12/site-packages/airflow/example_dags/example_xcom.py
[2026-05-06T23:37:47.005+0000] {processor.py:830} INFO - Processing file /usr/local/python/3.12.1/lib/python3.12/site-packages/airflow/example_dags/example_xcom.py for tasks to queue
[2026-05-06T23:37:47.006+0000] {logging_mixin.py:188} INFO - [2026-05-06T23:37:47.006+0000] {dagbag.py:545} INFO - Filling up the DagBag from /usr/local/python/3.12.1/lib/python3.12/site-packages/airflow/example_dags/example_xcom.py
[2026-05-06T23:37:47.013+0000] {processor.py:840} INFO - DAG(s) 'example_xcom' retrieved from /usr/local/python/3.12.1/lib/python3.12/site-packages/airflow/example_dags/example_xcom.py
[2026-05-06T23:37:47.027+0000] {logging_mixin.py:188} INFO - [2026-05-06T23:37:47.026+0000] {dag.py:3096} INFO - Sync 1 DAGs
[2026-05-06T23:37:47.042+0000] {logging_mixin.py:188} INFO - [2026-05-06T23:37:47.041+0000] {dag.py:3954} INFO - Setting next_dagrun for example_xcom to 2021-01-01 00:00:00+00:00, run_after=2021-01-01 00:00:00+00:00
[2026-05-06T23:37:47.159+0000] {processor.py:183} INFO - Processing /usr/local/python/3.12.1/lib/python3.12/site-packages/airflow/example_dags/example_xcom.py took 0.160 seconds
[2026-05-06T23:38:24.203+0000] {processor.py:161} INFO - Started process (PID=23878) to work on /usr/local/python/3.12.1/lib/python3.12/site-packages/airflow/example_dags/example_xcom.py
[2026-05-06T23:38:24.204+0000] {processor.py:830} INFO - Processing file /usr/local/python/3.12.1/lib/python3.12/site-packages/airflow/example_dags/example_xcom.py for tasks to queue
[2026-05-06T23:38:24.205+0000] {logging_mixin.py:188} INFO - [2026-05-06T23:38:24.205+0000] {dagbag.py:545} INFO - Filling up the DagBag from /usr/local/python/3.12.1/lib/python3.12/site-packages/airflow/example_dags/example_xcom.py
[2026-05-06T23:38:24.212+0000] {processor.py:840} INFO - DAG(s) 'example_xcom' retrieved from /usr/local/python/3.12.1/lib/python3.12/site-packages/airflow/example_dags/example_xcom.py
[2026-05-06T23:38:24.226+0000] {logging_mixin.py:188} INFO - [2026-05-06T23:38:24.225+0000] {dag.py:3096} INFO - Sync 1 DAGs
[2026-05-06T23:38:24.241+0000] {logging_mixin.py:188} INFO - [2026-05-06T23:38:24.240+0000] {dag.py:3954} INFO - Setting next_dagrun for example_xcom to 2021-01-01 00:00:00+00:00, run_after=2021-01-01 00:00:00+00:00
[2026-05-06T23:38:24.258+0000] {processor.py:183} INFO - Processing /usr/local/python/3.12.1/lib/python3.12/site-packages/airflow/example_dags/example_xcom.py took 0.060 seconds
[2026-05-06T23:39:02.927+0000] {processor.py:161} INFO - Started process (PID=24185) to work on /usr/local/python/3.12.1/lib/python3.12/site-packages/airflow/example_dags/example_xcom.py
[2026-05-06T23:39:02.927+0000] {processor.py:830} INFO - Processing file /usr/local/python/3.12.1/lib/python3.12/site-packages/airflow/example_dags/example_xcom.py for tasks to queue
[2026-05-06T23:39:02.929+0000] {logging_mixin.py:188} INFO - [2026-05-06T23:39:02.928+0000] {dagbag.py:545} INFO - Filling up the DagBag from /usr/local/python/3.12.1/lib/python3.12/site-packages/airflow/example_dags/example_xcom.py
[2026-05-06T23:39:02.935+0000] {processor.py:840} INFO - DAG(s) 'example_xcom' retrieved from /usr/local/python/3.12.1/lib/python3.12/site-packages/airflow/example_dags/example_xcom.py
[2026-05-06T23:39:02.949+0000] {logging_mixin.py:188} INFO - [2026-05-06T23:39:02.949+0000] {dag.py:3096} INFO - Sync 1 DAGs
[2026-05-06T23:39:02.964+0000] {logging_mixin.py:188} INFO - [2026-05-06T23:39:02.964+0000] {dag.py:3954} INFO - Setting next_dagrun for example_xcom to 2021-01-01 00:00:00+00:00, run_after=2021-01-01 00:00:00+00:00
[2026-05-06T23:39:03.078+0000] {processor.py:183} INFO - Processing /usr/local/python/3.12.1/lib/python3.12/site-packages/airflow/example_dags/example_xcom.py took 0.156 seconds
[2026-05-06T23:39:41.334+0000] {processor.py:161} INFO - Started process (PID=24489) to work on /usr/local/python/3.12.1/lib/python3.12/site-packages/airflow/example_dags/example_xcom.py
[2026-05-06T23:39:41.335+0000] {processor.py:830} INFO - Processing file /usr/local/python/3.12.1/lib/python3.12/site-packages/airflow/example_dags/example_xcom.py for tasks to queue
[2026-05-06T23:39:41.337+0000] {logging_mixin.py:188} INFO - [2026-05-06T23:39:41.336+0000] {dagbag.py:545} INFO - Filling up the DagBag from /usr/local/python/3.12.1/lib/python3.12/site-packages/airflow/example_dags/example_xcom.py
[2026-05-06T23:39:41.343+0000] {processor.py:840} INFO - DAG(s) 'example_xcom' retrieved from /usr/local/python/3.12.1/lib/python3.12/site-packages/airflow/example_dags/example_xcom.py
[2026-05-06T23:39:41.358+0000] {logging_mixin.py:188} INFO - [2026-05-06T23:39:41.358+0000] {dag.py:3096} INFO - Sync 1 DAGs
[2026-05-06T23:39:41.373+0000] {logging_mixin.py:188} INFO - [2026-05-06T23:39:41.373+0000] {dag.py:3954} INFO - Setting next_dagrun for example_xcom to 2021-01-01 00:00:00+00:00, run_after=2021-01-01 00:00:00+00:00
[2026-05-06T23:39:41.391+0000] {processor.py:183} INFO - Processing /usr/local/python/3.12.1/lib/python3.12/site-packages/airflow/example_dags/example_xcom.py took 0.061 seconds
[2026-05-06T23:40:21.117+0000] {processor.py:161} INFO - Started process (PID=24777) to work on /usr/local/python/3.12.1/lib/python3.12/site-packages/airflow/example_dags/example_xcom.py
[2026-05-06T23:40:21.119+0000] {processor.py:830} INFO - Processing file /usr/local/python/3.12.1/lib/python3.12/site-packages/airflow/example_dags/example_xcom.py for tasks to queue
[2026-05-06T23:40:21.121+0000] {logging_mixin.py:188} INFO - [2026-05-06T23:40:21.120+0000] {dagbag.py:545} INFO - Filling up the DagBag from /usr/local/python/3.12.1/lib/python3.12/site-packages/airflow/example_dags/example_xcom.py
[2026-05-06T23:40:21.133+0000] {processor.py:840} INFO - DAG(s) 'example_xcom' retrieved from /usr/local/python/3.12.1/lib/python3.12/site-packages/airflow/example_dags/example_xcom.py
[2026-05-06T23:40:21.168+0000] {logging_mixin.py:188} INFO - [2026-05-06T23:40:21.167+0000] {dag.py:3096} INFO - Sync 1 DAGs
[2026-05-06T23:40:21.360+0000] {logging_mixin.py:188} INFO - [2026-05-06T23:40:21.360+0000] {dag.py:3954} INFO - Setting next_dagrun for example_xcom to 2021-01-01 00:00:00+00:00, run_after=2021-01-01 00:00:00+00:00
[2026-05-06T23:40:21.376+0000] {processor.py:183} INFO - Processing /usr/local/python/3.12.1/lib/python3.12/site-packages/airflow/example_dags/example_xcom.py took 0.266 seconds
[2026-05-06T23:41:03.399+0000] {processor.py:161} INFO - Started process (PID=25126) to work on /usr/local/python/3.12.1/lib/python3.12/site-packages/airflow/example_dags/example_xcom.py
[2026-05-06T23:41:03.400+0000] {processor.py:830} INFO - Processing file /usr/local/python/3.12.1/lib/python3.12/site-packages/airflow/example_dags/example_xcom.py for tasks to queue
[2026-05-06T23:41:03.401+0000] {logging_mixin.py:188} INFO - [2026-05-06T23:41:03.401+0000] {dagbag.py:545} INFO - Filling up the DagBag from /usr/local/python/3.12.1/lib/python3.12/site-packages/airflow/example_dags/example_xcom.py
[2026-05-06T23:41:03.408+0000] {processor.py:840} INFO - DAG(s) 'example_xcom' retrieved from /usr/local/python/3.12.1/lib/python3.12/site-packages/airflow/example_dags/example_xcom.py
[2026-05-06T23:41:03.422+0000] {logging_mixin.py:188} INFO - [2026-05-06T23:41:03.421+0000] {dag.py:3096} INFO - Sync 1 DAGs
[2026-05-06T23:41:03.436+0000] {logging_mixin.py:188} INFO - [2026-05-06T23:41:03.436+0000] {dag.py:3954} INFO - Setting next_dagrun for example_xcom to 2021-01-01 00:00:00+00:00, run_after=2021-01-01 00:00:00+00:00
[2026-05-06T23:41:03.454+0000] {processor.py:183} INFO - Processing /usr/local/python/3.12.1/lib/python3.12/site-packages/airflow/example_dags/example_xcom.py took 0.059 seconds
[2026-05-06T23:41:40.804+0000] {processor.py:161} INFO - Started process (PID=25404) to work on /usr/local/python/3.12.1/lib/python3.12/site-packages/airflow/example_dags/example_xcom.py
[2026-05-06T23:41:40.805+0000] {processor.py:830} INFO - Processing file /usr/local/python/3.12.1/lib/python3.12/site-packages/airflow/example_dags/example_xcom.py for tasks to queue
[2026-05-06T23:41:40.806+0000] {logging_mixin.py:188} INFO - [2026-05-06T23:41:40.806+0000] {dagbag.py:545} INFO - Filling up the DagBag from /usr/local/python/3.12.1/lib/python3.12/site-packages/airflow/example_dags/example_xcom.py
[2026-05-06T23:41:40.812+0000] {processor.py:840} INFO - DAG(s) 'example_xcom' retrieved from /usr/local/python/3.12.1/lib/python3.12/site-packages/airflow/example_dags/example_xcom.py
[2026-05-06T23:41:40.953+0000] {logging_mixin.py:188} INFO - [2026-05-06T23:41:40.952+0000] {dag.py:3096} INFO - Sync 1 DAGs
[2026-05-06T23:41:40.965+0000] {logging_mixin.py:188} INFO - [2026-05-06T23:41:40.965+0000] {dag.py:3954} INFO - Setting next_dagrun for example_xcom to 2021-01-01 00:00:00+00:00, run_after=2021-01-01 00:00:00+00:00
[2026-05-06T23:41:40.984+0000] {processor.py:183} INFO - Processing /usr/local/python/3.12.1/lib/python3.12/site-packages/airflow/example_dags/example_xcom.py took 0.185 seconds
[2026-05-06T23:42:22.145+0000] {processor.py:161} INFO - Started process (PID=25726) to work on /usr/local/python/3.12.1/lib/python3.12/site-packages/airflow/example_dags/example_xcom.py
[2026-05-06T23:42:22.146+0000] {processor.py:830} INFO - Processing file /usr/local/python/3.12.1/lib/python3.12/site-packages/airflow/example_dags/example_xcom.py for tasks to queue
[2026-05-06T23:42:22.147+0000] {logging_mixin.py:188} INFO - [2026-05-06T23:42:22.147+0000] {dagbag.py:545} INFO - Filling up the DagBag from /usr/local/python/3.12.1/lib/python3.12/site-packages/airflow/example_dags/example_xcom.py
[2026-05-06T23:42:22.154+0000] {processor.py:840} INFO - DAG(s) 'example_xcom' retrieved from /usr/local/python/3.12.1/lib/python3.12/site-packages/airflow/example_dags/example_xcom.py
[2026-05-06T23:42:22.168+0000] {logging_mixin.py:188} INFO - [2026-05-06T23:42:22.168+0000] {dag.py:3096} INFO - Sync 1 DAGs
[2026-05-06T23:42:22.183+0000] {logging_mixin.py:188} INFO - [2026-05-06T23:42:22.183+0000] {dag.py:3954} INFO - Setting next_dagrun for example_xcom to 2021-01-01 00:00:00+00:00, run_after=2021-01-01 00:00:00+00:00
[2026-05-06T23:42:22.202+0000] {processor.py:183} INFO - Processing /usr/local/python/3.12.1/lib/python3.12/site-packages/airflow/example_dags/example_xcom.py took 0.062 seconds
[2026-05-06T23:43:02.683+0000] {processor.py:161} INFO - Started process (PID=26039) to work on /usr/local/python/3.12.1/lib/python3.12/site-packages/airflow/example_dags/example_xcom.py
[2026-05-06T23:43:02.684+0000] {processor.py:830} INFO - Processing file /usr/local/python/3.12.1/lib/python3.12/site-packages/airflow/example_dags/example_xcom.py for tasks to queue
[2026-05-06T23:43:02.686+0000] {logging_mixin.py:188} INFO - [2026-05-06T23:43:02.686+0000] {dagbag.py:545} INFO - Filling up the DagBag from /usr/local/python/3.12.1/lib/python3.12/site-packages/airflow/example_dags/example_xcom.py
[2026-05-06T23:43:02.693+0000] {processor.py:840} INFO - DAG(s) 'example_xcom' retrieved from /usr/local/python/3.12.1/lib/python3.12/site-packages/airflow/example_dags/example_xcom.py
[2026-05-06T23:43:02.707+0000] {logging_mixin.py:188} INFO - [2026-05-06T23:43:02.707+0000] {dag.py:3096} INFO - Sync 1 DAGs
[2026-05-06T23:43:02.723+0000] {logging_mixin.py:188} INFO - [2026-05-06T23:43:02.722+0000] {dag.py:3954} INFO - Setting next_dagrun for example_xcom to 2021-01-01 00:00:00+00:00, run_after=2021-01-01 00:00:00+00:00
[2026-05-06T23:43:02.740+0000] {processor.py:183} INFO - Processing /usr/local/python/3.12.1/lib/python3.12/site-packages/airflow/example_dags/example_xcom.py took 0.061 seconds
[2026-05-06T23:43:43.285+0000] {processor.py:161} INFO - Started process (PID=26349) to work on /usr/local/python/3.12.1/lib/python3.12/site-packages/airflow/example_dags/example_xcom.py
[2026-05-06T23:43:43.286+0000] {processor.py:830} INFO - Processing file /usr/local/python/3.12.1/lib/python3.12/site-packages/airflow/example_dags/example_xcom.py for tasks to queue
[2026-05-06T23:43:43.288+0000] {logging_mixin.py:188} INFO - [2026-05-06T23:43:43.287+0000] {dagbag.py:545} INFO - Filling up the DagBag from /usr/local/python/3.12.1/lib/python3.12/site-packages/airflow/example_dags/example_xcom.py
[2026-05-06T23:43:43.294+0000] {processor.py:840} INFO - DAG(s) 'example_xcom' retrieved from /usr/local/python/3.12.1/lib/python3.12/site-packages/airflow/example_dags/example_xcom.py
[2026-05-06T23:43:43.309+0000] {logging_mixin.py:188} INFO - [2026-05-06T23:43:43.309+0000] {dag.py:3096} INFO - Sync 1 DAGs
[2026-05-06T23:43:43.325+0000] {logging_mixin.py:188} INFO - [2026-05-06T23:43:43.325+0000] {dag.py:3954} INFO - Setting next_dagrun for example_xcom to 2021-01-01 00:00:00+00:00, run_after=2021-01-01 00:00:00+00:00
[2026-05-06T23:43:43.342+0000] {processor.py:183} INFO - Processing /usr/local/python/3.12.1/lib/python3.12/site-packages/airflow/example_dags/example_xcom.py took 0.061 seconds
[2026-05-06T23:44:22.654+0000] {processor.py:161} INFO - Started process (PID=26663) to work on /usr/local/python/3.12.1/lib/python3.12/site-packages/airflow/example_dags/example_xcom.py
[2026-05-06T23:44:22.655+0000] {processor.py:830} INFO - Processing file /usr/local/python/3.12.1/lib/python3.12/site-packages/airflow/example_dags/example_xcom.py for tasks to queue
[2026-05-06T23:44:22.657+0000] {logging_mixin.py:188} INFO - [2026-05-06T23:44:22.656+0000] {dagbag.py:545} INFO - Filling up the DagBag from /usr/local/python/3.12.1/lib/python3.12/site-packages/airflow/example_dags/example_xcom.py
[2026-05-06T23:44:22.664+0000] {processor.py:840} INFO - DAG(s) 'example_xcom' retrieved from /usr/local/python/3.12.1/lib/python3.12/site-packages/airflow/example_dags/example_xcom.py
[2026-05-06T23:44:22.678+0000] {logging_mixin.py:188} INFO - [2026-05-06T23:44:22.677+0000] {dag.py:3096} INFO - Sync 1 DAGs
[2026-05-06T23:44:22.693+0000] {logging_mixin.py:188} INFO - [2026-05-06T23:44:22.693+0000] {dag.py:3954} INFO - Setting next_dagrun for example_xcom to 2021-01-01 00:00:00+00:00, run_after=2021-01-01 00:00:00+00:00
[2026-05-06T23:44:22.710+0000] {processor.py:183} INFO - Processing /usr/local/python/3.12.1/lib/python3.12/site-packages/airflow/example_dags/example_xcom.py took 0.061 seconds
[2026-05-06T23:45:00.435+0000] {processor.py:161} INFO - Started process (PID=26962) to work on /usr/local/python/3.12.1/lib/python3.12/site-packages/airflow/example_dags/example_xcom.py
[2026-05-06T23:45:00.436+0000] {processor.py:830} INFO - Processing file /usr/local/python/3.12.1/lib/python3.12/site-packages/airflow/example_dags/example_xcom.py for tasks to queue
[2026-05-06T23:45:00.437+0000] {logging_mixin.py:188} INFO - [2026-05-06T23:45:00.437+0000] {dagbag.py:545} INFO - Filling up the DagBag from /usr/local/python/3.12.1/lib/python3.12/site-packages/airflow/example_dags/example_xcom.py
[2026-05-06T23:45:00.444+0000] {processor.py:840} INFO - DAG(s) 'example_xcom' retrieved from /usr/local/python/3.12.1/lib/python3.12/site-packages/airflow/example_dags/example_xcom.py
[2026-05-06T23:45:00.458+0000] {logging_mixin.py:188} INFO - [2026-05-06T23:45:00.457+0000] {dag.py:3096} INFO - Sync 1 DAGs
[2026-05-06T23:45:00.473+0000] {logging_mixin.py:188} INFO - [2026-05-06T23:45:00.473+0000] {dag.py:3954} INFO - Setting next_dagrun for example_xcom to 2021-01-01 00:00:00+00:00, run_after=2021-01-01 00:00:00+00:00
[2026-05-06T23:45:00.491+0000] {processor.py:183} INFO - Processing /usr/local/python/3.12.1/lib/python3.12/site-packages/airflow/example_dags/example_xcom.py took 0.061 seconds
[2026-05-06T23:45:38.581+0000] {processor.py:161} INFO - Started process (PID=27266) to work on /usr/local/python/3.12.1/lib/python3.12/site-packages/airflow/example_dags/example_xcom.py
[2026-05-06T23:45:38.582+0000] {processor.py:830} INFO - Processing file /usr/local/python/3.12.1/lib/python3.12/site-packages/airflow/example_dags/example_xcom.py for tasks to queue
[2026-05-06T23:45:38.583+0000] {logging_mixin.py:188} INFO - [2026-05-06T23:45:38.583+0000] {dagbag.py:545} INFO - Filling up the DagBag from /usr/local/python/3.12.1/lib/python3.12/site-packages/airflow/example_dags/example_xcom.py
[2026-05-06T23:45:38.590+0000] {processor.py:840} INFO - DAG(s) 'example_xcom' retrieved from /usr/local/python/3.12.1/lib/python3.12/site-packages/airflow/example_dags/example_xcom.py
[2026-05-06T23:45:38.604+0000] {logging_mixin.py:188} INFO - [2026-05-06T23:45:38.603+0000] {dag.py:3096} INFO - Sync 1 DAGs
[2026-05-06T23:45:38.618+0000] {logging_mixin.py:188} INFO - [2026-05-06T23:45:38.618+0000] {dag.py:3954} INFO - Setting next_dagrun for example_xcom to 2021-01-01 00:00:00+00:00, run_after=2021-01-01 00:00:00+00:00
[2026-05-06T23:45:38.638+0000] {processor.py:183} INFO - Processing /usr/local/python/3.12.1/lib/python3.12/site-packages/airflow/example_dags/example_xcom.py took 0.062 seconds
[2026-05-06T23:46:19.603+0000] {processor.py:161} INFO - Started process (PID=27579) to work on /usr/local/python/3.12.1/lib/python3.12/site-packages/airflow/example_dags/example_xcom.py
[2026-05-06T23:46:19.604+0000] {processor.py:830} INFO - Processing file /usr/local/python/3.12.1/lib/python3.12/site-packages/airflow/example_dags/example_xcom.py for tasks to queue
[2026-05-06T23:46:19.605+0000] {logging_mixin.py:188} INFO - [2026-05-06T23:46:19.605+0000] {dagbag.py:545} INFO - Filling up the DagBag from /usr/local/python/3.12.1/lib/python3.12/site-packages/airflow/example_dags/example_xcom.py
[2026-05-06T23:46:19.612+0000] {processor.py:840} INFO - DAG(s) 'example_xcom' retrieved from /usr/local/python/3.12.1/lib/python3.12/site-packages/airflow/example_dags/example_xcom.py
[2026-05-06T23:46:19.627+0000] {logging_mixin.py:188} INFO - [2026-05-06T23:46:19.626+0000] {dag.py:3096} INFO - Sync 1 DAGs
[2026-05-06T23:46:19.642+0000] {logging_mixin.py:188} INFO - [2026-05-06T23:46:19.641+0000] {dag.py:3954} INFO - Setting next_dagrun for example_xcom to 2021-01-01 00:00:00+00:00, run_after=2021-01-01 00:00:00+00:00
[2026-05-06T23:46:19.660+0000] {processor.py:183} INFO - Processing /usr/local/python/3.12.1/lib/python3.12/site-packages/airflow/example_dags/example_xcom.py took 0.062 seconds
[2026-05-06T23:46:57.928+0000] {processor.py:161} INFO - Started process (PID=27886) to work on /usr/local/python/3.12.1/lib/python3.12/site-packages/airflow/example_dags/example_xcom.py
[2026-05-06T23:46:57.929+0000] {processor.py:830} INFO - Processing file /usr/local/python/3.12.1/lib/python3.12/site-packages/airflow/example_dags/example_xcom.py for tasks to queue
[2026-05-06T23:46:57.931+0000] {logging_mixin.py:188} INFO - [2026-05-06T23:46:57.930+0000] {dagbag.py:545} INFO - Filling up the DagBag from /usr/local/python/3.12.1/lib/python3.12/site-packages/airflow/example_dags/example_xcom.py
[2026-05-06T23:46:57.939+0000] {processor.py:840} INFO - DAG(s) 'example_xcom' retrieved from /usr/local/python/3.12.1/lib/python3.12/site-packages/airflow/example_dags/example_xcom.py
[2026-05-06T23:46:57.957+0000] {logging_mixin.py:188} INFO - [2026-05-06T23:46:57.956+0000] {dag.py:3096} INFO - Sync 1 DAGs
[2026-05-06T23:46:57.975+0000] {logging_mixin.py:188} INFO - [2026-05-06T23:46:57.975+0000] {dag.py:3954} INFO - Setting next_dagrun for example_xcom to 2021-01-01 00:00:00+00:00, run_after=2021-01-01 00:00:00+00:00
[2026-05-06T23:46:58.064+0000] {processor.py:183} INFO - Processing /usr/local/python/3.12.1/lib/python3.12/site-packages/airflow/example_dags/example_xcom.py took 0.141 seconds
[2026-05-06T23:47:37.361+0000] {processor.py:161} INFO - Started process (PID=28176) to work on /usr/local/python/3.12.1/lib/python3.12/site-packages/airflow/example_dags/example_xcom.py
[2026-05-06T23:47:37.362+0000] {processor.py:830} INFO - Processing file /usr/local/python/3.12.1/lib/python3.12/site-packages/airflow/example_dags/example_xcom.py for tasks to queue
[2026-05-06T23:47:37.364+0000] {logging_mixin.py:188} INFO - [2026-05-06T23:47:37.364+0000] {dagbag.py:545} INFO - Filling up the DagBag from /usr/local/python/3.12.1/lib/python3.12/site-packages/airflow/example_dags/example_xcom.py
[2026-05-06T23:47:37.371+0000] {processor.py:840} INFO - DAG(s) 'example_xcom' retrieved from /usr/local/python/3.12.1/lib/python3.12/site-packages/airflow/example_dags/example_xcom.py
[2026-05-06T23:47:37.385+0000] {logging_mixin.py:188} INFO - [2026-05-06T23:47:37.385+0000] {dag.py:3096} INFO - Sync 1 DAGs
[2026-05-06T23:47:37.401+0000] {logging_mixin.py:188} INFO - [2026-05-06T23:47:37.400+0000] {dag.py:3954} INFO - Setting next_dagrun for example_xcom to 2021-01-01 00:00:00+00:00, run_after=2021-01-01 00:00:00+00:00
[2026-05-06T23:47:37.417+0000] {processor.py:183} INFO - Processing /usr/local/python/3.12.1/lib/python3.12/site-packages/airflow/example_dags/example_xcom.py took 0.065 seconds
[2026-05-06T23:48:17.881+0000] {processor.py:161} INFO - Started process (PID=28497) to work on /usr/local/python/3.12.1/lib/python3.12/site-packages/airflow/example_dags/example_xcom.py
[2026-05-06T23:48:17.882+0000] {processor.py:830} INFO - Processing file /usr/local/python/3.12.1/lib/python3.12/site-packages/airflow/example_dags/example_xcom.py for tasks to queue
[2026-05-06T23:48:17.883+0000] {logging_mixin.py:188} INFO - [2026-05-06T23:48:17.883+0000] {dagbag.py:545} INFO - Filling up the DagBag from /usr/local/python/3.12.1/lib/python3.12/site-packages/airflow/example_dags/example_xcom.py
[2026-05-06T23:48:17.890+0000] {processor.py:840} INFO - DAG(s) 'example_xcom' retrieved from /usr/local/python/3.12.1/lib/python3.12/site-packages/airflow/example_dags/example_xcom.py
[2026-05-06T23:48:17.904+0000] {logging_mixin.py:188} INFO - [2026-05-06T23:48:17.903+0000] {dag.py:3096} INFO - Sync 1 DAGs
[2026-05-06T23:48:17.919+0000] {logging_mixin.py:188} INFO - [2026-05-06T23:48:17.919+0000] {dag.py:3954} INFO - Setting next_dagrun for example_xcom to 2021-01-01 00:00:00+00:00, run_after=2021-01-01 00:00:00+00:00
[2026-05-06T23:48:17.935+0000] {processor.py:183} INFO - Processing /usr/local/python/3.12.1/lib/python3.12/site-packages/airflow/example_dags/example_xcom.py took 0.059 seconds
[2026-05-06T23:48:58.418+0000] {processor.py:161} INFO - Started process (PID=28815) to work on /usr/local/python/3.12.1/lib/python3.12/site-packages/airflow/example_dags/example_xcom.py
[2026-05-06T23:48:58.419+0000] {processor.py:830} INFO - Processing file /usr/local/python/3.12.1/lib/python3.12/site-packages/airflow/example_dags/example_xcom.py for tasks to queue
[2026-05-06T23:48:58.420+0000] {logging_mixin.py:188} INFO - [2026-05-06T23:48:58.420+0000] {dagbag.py:545} INFO - Filling up the DagBag from /usr/local/python/3.12.1/lib/python3.12/site-packages/airflow/example_dags/example_xcom.py
[2026-05-06T23:48:58.427+0000] {processor.py:840} INFO - DAG(s) 'example_xcom' retrieved from /usr/local/python/3.12.1/lib/python3.12/site-packages/airflow/example_dags/example_xcom.py
[2026-05-06T23:48:58.440+0000] {logging_mixin.py:188} INFO - [2026-05-06T23:48:58.440+0000] {dag.py:3096} INFO - Sync 1 DAGs
[2026-05-06T23:48:58.455+0000] {logging_mixin.py:188} INFO - [2026-05-06T23:48:58.455+0000] {dag.py:3954} INFO - Setting next_dagrun for example_xcom to 2021-01-01 00:00:00+00:00, run_after=2021-01-01 00:00:00+00:00
[2026-05-06T23:48:58.473+0000] {processor.py:183} INFO - Processing /usr/local/python/3.12.1/lib/python3.12/site-packages/airflow/example_dags/example_xcom.py took 0.060 seconds
[2026-05-06T23:49:36.183+0000] {processor.py:161} INFO - Started process (PID=29113) to work on /usr/local/python/3.12.1/lib/python3.12/site-packages/airflow/example_dags/example_xcom.py
[2026-05-06T23:49:36.184+0000] {processor.py:830} INFO - Processing file /usr/local/python/3.12.1/lib/python3.12/site-packages/airflow/example_dags/example_xcom.py for tasks to queue
[2026-05-06T23:49:36.185+0000] {logging_mixin.py:188} INFO - [2026-05-06T23:49:36.185+0000] {dagbag.py:545} INFO - Filling up the DagBag from /usr/local/python/3.12.1/lib/python3.12/site-packages/airflow/example_dags/example_xcom.py
[2026-05-06T23:49:36.193+0000] {processor.py:840} INFO - DAG(s) 'example_xcom' retrieved from /usr/local/python/3.12.1/lib/python3.12/site-packages/airflow/example_dags/example_xcom.py
[2026-05-06T23:49:36.208+0000] {logging_mixin.py:188} INFO - [2026-05-06T23:49:36.208+0000] {dag.py:3096} INFO - Sync 1 DAGs
[2026-05-06T23:49:36.223+0000] {logging_mixin.py:188} INFO - [2026-05-06T23:49:36.223+0000] {dag.py:3954} INFO - Setting next_dagrun for example_xcom to 2021-01-01 00:00:00+00:00, run_after=2021-01-01 00:00:00+00:00
[2026-05-06T23:49:36.240+0000] {processor.py:183} INFO - Processing /usr/local/python/3.12.1/lib/python3.12/site-packages/airflow/example_dags/example_xcom.py took 0.062 seconds
[2026-05-06T23:50:12.048+0000] {processor.py:161} INFO - Started process (PID=29408) to work on /usr/local/python/3.12.1/lib/python3.12/site-packages/airflow/example_dags/example_xcom.py
[2026-05-06T23:50:12.049+0000] {processor.py:830} INFO - Processing file /usr/local/python/3.12.1/lib/python3.12/site-packages/airflow/example_dags/example_xcom.py for tasks to queue
[2026-05-06T23:50:12.051+0000] {logging_mixin.py:188} INFO - [2026-05-06T23:50:12.050+0000] {dagbag.py:545} INFO - Filling up the DagBag from /usr/local/python/3.12.1/lib/python3.12/site-packages/airflow/example_dags/example_xcom.py
[2026-05-06T23:50:12.057+0000] {processor.py:840} INFO - DAG(s) 'example_xcom' retrieved from /usr/local/python/3.12.1/lib/python3.12/site-packages/airflow/example_dags/example_xcom.py
[2026-05-06T23:50:12.071+0000] {logging_mixin.py:188} INFO - [2026-05-06T23:50:12.071+0000] {dag.py:3096} INFO - Sync 1 DAGs
[2026-05-06T23:50:12.086+0000] {logging_mixin.py:188} INFO - [2026-05-06T23:50:12.086+0000] {dag.py:3954} INFO - Setting next_dagrun for example_xcom to 2021-01-01 00:00:00+00:00, run_after=2021-01-01 00:00:00+00:00
[2026-05-06T23:50:12.104+0000] {processor.py:183} INFO - Processing /usr/local/python/3.12.1/lib/python3.12/site-packages/airflow/example_dags/example_xcom.py took 0.060 seconds
[2026-05-06T23:50:49.764+0000] {processor.py:161} INFO - Started process (PID=29682) to work on /usr/local/python/3.12.1/lib/python3.12/site-packages/airflow/example_dags/example_xcom.py
[2026-05-06T23:50:49.765+0000] {processor.py:830} INFO - Processing file /usr/local/python/3.12.1/lib/python3.12/site-packages/airflow/example_dags/example_xcom.py for tasks to queue
[2026-05-06T23:50:49.766+0000] {logging_mixin.py:188} INFO - [2026-05-06T23:50:49.766+0000] {dagbag.py:545} INFO - Filling up the DagBag from /usr/local/python/3.12.1/lib/python3.12/site-packages/airflow/example_dags/example_xcom.py
[2026-05-06T23:50:49.772+0000] {processor.py:840} INFO - DAG(s) 'example_xcom' retrieved from /usr/local/python/3.12.1/lib/python3.12/site-packages/airflow/example_dags/example_xcom.py
[2026-05-06T23:50:49.786+0000] {logging_mixin.py:188} INFO - [2026-05-06T23:50:49.786+0000] {dag.py:3096} INFO - Sync 1 DAGs
[2026-05-06T23:50:49.801+0000] {logging_mixin.py:188} INFO - [2026-05-06T23:50:49.801+0000] {dag.py:3954} INFO - Setting next_dagrun for example_xcom to 2021-01-01 00:00:00+00:00, run_after=2021-01-01 00:00:00+00:00
[2026-05-06T23:50:49.818+0000] {processor.py:183} INFO - Processing /usr/local/python/3.12.1/lib/python3.12/site-packages/airflow/example_dags/example_xcom.py took 0.060 seconds
[2026-05-06T23:51:29.262+0000] {processor.py:161} INFO - Started process (PID=29991) to work on /usr/local/python/3.12.1/lib/python3.12/site-packages/airflow/example_dags/example_xcom.py
[2026-05-06T23:51:29.263+0000] {processor.py:830} INFO - Processing file /usr/local/python/3.12.1/lib/python3.12/site-packages/airflow/example_dags/example_xcom.py for tasks to queue
[2026-05-06T23:51:29.265+0000] {logging_mixin.py:188} INFO - [2026-05-06T23:51:29.264+0000] {dagbag.py:545} INFO - Filling up the DagBag from /usr/local/python/3.12.1/lib/python3.12/site-packages/airflow/example_dags/example_xcom.py
[2026-05-06T23:51:29.274+0000] {processor.py:840} INFO - DAG(s) 'example_xcom' retrieved from /usr/local/python/3.12.1/lib/python3.12/site-packages/airflow/example_dags/example_xcom.py
[2026-05-06T23:51:29.287+0000] {logging_mixin.py:188} INFO - [2026-05-06T23:51:29.287+0000] {dag.py:3096} INFO - Sync 1 DAGs
[2026-05-06T23:51:29.302+0000] {logging_mixin.py:188} INFO - [2026-05-06T23:51:29.302+0000] {dag.py:3954} INFO - Setting next_dagrun for example_xcom to 2021-01-01 00:00:00+00:00, run_after=2021-01-01 00:00:00+00:00
[2026-05-06T23:51:29.319+0000] {processor.py:183} INFO - Processing /usr/local/python/3.12.1/lib/python3.12/site-packages/airflow/example_dags/example_xcom.py took 0.063 seconds
[2026-05-06T23:52:05.431+0000] {processor.py:161} INFO - Started process (PID=30276) to work on /usr/local/python/3.12.1/lib/python3.12/site-packages/airflow/example_dags/example_xcom.py
[2026-05-06T23:52:05.432+0000] {processor.py:830} INFO - Processing file /usr/local/python/3.12.1/lib/python3.12/site-packages/airflow/example_dags/example_xcom.py for tasks to queue
[2026-05-06T23:52:05.433+0000] {logging_mixin.py:188} INFO - [2026-05-06T23:52:05.433+0000] {dagbag.py:545} INFO - Filling up the DagBag from /usr/local/python/3.12.1/lib/python3.12/site-packages/airflow/example_dags/example_xcom.py
[2026-05-06T23:52:05.443+0000] {processor.py:840} INFO - DAG(s) 'example_xcom' retrieved from /usr/local/python/3.12.1/lib/python3.12/site-packages/airflow/example_dags/example_xcom.py
[2026-05-06T23:52:05.469+0000] {logging_mixin.py:188} INFO - [2026-05-06T23:52:05.468+0000] {dag.py:3096} INFO - Sync 1 DAGs
[2026-05-06T23:52:05.492+0000] {logging_mixin.py:188} INFO - [2026-05-06T23:52:05.492+0000] {dag.py:3954} INFO - Setting next_dagrun for example_xcom to 2021-01-01 00:00:00+00:00, run_after=2021-01-01 00:00:00+00:00
[2026-05-06T23:52:05.509+0000] {processor.py:183} INFO - Processing /usr/local/python/3.12.1/lib/python3.12/site-packages/airflow/example_dags/example_xcom.py took 0.086 seconds
[2026-05-06T23:52:45.283+0000] {processor.py:161} INFO - Started process (PID=30595) to work on /usr/local/python/3.12.1/lib/python3.12/site-packages/airflow/example_dags/example_xcom.py
[2026-05-06T23:52:45.284+0000] {processor.py:830} INFO - Processing file /usr/local/python/3.12.1/lib/python3.12/site-packages/airflow/example_dags/example_xcom.py for tasks to queue
[2026-05-06T23:52:45.287+0000] {logging_mixin.py:188} INFO - [2026-05-06T23:52:45.287+0000] {dagbag.py:545} INFO - Filling up the DagBag from /usr/local/python/3.12.1/lib/python3.12/site-packages/airflow/example_dags/example_xcom.py
[2026-05-06T23:52:45.295+0000] {processor.py:840} INFO - DAG(s) 'example_xcom' retrieved from /usr/local/python/3.12.1/lib/python3.12/site-packages/airflow/example_dags/example_xcom.py
[2026-05-06T23:52:45.309+0000] {logging_mixin.py:188} INFO - [2026-05-06T23:52:45.309+0000] {dag.py:3096} INFO - Sync 1 DAGs
[2026-05-06T23:52:45.325+0000] {logging_mixin.py:188} INFO - [2026-05-06T23:52:45.325+0000] {dag.py:3954} INFO - Setting next_dagrun for example_xcom to 2021-01-01 00:00:00+00:00, run_after=2021-01-01 00:00:00+00:00
[2026-05-06T23:52:45.348+0000] {processor.py:183} INFO - Processing /usr/local/python/3.12.1/lib/python3.12/site-packages/airflow/example_dags/example_xcom.py took 0.073 seconds
[2026-05-06T23:53:23.627+0000] {processor.py:161} INFO - Started process (PID=30896) to work on /usr/local/python/3.12.1/lib/python3.12/site-packages/airflow/example_dags/example_xcom.py
[2026-05-06T23:53:23.628+0000] {processor.py:830} INFO - Processing file /usr/local/python/3.12.1/lib/python3.12/site-packages/airflow/example_dags/example_xcom.py for tasks to queue
[2026-05-06T23:53:23.630+0000] {logging_mixin.py:188} INFO - [2026-05-06T23:53:23.629+0000] {dagbag.py:545} INFO - Filling up the DagBag from /usr/local/python/3.12.1/lib/python3.12/site-packages/airflow/example_dags/example_xcom.py
[2026-05-06T23:53:23.637+0000] {processor.py:840} INFO - DAG(s) 'example_xcom' retrieved from /usr/local/python/3.12.1/lib/python3.12/site-packages/airflow/example_dags/example_xcom.py
[2026-05-06T23:53:23.657+0000] {logging_mixin.py:188} INFO - [2026-05-06T23:53:23.656+0000] {dag.py:3096} INFO - Sync 1 DAGs
[2026-05-06T23:53:23.672+0000] {logging_mixin.py:188} INFO - [2026-05-06T23:53:23.671+0000] {dag.py:3954} INFO - Setting next_dagrun for example_xcom to 2021-01-01 00:00:00+00:00, run_after=2021-01-01 00:00:00+00:00
[2026-05-06T23:53:23.688+0000] {processor.py:183} INFO - Processing /usr/local/python/3.12.1/lib/python3.12/site-packages/airflow/example_dags/example_xcom.py took 0.066 seconds
[2026-05-06T23:54:04.114+0000] {processor.py:161} INFO - Started process (PID=31210) to work on /usr/local/python/3.12.1/lib/python3.12/site-packages/airflow/example_dags/example_xcom.py
[2026-05-06T23:54:04.114+0000] {processor.py:830} INFO - Processing file /usr/local/python/3.12.1/lib/python3.12/site-packages/airflow/example_dags/example_xcom.py for tasks to queue
[2026-05-06T23:54:04.116+0000] {logging_mixin.py:188} INFO - [2026-05-06T23:54:04.116+0000] {dagbag.py:545} INFO - Filling up the DagBag from /usr/local/python/3.12.1/lib/python3.12/site-packages/airflow/example_dags/example_xcom.py
[2026-05-06T23:54:04.123+0000] {processor.py:840} INFO - DAG(s) 'example_xcom' retrieved from /usr/local/python/3.12.1/lib/python3.12/site-packages/airflow/example_dags/example_xcom.py
[2026-05-06T23:54:04.138+0000] {logging_mixin.py:188} INFO - [2026-05-06T23:54:04.137+0000] {dag.py:3096} INFO - Sync 1 DAGs
[2026-05-06T23:54:04.159+0000] {logging_mixin.py:188} INFO - [2026-05-06T23:54:04.158+0000] {dag.py:3954} INFO - Setting next_dagrun for example_xcom to 2021-01-01 00:00:00+00:00, run_after=2021-01-01 00:00:00+00:00
[2026-05-06T23:54:04.176+0000] {processor.py:183} INFO - Processing /usr/local/python/3.12.1/lib/python3.12/site-packages/airflow/example_dags/example_xcom.py took 0.067 seconds
[2026-05-06T23:54:42.923+0000] {processor.py:161} INFO - Started process (PID=31499) to work on /usr/local/python/3.12.1/lib/python3.12/site-packages/airflow/example_dags/example_xcom.py
[2026-05-06T23:54:42.924+0000] {processor.py:830} INFO - Processing file /usr/local/python/3.12.1/lib/python3.12/site-packages/airflow/example_dags/example_xcom.py for tasks to queue
[2026-05-06T23:54:42.926+0000] {logging_mixin.py:188} INFO - [2026-05-06T23:54:42.925+0000] {dagbag.py:545} INFO - Filling up the DagBag from /usr/local/python/3.12.1/lib/python3.12/site-packages/airflow/example_dags/example_xcom.py
[2026-05-06T23:54:42.932+0000] {processor.py:840} INFO - DAG(s) 'example_xcom' retrieved from /usr/local/python/3.12.1/lib/python3.12/site-packages/airflow/example_dags/example_xcom.py
[2026-05-06T23:54:42.950+0000] {logging_mixin.py:188} INFO - [2026-05-06T23:54:42.950+0000] {dag.py:3096} INFO - Sync 1 DAGs
[2026-05-06T23:54:42.968+0000] {logging_mixin.py:188} INFO - [2026-05-06T23:54:42.967+0000] {dag.py:3954} INFO - Setting next_dagrun for example_xcom to 2021-01-01 00:00:00+00:00, run_after=2021-01-01 00:00:00+00:00
[2026-05-06T23:54:42.985+0000] {processor.py:183} INFO - Processing /usr/local/python/3.12.1/lib/python3.12/site-packages/airflow/example_dags/example_xcom.py took 0.067 seconds
[2026-05-06T23:55:22.097+0000] {processor.py:161} INFO - Started process (PID=31865) to work on /usr/local/python/3.12.1/lib/python3.12/site-packages/airflow/example_dags/example_xcom.py
[2026-05-06T23:55:22.098+0000] {processor.py:830} INFO - Processing file /usr/local/python/3.12.1/lib/python3.12/site-packages/airflow/example_dags/example_xcom.py for tasks to queue
[2026-05-06T23:55:22.099+0000] {logging_mixin.py:188} INFO - [2026-05-06T23:55:22.099+0000] {dagbag.py:545} INFO - Filling up the DagBag from /usr/local/python/3.12.1/lib/python3.12/site-packages/airflow/example_dags/example_xcom.py
[2026-05-06T23:55:22.107+0000] {processor.py:840} INFO - DAG(s) 'example_xcom' retrieved from /usr/local/python/3.12.1/lib/python3.12/site-packages/airflow/example_dags/example_xcom.py
[2026-05-06T23:55:22.125+0000] {logging_mixin.py:188} INFO - [2026-05-06T23:55:22.124+0000] {dag.py:3096} INFO - Sync 1 DAGs
[2026-05-06T23:55:22.140+0000] {logging_mixin.py:188} INFO - [2026-05-06T23:55:22.139+0000] {dag.py:3954} INFO - Setting next_dagrun for example_xcom to 2021-01-01 00:00:00+00:00, run_after=2021-01-01 00:00:00+00:00
[2026-05-06T23:55:22.158+0000] {processor.py:183} INFO - Processing /usr/local/python/3.12.1/lib/python3.12/site-packages/airflow/example_dags/example_xcom.py took 0.067 seconds
[2026-05-06T23:56:02.632+0000] {processor.py:161} INFO - Started process (PID=32184) to work on /usr/local/python/3.12.1/lib/python3.12/site-packages/airflow/example_dags/example_xcom.py
[2026-05-06T23:56:02.633+0000] {processor.py:830} INFO - Processing file /usr/local/python/3.12.1/lib/python3.12/site-packages/airflow/example_dags/example_xcom.py for tasks to queue
[2026-05-06T23:56:02.635+0000] {logging_mixin.py:188} INFO - [2026-05-06T23:56:02.634+0000] {dagbag.py:545} INFO - Filling up the DagBag from /usr/local/python/3.12.1/lib/python3.12/site-packages/airflow/example_dags/example_xcom.py
[2026-05-06T23:56:02.641+0000] {processor.py:840} INFO - DAG(s) 'example_xcom' retrieved from /usr/local/python/3.12.1/lib/python3.12/site-packages/airflow/example_dags/example_xcom.py
[2026-05-06T23:56:02.657+0000] {logging_mixin.py:188} INFO - [2026-05-06T23:56:02.657+0000] {dag.py:3096} INFO - Sync 1 DAGs
[2026-05-06T23:56:02.673+0000] {logging_mixin.py:188} INFO - [2026-05-06T23:56:02.672+0000] {dag.py:3954} INFO - Setting next_dagrun for example_xcom to 2021-01-01 00:00:00+00:00, run_after=2021-01-01 00:00:00+00:00
[2026-05-06T23:56:02.691+0000] {processor.py:183} INFO - Processing /usr/local/python/3.12.1/lib/python3.12/site-packages/airflow/example_dags/example_xcom.py took 0.063 seconds
[2026-05-06T23:56:40.978+0000] {processor.py:161} INFO - Started process (PID=32486) to work on /usr/local/python/3.12.1/lib/python3.12/site-packages/airflow/example_dags/example_xcom.py
[2026-05-06T23:56:40.979+0000] {processor.py:830} INFO - Processing file /usr/local/python/3.12.1/lib/python3.12/site-packages/airflow/example_dags/example_xcom.py for tasks to queue
[2026-05-06T23:56:40.981+0000] {logging_mixin.py:188} INFO - [2026-05-06T23:56:40.980+0000] {dagbag.py:545} INFO - Filling up the DagBag from /usr/local/python/3.12.1/lib/python3.12/site-packages/airflow/example_dags/example_xcom.py
[2026-05-06T23:56:40.987+0000] {processor.py:840} INFO - DAG(s) 'example_xcom' retrieved from /usr/local/python/3.12.1/lib/python3.12/site-packages/airflow/example_dags/example_xcom.py
[2026-05-06T23:56:41.001+0000] {logging_mixin.py:188} INFO - [2026-05-06T23:56:41.001+0000] {dag.py:3096} INFO - Sync 1 DAGs
[2026-05-06T23:56:41.015+0000] {logging_mixin.py:188} INFO - [2026-05-06T23:56:41.015+0000] {dag.py:3954} INFO - Setting next_dagrun for example_xcom to 2021-01-01 00:00:00+00:00, run_after=2021-01-01 00:00:00+00:00
[2026-05-06T23:56:41.031+0000] {processor.py:183} INFO - Processing /usr/local/python/3.12.1/lib/python3.12/site-packages/airflow/example_dags/example_xcom.py took 0.058 seconds
[2026-05-06T23:57:19.245+0000] {processor.py:161} INFO - Started process (PID=32685) to work on /usr/local/python/3.12.1/lib/python3.12/site-packages/airflow/example_dags/example_xcom.py
[2026-05-06T23:57:19.246+0000] {processor.py:830} INFO - Processing file /usr/local/python/3.12.1/lib/python3.12/site-packages/airflow/example_dags/example_xcom.py for tasks to queue
[2026-05-06T23:57:19.247+0000] {logging_mixin.py:188} INFO - [2026-05-06T23:57:19.247+0000] {dagbag.py:545} INFO - Filling up the DagBag from /usr/local/python/3.12.1/lib/python3.12/site-packages/airflow/example_dags/example_xcom.py
[2026-05-06T23:57:19.256+0000] {processor.py:840} INFO - DAG(s) 'example_xcom' retrieved from /usr/local/python/3.12.1/lib/python3.12/site-packages/airflow/example_dags/example_xcom.py
[2026-05-06T23:57:19.269+0000] {logging_mixin.py:188} INFO - [2026-05-06T23:57:19.269+0000] {dag.py:3096} INFO - Sync 1 DAGs
[2026-05-06T23:57:19.285+0000] {logging_mixin.py:188} INFO - [2026-05-06T23:57:19.284+0000] {dag.py:3954} INFO - Setting next_dagrun for example_xcom to 2021-01-01 00:00:00+00:00, run_after=2021-01-01 00:00:00+00:00
[2026-05-06T23:57:19.302+0000] {processor.py:183} INFO - Processing /usr/local/python/3.12.1/lib/python3.12/site-packages/airflow/example_dags/example_xcom.py took 0.064 seconds
[2026-05-06T23:58:13.450+0000] {processor.py:161} INFO - Started process (PID=32945) to work on /usr/local/python/3.12.1/lib/python3.12/site-packages/airflow/example_dags/example_xcom.py
[2026-05-06T23:58:13.451+0000] {processor.py:830} INFO - Processing file /usr/local/python/3.12.1/lib/python3.12/site-packages/airflow/example_dags/example_xcom.py for tasks to queue
[2026-05-06T23:58:13.453+0000] {logging_mixin.py:188} INFO - [2026-05-06T23:58:13.453+0000] {dagbag.py:545} INFO - Filling up the DagBag from /usr/local/python/3.12.1/lib/python3.12/site-packages/airflow/example_dags/example_xcom.py
[2026-05-06T23:58:13.460+0000] {processor.py:840} INFO - DAG(s) 'example_xcom' retrieved from /usr/local/python/3.12.1/lib/python3.12/site-packages/airflow/example_dags/example_xcom.py
[2026-05-06T23:58:13.475+0000] {logging_mixin.py:188} INFO - [2026-05-06T23:58:13.475+0000] {dag.py:3096} INFO - Sync 1 DAGs
[2026-05-06T23:58:13.490+0000] {logging_mixin.py:188} INFO - [2026-05-06T23:58:13.490+0000] {dag.py:3954} INFO - Setting next_dagrun for example_xcom to 2021-01-01 00:00:00+00:00, run_after=2021-01-01 00:00:00+00:00
[2026-05-06T23:58:13.507+0000] {processor.py:183} INFO - Processing /usr/local/python/3.12.1/lib/python3.12/site-packages/airflow/example_dags/example_xcom.py took 0.063 seconds
[2026-05-06T23:58:53.551+0000] {processor.py:161} INFO - Started process (PID=33141) to work on /usr/local/python/3.12.1/lib/python3.12/site-packages/airflow/example_dags/example_xcom.py
[2026-05-06T23:58:53.552+0000] {processor.py:830} INFO - Processing file /usr/local/python/3.12.1/lib/python3.12/site-packages/airflow/example_dags/example_xcom.py for tasks to queue
[2026-05-06T23:58:53.553+0000] {logging_mixin.py:188} INFO - [2026-05-06T23:58:53.553+0000] {dagbag.py:545} INFO - Filling up the DagBag from /usr/local/python/3.12.1/lib/python3.12/site-packages/airflow/example_dags/example_xcom.py
[2026-05-06T23:58:53.561+0000] {processor.py:840} INFO - DAG(s) 'example_xcom' retrieved from /usr/local/python/3.12.1/lib/python3.12/site-packages/airflow/example_dags/example_xcom.py
[2026-05-06T23:58:53.584+0000] {logging_mixin.py:188} INFO - [2026-05-06T23:58:53.584+0000] {dag.py:3096} INFO - Sync 1 DAGs
[2026-05-06T23:58:53.609+0000] {logging_mixin.py:188} INFO - [2026-05-06T23:58:53.609+0000] {dag.py:3954} INFO - Setting next_dagrun for example_xcom to 2021-01-01 00:00:00+00:00, run_after=2021-01-01 00:00:00+00:00
[2026-05-06T23:58:53.695+0000] {processor.py:183} INFO - Processing /usr/local/python/3.12.1/lib/python3.12/site-packages/airflow/example_dags/example_xcom.py took 0.150 seconds
[2026-05-06T23:59:34.189+0000] {processor.py:161} INFO - Started process (PID=33342) to work on /usr/local/python/3.12.1/lib/python3.12/site-packages/airflow/example_dags/example_xcom.py
[2026-05-06T23:59:34.190+0000] {processor.py:830} INFO - Processing file /usr/local/python/3.12.1/lib/python3.12/site-packages/airflow/example_dags/example_xcom.py for tasks to queue
[2026-05-06T23:59:34.192+0000] {logging_mixin.py:188} INFO - [2026-05-06T23:59:34.192+0000] {dagbag.py:545} INFO - Filling up the DagBag from /usr/local/python/3.12.1/lib/python3.12/site-packages/airflow/example_dags/example_xcom.py
[2026-05-06T23:59:34.201+0000] {processor.py:840} INFO - DAG(s) 'example_xcom' retrieved from /usr/local/python/3.12.1/lib/python3.12/site-packages/airflow/example_dags/example_xcom.py
[2026-05-06T23:59:34.222+0000] {logging_mixin.py:188} INFO - [2026-05-06T23:59:34.222+0000] {dag.py:3096} INFO - Sync 1 DAGs
[2026-05-06T23:59:34.245+0000] {logging_mixin.py:188} INFO - [2026-05-06T23:59:34.245+0000] {dag.py:3954} INFO - Setting next_dagrun for example_xcom to 2021-01-01 00:00:00+00:00, run_after=2021-01-01 00:00:00+00:00
[2026-05-06T23:59:34.268+0000] {processor.py:183} INFO - Processing /usr/local/python/3.12.1/lib/python3.12/site-packages/airflow/example_dags/example_xcom.py took 0.086 seconds
