[2026-05-06T23:19:02.310+0000] {processor.py:161} INFO - Started process (PID=13317) to work on /usr/local/python/3.12.1/lib/python3.12/site-packages/airflow/example_dags/example_sensors.py
[2026-05-06T23:19:02.310+0000] {processor.py:830} INFO - Processing file /usr/local/python/3.12.1/lib/python3.12/site-packages/airflow/example_dags/example_sensors.py for tasks to queue
[2026-05-06T23:19:02.312+0000] {logging_mixin.py:188} INFO - [2026-05-06T23:19:02.311+0000] {dagbag.py:545} INFO - Filling up the DagBag from /usr/local/python/3.12.1/lib/python3.12/site-packages/airflow/example_dags/example_sensors.py
[2026-05-06T23:19:02.319+0000] {processor.py:840} INFO - DAG(s) 'example_sensors' retrieved from /usr/local/python/3.12.1/lib/python3.12/site-packages/airflow/example_dags/example_sensors.py
[2026-05-06T23:19:02.401+0000] {logging_mixin.py:188} INFO - [2026-05-06T23:19:02.400+0000] {override.py:1829} INFO - Created Permission View: can delete on DAG:example_sensors
[2026-05-06T23:19:02.409+0000] {logging_mixin.py:188} INFO - [2026-05-06T23:19:02.408+0000] {override.py:1829} INFO - Created Permission View: can edit on DAG:example_sensors
[2026-05-06T23:19:02.414+0000] {logging_mixin.py:188} INFO - [2026-05-06T23:19:02.413+0000] {override.py:1829} INFO - Created Permission View: can read on DAG:example_sensors
[2026-05-06T23:19:02.414+0000] {logging_mixin.py:188} INFO - [2026-05-06T23:19:02.414+0000] {dag.py:3096} INFO - Sync 1 DAGs
[2026-05-06T23:19:02.421+0000] {logging_mixin.py:188} INFO - [2026-05-06T23:19:02.421+0000] {dag.py:3118} INFO - Creating ORM DAG for example_sensors
[2026-05-06T23:19:02.422+0000] {logging_mixin.py:188} INFO - [2026-05-06T23:19:02.422+0000] {dag.py:3954} INFO - Setting next_dagrun for example_sensors to None, run_after=None
[2026-05-06T23:19:02.436+0000] {processor.py:183} INFO - Processing /usr/local/python/3.12.1/lib/python3.12/site-packages/airflow/example_dags/example_sensors.py took 0.132 seconds
[2026-05-06T23:19:52.732+0000] {processor.py:161} INFO - Started process (PID=13744) to work on /usr/local/python/3.12.1/lib/python3.12/site-packages/airflow/example_dags/example_sensors.py
[2026-05-06T23:19:52.733+0000] {processor.py:830} INFO - Processing file /usr/local/python/3.12.1/lib/python3.12/site-packages/airflow/example_dags/example_sensors.py for tasks to queue
[2026-05-06T23:19:52.734+0000] {logging_mixin.py:188} INFO - [2026-05-06T23:19:52.734+0000] {dagbag.py:545} INFO - Filling up the DagBag from /usr/local/python/3.12.1/lib/python3.12/site-packages/airflow/example_dags/example_sensors.py
[2026-05-06T23:19:52.741+0000] {processor.py:840} INFO - DAG(s) 'example_sensors' retrieved from /usr/local/python/3.12.1/lib/python3.12/site-packages/airflow/example_dags/example_sensors.py
[2026-05-06T23:19:52.757+0000] {logging_mixin.py:188} INFO - [2026-05-06T23:19:52.757+0000] {dag.py:3096} INFO - Sync 1 DAGs
[2026-05-06T23:19:52.766+0000] {logging_mixin.py:188} INFO - [2026-05-06T23:19:52.765+0000] {dag.py:3954} INFO - Setting next_dagrun for example_sensors to None, run_after=None
[2026-05-06T23:19:52.782+0000] {processor.py:183} INFO - Processing /usr/local/python/3.12.1/lib/python3.12/site-packages/airflow/example_dags/example_sensors.py took 0.054 seconds
[2026-05-06T23:20:41.090+0000] {processor.py:161} INFO - Started process (PID=14189) to work on /usr/local/python/3.12.1/lib/python3.12/site-packages/airflow/example_dags/example_sensors.py
[2026-05-06T23:20:41.091+0000] {processor.py:830} INFO - Processing file /usr/local/python/3.12.1/lib/python3.12/site-packages/airflow/example_dags/example_sensors.py for tasks to queue
[2026-05-06T23:20:41.092+0000] {logging_mixin.py:188} INFO - [2026-05-06T23:20:41.092+0000] {dagbag.py:545} INFO - Filling up the DagBag from /usr/local/python/3.12.1/lib/python3.12/site-packages/airflow/example_dags/example_sensors.py
[2026-05-06T23:20:41.099+0000] {processor.py:840} INFO - DAG(s) 'example_sensors' retrieved from /usr/local/python/3.12.1/lib/python3.12/site-packages/airflow/example_dags/example_sensors.py
[2026-05-06T23:20:41.117+0000] {logging_mixin.py:188} INFO - [2026-05-06T23:20:41.116+0000] {dag.py:3096} INFO - Sync 1 DAGs
[2026-05-06T23:20:41.127+0000] {logging_mixin.py:188} INFO - [2026-05-06T23:20:41.126+0000] {dag.py:3954} INFO - Setting next_dagrun for example_sensors to None, run_after=None
[2026-05-06T23:20:41.143+0000] {processor.py:183} INFO - Processing /usr/local/python/3.12.1/lib/python3.12/site-packages/airflow/example_dags/example_sensors.py took 0.058 seconds
[2026-05-06T23:21:22.921+0000] {processor.py:161} INFO - Started process (PID=14608) to work on /usr/local/python/3.12.1/lib/python3.12/site-packages/airflow/example_dags/example_sensors.py
[2026-05-06T23:21:22.922+0000] {processor.py:830} INFO - Processing file /usr/local/python/3.12.1/lib/python3.12/site-packages/airflow/example_dags/example_sensors.py for tasks to queue
[2026-05-06T23:21:22.923+0000] {logging_mixin.py:188} INFO - [2026-05-06T23:21:22.923+0000] {dagbag.py:545} INFO - Filling up the DagBag from /usr/local/python/3.12.1/lib/python3.12/site-packages/airflow/example_dags/example_sensors.py
[2026-05-06T23:21:22.933+0000] {processor.py:840} INFO - DAG(s) 'example_sensors' retrieved from /usr/local/python/3.12.1/lib/python3.12/site-packages/airflow/example_dags/example_sensors.py
[2026-05-06T23:21:22.974+0000] {logging_mixin.py:188} INFO - [2026-05-06T23:21:22.974+0000] {dag.py:3096} INFO - Sync 1 DAGs
[2026-05-06T23:21:22.990+0000] {logging_mixin.py:188} INFO - [2026-05-06T23:21:22.989+0000] {dag.py:3954} INFO - Setting next_dagrun for example_sensors to None, run_after=None
[2026-05-06T23:21:23.005+0000] {processor.py:183} INFO - Processing /usr/local/python/3.12.1/lib/python3.12/site-packages/airflow/example_dags/example_sensors.py took 0.090 seconds
[2026-05-06T23:22:03.983+0000] {processor.py:161} INFO - Started process (PID=14929) to work on /usr/local/python/3.12.1/lib/python3.12/site-packages/airflow/example_dags/example_sensors.py
[2026-05-06T23:22:03.984+0000] {processor.py:830} INFO - Processing file /usr/local/python/3.12.1/lib/python3.12/site-packages/airflow/example_dags/example_sensors.py for tasks to queue
[2026-05-06T23:22:03.985+0000] {logging_mixin.py:188} INFO - [2026-05-06T23:22:03.985+0000] {dagbag.py:545} INFO - Filling up the DagBag from /usr/local/python/3.12.1/lib/python3.12/site-packages/airflow/example_dags/example_sensors.py
[2026-05-06T23:22:03.992+0000] {processor.py:840} INFO - DAG(s) 'example_sensors' retrieved from /usr/local/python/3.12.1/lib/python3.12/site-packages/airflow/example_dags/example_sensors.py
[2026-05-06T23:22:04.008+0000] {logging_mixin.py:188} INFO - [2026-05-06T23:22:04.008+0000] {dag.py:3096} INFO - Sync 1 DAGs
[2026-05-06T23:22:04.016+0000] {logging_mixin.py:188} INFO - [2026-05-06T23:22:04.016+0000] {dag.py:3954} INFO - Setting next_dagrun for example_sensors to None, run_after=None
[2026-05-06T23:22:04.032+0000] {processor.py:183} INFO - Processing /usr/local/python/3.12.1/lib/python3.12/site-packages/airflow/example_dags/example_sensors.py took 0.054 seconds
[2026-05-06T23:22:45.084+0000] {processor.py:161} INFO - Started process (PID=15307) to work on /usr/local/python/3.12.1/lib/python3.12/site-packages/airflow/example_dags/example_sensors.py
[2026-05-06T23:22:45.085+0000] {processor.py:830} INFO - Processing file /usr/local/python/3.12.1/lib/python3.12/site-packages/airflow/example_dags/example_sensors.py for tasks to queue
[2026-05-06T23:22:45.086+0000] {logging_mixin.py:188} INFO - [2026-05-06T23:22:45.086+0000] {dagbag.py:545} INFO - Filling up the DagBag from /usr/local/python/3.12.1/lib/python3.12/site-packages/airflow/example_dags/example_sensors.py
[2026-05-06T23:22:45.093+0000] {processor.py:840} INFO - DAG(s) 'example_sensors' retrieved from /usr/local/python/3.12.1/lib/python3.12/site-packages/airflow/example_dags/example_sensors.py
[2026-05-06T23:22:45.109+0000] {logging_mixin.py:188} INFO - [2026-05-06T23:22:45.109+0000] {dag.py:3096} INFO - Sync 1 DAGs
[2026-05-06T23:22:45.119+0000] {logging_mixin.py:188} INFO - [2026-05-06T23:22:45.119+0000] {dag.py:3954} INFO - Setting next_dagrun for example_sensors to None, run_after=None
[2026-05-06T23:22:45.136+0000] {processor.py:183} INFO - Processing /usr/local/python/3.12.1/lib/python3.12/site-packages/airflow/example_dags/example_sensors.py took 0.056 seconds
[2026-05-06T23:23:40.851+0000] {processor.py:161} INFO - Started process (PID=15873) to work on /usr/local/python/3.12.1/lib/python3.12/site-packages/airflow/example_dags/example_sensors.py
[2026-05-06T23:23:40.852+0000] {processor.py:830} INFO - Processing file /usr/local/python/3.12.1/lib/python3.12/site-packages/airflow/example_dags/example_sensors.py for tasks to queue
[2026-05-06T23:23:40.853+0000] {logging_mixin.py:188} INFO - [2026-05-06T23:23:40.853+0000] {dagbag.py:545} INFO - Filling up the DagBag from /usr/local/python/3.12.1/lib/python3.12/site-packages/airflow/example_dags/example_sensors.py
[2026-05-06T23:23:40.860+0000] {processor.py:840} INFO - DAG(s) 'example_sensors' retrieved from /usr/local/python/3.12.1/lib/python3.12/site-packages/airflow/example_dags/example_sensors.py
[2026-05-06T23:23:40.876+0000] {logging_mixin.py:188} INFO - [2026-05-06T23:23:40.876+0000] {dag.py:3096} INFO - Sync 1 DAGs
[2026-05-06T23:23:40.886+0000] {logging_mixin.py:188} INFO - [2026-05-06T23:23:40.886+0000] {dag.py:3954} INFO - Setting next_dagrun for example_sensors to None, run_after=None
[2026-05-06T23:23:40.901+0000] {processor.py:183} INFO - Processing /usr/local/python/3.12.1/lib/python3.12/site-packages/airflow/example_dags/example_sensors.py took 0.054 seconds
[2026-05-06T23:24:38.243+0000] {processor.py:161} INFO - Started process (PID=16710) to work on /usr/local/python/3.12.1/lib/python3.12/site-packages/airflow/example_dags/example_sensors.py
[2026-05-06T23:24:38.244+0000] {processor.py:830} INFO - Processing file /usr/local/python/3.12.1/lib/python3.12/site-packages/airflow/example_dags/example_sensors.py for tasks to queue
[2026-05-06T23:24:38.245+0000] {logging_mixin.py:188} INFO - [2026-05-06T23:24:38.245+0000] {dagbag.py:545} INFO - Filling up the DagBag from /usr/local/python/3.12.1/lib/python3.12/site-packages/airflow/example_dags/example_sensors.py
[2026-05-06T23:24:38.255+0000] {processor.py:840} INFO - DAG(s) 'example_sensors' retrieved from /usr/local/python/3.12.1/lib/python3.12/site-packages/airflow/example_dags/example_sensors.py
[2026-05-06T23:24:38.284+0000] {logging_mixin.py:188} INFO - [2026-05-06T23:24:38.284+0000] {dag.py:3096} INFO - Sync 1 DAGs
[2026-05-06T23:24:38.304+0000] {logging_mixin.py:188} INFO - [2026-05-06T23:24:38.303+0000] {dag.py:3954} INFO - Setting next_dagrun for example_sensors to None, run_after=None
[2026-05-06T23:24:38.330+0000] {processor.py:183} INFO - Processing /usr/local/python/3.12.1/lib/python3.12/site-packages/airflow/example_dags/example_sensors.py took 0.092 seconds
[2026-05-06T23:25:34.743+0000] {processor.py:161} INFO - Started process (PID=17267) to work on /usr/local/python/3.12.1/lib/python3.12/site-packages/airflow/example_dags/example_sensors.py
[2026-05-06T23:25:34.743+0000] {processor.py:830} INFO - Processing file /usr/local/python/3.12.1/lib/python3.12/site-packages/airflow/example_dags/example_sensors.py for tasks to queue
[2026-05-06T23:25:34.745+0000] {logging_mixin.py:188} INFO - [2026-05-06T23:25:34.745+0000] {dagbag.py:545} INFO - Filling up the DagBag from /usr/local/python/3.12.1/lib/python3.12/site-packages/airflow/example_dags/example_sensors.py
[2026-05-06T23:25:34.752+0000] {processor.py:840} INFO - DAG(s) 'example_sensors' retrieved from /usr/local/python/3.12.1/lib/python3.12/site-packages/airflow/example_dags/example_sensors.py
[2026-05-06T23:25:34.767+0000] {logging_mixin.py:188} INFO - [2026-05-06T23:25:34.767+0000] {dag.py:3096} INFO - Sync 1 DAGs
[2026-05-06T23:25:34.776+0000] {logging_mixin.py:188} INFO - [2026-05-06T23:25:34.776+0000] {dag.py:3954} INFO - Setting next_dagrun for example_sensors to None, run_after=None
[2026-05-06T23:25:34.793+0000] {processor.py:183} INFO - Processing /usr/local/python/3.12.1/lib/python3.12/site-packages/airflow/example_dags/example_sensors.py took 0.055 seconds
[2026-05-06T23:26:18.000+0000] {processor.py:161} INFO - Started process (PID=17630) to work on /usr/local/python/3.12.1/lib/python3.12/site-packages/airflow/example_dags/example_sensors.py
[2026-05-06T23:26:18.001+0000] {processor.py:830} INFO - Processing file /usr/local/python/3.12.1/lib/python3.12/site-packages/airflow/example_dags/example_sensors.py for tasks to queue
[2026-05-06T23:26:18.002+0000] {logging_mixin.py:188} INFO - [2026-05-06T23:26:18.002+0000] {dagbag.py:545} INFO - Filling up the DagBag from /usr/local/python/3.12.1/lib/python3.12/site-packages/airflow/example_dags/example_sensors.py
[2026-05-06T23:26:18.009+0000] {processor.py:840} INFO - DAG(s) 'example_sensors' retrieved from /usr/local/python/3.12.1/lib/python3.12/site-packages/airflow/example_dags/example_sensors.py
[2026-05-06T23:26:18.025+0000] {logging_mixin.py:188} INFO - [2026-05-06T23:26:18.025+0000] {dag.py:3096} INFO - Sync 1 DAGs
[2026-05-06T23:26:18.034+0000] {logging_mixin.py:188} INFO - [2026-05-06T23:26:18.034+0000] {dag.py:3954} INFO - Setting next_dagrun for example_sensors to None, run_after=None
[2026-05-06T23:26:18.050+0000] {processor.py:183} INFO - Processing /usr/local/python/3.12.1/lib/python3.12/site-packages/airflow/example_dags/example_sensors.py took 0.055 seconds
[2026-05-06T23:27:12.815+0000] {processor.py:161} INFO - Started process (PID=18157) to work on /usr/local/python/3.12.1/lib/python3.12/site-packages/airflow/example_dags/example_sensors.py
[2026-05-06T23:27:12.816+0000] {processor.py:830} INFO - Processing file /usr/local/python/3.12.1/lib/python3.12/site-packages/airflow/example_dags/example_sensors.py for tasks to queue
[2026-05-06T23:27:12.817+0000] {logging_mixin.py:188} INFO - [2026-05-06T23:27:12.817+0000] {dagbag.py:545} INFO - Filling up the DagBag from /usr/local/python/3.12.1/lib/python3.12/site-packages/airflow/example_dags/example_sensors.py
[2026-05-06T23:27:12.824+0000] {processor.py:840} INFO - DAG(s) 'example_sensors' retrieved from /usr/local/python/3.12.1/lib/python3.12/site-packages/airflow/example_dags/example_sensors.py
[2026-05-06T23:27:12.840+0000] {logging_mixin.py:188} INFO - [2026-05-06T23:27:12.840+0000] {dag.py:3096} INFO - Sync 1 DAGs
[2026-05-06T23:27:12.849+0000] {logging_mixin.py:188} INFO - [2026-05-06T23:27:12.848+0000] {dag.py:3954} INFO - Setting next_dagrun for example_sensors to None, run_after=None
[2026-05-06T23:27:12.864+0000] {processor.py:183} INFO - Processing /usr/local/python/3.12.1/lib/python3.12/site-packages/airflow/example_dags/example_sensors.py took 0.053 seconds
[2026-05-06T23:28:12.292+0000] {processor.py:161} INFO - Started process (PID=18739) to work on /usr/local/python/3.12.1/lib/python3.12/site-packages/airflow/example_dags/example_sensors.py
[2026-05-06T23:28:12.293+0000] {processor.py:830} INFO - Processing file /usr/local/python/3.12.1/lib/python3.12/site-packages/airflow/example_dags/example_sensors.py for tasks to queue
[2026-05-06T23:28:12.294+0000] {logging_mixin.py:188} INFO - [2026-05-06T23:28:12.294+0000] {dagbag.py:545} INFO - Filling up the DagBag from /usr/local/python/3.12.1/lib/python3.12/site-packages/airflow/example_dags/example_sensors.py
[2026-05-06T23:28:12.301+0000] {processor.py:840} INFO - DAG(s) 'example_sensors' retrieved from /usr/local/python/3.12.1/lib/python3.12/site-packages/airflow/example_dags/example_sensors.py
[2026-05-06T23:28:12.318+0000] {logging_mixin.py:188} INFO - [2026-05-06T23:28:12.318+0000] {dag.py:3096} INFO - Sync 1 DAGs
[2026-05-06T23:28:12.327+0000] {logging_mixin.py:188} INFO - [2026-05-06T23:28:12.327+0000] {dag.py:3954} INFO - Setting next_dagrun for example_sensors to None, run_after=None
[2026-05-06T23:28:12.438+0000] {processor.py:183} INFO - Processing /usr/local/python/3.12.1/lib/python3.12/site-packages/airflow/example_dags/example_sensors.py took 0.151 seconds
[2026-05-06T23:28:53.707+0000] {processor.py:161} INFO - Started process (PID=19070) to work on /usr/local/python/3.12.1/lib/python3.12/site-packages/airflow/example_dags/example_sensors.py
[2026-05-06T23:28:53.708+0000] {processor.py:830} INFO - Processing file /usr/local/python/3.12.1/lib/python3.12/site-packages/airflow/example_dags/example_sensors.py for tasks to queue
[2026-05-06T23:28:53.709+0000] {logging_mixin.py:188} INFO - [2026-05-06T23:28:53.709+0000] {dagbag.py:545} INFO - Filling up the DagBag from /usr/local/python/3.12.1/lib/python3.12/site-packages/airflow/example_dags/example_sensors.py
[2026-05-06T23:28:53.716+0000] {processor.py:840} INFO - DAG(s) 'example_sensors' retrieved from /usr/local/python/3.12.1/lib/python3.12/site-packages/airflow/example_dags/example_sensors.py
[2026-05-06T23:28:53.734+0000] {logging_mixin.py:188} INFO - [2026-05-06T23:28:53.733+0000] {dag.py:3096} INFO - Sync 1 DAGs
[2026-05-06T23:28:53.743+0000] {logging_mixin.py:188} INFO - [2026-05-06T23:28:53.742+0000] {dag.py:3954} INFO - Setting next_dagrun for example_sensors to None, run_after=None
[2026-05-06T23:28:53.759+0000] {processor.py:183} INFO - Processing /usr/local/python/3.12.1/lib/python3.12/site-packages/airflow/example_dags/example_sensors.py took 0.057 seconds
[2026-05-06T23:31:44.786+0000] {processor.py:161} INFO - Started process (PID=20756) to work on /usr/local/python/3.12.1/lib/python3.12/site-packages/airflow/example_dags/example_sensors.py
[2026-05-06T23:31:44.787+0000] {processor.py:830} INFO - Processing file /usr/local/python/3.12.1/lib/python3.12/site-packages/airflow/example_dags/example_sensors.py for tasks to queue
[2026-05-06T23:31:44.788+0000] {logging_mixin.py:188} INFO - [2026-05-06T23:31:44.788+0000] {dagbag.py:545} INFO - Filling up the DagBag from /usr/local/python/3.12.1/lib/python3.12/site-packages/airflow/example_dags/example_sensors.py
[2026-05-06T23:31:44.796+0000] {processor.py:840} INFO - DAG(s) 'example_sensors' retrieved from /usr/local/python/3.12.1/lib/python3.12/site-packages/airflow/example_dags/example_sensors.py
[2026-05-06T23:31:44.814+0000] {logging_mixin.py:188} INFO - [2026-05-06T23:31:44.814+0000] {dag.py:3096} INFO - Sync 1 DAGs
[2026-05-06T23:31:44.824+0000] {logging_mixin.py:188} INFO - [2026-05-06T23:31:44.823+0000] {dag.py:3954} INFO - Setting next_dagrun for example_sensors to None, run_after=None
[2026-05-06T23:31:44.840+0000] {processor.py:183} INFO - Processing /usr/local/python/3.12.1/lib/python3.12/site-packages/airflow/example_dags/example_sensors.py took 0.059 seconds
[2026-05-06T23:32:33.205+0000] {processor.py:161} INFO - Started process (PID=21117) to work on /usr/local/python/3.12.1/lib/python3.12/site-packages/airflow/example_dags/example_sensors.py
[2026-05-06T23:32:33.205+0000] {processor.py:830} INFO - Processing file /usr/local/python/3.12.1/lib/python3.12/site-packages/airflow/example_dags/example_sensors.py for tasks to queue
[2026-05-06T23:32:33.207+0000] {logging_mixin.py:188} INFO - [2026-05-06T23:32:33.207+0000] {dagbag.py:545} INFO - Filling up the DagBag from /usr/local/python/3.12.1/lib/python3.12/site-packages/airflow/example_dags/example_sensors.py
[2026-05-06T23:32:33.214+0000] {processor.py:840} INFO - DAG(s) 'example_sensors' retrieved from /usr/local/python/3.12.1/lib/python3.12/site-packages/airflow/example_dags/example_sensors.py
[2026-05-06T23:32:33.231+0000] {logging_mixin.py:188} INFO - [2026-05-06T23:32:33.231+0000] {dag.py:3096} INFO - Sync 1 DAGs
[2026-05-06T23:32:33.240+0000] {logging_mixin.py:188} INFO - [2026-05-06T23:32:33.240+0000] {dag.py:3954} INFO - Setting next_dagrun for example_sensors to None, run_after=None
[2026-05-06T23:32:33.257+0000] {processor.py:183} INFO - Processing /usr/local/python/3.12.1/lib/python3.12/site-packages/airflow/example_dags/example_sensors.py took 0.057 seconds
[2026-05-06T23:33:22.505+0000] {processor.py:161} INFO - Started process (PID=21503) to work on /usr/local/python/3.12.1/lib/python3.12/site-packages/airflow/example_dags/example_sensors.py
[2026-05-06T23:33:22.506+0000] {processor.py:830} INFO - Processing file /usr/local/python/3.12.1/lib/python3.12/site-packages/airflow/example_dags/example_sensors.py for tasks to queue
[2026-05-06T23:33:22.508+0000] {logging_mixin.py:188} INFO - [2026-05-06T23:33:22.507+0000] {dagbag.py:545} INFO - Filling up the DagBag from /usr/local/python/3.12.1/lib/python3.12/site-packages/airflow/example_dags/example_sensors.py
[2026-05-06T23:33:22.516+0000] {processor.py:840} INFO - DAG(s) 'example_sensors' retrieved from /usr/local/python/3.12.1/lib/python3.12/site-packages/airflow/example_dags/example_sensors.py
[2026-05-06T23:33:22.553+0000] {logging_mixin.py:188} INFO - [2026-05-06T23:33:22.552+0000] {dag.py:3096} INFO - Sync 1 DAGs
[2026-05-06T23:33:22.569+0000] {logging_mixin.py:188} INFO - [2026-05-06T23:33:22.569+0000] {dag.py:3954} INFO - Setting next_dagrun for example_sensors to None, run_after=None
[2026-05-06T23:33:22.586+0000] {processor.py:183} INFO - Processing /usr/local/python/3.12.1/lib/python3.12/site-packages/airflow/example_dags/example_sensors.py took 0.085 seconds
[2026-05-06T23:34:20.331+0000] {processor.py:161} INFO - Started process (PID=21963) to work on /usr/local/python/3.12.1/lib/python3.12/site-packages/airflow/example_dags/example_sensors.py
[2026-05-06T23:34:20.331+0000] {processor.py:830} INFO - Processing file /usr/local/python/3.12.1/lib/python3.12/site-packages/airflow/example_dags/example_sensors.py for tasks to queue
[2026-05-06T23:34:20.333+0000] {logging_mixin.py:188} INFO - [2026-05-06T23:34:20.332+0000] {dagbag.py:545} INFO - Filling up the DagBag from /usr/local/python/3.12.1/lib/python3.12/site-packages/airflow/example_dags/example_sensors.py
[2026-05-06T23:34:20.340+0000] {processor.py:840} INFO - DAG(s) 'example_sensors' retrieved from /usr/local/python/3.12.1/lib/python3.12/site-packages/airflow/example_dags/example_sensors.py
[2026-05-06T23:34:20.358+0000] {logging_mixin.py:188} INFO - [2026-05-06T23:34:20.357+0000] {dag.py:3096} INFO - Sync 1 DAGs
[2026-05-06T23:34:20.367+0000] {logging_mixin.py:188} INFO - [2026-05-06T23:34:20.367+0000] {dag.py:3954} INFO - Setting next_dagrun for example_sensors to None, run_after=None
[2026-05-06T23:34:20.387+0000] {processor.py:183} INFO - Processing /usr/local/python/3.12.1/lib/python3.12/site-packages/airflow/example_dags/example_sensors.py took 0.061 seconds
[2026-05-06T23:35:17.745+0000] {processor.py:161} INFO - Started process (PID=22433) to work on /usr/local/python/3.12.1/lib/python3.12/site-packages/airflow/example_dags/example_sensors.py
[2026-05-06T23:35:17.746+0000] {processor.py:830} INFO - Processing file /usr/local/python/3.12.1/lib/python3.12/site-packages/airflow/example_dags/example_sensors.py for tasks to queue
[2026-05-06T23:35:17.747+0000] {logging_mixin.py:188} INFO - [2026-05-06T23:35:17.747+0000] {dagbag.py:545} INFO - Filling up the DagBag from /usr/local/python/3.12.1/lib/python3.12/site-packages/airflow/example_dags/example_sensors.py
[2026-05-06T23:35:17.754+0000] {processor.py:840} INFO - DAG(s) 'example_sensors' retrieved from /usr/local/python/3.12.1/lib/python3.12/site-packages/airflow/example_dags/example_sensors.py
[2026-05-06T23:35:17.771+0000] {logging_mixin.py:188} INFO - [2026-05-06T23:35:17.770+0000] {dag.py:3096} INFO - Sync 1 DAGs
[2026-05-06T23:35:17.780+0000] {logging_mixin.py:188} INFO - [2026-05-06T23:35:17.780+0000] {dag.py:3954} INFO - Setting next_dagrun for example_sensors to None, run_after=None
[2026-05-06T23:35:17.796+0000] {processor.py:183} INFO - Processing /usr/local/python/3.12.1/lib/python3.12/site-packages/airflow/example_dags/example_sensors.py took 0.056 seconds
[2026-05-06T23:36:14.116+0000] {processor.py:161} INFO - Started process (PID=22866) to work on /usr/local/python/3.12.1/lib/python3.12/site-packages/airflow/example_dags/example_sensors.py
[2026-05-06T23:36:14.117+0000] {processor.py:830} INFO - Processing file /usr/local/python/3.12.1/lib/python3.12/site-packages/airflow/example_dags/example_sensors.py for tasks to queue
[2026-05-06T23:36:14.118+0000] {logging_mixin.py:188} INFO - [2026-05-06T23:36:14.118+0000] {dagbag.py:545} INFO - Filling up the DagBag from /usr/local/python/3.12.1/lib/python3.12/site-packages/airflow/example_dags/example_sensors.py
[2026-05-06T23:36:14.126+0000] {processor.py:840} INFO - DAG(s) 'example_sensors' retrieved from /usr/local/python/3.12.1/lib/python3.12/site-packages/airflow/example_dags/example_sensors.py
[2026-05-06T23:36:14.142+0000] {logging_mixin.py:188} INFO - [2026-05-06T23:36:14.142+0000] {dag.py:3096} INFO - Sync 1 DAGs
[2026-05-06T23:36:14.152+0000] {logging_mixin.py:188} INFO - [2026-05-06T23:36:14.151+0000] {dag.py:3954} INFO - Setting next_dagrun for example_sensors to None, run_after=None
[2026-05-06T23:36:14.168+0000] {processor.py:183} INFO - Processing /usr/local/python/3.12.1/lib/python3.12/site-packages/airflow/example_dags/example_sensors.py took 0.057 seconds
[2026-05-06T23:37:09.927+0000] {processor.py:161} INFO - Started process (PID=23303) to work on /usr/local/python/3.12.1/lib/python3.12/site-packages/airflow/example_dags/example_sensors.py
[2026-05-06T23:37:09.928+0000] {processor.py:830} INFO - Processing file /usr/local/python/3.12.1/lib/python3.12/site-packages/airflow/example_dags/example_sensors.py for tasks to queue
[2026-05-06T23:37:09.929+0000] {logging_mixin.py:188} INFO - [2026-05-06T23:37:09.929+0000] {dagbag.py:545} INFO - Filling up the DagBag from /usr/local/python/3.12.1/lib/python3.12/site-packages/airflow/example_dags/example_sensors.py
[2026-05-06T23:37:09.936+0000] {processor.py:840} INFO - DAG(s) 'example_sensors' retrieved from /usr/local/python/3.12.1/lib/python3.12/site-packages/airflow/example_dags/example_sensors.py
[2026-05-06T23:37:09.954+0000] {logging_mixin.py:188} INFO - [2026-05-06T23:37:09.954+0000] {dag.py:3096} INFO - Sync 1 DAGs
[2026-05-06T23:37:09.963+0000] {logging_mixin.py:188} INFO - [2026-05-06T23:37:09.963+0000] {dag.py:3954} INFO - Setting next_dagrun for example_sensors to None, run_after=None
[2026-05-06T23:37:09.981+0000] {processor.py:183} INFO - Processing /usr/local/python/3.12.1/lib/python3.12/site-packages/airflow/example_dags/example_sensors.py took 0.059 seconds
[2026-05-06T23:37:50.133+0000] {processor.py:161} INFO - Started process (PID=23624) to work on /usr/local/python/3.12.1/lib/python3.12/site-packages/airflow/example_dags/example_sensors.py
[2026-05-06T23:37:50.134+0000] {processor.py:830} INFO - Processing file /usr/local/python/3.12.1/lib/python3.12/site-packages/airflow/example_dags/example_sensors.py for tasks to queue
[2026-05-06T23:37:50.135+0000] {logging_mixin.py:188} INFO - [2026-05-06T23:37:50.135+0000] {dagbag.py:545} INFO - Filling up the DagBag from /usr/local/python/3.12.1/lib/python3.12/site-packages/airflow/example_dags/example_sensors.py
[2026-05-06T23:37:50.142+0000] {processor.py:840} INFO - DAG(s) 'example_sensors' retrieved from /usr/local/python/3.12.1/lib/python3.12/site-packages/airflow/example_dags/example_sensors.py
[2026-05-06T23:37:50.161+0000] {logging_mixin.py:188} INFO - [2026-05-06T23:37:50.160+0000] {dag.py:3096} INFO - Sync 1 DAGs
[2026-05-06T23:37:50.172+0000] {logging_mixin.py:188} INFO - [2026-05-06T23:37:50.172+0000] {dag.py:3954} INFO - Setting next_dagrun for example_sensors to None, run_after=None
[2026-05-06T23:37:50.190+0000] {processor.py:183} INFO - Processing /usr/local/python/3.12.1/lib/python3.12/site-packages/airflow/example_dags/example_sensors.py took 0.062 seconds
[2026-05-06T23:38:48.148+0000] {processor.py:161} INFO - Started process (PID=24058) to work on /usr/local/python/3.12.1/lib/python3.12/site-packages/airflow/example_dags/example_sensors.py
[2026-05-06T23:38:48.149+0000] {processor.py:830} INFO - Processing file /usr/local/python/3.12.1/lib/python3.12/site-packages/airflow/example_dags/example_sensors.py for tasks to queue
[2026-05-06T23:38:48.150+0000] {logging_mixin.py:188} INFO - [2026-05-06T23:38:48.150+0000] {dagbag.py:545} INFO - Filling up the DagBag from /usr/local/python/3.12.1/lib/python3.12/site-packages/airflow/example_dags/example_sensors.py
[2026-05-06T23:38:48.157+0000] {processor.py:840} INFO - DAG(s) 'example_sensors' retrieved from /usr/local/python/3.12.1/lib/python3.12/site-packages/airflow/example_dags/example_sensors.py
[2026-05-06T23:38:48.174+0000] {logging_mixin.py:188} INFO - [2026-05-06T23:38:48.174+0000] {dag.py:3096} INFO - Sync 1 DAGs
[2026-05-06T23:38:48.184+0000] {logging_mixin.py:188} INFO - [2026-05-06T23:38:48.184+0000] {dag.py:3954} INFO - Setting next_dagrun for example_sensors to None, run_after=None
[2026-05-06T23:38:48.201+0000] {processor.py:183} INFO - Processing /usr/local/python/3.12.1/lib/python3.12/site-packages/airflow/example_dags/example_sensors.py took 0.058 seconds
[2026-05-06T23:39:45.821+0000] {processor.py:161} INFO - Started process (PID=24516) to work on /usr/local/python/3.12.1/lib/python3.12/site-packages/airflow/example_dags/example_sensors.py
[2026-05-06T23:39:45.822+0000] {processor.py:830} INFO - Processing file /usr/local/python/3.12.1/lib/python3.12/site-packages/airflow/example_dags/example_sensors.py for tasks to queue
[2026-05-06T23:39:45.824+0000] {logging_mixin.py:188} INFO - [2026-05-06T23:39:45.824+0000] {dagbag.py:545} INFO - Filling up the DagBag from /usr/local/python/3.12.1/lib/python3.12/site-packages/airflow/example_dags/example_sensors.py
[2026-05-06T23:39:45.831+0000] {processor.py:840} INFO - DAG(s) 'example_sensors' retrieved from /usr/local/python/3.12.1/lib/python3.12/site-packages/airflow/example_dags/example_sensors.py
[2026-05-06T23:39:45.848+0000] {logging_mixin.py:188} INFO - [2026-05-06T23:39:45.848+0000] {dag.py:3096} INFO - Sync 1 DAGs
[2026-05-06T23:39:45.858+0000] {logging_mixin.py:188} INFO - [2026-05-06T23:39:45.858+0000] {dag.py:3954} INFO - Setting next_dagrun for example_sensors to None, run_after=None
[2026-05-06T23:39:45.876+0000] {processor.py:183} INFO - Processing /usr/local/python/3.12.1/lib/python3.12/site-packages/airflow/example_dags/example_sensors.py took 0.059 seconds
[2026-05-06T23:40:46.269+0000] {processor.py:161} INFO - Started process (PID=24989) to work on /usr/local/python/3.12.1/lib/python3.12/site-packages/airflow/example_dags/example_sensors.py
[2026-05-06T23:40:46.270+0000] {processor.py:830} INFO - Processing file /usr/local/python/3.12.1/lib/python3.12/site-packages/airflow/example_dags/example_sensors.py for tasks to queue
[2026-05-06T23:40:46.272+0000] {logging_mixin.py:188} INFO - [2026-05-06T23:40:46.271+0000] {dagbag.py:545} INFO - Filling up the DagBag from /usr/local/python/3.12.1/lib/python3.12/site-packages/airflow/example_dags/example_sensors.py
[2026-05-06T23:40:46.279+0000] {processor.py:840} INFO - DAG(s) 'example_sensors' retrieved from /usr/local/python/3.12.1/lib/python3.12/site-packages/airflow/example_dags/example_sensors.py
[2026-05-06T23:40:46.296+0000] {logging_mixin.py:188} INFO - [2026-05-06T23:40:46.296+0000] {dag.py:3096} INFO - Sync 1 DAGs
[2026-05-06T23:40:46.306+0000] {logging_mixin.py:188} INFO - [2026-05-06T23:40:46.306+0000] {dag.py:3954} INFO - Setting next_dagrun for example_sensors to None, run_after=None
[2026-05-06T23:40:46.324+0000] {processor.py:183} INFO - Processing /usr/local/python/3.12.1/lib/python3.12/site-packages/airflow/example_dags/example_sensors.py took 0.060 seconds
[2026-05-06T23:41:25.191+0000] {processor.py:161} INFO - Started process (PID=25297) to work on /usr/local/python/3.12.1/lib/python3.12/site-packages/airflow/example_dags/example_sensors.py
[2026-05-06T23:41:25.192+0000] {processor.py:830} INFO - Processing file /usr/local/python/3.12.1/lib/python3.12/site-packages/airflow/example_dags/example_sensors.py for tasks to queue
[2026-05-06T23:41:25.193+0000] {logging_mixin.py:188} INFO - [2026-05-06T23:41:25.193+0000] {dagbag.py:545} INFO - Filling up the DagBag from /usr/local/python/3.12.1/lib/python3.12/site-packages/airflow/example_dags/example_sensors.py
[2026-05-06T23:41:25.201+0000] {processor.py:840} INFO - DAG(s) 'example_sensors' retrieved from /usr/local/python/3.12.1/lib/python3.12/site-packages/airflow/example_dags/example_sensors.py
[2026-05-06T23:41:25.218+0000] {logging_mixin.py:188} INFO - [2026-05-06T23:41:25.217+0000] {dag.py:3096} INFO - Sync 1 DAGs
[2026-05-06T23:41:25.228+0000] {logging_mixin.py:188} INFO - [2026-05-06T23:41:25.228+0000] {dag.py:3954} INFO - Setting next_dagrun for example_sensors to None, run_after=None
[2026-05-06T23:41:25.340+0000] {processor.py:183} INFO - Processing /usr/local/python/3.12.1/lib/python3.12/site-packages/airflow/example_dags/example_sensors.py took 0.154 seconds
[2026-05-06T23:42:23.700+0000] {processor.py:161} INFO - Started process (PID=25746) to work on /usr/local/python/3.12.1/lib/python3.12/site-packages/airflow/example_dags/example_sensors.py
[2026-05-06T23:42:23.701+0000] {processor.py:830} INFO - Processing file /usr/local/python/3.12.1/lib/python3.12/site-packages/airflow/example_dags/example_sensors.py for tasks to queue
[2026-05-06T23:42:23.703+0000] {logging_mixin.py:188} INFO - [2026-05-06T23:42:23.702+0000] {dagbag.py:545} INFO - Filling up the DagBag from /usr/local/python/3.12.1/lib/python3.12/site-packages/airflow/example_dags/example_sensors.py
[2026-05-06T23:42:23.710+0000] {processor.py:840} INFO - DAG(s) 'example_sensors' retrieved from /usr/local/python/3.12.1/lib/python3.12/site-packages/airflow/example_dags/example_sensors.py
[2026-05-06T23:42:23.727+0000] {logging_mixin.py:188} INFO - [2026-05-06T23:42:23.726+0000] {dag.py:3096} INFO - Sync 1 DAGs
[2026-05-06T23:42:23.736+0000] {logging_mixin.py:188} INFO - [2026-05-06T23:42:23.736+0000] {dag.py:3954} INFO - Setting next_dagrun for example_sensors to None, run_after=None
[2026-05-06T23:42:23.773+0000] {processor.py:183} INFO - Processing /usr/local/python/3.12.1/lib/python3.12/site-packages/airflow/example_dags/example_sensors.py took 0.078 seconds
[2026-05-06T23:43:06.082+0000] {processor.py:161} INFO - Started process (PID=26076) to work on /usr/local/python/3.12.1/lib/python3.12/site-packages/airflow/example_dags/example_sensors.py
[2026-05-06T23:43:06.082+0000] {processor.py:830} INFO - Processing file /usr/local/python/3.12.1/lib/python3.12/site-packages/airflow/example_dags/example_sensors.py for tasks to queue
[2026-05-06T23:43:06.084+0000] {logging_mixin.py:188} INFO - [2026-05-06T23:43:06.083+0000] {dagbag.py:545} INFO - Filling up the DagBag from /usr/local/python/3.12.1/lib/python3.12/site-packages/airflow/example_dags/example_sensors.py
[2026-05-06T23:43:06.091+0000] {processor.py:840} INFO - DAG(s) 'example_sensors' retrieved from /usr/local/python/3.12.1/lib/python3.12/site-packages/airflow/example_dags/example_sensors.py
[2026-05-06T23:43:06.108+0000] {logging_mixin.py:188} INFO - [2026-05-06T23:43:06.108+0000] {dag.py:3096} INFO - Sync 1 DAGs
[2026-05-06T23:43:06.119+0000] {logging_mixin.py:188} INFO - [2026-05-06T23:43:06.119+0000] {dag.py:3954} INFO - Setting next_dagrun for example_sensors to None, run_after=None
[2026-05-06T23:43:06.138+0000] {processor.py:183} INFO - Processing /usr/local/python/3.12.1/lib/python3.12/site-packages/airflow/example_dags/example_sensors.py took 0.062 seconds
[2026-05-06T23:43:47.268+0000] {processor.py:161} INFO - Started process (PID=26391) to work on /usr/local/python/3.12.1/lib/python3.12/site-packages/airflow/example_dags/example_sensors.py
[2026-05-06T23:43:47.269+0000] {processor.py:830} INFO - Processing file /usr/local/python/3.12.1/lib/python3.12/site-packages/airflow/example_dags/example_sensors.py for tasks to queue
[2026-05-06T23:43:47.271+0000] {logging_mixin.py:188} INFO - [2026-05-06T23:43:47.270+0000] {dagbag.py:545} INFO - Filling up the DagBag from /usr/local/python/3.12.1/lib/python3.12/site-packages/airflow/example_dags/example_sensors.py
[2026-05-06T23:43:47.278+0000] {processor.py:840} INFO - DAG(s) 'example_sensors' retrieved from /usr/local/python/3.12.1/lib/python3.12/site-packages/airflow/example_dags/example_sensors.py
[2026-05-06T23:43:47.295+0000] {logging_mixin.py:188} INFO - [2026-05-06T23:43:47.295+0000] {dag.py:3096} INFO - Sync 1 DAGs
[2026-05-06T23:43:47.305+0000] {logging_mixin.py:188} INFO - [2026-05-06T23:43:47.304+0000] {dag.py:3954} INFO - Setting next_dagrun for example_sensors to None, run_after=None
[2026-05-06T23:43:47.322+0000] {processor.py:183} INFO - Processing /usr/local/python/3.12.1/lib/python3.12/site-packages/airflow/example_dags/example_sensors.py took 0.058 seconds
[2026-05-06T23:44:44.369+0000] {processor.py:161} INFO - Started process (PID=26829) to work on /usr/local/python/3.12.1/lib/python3.12/site-packages/airflow/example_dags/example_sensors.py
[2026-05-06T23:44:44.370+0000] {processor.py:830} INFO - Processing file /usr/local/python/3.12.1/lib/python3.12/site-packages/airflow/example_dags/example_sensors.py for tasks to queue
[2026-05-06T23:44:44.371+0000] {logging_mixin.py:188} INFO - [2026-05-06T23:44:44.371+0000] {dagbag.py:545} INFO - Filling up the DagBag from /usr/local/python/3.12.1/lib/python3.12/site-packages/airflow/example_dags/example_sensors.py
[2026-05-06T23:44:44.379+0000] {processor.py:840} INFO - DAG(s) 'example_sensors' retrieved from /usr/local/python/3.12.1/lib/python3.12/site-packages/airflow/example_dags/example_sensors.py
[2026-05-06T23:44:44.395+0000] {logging_mixin.py:188} INFO - [2026-05-06T23:44:44.395+0000] {dag.py:3096} INFO - Sync 1 DAGs
[2026-05-06T23:44:44.404+0000] {logging_mixin.py:188} INFO - [2026-05-06T23:44:44.404+0000] {dag.py:3954} INFO - Setting next_dagrun for example_sensors to None, run_after=None
[2026-05-06T23:44:44.421+0000] {processor.py:183} INFO - Processing /usr/local/python/3.12.1/lib/python3.12/site-packages/airflow/example_dags/example_sensors.py took 0.057 seconds
[2026-05-06T23:45:40.847+0000] {processor.py:161} INFO - Started process (PID=27276) to work on /usr/local/python/3.12.1/lib/python3.12/site-packages/airflow/example_dags/example_sensors.py
[2026-05-06T23:45:40.848+0000] {processor.py:830} INFO - Processing file /usr/local/python/3.12.1/lib/python3.12/site-packages/airflow/example_dags/example_sensors.py for tasks to queue
[2026-05-06T23:45:40.849+0000] {logging_mixin.py:188} INFO - [2026-05-06T23:45:40.849+0000] {dagbag.py:545} INFO - Filling up the DagBag from /usr/local/python/3.12.1/lib/python3.12/site-packages/airflow/example_dags/example_sensors.py
[2026-05-06T23:45:40.856+0000] {processor.py:840} INFO - DAG(s) 'example_sensors' retrieved from /usr/local/python/3.12.1/lib/python3.12/site-packages/airflow/example_dags/example_sensors.py
[2026-05-06T23:45:40.873+0000] {logging_mixin.py:188} INFO - [2026-05-06T23:45:40.872+0000] {dag.py:3096} INFO - Sync 1 DAGs
[2026-05-06T23:45:40.882+0000] {logging_mixin.py:188} INFO - [2026-05-06T23:45:40.881+0000] {dag.py:3954} INFO - Setting next_dagrun for example_sensors to None, run_after=None
[2026-05-06T23:45:40.898+0000] {processor.py:183} INFO - Processing /usr/local/python/3.12.1/lib/python3.12/site-packages/airflow/example_dags/example_sensors.py took 0.057 seconds
[2026-05-06T23:46:23.893+0000] {processor.py:161} INFO - Started process (PID=27606) to work on /usr/local/python/3.12.1/lib/python3.12/site-packages/airflow/example_dags/example_sensors.py
[2026-05-06T23:46:23.895+0000] {processor.py:830} INFO - Processing file /usr/local/python/3.12.1/lib/python3.12/site-packages/airflow/example_dags/example_sensors.py for tasks to queue
[2026-05-06T23:46:23.897+0000] {logging_mixin.py:188} INFO - [2026-05-06T23:46:23.896+0000] {dagbag.py:545} INFO - Filling up the DagBag from /usr/local/python/3.12.1/lib/python3.12/site-packages/airflow/example_dags/example_sensors.py
[2026-05-06T23:46:23.904+0000] {processor.py:840} INFO - DAG(s) 'example_sensors' retrieved from /usr/local/python/3.12.1/lib/python3.12/site-packages/airflow/example_dags/example_sensors.py
[2026-05-06T23:46:23.921+0000] {logging_mixin.py:188} INFO - [2026-05-06T23:46:23.921+0000] {dag.py:3096} INFO - Sync 1 DAGs
[2026-05-06T23:46:23.930+0000] {logging_mixin.py:188} INFO - [2026-05-06T23:46:23.930+0000] {dag.py:3954} INFO - Setting next_dagrun for example_sensors to None, run_after=None
[2026-05-06T23:46:23.953+0000] {processor.py:183} INFO - Processing /usr/local/python/3.12.1/lib/python3.12/site-packages/airflow/example_dags/example_sensors.py took 0.065 seconds
[2026-05-06T23:47:20.392+0000] {processor.py:161} INFO - Started process (PID=28057) to work on /usr/local/python/3.12.1/lib/python3.12/site-packages/airflow/example_dags/example_sensors.py
[2026-05-06T23:47:20.394+0000] {processor.py:830} INFO - Processing file /usr/local/python/3.12.1/lib/python3.12/site-packages/airflow/example_dags/example_sensors.py for tasks to queue
[2026-05-06T23:47:20.396+0000] {logging_mixin.py:188} INFO - [2026-05-06T23:47:20.396+0000] {dagbag.py:545} INFO - Filling up the DagBag from /usr/local/python/3.12.1/lib/python3.12/site-packages/airflow/example_dags/example_sensors.py
[2026-05-06T23:47:20.407+0000] {processor.py:840} INFO - DAG(s) 'example_sensors' retrieved from /usr/local/python/3.12.1/lib/python3.12/site-packages/airflow/example_dags/example_sensors.py
[2026-05-06T23:47:20.433+0000] {logging_mixin.py:188} INFO - [2026-05-06T23:47:20.433+0000] {dag.py:3096} INFO - Sync 1 DAGs
[2026-05-06T23:47:20.447+0000] {logging_mixin.py:188} INFO - [2026-05-06T23:47:20.446+0000] {dag.py:3954} INFO - Setting next_dagrun for example_sensors to None, run_after=None
[2026-05-06T23:47:20.472+0000] {processor.py:183} INFO - Processing /usr/local/python/3.12.1/lib/python3.12/site-packages/airflow/example_dags/example_sensors.py took 0.087 seconds
[2026-05-06T23:48:03.351+0000] {processor.py:161} INFO - Started process (PID=28389) to work on /usr/local/python/3.12.1/lib/python3.12/site-packages/airflow/example_dags/example_sensors.py
[2026-05-06T23:48:03.352+0000] {processor.py:830} INFO - Processing file /usr/local/python/3.12.1/lib/python3.12/site-packages/airflow/example_dags/example_sensors.py for tasks to queue
[2026-05-06T23:48:03.354+0000] {logging_mixin.py:188} INFO - [2026-05-06T23:48:03.353+0000] {dagbag.py:545} INFO - Filling up the DagBag from /usr/local/python/3.12.1/lib/python3.12/site-packages/airflow/example_dags/example_sensors.py
[2026-05-06T23:48:03.361+0000] {processor.py:840} INFO - DAG(s) 'example_sensors' retrieved from /usr/local/python/3.12.1/lib/python3.12/site-packages/airflow/example_dags/example_sensors.py
[2026-05-06T23:48:03.377+0000] {logging_mixin.py:188} INFO - [2026-05-06T23:48:03.377+0000] {dag.py:3096} INFO - Sync 1 DAGs
[2026-05-06T23:48:03.387+0000] {logging_mixin.py:188} INFO - [2026-05-06T23:48:03.386+0000] {dag.py:3954} INFO - Setting next_dagrun for example_sensors to None, run_after=None
[2026-05-06T23:48:03.404+0000] {processor.py:183} INFO - Processing /usr/local/python/3.12.1/lib/python3.12/site-packages/airflow/example_dags/example_sensors.py took 0.059 seconds
[2026-05-06T23:49:03.100+0000] {processor.py:161} INFO - Started process (PID=28860) to work on /usr/local/python/3.12.1/lib/python3.12/site-packages/airflow/example_dags/example_sensors.py
[2026-05-06T23:49:03.101+0000] {processor.py:830} INFO - Processing file /usr/local/python/3.12.1/lib/python3.12/site-packages/airflow/example_dags/example_sensors.py for tasks to queue
[2026-05-06T23:49:03.102+0000] {logging_mixin.py:188} INFO - [2026-05-06T23:49:03.102+0000] {dagbag.py:545} INFO - Filling up the DagBag from /usr/local/python/3.12.1/lib/python3.12/site-packages/airflow/example_dags/example_sensors.py
[2026-05-06T23:49:03.109+0000] {processor.py:840} INFO - DAG(s) 'example_sensors' retrieved from /usr/local/python/3.12.1/lib/python3.12/site-packages/airflow/example_dags/example_sensors.py
[2026-05-06T23:49:03.127+0000] {logging_mixin.py:188} INFO - [2026-05-06T23:49:03.127+0000] {dag.py:3096} INFO - Sync 1 DAGs
[2026-05-06T23:49:03.136+0000] {logging_mixin.py:188} INFO - [2026-05-06T23:49:03.136+0000] {dag.py:3954} INFO - Setting next_dagrun for example_sensors to None, run_after=None
[2026-05-06T23:49:03.154+0000] {processor.py:183} INFO - Processing /usr/local/python/3.12.1/lib/python3.12/site-packages/airflow/example_dags/example_sensors.py took 0.060 seconds
[2026-05-06T23:49:58.359+0000] {processor.py:161} INFO - Started process (PID=29285) to work on /usr/local/python/3.12.1/lib/python3.12/site-packages/airflow/example_dags/example_sensors.py
[2026-05-06T23:49:58.359+0000] {processor.py:830} INFO - Processing file /usr/local/python/3.12.1/lib/python3.12/site-packages/airflow/example_dags/example_sensors.py for tasks to queue
[2026-05-06T23:49:58.361+0000] {logging_mixin.py:188} INFO - [2026-05-06T23:49:58.361+0000] {dagbag.py:545} INFO - Filling up the DagBag from /usr/local/python/3.12.1/lib/python3.12/site-packages/airflow/example_dags/example_sensors.py
[2026-05-06T23:49:58.369+0000] {processor.py:840} INFO - DAG(s) 'example_sensors' retrieved from /usr/local/python/3.12.1/lib/python3.12/site-packages/airflow/example_dags/example_sensors.py
[2026-05-06T23:49:58.386+0000] {logging_mixin.py:188} INFO - [2026-05-06T23:49:58.386+0000] {dag.py:3096} INFO - Sync 1 DAGs
[2026-05-06T23:49:58.396+0000] {logging_mixin.py:188} INFO - [2026-05-06T23:49:58.396+0000] {dag.py:3954} INFO - Setting next_dagrun for example_sensors to None, run_after=None
[2026-05-06T23:49:58.415+0000] {processor.py:183} INFO - Processing /usr/local/python/3.12.1/lib/python3.12/site-packages/airflow/example_dags/example_sensors.py took 0.061 seconds
[2026-05-06T23:50:57.173+0000] {processor.py:161} INFO - Started process (PID=29745) to work on /usr/local/python/3.12.1/lib/python3.12/site-packages/airflow/example_dags/example_sensors.py
[2026-05-06T23:50:57.174+0000] {processor.py:830} INFO - Processing file /usr/local/python/3.12.1/lib/python3.12/site-packages/airflow/example_dags/example_sensors.py for tasks to queue
[2026-05-06T23:50:57.176+0000] {logging_mixin.py:188} INFO - [2026-05-06T23:50:57.175+0000] {dagbag.py:545} INFO - Filling up the DagBag from /usr/local/python/3.12.1/lib/python3.12/site-packages/airflow/example_dags/example_sensors.py
[2026-05-06T23:50:57.183+0000] {processor.py:840} INFO - DAG(s) 'example_sensors' retrieved from /usr/local/python/3.12.1/lib/python3.12/site-packages/airflow/example_dags/example_sensors.py
[2026-05-06T23:50:57.202+0000] {logging_mixin.py:188} INFO - [2026-05-06T23:50:57.202+0000] {dag.py:3096} INFO - Sync 1 DAGs
[2026-05-06T23:50:57.212+0000] {logging_mixin.py:188} INFO - [2026-05-06T23:50:57.212+0000] {dag.py:3954} INFO - Setting next_dagrun for example_sensors to None, run_after=None
[2026-05-06T23:50:57.230+0000] {processor.py:183} INFO - Processing /usr/local/python/3.12.1/lib/python3.12/site-packages/airflow/example_dags/example_sensors.py took 0.062 seconds
[2026-05-06T23:51:50.629+0000] {processor.py:161} INFO - Started process (PID=30158) to work on /usr/local/python/3.12.1/lib/python3.12/site-packages/airflow/example_dags/example_sensors.py
[2026-05-06T23:51:50.630+0000] {processor.py:830} INFO - Processing file /usr/local/python/3.12.1/lib/python3.12/site-packages/airflow/example_dags/example_sensors.py for tasks to queue
[2026-05-06T23:51:50.631+0000] {logging_mixin.py:188} INFO - [2026-05-06T23:51:50.631+0000] {dagbag.py:545} INFO - Filling up the DagBag from /usr/local/python/3.12.1/lib/python3.12/site-packages/airflow/example_dags/example_sensors.py
[2026-05-06T23:51:50.641+0000] {processor.py:840} INFO - DAG(s) 'example_sensors' retrieved from /usr/local/python/3.12.1/lib/python3.12/site-packages/airflow/example_dags/example_sensors.py
[2026-05-06T23:51:50.667+0000] {logging_mixin.py:188} INFO - [2026-05-06T23:51:50.666+0000] {dag.py:3096} INFO - Sync 1 DAGs
[2026-05-06T23:51:50.677+0000] {logging_mixin.py:188} INFO - [2026-05-06T23:51:50.676+0000] {dag.py:3954} INFO - Setting next_dagrun for example_sensors to None, run_after=None
[2026-05-06T23:51:50.694+0000] {processor.py:183} INFO - Processing /usr/local/python/3.12.1/lib/python3.12/site-packages/airflow/example_dags/example_sensors.py took 0.070 seconds
[2026-05-06T23:52:48.132+0000] {processor.py:161} INFO - Started process (PID=30608) to work on /usr/local/python/3.12.1/lib/python3.12/site-packages/airflow/example_dags/example_sensors.py
[2026-05-06T23:52:48.132+0000] {processor.py:830} INFO - Processing file /usr/local/python/3.12.1/lib/python3.12/site-packages/airflow/example_dags/example_sensors.py for tasks to queue
[2026-05-06T23:52:48.134+0000] {logging_mixin.py:188} INFO - [2026-05-06T23:52:48.134+0000] {dagbag.py:545} INFO - Filling up the DagBag from /usr/local/python/3.12.1/lib/python3.12/site-packages/airflow/example_dags/example_sensors.py
[2026-05-06T23:52:48.144+0000] {processor.py:840} INFO - DAG(s) 'example_sensors' retrieved from /usr/local/python/3.12.1/lib/python3.12/site-packages/airflow/example_dags/example_sensors.py
[2026-05-06T23:52:48.164+0000] {logging_mixin.py:188} INFO - [2026-05-06T23:52:48.164+0000] {dag.py:3096} INFO - Sync 1 DAGs
[2026-05-06T23:52:48.174+0000] {logging_mixin.py:188} INFO - [2026-05-06T23:52:48.174+0000] {dag.py:3954} INFO - Setting next_dagrun for example_sensors to None, run_after=None
[2026-05-06T23:52:48.193+0000] {processor.py:183} INFO - Processing /usr/local/python/3.12.1/lib/python3.12/site-packages/airflow/example_dags/example_sensors.py took 0.066 seconds
[2026-05-06T23:53:29.283+0000] {processor.py:161} INFO - Started process (PID=30931) to work on /usr/local/python/3.12.1/lib/python3.12/site-packages/airflow/example_dags/example_sensors.py
[2026-05-06T23:53:29.283+0000] {processor.py:830} INFO - Processing file /usr/local/python/3.12.1/lib/python3.12/site-packages/airflow/example_dags/example_sensors.py for tasks to queue
[2026-05-06T23:53:29.285+0000] {logging_mixin.py:188} INFO - [2026-05-06T23:53:29.284+0000] {dagbag.py:545} INFO - Filling up the DagBag from /usr/local/python/3.12.1/lib/python3.12/site-packages/airflow/example_dags/example_sensors.py
[2026-05-06T23:53:29.292+0000] {processor.py:840} INFO - DAG(s) 'example_sensors' retrieved from /usr/local/python/3.12.1/lib/python3.12/site-packages/airflow/example_dags/example_sensors.py
[2026-05-06T23:53:29.309+0000] {logging_mixin.py:188} INFO - [2026-05-06T23:53:29.309+0000] {dag.py:3096} INFO - Sync 1 DAGs
[2026-05-06T23:53:29.320+0000] {logging_mixin.py:188} INFO - [2026-05-06T23:53:29.320+0000] {dag.py:3954} INFO - Setting next_dagrun for example_sensors to None, run_after=None
[2026-05-06T23:53:29.345+0000] {processor.py:183} INFO - Processing /usr/local/python/3.12.1/lib/python3.12/site-packages/airflow/example_dags/example_sensors.py took 0.067 seconds
[2026-05-06T23:54:28.441+0000] {processor.py:161} INFO - Started process (PID=31396) to work on /usr/local/python/3.12.1/lib/python3.12/site-packages/airflow/example_dags/example_sensors.py
[2026-05-06T23:54:28.442+0000] {processor.py:830} INFO - Processing file /usr/local/python/3.12.1/lib/python3.12/site-packages/airflow/example_dags/example_sensors.py for tasks to queue
[2026-05-06T23:54:28.444+0000] {logging_mixin.py:188} INFO - [2026-05-06T23:54:28.443+0000] {dagbag.py:545} INFO - Filling up the DagBag from /usr/local/python/3.12.1/lib/python3.12/site-packages/airflow/example_dags/example_sensors.py
[2026-05-06T23:54:28.455+0000] {processor.py:840} INFO - DAG(s) 'example_sensors' retrieved from /usr/local/python/3.12.1/lib/python3.12/site-packages/airflow/example_dags/example_sensors.py
[2026-05-06T23:54:28.474+0000] {logging_mixin.py:188} INFO - [2026-05-06T23:54:28.473+0000] {dag.py:3096} INFO - Sync 1 DAGs
[2026-05-06T23:54:28.483+0000] {logging_mixin.py:188} INFO - [2026-05-06T23:54:28.483+0000] {dag.py:3954} INFO - Setting next_dagrun for example_sensors to None, run_after=None
[2026-05-06T23:54:28.501+0000] {processor.py:183} INFO - Processing /usr/local/python/3.12.1/lib/python3.12/site-packages/airflow/example_dags/example_sensors.py took 0.067 seconds
[2026-05-06T23:55:25.533+0000] {processor.py:161} INFO - Started process (PID=31907) to work on /usr/local/python/3.12.1/lib/python3.12/site-packages/airflow/example_dags/example_sensors.py
[2026-05-06T23:55:25.534+0000] {processor.py:830} INFO - Processing file /usr/local/python/3.12.1/lib/python3.12/site-packages/airflow/example_dags/example_sensors.py for tasks to queue
[2026-05-06T23:55:25.535+0000] {logging_mixin.py:188} INFO - [2026-05-06T23:55:25.535+0000] {dagbag.py:545} INFO - Filling up the DagBag from /usr/local/python/3.12.1/lib/python3.12/site-packages/airflow/example_dags/example_sensors.py
[2026-05-06T23:55:25.543+0000] {processor.py:840} INFO - DAG(s) 'example_sensors' retrieved from /usr/local/python/3.12.1/lib/python3.12/site-packages/airflow/example_dags/example_sensors.py
[2026-05-06T23:55:25.561+0000] {logging_mixin.py:188} INFO - [2026-05-06T23:55:25.561+0000] {dag.py:3096} INFO - Sync 1 DAGs
[2026-05-06T23:55:25.573+0000] {logging_mixin.py:188} INFO - [2026-05-06T23:55:25.572+0000] {dag.py:3954} INFO - Setting next_dagrun for example_sensors to None, run_after=None
[2026-05-06T23:55:25.592+0000] {processor.py:183} INFO - Processing /usr/local/python/3.12.1/lib/python3.12/site-packages/airflow/example_dags/example_sensors.py took 0.064 seconds
[2026-05-06T23:56:07.489+0000] {processor.py:161} INFO - Started process (PID=32229) to work on /usr/local/python/3.12.1/lib/python3.12/site-packages/airflow/example_dags/example_sensors.py
[2026-05-06T23:56:07.490+0000] {processor.py:830} INFO - Processing file /usr/local/python/3.12.1/lib/python3.12/site-packages/airflow/example_dags/example_sensors.py for tasks to queue
[2026-05-06T23:56:07.491+0000] {logging_mixin.py:188} INFO - [2026-05-06T23:56:07.491+0000] {dagbag.py:545} INFO - Filling up the DagBag from /usr/local/python/3.12.1/lib/python3.12/site-packages/airflow/example_dags/example_sensors.py
[2026-05-06T23:56:07.499+0000] {processor.py:840} INFO - DAG(s) 'example_sensors' retrieved from /usr/local/python/3.12.1/lib/python3.12/site-packages/airflow/example_dags/example_sensors.py
[2026-05-06T23:56:07.515+0000] {logging_mixin.py:188} INFO - [2026-05-06T23:56:07.515+0000] {dag.py:3096} INFO - Sync 1 DAGs
[2026-05-06T23:56:07.525+0000] {logging_mixin.py:188} INFO - [2026-05-06T23:56:07.524+0000] {dag.py:3954} INFO - Setting next_dagrun for example_sensors to None, run_after=None
[2026-05-06T23:56:07.541+0000] {processor.py:183} INFO - Processing /usr/local/python/3.12.1/lib/python3.12/site-packages/airflow/example_dags/example_sensors.py took 0.057 seconds
[2026-05-06T23:57:01.529+0000] {processor.py:161} INFO - Started process (PID=32594) to work on /usr/local/python/3.12.1/lib/python3.12/site-packages/airflow/example_dags/example_sensors.py
[2026-05-06T23:57:01.530+0000] {processor.py:830} INFO - Processing file /usr/local/python/3.12.1/lib/python3.12/site-packages/airflow/example_dags/example_sensors.py for tasks to queue
[2026-05-06T23:57:01.531+0000] {logging_mixin.py:188} INFO - [2026-05-06T23:57:01.531+0000] {dagbag.py:545} INFO - Filling up the DagBag from /usr/local/python/3.12.1/lib/python3.12/site-packages/airflow/example_dags/example_sensors.py
[2026-05-06T23:57:01.539+0000] {processor.py:840} INFO - DAG(s) 'example_sensors' retrieved from /usr/local/python/3.12.1/lib/python3.12/site-packages/airflow/example_dags/example_sensors.py
[2026-05-06T23:57:01.559+0000] {logging_mixin.py:188} INFO - [2026-05-06T23:57:01.559+0000] {dag.py:3096} INFO - Sync 1 DAGs
[2026-05-06T23:57:01.569+0000] {logging_mixin.py:188} INFO - [2026-05-06T23:57:01.568+0000] {dag.py:3954} INFO - Setting next_dagrun for example_sensors to None, run_after=None
[2026-05-06T23:57:01.585+0000] {processor.py:183} INFO - Processing /usr/local/python/3.12.1/lib/python3.12/site-packages/airflow/example_dags/example_sensors.py took 0.061 seconds
[2026-05-06T23:57:56.291+0000] {processor.py:161} INFO - Started process (PID=32858) to work on /usr/local/python/3.12.1/lib/python3.12/site-packages/airflow/example_dags/example_sensors.py
[2026-05-06T23:57:56.292+0000] {processor.py:830} INFO - Processing file /usr/local/python/3.12.1/lib/python3.12/site-packages/airflow/example_dags/example_sensors.py for tasks to queue
[2026-05-06T23:57:56.293+0000] {logging_mixin.py:188} INFO - [2026-05-06T23:57:56.293+0000] {dagbag.py:545} INFO - Filling up the DagBag from /usr/local/python/3.12.1/lib/python3.12/site-packages/airflow/example_dags/example_sensors.py
[2026-05-06T23:57:56.300+0000] {processor.py:840} INFO - DAG(s) 'example_sensors' retrieved from /usr/local/python/3.12.1/lib/python3.12/site-packages/airflow/example_dags/example_sensors.py
[2026-05-06T23:57:56.317+0000] {logging_mixin.py:188} INFO - [2026-05-06T23:57:56.317+0000] {dag.py:3096} INFO - Sync 1 DAGs
[2026-05-06T23:57:56.327+0000] {logging_mixin.py:188} INFO - [2026-05-06T23:57:56.327+0000] {dag.py:3954} INFO - Setting next_dagrun for example_sensors to None, run_after=None
[2026-05-06T23:57:56.348+0000] {processor.py:183} INFO - Processing /usr/local/python/3.12.1/lib/python3.12/site-packages/airflow/example_dags/example_sensors.py took 0.062 seconds
[2026-05-06T23:58:36.608+0000] {processor.py:161} INFO - Started process (PID=33052) to work on /usr/local/python/3.12.1/lib/python3.12/site-packages/airflow/example_dags/example_sensors.py
[2026-05-06T23:58:36.608+0000] {processor.py:830} INFO - Processing file /usr/local/python/3.12.1/lib/python3.12/site-packages/airflow/example_dags/example_sensors.py for tasks to queue
[2026-05-06T23:58:36.610+0000] {logging_mixin.py:188} INFO - [2026-05-06T23:58:36.609+0000] {dagbag.py:545} INFO - Filling up the DagBag from /usr/local/python/3.12.1/lib/python3.12/site-packages/airflow/example_dags/example_sensors.py
[2026-05-06T23:58:36.617+0000] {processor.py:840} INFO - DAG(s) 'example_sensors' retrieved from /usr/local/python/3.12.1/lib/python3.12/site-packages/airflow/example_dags/example_sensors.py
[2026-05-06T23:58:36.635+0000] {logging_mixin.py:188} INFO - [2026-05-06T23:58:36.634+0000] {dag.py:3096} INFO - Sync 1 DAGs
[2026-05-06T23:58:36.649+0000] {logging_mixin.py:188} INFO - [2026-05-06T23:58:36.649+0000] {dag.py:3954} INFO - Setting next_dagrun for example_sensors to None, run_after=None
[2026-05-06T23:58:36.670+0000] {processor.py:183} INFO - Processing /usr/local/python/3.12.1/lib/python3.12/site-packages/airflow/example_dags/example_sensors.py took 0.068 seconds
[2026-05-06T23:59:19.367+0000] {processor.py:161} INFO - Started process (PID=33276) to work on /usr/local/python/3.12.1/lib/python3.12/site-packages/airflow/example_dags/example_sensors.py
[2026-05-06T23:59:19.368+0000] {processor.py:830} INFO - Processing file /usr/local/python/3.12.1/lib/python3.12/site-packages/airflow/example_dags/example_sensors.py for tasks to queue
[2026-05-06T23:59:19.370+0000] {logging_mixin.py:188} INFO - [2026-05-06T23:59:19.369+0000] {dagbag.py:545} INFO - Filling up the DagBag from /usr/local/python/3.12.1/lib/python3.12/site-packages/airflow/example_dags/example_sensors.py
[2026-05-06T23:59:19.377+0000] {processor.py:840} INFO - DAG(s) 'example_sensors' retrieved from /usr/local/python/3.12.1/lib/python3.12/site-packages/airflow/example_dags/example_sensors.py
[2026-05-06T23:59:19.395+0000] {logging_mixin.py:188} INFO - [2026-05-06T23:59:19.394+0000] {dag.py:3096} INFO - Sync 1 DAGs
[2026-05-06T23:59:19.405+0000] {logging_mixin.py:188} INFO - [2026-05-06T23:59:19.404+0000] {dag.py:3954} INFO - Setting next_dagrun for example_sensors to None, run_after=None
[2026-05-06T23:59:19.426+0000] {processor.py:183} INFO - Processing /usr/local/python/3.12.1/lib/python3.12/site-packages/airflow/example_dags/example_sensors.py took 0.064 seconds
