[2026-05-06T23:18:47.650+0000] {processor.py:161} INFO - Started process (PID=13205) to work on /usr/local/python/3.12.1/lib/python3.12/site-packages/airflow/example_dags/example_trigger_controller_dag.py
[2026-05-06T23:18:47.651+0000] {processor.py:830} INFO - Processing file /usr/local/python/3.12.1/lib/python3.12/site-packages/airflow/example_dags/example_trigger_controller_dag.py for tasks to queue
[2026-05-06T23:18:47.652+0000] {logging_mixin.py:188} INFO - [2026-05-06T23:18:47.652+0000] {dagbag.py:545} INFO - Filling up the DagBag from /usr/local/python/3.12.1/lib/python3.12/site-packages/airflow/example_dags/example_trigger_controller_dag.py
[2026-05-06T23:18:47.657+0000] {processor.py:840} INFO - DAG(s) 'example_trigger_controller_dag' retrieved from /usr/local/python/3.12.1/lib/python3.12/site-packages/airflow/example_dags/example_trigger_controller_dag.py
[2026-05-06T23:18:47.760+0000] {logging_mixin.py:188} INFO - [2026-05-06T23:18:47.760+0000] {override.py:1829} INFO - Created Permission View: can delete on DAG:example_trigger_controller_dag
[2026-05-06T23:18:47.768+0000] {logging_mixin.py:188} INFO - [2026-05-06T23:18:47.767+0000] {override.py:1829} INFO - Created Permission View: can edit on DAG:example_trigger_controller_dag
[2026-05-06T23:18:47.773+0000] {logging_mixin.py:188} INFO - [2026-05-06T23:18:47.772+0000] {override.py:1829} INFO - Created Permission View: can read on DAG:example_trigger_controller_dag
[2026-05-06T23:18:47.773+0000] {logging_mixin.py:188} INFO - [2026-05-06T23:18:47.773+0000] {dag.py:3096} INFO - Sync 1 DAGs
[2026-05-06T23:18:47.780+0000] {logging_mixin.py:188} INFO - [2026-05-06T23:18:47.780+0000] {dag.py:3118} INFO - Creating ORM DAG for example_trigger_controller_dag
[2026-05-06T23:18:47.786+0000] {logging_mixin.py:188} INFO - [2026-05-06T23:18:47.786+0000] {dag.py:3954} INFO - Setting next_dagrun for example_trigger_controller_dag to 2021-01-01 00:00:00+00:00, run_after=2021-01-01 00:00:00+00:00
[2026-05-06T23:18:47.800+0000] {processor.py:183} INFO - Processing /usr/local/python/3.12.1/lib/python3.12/site-packages/airflow/example_dags/example_trigger_controller_dag.py took 0.154 seconds
[2026-05-06T23:19:38.706+0000] {processor.py:161} INFO - Started process (PID=13604) to work on /usr/local/python/3.12.1/lib/python3.12/site-packages/airflow/example_dags/example_trigger_controller_dag.py
[2026-05-06T23:19:38.707+0000] {processor.py:830} INFO - Processing file /usr/local/python/3.12.1/lib/python3.12/site-packages/airflow/example_dags/example_trigger_controller_dag.py for tasks to queue
[2026-05-06T23:19:38.708+0000] {logging_mixin.py:188} INFO - [2026-05-06T23:19:38.708+0000] {dagbag.py:545} INFO - Filling up the DagBag from /usr/local/python/3.12.1/lib/python3.12/site-packages/airflow/example_dags/example_trigger_controller_dag.py
[2026-05-06T23:19:38.712+0000] {processor.py:840} INFO - DAG(s) 'example_trigger_controller_dag' retrieved from /usr/local/python/3.12.1/lib/python3.12/site-packages/airflow/example_dags/example_trigger_controller_dag.py
[2026-05-06T23:19:38.724+0000] {logging_mixin.py:188} INFO - [2026-05-06T23:19:38.724+0000] {dag.py:3096} INFO - Sync 1 DAGs
[2026-05-06T23:19:38.738+0000] {logging_mixin.py:188} INFO - [2026-05-06T23:19:38.738+0000] {dag.py:3954} INFO - Setting next_dagrun for example_trigger_controller_dag to 2021-01-01 00:00:00+00:00, run_after=2021-01-01 00:00:00+00:00
[2026-05-06T23:19:38.755+0000] {processor.py:183} INFO - Processing /usr/local/python/3.12.1/lib/python3.12/site-packages/airflow/example_dags/example_trigger_controller_dag.py took 0.053 seconds
[2026-05-06T23:20:19.694+0000] {processor.py:161} INFO - Started process (PID=14029) to work on /usr/local/python/3.12.1/lib/python3.12/site-packages/airflow/example_dags/example_trigger_controller_dag.py
[2026-05-06T23:20:19.695+0000] {processor.py:830} INFO - Processing file /usr/local/python/3.12.1/lib/python3.12/site-packages/airflow/example_dags/example_trigger_controller_dag.py for tasks to queue
[2026-05-06T23:20:19.696+0000] {logging_mixin.py:188} INFO - [2026-05-06T23:20:19.696+0000] {dagbag.py:545} INFO - Filling up the DagBag from /usr/local/python/3.12.1/lib/python3.12/site-packages/airflow/example_dags/example_trigger_controller_dag.py
[2026-05-06T23:20:19.700+0000] {processor.py:840} INFO - DAG(s) 'example_trigger_controller_dag' retrieved from /usr/local/python/3.12.1/lib/python3.12/site-packages/airflow/example_dags/example_trigger_controller_dag.py
[2026-05-06T23:20:19.712+0000] {logging_mixin.py:188} INFO - [2026-05-06T23:20:19.712+0000] {dag.py:3096} INFO - Sync 1 DAGs
[2026-05-06T23:20:19.725+0000] {logging_mixin.py:188} INFO - [2026-05-06T23:20:19.725+0000] {dag.py:3954} INFO - Setting next_dagrun for example_trigger_controller_dag to 2021-01-01 00:00:00+00:00, run_after=2021-01-01 00:00:00+00:00
[2026-05-06T23:20:19.742+0000] {processor.py:183} INFO - Processing /usr/local/python/3.12.1/lib/python3.12/site-packages/airflow/example_dags/example_trigger_controller_dag.py took 0.052 seconds
[2026-05-06T23:20:59.651+0000] {processor.py:161} INFO - Started process (PID=14334) to work on /usr/local/python/3.12.1/lib/python3.12/site-packages/airflow/example_dags/example_trigger_controller_dag.py
[2026-05-06T23:20:59.652+0000] {processor.py:830} INFO - Processing file /usr/local/python/3.12.1/lib/python3.12/site-packages/airflow/example_dags/example_trigger_controller_dag.py for tasks to queue
[2026-05-06T23:20:59.654+0000] {logging_mixin.py:188} INFO - [2026-05-06T23:20:59.653+0000] {dagbag.py:545} INFO - Filling up the DagBag from /usr/local/python/3.12.1/lib/python3.12/site-packages/airflow/example_dags/example_trigger_controller_dag.py
[2026-05-06T23:20:59.658+0000] {processor.py:840} INFO - DAG(s) 'example_trigger_controller_dag' retrieved from /usr/local/python/3.12.1/lib/python3.12/site-packages/airflow/example_dags/example_trigger_controller_dag.py
[2026-05-06T23:20:59.670+0000] {logging_mixin.py:188} INFO - [2026-05-06T23:20:59.670+0000] {dag.py:3096} INFO - Sync 1 DAGs
[2026-05-06T23:20:59.684+0000] {logging_mixin.py:188} INFO - [2026-05-06T23:20:59.684+0000] {dag.py:3954} INFO - Setting next_dagrun for example_trigger_controller_dag to 2021-01-01 00:00:00+00:00, run_after=2021-01-01 00:00:00+00:00
[2026-05-06T23:20:59.700+0000] {processor.py:183} INFO - Processing /usr/local/python/3.12.1/lib/python3.12/site-packages/airflow/example_dags/example_trigger_controller_dag.py took 0.053 seconds
[2026-05-06T23:21:39.878+0000] {processor.py:161} INFO - Started process (PID=14749) to work on /usr/local/python/3.12.1/lib/python3.12/site-packages/airflow/example_dags/example_trigger_controller_dag.py
[2026-05-06T23:21:39.878+0000] {processor.py:830} INFO - Processing file /usr/local/python/3.12.1/lib/python3.12/site-packages/airflow/example_dags/example_trigger_controller_dag.py for tasks to queue
[2026-05-06T23:21:39.880+0000] {logging_mixin.py:188} INFO - [2026-05-06T23:21:39.879+0000] {dagbag.py:545} INFO - Filling up the DagBag from /usr/local/python/3.12.1/lib/python3.12/site-packages/airflow/example_dags/example_trigger_controller_dag.py
[2026-05-06T23:21:39.884+0000] {processor.py:840} INFO - DAG(s) 'example_trigger_controller_dag' retrieved from /usr/local/python/3.12.1/lib/python3.12/site-packages/airflow/example_dags/example_trigger_controller_dag.py
[2026-05-06T23:21:39.896+0000] {logging_mixin.py:188} INFO - [2026-05-06T23:21:39.895+0000] {dag.py:3096} INFO - Sync 1 DAGs
[2026-05-06T23:21:39.909+0000] {logging_mixin.py:188} INFO - [2026-05-06T23:21:39.909+0000] {dag.py:3954} INFO - Setting next_dagrun for example_trigger_controller_dag to 2021-01-01 00:00:00+00:00, run_after=2021-01-01 00:00:00+00:00
[2026-05-06T23:21:39.926+0000] {processor.py:183} INFO - Processing /usr/local/python/3.12.1/lib/python3.12/site-packages/airflow/example_dags/example_trigger_controller_dag.py took 0.053 seconds
[2026-05-06T23:22:21.335+0000] {processor.py:161} INFO - Started process (PID=15065) to work on /usr/local/python/3.12.1/lib/python3.12/site-packages/airflow/example_dags/example_trigger_controller_dag.py
[2026-05-06T23:22:21.336+0000] {processor.py:830} INFO - Processing file /usr/local/python/3.12.1/lib/python3.12/site-packages/airflow/example_dags/example_trigger_controller_dag.py for tasks to queue
[2026-05-06T23:22:21.338+0000] {logging_mixin.py:188} INFO - [2026-05-06T23:22:21.337+0000] {dagbag.py:545} INFO - Filling up the DagBag from /usr/local/python/3.12.1/lib/python3.12/site-packages/airflow/example_dags/example_trigger_controller_dag.py
[2026-05-06T23:22:21.342+0000] {processor.py:840} INFO - DAG(s) 'example_trigger_controller_dag' retrieved from /usr/local/python/3.12.1/lib/python3.12/site-packages/airflow/example_dags/example_trigger_controller_dag.py
[2026-05-06T23:22:21.354+0000] {logging_mixin.py:188} INFO - [2026-05-06T23:22:21.353+0000] {dag.py:3096} INFO - Sync 1 DAGs
[2026-05-06T23:22:21.368+0000] {logging_mixin.py:188} INFO - [2026-05-06T23:22:21.367+0000] {dag.py:3954} INFO - Setting next_dagrun for example_trigger_controller_dag to 2021-01-01 00:00:00+00:00, run_after=2021-01-01 00:00:00+00:00
[2026-05-06T23:22:21.383+0000] {processor.py:183} INFO - Processing /usr/local/python/3.12.1/lib/python3.12/site-packages/airflow/example_dags/example_trigger_controller_dag.py took 0.052 seconds
[2026-05-06T23:23:01.635+0000] {processor.py:161} INFO - Started process (PID=15476) to work on /usr/local/python/3.12.1/lib/python3.12/site-packages/airflow/example_dags/example_trigger_controller_dag.py
[2026-05-06T23:23:01.636+0000] {processor.py:830} INFO - Processing file /usr/local/python/3.12.1/lib/python3.12/site-packages/airflow/example_dags/example_trigger_controller_dag.py for tasks to queue
[2026-05-06T23:23:01.637+0000] {logging_mixin.py:188} INFO - [2026-05-06T23:23:01.637+0000] {dagbag.py:545} INFO - Filling up the DagBag from /usr/local/python/3.12.1/lib/python3.12/site-packages/airflow/example_dags/example_trigger_controller_dag.py
[2026-05-06T23:23:01.641+0000] {processor.py:840} INFO - DAG(s) 'example_trigger_controller_dag' retrieved from /usr/local/python/3.12.1/lib/python3.12/site-packages/airflow/example_dags/example_trigger_controller_dag.py
[2026-05-06T23:23:01.653+0000] {logging_mixin.py:188} INFO - [2026-05-06T23:23:01.653+0000] {dag.py:3096} INFO - Sync 1 DAGs
[2026-05-06T23:23:01.667+0000] {logging_mixin.py:188} INFO - [2026-05-06T23:23:01.667+0000] {dag.py:3954} INFO - Setting next_dagrun for example_trigger_controller_dag to 2021-01-01 00:00:00+00:00, run_after=2021-01-01 00:00:00+00:00
[2026-05-06T23:23:01.684+0000] {processor.py:183} INFO - Processing /usr/local/python/3.12.1/lib/python3.12/site-packages/airflow/example_dags/example_trigger_controller_dag.py took 0.054 seconds
[2026-05-06T23:23:50.151+0000] {processor.py:161} INFO - Started process (PID=16012) to work on /usr/local/python/3.12.1/lib/python3.12/site-packages/airflow/example_dags/example_trigger_controller_dag.py
[2026-05-06T23:23:50.152+0000] {processor.py:830} INFO - Processing file /usr/local/python/3.12.1/lib/python3.12/site-packages/airflow/example_dags/example_trigger_controller_dag.py for tasks to queue
[2026-05-06T23:23:50.153+0000] {logging_mixin.py:188} INFO - [2026-05-06T23:23:50.153+0000] {dagbag.py:545} INFO - Filling up the DagBag from /usr/local/python/3.12.1/lib/python3.12/site-packages/airflow/example_dags/example_trigger_controller_dag.py
[2026-05-06T23:23:50.157+0000] {processor.py:840} INFO - DAG(s) 'example_trigger_controller_dag' retrieved from /usr/local/python/3.12.1/lib/python3.12/site-packages/airflow/example_dags/example_trigger_controller_dag.py
[2026-05-06T23:23:50.169+0000] {logging_mixin.py:188} INFO - [2026-05-06T23:23:50.169+0000] {dag.py:3096} INFO - Sync 1 DAGs
[2026-05-06T23:23:50.183+0000] {logging_mixin.py:188} INFO - [2026-05-06T23:23:50.183+0000] {dag.py:3954} INFO - Setting next_dagrun for example_trigger_controller_dag to 2021-01-01 00:00:00+00:00, run_after=2021-01-01 00:00:00+00:00
[2026-05-06T23:23:50.199+0000] {processor.py:183} INFO - Processing /usr/local/python/3.12.1/lib/python3.12/site-packages/airflow/example_dags/example_trigger_controller_dag.py took 0.053 seconds
[2026-05-06T23:24:28.021+0000] {processor.py:161} INFO - Started process (PID=16569) to work on /usr/local/python/3.12.1/lib/python3.12/site-packages/airflow/example_dags/example_trigger_controller_dag.py
[2026-05-06T23:24:28.022+0000] {processor.py:830} INFO - Processing file /usr/local/python/3.12.1/lib/python3.12/site-packages/airflow/example_dags/example_trigger_controller_dag.py for tasks to queue
[2026-05-06T23:24:28.024+0000] {logging_mixin.py:188} INFO - [2026-05-06T23:24:28.024+0000] {dagbag.py:545} INFO - Filling up the DagBag from /usr/local/python/3.12.1/lib/python3.12/site-packages/airflow/example_dags/example_trigger_controller_dag.py
[2026-05-06T23:24:28.030+0000] {processor.py:840} INFO - DAG(s) 'example_trigger_controller_dag' retrieved from /usr/local/python/3.12.1/lib/python3.12/site-packages/airflow/example_dags/example_trigger_controller_dag.py
[2026-05-06T23:24:28.050+0000] {logging_mixin.py:188} INFO - [2026-05-06T23:24:28.050+0000] {dag.py:3096} INFO - Sync 1 DAGs
[2026-05-06T23:24:28.074+0000] {logging_mixin.py:188} INFO - [2026-05-06T23:24:28.073+0000] {dag.py:3954} INFO - Setting next_dagrun for example_trigger_controller_dag to 2021-01-01 00:00:00+00:00, run_after=2021-01-01 00:00:00+00:00
[2026-05-06T23:24:28.093+0000] {processor.py:183} INFO - Processing /usr/local/python/3.12.1/lib/python3.12/site-packages/airflow/example_dags/example_trigger_controller_dag.py took 0.081 seconds
[2026-05-06T23:25:05.062+0000] {processor.py:161} INFO - Started process (PID=16998) to work on /usr/local/python/3.12.1/lib/python3.12/site-packages/airflow/example_dags/example_trigger_controller_dag.py
[2026-05-06T23:25:05.062+0000] {processor.py:830} INFO - Processing file /usr/local/python/3.12.1/lib/python3.12/site-packages/airflow/example_dags/example_trigger_controller_dag.py for tasks to queue
[2026-05-06T23:25:05.064+0000] {logging_mixin.py:188} INFO - [2026-05-06T23:25:05.063+0000] {dagbag.py:545} INFO - Filling up the DagBag from /usr/local/python/3.12.1/lib/python3.12/site-packages/airflow/example_dags/example_trigger_controller_dag.py
[2026-05-06T23:25:05.068+0000] {processor.py:840} INFO - DAG(s) 'example_trigger_controller_dag' retrieved from /usr/local/python/3.12.1/lib/python3.12/site-packages/airflow/example_dags/example_trigger_controller_dag.py
[2026-05-06T23:25:05.080+0000] {logging_mixin.py:188} INFO - [2026-05-06T23:25:05.080+0000] {dag.py:3096} INFO - Sync 1 DAGs
[2026-05-06T23:25:05.094+0000] {logging_mixin.py:188} INFO - [2026-05-06T23:25:05.094+0000] {dag.py:3954} INFO - Setting next_dagrun for example_trigger_controller_dag to 2021-01-01 00:00:00+00:00, run_after=2021-01-01 00:00:00+00:00
[2026-05-06T23:25:05.111+0000] {processor.py:183} INFO - Processing /usr/local/python/3.12.1/lib/python3.12/site-packages/airflow/example_dags/example_trigger_controller_dag.py took 0.054 seconds
[2026-05-06T23:25:45.121+0000] {processor.py:161} INFO - Started process (PID=17349) to work on /usr/local/python/3.12.1/lib/python3.12/site-packages/airflow/example_dags/example_trigger_controller_dag.py
[2026-05-06T23:25:45.122+0000] {processor.py:830} INFO - Processing file /usr/local/python/3.12.1/lib/python3.12/site-packages/airflow/example_dags/example_trigger_controller_dag.py for tasks to queue
[2026-05-06T23:25:45.124+0000] {logging_mixin.py:188} INFO - [2026-05-06T23:25:45.123+0000] {dagbag.py:545} INFO - Filling up the DagBag from /usr/local/python/3.12.1/lib/python3.12/site-packages/airflow/example_dags/example_trigger_controller_dag.py
[2026-05-06T23:25:45.128+0000] {processor.py:840} INFO - DAG(s) 'example_trigger_controller_dag' retrieved from /usr/local/python/3.12.1/lib/python3.12/site-packages/airflow/example_dags/example_trigger_controller_dag.py
[2026-05-06T23:25:45.140+0000] {logging_mixin.py:188} INFO - [2026-05-06T23:25:45.140+0000] {dag.py:3096} INFO - Sync 1 DAGs
[2026-05-06T23:25:45.154+0000] {logging_mixin.py:188} INFO - [2026-05-06T23:25:45.154+0000] {dag.py:3954} INFO - Setting next_dagrun for example_trigger_controller_dag to 2021-01-01 00:00:00+00:00, run_after=2021-01-01 00:00:00+00:00
[2026-05-06T23:25:45.170+0000] {processor.py:183} INFO - Processing /usr/local/python/3.12.1/lib/python3.12/site-packages/airflow/example_dags/example_trigger_controller_dag.py took 0.053 seconds
[2026-05-06T23:26:27.136+0000] {processor.py:161} INFO - Started process (PID=17697) to work on /usr/local/python/3.12.1/lib/python3.12/site-packages/airflow/example_dags/example_trigger_controller_dag.py
[2026-05-06T23:26:27.137+0000] {processor.py:830} INFO - Processing file /usr/local/python/3.12.1/lib/python3.12/site-packages/airflow/example_dags/example_trigger_controller_dag.py for tasks to queue
[2026-05-06T23:26:27.139+0000] {logging_mixin.py:188} INFO - [2026-05-06T23:26:27.138+0000] {dagbag.py:545} INFO - Filling up the DagBag from /usr/local/python/3.12.1/lib/python3.12/site-packages/airflow/example_dags/example_trigger_controller_dag.py
[2026-05-06T23:26:27.143+0000] {processor.py:840} INFO - DAG(s) 'example_trigger_controller_dag' retrieved from /usr/local/python/3.12.1/lib/python3.12/site-packages/airflow/example_dags/example_trigger_controller_dag.py
[2026-05-06T23:26:27.155+0000] {logging_mixin.py:188} INFO - [2026-05-06T23:26:27.155+0000] {dag.py:3096} INFO - Sync 1 DAGs
[2026-05-06T23:26:27.169+0000] {logging_mixin.py:188} INFO - [2026-05-06T23:26:27.169+0000] {dag.py:3954} INFO - Setting next_dagrun for example_trigger_controller_dag to 2021-01-01 00:00:00+00:00, run_after=2021-01-01 00:00:00+00:00
[2026-05-06T23:26:27.185+0000] {processor.py:183} INFO - Processing /usr/local/python/3.12.1/lib/python3.12/site-packages/airflow/example_dags/example_trigger_controller_dag.py took 0.053 seconds
[2026-05-06T23:27:03.094+0000] {processor.py:161} INFO - Started process (PID=18018) to work on /usr/local/python/3.12.1/lib/python3.12/site-packages/airflow/example_dags/example_trigger_controller_dag.py
[2026-05-06T23:27:03.095+0000] {processor.py:830} INFO - Processing file /usr/local/python/3.12.1/lib/python3.12/site-packages/airflow/example_dags/example_trigger_controller_dag.py for tasks to queue
[2026-05-06T23:27:03.097+0000] {logging_mixin.py:188} INFO - [2026-05-06T23:27:03.096+0000] {dagbag.py:545} INFO - Filling up the DagBag from /usr/local/python/3.12.1/lib/python3.12/site-packages/airflow/example_dags/example_trigger_controller_dag.py
[2026-05-06T23:27:03.101+0000] {processor.py:840} INFO - DAG(s) 'example_trigger_controller_dag' retrieved from /usr/local/python/3.12.1/lib/python3.12/site-packages/airflow/example_dags/example_trigger_controller_dag.py
[2026-05-06T23:27:03.114+0000] {logging_mixin.py:188} INFO - [2026-05-06T23:27:03.113+0000] {dag.py:3096} INFO - Sync 1 DAGs
[2026-05-06T23:27:03.132+0000] {logging_mixin.py:188} INFO - [2026-05-06T23:27:03.131+0000] {dag.py:3954} INFO - Setting next_dagrun for example_trigger_controller_dag to 2021-01-01 00:00:00+00:00, run_after=2021-01-01 00:00:00+00:00
[2026-05-06T23:27:03.154+0000] {processor.py:183} INFO - Processing /usr/local/python/3.12.1/lib/python3.12/site-packages/airflow/example_dags/example_trigger_controller_dag.py took 0.064 seconds
[2026-05-06T23:27:42.629+0000] {processor.py:161} INFO - Started process (PID=18474) to work on /usr/local/python/3.12.1/lib/python3.12/site-packages/airflow/example_dags/example_trigger_controller_dag.py
[2026-05-06T23:27:42.630+0000] {processor.py:830} INFO - Processing file /usr/local/python/3.12.1/lib/python3.12/site-packages/airflow/example_dags/example_trigger_controller_dag.py for tasks to queue
[2026-05-06T23:27:42.631+0000] {logging_mixin.py:188} INFO - [2026-05-06T23:27:42.631+0000] {dagbag.py:545} INFO - Filling up the DagBag from /usr/local/python/3.12.1/lib/python3.12/site-packages/airflow/example_dags/example_trigger_controller_dag.py
[2026-05-06T23:27:42.635+0000] {processor.py:840} INFO - DAG(s) 'example_trigger_controller_dag' retrieved from /usr/local/python/3.12.1/lib/python3.12/site-packages/airflow/example_dags/example_trigger_controller_dag.py
[2026-05-06T23:27:42.648+0000] {logging_mixin.py:188} INFO - [2026-05-06T23:27:42.647+0000] {dag.py:3096} INFO - Sync 1 DAGs
[2026-05-06T23:27:42.662+0000] {logging_mixin.py:188} INFO - [2026-05-06T23:27:42.662+0000] {dag.py:3954} INFO - Setting next_dagrun for example_trigger_controller_dag to 2021-01-01 00:00:00+00:00, run_after=2021-01-01 00:00:00+00:00
[2026-05-06T23:27:42.678+0000] {processor.py:183} INFO - Processing /usr/local/python/3.12.1/lib/python3.12/site-packages/airflow/example_dags/example_trigger_controller_dag.py took 0.054 seconds
[2026-05-06T23:28:22.873+0000] {processor.py:161} INFO - Started process (PID=18819) to work on /usr/local/python/3.12.1/lib/python3.12/site-packages/airflow/example_dags/example_trigger_controller_dag.py
[2026-05-06T23:28:22.874+0000] {processor.py:830} INFO - Processing file /usr/local/python/3.12.1/lib/python3.12/site-packages/airflow/example_dags/example_trigger_controller_dag.py for tasks to queue
[2026-05-06T23:28:22.875+0000] {logging_mixin.py:188} INFO - [2026-05-06T23:28:22.875+0000] {dagbag.py:545} INFO - Filling up the DagBag from /usr/local/python/3.12.1/lib/python3.12/site-packages/airflow/example_dags/example_trigger_controller_dag.py
[2026-05-06T23:28:22.879+0000] {processor.py:840} INFO - DAG(s) 'example_trigger_controller_dag' retrieved from /usr/local/python/3.12.1/lib/python3.12/site-packages/airflow/example_dags/example_trigger_controller_dag.py
[2026-05-06T23:28:22.891+0000] {logging_mixin.py:188} INFO - [2026-05-06T23:28:22.891+0000] {dag.py:3096} INFO - Sync 1 DAGs
[2026-05-06T23:28:22.995+0000] {logging_mixin.py:188} INFO - [2026-05-06T23:28:22.995+0000] {dag.py:3954} INFO - Setting next_dagrun for example_trigger_controller_dag to 2021-01-01 00:00:00+00:00, run_after=2021-01-01 00:00:00+00:00
[2026-05-06T23:28:23.009+0000] {processor.py:183} INFO - Processing /usr/local/python/3.12.1/lib/python3.12/site-packages/airflow/example_dags/example_trigger_controller_dag.py took 0.141 seconds
[2026-05-06T23:31:31.807+0000] {processor.py:161} INFO - Started process (PID=20629) to work on /usr/local/python/3.12.1/lib/python3.12/site-packages/airflow/example_dags/example_trigger_controller_dag.py
[2026-05-06T23:31:31.808+0000] {processor.py:830} INFO - Processing file /usr/local/python/3.12.1/lib/python3.12/site-packages/airflow/example_dags/example_trigger_controller_dag.py for tasks to queue
[2026-05-06T23:31:31.809+0000] {logging_mixin.py:188} INFO - [2026-05-06T23:31:31.809+0000] {dagbag.py:545} INFO - Filling up the DagBag from /usr/local/python/3.12.1/lib/python3.12/site-packages/airflow/example_dags/example_trigger_controller_dag.py
[2026-05-06T23:31:31.814+0000] {processor.py:840} INFO - DAG(s) 'example_trigger_controller_dag' retrieved from /usr/local/python/3.12.1/lib/python3.12/site-packages/airflow/example_dags/example_trigger_controller_dag.py
[2026-05-06T23:31:31.828+0000] {logging_mixin.py:188} INFO - [2026-05-06T23:31:31.828+0000] {dag.py:3096} INFO - Sync 1 DAGs
[2026-05-06T23:31:31.843+0000] {logging_mixin.py:188} INFO - [2026-05-06T23:31:31.842+0000] {dag.py:3954} INFO - Setting next_dagrun for example_trigger_controller_dag to 2021-01-01 00:00:00+00:00, run_after=2021-01-01 00:00:00+00:00
[2026-05-06T23:31:31.859+0000] {processor.py:183} INFO - Processing /usr/local/python/3.12.1/lib/python3.12/site-packages/airflow/example_dags/example_trigger_controller_dag.py took 0.056 seconds
[2026-05-06T23:32:20.847+0000] {processor.py:161} INFO - Started process (PID=21020) to work on /usr/local/python/3.12.1/lib/python3.12/site-packages/airflow/example_dags/example_trigger_controller_dag.py
[2026-05-06T23:32:20.848+0000] {processor.py:830} INFO - Processing file /usr/local/python/3.12.1/lib/python3.12/site-packages/airflow/example_dags/example_trigger_controller_dag.py for tasks to queue
[2026-05-06T23:32:20.849+0000] {logging_mixin.py:188} INFO - [2026-05-06T23:32:20.849+0000] {dagbag.py:545} INFO - Filling up the DagBag from /usr/local/python/3.12.1/lib/python3.12/site-packages/airflow/example_dags/example_trigger_controller_dag.py
[2026-05-06T23:32:20.853+0000] {processor.py:840} INFO - DAG(s) 'example_trigger_controller_dag' retrieved from /usr/local/python/3.12.1/lib/python3.12/site-packages/airflow/example_dags/example_trigger_controller_dag.py
[2026-05-06T23:32:20.865+0000] {logging_mixin.py:188} INFO - [2026-05-06T23:32:20.865+0000] {dag.py:3096} INFO - Sync 1 DAGs
[2026-05-06T23:32:20.880+0000] {logging_mixin.py:188} INFO - [2026-05-06T23:32:20.880+0000] {dag.py:3954} INFO - Setting next_dagrun for example_trigger_controller_dag to 2021-01-01 00:00:00+00:00, run_after=2021-01-01 00:00:00+00:00
[2026-05-06T23:32:20.896+0000] {processor.py:183} INFO - Processing /usr/local/python/3.12.1/lib/python3.12/site-packages/airflow/example_dags/example_trigger_controller_dag.py took 0.054 seconds
[2026-05-06T23:33:09.876+0000] {processor.py:161} INFO - Started process (PID=21406) to work on /usr/local/python/3.12.1/lib/python3.12/site-packages/airflow/example_dags/example_trigger_controller_dag.py
[2026-05-06T23:33:09.877+0000] {processor.py:830} INFO - Processing file /usr/local/python/3.12.1/lib/python3.12/site-packages/airflow/example_dags/example_trigger_controller_dag.py for tasks to queue
[2026-05-06T23:33:09.878+0000] {logging_mixin.py:188} INFO - [2026-05-06T23:33:09.878+0000] {dagbag.py:545} INFO - Filling up the DagBag from /usr/local/python/3.12.1/lib/python3.12/site-packages/airflow/example_dags/example_trigger_controller_dag.py
[2026-05-06T23:33:09.882+0000] {processor.py:840} INFO - DAG(s) 'example_trigger_controller_dag' retrieved from /usr/local/python/3.12.1/lib/python3.12/site-packages/airflow/example_dags/example_trigger_controller_dag.py
[2026-05-06T23:33:09.894+0000] {logging_mixin.py:188} INFO - [2026-05-06T23:33:09.894+0000] {dag.py:3096} INFO - Sync 1 DAGs
[2026-05-06T23:33:09.908+0000] {logging_mixin.py:188} INFO - [2026-05-06T23:33:09.908+0000] {dag.py:3954} INFO - Setting next_dagrun for example_trigger_controller_dag to 2021-01-01 00:00:00+00:00, run_after=2021-01-01 00:00:00+00:00
[2026-05-06T23:33:09.924+0000] {processor.py:183} INFO - Processing /usr/local/python/3.12.1/lib/python3.12/site-packages/airflow/example_dags/example_trigger_controller_dag.py took 0.054 seconds
[2026-05-06T23:33:48.233+0000] {processor.py:161} INFO - Started process (PID=21711) to work on /usr/local/python/3.12.1/lib/python3.12/site-packages/airflow/example_dags/example_trigger_controller_dag.py
[2026-05-06T23:33:48.233+0000] {processor.py:830} INFO - Processing file /usr/local/python/3.12.1/lib/python3.12/site-packages/airflow/example_dags/example_trigger_controller_dag.py for tasks to queue
[2026-05-06T23:33:48.235+0000] {logging_mixin.py:188} INFO - [2026-05-06T23:33:48.234+0000] {dagbag.py:545} INFO - Filling up the DagBag from /usr/local/python/3.12.1/lib/python3.12/site-packages/airflow/example_dags/example_trigger_controller_dag.py
[2026-05-06T23:33:48.239+0000] {processor.py:840} INFO - DAG(s) 'example_trigger_controller_dag' retrieved from /usr/local/python/3.12.1/lib/python3.12/site-packages/airflow/example_dags/example_trigger_controller_dag.py
[2026-05-06T23:33:48.251+0000] {logging_mixin.py:188} INFO - [2026-05-06T23:33:48.251+0000] {dag.py:3096} INFO - Sync 1 DAGs
[2026-05-06T23:33:48.265+0000] {logging_mixin.py:188} INFO - [2026-05-06T23:33:48.265+0000] {dag.py:3954} INFO - Setting next_dagrun for example_trigger_controller_dag to 2021-01-01 00:00:00+00:00, run_after=2021-01-01 00:00:00+00:00
[2026-05-06T23:33:48.281+0000] {processor.py:183} INFO - Processing /usr/local/python/3.12.1/lib/python3.12/site-packages/airflow/example_dags/example_trigger_controller_dag.py took 0.053 seconds
[2026-05-06T23:34:28.167+0000] {processor.py:161} INFO - Started process (PID=22043) to work on /usr/local/python/3.12.1/lib/python3.12/site-packages/airflow/example_dags/example_trigger_controller_dag.py
[2026-05-06T23:34:28.168+0000] {processor.py:830} INFO - Processing file /usr/local/python/3.12.1/lib/python3.12/site-packages/airflow/example_dags/example_trigger_controller_dag.py for tasks to queue
[2026-05-06T23:34:28.170+0000] {logging_mixin.py:188} INFO - [2026-05-06T23:34:28.169+0000] {dagbag.py:545} INFO - Filling up the DagBag from /usr/local/python/3.12.1/lib/python3.12/site-packages/airflow/example_dags/example_trigger_controller_dag.py
[2026-05-06T23:34:28.176+0000] {processor.py:840} INFO - DAG(s) 'example_trigger_controller_dag' retrieved from /usr/local/python/3.12.1/lib/python3.12/site-packages/airflow/example_dags/example_trigger_controller_dag.py
[2026-05-06T23:34:28.194+0000] {logging_mixin.py:188} INFO - [2026-05-06T23:34:28.194+0000] {dag.py:3096} INFO - Sync 1 DAGs
[2026-05-06T23:34:28.234+0000] {logging_mixin.py:188} INFO - [2026-05-06T23:34:28.234+0000] {dag.py:3954} INFO - Setting next_dagrun for example_trigger_controller_dag to 2021-01-01 00:00:00+00:00, run_after=2021-01-01 00:00:00+00:00
[2026-05-06T23:34:28.265+0000] {processor.py:183} INFO - Processing /usr/local/python/3.12.1/lib/python3.12/site-packages/airflow/example_dags/example_trigger_controller_dag.py took 0.105 seconds
[2026-05-06T23:35:06.384+0000] {processor.py:161} INFO - Started process (PID=22327) to work on /usr/local/python/3.12.1/lib/python3.12/site-packages/airflow/example_dags/example_trigger_controller_dag.py
[2026-05-06T23:35:06.385+0000] {processor.py:830} INFO - Processing file /usr/local/python/3.12.1/lib/python3.12/site-packages/airflow/example_dags/example_trigger_controller_dag.py for tasks to queue
[2026-05-06T23:35:06.387+0000] {logging_mixin.py:188} INFO - [2026-05-06T23:35:06.386+0000] {dagbag.py:545} INFO - Filling up the DagBag from /usr/local/python/3.12.1/lib/python3.12/site-packages/airflow/example_dags/example_trigger_controller_dag.py
[2026-05-06T23:35:06.394+0000] {processor.py:840} INFO - DAG(s) 'example_trigger_controller_dag' retrieved from /usr/local/python/3.12.1/lib/python3.12/site-packages/airflow/example_dags/example_trigger_controller_dag.py
[2026-05-06T23:35:06.414+0000] {logging_mixin.py:188} INFO - [2026-05-06T23:35:06.413+0000] {dag.py:3096} INFO - Sync 1 DAGs
[2026-05-06T23:35:06.437+0000] {logging_mixin.py:188} INFO - [2026-05-06T23:35:06.436+0000] {dag.py:3954} INFO - Setting next_dagrun for example_trigger_controller_dag to 2021-01-01 00:00:00+00:00, run_after=2021-01-01 00:00:00+00:00
[2026-05-06T23:35:06.472+0000] {processor.py:183} INFO - Processing /usr/local/python/3.12.1/lib/python3.12/site-packages/airflow/example_dags/example_trigger_controller_dag.py took 0.092 seconds
[2026-05-06T23:35:45.103+0000] {processor.py:161} INFO - Started process (PID=22635) to work on /usr/local/python/3.12.1/lib/python3.12/site-packages/airflow/example_dags/example_trigger_controller_dag.py
[2026-05-06T23:35:45.104+0000] {processor.py:830} INFO - Processing file /usr/local/python/3.12.1/lib/python3.12/site-packages/airflow/example_dags/example_trigger_controller_dag.py for tasks to queue
[2026-05-06T23:35:45.105+0000] {logging_mixin.py:188} INFO - [2026-05-06T23:35:45.105+0000] {dagbag.py:545} INFO - Filling up the DagBag from /usr/local/python/3.12.1/lib/python3.12/site-packages/airflow/example_dags/example_trigger_controller_dag.py
[2026-05-06T23:35:45.109+0000] {processor.py:840} INFO - DAG(s) 'example_trigger_controller_dag' retrieved from /usr/local/python/3.12.1/lib/python3.12/site-packages/airflow/example_dags/example_trigger_controller_dag.py
[2026-05-06T23:35:45.122+0000] {logging_mixin.py:188} INFO - [2026-05-06T23:35:45.122+0000] {dag.py:3096} INFO - Sync 1 DAGs
[2026-05-06T23:35:45.138+0000] {logging_mixin.py:188} INFO - [2026-05-06T23:35:45.137+0000] {dag.py:3954} INFO - Setting next_dagrun for example_trigger_controller_dag to 2021-01-01 00:00:00+00:00, run_after=2021-01-01 00:00:00+00:00
[2026-05-06T23:35:45.154+0000] {processor.py:183} INFO - Processing /usr/local/python/3.12.1/lib/python3.12/site-packages/airflow/example_dags/example_trigger_controller_dag.py took 0.056 seconds
[2026-05-06T23:36:24.520+0000] {processor.py:161} INFO - Started process (PID=22946) to work on /usr/local/python/3.12.1/lib/python3.12/site-packages/airflow/example_dags/example_trigger_controller_dag.py
[2026-05-06T23:36:24.521+0000] {processor.py:830} INFO - Processing file /usr/local/python/3.12.1/lib/python3.12/site-packages/airflow/example_dags/example_trigger_controller_dag.py for tasks to queue
[2026-05-06T23:36:24.523+0000] {logging_mixin.py:188} INFO - [2026-05-06T23:36:24.522+0000] {dagbag.py:545} INFO - Filling up the DagBag from /usr/local/python/3.12.1/lib/python3.12/site-packages/airflow/example_dags/example_trigger_controller_dag.py
[2026-05-06T23:36:24.527+0000] {processor.py:840} INFO - DAG(s) 'example_trigger_controller_dag' retrieved from /usr/local/python/3.12.1/lib/python3.12/site-packages/airflow/example_dags/example_trigger_controller_dag.py
[2026-05-06T23:36:24.540+0000] {logging_mixin.py:188} INFO - [2026-05-06T23:36:24.539+0000] {dag.py:3096} INFO - Sync 1 DAGs
[2026-05-06T23:36:24.554+0000] {logging_mixin.py:188} INFO - [2026-05-06T23:36:24.554+0000] {dag.py:3954} INFO - Setting next_dagrun for example_trigger_controller_dag to 2021-01-01 00:00:00+00:00, run_after=2021-01-01 00:00:00+00:00
[2026-05-06T23:36:24.572+0000] {processor.py:183} INFO - Processing /usr/local/python/3.12.1/lib/python3.12/site-packages/airflow/example_dags/example_trigger_controller_dag.py took 0.056 seconds
[2026-05-06T23:37:00.974+0000] {processor.py:161} INFO - Started process (PID=23231) to work on /usr/local/python/3.12.1/lib/python3.12/site-packages/airflow/example_dags/example_trigger_controller_dag.py
[2026-05-06T23:37:00.975+0000] {processor.py:830} INFO - Processing file /usr/local/python/3.12.1/lib/python3.12/site-packages/airflow/example_dags/example_trigger_controller_dag.py for tasks to queue
[2026-05-06T23:37:00.977+0000] {logging_mixin.py:188} INFO - [2026-05-06T23:37:00.976+0000] {dagbag.py:545} INFO - Filling up the DagBag from /usr/local/python/3.12.1/lib/python3.12/site-packages/airflow/example_dags/example_trigger_controller_dag.py
[2026-05-06T23:37:00.981+0000] {processor.py:840} INFO - DAG(s) 'example_trigger_controller_dag' retrieved from /usr/local/python/3.12.1/lib/python3.12/site-packages/airflow/example_dags/example_trigger_controller_dag.py
[2026-05-06T23:37:00.994+0000] {logging_mixin.py:188} INFO - [2026-05-06T23:37:00.994+0000] {dag.py:3096} INFO - Sync 1 DAGs
[2026-05-06T23:37:01.010+0000] {logging_mixin.py:188} INFO - [2026-05-06T23:37:01.009+0000] {dag.py:3954} INFO - Setting next_dagrun for example_trigger_controller_dag to 2021-01-01 00:00:00+00:00, run_after=2021-01-01 00:00:00+00:00
[2026-05-06T23:37:01.031+0000] {processor.py:183} INFO - Processing /usr/local/python/3.12.1/lib/python3.12/site-packages/airflow/example_dags/example_trigger_controller_dag.py took 0.062 seconds
[2026-05-06T23:37:41.429+0000] {processor.py:161} INFO - Started process (PID=23548) to work on /usr/local/python/3.12.1/lib/python3.12/site-packages/airflow/example_dags/example_trigger_controller_dag.py
[2026-05-06T23:37:41.430+0000] {processor.py:830} INFO - Processing file /usr/local/python/3.12.1/lib/python3.12/site-packages/airflow/example_dags/example_trigger_controller_dag.py for tasks to queue
[2026-05-06T23:37:41.432+0000] {logging_mixin.py:188} INFO - [2026-05-06T23:37:41.431+0000] {dagbag.py:545} INFO - Filling up the DagBag from /usr/local/python/3.12.1/lib/python3.12/site-packages/airflow/example_dags/example_trigger_controller_dag.py
[2026-05-06T23:37:41.436+0000] {processor.py:840} INFO - DAG(s) 'example_trigger_controller_dag' retrieved from /usr/local/python/3.12.1/lib/python3.12/site-packages/airflow/example_dags/example_trigger_controller_dag.py
[2026-05-06T23:37:41.449+0000] {logging_mixin.py:188} INFO - [2026-05-06T23:37:41.449+0000] {dag.py:3096} INFO - Sync 1 DAGs
[2026-05-06T23:37:41.464+0000] {logging_mixin.py:188} INFO - [2026-05-06T23:37:41.464+0000] {dag.py:3954} INFO - Setting next_dagrun for example_trigger_controller_dag to 2021-01-01 00:00:00+00:00, run_after=2021-01-01 00:00:00+00:00
[2026-05-06T23:37:41.585+0000] {processor.py:183} INFO - Processing /usr/local/python/3.12.1/lib/python3.12/site-packages/airflow/example_dags/example_trigger_controller_dag.py took 0.160 seconds
[2026-05-06T23:38:19.192+0000] {processor.py:161} INFO - Started process (PID=23832) to work on /usr/local/python/3.12.1/lib/python3.12/site-packages/airflow/example_dags/example_trigger_controller_dag.py
[2026-05-06T23:38:19.193+0000] {processor.py:830} INFO - Processing file /usr/local/python/3.12.1/lib/python3.12/site-packages/airflow/example_dags/example_trigger_controller_dag.py for tasks to queue
[2026-05-06T23:38:19.195+0000] {logging_mixin.py:188} INFO - [2026-05-06T23:38:19.194+0000] {dagbag.py:545} INFO - Filling up the DagBag from /usr/local/python/3.12.1/lib/python3.12/site-packages/airflow/example_dags/example_trigger_controller_dag.py
[2026-05-06T23:38:19.199+0000] {processor.py:840} INFO - DAG(s) 'example_trigger_controller_dag' retrieved from /usr/local/python/3.12.1/lib/python3.12/site-packages/airflow/example_dags/example_trigger_controller_dag.py
[2026-05-06T23:38:19.212+0000] {logging_mixin.py:188} INFO - [2026-05-06T23:38:19.212+0000] {dag.py:3096} INFO - Sync 1 DAGs
[2026-05-06T23:38:19.229+0000] {logging_mixin.py:188} INFO - [2026-05-06T23:38:19.228+0000] {dag.py:3954} INFO - Setting next_dagrun for example_trigger_controller_dag to 2021-01-01 00:00:00+00:00, run_after=2021-01-01 00:00:00+00:00
[2026-05-06T23:38:19.247+0000] {processor.py:183} INFO - Processing /usr/local/python/3.12.1/lib/python3.12/site-packages/airflow/example_dags/example_trigger_controller_dag.py took 0.060 seconds
[2026-05-06T23:38:58.352+0000] {processor.py:161} INFO - Started process (PID=24139) to work on /usr/local/python/3.12.1/lib/python3.12/site-packages/airflow/example_dags/example_trigger_controller_dag.py
[2026-05-06T23:38:58.353+0000] {processor.py:830} INFO - Processing file /usr/local/python/3.12.1/lib/python3.12/site-packages/airflow/example_dags/example_trigger_controller_dag.py for tasks to queue
[2026-05-06T23:38:58.354+0000] {logging_mixin.py:188} INFO - [2026-05-06T23:38:58.354+0000] {dagbag.py:545} INFO - Filling up the DagBag from /usr/local/python/3.12.1/lib/python3.12/site-packages/airflow/example_dags/example_trigger_controller_dag.py
[2026-05-06T23:38:58.359+0000] {processor.py:840} INFO - DAG(s) 'example_trigger_controller_dag' retrieved from /usr/local/python/3.12.1/lib/python3.12/site-packages/airflow/example_dags/example_trigger_controller_dag.py
[2026-05-06T23:38:58.373+0000] {logging_mixin.py:188} INFO - [2026-05-06T23:38:58.372+0000] {dag.py:3096} INFO - Sync 1 DAGs
[2026-05-06T23:38:58.389+0000] {logging_mixin.py:188} INFO - [2026-05-06T23:38:58.388+0000] {dag.py:3954} INFO - Setting next_dagrun for example_trigger_controller_dag to 2021-01-01 00:00:00+00:00, run_after=2021-01-01 00:00:00+00:00
[2026-05-06T23:38:58.508+0000] {processor.py:183} INFO - Processing /usr/local/python/3.12.1/lib/python3.12/site-packages/airflow/example_dags/example_trigger_controller_dag.py took 0.161 seconds
[2026-05-06T23:39:37.813+0000] {processor.py:161} INFO - Started process (PID=24445) to work on /usr/local/python/3.12.1/lib/python3.12/site-packages/airflow/example_dags/example_trigger_controller_dag.py
[2026-05-06T23:39:37.813+0000] {processor.py:830} INFO - Processing file /usr/local/python/3.12.1/lib/python3.12/site-packages/airflow/example_dags/example_trigger_controller_dag.py for tasks to queue
[2026-05-06T23:39:37.815+0000] {logging_mixin.py:188} INFO - [2026-05-06T23:39:37.815+0000] {dagbag.py:545} INFO - Filling up the DagBag from /usr/local/python/3.12.1/lib/python3.12/site-packages/airflow/example_dags/example_trigger_controller_dag.py
[2026-05-06T23:39:37.819+0000] {processor.py:840} INFO - DAG(s) 'example_trigger_controller_dag' retrieved from /usr/local/python/3.12.1/lib/python3.12/site-packages/airflow/example_dags/example_trigger_controller_dag.py
[2026-05-06T23:39:37.832+0000] {logging_mixin.py:188} INFO - [2026-05-06T23:39:37.832+0000] {dag.py:3096} INFO - Sync 1 DAGs
[2026-05-06T23:39:37.847+0000] {logging_mixin.py:188} INFO - [2026-05-06T23:39:37.846+0000] {dag.py:3954} INFO - Setting next_dagrun for example_trigger_controller_dag to 2021-01-01 00:00:00+00:00, run_after=2021-01-01 00:00:00+00:00
[2026-05-06T23:39:37.865+0000] {processor.py:183} INFO - Processing /usr/local/python/3.12.1/lib/python3.12/site-packages/airflow/example_dags/example_trigger_controller_dag.py took 0.056 seconds
[2026-05-06T23:40:16.447+0000] {processor.py:161} INFO - Started process (PID=24755) to work on /usr/local/python/3.12.1/lib/python3.12/site-packages/airflow/example_dags/example_trigger_controller_dag.py
[2026-05-06T23:40:16.448+0000] {processor.py:830} INFO - Processing file /usr/local/python/3.12.1/lib/python3.12/site-packages/airflow/example_dags/example_trigger_controller_dag.py for tasks to queue
[2026-05-06T23:40:16.449+0000] {logging_mixin.py:188} INFO - [2026-05-06T23:40:16.449+0000] {dagbag.py:545} INFO - Filling up the DagBag from /usr/local/python/3.12.1/lib/python3.12/site-packages/airflow/example_dags/example_trigger_controller_dag.py
[2026-05-06T23:40:16.454+0000] {processor.py:840} INFO - DAG(s) 'example_trigger_controller_dag' retrieved from /usr/local/python/3.12.1/lib/python3.12/site-packages/airflow/example_dags/example_trigger_controller_dag.py
[2026-05-06T23:40:16.466+0000] {logging_mixin.py:188} INFO - [2026-05-06T23:40:16.466+0000] {dag.py:3096} INFO - Sync 1 DAGs
[2026-05-06T23:40:16.597+0000] {logging_mixin.py:188} INFO - [2026-05-06T23:40:16.597+0000] {dag.py:3954} INFO - Setting next_dagrun for example_trigger_controller_dag to 2021-01-01 00:00:00+00:00, run_after=2021-01-01 00:00:00+00:00
[2026-05-06T23:40:16.614+0000] {processor.py:183} INFO - Processing /usr/local/python/3.12.1/lib/python3.12/site-packages/airflow/example_dags/example_trigger_controller_dag.py took 0.172 seconds
[2026-05-06T23:40:59.399+0000] {processor.py:161} INFO - Started process (PID=25081) to work on /usr/local/python/3.12.1/lib/python3.12/site-packages/airflow/example_dags/example_trigger_controller_dag.py
[2026-05-06T23:40:59.400+0000] {processor.py:830} INFO - Processing file /usr/local/python/3.12.1/lib/python3.12/site-packages/airflow/example_dags/example_trigger_controller_dag.py for tasks to queue
[2026-05-06T23:40:59.401+0000] {logging_mixin.py:188} INFO - [2026-05-06T23:40:59.401+0000] {dagbag.py:545} INFO - Filling up the DagBag from /usr/local/python/3.12.1/lib/python3.12/site-packages/airflow/example_dags/example_trigger_controller_dag.py
[2026-05-06T23:40:59.406+0000] {processor.py:840} INFO - DAG(s) 'example_trigger_controller_dag' retrieved from /usr/local/python/3.12.1/lib/python3.12/site-packages/airflow/example_dags/example_trigger_controller_dag.py
[2026-05-06T23:40:59.419+0000] {logging_mixin.py:188} INFO - [2026-05-06T23:40:59.418+0000] {dag.py:3096} INFO - Sync 1 DAGs
[2026-05-06T23:40:59.433+0000] {logging_mixin.py:188} INFO - [2026-05-06T23:40:59.433+0000] {dag.py:3954} INFO - Setting next_dagrun for example_trigger_controller_dag to 2021-01-01 00:00:00+00:00, run_after=2021-01-01 00:00:00+00:00
[2026-05-06T23:40:59.450+0000] {processor.py:183} INFO - Processing /usr/local/python/3.12.1/lib/python3.12/site-packages/airflow/example_dags/example_trigger_controller_dag.py took 0.056 seconds
[2026-05-06T23:41:35.565+0000] {processor.py:161} INFO - Started process (PID=25376) to work on /usr/local/python/3.12.1/lib/python3.12/site-packages/airflow/example_dags/example_trigger_controller_dag.py
[2026-05-06T23:41:35.566+0000] {processor.py:830} INFO - Processing file /usr/local/python/3.12.1/lib/python3.12/site-packages/airflow/example_dags/example_trigger_controller_dag.py for tasks to queue
[2026-05-06T23:41:35.568+0000] {logging_mixin.py:188} INFO - [2026-05-06T23:41:35.567+0000] {dagbag.py:545} INFO - Filling up the DagBag from /usr/local/python/3.12.1/lib/python3.12/site-packages/airflow/example_dags/example_trigger_controller_dag.py
[2026-05-06T23:41:35.572+0000] {processor.py:840} INFO - DAG(s) 'example_trigger_controller_dag' retrieved from /usr/local/python/3.12.1/lib/python3.12/site-packages/airflow/example_dags/example_trigger_controller_dag.py
[2026-05-06T23:41:35.585+0000] {logging_mixin.py:188} INFO - [2026-05-06T23:41:35.585+0000] {dag.py:3096} INFO - Sync 1 DAGs
[2026-05-06T23:41:35.695+0000] {logging_mixin.py:188} INFO - [2026-05-06T23:41:35.694+0000] {dag.py:3954} INFO - Setting next_dagrun for example_trigger_controller_dag to 2021-01-01 00:00:00+00:00, run_after=2021-01-01 00:00:00+00:00
[2026-05-06T23:41:35.710+0000] {processor.py:183} INFO - Processing /usr/local/python/3.12.1/lib/python3.12/site-packages/airflow/example_dags/example_trigger_controller_dag.py took 0.149 seconds
[2026-05-06T23:42:17.150+0000] {processor.py:161} INFO - Started process (PID=25692) to work on /usr/local/python/3.12.1/lib/python3.12/site-packages/airflow/example_dags/example_trigger_controller_dag.py
[2026-05-06T23:42:17.151+0000] {processor.py:830} INFO - Processing file /usr/local/python/3.12.1/lib/python3.12/site-packages/airflow/example_dags/example_trigger_controller_dag.py for tasks to queue
[2026-05-06T23:42:17.153+0000] {logging_mixin.py:188} INFO - [2026-05-06T23:42:17.152+0000] {dagbag.py:545} INFO - Filling up the DagBag from /usr/local/python/3.12.1/lib/python3.12/site-packages/airflow/example_dags/example_trigger_controller_dag.py
[2026-05-06T23:42:17.157+0000] {processor.py:840} INFO - DAG(s) 'example_trigger_controller_dag' retrieved from /usr/local/python/3.12.1/lib/python3.12/site-packages/airflow/example_dags/example_trigger_controller_dag.py
[2026-05-06T23:42:17.171+0000] {logging_mixin.py:188} INFO - [2026-05-06T23:42:17.171+0000] {dag.py:3096} INFO - Sync 1 DAGs
[2026-05-06T23:42:17.186+0000] {logging_mixin.py:188} INFO - [2026-05-06T23:42:17.186+0000] {dag.py:3954} INFO - Setting next_dagrun for example_trigger_controller_dag to 2021-01-01 00:00:00+00:00, run_after=2021-01-01 00:00:00+00:00
[2026-05-06T23:42:17.204+0000] {processor.py:183} INFO - Processing /usr/local/python/3.12.1/lib/python3.12/site-packages/airflow/example_dags/example_trigger_controller_dag.py took 0.059 seconds
[2026-05-06T23:42:58.470+0000] {processor.py:161} INFO - Started process (PID=26009) to work on /usr/local/python/3.12.1/lib/python3.12/site-packages/airflow/example_dags/example_trigger_controller_dag.py
[2026-05-06T23:42:58.471+0000] {processor.py:830} INFO - Processing file /usr/local/python/3.12.1/lib/python3.12/site-packages/airflow/example_dags/example_trigger_controller_dag.py for tasks to queue
[2026-05-06T23:42:58.475+0000] {logging_mixin.py:188} INFO - [2026-05-06T23:42:58.472+0000] {dagbag.py:545} INFO - Filling up the DagBag from /usr/local/python/3.12.1/lib/python3.12/site-packages/airflow/example_dags/example_trigger_controller_dag.py
[2026-05-06T23:42:58.486+0000] {processor.py:840} INFO - DAG(s) 'example_trigger_controller_dag' retrieved from /usr/local/python/3.12.1/lib/python3.12/site-packages/airflow/example_dags/example_trigger_controller_dag.py
[2026-05-06T23:42:58.502+0000] {logging_mixin.py:188} INFO - [2026-05-06T23:42:58.502+0000] {dag.py:3096} INFO - Sync 1 DAGs
[2026-05-06T23:42:58.519+0000] {logging_mixin.py:188} INFO - [2026-05-06T23:42:58.518+0000] {dag.py:3954} INFO - Setting next_dagrun for example_trigger_controller_dag to 2021-01-01 00:00:00+00:00, run_after=2021-01-01 00:00:00+00:00
[2026-05-06T23:42:58.536+0000] {processor.py:183} INFO - Processing /usr/local/python/3.12.1/lib/python3.12/site-packages/airflow/example_dags/example_trigger_controller_dag.py took 0.073 seconds
[2026-05-06T23:43:39.293+0000] {processor.py:161} INFO - Started process (PID=26328) to work on /usr/local/python/3.12.1/lib/python3.12/site-packages/airflow/example_dags/example_trigger_controller_dag.py
[2026-05-06T23:43:39.294+0000] {processor.py:830} INFO - Processing file /usr/local/python/3.12.1/lib/python3.12/site-packages/airflow/example_dags/example_trigger_controller_dag.py for tasks to queue
[2026-05-06T23:43:39.296+0000] {logging_mixin.py:188} INFO - [2026-05-06T23:43:39.296+0000] {dagbag.py:545} INFO - Filling up the DagBag from /usr/local/python/3.12.1/lib/python3.12/site-packages/airflow/example_dags/example_trigger_controller_dag.py
[2026-05-06T23:43:39.305+0000] {processor.py:840} INFO - DAG(s) 'example_trigger_controller_dag' retrieved from /usr/local/python/3.12.1/lib/python3.12/site-packages/airflow/example_dags/example_trigger_controller_dag.py
[2026-05-06T23:43:39.326+0000] {logging_mixin.py:188} INFO - [2026-05-06T23:43:39.325+0000] {dag.py:3096} INFO - Sync 1 DAGs
[2026-05-06T23:43:39.345+0000] {logging_mixin.py:188} INFO - [2026-05-06T23:43:39.344+0000] {dag.py:3954} INFO - Setting next_dagrun for example_trigger_controller_dag to 2021-01-01 00:00:00+00:00, run_after=2021-01-01 00:00:00+00:00
[2026-05-06T23:43:39.361+0000] {processor.py:183} INFO - Processing /usr/local/python/3.12.1/lib/python3.12/site-packages/airflow/example_dags/example_trigger_controller_dag.py took 0.077 seconds
[2026-05-06T23:44:17.502+0000] {processor.py:161} INFO - Started process (PID=26629) to work on /usr/local/python/3.12.1/lib/python3.12/site-packages/airflow/example_dags/example_trigger_controller_dag.py
[2026-05-06T23:44:17.502+0000] {processor.py:830} INFO - Processing file /usr/local/python/3.12.1/lib/python3.12/site-packages/airflow/example_dags/example_trigger_controller_dag.py for tasks to queue
[2026-05-06T23:44:17.504+0000] {logging_mixin.py:188} INFO - [2026-05-06T23:44:17.503+0000] {dagbag.py:545} INFO - Filling up the DagBag from /usr/local/python/3.12.1/lib/python3.12/site-packages/airflow/example_dags/example_trigger_controller_dag.py
[2026-05-06T23:44:17.508+0000] {processor.py:840} INFO - DAG(s) 'example_trigger_controller_dag' retrieved from /usr/local/python/3.12.1/lib/python3.12/site-packages/airflow/example_dags/example_trigger_controller_dag.py
[2026-05-06T23:44:17.522+0000] {logging_mixin.py:188} INFO - [2026-05-06T23:44:17.521+0000] {dag.py:3096} INFO - Sync 1 DAGs
[2026-05-06T23:44:17.538+0000] {logging_mixin.py:188} INFO - [2026-05-06T23:44:17.537+0000] {dag.py:3954} INFO - Setting next_dagrun for example_trigger_controller_dag to 2021-01-01 00:00:00+00:00, run_after=2021-01-01 00:00:00+00:00
[2026-05-06T23:44:17.556+0000] {processor.py:183} INFO - Processing /usr/local/python/3.12.1/lib/python3.12/site-packages/airflow/example_dags/example_trigger_controller_dag.py took 0.060 seconds
[2026-05-06T23:44:55.297+0000] {processor.py:161} INFO - Started process (PID=26935) to work on /usr/local/python/3.12.1/lib/python3.12/site-packages/airflow/example_dags/example_trigger_controller_dag.py
[2026-05-06T23:44:55.298+0000] {processor.py:830} INFO - Processing file /usr/local/python/3.12.1/lib/python3.12/site-packages/airflow/example_dags/example_trigger_controller_dag.py for tasks to queue
[2026-05-06T23:44:55.300+0000] {logging_mixin.py:188} INFO - [2026-05-06T23:44:55.299+0000] {dagbag.py:545} INFO - Filling up the DagBag from /usr/local/python/3.12.1/lib/python3.12/site-packages/airflow/example_dags/example_trigger_controller_dag.py
[2026-05-06T23:44:55.304+0000] {processor.py:840} INFO - DAG(s) 'example_trigger_controller_dag' retrieved from /usr/local/python/3.12.1/lib/python3.12/site-packages/airflow/example_dags/example_trigger_controller_dag.py
[2026-05-06T23:44:55.317+0000] {logging_mixin.py:188} INFO - [2026-05-06T23:44:55.317+0000] {dag.py:3096} INFO - Sync 1 DAGs
[2026-05-06T23:44:55.335+0000] {logging_mixin.py:188} INFO - [2026-05-06T23:44:55.335+0000] {dag.py:3954} INFO - Setting next_dagrun for example_trigger_controller_dag to 2021-01-01 00:00:00+00:00, run_after=2021-01-01 00:00:00+00:00
[2026-05-06T23:44:55.352+0000] {processor.py:183} INFO - Processing /usr/local/python/3.12.1/lib/python3.12/site-packages/airflow/example_dags/example_trigger_controller_dag.py took 0.060 seconds
[2026-05-06T23:45:33.443+0000] {processor.py:161} INFO - Started process (PID=27214) to work on /usr/local/python/3.12.1/lib/python3.12/site-packages/airflow/example_dags/example_trigger_controller_dag.py
[2026-05-06T23:45:33.444+0000] {processor.py:830} INFO - Processing file /usr/local/python/3.12.1/lib/python3.12/site-packages/airflow/example_dags/example_trigger_controller_dag.py for tasks to queue
[2026-05-06T23:45:33.445+0000] {logging_mixin.py:188} INFO - [2026-05-06T23:45:33.445+0000] {dagbag.py:545} INFO - Filling up the DagBag from /usr/local/python/3.12.1/lib/python3.12/site-packages/airflow/example_dags/example_trigger_controller_dag.py
[2026-05-06T23:45:33.450+0000] {processor.py:840} INFO - DAG(s) 'example_trigger_controller_dag' retrieved from /usr/local/python/3.12.1/lib/python3.12/site-packages/airflow/example_dags/example_trigger_controller_dag.py
[2026-05-06T23:45:33.462+0000] {logging_mixin.py:188} INFO - [2026-05-06T23:45:33.462+0000] {dag.py:3096} INFO - Sync 1 DAGs
[2026-05-06T23:45:33.476+0000] {logging_mixin.py:188} INFO - [2026-05-06T23:45:33.476+0000] {dag.py:3954} INFO - Setting next_dagrun for example_trigger_controller_dag to 2021-01-01 00:00:00+00:00, run_after=2021-01-01 00:00:00+00:00
[2026-05-06T23:45:33.493+0000] {processor.py:183} INFO - Processing /usr/local/python/3.12.1/lib/python3.12/site-packages/airflow/example_dags/example_trigger_controller_dag.py took 0.054 seconds
[2026-05-06T23:46:14.556+0000] {processor.py:161} INFO - Started process (PID=27527) to work on /usr/local/python/3.12.1/lib/python3.12/site-packages/airflow/example_dags/example_trigger_controller_dag.py
[2026-05-06T23:46:14.557+0000] {processor.py:830} INFO - Processing file /usr/local/python/3.12.1/lib/python3.12/site-packages/airflow/example_dags/example_trigger_controller_dag.py for tasks to queue
[2026-05-06T23:46:14.559+0000] {logging_mixin.py:188} INFO - [2026-05-06T23:46:14.559+0000] {dagbag.py:545} INFO - Filling up the DagBag from /usr/local/python/3.12.1/lib/python3.12/site-packages/airflow/example_dags/example_trigger_controller_dag.py
[2026-05-06T23:46:14.582+0000] {processor.py:840} INFO - DAG(s) 'example_trigger_controller_dag' retrieved from /usr/local/python/3.12.1/lib/python3.12/site-packages/airflow/example_dags/example_trigger_controller_dag.py
[2026-05-06T23:46:14.604+0000] {logging_mixin.py:188} INFO - [2026-05-06T23:46:14.604+0000] {dag.py:3096} INFO - Sync 1 DAGs
[2026-05-06T23:46:14.621+0000] {logging_mixin.py:188} INFO - [2026-05-06T23:46:14.621+0000] {dag.py:3954} INFO - Setting next_dagrun for example_trigger_controller_dag to 2021-01-01 00:00:00+00:00, run_after=2021-01-01 00:00:00+00:00
[2026-05-06T23:46:14.638+0000] {processor.py:183} INFO - Processing /usr/local/python/3.12.1/lib/python3.12/site-packages/airflow/example_dags/example_trigger_controller_dag.py took 0.089 seconds
[2026-05-06T23:46:52.710+0000] {processor.py:161} INFO - Started process (PID=27834) to work on /usr/local/python/3.12.1/lib/python3.12/site-packages/airflow/example_dags/example_trigger_controller_dag.py
[2026-05-06T23:46:52.710+0000] {processor.py:830} INFO - Processing file /usr/local/python/3.12.1/lib/python3.12/site-packages/airflow/example_dags/example_trigger_controller_dag.py for tasks to queue
[2026-05-06T23:46:52.712+0000] {logging_mixin.py:188} INFO - [2026-05-06T23:46:52.712+0000] {dagbag.py:545} INFO - Filling up the DagBag from /usr/local/python/3.12.1/lib/python3.12/site-packages/airflow/example_dags/example_trigger_controller_dag.py
[2026-05-06T23:46:52.716+0000] {processor.py:840} INFO - DAG(s) 'example_trigger_controller_dag' retrieved from /usr/local/python/3.12.1/lib/python3.12/site-packages/airflow/example_dags/example_trigger_controller_dag.py
[2026-05-06T23:46:52.730+0000] {logging_mixin.py:188} INFO - [2026-05-06T23:46:52.729+0000] {dag.py:3096} INFO - Sync 1 DAGs
[2026-05-06T23:46:52.751+0000] {logging_mixin.py:188} INFO - [2026-05-06T23:46:52.750+0000] {dag.py:3954} INFO - Setting next_dagrun for example_trigger_controller_dag to 2021-01-01 00:00:00+00:00, run_after=2021-01-01 00:00:00+00:00
[2026-05-06T23:46:52.787+0000] {processor.py:183} INFO - Processing /usr/local/python/3.12.1/lib/python3.12/site-packages/airflow/example_dags/example_trigger_controller_dag.py took 0.083 seconds
[2026-05-06T23:47:32.984+0000] {processor.py:161} INFO - Started process (PID=28155) to work on /usr/local/python/3.12.1/lib/python3.12/site-packages/airflow/example_dags/example_trigger_controller_dag.py
[2026-05-06T23:47:32.985+0000] {processor.py:830} INFO - Processing file /usr/local/python/3.12.1/lib/python3.12/site-packages/airflow/example_dags/example_trigger_controller_dag.py for tasks to queue
[2026-05-06T23:47:32.987+0000] {logging_mixin.py:188} INFO - [2026-05-06T23:47:32.986+0000] {dagbag.py:545} INFO - Filling up the DagBag from /usr/local/python/3.12.1/lib/python3.12/site-packages/airflow/example_dags/example_trigger_controller_dag.py
[2026-05-06T23:47:32.992+0000] {processor.py:840} INFO - DAG(s) 'example_trigger_controller_dag' retrieved from /usr/local/python/3.12.1/lib/python3.12/site-packages/airflow/example_dags/example_trigger_controller_dag.py
[2026-05-06T23:47:33.010+0000] {logging_mixin.py:188} INFO - [2026-05-06T23:47:33.010+0000] {dag.py:3096} INFO - Sync 1 DAGs
[2026-05-06T23:47:33.033+0000] {logging_mixin.py:188} INFO - [2026-05-06T23:47:33.033+0000] {dag.py:3954} INFO - Setting next_dagrun for example_trigger_controller_dag to 2021-01-01 00:00:00+00:00, run_after=2021-01-01 00:00:00+00:00
[2026-05-06T23:47:33.053+0000] {processor.py:183} INFO - Processing /usr/local/python/3.12.1/lib/python3.12/site-packages/airflow/example_dags/example_trigger_controller_dag.py took 0.074 seconds
[2026-05-06T23:48:14.157+0000] {processor.py:161} INFO - Started process (PID=28470) to work on /usr/local/python/3.12.1/lib/python3.12/site-packages/airflow/example_dags/example_trigger_controller_dag.py
[2026-05-06T23:48:14.157+0000] {processor.py:830} INFO - Processing file /usr/local/python/3.12.1/lib/python3.12/site-packages/airflow/example_dags/example_trigger_controller_dag.py for tasks to queue
[2026-05-06T23:48:14.159+0000] {logging_mixin.py:188} INFO - [2026-05-06T23:48:14.159+0000] {dagbag.py:545} INFO - Filling up the DagBag from /usr/local/python/3.12.1/lib/python3.12/site-packages/airflow/example_dags/example_trigger_controller_dag.py
[2026-05-06T23:48:14.163+0000] {processor.py:840} INFO - DAG(s) 'example_trigger_controller_dag' retrieved from /usr/local/python/3.12.1/lib/python3.12/site-packages/airflow/example_dags/example_trigger_controller_dag.py
[2026-05-06T23:48:14.177+0000] {logging_mixin.py:188} INFO - [2026-05-06T23:48:14.177+0000] {dag.py:3096} INFO - Sync 1 DAGs
[2026-05-06T23:48:14.192+0000] {logging_mixin.py:188} INFO - [2026-05-06T23:48:14.192+0000] {dag.py:3954} INFO - Setting next_dagrun for example_trigger_controller_dag to 2021-01-01 00:00:00+00:00, run_after=2021-01-01 00:00:00+00:00
[2026-05-06T23:48:14.210+0000] {processor.py:183} INFO - Processing /usr/local/python/3.12.1/lib/python3.12/site-packages/airflow/example_dags/example_trigger_controller_dag.py took 0.058 seconds
[2026-05-06T23:48:53.957+0000] {processor.py:161} INFO - Started process (PID=28782) to work on /usr/local/python/3.12.1/lib/python3.12/site-packages/airflow/example_dags/example_trigger_controller_dag.py
[2026-05-06T23:48:53.958+0000] {processor.py:830} INFO - Processing file /usr/local/python/3.12.1/lib/python3.12/site-packages/airflow/example_dags/example_trigger_controller_dag.py for tasks to queue
[2026-05-06T23:48:53.959+0000] {logging_mixin.py:188} INFO - [2026-05-06T23:48:53.959+0000] {dagbag.py:545} INFO - Filling up the DagBag from /usr/local/python/3.12.1/lib/python3.12/site-packages/airflow/example_dags/example_trigger_controller_dag.py
[2026-05-06T23:48:53.964+0000] {processor.py:840} INFO - DAG(s) 'example_trigger_controller_dag' retrieved from /usr/local/python/3.12.1/lib/python3.12/site-packages/airflow/example_dags/example_trigger_controller_dag.py
[2026-05-06T23:48:53.976+0000] {logging_mixin.py:188} INFO - [2026-05-06T23:48:53.976+0000] {dag.py:3096} INFO - Sync 1 DAGs
[2026-05-06T23:48:53.991+0000] {logging_mixin.py:188} INFO - [2026-05-06T23:48:53.991+0000] {dag.py:3954} INFO - Setting next_dagrun for example_trigger_controller_dag to 2021-01-01 00:00:00+00:00, run_after=2021-01-01 00:00:00+00:00
[2026-05-06T23:48:54.008+0000] {processor.py:183} INFO - Processing /usr/local/python/3.12.1/lib/python3.12/site-packages/airflow/example_dags/example_trigger_controller_dag.py took 0.055 seconds
[2026-05-06T23:49:31.059+0000] {processor.py:161} INFO - Started process (PID=29085) to work on /usr/local/python/3.12.1/lib/python3.12/site-packages/airflow/example_dags/example_trigger_controller_dag.py
[2026-05-06T23:49:31.060+0000] {processor.py:830} INFO - Processing file /usr/local/python/3.12.1/lib/python3.12/site-packages/airflow/example_dags/example_trigger_controller_dag.py for tasks to queue
[2026-05-06T23:49:31.061+0000] {logging_mixin.py:188} INFO - [2026-05-06T23:49:31.061+0000] {dagbag.py:545} INFO - Filling up the DagBag from /usr/local/python/3.12.1/lib/python3.12/site-packages/airflow/example_dags/example_trigger_controller_dag.py
[2026-05-06T23:49:31.065+0000] {processor.py:840} INFO - DAG(s) 'example_trigger_controller_dag' retrieved from /usr/local/python/3.12.1/lib/python3.12/site-packages/airflow/example_dags/example_trigger_controller_dag.py
[2026-05-06T23:49:31.078+0000] {logging_mixin.py:188} INFO - [2026-05-06T23:49:31.078+0000] {dag.py:3096} INFO - Sync 1 DAGs
[2026-05-06T23:49:31.093+0000] {logging_mixin.py:188} INFO - [2026-05-06T23:49:31.092+0000] {dag.py:3954} INFO - Setting next_dagrun for example_trigger_controller_dag to 2021-01-01 00:00:00+00:00, run_after=2021-01-01 00:00:00+00:00
[2026-05-06T23:49:31.110+0000] {processor.py:183} INFO - Processing /usr/local/python/3.12.1/lib/python3.12/site-packages/airflow/example_dags/example_trigger_controller_dag.py took 0.055 seconds
[2026-05-06T23:50:08.032+0000] {processor.py:161} INFO - Started process (PID=29364) to work on /usr/local/python/3.12.1/lib/python3.12/site-packages/airflow/example_dags/example_trigger_controller_dag.py
[2026-05-06T23:50:08.033+0000] {processor.py:830} INFO - Processing file /usr/local/python/3.12.1/lib/python3.12/site-packages/airflow/example_dags/example_trigger_controller_dag.py for tasks to queue
[2026-05-06T23:50:08.035+0000] {logging_mixin.py:188} INFO - [2026-05-06T23:50:08.035+0000] {dagbag.py:545} INFO - Filling up the DagBag from /usr/local/python/3.12.1/lib/python3.12/site-packages/airflow/example_dags/example_trigger_controller_dag.py
[2026-05-06T23:50:08.039+0000] {processor.py:840} INFO - DAG(s) 'example_trigger_controller_dag' retrieved from /usr/local/python/3.12.1/lib/python3.12/site-packages/airflow/example_dags/example_trigger_controller_dag.py
[2026-05-06T23:50:08.052+0000] {logging_mixin.py:188} INFO - [2026-05-06T23:50:08.051+0000] {dag.py:3096} INFO - Sync 1 DAGs
[2026-05-06T23:50:08.067+0000] {logging_mixin.py:188} INFO - [2026-05-06T23:50:08.066+0000] {dag.py:3954} INFO - Setting next_dagrun for example_trigger_controller_dag to 2021-01-01 00:00:00+00:00, run_after=2021-01-01 00:00:00+00:00
[2026-05-06T23:50:08.084+0000] {processor.py:183} INFO - Processing /usr/local/python/3.12.1/lib/python3.12/site-packages/airflow/example_dags/example_trigger_controller_dag.py took 0.056 seconds
[2026-05-06T23:50:44.622+0000] {processor.py:161} INFO - Started process (PID=29655) to work on /usr/local/python/3.12.1/lib/python3.12/site-packages/airflow/example_dags/example_trigger_controller_dag.py
[2026-05-06T23:50:44.622+0000] {processor.py:830} INFO - Processing file /usr/local/python/3.12.1/lib/python3.12/site-packages/airflow/example_dags/example_trigger_controller_dag.py for tasks to queue
[2026-05-06T23:50:44.624+0000] {logging_mixin.py:188} INFO - [2026-05-06T23:50:44.624+0000] {dagbag.py:545} INFO - Filling up the DagBag from /usr/local/python/3.12.1/lib/python3.12/site-packages/airflow/example_dags/example_trigger_controller_dag.py
[2026-05-06T23:50:44.628+0000] {processor.py:840} INFO - DAG(s) 'example_trigger_controller_dag' retrieved from /usr/local/python/3.12.1/lib/python3.12/site-packages/airflow/example_dags/example_trigger_controller_dag.py
[2026-05-06T23:50:44.646+0000] {logging_mixin.py:188} INFO - [2026-05-06T23:50:44.646+0000] {dag.py:3096} INFO - Sync 1 DAGs
[2026-05-06T23:50:44.667+0000] {logging_mixin.py:188} INFO - [2026-05-06T23:50:44.666+0000] {dag.py:3954} INFO - Setting next_dagrun for example_trigger_controller_dag to 2021-01-01 00:00:00+00:00, run_after=2021-01-01 00:00:00+00:00
[2026-05-06T23:50:44.683+0000] {processor.py:183} INFO - Processing /usr/local/python/3.12.1/lib/python3.12/site-packages/airflow/example_dags/example_trigger_controller_dag.py took 0.067 seconds
[2026-05-06T23:51:24.993+0000] {processor.py:161} INFO - Started process (PID=29963) to work on /usr/local/python/3.12.1/lib/python3.12/site-packages/airflow/example_dags/example_trigger_controller_dag.py
[2026-05-06T23:51:24.994+0000] {processor.py:830} INFO - Processing file /usr/local/python/3.12.1/lib/python3.12/site-packages/airflow/example_dags/example_trigger_controller_dag.py for tasks to queue
[2026-05-06T23:51:24.995+0000] {logging_mixin.py:188} INFO - [2026-05-06T23:51:24.995+0000] {dagbag.py:545} INFO - Filling up the DagBag from /usr/local/python/3.12.1/lib/python3.12/site-packages/airflow/example_dags/example_trigger_controller_dag.py
[2026-05-06T23:51:25.001+0000] {processor.py:840} INFO - DAG(s) 'example_trigger_controller_dag' retrieved from /usr/local/python/3.12.1/lib/python3.12/site-packages/airflow/example_dags/example_trigger_controller_dag.py
[2026-05-06T23:51:25.014+0000] {logging_mixin.py:188} INFO - [2026-05-06T23:51:25.013+0000] {dag.py:3096} INFO - Sync 1 DAGs
[2026-05-06T23:51:25.029+0000] {logging_mixin.py:188} INFO - [2026-05-06T23:51:25.028+0000] {dag.py:3954} INFO - Setting next_dagrun for example_trigger_controller_dag to 2021-01-01 00:00:00+00:00, run_after=2021-01-01 00:00:00+00:00
[2026-05-06T23:51:25.054+0000] {processor.py:183} INFO - Processing /usr/local/python/3.12.1/lib/python3.12/site-packages/airflow/example_dags/example_trigger_controller_dag.py took 0.065 seconds
[2026-05-06T23:52:00.770+0000] {processor.py:161} INFO - Started process (PID=30236) to work on /usr/local/python/3.12.1/lib/python3.12/site-packages/airflow/example_dags/example_trigger_controller_dag.py
[2026-05-06T23:52:00.771+0000] {processor.py:830} INFO - Processing file /usr/local/python/3.12.1/lib/python3.12/site-packages/airflow/example_dags/example_trigger_controller_dag.py for tasks to queue
[2026-05-06T23:52:00.772+0000] {logging_mixin.py:188} INFO - [2026-05-06T23:52:00.772+0000] {dagbag.py:545} INFO - Filling up the DagBag from /usr/local/python/3.12.1/lib/python3.12/site-packages/airflow/example_dags/example_trigger_controller_dag.py
[2026-05-06T23:52:00.777+0000] {processor.py:840} INFO - DAG(s) 'example_trigger_controller_dag' retrieved from /usr/local/python/3.12.1/lib/python3.12/site-packages/airflow/example_dags/example_trigger_controller_dag.py
[2026-05-06T23:52:00.789+0000] {logging_mixin.py:188} INFO - [2026-05-06T23:52:00.789+0000] {dag.py:3096} INFO - Sync 1 DAGs
[2026-05-06T23:52:00.804+0000] {logging_mixin.py:188} INFO - [2026-05-06T23:52:00.804+0000] {dag.py:3954} INFO - Setting next_dagrun for example_trigger_controller_dag to 2021-01-01 00:00:00+00:00, run_after=2021-01-01 00:00:00+00:00
[2026-05-06T23:52:00.821+0000] {processor.py:183} INFO - Processing /usr/local/python/3.12.1/lib/python3.12/site-packages/airflow/example_dags/example_trigger_controller_dag.py took 0.056 seconds
[2026-05-06T23:52:40.133+0000] {processor.py:161} INFO - Started process (PID=30545) to work on /usr/local/python/3.12.1/lib/python3.12/site-packages/airflow/example_dags/example_trigger_controller_dag.py
[2026-05-06T23:52:40.134+0000] {processor.py:830} INFO - Processing file /usr/local/python/3.12.1/lib/python3.12/site-packages/airflow/example_dags/example_trigger_controller_dag.py for tasks to queue
[2026-05-06T23:52:40.135+0000] {logging_mixin.py:188} INFO - [2026-05-06T23:52:40.135+0000] {dagbag.py:545} INFO - Filling up the DagBag from /usr/local/python/3.12.1/lib/python3.12/site-packages/airflow/example_dags/example_trigger_controller_dag.py
[2026-05-06T23:52:40.141+0000] {processor.py:840} INFO - DAG(s) 'example_trigger_controller_dag' retrieved from /usr/local/python/3.12.1/lib/python3.12/site-packages/airflow/example_dags/example_trigger_controller_dag.py
[2026-05-06T23:52:40.158+0000] {logging_mixin.py:188} INFO - [2026-05-06T23:52:40.158+0000] {dag.py:3096} INFO - Sync 1 DAGs
[2026-05-06T23:52:40.174+0000] {logging_mixin.py:188} INFO - [2026-05-06T23:52:40.174+0000] {dag.py:3954} INFO - Setting next_dagrun for example_trigger_controller_dag to 2021-01-01 00:00:00+00:00, run_after=2021-01-01 00:00:00+00:00
[2026-05-06T23:52:40.191+0000] {processor.py:183} INFO - Processing /usr/local/python/3.12.1/lib/python3.12/site-packages/airflow/example_dags/example_trigger_controller_dag.py took 0.063 seconds
[2026-05-06T23:53:18.999+0000] {processor.py:161} INFO - Started process (PID=30851) to work on /usr/local/python/3.12.1/lib/python3.12/site-packages/airflow/example_dags/example_trigger_controller_dag.py
[2026-05-06T23:53:19.000+0000] {processor.py:830} INFO - Processing file /usr/local/python/3.12.1/lib/python3.12/site-packages/airflow/example_dags/example_trigger_controller_dag.py for tasks to queue
[2026-05-06T23:53:19.002+0000] {logging_mixin.py:188} INFO - [2026-05-06T23:53:19.001+0000] {dagbag.py:545} INFO - Filling up the DagBag from /usr/local/python/3.12.1/lib/python3.12/site-packages/airflow/example_dags/example_trigger_controller_dag.py
[2026-05-06T23:53:19.006+0000] {processor.py:840} INFO - DAG(s) 'example_trigger_controller_dag' retrieved from /usr/local/python/3.12.1/lib/python3.12/site-packages/airflow/example_dags/example_trigger_controller_dag.py
[2026-05-06T23:53:19.020+0000] {logging_mixin.py:188} INFO - [2026-05-06T23:53:19.020+0000] {dag.py:3096} INFO - Sync 1 DAGs
[2026-05-06T23:53:19.035+0000] {logging_mixin.py:188} INFO - [2026-05-06T23:53:19.035+0000] {dag.py:3954} INFO - Setting next_dagrun for example_trigger_controller_dag to 2021-01-01 00:00:00+00:00, run_after=2021-01-01 00:00:00+00:00
[2026-05-06T23:53:19.058+0000] {processor.py:183} INFO - Processing /usr/local/python/3.12.1/lib/python3.12/site-packages/airflow/example_dags/example_trigger_controller_dag.py took 0.064 seconds
[2026-05-06T23:53:59.753+0000] {processor.py:161} INFO - Started process (PID=31165) to work on /usr/local/python/3.12.1/lib/python3.12/site-packages/airflow/example_dags/example_trigger_controller_dag.py
[2026-05-06T23:53:59.754+0000] {processor.py:830} INFO - Processing file /usr/local/python/3.12.1/lib/python3.12/site-packages/airflow/example_dags/example_trigger_controller_dag.py for tasks to queue
[2026-05-06T23:53:59.756+0000] {logging_mixin.py:188} INFO - [2026-05-06T23:53:59.755+0000] {dagbag.py:545} INFO - Filling up the DagBag from /usr/local/python/3.12.1/lib/python3.12/site-packages/airflow/example_dags/example_trigger_controller_dag.py
[2026-05-06T23:53:59.760+0000] {processor.py:840} INFO - DAG(s) 'example_trigger_controller_dag' retrieved from /usr/local/python/3.12.1/lib/python3.12/site-packages/airflow/example_dags/example_trigger_controller_dag.py
[2026-05-06T23:53:59.773+0000] {logging_mixin.py:188} INFO - [2026-05-06T23:53:59.773+0000] {dag.py:3096} INFO - Sync 1 DAGs
[2026-05-06T23:53:59.788+0000] {logging_mixin.py:188} INFO - [2026-05-06T23:53:59.788+0000] {dag.py:3954} INFO - Setting next_dagrun for example_trigger_controller_dag to 2021-01-01 00:00:00+00:00, run_after=2021-01-01 00:00:00+00:00
[2026-05-06T23:53:59.805+0000] {processor.py:183} INFO - Processing /usr/local/python/3.12.1/lib/python3.12/site-packages/airflow/example_dags/example_trigger_controller_dag.py took 0.057 seconds
[2026-05-06T23:54:38.721+0000] {processor.py:161} INFO - Started process (PID=31478) to work on /usr/local/python/3.12.1/lib/python3.12/site-packages/airflow/example_dags/example_trigger_controller_dag.py
[2026-05-06T23:54:38.722+0000] {processor.py:830} INFO - Processing file /usr/local/python/3.12.1/lib/python3.12/site-packages/airflow/example_dags/example_trigger_controller_dag.py for tasks to queue
[2026-05-06T23:54:38.724+0000] {logging_mixin.py:188} INFO - [2026-05-06T23:54:38.723+0000] {dagbag.py:545} INFO - Filling up the DagBag from /usr/local/python/3.12.1/lib/python3.12/site-packages/airflow/example_dags/example_trigger_controller_dag.py
[2026-05-06T23:54:38.728+0000] {processor.py:840} INFO - DAG(s) 'example_trigger_controller_dag' retrieved from /usr/local/python/3.12.1/lib/python3.12/site-packages/airflow/example_dags/example_trigger_controller_dag.py
[2026-05-06T23:54:38.741+0000] {logging_mixin.py:188} INFO - [2026-05-06T23:54:38.741+0000] {dag.py:3096} INFO - Sync 1 DAGs
[2026-05-06T23:54:38.757+0000] {logging_mixin.py:188} INFO - [2026-05-06T23:54:38.756+0000] {dag.py:3954} INFO - Setting next_dagrun for example_trigger_controller_dag to 2021-01-01 00:00:00+00:00, run_after=2021-01-01 00:00:00+00:00
[2026-05-06T23:54:38.774+0000] {processor.py:183} INFO - Processing /usr/local/python/3.12.1/lib/python3.12/site-packages/airflow/example_dags/example_trigger_controller_dag.py took 0.057 seconds
[2026-05-06T23:55:16.950+0000] {processor.py:161} INFO - Started process (PID=31837) to work on /usr/local/python/3.12.1/lib/python3.12/site-packages/airflow/example_dags/example_trigger_controller_dag.py
[2026-05-06T23:55:16.950+0000] {processor.py:830} INFO - Processing file /usr/local/python/3.12.1/lib/python3.12/site-packages/airflow/example_dags/example_trigger_controller_dag.py for tasks to queue
[2026-05-06T23:55:16.952+0000] {logging_mixin.py:188} INFO - [2026-05-06T23:55:16.951+0000] {dagbag.py:545} INFO - Filling up the DagBag from /usr/local/python/3.12.1/lib/python3.12/site-packages/airflow/example_dags/example_trigger_controller_dag.py
[2026-05-06T23:55:16.956+0000] {processor.py:840} INFO - DAG(s) 'example_trigger_controller_dag' retrieved from /usr/local/python/3.12.1/lib/python3.12/site-packages/airflow/example_dags/example_trigger_controller_dag.py
[2026-05-06T23:55:16.969+0000] {logging_mixin.py:188} INFO - [2026-05-06T23:55:16.969+0000] {dag.py:3096} INFO - Sync 1 DAGs
[2026-05-06T23:55:16.985+0000] {logging_mixin.py:188} INFO - [2026-05-06T23:55:16.984+0000] {dag.py:3954} INFO - Setting next_dagrun for example_trigger_controller_dag to 2021-01-01 00:00:00+00:00, run_after=2021-01-01 00:00:00+00:00
[2026-05-06T23:55:17.029+0000] {processor.py:183} INFO - Processing /usr/local/python/3.12.1/lib/python3.12/site-packages/airflow/example_dags/example_trigger_controller_dag.py took 0.085 seconds
[2026-05-06T23:55:58.134+0000] {processor.py:161} INFO - Started process (PID=32157) to work on /usr/local/python/3.12.1/lib/python3.12/site-packages/airflow/example_dags/example_trigger_controller_dag.py
[2026-05-06T23:55:58.135+0000] {processor.py:830} INFO - Processing file /usr/local/python/3.12.1/lib/python3.12/site-packages/airflow/example_dags/example_trigger_controller_dag.py for tasks to queue
[2026-05-06T23:55:58.136+0000] {logging_mixin.py:188} INFO - [2026-05-06T23:55:58.136+0000] {dagbag.py:545} INFO - Filling up the DagBag from /usr/local/python/3.12.1/lib/python3.12/site-packages/airflow/example_dags/example_trigger_controller_dag.py
[2026-05-06T23:55:58.141+0000] {processor.py:840} INFO - DAG(s) 'example_trigger_controller_dag' retrieved from /usr/local/python/3.12.1/lib/python3.12/site-packages/airflow/example_dags/example_trigger_controller_dag.py
[2026-05-06T23:55:58.154+0000] {logging_mixin.py:188} INFO - [2026-05-06T23:55:58.153+0000] {dag.py:3096} INFO - Sync 1 DAGs
[2026-05-06T23:55:58.169+0000] {logging_mixin.py:188} INFO - [2026-05-06T23:55:58.169+0000] {dag.py:3954} INFO - Setting next_dagrun for example_trigger_controller_dag to 2021-01-01 00:00:00+00:00, run_after=2021-01-01 00:00:00+00:00
[2026-05-06T23:55:58.187+0000] {processor.py:183} INFO - Processing /usr/local/python/3.12.1/lib/python3.12/site-packages/airflow/example_dags/example_trigger_controller_dag.py took 0.058 seconds
[2026-05-06T23:56:35.502+0000] {processor.py:161} INFO - Started process (PID=32452) to work on /usr/local/python/3.12.1/lib/python3.12/site-packages/airflow/example_dags/example_trigger_controller_dag.py
[2026-05-06T23:56:35.503+0000] {processor.py:830} INFO - Processing file /usr/local/python/3.12.1/lib/python3.12/site-packages/airflow/example_dags/example_trigger_controller_dag.py for tasks to queue
[2026-05-06T23:56:35.504+0000] {logging_mixin.py:188} INFO - [2026-05-06T23:56:35.504+0000] {dagbag.py:545} INFO - Filling up the DagBag from /usr/local/python/3.12.1/lib/python3.12/site-packages/airflow/example_dags/example_trigger_controller_dag.py
[2026-05-06T23:56:35.508+0000] {processor.py:840} INFO - DAG(s) 'example_trigger_controller_dag' retrieved from /usr/local/python/3.12.1/lib/python3.12/site-packages/airflow/example_dags/example_trigger_controller_dag.py
[2026-05-06T23:56:35.521+0000] {logging_mixin.py:188} INFO - [2026-05-06T23:56:35.521+0000] {dag.py:3096} INFO - Sync 1 DAGs
[2026-05-06T23:56:35.536+0000] {logging_mixin.py:188} INFO - [2026-05-06T23:56:35.536+0000] {dag.py:3954} INFO - Setting next_dagrun for example_trigger_controller_dag to 2021-01-01 00:00:00+00:00, run_after=2021-01-01 00:00:00+00:00
[2026-05-06T23:56:35.552+0000] {processor.py:183} INFO - Processing /usr/local/python/3.12.1/lib/python3.12/site-packages/airflow/example_dags/example_trigger_controller_dag.py took 0.055 seconds
[2026-05-06T23:57:13.568+0000] {processor.py:161} INFO - Started process (PID=32650) to work on /usr/local/python/3.12.1/lib/python3.12/site-packages/airflow/example_dags/example_trigger_controller_dag.py
[2026-05-06T23:57:13.569+0000] {processor.py:830} INFO - Processing file /usr/local/python/3.12.1/lib/python3.12/site-packages/airflow/example_dags/example_trigger_controller_dag.py for tasks to queue
[2026-05-06T23:57:13.570+0000] {logging_mixin.py:188} INFO - [2026-05-06T23:57:13.570+0000] {dagbag.py:545} INFO - Filling up the DagBag from /usr/local/python/3.12.1/lib/python3.12/site-packages/airflow/example_dags/example_trigger_controller_dag.py
[2026-05-06T23:57:13.574+0000] {processor.py:840} INFO - DAG(s) 'example_trigger_controller_dag' retrieved from /usr/local/python/3.12.1/lib/python3.12/site-packages/airflow/example_dags/example_trigger_controller_dag.py
[2026-05-06T23:57:13.587+0000] {logging_mixin.py:188} INFO - [2026-05-06T23:57:13.587+0000] {dag.py:3096} INFO - Sync 1 DAGs
[2026-05-06T23:57:13.602+0000] {logging_mixin.py:188} INFO - [2026-05-06T23:57:13.602+0000] {dag.py:3954} INFO - Setting next_dagrun for example_trigger_controller_dag to 2021-01-01 00:00:00+00:00, run_after=2021-01-01 00:00:00+00:00
[2026-05-06T23:57:13.619+0000] {processor.py:183} INFO - Processing /usr/local/python/3.12.1/lib/python3.12/site-packages/airflow/example_dags/example_trigger_controller_dag.py took 0.056 seconds
[2026-05-06T23:57:51.205+0000] {processor.py:161} INFO - Started process (PID=32842) to work on /usr/local/python/3.12.1/lib/python3.12/site-packages/airflow/example_dags/example_trigger_controller_dag.py
[2026-05-06T23:57:51.206+0000] {processor.py:830} INFO - Processing file /usr/local/python/3.12.1/lib/python3.12/site-packages/airflow/example_dags/example_trigger_controller_dag.py for tasks to queue
[2026-05-06T23:57:51.208+0000] {logging_mixin.py:188} INFO - [2026-05-06T23:57:51.207+0000] {dagbag.py:545} INFO - Filling up the DagBag from /usr/local/python/3.12.1/lib/python3.12/site-packages/airflow/example_dags/example_trigger_controller_dag.py
[2026-05-06T23:57:51.212+0000] {processor.py:840} INFO - DAG(s) 'example_trigger_controller_dag' retrieved from /usr/local/python/3.12.1/lib/python3.12/site-packages/airflow/example_dags/example_trigger_controller_dag.py
[2026-05-06T23:57:51.225+0000] {logging_mixin.py:188} INFO - [2026-05-06T23:57:51.225+0000] {dag.py:3096} INFO - Sync 1 DAGs
[2026-05-06T23:57:51.241+0000] {logging_mixin.py:188} INFO - [2026-05-06T23:57:51.241+0000] {dag.py:3954} INFO - Setting next_dagrun for example_trigger_controller_dag to 2021-01-01 00:00:00+00:00, run_after=2021-01-01 00:00:00+00:00
[2026-05-06T23:57:51.261+0000] {processor.py:183} INFO - Processing /usr/local/python/3.12.1/lib/python3.12/site-packages/airflow/example_dags/example_trigger_controller_dag.py took 0.061 seconds
[2026-05-06T23:58:30.118+0000] {processor.py:161} INFO - Started process (PID=33033) to work on /usr/local/python/3.12.1/lib/python3.12/site-packages/airflow/example_dags/example_trigger_controller_dag.py
[2026-05-06T23:58:30.119+0000] {processor.py:830} INFO - Processing file /usr/local/python/3.12.1/lib/python3.12/site-packages/airflow/example_dags/example_trigger_controller_dag.py for tasks to queue
[2026-05-06T23:58:30.120+0000] {logging_mixin.py:188} INFO - [2026-05-06T23:58:30.120+0000] {dagbag.py:545} INFO - Filling up the DagBag from /usr/local/python/3.12.1/lib/python3.12/site-packages/airflow/example_dags/example_trigger_controller_dag.py
[2026-05-06T23:58:30.125+0000] {processor.py:840} INFO - DAG(s) 'example_trigger_controller_dag' retrieved from /usr/local/python/3.12.1/lib/python3.12/site-packages/airflow/example_dags/example_trigger_controller_dag.py
[2026-05-06T23:58:30.139+0000] {logging_mixin.py:188} INFO - [2026-05-06T23:58:30.138+0000] {dag.py:3096} INFO - Sync 1 DAGs
[2026-05-06T23:58:30.159+0000] {logging_mixin.py:188} INFO - [2026-05-06T23:58:30.159+0000] {dag.py:3954} INFO - Setting next_dagrun for example_trigger_controller_dag to 2021-01-01 00:00:00+00:00, run_after=2021-01-01 00:00:00+00:00
[2026-05-06T23:58:30.176+0000] {processor.py:183} INFO - Processing /usr/local/python/3.12.1/lib/python3.12/site-packages/airflow/example_dags/example_trigger_controller_dag.py took 0.062 seconds
[2026-05-06T23:59:10.225+0000] {processor.py:161} INFO - Started process (PID=33228) to work on /usr/local/python/3.12.1/lib/python3.12/site-packages/airflow/example_dags/example_trigger_controller_dag.py
[2026-05-06T23:59:10.226+0000] {processor.py:830} INFO - Processing file /usr/local/python/3.12.1/lib/python3.12/site-packages/airflow/example_dags/example_trigger_controller_dag.py for tasks to queue
[2026-05-06T23:59:10.227+0000] {logging_mixin.py:188} INFO - [2026-05-06T23:59:10.227+0000] {dagbag.py:545} INFO - Filling up the DagBag from /usr/local/python/3.12.1/lib/python3.12/site-packages/airflow/example_dags/example_trigger_controller_dag.py
[2026-05-06T23:59:10.232+0000] {processor.py:840} INFO - DAG(s) 'example_trigger_controller_dag' retrieved from /usr/local/python/3.12.1/lib/python3.12/site-packages/airflow/example_dags/example_trigger_controller_dag.py
[2026-05-06T23:59:10.245+0000] {logging_mixin.py:188} INFO - [2026-05-06T23:59:10.244+0000] {dag.py:3096} INFO - Sync 1 DAGs
[2026-05-06T23:59:10.260+0000] {logging_mixin.py:188} INFO - [2026-05-06T23:59:10.259+0000] {dag.py:3954} INFO - Setting next_dagrun for example_trigger_controller_dag to 2021-01-01 00:00:00+00:00, run_after=2021-01-01 00:00:00+00:00
[2026-05-06T23:59:10.278+0000] {processor.py:183} INFO - Processing /usr/local/python/3.12.1/lib/python3.12/site-packages/airflow/example_dags/example_trigger_controller_dag.py took 0.058 seconds
[2026-05-06T23:59:49.092+0000] {processor.py:161} INFO - Started process (PID=33418) to work on /usr/local/python/3.12.1/lib/python3.12/site-packages/airflow/example_dags/example_trigger_controller_dag.py
[2026-05-06T23:59:49.093+0000] {processor.py:830} INFO - Processing file /usr/local/python/3.12.1/lib/python3.12/site-packages/airflow/example_dags/example_trigger_controller_dag.py for tasks to queue
[2026-05-06T23:59:49.094+0000] {logging_mixin.py:188} INFO - [2026-05-06T23:59:49.094+0000] {dagbag.py:545} INFO - Filling up the DagBag from /usr/local/python/3.12.1/lib/python3.12/site-packages/airflow/example_dags/example_trigger_controller_dag.py
[2026-05-06T23:59:49.099+0000] {processor.py:840} INFO - DAG(s) 'example_trigger_controller_dag' retrieved from /usr/local/python/3.12.1/lib/python3.12/site-packages/airflow/example_dags/example_trigger_controller_dag.py
[2026-05-06T23:59:49.112+0000] {logging_mixin.py:188} INFO - [2026-05-06T23:59:49.112+0000] {dag.py:3096} INFO - Sync 1 DAGs
[2026-05-06T23:59:49.129+0000] {logging_mixin.py:188} INFO - [2026-05-06T23:59:49.129+0000] {dag.py:3954} INFO - Setting next_dagrun for example_trigger_controller_dag to 2021-01-01 00:00:00+00:00, run_after=2021-01-01 00:00:00+00:00
[2026-05-06T23:59:49.149+0000] {processor.py:183} INFO - Processing /usr/local/python/3.12.1/lib/python3.12/site-packages/airflow/example_dags/example_trigger_controller_dag.py took 0.062 seconds
