[2026-05-06T23:19:10.202+0000] {processor.py:161} INFO - Started process (PID=13374) to work on /usr/local/python/3.12.1/lib/python3.12/site-packages/airflow/example_dags/example_params_trigger_ui.py
[2026-05-06T23:19:10.203+0000] {processor.py:830} INFO - Processing file /usr/local/python/3.12.1/lib/python3.12/site-packages/airflow/example_dags/example_params_trigger_ui.py for tasks to queue
[2026-05-06T23:19:10.204+0000] {logging_mixin.py:188} INFO - [2026-05-06T23:19:10.204+0000] {dagbag.py:545} INFO - Filling up the DagBag from /usr/local/python/3.12.1/lib/python3.12/site-packages/airflow/example_dags/example_params_trigger_ui.py
[2026-05-06T23:19:10.215+0000] {processor.py:840} INFO - DAG(s) 'example_params_trigger_ui' retrieved from /usr/local/python/3.12.1/lib/python3.12/site-packages/airflow/example_dags/example_params_trigger_ui.py
[2026-05-06T23:19:10.341+0000] {logging_mixin.py:188} INFO - [2026-05-06T23:19:10.341+0000] {override.py:1829} INFO - Created Permission View: can delete on DAG:example_params_trigger_ui
[2026-05-06T23:19:10.349+0000] {logging_mixin.py:188} INFO - [2026-05-06T23:19:10.348+0000] {override.py:1829} INFO - Created Permission View: can edit on DAG:example_params_trigger_ui
[2026-05-06T23:19:10.354+0000] {logging_mixin.py:188} INFO - [2026-05-06T23:19:10.354+0000] {override.py:1829} INFO - Created Permission View: can read on DAG:example_params_trigger_ui
[2026-05-06T23:19:10.354+0000] {logging_mixin.py:188} INFO - [2026-05-06T23:19:10.354+0000] {dag.py:3096} INFO - Sync 1 DAGs
[2026-05-06T23:19:10.362+0000] {logging_mixin.py:188} INFO - [2026-05-06T23:19:10.361+0000] {dag.py:3118} INFO - Creating ORM DAG for example_params_trigger_ui
[2026-05-06T23:19:10.362+0000] {logging_mixin.py:188} INFO - [2026-05-06T23:19:10.362+0000] {dag.py:3954} INFO - Setting next_dagrun for example_params_trigger_ui to None, run_after=None
[2026-05-06T23:19:10.387+0000] {processor.py:183} INFO - Processing /usr/local/python/3.12.1/lib/python3.12/site-packages/airflow/example_dags/example_params_trigger_ui.py took 0.190 seconds
[2026-05-06T23:20:00.740+0000] {processor.py:161} INFO - Started process (PID=13845) to work on /usr/local/python/3.12.1/lib/python3.12/site-packages/airflow/example_dags/example_params_trigger_ui.py
[2026-05-06T23:20:00.740+0000] {processor.py:830} INFO - Processing file /usr/local/python/3.12.1/lib/python3.12/site-packages/airflow/example_dags/example_params_trigger_ui.py for tasks to queue
[2026-05-06T23:20:00.742+0000] {logging_mixin.py:188} INFO - [2026-05-06T23:20:00.742+0000] {dagbag.py:545} INFO - Filling up the DagBag from /usr/local/python/3.12.1/lib/python3.12/site-packages/airflow/example_dags/example_params_trigger_ui.py
[2026-05-06T23:20:00.759+0000] {processor.py:840} INFO - DAG(s) 'example_params_trigger_ui' retrieved from /usr/local/python/3.12.1/lib/python3.12/site-packages/airflow/example_dags/example_params_trigger_ui.py
[2026-05-06T23:20:00.801+0000] {logging_mixin.py:188} INFO - [2026-05-06T23:20:00.801+0000] {dag.py:3096} INFO - Sync 1 DAGs
[2026-05-06T23:20:00.811+0000] {logging_mixin.py:188} INFO - [2026-05-06T23:20:00.810+0000] {dag.py:3954} INFO - Setting next_dagrun for example_params_trigger_ui to None, run_after=None
[2026-05-06T23:20:00.826+0000] {processor.py:183} INFO - Processing /usr/local/python/3.12.1/lib/python3.12/site-packages/airflow/example_dags/example_params_trigger_ui.py took 0.091 seconds
[2026-05-06T23:20:50.088+0000] {processor.py:161} INFO - Started process (PID=14261) to work on /usr/local/python/3.12.1/lib/python3.12/site-packages/airflow/example_dags/example_params_trigger_ui.py
[2026-05-06T23:20:50.088+0000] {processor.py:830} INFO - Processing file /usr/local/python/3.12.1/lib/python3.12/site-packages/airflow/example_dags/example_params_trigger_ui.py for tasks to queue
[2026-05-06T23:20:50.090+0000] {logging_mixin.py:188} INFO - [2026-05-06T23:20:50.089+0000] {dagbag.py:545} INFO - Filling up the DagBag from /usr/local/python/3.12.1/lib/python3.12/site-packages/airflow/example_dags/example_params_trigger_ui.py
[2026-05-06T23:20:50.101+0000] {processor.py:840} INFO - DAG(s) 'example_params_trigger_ui' retrieved from /usr/local/python/3.12.1/lib/python3.12/site-packages/airflow/example_dags/example_params_trigger_ui.py
[2026-05-06T23:20:50.131+0000] {logging_mixin.py:188} INFO - [2026-05-06T23:20:50.131+0000] {dag.py:3096} INFO - Sync 1 DAGs
[2026-05-06T23:20:50.140+0000] {logging_mixin.py:188} INFO - [2026-05-06T23:20:50.140+0000] {dag.py:3954} INFO - Setting next_dagrun for example_params_trigger_ui to None, run_after=None
[2026-05-06T23:20:50.159+0000] {processor.py:183} INFO - Processing /usr/local/python/3.12.1/lib/python3.12/site-packages/airflow/example_dags/example_params_trigger_ui.py took 0.076 seconds
[2026-05-06T23:21:49.711+0000] {processor.py:161} INFO - Started process (PID=14829) to work on /usr/local/python/3.12.1/lib/python3.12/site-packages/airflow/example_dags/example_params_trigger_ui.py
[2026-05-06T23:21:49.712+0000] {processor.py:830} INFO - Processing file /usr/local/python/3.12.1/lib/python3.12/site-packages/airflow/example_dags/example_params_trigger_ui.py for tasks to queue
[2026-05-06T23:21:49.713+0000] {logging_mixin.py:188} INFO - [2026-05-06T23:21:49.713+0000] {dagbag.py:545} INFO - Filling up the DagBag from /usr/local/python/3.12.1/lib/python3.12/site-packages/airflow/example_dags/example_params_trigger_ui.py
[2026-05-06T23:21:49.725+0000] {processor.py:840} INFO - DAG(s) 'example_params_trigger_ui' retrieved from /usr/local/python/3.12.1/lib/python3.12/site-packages/airflow/example_dags/example_params_trigger_ui.py
[2026-05-06T23:21:49.754+0000] {logging_mixin.py:188} INFO - [2026-05-06T23:21:49.753+0000] {dag.py:3096} INFO - Sync 1 DAGs
[2026-05-06T23:21:49.763+0000] {logging_mixin.py:188} INFO - [2026-05-06T23:21:49.763+0000] {dag.py:3954} INFO - Setting next_dagrun for example_params_trigger_ui to None, run_after=None
[2026-05-06T23:21:49.779+0000] {processor.py:183} INFO - Processing /usr/local/python/3.12.1/lib/python3.12/site-packages/airflow/example_dags/example_params_trigger_ui.py took 0.072 seconds
[2026-05-06T23:22:51.675+0000] {processor.py:161} INFO - Started process (PID=15393) to work on /usr/local/python/3.12.1/lib/python3.12/site-packages/airflow/example_dags/example_params_trigger_ui.py
[2026-05-06T23:22:51.676+0000] {processor.py:830} INFO - Processing file /usr/local/python/3.12.1/lib/python3.12/site-packages/airflow/example_dags/example_params_trigger_ui.py for tasks to queue
[2026-05-06T23:22:51.678+0000] {logging_mixin.py:188} INFO - [2026-05-06T23:22:51.677+0000] {dagbag.py:545} INFO - Filling up the DagBag from /usr/local/python/3.12.1/lib/python3.12/site-packages/airflow/example_dags/example_params_trigger_ui.py
[2026-05-06T23:22:51.689+0000] {processor.py:840} INFO - DAG(s) 'example_params_trigger_ui' retrieved from /usr/local/python/3.12.1/lib/python3.12/site-packages/airflow/example_dags/example_params_trigger_ui.py
[2026-05-06T23:22:51.718+0000] {logging_mixin.py:188} INFO - [2026-05-06T23:22:51.718+0000] {dag.py:3096} INFO - Sync 1 DAGs
[2026-05-06T23:22:51.727+0000] {logging_mixin.py:188} INFO - [2026-05-06T23:22:51.727+0000] {dag.py:3954} INFO - Setting next_dagrun for example_params_trigger_ui to None, run_after=None
[2026-05-06T23:22:51.743+0000] {processor.py:183} INFO - Processing /usr/local/python/3.12.1/lib/python3.12/site-packages/airflow/example_dags/example_params_trigger_ui.py took 0.072 seconds
[2026-05-06T23:23:46.739+0000] {processor.py:161} INFO - Started process (PID=15954) to work on /usr/local/python/3.12.1/lib/python3.12/site-packages/airflow/example_dags/example_params_trigger_ui.py
[2026-05-06T23:23:46.740+0000] {processor.py:830} INFO - Processing file /usr/local/python/3.12.1/lib/python3.12/site-packages/airflow/example_dags/example_params_trigger_ui.py for tasks to queue
[2026-05-06T23:23:46.741+0000] {logging_mixin.py:188} INFO - [2026-05-06T23:23:46.741+0000] {dagbag.py:545} INFO - Filling up the DagBag from /usr/local/python/3.12.1/lib/python3.12/site-packages/airflow/example_dags/example_params_trigger_ui.py
[2026-05-06T23:23:46.752+0000] {processor.py:840} INFO - DAG(s) 'example_params_trigger_ui' retrieved from /usr/local/python/3.12.1/lib/python3.12/site-packages/airflow/example_dags/example_params_trigger_ui.py
[2026-05-06T23:23:46.784+0000] {logging_mixin.py:188} INFO - [2026-05-06T23:23:46.784+0000] {dag.py:3096} INFO - Sync 1 DAGs
[2026-05-06T23:23:46.793+0000] {logging_mixin.py:188} INFO - [2026-05-06T23:23:46.793+0000] {dag.py:3954} INFO - Setting next_dagrun for example_params_trigger_ui to None, run_after=None
[2026-05-06T23:23:46.809+0000] {processor.py:183} INFO - Processing /usr/local/python/3.12.1/lib/python3.12/site-packages/airflow/example_dags/example_params_trigger_ui.py took 0.074 seconds
[2026-05-06T23:24:43.385+0000] {processor.py:161} INFO - Started process (PID=16776) to work on /usr/local/python/3.12.1/lib/python3.12/site-packages/airflow/example_dags/example_params_trigger_ui.py
[2026-05-06T23:24:43.385+0000] {processor.py:830} INFO - Processing file /usr/local/python/3.12.1/lib/python3.12/site-packages/airflow/example_dags/example_params_trigger_ui.py for tasks to queue
[2026-05-06T23:24:43.387+0000] {logging_mixin.py:188} INFO - [2026-05-06T23:24:43.386+0000] {dagbag.py:545} INFO - Filling up the DagBag from /usr/local/python/3.12.1/lib/python3.12/site-packages/airflow/example_dags/example_params_trigger_ui.py
[2026-05-06T23:24:43.398+0000] {processor.py:840} INFO - DAG(s) 'example_params_trigger_ui' retrieved from /usr/local/python/3.12.1/lib/python3.12/site-packages/airflow/example_dags/example_params_trigger_ui.py
[2026-05-06T23:24:43.427+0000] {logging_mixin.py:188} INFO - [2026-05-06T23:24:43.427+0000] {dag.py:3096} INFO - Sync 1 DAGs
[2026-05-06T23:24:43.436+0000] {logging_mixin.py:188} INFO - [2026-05-06T23:24:43.436+0000] {dag.py:3954} INFO - Setting next_dagrun for example_params_trigger_ui to None, run_after=None
[2026-05-06T23:24:43.452+0000] {processor.py:183} INFO - Processing /usr/local/python/3.12.1/lib/python3.12/site-packages/airflow/example_dags/example_params_trigger_ui.py took 0.072 seconds
[2026-05-06T23:25:42.032+0000] {processor.py:161} INFO - Started process (PID=17324) to work on /usr/local/python/3.12.1/lib/python3.12/site-packages/airflow/example_dags/example_params_trigger_ui.py
[2026-05-06T23:25:42.033+0000] {processor.py:830} INFO - Processing file /usr/local/python/3.12.1/lib/python3.12/site-packages/airflow/example_dags/example_params_trigger_ui.py for tasks to queue
[2026-05-06T23:25:42.034+0000] {logging_mixin.py:188} INFO - [2026-05-06T23:25:42.034+0000] {dagbag.py:545} INFO - Filling up the DagBag from /usr/local/python/3.12.1/lib/python3.12/site-packages/airflow/example_dags/example_params_trigger_ui.py
[2026-05-06T23:25:42.045+0000] {processor.py:840} INFO - DAG(s) 'example_params_trigger_ui' retrieved from /usr/local/python/3.12.1/lib/python3.12/site-packages/airflow/example_dags/example_params_trigger_ui.py
[2026-05-06T23:25:42.075+0000] {logging_mixin.py:188} INFO - [2026-05-06T23:25:42.074+0000] {dag.py:3096} INFO - Sync 1 DAGs
[2026-05-06T23:25:42.169+0000] {logging_mixin.py:188} INFO - [2026-05-06T23:25:42.169+0000] {dag.py:3954} INFO - Setting next_dagrun for example_params_trigger_ui to None, run_after=None
[2026-05-06T23:25:42.183+0000] {processor.py:183} INFO - Processing /usr/local/python/3.12.1/lib/python3.12/site-packages/airflow/example_dags/example_params_trigger_ui.py took 0.156 seconds
[2026-05-06T23:26:41.412+0000] {processor.py:161} INFO - Started process (PID=17821) to work on /usr/local/python/3.12.1/lib/python3.12/site-packages/airflow/example_dags/example_params_trigger_ui.py
[2026-05-06T23:26:41.413+0000] {processor.py:830} INFO - Processing file /usr/local/python/3.12.1/lib/python3.12/site-packages/airflow/example_dags/example_params_trigger_ui.py for tasks to queue
[2026-05-06T23:26:41.414+0000] {logging_mixin.py:188} INFO - [2026-05-06T23:26:41.414+0000] {dagbag.py:545} INFO - Filling up the DagBag from /usr/local/python/3.12.1/lib/python3.12/site-packages/airflow/example_dags/example_params_trigger_ui.py
[2026-05-06T23:26:41.425+0000] {processor.py:840} INFO - DAG(s) 'example_params_trigger_ui' retrieved from /usr/local/python/3.12.1/lib/python3.12/site-packages/airflow/example_dags/example_params_trigger_ui.py
[2026-05-06T23:26:41.455+0000] {logging_mixin.py:188} INFO - [2026-05-06T23:26:41.455+0000] {dag.py:3096} INFO - Sync 1 DAGs
[2026-05-06T23:26:41.464+0000] {logging_mixin.py:188} INFO - [2026-05-06T23:26:41.464+0000] {dag.py:3954} INFO - Setting next_dagrun for example_params_trigger_ui to None, run_after=None
[2026-05-06T23:26:41.480+0000] {processor.py:183} INFO - Processing /usr/local/python/3.12.1/lib/python3.12/site-packages/airflow/example_dags/example_params_trigger_ui.py took 0.073 seconds
[2026-05-06T23:27:39.121+0000] {processor.py:161} INFO - Started process (PID=18443) to work on /usr/local/python/3.12.1/lib/python3.12/site-packages/airflow/example_dags/example_params_trigger_ui.py
[2026-05-06T23:27:39.122+0000] {processor.py:830} INFO - Processing file /usr/local/python/3.12.1/lib/python3.12/site-packages/airflow/example_dags/example_params_trigger_ui.py for tasks to queue
[2026-05-06T23:27:39.124+0000] {logging_mixin.py:188} INFO - [2026-05-06T23:27:39.123+0000] {dagbag.py:545} INFO - Filling up the DagBag from /usr/local/python/3.12.1/lib/python3.12/site-packages/airflow/example_dags/example_params_trigger_ui.py
[2026-05-06T23:27:39.135+0000] {processor.py:840} INFO - DAG(s) 'example_params_trigger_ui' retrieved from /usr/local/python/3.12.1/lib/python3.12/site-packages/airflow/example_dags/example_params_trigger_ui.py
[2026-05-06T23:27:39.183+0000] {logging_mixin.py:188} INFO - [2026-05-06T23:27:39.182+0000] {dag.py:3096} INFO - Sync 1 DAGs
[2026-05-06T23:27:39.198+0000] {logging_mixin.py:188} INFO - [2026-05-06T23:27:39.197+0000] {dag.py:3954} INFO - Setting next_dagrun for example_params_trigger_ui to None, run_after=None
[2026-05-06T23:27:39.215+0000] {processor.py:183} INFO - Processing /usr/local/python/3.12.1/lib/python3.12/site-packages/airflow/example_dags/example_params_trigger_ui.py took 0.099 seconds
[2026-05-06T23:28:40.119+0000] {processor.py:161} INFO - Started process (PID=18953) to work on /usr/local/python/3.12.1/lib/python3.12/site-packages/airflow/example_dags/example_params_trigger_ui.py
[2026-05-06T23:28:40.120+0000] {processor.py:830} INFO - Processing file /usr/local/python/3.12.1/lib/python3.12/site-packages/airflow/example_dags/example_params_trigger_ui.py for tasks to queue
[2026-05-06T23:28:40.121+0000] {logging_mixin.py:188} INFO - [2026-05-06T23:28:40.121+0000] {dagbag.py:545} INFO - Filling up the DagBag from /usr/local/python/3.12.1/lib/python3.12/site-packages/airflow/example_dags/example_params_trigger_ui.py
[2026-05-06T23:28:40.132+0000] {processor.py:840} INFO - DAG(s) 'example_params_trigger_ui' retrieved from /usr/local/python/3.12.1/lib/python3.12/site-packages/airflow/example_dags/example_params_trigger_ui.py
[2026-05-06T23:28:40.162+0000] {logging_mixin.py:188} INFO - [2026-05-06T23:28:40.162+0000] {dag.py:3096} INFO - Sync 1 DAGs
[2026-05-06T23:28:40.171+0000] {logging_mixin.py:188} INFO - [2026-05-06T23:28:40.171+0000] {dag.py:3954} INFO - Setting next_dagrun for example_params_trigger_ui to None, run_after=None
[2026-05-06T23:28:40.189+0000] {processor.py:183} INFO - Processing /usr/local/python/3.12.1/lib/python3.12/site-packages/airflow/example_dags/example_params_trigger_ui.py took 0.074 seconds
[2026-05-06T23:31:52.788+0000] {processor.py:161} INFO - Started process (PID=20803) to work on /usr/local/python/3.12.1/lib/python3.12/site-packages/airflow/example_dags/example_params_trigger_ui.py
[2026-05-06T23:31:52.789+0000] {processor.py:830} INFO - Processing file /usr/local/python/3.12.1/lib/python3.12/site-packages/airflow/example_dags/example_params_trigger_ui.py for tasks to queue
[2026-05-06T23:31:52.790+0000] {logging_mixin.py:188} INFO - [2026-05-06T23:31:52.790+0000] {dagbag.py:545} INFO - Filling up the DagBag from /usr/local/python/3.12.1/lib/python3.12/site-packages/airflow/example_dags/example_params_trigger_ui.py
[2026-05-06T23:31:52.801+0000] {processor.py:840} INFO - DAG(s) 'example_params_trigger_ui' retrieved from /usr/local/python/3.12.1/lib/python3.12/site-packages/airflow/example_dags/example_params_trigger_ui.py
[2026-05-06T23:31:52.833+0000] {logging_mixin.py:188} INFO - [2026-05-06T23:31:52.833+0000] {dag.py:3096} INFO - Sync 1 DAGs
[2026-05-06T23:31:52.843+0000] {logging_mixin.py:188} INFO - [2026-05-06T23:31:52.843+0000] {dag.py:3954} INFO - Setting next_dagrun for example_params_trigger_ui to None, run_after=None
[2026-05-06T23:31:52.860+0000] {processor.py:183} INFO - Processing /usr/local/python/3.12.1/lib/python3.12/site-packages/airflow/example_dags/example_params_trigger_ui.py took 0.076 seconds
[2026-05-06T23:32:41.395+0000] {processor.py:161} INFO - Started process (PID=21182) to work on /usr/local/python/3.12.1/lib/python3.12/site-packages/airflow/example_dags/example_params_trigger_ui.py
[2026-05-06T23:32:41.396+0000] {processor.py:830} INFO - Processing file /usr/local/python/3.12.1/lib/python3.12/site-packages/airflow/example_dags/example_params_trigger_ui.py for tasks to queue
[2026-05-06T23:32:41.398+0000] {logging_mixin.py:188} INFO - [2026-05-06T23:32:41.397+0000] {dagbag.py:545} INFO - Filling up the DagBag from /usr/local/python/3.12.1/lib/python3.12/site-packages/airflow/example_dags/example_params_trigger_ui.py
[2026-05-06T23:32:41.409+0000] {processor.py:840} INFO - DAG(s) 'example_params_trigger_ui' retrieved from /usr/local/python/3.12.1/lib/python3.12/site-packages/airflow/example_dags/example_params_trigger_ui.py
[2026-05-06T23:32:41.440+0000] {logging_mixin.py:188} INFO - [2026-05-06T23:32:41.439+0000] {dag.py:3096} INFO - Sync 1 DAGs
[2026-05-06T23:32:41.449+0000] {logging_mixin.py:188} INFO - [2026-05-06T23:32:41.448+0000] {dag.py:3954} INFO - Setting next_dagrun for example_params_trigger_ui to None, run_after=None
[2026-05-06T23:32:41.465+0000] {processor.py:183} INFO - Processing /usr/local/python/3.12.1/lib/python3.12/site-packages/airflow/example_dags/example_params_trigger_ui.py took 0.074 seconds
[2026-05-06T23:33:37.861+0000] {processor.py:161} INFO - Started process (PID=21630) to work on /usr/local/python/3.12.1/lib/python3.12/site-packages/airflow/example_dags/example_params_trigger_ui.py
[2026-05-06T23:33:37.861+0000] {processor.py:830} INFO - Processing file /usr/local/python/3.12.1/lib/python3.12/site-packages/airflow/example_dags/example_params_trigger_ui.py for tasks to queue
[2026-05-06T23:33:37.863+0000] {logging_mixin.py:188} INFO - [2026-05-06T23:33:37.863+0000] {dagbag.py:545} INFO - Filling up the DagBag from /usr/local/python/3.12.1/lib/python3.12/site-packages/airflow/example_dags/example_params_trigger_ui.py
[2026-05-06T23:33:37.874+0000] {processor.py:840} INFO - DAG(s) 'example_params_trigger_ui' retrieved from /usr/local/python/3.12.1/lib/python3.12/site-packages/airflow/example_dags/example_params_trigger_ui.py
[2026-05-06T23:33:37.905+0000] {logging_mixin.py:188} INFO - [2026-05-06T23:33:37.904+0000] {dag.py:3096} INFO - Sync 1 DAGs
[2026-05-06T23:33:37.914+0000] {logging_mixin.py:188} INFO - [2026-05-06T23:33:37.914+0000] {dag.py:3954} INFO - Setting next_dagrun for example_params_trigger_ui to None, run_after=None
[2026-05-06T23:33:37.933+0000] {processor.py:183} INFO - Processing /usr/local/python/3.12.1/lib/python3.12/site-packages/airflow/example_dags/example_params_trigger_ui.py took 0.076 seconds
[2026-05-06T23:34:37.297+0000] {processor.py:161} INFO - Started process (PID=22115) to work on /usr/local/python/3.12.1/lib/python3.12/site-packages/airflow/example_dags/example_params_trigger_ui.py
[2026-05-06T23:34:37.297+0000] {processor.py:830} INFO - Processing file /usr/local/python/3.12.1/lib/python3.12/site-packages/airflow/example_dags/example_params_trigger_ui.py for tasks to queue
[2026-05-06T23:34:37.299+0000] {logging_mixin.py:188} INFO - [2026-05-06T23:34:37.298+0000] {dagbag.py:545} INFO - Filling up the DagBag from /usr/local/python/3.12.1/lib/python3.12/site-packages/airflow/example_dags/example_params_trigger_ui.py
[2026-05-06T23:34:37.310+0000] {processor.py:840} INFO - DAG(s) 'example_params_trigger_ui' retrieved from /usr/local/python/3.12.1/lib/python3.12/site-packages/airflow/example_dags/example_params_trigger_ui.py
[2026-05-06T23:34:37.340+0000] {logging_mixin.py:188} INFO - [2026-05-06T23:34:37.340+0000] {dag.py:3096} INFO - Sync 1 DAGs
[2026-05-06T23:34:37.350+0000] {logging_mixin.py:188} INFO - [2026-05-06T23:34:37.350+0000] {dag.py:3954} INFO - Setting next_dagrun for example_params_trigger_ui to None, run_after=None
[2026-05-06T23:34:37.367+0000] {processor.py:183} INFO - Processing /usr/local/python/3.12.1/lib/python3.12/site-packages/airflow/example_dags/example_params_trigger_ui.py took 0.075 seconds
[2026-05-06T23:35:32.068+0000] {processor.py:161} INFO - Started process (PID=22537) to work on /usr/local/python/3.12.1/lib/python3.12/site-packages/airflow/example_dags/example_params_trigger_ui.py
[2026-05-06T23:35:32.069+0000] {processor.py:830} INFO - Processing file /usr/local/python/3.12.1/lib/python3.12/site-packages/airflow/example_dags/example_params_trigger_ui.py for tasks to queue
[2026-05-06T23:35:32.070+0000] {logging_mixin.py:188} INFO - [2026-05-06T23:35:32.070+0000] {dagbag.py:545} INFO - Filling up the DagBag from /usr/local/python/3.12.1/lib/python3.12/site-packages/airflow/example_dags/example_params_trigger_ui.py
[2026-05-06T23:35:32.081+0000] {processor.py:840} INFO - DAG(s) 'example_params_trigger_ui' retrieved from /usr/local/python/3.12.1/lib/python3.12/site-packages/airflow/example_dags/example_params_trigger_ui.py
[2026-05-06T23:35:32.112+0000] {logging_mixin.py:188} INFO - [2026-05-06T23:35:32.111+0000] {dag.py:3096} INFO - Sync 1 DAGs
[2026-05-06T23:35:32.121+0000] {logging_mixin.py:188} INFO - [2026-05-06T23:35:32.121+0000] {dag.py:3954} INFO - Setting next_dagrun for example_params_trigger_ui to None, run_after=None
[2026-05-06T23:35:32.138+0000] {processor.py:183} INFO - Processing /usr/local/python/3.12.1/lib/python3.12/site-packages/airflow/example_dags/example_params_trigger_ui.py took 0.075 seconds
[2026-05-06T23:36:22.130+0000] {processor.py:161} INFO - Started process (PID=22927) to work on /usr/local/python/3.12.1/lib/python3.12/site-packages/airflow/example_dags/example_params_trigger_ui.py
[2026-05-06T23:36:22.131+0000] {processor.py:830} INFO - Processing file /usr/local/python/3.12.1/lib/python3.12/site-packages/airflow/example_dags/example_params_trigger_ui.py for tasks to queue
[2026-05-06T23:36:22.132+0000] {logging_mixin.py:188} INFO - [2026-05-06T23:36:22.132+0000] {dagbag.py:545} INFO - Filling up the DagBag from /usr/local/python/3.12.1/lib/python3.12/site-packages/airflow/example_dags/example_params_trigger_ui.py
[2026-05-06T23:36:22.143+0000] {processor.py:840} INFO - DAG(s) 'example_params_trigger_ui' retrieved from /usr/local/python/3.12.1/lib/python3.12/site-packages/airflow/example_dags/example_params_trigger_ui.py
[2026-05-06T23:36:22.174+0000] {logging_mixin.py:188} INFO - [2026-05-06T23:36:22.174+0000] {dag.py:3096} INFO - Sync 1 DAGs
[2026-05-06T23:36:22.184+0000] {logging_mixin.py:188} INFO - [2026-05-06T23:36:22.184+0000] {dag.py:3954} INFO - Setting next_dagrun for example_params_trigger_ui to None, run_after=None
[2026-05-06T23:36:22.202+0000] {processor.py:183} INFO - Processing /usr/local/python/3.12.1/lib/python3.12/site-packages/airflow/example_dags/example_params_trigger_ui.py took 0.077 seconds
[2026-05-06T23:37:18.091+0000] {processor.py:161} INFO - Started process (PID=23356) to work on /usr/local/python/3.12.1/lib/python3.12/site-packages/airflow/example_dags/example_params_trigger_ui.py
[2026-05-06T23:37:18.092+0000] {processor.py:830} INFO - Processing file /usr/local/python/3.12.1/lib/python3.12/site-packages/airflow/example_dags/example_params_trigger_ui.py for tasks to queue
[2026-05-06T23:37:18.094+0000] {logging_mixin.py:188} INFO - [2026-05-06T23:37:18.093+0000] {dagbag.py:545} INFO - Filling up the DagBag from /usr/local/python/3.12.1/lib/python3.12/site-packages/airflow/example_dags/example_params_trigger_ui.py
[2026-05-06T23:37:18.105+0000] {processor.py:840} INFO - DAG(s) 'example_params_trigger_ui' retrieved from /usr/local/python/3.12.1/lib/python3.12/site-packages/airflow/example_dags/example_params_trigger_ui.py
[2026-05-06T23:37:18.138+0000] {logging_mixin.py:188} INFO - [2026-05-06T23:37:18.137+0000] {dag.py:3096} INFO - Sync 1 DAGs
[2026-05-06T23:37:18.151+0000] {logging_mixin.py:188} INFO - [2026-05-06T23:37:18.150+0000] {dag.py:3954} INFO - Setting next_dagrun for example_params_trigger_ui to None, run_after=None
[2026-05-06T23:37:18.181+0000] {processor.py:183} INFO - Processing /usr/local/python/3.12.1/lib/python3.12/site-packages/airflow/example_dags/example_params_trigger_ui.py took 0.095 seconds
[2026-05-06T23:38:15.319+0000] {processor.py:161} INFO - Started process (PID=23806) to work on /usr/local/python/3.12.1/lib/python3.12/site-packages/airflow/example_dags/example_params_trigger_ui.py
[2026-05-06T23:38:15.320+0000] {processor.py:830} INFO - Processing file /usr/local/python/3.12.1/lib/python3.12/site-packages/airflow/example_dags/example_params_trigger_ui.py for tasks to queue
[2026-05-06T23:38:15.321+0000] {logging_mixin.py:188} INFO - [2026-05-06T23:38:15.321+0000] {dagbag.py:545} INFO - Filling up the DagBag from /usr/local/python/3.12.1/lib/python3.12/site-packages/airflow/example_dags/example_params_trigger_ui.py
[2026-05-06T23:38:15.335+0000] {processor.py:840} INFO - DAG(s) 'example_params_trigger_ui' retrieved from /usr/local/python/3.12.1/lib/python3.12/site-packages/airflow/example_dags/example_params_trigger_ui.py
[2026-05-06T23:38:15.371+0000] {logging_mixin.py:188} INFO - [2026-05-06T23:38:15.371+0000] {dag.py:3096} INFO - Sync 1 DAGs
[2026-05-06T23:38:15.381+0000] {logging_mixin.py:188} INFO - [2026-05-06T23:38:15.381+0000] {dag.py:3954} INFO - Setting next_dagrun for example_params_trigger_ui to None, run_after=None
[2026-05-06T23:38:15.399+0000] {processor.py:183} INFO - Processing /usr/local/python/3.12.1/lib/python3.12/site-packages/airflow/example_dags/example_params_trigger_ui.py took 0.086 seconds
[2026-05-06T23:39:14.563+0000] {processor.py:161} INFO - Started process (PID=24271) to work on /usr/local/python/3.12.1/lib/python3.12/site-packages/airflow/example_dags/example_params_trigger_ui.py
[2026-05-06T23:39:14.564+0000] {processor.py:830} INFO - Processing file /usr/local/python/3.12.1/lib/python3.12/site-packages/airflow/example_dags/example_params_trigger_ui.py for tasks to queue
[2026-05-06T23:39:14.565+0000] {logging_mixin.py:188} INFO - [2026-05-06T23:39:14.565+0000] {dagbag.py:545} INFO - Filling up the DagBag from /usr/local/python/3.12.1/lib/python3.12/site-packages/airflow/example_dags/example_params_trigger_ui.py
[2026-05-06T23:39:14.578+0000] {processor.py:840} INFO - DAG(s) 'example_params_trigger_ui' retrieved from /usr/local/python/3.12.1/lib/python3.12/site-packages/airflow/example_dags/example_params_trigger_ui.py
[2026-05-06T23:39:14.715+0000] {logging_mixin.py:188} INFO - [2026-05-06T23:39:14.715+0000] {dag.py:3096} INFO - Sync 1 DAGs
[2026-05-06T23:39:14.723+0000] {logging_mixin.py:188} INFO - [2026-05-06T23:39:14.723+0000] {dag.py:3954} INFO - Setting next_dagrun for example_params_trigger_ui to None, run_after=None
[2026-05-06T23:39:14.739+0000] {processor.py:183} INFO - Processing /usr/local/python/3.12.1/lib/python3.12/site-packages/airflow/example_dags/example_params_trigger_ui.py took 0.181 seconds
[2026-05-06T23:40:11.515+0000] {processor.py:161} INFO - Started process (PID=24728) to work on /usr/local/python/3.12.1/lib/python3.12/site-packages/airflow/example_dags/example_params_trigger_ui.py
[2026-05-06T23:40:11.515+0000] {processor.py:830} INFO - Processing file /usr/local/python/3.12.1/lib/python3.12/site-packages/airflow/example_dags/example_params_trigger_ui.py for tasks to queue
[2026-05-06T23:40:11.517+0000] {logging_mixin.py:188} INFO - [2026-05-06T23:40:11.516+0000] {dagbag.py:545} INFO - Filling up the DagBag from /usr/local/python/3.12.1/lib/python3.12/site-packages/airflow/example_dags/example_params_trigger_ui.py
[2026-05-06T23:40:11.528+0000] {processor.py:840} INFO - DAG(s) 'example_params_trigger_ui' retrieved from /usr/local/python/3.12.1/lib/python3.12/site-packages/airflow/example_dags/example_params_trigger_ui.py
[2026-05-06T23:40:11.562+0000] {logging_mixin.py:188} INFO - [2026-05-06T23:40:11.561+0000] {dag.py:3096} INFO - Sync 1 DAGs
[2026-05-06T23:40:11.669+0000] {logging_mixin.py:188} INFO - [2026-05-06T23:40:11.668+0000] {dag.py:3954} INFO - Setting next_dagrun for example_params_trigger_ui to None, run_after=None
[2026-05-06T23:40:11.685+0000] {processor.py:183} INFO - Processing /usr/local/python/3.12.1/lib/python3.12/site-packages/airflow/example_dags/example_params_trigger_ui.py took 0.175 seconds
[2026-05-06T23:41:13.393+0000] {processor.py:161} INFO - Started process (PID=25205) to work on /usr/local/python/3.12.1/lib/python3.12/site-packages/airflow/example_dags/example_params_trigger_ui.py
[2026-05-06T23:41:13.394+0000] {processor.py:830} INFO - Processing file /usr/local/python/3.12.1/lib/python3.12/site-packages/airflow/example_dags/example_params_trigger_ui.py for tasks to queue
[2026-05-06T23:41:13.395+0000] {logging_mixin.py:188} INFO - [2026-05-06T23:41:13.395+0000] {dagbag.py:545} INFO - Filling up the DagBag from /usr/local/python/3.12.1/lib/python3.12/site-packages/airflow/example_dags/example_params_trigger_ui.py
[2026-05-06T23:41:13.407+0000] {processor.py:840} INFO - DAG(s) 'example_params_trigger_ui' retrieved from /usr/local/python/3.12.1/lib/python3.12/site-packages/airflow/example_dags/example_params_trigger_ui.py
[2026-05-06T23:41:13.438+0000] {logging_mixin.py:188} INFO - [2026-05-06T23:41:13.438+0000] {dag.py:3096} INFO - Sync 1 DAGs
[2026-05-06T23:41:13.448+0000] {logging_mixin.py:188} INFO - [2026-05-06T23:41:13.447+0000] {dag.py:3954} INFO - Setting next_dagrun for example_params_trigger_ui to None, run_after=None
[2026-05-06T23:41:13.465+0000] {processor.py:183} INFO - Processing /usr/local/python/3.12.1/lib/python3.12/site-packages/airflow/example_dags/example_params_trigger_ui.py took 0.077 seconds
[2026-05-06T23:42:12.013+0000] {processor.py:161} INFO - Started process (PID=25646) to work on /usr/local/python/3.12.1/lib/python3.12/site-packages/airflow/example_dags/example_params_trigger_ui.py
[2026-05-06T23:42:12.014+0000] {processor.py:830} INFO - Processing file /usr/local/python/3.12.1/lib/python3.12/site-packages/airflow/example_dags/example_params_trigger_ui.py for tasks to queue
[2026-05-06T23:42:12.015+0000] {logging_mixin.py:188} INFO - [2026-05-06T23:42:12.015+0000] {dagbag.py:545} INFO - Filling up the DagBag from /usr/local/python/3.12.1/lib/python3.12/site-packages/airflow/example_dags/example_params_trigger_ui.py
[2026-05-06T23:42:12.027+0000] {processor.py:840} INFO - DAG(s) 'example_params_trigger_ui' retrieved from /usr/local/python/3.12.1/lib/python3.12/site-packages/airflow/example_dags/example_params_trigger_ui.py
[2026-05-06T23:42:12.058+0000] {logging_mixin.py:188} INFO - [2026-05-06T23:42:12.057+0000] {dag.py:3096} INFO - Sync 1 DAGs
[2026-05-06T23:42:12.069+0000] {logging_mixin.py:188} INFO - [2026-05-06T23:42:12.069+0000] {dag.py:3954} INFO - Setting next_dagrun for example_params_trigger_ui to None, run_after=None
[2026-05-06T23:42:12.087+0000] {processor.py:183} INFO - Processing /usr/local/python/3.12.1/lib/python3.12/site-packages/airflow/example_dags/example_params_trigger_ui.py took 0.079 seconds
[2026-05-06T23:43:14.743+0000] {processor.py:161} INFO - Started process (PID=26141) to work on /usr/local/python/3.12.1/lib/python3.12/site-packages/airflow/example_dags/example_params_trigger_ui.py
[2026-05-06T23:43:14.744+0000] {processor.py:830} INFO - Processing file /usr/local/python/3.12.1/lib/python3.12/site-packages/airflow/example_dags/example_params_trigger_ui.py for tasks to queue
[2026-05-06T23:43:14.745+0000] {logging_mixin.py:188} INFO - [2026-05-06T23:43:14.745+0000] {dagbag.py:545} INFO - Filling up the DagBag from /usr/local/python/3.12.1/lib/python3.12/site-packages/airflow/example_dags/example_params_trigger_ui.py
[2026-05-06T23:43:14.757+0000] {processor.py:840} INFO - DAG(s) 'example_params_trigger_ui' retrieved from /usr/local/python/3.12.1/lib/python3.12/site-packages/airflow/example_dags/example_params_trigger_ui.py
[2026-05-06T23:43:14.793+0000] {logging_mixin.py:188} INFO - [2026-05-06T23:43:14.792+0000] {dag.py:3096} INFO - Sync 1 DAGs
[2026-05-06T23:43:14.819+0000] {logging_mixin.py:188} INFO - [2026-05-06T23:43:14.818+0000] {dag.py:3954} INFO - Setting next_dagrun for example_params_trigger_ui to None, run_after=None
[2026-05-06T23:43:14.845+0000] {processor.py:183} INFO - Processing /usr/local/python/3.12.1/lib/python3.12/site-packages/airflow/example_dags/example_params_trigger_ui.py took 0.107 seconds
[2026-05-06T23:44:12.353+0000] {processor.py:161} INFO - Started process (PID=26584) to work on /usr/local/python/3.12.1/lib/python3.12/site-packages/airflow/example_dags/example_params_trigger_ui.py
[2026-05-06T23:44:12.354+0000] {processor.py:830} INFO - Processing file /usr/local/python/3.12.1/lib/python3.12/site-packages/airflow/example_dags/example_params_trigger_ui.py for tasks to queue
[2026-05-06T23:44:12.355+0000] {logging_mixin.py:188} INFO - [2026-05-06T23:44:12.355+0000] {dagbag.py:545} INFO - Filling up the DagBag from /usr/local/python/3.12.1/lib/python3.12/site-packages/airflow/example_dags/example_params_trigger_ui.py
[2026-05-06T23:44:12.368+0000] {processor.py:840} INFO - DAG(s) 'example_params_trigger_ui' retrieved from /usr/local/python/3.12.1/lib/python3.12/site-packages/airflow/example_dags/example_params_trigger_ui.py
[2026-05-06T23:44:12.399+0000] {logging_mixin.py:188} INFO - [2026-05-06T23:44:12.399+0000] {dag.py:3096} INFO - Sync 1 DAGs
[2026-05-06T23:44:12.409+0000] {logging_mixin.py:188} INFO - [2026-05-06T23:44:12.409+0000] {dag.py:3954} INFO - Setting next_dagrun for example_params_trigger_ui to None, run_after=None
[2026-05-06T23:44:12.427+0000] {processor.py:183} INFO - Processing /usr/local/python/3.12.1/lib/python3.12/site-packages/airflow/example_dags/example_params_trigger_ui.py took 0.080 seconds
[2026-05-06T23:45:10.100+0000] {processor.py:161} INFO - Started process (PID=27035) to work on /usr/local/python/3.12.1/lib/python3.12/site-packages/airflow/example_dags/example_params_trigger_ui.py
[2026-05-06T23:45:10.101+0000] {processor.py:830} INFO - Processing file /usr/local/python/3.12.1/lib/python3.12/site-packages/airflow/example_dags/example_params_trigger_ui.py for tasks to queue
[2026-05-06T23:45:10.102+0000] {logging_mixin.py:188} INFO - [2026-05-06T23:45:10.102+0000] {dagbag.py:545} INFO - Filling up the DagBag from /usr/local/python/3.12.1/lib/python3.12/site-packages/airflow/example_dags/example_params_trigger_ui.py
[2026-05-06T23:45:10.113+0000] {processor.py:840} INFO - DAG(s) 'example_params_trigger_ui' retrieved from /usr/local/python/3.12.1/lib/python3.12/site-packages/airflow/example_dags/example_params_trigger_ui.py
[2026-05-06T23:45:10.144+0000] {logging_mixin.py:188} INFO - [2026-05-06T23:45:10.144+0000] {dag.py:3096} INFO - Sync 1 DAGs
[2026-05-06T23:45:10.153+0000] {logging_mixin.py:188} INFO - [2026-05-06T23:45:10.153+0000] {dag.py:3954} INFO - Setting next_dagrun for example_params_trigger_ui to None, run_after=None
[2026-05-06T23:45:10.170+0000] {processor.py:183} INFO - Processing /usr/local/python/3.12.1/lib/python3.12/site-packages/airflow/example_dags/example_params_trigger_ui.py took 0.075 seconds
[2026-05-06T23:46:09.418+0000] {processor.py:161} INFO - Started process (PID=27498) to work on /usr/local/python/3.12.1/lib/python3.12/site-packages/airflow/example_dags/example_params_trigger_ui.py
[2026-05-06T23:46:09.419+0000] {processor.py:830} INFO - Processing file /usr/local/python/3.12.1/lib/python3.12/site-packages/airflow/example_dags/example_params_trigger_ui.py for tasks to queue
[2026-05-06T23:46:09.421+0000] {logging_mixin.py:188} INFO - [2026-05-06T23:46:09.420+0000] {dagbag.py:545} INFO - Filling up the DagBag from /usr/local/python/3.12.1/lib/python3.12/site-packages/airflow/example_dags/example_params_trigger_ui.py
[2026-05-06T23:46:09.433+0000] {processor.py:840} INFO - DAG(s) 'example_params_trigger_ui' retrieved from /usr/local/python/3.12.1/lib/python3.12/site-packages/airflow/example_dags/example_params_trigger_ui.py
[2026-05-06T23:46:09.466+0000] {logging_mixin.py:188} INFO - [2026-05-06T23:46:09.465+0000] {dag.py:3096} INFO - Sync 1 DAGs
[2026-05-06T23:46:09.475+0000] {logging_mixin.py:188} INFO - [2026-05-06T23:46:09.475+0000] {dag.py:3954} INFO - Setting next_dagrun for example_params_trigger_ui to None, run_after=None
[2026-05-06T23:46:09.494+0000] {processor.py:183} INFO - Processing /usr/local/python/3.12.1/lib/python3.12/site-packages/airflow/example_dags/example_params_trigger_ui.py took 0.082 seconds
[2026-05-06T23:47:05.684+0000] {processor.py:161} INFO - Started process (PID=27932) to work on /usr/local/python/3.12.1/lib/python3.12/site-packages/airflow/example_dags/example_params_trigger_ui.py
[2026-05-06T23:47:05.685+0000] {processor.py:830} INFO - Processing file /usr/local/python/3.12.1/lib/python3.12/site-packages/airflow/example_dags/example_params_trigger_ui.py for tasks to queue
[2026-05-06T23:47:05.687+0000] {logging_mixin.py:188} INFO - [2026-05-06T23:47:05.686+0000] {dagbag.py:545} INFO - Filling up the DagBag from /usr/local/python/3.12.1/lib/python3.12/site-packages/airflow/example_dags/example_params_trigger_ui.py
[2026-05-06T23:47:05.704+0000] {processor.py:840} INFO - DAG(s) 'example_params_trigger_ui' retrieved from /usr/local/python/3.12.1/lib/python3.12/site-packages/airflow/example_dags/example_params_trigger_ui.py
[2026-05-06T23:47:05.743+0000] {logging_mixin.py:188} INFO - [2026-05-06T23:47:05.743+0000] {dag.py:3096} INFO - Sync 1 DAGs
[2026-05-06T23:47:05.754+0000] {logging_mixin.py:188} INFO - [2026-05-06T23:47:05.754+0000] {dag.py:3954} INFO - Setting next_dagrun for example_params_trigger_ui to None, run_after=None
[2026-05-06T23:47:05.782+0000] {processor.py:183} INFO - Processing /usr/local/python/3.12.1/lib/python3.12/site-packages/airflow/example_dags/example_params_trigger_ui.py took 0.101 seconds
[2026-05-06T23:48:08.879+0000] {processor.py:161} INFO - Started process (PID=28436) to work on /usr/local/python/3.12.1/lib/python3.12/site-packages/airflow/example_dags/example_params_trigger_ui.py
[2026-05-06T23:48:08.880+0000] {processor.py:830} INFO - Processing file /usr/local/python/3.12.1/lib/python3.12/site-packages/airflow/example_dags/example_params_trigger_ui.py for tasks to queue
[2026-05-06T23:48:08.882+0000] {logging_mixin.py:188} INFO - [2026-05-06T23:48:08.881+0000] {dagbag.py:545} INFO - Filling up the DagBag from /usr/local/python/3.12.1/lib/python3.12/site-packages/airflow/example_dags/example_params_trigger_ui.py
[2026-05-06T23:48:08.893+0000] {processor.py:840} INFO - DAG(s) 'example_params_trigger_ui' retrieved from /usr/local/python/3.12.1/lib/python3.12/site-packages/airflow/example_dags/example_params_trigger_ui.py
[2026-05-06T23:48:08.923+0000] {logging_mixin.py:188} INFO - [2026-05-06T23:48:08.922+0000] {dag.py:3096} INFO - Sync 1 DAGs
[2026-05-06T23:48:08.933+0000] {logging_mixin.py:188} INFO - [2026-05-06T23:48:08.933+0000] {dag.py:3954} INFO - Setting next_dagrun for example_params_trigger_ui to None, run_after=None
[2026-05-06T23:48:08.950+0000] {processor.py:183} INFO - Processing /usr/local/python/3.12.1/lib/python3.12/site-packages/airflow/example_dags/example_params_trigger_ui.py took 0.076 seconds
[2026-05-06T23:49:07.418+0000] {processor.py:161} INFO - Started process (PID=28887) to work on /usr/local/python/3.12.1/lib/python3.12/site-packages/airflow/example_dags/example_params_trigger_ui.py
[2026-05-06T23:49:07.418+0000] {processor.py:830} INFO - Processing file /usr/local/python/3.12.1/lib/python3.12/site-packages/airflow/example_dags/example_params_trigger_ui.py for tasks to queue
[2026-05-06T23:49:07.420+0000] {logging_mixin.py:188} INFO - [2026-05-06T23:49:07.419+0000] {dagbag.py:545} INFO - Filling up the DagBag from /usr/local/python/3.12.1/lib/python3.12/site-packages/airflow/example_dags/example_params_trigger_ui.py
[2026-05-06T23:49:07.431+0000] {processor.py:840} INFO - DAG(s) 'example_params_trigger_ui' retrieved from /usr/local/python/3.12.1/lib/python3.12/site-packages/airflow/example_dags/example_params_trigger_ui.py
[2026-05-06T23:49:07.462+0000] {logging_mixin.py:188} INFO - [2026-05-06T23:49:07.462+0000] {dag.py:3096} INFO - Sync 1 DAGs
[2026-05-06T23:49:07.471+0000] {logging_mixin.py:188} INFO - [2026-05-06T23:49:07.471+0000] {dag.py:3954} INFO - Setting next_dagrun for example_params_trigger_ui to None, run_after=None
[2026-05-06T23:49:07.488+0000] {processor.py:183} INFO - Processing /usr/local/python/3.12.1/lib/python3.12/site-packages/airflow/example_dags/example_params_trigger_ui.py took 0.075 seconds
[2026-05-06T23:50:03.257+0000] {processor.py:161} INFO - Started process (PID=29331) to work on /usr/local/python/3.12.1/lib/python3.12/site-packages/airflow/example_dags/example_params_trigger_ui.py
[2026-05-06T23:50:03.258+0000] {processor.py:830} INFO - Processing file /usr/local/python/3.12.1/lib/python3.12/site-packages/airflow/example_dags/example_params_trigger_ui.py for tasks to queue
[2026-05-06T23:50:03.260+0000] {logging_mixin.py:188} INFO - [2026-05-06T23:50:03.260+0000] {dagbag.py:545} INFO - Filling up the DagBag from /usr/local/python/3.12.1/lib/python3.12/site-packages/airflow/example_dags/example_params_trigger_ui.py
[2026-05-06T23:50:03.280+0000] {processor.py:840} INFO - DAG(s) 'example_params_trigger_ui' retrieved from /usr/local/python/3.12.1/lib/python3.12/site-packages/airflow/example_dags/example_params_trigger_ui.py
[2026-05-06T23:50:03.315+0000] {logging_mixin.py:188} INFO - [2026-05-06T23:50:03.315+0000] {dag.py:3096} INFO - Sync 1 DAGs
[2026-05-06T23:50:03.324+0000] {logging_mixin.py:188} INFO - [2026-05-06T23:50:03.324+0000] {dag.py:3954} INFO - Setting next_dagrun for example_params_trigger_ui to None, run_after=None
[2026-05-06T23:50:03.341+0000] {processor.py:183} INFO - Processing /usr/local/python/3.12.1/lib/python3.12/site-packages/airflow/example_dags/example_params_trigger_ui.py took 0.092 seconds
[2026-05-06T23:51:02.227+0000] {processor.py:161} INFO - Started process (PID=29790) to work on /usr/local/python/3.12.1/lib/python3.12/site-packages/airflow/example_dags/example_params_trigger_ui.py
[2026-05-06T23:51:02.228+0000] {processor.py:830} INFO - Processing file /usr/local/python/3.12.1/lib/python3.12/site-packages/airflow/example_dags/example_params_trigger_ui.py for tasks to queue
[2026-05-06T23:51:02.229+0000] {logging_mixin.py:188} INFO - [2026-05-06T23:51:02.229+0000] {dagbag.py:545} INFO - Filling up the DagBag from /usr/local/python/3.12.1/lib/python3.12/site-packages/airflow/example_dags/example_params_trigger_ui.py
[2026-05-06T23:51:02.242+0000] {processor.py:840} INFO - DAG(s) 'example_params_trigger_ui' retrieved from /usr/local/python/3.12.1/lib/python3.12/site-packages/airflow/example_dags/example_params_trigger_ui.py
[2026-05-06T23:51:02.274+0000] {logging_mixin.py:188} INFO - [2026-05-06T23:51:02.274+0000] {dag.py:3096} INFO - Sync 1 DAGs
[2026-05-06T23:51:02.284+0000] {logging_mixin.py:188} INFO - [2026-05-06T23:51:02.283+0000] {dag.py:3954} INFO - Setting next_dagrun for example_params_trigger_ui to None, run_after=None
[2026-05-06T23:51:02.301+0000] {processor.py:183} INFO - Processing /usr/local/python/3.12.1/lib/python3.12/site-packages/airflow/example_dags/example_params_trigger_ui.py took 0.079 seconds
[2026-05-06T23:51:55.912+0000] {processor.py:161} INFO - Started process (PID=30202) to work on /usr/local/python/3.12.1/lib/python3.12/site-packages/airflow/example_dags/example_params_trigger_ui.py
[2026-05-06T23:51:55.913+0000] {processor.py:830} INFO - Processing file /usr/local/python/3.12.1/lib/python3.12/site-packages/airflow/example_dags/example_params_trigger_ui.py for tasks to queue
[2026-05-06T23:51:55.914+0000] {logging_mixin.py:188} INFO - [2026-05-06T23:51:55.914+0000] {dagbag.py:545} INFO - Filling up the DagBag from /usr/local/python/3.12.1/lib/python3.12/site-packages/airflow/example_dags/example_params_trigger_ui.py
[2026-05-06T23:51:55.926+0000] {processor.py:840} INFO - DAG(s) 'example_params_trigger_ui' retrieved from /usr/local/python/3.12.1/lib/python3.12/site-packages/airflow/example_dags/example_params_trigger_ui.py
[2026-05-06T23:51:55.979+0000] {logging_mixin.py:188} INFO - [2026-05-06T23:51:55.979+0000] {dag.py:3096} INFO - Sync 1 DAGs
[2026-05-06T23:51:55.990+0000] {logging_mixin.py:188} INFO - [2026-05-06T23:51:55.989+0000] {dag.py:3954} INFO - Setting next_dagrun for example_params_trigger_ui to None, run_after=None
[2026-05-06T23:51:56.006+0000] {processor.py:183} INFO - Processing /usr/local/python/3.12.1/lib/python3.12/site-packages/airflow/example_dags/example_params_trigger_ui.py took 0.099 seconds
[2026-05-06T23:52:53.277+0000] {processor.py:161} INFO - Started process (PID=30656) to work on /usr/local/python/3.12.1/lib/python3.12/site-packages/airflow/example_dags/example_params_trigger_ui.py
[2026-05-06T23:52:53.278+0000] {processor.py:830} INFO - Processing file /usr/local/python/3.12.1/lib/python3.12/site-packages/airflow/example_dags/example_params_trigger_ui.py for tasks to queue
[2026-05-06T23:52:53.280+0000] {logging_mixin.py:188} INFO - [2026-05-06T23:52:53.279+0000] {dagbag.py:545} INFO - Filling up the DagBag from /usr/local/python/3.12.1/lib/python3.12/site-packages/airflow/example_dags/example_params_trigger_ui.py
[2026-05-06T23:52:53.291+0000] {processor.py:840} INFO - DAG(s) 'example_params_trigger_ui' retrieved from /usr/local/python/3.12.1/lib/python3.12/site-packages/airflow/example_dags/example_params_trigger_ui.py
[2026-05-06T23:52:53.323+0000] {logging_mixin.py:188} INFO - [2026-05-06T23:52:53.323+0000] {dag.py:3096} INFO - Sync 1 DAGs
[2026-05-06T23:52:53.332+0000] {logging_mixin.py:188} INFO - [2026-05-06T23:52:53.332+0000] {dag.py:3954} INFO - Setting next_dagrun for example_params_trigger_ui to None, run_after=None
[2026-05-06T23:52:53.356+0000] {processor.py:183} INFO - Processing /usr/local/python/3.12.1/lib/python3.12/site-packages/airflow/example_dags/example_params_trigger_ui.py took 0.084 seconds
[2026-05-06T23:53:54.491+0000] {processor.py:161} INFO - Started process (PID=31130) to work on /usr/local/python/3.12.1/lib/python3.12/site-packages/airflow/example_dags/example_params_trigger_ui.py
[2026-05-06T23:53:54.491+0000] {processor.py:830} INFO - Processing file /usr/local/python/3.12.1/lib/python3.12/site-packages/airflow/example_dags/example_params_trigger_ui.py for tasks to queue
[2026-05-06T23:53:54.493+0000] {logging_mixin.py:188} INFO - [2026-05-06T23:53:54.492+0000] {dagbag.py:545} INFO - Filling up the DagBag from /usr/local/python/3.12.1/lib/python3.12/site-packages/airflow/example_dags/example_params_trigger_ui.py
[2026-05-06T23:53:54.507+0000] {processor.py:840} INFO - DAG(s) 'example_params_trigger_ui' retrieved from /usr/local/python/3.12.1/lib/python3.12/site-packages/airflow/example_dags/example_params_trigger_ui.py
[2026-05-06T23:53:54.539+0000] {logging_mixin.py:188} INFO - [2026-05-06T23:53:54.539+0000] {dag.py:3096} INFO - Sync 1 DAGs
[2026-05-06T23:53:54.552+0000] {logging_mixin.py:188} INFO - [2026-05-06T23:53:54.552+0000] {dag.py:3954} INFO - Setting next_dagrun for example_params_trigger_ui to None, run_after=None
[2026-05-06T23:53:54.572+0000] {processor.py:183} INFO - Processing /usr/local/python/3.12.1/lib/python3.12/site-packages/airflow/example_dags/example_params_trigger_ui.py took 0.086 seconds
[2026-05-06T23:54:52.945+0000] {processor.py:161} INFO - Started process (PID=31578) to work on /usr/local/python/3.12.1/lib/python3.12/site-packages/airflow/example_dags/example_params_trigger_ui.py
[2026-05-06T23:54:52.946+0000] {processor.py:830} INFO - Processing file /usr/local/python/3.12.1/lib/python3.12/site-packages/airflow/example_dags/example_params_trigger_ui.py for tasks to queue
[2026-05-06T23:54:52.948+0000] {logging_mixin.py:188} INFO - [2026-05-06T23:54:52.948+0000] {dagbag.py:545} INFO - Filling up the DagBag from /usr/local/python/3.12.1/lib/python3.12/site-packages/airflow/example_dags/example_params_trigger_ui.py
[2026-05-06T23:54:52.962+0000] {processor.py:840} INFO - DAG(s) 'example_params_trigger_ui' retrieved from /usr/local/python/3.12.1/lib/python3.12/site-packages/airflow/example_dags/example_params_trigger_ui.py
[2026-05-06T23:54:52.994+0000] {logging_mixin.py:188} INFO - [2026-05-06T23:54:52.994+0000] {dag.py:3096} INFO - Sync 1 DAGs
[2026-05-06T23:54:53.003+0000] {logging_mixin.py:188} INFO - [2026-05-06T23:54:53.003+0000] {dag.py:3954} INFO - Setting next_dagrun for example_params_trigger_ui to None, run_after=None
[2026-05-06T23:54:53.021+0000] {processor.py:183} INFO - Processing /usr/local/python/3.12.1/lib/python3.12/site-packages/airflow/example_dags/example_params_trigger_ui.py took 0.083 seconds
[2026-05-06T23:55:52.500+0000] {processor.py:161} INFO - Started process (PID=32104) to work on /usr/local/python/3.12.1/lib/python3.12/site-packages/airflow/example_dags/example_params_trigger_ui.py
[2026-05-06T23:55:52.501+0000] {processor.py:830} INFO - Processing file /usr/local/python/3.12.1/lib/python3.12/site-packages/airflow/example_dags/example_params_trigger_ui.py for tasks to queue
[2026-05-06T23:55:52.503+0000] {logging_mixin.py:188} INFO - [2026-05-06T23:55:52.502+0000] {dagbag.py:545} INFO - Filling up the DagBag from /usr/local/python/3.12.1/lib/python3.12/site-packages/airflow/example_dags/example_params_trigger_ui.py
[2026-05-06T23:55:52.514+0000] {processor.py:840} INFO - DAG(s) 'example_params_trigger_ui' retrieved from /usr/local/python/3.12.1/lib/python3.12/site-packages/airflow/example_dags/example_params_trigger_ui.py
[2026-05-06T23:55:52.545+0000] {logging_mixin.py:188} INFO - [2026-05-06T23:55:52.545+0000] {dag.py:3096} INFO - Sync 1 DAGs
[2026-05-06T23:55:52.555+0000] {logging_mixin.py:188} INFO - [2026-05-06T23:55:52.554+0000] {dag.py:3954} INFO - Setting next_dagrun for example_params_trigger_ui to None, run_after=None
[2026-05-06T23:55:52.572+0000] {processor.py:183} INFO - Processing /usr/local/python/3.12.1/lib/python3.12/site-packages/airflow/example_dags/example_params_trigger_ui.py took 0.077 seconds
[2026-05-06T23:56:49.510+0000] {processor.py:161} INFO - Started process (PID=32539) to work on /usr/local/python/3.12.1/lib/python3.12/site-packages/airflow/example_dags/example_params_trigger_ui.py
[2026-05-06T23:56:49.511+0000] {processor.py:830} INFO - Processing file /usr/local/python/3.12.1/lib/python3.12/site-packages/airflow/example_dags/example_params_trigger_ui.py for tasks to queue
[2026-05-06T23:56:49.512+0000] {logging_mixin.py:188} INFO - [2026-05-06T23:56:49.512+0000] {dagbag.py:545} INFO - Filling up the DagBag from /usr/local/python/3.12.1/lib/python3.12/site-packages/airflow/example_dags/example_params_trigger_ui.py
[2026-05-06T23:56:49.523+0000] {processor.py:840} INFO - DAG(s) 'example_params_trigger_ui' retrieved from /usr/local/python/3.12.1/lib/python3.12/site-packages/airflow/example_dags/example_params_trigger_ui.py
[2026-05-06T23:56:49.554+0000] {logging_mixin.py:188} INFO - [2026-05-06T23:56:49.554+0000] {dag.py:3096} INFO - Sync 1 DAGs
[2026-05-06T23:56:49.564+0000] {logging_mixin.py:188} INFO - [2026-05-06T23:56:49.563+0000] {dag.py:3954} INFO - Setting next_dagrun for example_params_trigger_ui to None, run_after=None
[2026-05-06T23:56:49.581+0000] {processor.py:183} INFO - Processing /usr/local/python/3.12.1/lib/python3.12/site-packages/airflow/example_dags/example_params_trigger_ui.py took 0.077 seconds
[2026-05-06T23:57:45.108+0000] {processor.py:161} INFO - Started process (PID=32806) to work on /usr/local/python/3.12.1/lib/python3.12/site-packages/airflow/example_dags/example_params_trigger_ui.py
[2026-05-06T23:57:45.109+0000] {processor.py:830} INFO - Processing file /usr/local/python/3.12.1/lib/python3.12/site-packages/airflow/example_dags/example_params_trigger_ui.py for tasks to queue
[2026-05-06T23:57:45.111+0000] {logging_mixin.py:188} INFO - [2026-05-06T23:57:45.110+0000] {dagbag.py:545} INFO - Filling up the DagBag from /usr/local/python/3.12.1/lib/python3.12/site-packages/airflow/example_dags/example_params_trigger_ui.py
[2026-05-06T23:57:45.122+0000] {processor.py:840} INFO - DAG(s) 'example_params_trigger_ui' retrieved from /usr/local/python/3.12.1/lib/python3.12/site-packages/airflow/example_dags/example_params_trigger_ui.py
[2026-05-06T23:57:45.163+0000] {logging_mixin.py:188} INFO - [2026-05-06T23:57:45.163+0000] {dag.py:3096} INFO - Sync 1 DAGs
[2026-05-06T23:57:45.173+0000] {logging_mixin.py:188} INFO - [2026-05-06T23:57:45.173+0000] {dag.py:3954} INFO - Setting next_dagrun for example_params_trigger_ui to None, run_after=None
[2026-05-06T23:57:45.190+0000] {processor.py:183} INFO - Processing /usr/local/python/3.12.1/lib/python3.12/site-packages/airflow/example_dags/example_params_trigger_ui.py took 0.088 seconds
[2026-05-06T23:58:44.402+0000] {processor.py:161} INFO - Started process (PID=33097) to work on /usr/local/python/3.12.1/lib/python3.12/site-packages/airflow/example_dags/example_params_trigger_ui.py
[2026-05-06T23:58:44.403+0000] {processor.py:830} INFO - Processing file /usr/local/python/3.12.1/lib/python3.12/site-packages/airflow/example_dags/example_params_trigger_ui.py for tasks to queue
[2026-05-06T23:58:44.404+0000] {logging_mixin.py:188} INFO - [2026-05-06T23:58:44.404+0000] {dagbag.py:545} INFO - Filling up the DagBag from /usr/local/python/3.12.1/lib/python3.12/site-packages/airflow/example_dags/example_params_trigger_ui.py
[2026-05-06T23:58:44.416+0000] {processor.py:840} INFO - DAG(s) 'example_params_trigger_ui' retrieved from /usr/local/python/3.12.1/lib/python3.12/site-packages/airflow/example_dags/example_params_trigger_ui.py
[2026-05-06T23:58:44.451+0000] {logging_mixin.py:188} INFO - [2026-05-06T23:58:44.451+0000] {dag.py:3096} INFO - Sync 1 DAGs
[2026-05-06T23:58:44.462+0000] {logging_mixin.py:188} INFO - [2026-05-06T23:58:44.461+0000] {dag.py:3954} INFO - Setting next_dagrun for example_params_trigger_ui to None, run_after=None
[2026-05-06T23:58:44.479+0000] {processor.py:183} INFO - Processing /usr/local/python/3.12.1/lib/python3.12/site-packages/airflow/example_dags/example_params_trigger_ui.py took 0.082 seconds
[2026-05-06T23:59:43.325+0000] {processor.py:161} INFO - Started process (PID=33384) to work on /usr/local/python/3.12.1/lib/python3.12/site-packages/airflow/example_dags/example_params_trigger_ui.py
[2026-05-06T23:59:43.326+0000] {processor.py:830} INFO - Processing file /usr/local/python/3.12.1/lib/python3.12/site-packages/airflow/example_dags/example_params_trigger_ui.py for tasks to queue
[2026-05-06T23:59:43.327+0000] {logging_mixin.py:188} INFO - [2026-05-06T23:59:43.327+0000] {dagbag.py:545} INFO - Filling up the DagBag from /usr/local/python/3.12.1/lib/python3.12/site-packages/airflow/example_dags/example_params_trigger_ui.py
[2026-05-06T23:59:43.340+0000] {processor.py:840} INFO - DAG(s) 'example_params_trigger_ui' retrieved from /usr/local/python/3.12.1/lib/python3.12/site-packages/airflow/example_dags/example_params_trigger_ui.py
[2026-05-06T23:59:43.375+0000] {logging_mixin.py:188} INFO - [2026-05-06T23:59:43.375+0000] {dag.py:3096} INFO - Sync 1 DAGs
[2026-05-06T23:59:43.385+0000] {logging_mixin.py:188} INFO - [2026-05-06T23:59:43.385+0000] {dag.py:3954} INFO - Setting next_dagrun for example_params_trigger_ui to None, run_after=None
[2026-05-06T23:59:43.402+0000] {processor.py:183} INFO - Processing /usr/local/python/3.12.1/lib/python3.12/site-packages/airflow/example_dags/example_params_trigger_ui.py took 0.083 seconds
