[2026-05-06T23:18:58.252+0000] {processor.py:161} INFO - Started process (PID=13291) to work on /usr/local/python/3.12.1/lib/python3.12/site-packages/airflow/example_dags/example_short_circuit_operator.py
[2026-05-06T23:18:58.252+0000] {processor.py:830} INFO - Processing file /usr/local/python/3.12.1/lib/python3.12/site-packages/airflow/example_dags/example_short_circuit_operator.py for tasks to queue
[2026-05-06T23:18:58.254+0000] {logging_mixin.py:188} INFO - [2026-05-06T23:18:58.253+0000] {dagbag.py:545} INFO - Filling up the DagBag from /usr/local/python/3.12.1/lib/python3.12/site-packages/airflow/example_dags/example_short_circuit_operator.py
[2026-05-06T23:18:58.261+0000] {processor.py:840} INFO - DAG(s) 'example_short_circuit_operator' retrieved from /usr/local/python/3.12.1/lib/python3.12/site-packages/airflow/example_dags/example_short_circuit_operator.py
[2026-05-06T23:18:58.343+0000] {logging_mixin.py:188} INFO - [2026-05-06T23:18:58.343+0000] {override.py:1829} INFO - Created Permission View: can delete on DAG:example_short_circuit_operator
[2026-05-06T23:18:58.351+0000] {logging_mixin.py:188} INFO - [2026-05-06T23:18:58.351+0000] {override.py:1829} INFO - Created Permission View: can edit on DAG:example_short_circuit_operator
[2026-05-06T23:18:58.356+0000] {logging_mixin.py:188} INFO - [2026-05-06T23:18:58.356+0000] {override.py:1829} INFO - Created Permission View: can read on DAG:example_short_circuit_operator
[2026-05-06T23:18:58.356+0000] {logging_mixin.py:188} INFO - [2026-05-06T23:18:58.356+0000] {dag.py:3096} INFO - Sync 1 DAGs
[2026-05-06T23:18:58.364+0000] {logging_mixin.py:188} INFO - [2026-05-06T23:18:58.364+0000] {dag.py:3118} INFO - Creating ORM DAG for example_short_circuit_operator
[2026-05-06T23:18:58.370+0000] {logging_mixin.py:188} INFO - [2026-05-06T23:18:58.370+0000] {dag.py:3954} INFO - Setting next_dagrun for example_short_circuit_operator to 2026-05-05 00:00:00+00:00, run_after=2026-05-06 00:00:00+00:00
[2026-05-06T23:18:58.387+0000] {processor.py:183} INFO - Processing /usr/local/python/3.12.1/lib/python3.12/site-packages/airflow/example_dags/example_short_circuit_operator.py took 0.140 seconds
[2026-05-06T23:19:48.846+0000] {processor.py:161} INFO - Started process (PID=13688) to work on /usr/local/python/3.12.1/lib/python3.12/site-packages/airflow/example_dags/example_short_circuit_operator.py
[2026-05-06T23:19:48.847+0000] {processor.py:830} INFO - Processing file /usr/local/python/3.12.1/lib/python3.12/site-packages/airflow/example_dags/example_short_circuit_operator.py for tasks to queue
[2026-05-06T23:19:48.848+0000] {logging_mixin.py:188} INFO - [2026-05-06T23:19:48.848+0000] {dagbag.py:545} INFO - Filling up the DagBag from /usr/local/python/3.12.1/lib/python3.12/site-packages/airflow/example_dags/example_short_circuit_operator.py
[2026-05-06T23:19:48.854+0000] {processor.py:840} INFO - DAG(s) 'example_short_circuit_operator' retrieved from /usr/local/python/3.12.1/lib/python3.12/site-packages/airflow/example_dags/example_short_circuit_operator.py
[2026-05-06T23:19:48.868+0000] {logging_mixin.py:188} INFO - [2026-05-06T23:19:48.868+0000] {dag.py:3096} INFO - Sync 1 DAGs
[2026-05-06T23:19:48.885+0000] {logging_mixin.py:188} INFO - [2026-05-06T23:19:48.885+0000] {dag.py:3954} INFO - Setting next_dagrun for example_short_circuit_operator to 2026-05-05 00:00:00+00:00, run_after=2026-05-06 00:00:00+00:00
[2026-05-06T23:19:48.901+0000] {processor.py:183} INFO - Processing /usr/local/python/3.12.1/lib/python3.12/site-packages/airflow/example_dags/example_short_circuit_operator.py took 0.059 seconds
[2026-05-06T23:20:37.977+0000] {processor.py:161} INFO - Started process (PID=14164) to work on /usr/local/python/3.12.1/lib/python3.12/site-packages/airflow/example_dags/example_short_circuit_operator.py
[2026-05-06T23:20:37.978+0000] {processor.py:830} INFO - Processing file /usr/local/python/3.12.1/lib/python3.12/site-packages/airflow/example_dags/example_short_circuit_operator.py for tasks to queue
[2026-05-06T23:20:37.979+0000] {logging_mixin.py:188} INFO - [2026-05-06T23:20:37.979+0000] {dagbag.py:545} INFO - Filling up the DagBag from /usr/local/python/3.12.1/lib/python3.12/site-packages/airflow/example_dags/example_short_circuit_operator.py
[2026-05-06T23:20:37.985+0000] {processor.py:840} INFO - DAG(s) 'example_short_circuit_operator' retrieved from /usr/local/python/3.12.1/lib/python3.12/site-packages/airflow/example_dags/example_short_circuit_operator.py
[2026-05-06T23:20:37.999+0000] {logging_mixin.py:188} INFO - [2026-05-06T23:20:37.999+0000] {dag.py:3096} INFO - Sync 1 DAGs
[2026-05-06T23:20:38.015+0000] {logging_mixin.py:188} INFO - [2026-05-06T23:20:38.014+0000] {dag.py:3954} INFO - Setting next_dagrun for example_short_circuit_operator to 2026-05-05 00:00:00+00:00, run_after=2026-05-06 00:00:00+00:00
[2026-05-06T23:20:38.031+0000] {processor.py:183} INFO - Processing /usr/local/python/3.12.1/lib/python3.12/site-packages/airflow/example_dags/example_short_circuit_operator.py took 0.059 seconds
[2026-05-06T23:21:20.048+0000] {processor.py:161} INFO - Started process (PID=14559) to work on /usr/local/python/3.12.1/lib/python3.12/site-packages/airflow/example_dags/example_short_circuit_operator.py
[2026-05-06T23:21:20.049+0000] {processor.py:830} INFO - Processing file /usr/local/python/3.12.1/lib/python3.12/site-packages/airflow/example_dags/example_short_circuit_operator.py for tasks to queue
[2026-05-06T23:21:20.051+0000] {logging_mixin.py:188} INFO - [2026-05-06T23:21:20.050+0000] {dagbag.py:545} INFO - Filling up the DagBag from /usr/local/python/3.12.1/lib/python3.12/site-packages/airflow/example_dags/example_short_circuit_operator.py
[2026-05-06T23:21:20.057+0000] {processor.py:840} INFO - DAG(s) 'example_short_circuit_operator' retrieved from /usr/local/python/3.12.1/lib/python3.12/site-packages/airflow/example_dags/example_short_circuit_operator.py
[2026-05-06T23:21:20.071+0000] {logging_mixin.py:188} INFO - [2026-05-06T23:21:20.071+0000] {dag.py:3096} INFO - Sync 1 DAGs
[2026-05-06T23:21:20.085+0000] {logging_mixin.py:188} INFO - [2026-05-06T23:21:20.085+0000] {dag.py:3954} INFO - Setting next_dagrun for example_short_circuit_operator to 2026-05-05 00:00:00+00:00, run_after=2026-05-06 00:00:00+00:00
[2026-05-06T23:21:20.101+0000] {processor.py:183} INFO - Processing /usr/local/python/3.12.1/lib/python3.12/site-packages/airflow/example_dags/example_short_circuit_operator.py took 0.057 seconds
[2026-05-06T23:21:59.982+0000] {processor.py:161} INFO - Started process (PID=14903) to work on /usr/local/python/3.12.1/lib/python3.12/site-packages/airflow/example_dags/example_short_circuit_operator.py
[2026-05-06T23:21:59.983+0000] {processor.py:830} INFO - Processing file /usr/local/python/3.12.1/lib/python3.12/site-packages/airflow/example_dags/example_short_circuit_operator.py for tasks to queue
[2026-05-06T23:21:59.985+0000] {logging_mixin.py:188} INFO - [2026-05-06T23:21:59.984+0000] {dagbag.py:545} INFO - Filling up the DagBag from /usr/local/python/3.12.1/lib/python3.12/site-packages/airflow/example_dags/example_short_circuit_operator.py
[2026-05-06T23:21:59.991+0000] {processor.py:840} INFO - DAG(s) 'example_short_circuit_operator' retrieved from /usr/local/python/3.12.1/lib/python3.12/site-packages/airflow/example_dags/example_short_circuit_operator.py
[2026-05-06T23:22:00.005+0000] {logging_mixin.py:188} INFO - [2026-05-06T23:22:00.005+0000] {dag.py:3096} INFO - Sync 1 DAGs
[2026-05-06T23:22:00.019+0000] {logging_mixin.py:188} INFO - [2026-05-06T23:22:00.019+0000] {dag.py:3954} INFO - Setting next_dagrun for example_short_circuit_operator to 2026-05-05 00:00:00+00:00, run_after=2026-05-06 00:00:00+00:00
[2026-05-06T23:22:00.035+0000] {processor.py:183} INFO - Processing /usr/local/python/3.12.1/lib/python3.12/site-packages/airflow/example_dags/example_short_circuit_operator.py took 0.057 seconds
[2026-05-06T23:22:41.541+0000] {processor.py:161} INFO - Started process (PID=15282) to work on /usr/local/python/3.12.1/lib/python3.12/site-packages/airflow/example_dags/example_short_circuit_operator.py
[2026-05-06T23:22:41.542+0000] {processor.py:830} INFO - Processing file /usr/local/python/3.12.1/lib/python3.12/site-packages/airflow/example_dags/example_short_circuit_operator.py for tasks to queue
[2026-05-06T23:22:41.543+0000] {logging_mixin.py:188} INFO - [2026-05-06T23:22:41.543+0000] {dagbag.py:545} INFO - Filling up the DagBag from /usr/local/python/3.12.1/lib/python3.12/site-packages/airflow/example_dags/example_short_circuit_operator.py
[2026-05-06T23:22:41.549+0000] {processor.py:840} INFO - DAG(s) 'example_short_circuit_operator' retrieved from /usr/local/python/3.12.1/lib/python3.12/site-packages/airflow/example_dags/example_short_circuit_operator.py
[2026-05-06T23:22:41.565+0000] {logging_mixin.py:188} INFO - [2026-05-06T23:22:41.565+0000] {dag.py:3096} INFO - Sync 1 DAGs
[2026-05-06T23:22:41.581+0000] {logging_mixin.py:188} INFO - [2026-05-06T23:22:41.580+0000] {dag.py:3954} INFO - Setting next_dagrun for example_short_circuit_operator to 2026-05-05 00:00:00+00:00, run_after=2026-05-06 00:00:00+00:00
[2026-05-06T23:22:41.596+0000] {processor.py:183} INFO - Processing /usr/local/python/3.12.1/lib/python3.12/site-packages/airflow/example_dags/example_short_circuit_operator.py took 0.060 seconds
[2026-05-06T23:23:21.057+0000] {processor.py:161} INFO - Started process (PID=15623) to work on /usr/local/python/3.12.1/lib/python3.12/site-packages/airflow/example_dags/example_short_circuit_operator.py
[2026-05-06T23:23:21.058+0000] {processor.py:830} INFO - Processing file /usr/local/python/3.12.1/lib/python3.12/site-packages/airflow/example_dags/example_short_circuit_operator.py for tasks to queue
[2026-05-06T23:23:21.059+0000] {logging_mixin.py:188} INFO - [2026-05-06T23:23:21.059+0000] {dagbag.py:545} INFO - Filling up the DagBag from /usr/local/python/3.12.1/lib/python3.12/site-packages/airflow/example_dags/example_short_circuit_operator.py
[2026-05-06T23:23:21.065+0000] {processor.py:840} INFO - DAG(s) 'example_short_circuit_operator' retrieved from /usr/local/python/3.12.1/lib/python3.12/site-packages/airflow/example_dags/example_short_circuit_operator.py
[2026-05-06T23:23:21.079+0000] {logging_mixin.py:188} INFO - [2026-05-06T23:23:21.079+0000] {dag.py:3096} INFO - Sync 1 DAGs
[2026-05-06T23:23:21.094+0000] {logging_mixin.py:188} INFO - [2026-05-06T23:23:21.094+0000] {dag.py:3954} INFO - Setting next_dagrun for example_short_circuit_operator to 2026-05-05 00:00:00+00:00, run_after=2026-05-06 00:00:00+00:00
[2026-05-06T23:23:21.111+0000] {processor.py:183} INFO - Processing /usr/local/python/3.12.1/lib/python3.12/site-packages/airflow/example_dags/example_short_circuit_operator.py took 0.059 seconds
[2026-05-06T23:24:17.281+0000] {processor.py:161} INFO - Started process (PID=16430) to work on /usr/local/python/3.12.1/lib/python3.12/site-packages/airflow/example_dags/example_short_circuit_operator.py
[2026-05-06T23:24:17.282+0000] {processor.py:830} INFO - Processing file /usr/local/python/3.12.1/lib/python3.12/site-packages/airflow/example_dags/example_short_circuit_operator.py for tasks to queue
[2026-05-06T23:24:17.283+0000] {logging_mixin.py:188} INFO - [2026-05-06T23:24:17.283+0000] {dagbag.py:545} INFO - Filling up the DagBag from /usr/local/python/3.12.1/lib/python3.12/site-packages/airflow/example_dags/example_short_circuit_operator.py
[2026-05-06T23:24:17.289+0000] {processor.py:840} INFO - DAG(s) 'example_short_circuit_operator' retrieved from /usr/local/python/3.12.1/lib/python3.12/site-packages/airflow/example_dags/example_short_circuit_operator.py
[2026-05-06T23:24:17.304+0000] {logging_mixin.py:188} INFO - [2026-05-06T23:24:17.304+0000] {dag.py:3096} INFO - Sync 1 DAGs
[2026-05-06T23:24:17.318+0000] {logging_mixin.py:188} INFO - [2026-05-06T23:24:17.318+0000] {dag.py:3954} INFO - Setting next_dagrun for example_short_circuit_operator to 2026-05-05 00:00:00+00:00, run_after=2026-05-06 00:00:00+00:00
[2026-05-06T23:24:17.335+0000] {processor.py:183} INFO - Processing /usr/local/python/3.12.1/lib/python3.12/site-packages/airflow/example_dags/example_short_circuit_operator.py took 0.058 seconds
[2026-05-06T23:25:12.901+0000] {processor.py:161} INFO - Started process (PID=17096) to work on /usr/local/python/3.12.1/lib/python3.12/site-packages/airflow/example_dags/example_short_circuit_operator.py
[2026-05-06T23:25:12.902+0000] {processor.py:830} INFO - Processing file /usr/local/python/3.12.1/lib/python3.12/site-packages/airflow/example_dags/example_short_circuit_operator.py for tasks to queue
[2026-05-06T23:25:12.904+0000] {logging_mixin.py:188} INFO - [2026-05-06T23:25:12.903+0000] {dagbag.py:545} INFO - Filling up the DagBag from /usr/local/python/3.12.1/lib/python3.12/site-packages/airflow/example_dags/example_short_circuit_operator.py
[2026-05-06T23:25:12.909+0000] {processor.py:840} INFO - DAG(s) 'example_short_circuit_operator' retrieved from /usr/local/python/3.12.1/lib/python3.12/site-packages/airflow/example_dags/example_short_circuit_operator.py
[2026-05-06T23:25:12.924+0000] {logging_mixin.py:188} INFO - [2026-05-06T23:25:12.924+0000] {dag.py:3096} INFO - Sync 1 DAGs
[2026-05-06T23:25:12.941+0000] {logging_mixin.py:188} INFO - [2026-05-06T23:25:12.941+0000] {dag.py:3954} INFO - Setting next_dagrun for example_short_circuit_operator to 2026-05-05 00:00:00+00:00, run_after=2026-05-06 00:00:00+00:00
[2026-05-06T23:25:12.963+0000] {processor.py:183} INFO - Processing /usr/local/python/3.12.1/lib/python3.12/site-packages/airflow/example_dags/example_short_circuit_operator.py took 0.066 seconds
[2026-05-06T23:25:53.653+0000] {processor.py:161} INFO - Started process (PID=17413) to work on /usr/local/python/3.12.1/lib/python3.12/site-packages/airflow/example_dags/example_short_circuit_operator.py
[2026-05-06T23:25:53.654+0000] {processor.py:830} INFO - Processing file /usr/local/python/3.12.1/lib/python3.12/site-packages/airflow/example_dags/example_short_circuit_operator.py for tasks to queue
[2026-05-06T23:25:53.655+0000] {logging_mixin.py:188} INFO - [2026-05-06T23:25:53.655+0000] {dagbag.py:545} INFO - Filling up the DagBag from /usr/local/python/3.12.1/lib/python3.12/site-packages/airflow/example_dags/example_short_circuit_operator.py
[2026-05-06T23:25:53.661+0000] {processor.py:840} INFO - DAG(s) 'example_short_circuit_operator' retrieved from /usr/local/python/3.12.1/lib/python3.12/site-packages/airflow/example_dags/example_short_circuit_operator.py
[2026-05-06T23:25:53.675+0000] {logging_mixin.py:188} INFO - [2026-05-06T23:25:53.675+0000] {dag.py:3096} INFO - Sync 1 DAGs
[2026-05-06T23:25:53.690+0000] {logging_mixin.py:188} INFO - [2026-05-06T23:25:53.690+0000] {dag.py:3954} INFO - Setting next_dagrun for example_short_circuit_operator to 2026-05-05 00:00:00+00:00, run_after=2026-05-06 00:00:00+00:00
[2026-05-06T23:25:53.707+0000] {processor.py:183} INFO - Processing /usr/local/python/3.12.1/lib/python3.12/site-packages/airflow/example_dags/example_short_circuit_operator.py took 0.058 seconds
[2026-05-06T23:26:34.537+0000] {processor.py:161} INFO - Started process (PID=17765) to work on /usr/local/python/3.12.1/lib/python3.12/site-packages/airflow/example_dags/example_short_circuit_operator.py
[2026-05-06T23:26:34.538+0000] {processor.py:830} INFO - Processing file /usr/local/python/3.12.1/lib/python3.12/site-packages/airflow/example_dags/example_short_circuit_operator.py for tasks to queue
[2026-05-06T23:26:34.540+0000] {logging_mixin.py:188} INFO - [2026-05-06T23:26:34.540+0000] {dagbag.py:545} INFO - Filling up the DagBag from /usr/local/python/3.12.1/lib/python3.12/site-packages/airflow/example_dags/example_short_circuit_operator.py
[2026-05-06T23:26:34.546+0000] {processor.py:840} INFO - DAG(s) 'example_short_circuit_operator' retrieved from /usr/local/python/3.12.1/lib/python3.12/site-packages/airflow/example_dags/example_short_circuit_operator.py
[2026-05-06T23:26:34.561+0000] {logging_mixin.py:188} INFO - [2026-05-06T23:26:34.561+0000] {dag.py:3096} INFO - Sync 1 DAGs
[2026-05-06T23:26:34.576+0000] {logging_mixin.py:188} INFO - [2026-05-06T23:26:34.576+0000] {dag.py:3954} INFO - Setting next_dagrun for example_short_circuit_operator to 2026-05-05 00:00:00+00:00, run_after=2026-05-06 00:00:00+00:00
[2026-05-06T23:26:34.592+0000] {processor.py:183} INFO - Processing /usr/local/python/3.12.1/lib/python3.12/site-packages/airflow/example_dags/example_short_circuit_operator.py took 0.060 seconds
[2026-05-06T23:27:31.366+0000] {processor.py:161} INFO - Started process (PID=18361) to work on /usr/local/python/3.12.1/lib/python3.12/site-packages/airflow/example_dags/example_short_circuit_operator.py
[2026-05-06T23:27:31.367+0000] {processor.py:830} INFO - Processing file /usr/local/python/3.12.1/lib/python3.12/site-packages/airflow/example_dags/example_short_circuit_operator.py for tasks to queue
[2026-05-06T23:27:31.369+0000] {logging_mixin.py:188} INFO - [2026-05-06T23:27:31.368+0000] {dagbag.py:545} INFO - Filling up the DagBag from /usr/local/python/3.12.1/lib/python3.12/site-packages/airflow/example_dags/example_short_circuit_operator.py
[2026-05-06T23:27:31.374+0000] {processor.py:840} INFO - DAG(s) 'example_short_circuit_operator' retrieved from /usr/local/python/3.12.1/lib/python3.12/site-packages/airflow/example_dags/example_short_circuit_operator.py
[2026-05-06T23:27:31.389+0000] {logging_mixin.py:188} INFO - [2026-05-06T23:27:31.389+0000] {dag.py:3096} INFO - Sync 1 DAGs
[2026-05-06T23:27:31.403+0000] {logging_mixin.py:188} INFO - [2026-05-06T23:27:31.403+0000] {dag.py:3954} INFO - Setting next_dagrun for example_short_circuit_operator to 2026-05-05 00:00:00+00:00, run_after=2026-05-06 00:00:00+00:00
[2026-05-06T23:27:31.420+0000] {processor.py:183} INFO - Processing /usr/local/python/3.12.1/lib/python3.12/site-packages/airflow/example_dags/example_short_circuit_operator.py took 0.058 seconds
[2026-05-06T23:28:11.062+0000] {processor.py:161} INFO - Started process (PID=18731) to work on /usr/local/python/3.12.1/lib/python3.12/site-packages/airflow/example_dags/example_short_circuit_operator.py
[2026-05-06T23:28:11.063+0000] {processor.py:830} INFO - Processing file /usr/local/python/3.12.1/lib/python3.12/site-packages/airflow/example_dags/example_short_circuit_operator.py for tasks to queue
[2026-05-06T23:28:11.064+0000] {logging_mixin.py:188} INFO - [2026-05-06T23:28:11.064+0000] {dagbag.py:545} INFO - Filling up the DagBag from /usr/local/python/3.12.1/lib/python3.12/site-packages/airflow/example_dags/example_short_circuit_operator.py
[2026-05-06T23:28:11.070+0000] {processor.py:840} INFO - DAG(s) 'example_short_circuit_operator' retrieved from /usr/local/python/3.12.1/lib/python3.12/site-packages/airflow/example_dags/example_short_circuit_operator.py
[2026-05-06T23:28:11.085+0000] {logging_mixin.py:188} INFO - [2026-05-06T23:28:11.085+0000] {dag.py:3096} INFO - Sync 1 DAGs
[2026-05-06T23:28:11.100+0000] {logging_mixin.py:188} INFO - [2026-05-06T23:28:11.100+0000] {dag.py:3954} INFO - Setting next_dagrun for example_short_circuit_operator to 2026-05-05 00:00:00+00:00, run_after=2026-05-06 00:00:00+00:00
[2026-05-06T23:28:11.214+0000] {processor.py:183} INFO - Processing /usr/local/python/3.12.1/lib/python3.12/site-packages/airflow/example_dags/example_short_circuit_operator.py took 0.158 seconds
[2026-05-06T23:28:52.578+0000] {processor.py:161} INFO - Started process (PID=19068) to work on /usr/local/python/3.12.1/lib/python3.12/site-packages/airflow/example_dags/example_short_circuit_operator.py
[2026-05-06T23:28:52.579+0000] {processor.py:830} INFO - Processing file /usr/local/python/3.12.1/lib/python3.12/site-packages/airflow/example_dags/example_short_circuit_operator.py for tasks to queue
[2026-05-06T23:28:52.580+0000] {logging_mixin.py:188} INFO - [2026-05-06T23:28:52.580+0000] {dagbag.py:545} INFO - Filling up the DagBag from /usr/local/python/3.12.1/lib/python3.12/site-packages/airflow/example_dags/example_short_circuit_operator.py
[2026-05-06T23:28:52.586+0000] {processor.py:840} INFO - DAG(s) 'example_short_circuit_operator' retrieved from /usr/local/python/3.12.1/lib/python3.12/site-packages/airflow/example_dags/example_short_circuit_operator.py
[2026-05-06T23:28:52.601+0000] {logging_mixin.py:188} INFO - [2026-05-06T23:28:52.601+0000] {dag.py:3096} INFO - Sync 1 DAGs
[2026-05-06T23:28:52.616+0000] {logging_mixin.py:188} INFO - [2026-05-06T23:28:52.615+0000] {dag.py:3954} INFO - Setting next_dagrun for example_short_circuit_operator to 2026-05-05 00:00:00+00:00, run_after=2026-05-06 00:00:00+00:00
[2026-05-06T23:28:52.632+0000] {processor.py:183} INFO - Processing /usr/local/python/3.12.1/lib/python3.12/site-packages/airflow/example_dags/example_short_circuit_operator.py took 0.059 seconds
[2026-05-06T23:31:40.905+0000] {processor.py:161} INFO - Started process (PID=20709) to work on /usr/local/python/3.12.1/lib/python3.12/site-packages/airflow/example_dags/example_short_circuit_operator.py
[2026-05-06T23:31:40.906+0000] {processor.py:830} INFO - Processing file /usr/local/python/3.12.1/lib/python3.12/site-packages/airflow/example_dags/example_short_circuit_operator.py for tasks to queue
[2026-05-06T23:31:40.907+0000] {logging_mixin.py:188} INFO - [2026-05-06T23:31:40.907+0000] {dagbag.py:545} INFO - Filling up the DagBag from /usr/local/python/3.12.1/lib/python3.12/site-packages/airflow/example_dags/example_short_circuit_operator.py
[2026-05-06T23:31:40.915+0000] {processor.py:840} INFO - DAG(s) 'example_short_circuit_operator' retrieved from /usr/local/python/3.12.1/lib/python3.12/site-packages/airflow/example_dags/example_short_circuit_operator.py
[2026-05-06T23:31:40.932+0000] {logging_mixin.py:188} INFO - [2026-05-06T23:31:40.932+0000] {dag.py:3096} INFO - Sync 1 DAGs
[2026-05-06T23:31:40.947+0000] {logging_mixin.py:188} INFO - [2026-05-06T23:31:40.946+0000] {dag.py:3954} INFO - Setting next_dagrun for example_short_circuit_operator to 2026-05-05 00:00:00+00:00, run_after=2026-05-06 00:00:00+00:00
[2026-05-06T23:31:40.963+0000] {processor.py:183} INFO - Processing /usr/local/python/3.12.1/lib/python3.12/site-packages/airflow/example_dags/example_short_circuit_operator.py took 0.062 seconds
[2026-05-06T23:32:28.855+0000] {processor.py:161} INFO - Started process (PID=21091) to work on /usr/local/python/3.12.1/lib/python3.12/site-packages/airflow/example_dags/example_short_circuit_operator.py
[2026-05-06T23:32:28.855+0000] {processor.py:830} INFO - Processing file /usr/local/python/3.12.1/lib/python3.12/site-packages/airflow/example_dags/example_short_circuit_operator.py for tasks to queue
[2026-05-06T23:32:28.857+0000] {logging_mixin.py:188} INFO - [2026-05-06T23:32:28.857+0000] {dagbag.py:545} INFO - Filling up the DagBag from /usr/local/python/3.12.1/lib/python3.12/site-packages/airflow/example_dags/example_short_circuit_operator.py
[2026-05-06T23:32:28.863+0000] {processor.py:840} INFO - DAG(s) 'example_short_circuit_operator' retrieved from /usr/local/python/3.12.1/lib/python3.12/site-packages/airflow/example_dags/example_short_circuit_operator.py
[2026-05-06T23:32:28.878+0000] {logging_mixin.py:188} INFO - [2026-05-06T23:32:28.878+0000] {dag.py:3096} INFO - Sync 1 DAGs
[2026-05-06T23:32:28.893+0000] {logging_mixin.py:188} INFO - [2026-05-06T23:32:28.892+0000] {dag.py:3954} INFO - Setting next_dagrun for example_short_circuit_operator to 2026-05-05 00:00:00+00:00, run_after=2026-05-06 00:00:00+00:00
[2026-05-06T23:32:28.909+0000] {processor.py:183} INFO - Processing /usr/local/python/3.12.1/lib/python3.12/site-packages/airflow/example_dags/example_short_circuit_operator.py took 0.059 seconds
[2026-05-06T23:33:19.548+0000] {processor.py:161} INFO - Started process (PID=21484) to work on /usr/local/python/3.12.1/lib/python3.12/site-packages/airflow/example_dags/example_short_circuit_operator.py
[2026-05-06T23:33:19.549+0000] {processor.py:830} INFO - Processing file /usr/local/python/3.12.1/lib/python3.12/site-packages/airflow/example_dags/example_short_circuit_operator.py for tasks to queue
[2026-05-06T23:33:19.550+0000] {logging_mixin.py:188} INFO - [2026-05-06T23:33:19.550+0000] {dagbag.py:545} INFO - Filling up the DagBag from /usr/local/python/3.12.1/lib/python3.12/site-packages/airflow/example_dags/example_short_circuit_operator.py
[2026-05-06T23:33:19.556+0000] {processor.py:840} INFO - DAG(s) 'example_short_circuit_operator' retrieved from /usr/local/python/3.12.1/lib/python3.12/site-packages/airflow/example_dags/example_short_circuit_operator.py
[2026-05-06T23:33:19.571+0000] {logging_mixin.py:188} INFO - [2026-05-06T23:33:19.571+0000] {dag.py:3096} INFO - Sync 1 DAGs
[2026-05-06T23:33:19.587+0000] {logging_mixin.py:188} INFO - [2026-05-06T23:33:19.587+0000] {dag.py:3954} INFO - Setting next_dagrun for example_short_circuit_operator to 2026-05-05 00:00:00+00:00, run_after=2026-05-06 00:00:00+00:00
[2026-05-06T23:33:19.603+0000] {processor.py:183} INFO - Processing /usr/local/python/3.12.1/lib/python3.12/site-packages/airflow/example_dags/example_short_circuit_operator.py took 0.059 seconds
[2026-05-06T23:34:15.657+0000] {processor.py:161} INFO - Started process (PID=21915) to work on /usr/local/python/3.12.1/lib/python3.12/site-packages/airflow/example_dags/example_short_circuit_operator.py
[2026-05-06T23:34:15.658+0000] {processor.py:830} INFO - Processing file /usr/local/python/3.12.1/lib/python3.12/site-packages/airflow/example_dags/example_short_circuit_operator.py for tasks to queue
[2026-05-06T23:34:15.659+0000] {logging_mixin.py:188} INFO - [2026-05-06T23:34:15.659+0000] {dagbag.py:545} INFO - Filling up the DagBag from /usr/local/python/3.12.1/lib/python3.12/site-packages/airflow/example_dags/example_short_circuit_operator.py
[2026-05-06T23:34:15.665+0000] {processor.py:840} INFO - DAG(s) 'example_short_circuit_operator' retrieved from /usr/local/python/3.12.1/lib/python3.12/site-packages/airflow/example_dags/example_short_circuit_operator.py
[2026-05-06T23:34:15.681+0000] {logging_mixin.py:188} INFO - [2026-05-06T23:34:15.680+0000] {dag.py:3096} INFO - Sync 1 DAGs
[2026-05-06T23:34:15.696+0000] {logging_mixin.py:188} INFO - [2026-05-06T23:34:15.696+0000] {dag.py:3954} INFO - Setting next_dagrun for example_short_circuit_operator to 2026-05-05 00:00:00+00:00, run_after=2026-05-06 00:00:00+00:00
[2026-05-06T23:34:15.713+0000] {processor.py:183} INFO - Processing /usr/local/python/3.12.1/lib/python3.12/site-packages/airflow/example_dags/example_short_circuit_operator.py took 0.061 seconds
[2026-05-06T23:34:56.288+0000] {processor.py:161} INFO - Started process (PID=22248) to work on /usr/local/python/3.12.1/lib/python3.12/site-packages/airflow/example_dags/example_short_circuit_operator.py
[2026-05-06T23:34:56.289+0000] {processor.py:830} INFO - Processing file /usr/local/python/3.12.1/lib/python3.12/site-packages/airflow/example_dags/example_short_circuit_operator.py for tasks to queue
[2026-05-06T23:34:56.290+0000] {logging_mixin.py:188} INFO - [2026-05-06T23:34:56.290+0000] {dagbag.py:545} INFO - Filling up the DagBag from /usr/local/python/3.12.1/lib/python3.12/site-packages/airflow/example_dags/example_short_circuit_operator.py
[2026-05-06T23:34:56.297+0000] {processor.py:840} INFO - DAG(s) 'example_short_circuit_operator' retrieved from /usr/local/python/3.12.1/lib/python3.12/site-packages/airflow/example_dags/example_short_circuit_operator.py
[2026-05-06T23:34:56.312+0000] {logging_mixin.py:188} INFO - [2026-05-06T23:34:56.311+0000] {dag.py:3096} INFO - Sync 1 DAGs
[2026-05-06T23:34:56.328+0000] {logging_mixin.py:188} INFO - [2026-05-06T23:34:56.328+0000] {dag.py:3954} INFO - Setting next_dagrun for example_short_circuit_operator to 2026-05-05 00:00:00+00:00, run_after=2026-05-06 00:00:00+00:00
[2026-05-06T23:34:56.345+0000] {processor.py:183} INFO - Processing /usr/local/python/3.12.1/lib/python3.12/site-packages/airflow/example_dags/example_short_circuit_operator.py took 0.061 seconds
[2026-05-06T23:35:54.242+0000] {processor.py:161} INFO - Started process (PID=22708) to work on /usr/local/python/3.12.1/lib/python3.12/site-packages/airflow/example_dags/example_short_circuit_operator.py
[2026-05-06T23:35:54.242+0000] {processor.py:830} INFO - Processing file /usr/local/python/3.12.1/lib/python3.12/site-packages/airflow/example_dags/example_short_circuit_operator.py for tasks to queue
[2026-05-06T23:35:54.244+0000] {logging_mixin.py:188} INFO - [2026-05-06T23:35:54.243+0000] {dagbag.py:545} INFO - Filling up the DagBag from /usr/local/python/3.12.1/lib/python3.12/site-packages/airflow/example_dags/example_short_circuit_operator.py
[2026-05-06T23:35:54.250+0000] {processor.py:840} INFO - DAG(s) 'example_short_circuit_operator' retrieved from /usr/local/python/3.12.1/lib/python3.12/site-packages/airflow/example_dags/example_short_circuit_operator.py
[2026-05-06T23:35:54.265+0000] {logging_mixin.py:188} INFO - [2026-05-06T23:35:54.264+0000] {dag.py:3096} INFO - Sync 1 DAGs
[2026-05-06T23:35:54.280+0000] {logging_mixin.py:188} INFO - [2026-05-06T23:35:54.280+0000] {dag.py:3954} INFO - Setting next_dagrun for example_short_circuit_operator to 2026-05-05 00:00:00+00:00, run_after=2026-05-06 00:00:00+00:00
[2026-05-06T23:35:54.298+0000] {processor.py:183} INFO - Processing /usr/local/python/3.12.1/lib/python3.12/site-packages/airflow/example_dags/example_short_circuit_operator.py took 0.061 seconds
[2026-05-06T23:36:49.951+0000] {processor.py:161} INFO - Started process (PID=23149) to work on /usr/local/python/3.12.1/lib/python3.12/site-packages/airflow/example_dags/example_short_circuit_operator.py
[2026-05-06T23:36:49.951+0000] {processor.py:830} INFO - Processing file /usr/local/python/3.12.1/lib/python3.12/site-packages/airflow/example_dags/example_short_circuit_operator.py for tasks to queue
[2026-05-06T23:36:49.953+0000] {logging_mixin.py:188} INFO - [2026-05-06T23:36:49.952+0000] {dagbag.py:545} INFO - Filling up the DagBag from /usr/local/python/3.12.1/lib/python3.12/site-packages/airflow/example_dags/example_short_circuit_operator.py
[2026-05-06T23:36:49.959+0000] {processor.py:840} INFO - DAG(s) 'example_short_circuit_operator' retrieved from /usr/local/python/3.12.1/lib/python3.12/site-packages/airflow/example_dags/example_short_circuit_operator.py
[2026-05-06T23:36:49.974+0000] {logging_mixin.py:188} INFO - [2026-05-06T23:36:49.974+0000] {dag.py:3096} INFO - Sync 1 DAGs
[2026-05-06T23:36:49.989+0000] {logging_mixin.py:188} INFO - [2026-05-06T23:36:49.989+0000] {dag.py:3954} INFO - Setting next_dagrun for example_short_circuit_operator to 2026-05-05 00:00:00+00:00, run_after=2026-05-06 00:00:00+00:00
[2026-05-06T23:36:50.006+0000] {processor.py:183} INFO - Processing /usr/local/python/3.12.1/lib/python3.12/site-packages/airflow/example_dags/example_short_circuit_operator.py took 0.060 seconds
[2026-05-06T23:37:30.495+0000] {processor.py:161} INFO - Started process (PID=23465) to work on /usr/local/python/3.12.1/lib/python3.12/site-packages/airflow/example_dags/example_short_circuit_operator.py
[2026-05-06T23:37:30.496+0000] {processor.py:830} INFO - Processing file /usr/local/python/3.12.1/lib/python3.12/site-packages/airflow/example_dags/example_short_circuit_operator.py for tasks to queue
[2026-05-06T23:37:30.497+0000] {logging_mixin.py:188} INFO - [2026-05-06T23:37:30.497+0000] {dagbag.py:545} INFO - Filling up the DagBag from /usr/local/python/3.12.1/lib/python3.12/site-packages/airflow/example_dags/example_short_circuit_operator.py
[2026-05-06T23:37:30.504+0000] {processor.py:840} INFO - DAG(s) 'example_short_circuit_operator' retrieved from /usr/local/python/3.12.1/lib/python3.12/site-packages/airflow/example_dags/example_short_circuit_operator.py
[2026-05-06T23:37:30.519+0000] {logging_mixin.py:188} INFO - [2026-05-06T23:37:30.519+0000] {dag.py:3096} INFO - Sync 1 DAGs
[2026-05-06T23:37:30.535+0000] {logging_mixin.py:188} INFO - [2026-05-06T23:37:30.535+0000] {dag.py:3954} INFO - Setting next_dagrun for example_short_circuit_operator to 2026-05-05 00:00:00+00:00, run_after=2026-05-06 00:00:00+00:00
[2026-05-06T23:37:30.552+0000] {processor.py:183} INFO - Processing /usr/local/python/3.12.1/lib/python3.12/site-packages/airflow/example_dags/example_short_circuit_operator.py took 0.061 seconds
[2026-05-06T23:38:26.829+0000] {processor.py:161} INFO - Started process (PID=23896) to work on /usr/local/python/3.12.1/lib/python3.12/site-packages/airflow/example_dags/example_short_circuit_operator.py
[2026-05-06T23:38:26.830+0000] {processor.py:830} INFO - Processing file /usr/local/python/3.12.1/lib/python3.12/site-packages/airflow/example_dags/example_short_circuit_operator.py for tasks to queue
[2026-05-06T23:38:26.832+0000] {logging_mixin.py:188} INFO - [2026-05-06T23:38:26.831+0000] {dagbag.py:545} INFO - Filling up the DagBag from /usr/local/python/3.12.1/lib/python3.12/site-packages/airflow/example_dags/example_short_circuit_operator.py
[2026-05-06T23:38:26.838+0000] {processor.py:840} INFO - DAG(s) 'example_short_circuit_operator' retrieved from /usr/local/python/3.12.1/lib/python3.12/site-packages/airflow/example_dags/example_short_circuit_operator.py
[2026-05-06T23:38:26.854+0000] {logging_mixin.py:188} INFO - [2026-05-06T23:38:26.854+0000] {dag.py:3096} INFO - Sync 1 DAGs
[2026-05-06T23:38:26.870+0000] {logging_mixin.py:188} INFO - [2026-05-06T23:38:26.869+0000] {dag.py:3954} INFO - Setting next_dagrun for example_short_circuit_operator to 2026-05-05 00:00:00+00:00, run_after=2026-05-06 00:00:00+00:00
[2026-05-06T23:38:26.887+0000] {processor.py:183} INFO - Processing /usr/local/python/3.12.1/lib/python3.12/site-packages/airflow/example_dags/example_short_circuit_operator.py took 0.062 seconds
[2026-05-06T23:39:05.703+0000] {processor.py:161} INFO - Started process (PID=24208) to work on /usr/local/python/3.12.1/lib/python3.12/site-packages/airflow/example_dags/example_short_circuit_operator.py
[2026-05-06T23:39:05.704+0000] {processor.py:830} INFO - Processing file /usr/local/python/3.12.1/lib/python3.12/site-packages/airflow/example_dags/example_short_circuit_operator.py for tasks to queue
[2026-05-06T23:39:05.705+0000] {logging_mixin.py:188} INFO - [2026-05-06T23:39:05.705+0000] {dagbag.py:545} INFO - Filling up the DagBag from /usr/local/python/3.12.1/lib/python3.12/site-packages/airflow/example_dags/example_short_circuit_operator.py
[2026-05-06T23:39:05.711+0000] {processor.py:840} INFO - DAG(s) 'example_short_circuit_operator' retrieved from /usr/local/python/3.12.1/lib/python3.12/site-packages/airflow/example_dags/example_short_circuit_operator.py
[2026-05-06T23:39:05.727+0000] {logging_mixin.py:188} INFO - [2026-05-06T23:39:05.726+0000] {dag.py:3096} INFO - Sync 1 DAGs
[2026-05-06T23:39:05.747+0000] {logging_mixin.py:188} INFO - [2026-05-06T23:39:05.747+0000] {dag.py:3954} INFO - Setting next_dagrun for example_short_circuit_operator to 2026-05-05 00:00:00+00:00, run_after=2026-05-06 00:00:00+00:00
[2026-05-06T23:39:05.868+0000] {processor.py:183} INFO - Processing /usr/local/python/3.12.1/lib/python3.12/site-packages/airflow/example_dags/example_short_circuit_operator.py took 0.170 seconds
[2026-05-06T23:39:44.728+0000] {processor.py:161} INFO - Started process (PID=24514) to work on /usr/local/python/3.12.1/lib/python3.12/site-packages/airflow/example_dags/example_short_circuit_operator.py
[2026-05-06T23:39:44.729+0000] {processor.py:830} INFO - Processing file /usr/local/python/3.12.1/lib/python3.12/site-packages/airflow/example_dags/example_short_circuit_operator.py for tasks to queue
[2026-05-06T23:39:44.730+0000] {logging_mixin.py:188} INFO - [2026-05-06T23:39:44.730+0000] {dagbag.py:545} INFO - Filling up the DagBag from /usr/local/python/3.12.1/lib/python3.12/site-packages/airflow/example_dags/example_short_circuit_operator.py
[2026-05-06T23:39:44.737+0000] {processor.py:840} INFO - DAG(s) 'example_short_circuit_operator' retrieved from /usr/local/python/3.12.1/lib/python3.12/site-packages/airflow/example_dags/example_short_circuit_operator.py
[2026-05-06T23:39:44.753+0000] {logging_mixin.py:188} INFO - [2026-05-06T23:39:44.753+0000] {dag.py:3096} INFO - Sync 1 DAGs
[2026-05-06T23:39:44.768+0000] {logging_mixin.py:188} INFO - [2026-05-06T23:39:44.768+0000] {dag.py:3954} INFO - Setting next_dagrun for example_short_circuit_operator to 2026-05-05 00:00:00+00:00, run_after=2026-05-06 00:00:00+00:00
[2026-05-06T23:39:44.786+0000] {processor.py:183} INFO - Processing /usr/local/python/3.12.1/lib/python3.12/site-packages/airflow/example_dags/example_short_circuit_operator.py took 0.063 seconds
[2026-05-06T23:40:24.468+0000] {processor.py:161} INFO - Started process (PID=24820) to work on /usr/local/python/3.12.1/lib/python3.12/site-packages/airflow/example_dags/example_short_circuit_operator.py
[2026-05-06T23:40:24.469+0000] {processor.py:830} INFO - Processing file /usr/local/python/3.12.1/lib/python3.12/site-packages/airflow/example_dags/example_short_circuit_operator.py for tasks to queue
[2026-05-06T23:40:24.470+0000] {logging_mixin.py:188} INFO - [2026-05-06T23:40:24.470+0000] {dagbag.py:545} INFO - Filling up the DagBag from /usr/local/python/3.12.1/lib/python3.12/site-packages/airflow/example_dags/example_short_circuit_operator.py
[2026-05-06T23:40:24.477+0000] {processor.py:840} INFO - DAG(s) 'example_short_circuit_operator' retrieved from /usr/local/python/3.12.1/lib/python3.12/site-packages/airflow/example_dags/example_short_circuit_operator.py
[2026-05-06T23:40:24.492+0000] {logging_mixin.py:188} INFO - [2026-05-06T23:40:24.492+0000] {dag.py:3096} INFO - Sync 1 DAGs
[2026-05-06T23:40:24.608+0000] {logging_mixin.py:188} INFO - [2026-05-06T23:40:24.608+0000] {dag.py:3954} INFO - Setting next_dagrun for example_short_circuit_operator to 2026-05-05 00:00:00+00:00, run_after=2026-05-06 00:00:00+00:00
[2026-05-06T23:40:24.624+0000] {processor.py:183} INFO - Processing /usr/local/python/3.12.1/lib/python3.12/site-packages/airflow/example_dags/example_short_circuit_operator.py took 0.161 seconds
[2026-05-06T23:41:06.809+0000] {processor.py:161} INFO - Started process (PID=25150) to work on /usr/local/python/3.12.1/lib/python3.12/site-packages/airflow/example_dags/example_short_circuit_operator.py
[2026-05-06T23:41:06.809+0000] {processor.py:830} INFO - Processing file /usr/local/python/3.12.1/lib/python3.12/site-packages/airflow/example_dags/example_short_circuit_operator.py for tasks to queue
[2026-05-06T23:41:06.811+0000] {logging_mixin.py:188} INFO - [2026-05-06T23:41:06.811+0000] {dagbag.py:545} INFO - Filling up the DagBag from /usr/local/python/3.12.1/lib/python3.12/site-packages/airflow/example_dags/example_short_circuit_operator.py
[2026-05-06T23:41:06.817+0000] {processor.py:840} INFO - DAG(s) 'example_short_circuit_operator' retrieved from /usr/local/python/3.12.1/lib/python3.12/site-packages/airflow/example_dags/example_short_circuit_operator.py
[2026-05-06T23:41:06.835+0000] {logging_mixin.py:188} INFO - [2026-05-06T23:41:06.834+0000] {dag.py:3096} INFO - Sync 1 DAGs
[2026-05-06T23:41:06.850+0000] {logging_mixin.py:188} INFO - [2026-05-06T23:41:06.850+0000] {dag.py:3954} INFO - Setting next_dagrun for example_short_circuit_operator to 2026-05-05 00:00:00+00:00, run_after=2026-05-06 00:00:00+00:00
[2026-05-06T23:41:06.868+0000] {processor.py:183} INFO - Processing /usr/local/python/3.12.1/lib/python3.12/site-packages/airflow/example_dags/example_short_circuit_operator.py took 0.065 seconds
[2026-05-06T23:42:05.281+0000] {processor.py:161} INFO - Started process (PID=25603) to work on /usr/local/python/3.12.1/lib/python3.12/site-packages/airflow/example_dags/example_short_circuit_operator.py
[2026-05-06T23:42:05.282+0000] {processor.py:830} INFO - Processing file /usr/local/python/3.12.1/lib/python3.12/site-packages/airflow/example_dags/example_short_circuit_operator.py for tasks to queue
[2026-05-06T23:42:05.284+0000] {logging_mixin.py:188} INFO - [2026-05-06T23:42:05.284+0000] {dagbag.py:545} INFO - Filling up the DagBag from /usr/local/python/3.12.1/lib/python3.12/site-packages/airflow/example_dags/example_short_circuit_operator.py
[2026-05-06T23:42:05.290+0000] {processor.py:840} INFO - DAG(s) 'example_short_circuit_operator' retrieved from /usr/local/python/3.12.1/lib/python3.12/site-packages/airflow/example_dags/example_short_circuit_operator.py
[2026-05-06T23:42:05.305+0000] {logging_mixin.py:188} INFO - [2026-05-06T23:42:05.305+0000] {dag.py:3096} INFO - Sync 1 DAGs
[2026-05-06T23:42:05.321+0000] {logging_mixin.py:188} INFO - [2026-05-06T23:42:05.321+0000] {dag.py:3954} INFO - Setting next_dagrun for example_short_circuit_operator to 2026-05-05 00:00:00+00:00, run_after=2026-05-06 00:00:00+00:00
[2026-05-06T23:42:05.338+0000] {processor.py:183} INFO - Processing /usr/local/python/3.12.1/lib/python3.12/site-packages/airflow/example_dags/example_short_circuit_operator.py took 0.061 seconds
[2026-05-06T23:42:47.850+0000] {processor.py:161} INFO - Started process (PID=25924) to work on /usr/local/python/3.12.1/lib/python3.12/site-packages/airflow/example_dags/example_short_circuit_operator.py
[2026-05-06T23:42:47.851+0000] {processor.py:830} INFO - Processing file /usr/local/python/3.12.1/lib/python3.12/site-packages/airflow/example_dags/example_short_circuit_operator.py for tasks to queue
[2026-05-06T23:42:47.852+0000] {logging_mixin.py:188} INFO - [2026-05-06T23:42:47.852+0000] {dagbag.py:545} INFO - Filling up the DagBag from /usr/local/python/3.12.1/lib/python3.12/site-packages/airflow/example_dags/example_short_circuit_operator.py
[2026-05-06T23:42:47.859+0000] {processor.py:840} INFO - DAG(s) 'example_short_circuit_operator' retrieved from /usr/local/python/3.12.1/lib/python3.12/site-packages/airflow/example_dags/example_short_circuit_operator.py
[2026-05-06T23:42:47.874+0000] {logging_mixin.py:188} INFO - [2026-05-06T23:42:47.874+0000] {dag.py:3096} INFO - Sync 1 DAGs
[2026-05-06T23:42:47.889+0000] {logging_mixin.py:188} INFO - [2026-05-06T23:42:47.889+0000] {dag.py:3954} INFO - Setting next_dagrun for example_short_circuit_operator to 2026-05-05 00:00:00+00:00, run_after=2026-05-06 00:00:00+00:00
[2026-05-06T23:42:47.906+0000] {processor.py:183} INFO - Processing /usr/local/python/3.12.1/lib/python3.12/site-packages/airflow/example_dags/example_short_circuit_operator.py took 0.061 seconds
[2026-05-06T23:43:28.745+0000] {processor.py:161} INFO - Started process (PID=26248) to work on /usr/local/python/3.12.1/lib/python3.12/site-packages/airflow/example_dags/example_short_circuit_operator.py
[2026-05-06T23:43:28.746+0000] {processor.py:830} INFO - Processing file /usr/local/python/3.12.1/lib/python3.12/site-packages/airflow/example_dags/example_short_circuit_operator.py for tasks to queue
[2026-05-06T23:43:28.748+0000] {logging_mixin.py:188} INFO - [2026-05-06T23:43:28.747+0000] {dagbag.py:545} INFO - Filling up the DagBag from /usr/local/python/3.12.1/lib/python3.12/site-packages/airflow/example_dags/example_short_circuit_operator.py
[2026-05-06T23:43:28.754+0000] {processor.py:840} INFO - DAG(s) 'example_short_circuit_operator' retrieved from /usr/local/python/3.12.1/lib/python3.12/site-packages/airflow/example_dags/example_short_circuit_operator.py
[2026-05-06T23:43:28.769+0000] {logging_mixin.py:188} INFO - [2026-05-06T23:43:28.769+0000] {dag.py:3096} INFO - Sync 1 DAGs
[2026-05-06T23:43:28.785+0000] {logging_mixin.py:188} INFO - [2026-05-06T23:43:28.785+0000] {dag.py:3954} INFO - Setting next_dagrun for example_short_circuit_operator to 2026-05-05 00:00:00+00:00, run_after=2026-05-06 00:00:00+00:00
[2026-05-06T23:43:28.802+0000] {processor.py:183} INFO - Processing /usr/local/python/3.12.1/lib/python3.12/site-packages/airflow/example_dags/example_short_circuit_operator.py took 0.062 seconds
[2026-05-06T23:44:24.371+0000] {processor.py:161} INFO - Started process (PID=26674) to work on /usr/local/python/3.12.1/lib/python3.12/site-packages/airflow/example_dags/example_short_circuit_operator.py
[2026-05-06T23:44:24.372+0000] {processor.py:830} INFO - Processing file /usr/local/python/3.12.1/lib/python3.12/site-packages/airflow/example_dags/example_short_circuit_operator.py for tasks to queue
[2026-05-06T23:44:24.374+0000] {logging_mixin.py:188} INFO - [2026-05-06T23:44:24.374+0000] {dagbag.py:545} INFO - Filling up the DagBag from /usr/local/python/3.12.1/lib/python3.12/site-packages/airflow/example_dags/example_short_circuit_operator.py
[2026-05-06T23:44:24.380+0000] {processor.py:840} INFO - DAG(s) 'example_short_circuit_operator' retrieved from /usr/local/python/3.12.1/lib/python3.12/site-packages/airflow/example_dags/example_short_circuit_operator.py
[2026-05-06T23:44:24.395+0000] {logging_mixin.py:188} INFO - [2026-05-06T23:44:24.395+0000] {dag.py:3096} INFO - Sync 1 DAGs
[2026-05-06T23:44:24.411+0000] {logging_mixin.py:188} INFO - [2026-05-06T23:44:24.411+0000] {dag.py:3954} INFO - Setting next_dagrun for example_short_circuit_operator to 2026-05-05 00:00:00+00:00, run_after=2026-05-06 00:00:00+00:00
[2026-05-06T23:44:24.428+0000] {processor.py:183} INFO - Processing /usr/local/python/3.12.1/lib/python3.12/site-packages/airflow/example_dags/example_short_circuit_operator.py took 0.062 seconds
[2026-05-06T23:45:03.843+0000] {processor.py:161} INFO - Started process (PID=26980) to work on /usr/local/python/3.12.1/lib/python3.12/site-packages/airflow/example_dags/example_short_circuit_operator.py
[2026-05-06T23:45:03.844+0000] {processor.py:830} INFO - Processing file /usr/local/python/3.12.1/lib/python3.12/site-packages/airflow/example_dags/example_short_circuit_operator.py for tasks to queue
[2026-05-06T23:45:03.846+0000] {logging_mixin.py:188} INFO - [2026-05-06T23:45:03.845+0000] {dagbag.py:545} INFO - Filling up the DagBag from /usr/local/python/3.12.1/lib/python3.12/site-packages/airflow/example_dags/example_short_circuit_operator.py
[2026-05-06T23:45:03.851+0000] {processor.py:840} INFO - DAG(s) 'example_short_circuit_operator' retrieved from /usr/local/python/3.12.1/lib/python3.12/site-packages/airflow/example_dags/example_short_circuit_operator.py
[2026-05-06T23:45:03.866+0000] {logging_mixin.py:188} INFO - [2026-05-06T23:45:03.866+0000] {dag.py:3096} INFO - Sync 1 DAGs
[2026-05-06T23:45:03.881+0000] {logging_mixin.py:188} INFO - [2026-05-06T23:45:03.880+0000] {dag.py:3954} INFO - Setting next_dagrun for example_short_circuit_operator to 2026-05-05 00:00:00+00:00, run_after=2026-05-06 00:00:00+00:00
[2026-05-06T23:45:03.897+0000] {processor.py:183} INFO - Processing /usr/local/python/3.12.1/lib/python3.12/site-packages/airflow/example_dags/example_short_circuit_operator.py took 0.058 seconds
[2026-05-06T23:46:02.011+0000] {processor.py:161} INFO - Started process (PID=27436) to work on /usr/local/python/3.12.1/lib/python3.12/site-packages/airflow/example_dags/example_short_circuit_operator.py
[2026-05-06T23:46:02.012+0000] {processor.py:830} INFO - Processing file /usr/local/python/3.12.1/lib/python3.12/site-packages/airflow/example_dags/example_short_circuit_operator.py for tasks to queue
[2026-05-06T23:46:02.014+0000] {logging_mixin.py:188} INFO - [2026-05-06T23:46:02.013+0000] {dagbag.py:545} INFO - Filling up the DagBag from /usr/local/python/3.12.1/lib/python3.12/site-packages/airflow/example_dags/example_short_circuit_operator.py
[2026-05-06T23:46:02.020+0000] {processor.py:840} INFO - DAG(s) 'example_short_circuit_operator' retrieved from /usr/local/python/3.12.1/lib/python3.12/site-packages/airflow/example_dags/example_short_circuit_operator.py
[2026-05-06T23:46:02.036+0000] {logging_mixin.py:188} INFO - [2026-05-06T23:46:02.035+0000] {dag.py:3096} INFO - Sync 1 DAGs
[2026-05-06T23:46:02.052+0000] {logging_mixin.py:188} INFO - [2026-05-06T23:46:02.052+0000] {dag.py:3954} INFO - Setting next_dagrun for example_short_circuit_operator to 2026-05-05 00:00:00+00:00, run_after=2026-05-06 00:00:00+00:00
[2026-05-06T23:46:02.071+0000] {processor.py:183} INFO - Processing /usr/local/python/3.12.1/lib/python3.12/site-packages/airflow/example_dags/example_short_circuit_operator.py took 0.064 seconds
[2026-05-06T23:46:42.418+0000] {processor.py:161} INFO - Started process (PID=27753) to work on /usr/local/python/3.12.1/lib/python3.12/site-packages/airflow/example_dags/example_short_circuit_operator.py
[2026-05-06T23:46:42.419+0000] {processor.py:830} INFO - Processing file /usr/local/python/3.12.1/lib/python3.12/site-packages/airflow/example_dags/example_short_circuit_operator.py for tasks to queue
[2026-05-06T23:46:42.420+0000] {logging_mixin.py:188} INFO - [2026-05-06T23:46:42.420+0000] {dagbag.py:545} INFO - Filling up the DagBag from /usr/local/python/3.12.1/lib/python3.12/site-packages/airflow/example_dags/example_short_circuit_operator.py
[2026-05-06T23:46:42.427+0000] {processor.py:840} INFO - DAG(s) 'example_short_circuit_operator' retrieved from /usr/local/python/3.12.1/lib/python3.12/site-packages/airflow/example_dags/example_short_circuit_operator.py
[2026-05-06T23:46:42.442+0000] {logging_mixin.py:188} INFO - [2026-05-06T23:46:42.442+0000] {dag.py:3096} INFO - Sync 1 DAGs
[2026-05-06T23:46:42.459+0000] {logging_mixin.py:188} INFO - [2026-05-06T23:46:42.459+0000] {dag.py:3954} INFO - Setting next_dagrun for example_short_circuit_operator to 2026-05-05 00:00:00+00:00, run_after=2026-05-06 00:00:00+00:00
[2026-05-06T23:46:42.477+0000] {processor.py:183} INFO - Processing /usr/local/python/3.12.1/lib/python3.12/site-packages/airflow/example_dags/example_short_circuit_operator.py took 0.064 seconds
[2026-05-06T23:47:41.108+0000] {processor.py:161} INFO - Started process (PID=28219) to work on /usr/local/python/3.12.1/lib/python3.12/site-packages/airflow/example_dags/example_short_circuit_operator.py
[2026-05-06T23:47:41.109+0000] {processor.py:830} INFO - Processing file /usr/local/python/3.12.1/lib/python3.12/site-packages/airflow/example_dags/example_short_circuit_operator.py for tasks to queue
[2026-05-06T23:47:41.110+0000] {logging_mixin.py:188} INFO - [2026-05-06T23:47:41.110+0000] {dagbag.py:545} INFO - Filling up the DagBag from /usr/local/python/3.12.1/lib/python3.12/site-packages/airflow/example_dags/example_short_circuit_operator.py
[2026-05-06T23:47:41.117+0000] {processor.py:840} INFO - DAG(s) 'example_short_circuit_operator' retrieved from /usr/local/python/3.12.1/lib/python3.12/site-packages/airflow/example_dags/example_short_circuit_operator.py
[2026-05-06T23:47:41.133+0000] {logging_mixin.py:188} INFO - [2026-05-06T23:47:41.133+0000] {dag.py:3096} INFO - Sync 1 DAGs
[2026-05-06T23:47:41.149+0000] {logging_mixin.py:188} INFO - [2026-05-06T23:47:41.148+0000] {dag.py:3954} INFO - Setting next_dagrun for example_short_circuit_operator to 2026-05-05 00:00:00+00:00, run_after=2026-05-06 00:00:00+00:00
[2026-05-06T23:47:41.166+0000] {processor.py:183} INFO - Processing /usr/local/python/3.12.1/lib/python3.12/site-packages/airflow/example_dags/example_short_circuit_operator.py took 0.063 seconds
[2026-05-06T23:48:22.173+0000] {processor.py:161} INFO - Started process (PID=28541) to work on /usr/local/python/3.12.1/lib/python3.12/site-packages/airflow/example_dags/example_short_circuit_operator.py
[2026-05-06T23:48:22.174+0000] {processor.py:830} INFO - Processing file /usr/local/python/3.12.1/lib/python3.12/site-packages/airflow/example_dags/example_short_circuit_operator.py for tasks to queue
[2026-05-06T23:48:22.175+0000] {logging_mixin.py:188} INFO - [2026-05-06T23:48:22.175+0000] {dagbag.py:545} INFO - Filling up the DagBag from /usr/local/python/3.12.1/lib/python3.12/site-packages/airflow/example_dags/example_short_circuit_operator.py
[2026-05-06T23:48:22.181+0000] {processor.py:840} INFO - DAG(s) 'example_short_circuit_operator' retrieved from /usr/local/python/3.12.1/lib/python3.12/site-packages/airflow/example_dags/example_short_circuit_operator.py
[2026-05-06T23:48:22.197+0000] {logging_mixin.py:188} INFO - [2026-05-06T23:48:22.197+0000] {dag.py:3096} INFO - Sync 1 DAGs
[2026-05-06T23:48:22.212+0000] {logging_mixin.py:188} INFO - [2026-05-06T23:48:22.212+0000] {dag.py:3954} INFO - Setting next_dagrun for example_short_circuit_operator to 2026-05-05 00:00:00+00:00, run_after=2026-05-06 00:00:00+00:00
[2026-05-06T23:48:22.229+0000] {processor.py:183} INFO - Processing /usr/local/python/3.12.1/lib/python3.12/site-packages/airflow/example_dags/example_short_circuit_operator.py took 0.061 seconds
[2026-05-06T23:49:01.961+0000] {processor.py:161} INFO - Started process (PID=28852) to work on /usr/local/python/3.12.1/lib/python3.12/site-packages/airflow/example_dags/example_short_circuit_operator.py
[2026-05-06T23:49:01.961+0000] {processor.py:830} INFO - Processing file /usr/local/python/3.12.1/lib/python3.12/site-packages/airflow/example_dags/example_short_circuit_operator.py for tasks to queue
[2026-05-06T23:49:01.963+0000] {logging_mixin.py:188} INFO - [2026-05-06T23:49:01.962+0000] {dagbag.py:545} INFO - Filling up the DagBag from /usr/local/python/3.12.1/lib/python3.12/site-packages/airflow/example_dags/example_short_circuit_operator.py
[2026-05-06T23:49:01.969+0000] {processor.py:840} INFO - DAG(s) 'example_short_circuit_operator' retrieved from /usr/local/python/3.12.1/lib/python3.12/site-packages/airflow/example_dags/example_short_circuit_operator.py
[2026-05-06T23:49:01.984+0000] {logging_mixin.py:188} INFO - [2026-05-06T23:49:01.984+0000] {dag.py:3096} INFO - Sync 1 DAGs
[2026-05-06T23:49:01.999+0000] {logging_mixin.py:188} INFO - [2026-05-06T23:49:01.999+0000] {dag.py:3954} INFO - Setting next_dagrun for example_short_circuit_operator to 2026-05-05 00:00:00+00:00, run_after=2026-05-06 00:00:00+00:00
[2026-05-06T23:49:02.016+0000] {processor.py:183} INFO - Processing /usr/local/python/3.12.1/lib/python3.12/site-packages/airflow/example_dags/example_short_circuit_operator.py took 0.060 seconds
[2026-05-06T23:49:58.058+0000] {processor.py:161} INFO - Started process (PID=29284) to work on /usr/local/python/3.12.1/lib/python3.12/site-packages/airflow/example_dags/example_short_circuit_operator.py
[2026-05-06T23:49:58.059+0000] {processor.py:830} INFO - Processing file /usr/local/python/3.12.1/lib/python3.12/site-packages/airflow/example_dags/example_short_circuit_operator.py for tasks to queue
[2026-05-06T23:49:58.061+0000] {logging_mixin.py:188} INFO - [2026-05-06T23:49:58.060+0000] {dagbag.py:545} INFO - Filling up the DagBag from /usr/local/python/3.12.1/lib/python3.12/site-packages/airflow/example_dags/example_short_circuit_operator.py
[2026-05-06T23:49:58.067+0000] {processor.py:840} INFO - DAG(s) 'example_short_circuit_operator' retrieved from /usr/local/python/3.12.1/lib/python3.12/site-packages/airflow/example_dags/example_short_circuit_operator.py
[2026-05-06T23:49:58.082+0000] {logging_mixin.py:188} INFO - [2026-05-06T23:49:58.081+0000] {dag.py:3096} INFO - Sync 1 DAGs
[2026-05-06T23:49:58.097+0000] {logging_mixin.py:188} INFO - [2026-05-06T23:49:58.097+0000] {dag.py:3954} INFO - Setting next_dagrun for example_short_circuit_operator to 2026-05-05 00:00:00+00:00, run_after=2026-05-06 00:00:00+00:00
[2026-05-06T23:49:58.113+0000] {processor.py:183} INFO - Processing /usr/local/python/3.12.1/lib/python3.12/site-packages/airflow/example_dags/example_short_circuit_operator.py took 0.060 seconds
[2026-05-06T23:50:54.295+0000] {processor.py:161} INFO - Started process (PID=29721) to work on /usr/local/python/3.12.1/lib/python3.12/site-packages/airflow/example_dags/example_short_circuit_operator.py
[2026-05-06T23:50:54.296+0000] {processor.py:830} INFO - Processing file /usr/local/python/3.12.1/lib/python3.12/site-packages/airflow/example_dags/example_short_circuit_operator.py for tasks to queue
[2026-05-06T23:50:54.297+0000] {logging_mixin.py:188} INFO - [2026-05-06T23:50:54.297+0000] {dagbag.py:545} INFO - Filling up the DagBag from /usr/local/python/3.12.1/lib/python3.12/site-packages/airflow/example_dags/example_short_circuit_operator.py
[2026-05-06T23:50:54.304+0000] {processor.py:840} INFO - DAG(s) 'example_short_circuit_operator' retrieved from /usr/local/python/3.12.1/lib/python3.12/site-packages/airflow/example_dags/example_short_circuit_operator.py
[2026-05-06T23:50:54.319+0000] {logging_mixin.py:188} INFO - [2026-05-06T23:50:54.318+0000] {dag.py:3096} INFO - Sync 1 DAGs
[2026-05-06T23:50:54.334+0000] {logging_mixin.py:188} INFO - [2026-05-06T23:50:54.334+0000] {dag.py:3954} INFO - Setting next_dagrun for example_short_circuit_operator to 2026-05-05 00:00:00+00:00, run_after=2026-05-06 00:00:00+00:00
[2026-05-06T23:50:54.359+0000] {processor.py:183} INFO - Processing /usr/local/python/3.12.1/lib/python3.12/site-packages/airflow/example_dags/example_short_circuit_operator.py took 0.068 seconds
[2026-05-06T23:51:32.876+0000] {processor.py:161} INFO - Started process (PID=30032) to work on /usr/local/python/3.12.1/lib/python3.12/site-packages/airflow/example_dags/example_short_circuit_operator.py
[2026-05-06T23:51:32.878+0000] {processor.py:830} INFO - Processing file /usr/local/python/3.12.1/lib/python3.12/site-packages/airflow/example_dags/example_short_circuit_operator.py for tasks to queue
[2026-05-06T23:51:32.879+0000] {logging_mixin.py:188} INFO - [2026-05-06T23:51:32.879+0000] {dagbag.py:545} INFO - Filling up the DagBag from /usr/local/python/3.12.1/lib/python3.12/site-packages/airflow/example_dags/example_short_circuit_operator.py
[2026-05-06T23:51:32.887+0000] {processor.py:840} INFO - DAG(s) 'example_short_circuit_operator' retrieved from /usr/local/python/3.12.1/lib/python3.12/site-packages/airflow/example_dags/example_short_circuit_operator.py
[2026-05-06T23:51:32.902+0000] {logging_mixin.py:188} INFO - [2026-05-06T23:51:32.902+0000] {dag.py:3096} INFO - Sync 1 DAGs
[2026-05-06T23:51:32.917+0000] {logging_mixin.py:188} INFO - [2026-05-06T23:51:32.917+0000] {dag.py:3954} INFO - Setting next_dagrun for example_short_circuit_operator to 2026-05-05 00:00:00+00:00, run_after=2026-05-06 00:00:00+00:00
[2026-05-06T23:51:32.934+0000] {processor.py:183} INFO - Processing /usr/local/python/3.12.1/lib/python3.12/site-packages/airflow/example_dags/example_short_circuit_operator.py took 0.067 seconds
[2026-05-06T23:52:28.699+0000] {processor.py:161} INFO - Started process (PID=30456) to work on /usr/local/python/3.12.1/lib/python3.12/site-packages/airflow/example_dags/example_short_circuit_operator.py
[2026-05-06T23:52:28.700+0000] {processor.py:830} INFO - Processing file /usr/local/python/3.12.1/lib/python3.12/site-packages/airflow/example_dags/example_short_circuit_operator.py for tasks to queue
[2026-05-06T23:52:28.701+0000] {logging_mixin.py:188} INFO - [2026-05-06T23:52:28.701+0000] {dagbag.py:545} INFO - Filling up the DagBag from /usr/local/python/3.12.1/lib/python3.12/site-packages/airflow/example_dags/example_short_circuit_operator.py
[2026-05-06T23:52:28.708+0000] {processor.py:840} INFO - DAG(s) 'example_short_circuit_operator' retrieved from /usr/local/python/3.12.1/lib/python3.12/site-packages/airflow/example_dags/example_short_circuit_operator.py
[2026-05-06T23:52:28.723+0000] {logging_mixin.py:188} INFO - [2026-05-06T23:52:28.723+0000] {dag.py:3096} INFO - Sync 1 DAGs
[2026-05-06T23:52:28.740+0000] {logging_mixin.py:188} INFO - [2026-05-06T23:52:28.740+0000] {dag.py:3954} INFO - Setting next_dagrun for example_short_circuit_operator to 2026-05-05 00:00:00+00:00, run_after=2026-05-06 00:00:00+00:00
[2026-05-06T23:52:28.763+0000] {processor.py:183} INFO - Processing /usr/local/python/3.12.1/lib/python3.12/site-packages/airflow/example_dags/example_short_circuit_operator.py took 0.069 seconds
[2026-05-06T23:53:25.263+0000] {processor.py:161} INFO - Started process (PID=30905) to work on /usr/local/python/3.12.1/lib/python3.12/site-packages/airflow/example_dags/example_short_circuit_operator.py
[2026-05-06T23:53:25.264+0000] {processor.py:830} INFO - Processing file /usr/local/python/3.12.1/lib/python3.12/site-packages/airflow/example_dags/example_short_circuit_operator.py for tasks to queue
[2026-05-06T23:53:25.265+0000] {logging_mixin.py:188} INFO - [2026-05-06T23:53:25.265+0000] {dagbag.py:545} INFO - Filling up the DagBag from /usr/local/python/3.12.1/lib/python3.12/site-packages/airflow/example_dags/example_short_circuit_operator.py
[2026-05-06T23:53:25.272+0000] {processor.py:840} INFO - DAG(s) 'example_short_circuit_operator' retrieved from /usr/local/python/3.12.1/lib/python3.12/site-packages/airflow/example_dags/example_short_circuit_operator.py
[2026-05-06T23:53:25.287+0000] {logging_mixin.py:188} INFO - [2026-05-06T23:53:25.286+0000] {dag.py:3096} INFO - Sync 1 DAGs
[2026-05-06T23:53:25.302+0000] {logging_mixin.py:188} INFO - [2026-05-06T23:53:25.302+0000] {dag.py:3954} INFO - Setting next_dagrun for example_short_circuit_operator to 2026-05-05 00:00:00+00:00, run_after=2026-05-06 00:00:00+00:00
[2026-05-06T23:53:25.319+0000] {processor.py:183} INFO - Processing /usr/local/python/3.12.1/lib/python3.12/site-packages/airflow/example_dags/example_short_circuit_operator.py took 0.061 seconds
[2026-05-06T23:54:05.508+0000] {processor.py:161} INFO - Started process (PID=31220) to work on /usr/local/python/3.12.1/lib/python3.12/site-packages/airflow/example_dags/example_short_circuit_operator.py
[2026-05-06T23:54:05.509+0000] {processor.py:830} INFO - Processing file /usr/local/python/3.12.1/lib/python3.12/site-packages/airflow/example_dags/example_short_circuit_operator.py for tasks to queue
[2026-05-06T23:54:05.510+0000] {logging_mixin.py:188} INFO - [2026-05-06T23:54:05.510+0000] {dagbag.py:545} INFO - Filling up the DagBag from /usr/local/python/3.12.1/lib/python3.12/site-packages/airflow/example_dags/example_short_circuit_operator.py
[2026-05-06T23:54:05.516+0000] {processor.py:840} INFO - DAG(s) 'example_short_circuit_operator' retrieved from /usr/local/python/3.12.1/lib/python3.12/site-packages/airflow/example_dags/example_short_circuit_operator.py
[2026-05-06T23:54:05.531+0000] {logging_mixin.py:188} INFO - [2026-05-06T23:54:05.531+0000] {dag.py:3096} INFO - Sync 1 DAGs
[2026-05-06T23:54:05.552+0000] {logging_mixin.py:188} INFO - [2026-05-06T23:54:05.552+0000] {dag.py:3954} INFO - Setting next_dagrun for example_short_circuit_operator to 2026-05-05 00:00:00+00:00, run_after=2026-05-06 00:00:00+00:00
[2026-05-06T23:54:05.569+0000] {processor.py:183} INFO - Processing /usr/local/python/3.12.1/lib/python3.12/site-packages/airflow/example_dags/example_short_circuit_operator.py took 0.066 seconds
[2026-05-06T23:54:45.221+0000] {processor.py:161} INFO - Started process (PID=31532) to work on /usr/local/python/3.12.1/lib/python3.12/site-packages/airflow/example_dags/example_short_circuit_operator.py
[2026-05-06T23:54:45.222+0000] {processor.py:830} INFO - Processing file /usr/local/python/3.12.1/lib/python3.12/site-packages/airflow/example_dags/example_short_circuit_operator.py for tasks to queue
[2026-05-06T23:54:45.223+0000] {logging_mixin.py:188} INFO - [2026-05-06T23:54:45.223+0000] {dagbag.py:545} INFO - Filling up the DagBag from /usr/local/python/3.12.1/lib/python3.12/site-packages/airflow/example_dags/example_short_circuit_operator.py
[2026-05-06T23:54:45.229+0000] {processor.py:840} INFO - DAG(s) 'example_short_circuit_operator' retrieved from /usr/local/python/3.12.1/lib/python3.12/site-packages/airflow/example_dags/example_short_circuit_operator.py
[2026-05-06T23:54:45.254+0000] {logging_mixin.py:188} INFO - [2026-05-06T23:54:45.254+0000] {dag.py:3096} INFO - Sync 1 DAGs
[2026-05-06T23:54:45.275+0000] {logging_mixin.py:188} INFO - [2026-05-06T23:54:45.275+0000] {dag.py:3954} INFO - Setting next_dagrun for example_short_circuit_operator to 2026-05-05 00:00:00+00:00, run_after=2026-05-06 00:00:00+00:00
[2026-05-06T23:54:45.291+0000] {processor.py:183} INFO - Processing /usr/local/python/3.12.1/lib/python3.12/site-packages/airflow/example_dags/example_short_circuit_operator.py took 0.076 seconds
[2026-05-06T23:55:23.760+0000] {processor.py:161} INFO - Started process (PID=31881) to work on /usr/local/python/3.12.1/lib/python3.12/site-packages/airflow/example_dags/example_short_circuit_operator.py
[2026-05-06T23:55:23.761+0000] {processor.py:830} INFO - Processing file /usr/local/python/3.12.1/lib/python3.12/site-packages/airflow/example_dags/example_short_circuit_operator.py for tasks to queue
[2026-05-06T23:55:23.762+0000] {logging_mixin.py:188} INFO - [2026-05-06T23:55:23.762+0000] {dagbag.py:545} INFO - Filling up the DagBag from /usr/local/python/3.12.1/lib/python3.12/site-packages/airflow/example_dags/example_short_circuit_operator.py
[2026-05-06T23:55:23.769+0000] {processor.py:840} INFO - DAG(s) 'example_short_circuit_operator' retrieved from /usr/local/python/3.12.1/lib/python3.12/site-packages/airflow/example_dags/example_short_circuit_operator.py
[2026-05-06T23:55:23.785+0000] {logging_mixin.py:188} INFO - [2026-05-06T23:55:23.785+0000] {dag.py:3096} INFO - Sync 1 DAGs
[2026-05-06T23:55:23.801+0000] {logging_mixin.py:188} INFO - [2026-05-06T23:55:23.801+0000] {dag.py:3954} INFO - Setting next_dagrun for example_short_circuit_operator to 2026-05-05 00:00:00+00:00, run_after=2026-05-06 00:00:00+00:00
[2026-05-06T23:55:23.819+0000] {processor.py:183} INFO - Processing /usr/local/python/3.12.1/lib/python3.12/site-packages/airflow/example_dags/example_short_circuit_operator.py took 0.064 seconds
[2026-05-06T23:56:04.910+0000] {processor.py:161} INFO - Started process (PID=32212) to work on /usr/local/python/3.12.1/lib/python3.12/site-packages/airflow/example_dags/example_short_circuit_operator.py
[2026-05-06T23:56:04.911+0000] {processor.py:830} INFO - Processing file /usr/local/python/3.12.1/lib/python3.12/site-packages/airflow/example_dags/example_short_circuit_operator.py for tasks to queue
[2026-05-06T23:56:04.913+0000] {logging_mixin.py:188} INFO - [2026-05-06T23:56:04.912+0000] {dagbag.py:545} INFO - Filling up the DagBag from /usr/local/python/3.12.1/lib/python3.12/site-packages/airflow/example_dags/example_short_circuit_operator.py
[2026-05-06T23:56:04.919+0000] {processor.py:840} INFO - DAG(s) 'example_short_circuit_operator' retrieved from /usr/local/python/3.12.1/lib/python3.12/site-packages/airflow/example_dags/example_short_circuit_operator.py
[2026-05-06T23:56:04.935+0000] {logging_mixin.py:188} INFO - [2026-05-06T23:56:04.934+0000] {dag.py:3096} INFO - Sync 1 DAGs
[2026-05-06T23:56:04.950+0000] {logging_mixin.py:188} INFO - [2026-05-06T23:56:04.950+0000] {dag.py:3954} INFO - Setting next_dagrun for example_short_circuit_operator to 2026-05-05 00:00:00+00:00, run_after=2026-05-06 00:00:00+00:00
[2026-05-06T23:56:04.968+0000] {processor.py:183} INFO - Processing /usr/local/python/3.12.1/lib/python3.12/site-packages/airflow/example_dags/example_short_circuit_operator.py took 0.063 seconds
[2026-05-06T23:56:58.651+0000] {processor.py:161} INFO - Started process (PID=32582) to work on /usr/local/python/3.12.1/lib/python3.12/site-packages/airflow/example_dags/example_short_circuit_operator.py
[2026-05-06T23:56:58.652+0000] {processor.py:830} INFO - Processing file /usr/local/python/3.12.1/lib/python3.12/site-packages/airflow/example_dags/example_short_circuit_operator.py for tasks to queue
[2026-05-06T23:56:58.653+0000] {logging_mixin.py:188} INFO - [2026-05-06T23:56:58.653+0000] {dagbag.py:545} INFO - Filling up the DagBag from /usr/local/python/3.12.1/lib/python3.12/site-packages/airflow/example_dags/example_short_circuit_operator.py
[2026-05-06T23:56:58.660+0000] {processor.py:840} INFO - DAG(s) 'example_short_circuit_operator' retrieved from /usr/local/python/3.12.1/lib/python3.12/site-packages/airflow/example_dags/example_short_circuit_operator.py
[2026-05-06T23:56:58.675+0000] {logging_mixin.py:188} INFO - [2026-05-06T23:56:58.674+0000] {dag.py:3096} INFO - Sync 1 DAGs
[2026-05-06T23:56:58.690+0000] {logging_mixin.py:188} INFO - [2026-05-06T23:56:58.690+0000] {dag.py:3954} INFO - Setting next_dagrun for example_short_circuit_operator to 2026-05-05 00:00:00+00:00, run_after=2026-05-06 00:00:00+00:00
[2026-05-06T23:56:58.707+0000] {processor.py:183} INFO - Processing /usr/local/python/3.12.1/lib/python3.12/site-packages/airflow/example_dags/example_short_circuit_operator.py took 0.061 seconds
[2026-05-06T23:57:36.327+0000] {processor.py:161} INFO - Started process (PID=32776) to work on /usr/local/python/3.12.1/lib/python3.12/site-packages/airflow/example_dags/example_short_circuit_operator.py
[2026-05-06T23:57:36.328+0000] {processor.py:830} INFO - Processing file /usr/local/python/3.12.1/lib/python3.12/site-packages/airflow/example_dags/example_short_circuit_operator.py for tasks to queue
[2026-05-06T23:57:36.330+0000] {logging_mixin.py:188} INFO - [2026-05-06T23:57:36.329+0000] {dagbag.py:545} INFO - Filling up the DagBag from /usr/local/python/3.12.1/lib/python3.12/site-packages/airflow/example_dags/example_short_circuit_operator.py
[2026-05-06T23:57:36.336+0000] {processor.py:840} INFO - DAG(s) 'example_short_circuit_operator' retrieved from /usr/local/python/3.12.1/lib/python3.12/site-packages/airflow/example_dags/example_short_circuit_operator.py
[2026-05-06T23:57:36.364+0000] {logging_mixin.py:188} INFO - [2026-05-06T23:57:36.364+0000] {dag.py:3096} INFO - Sync 1 DAGs
[2026-05-06T23:57:36.384+0000] {logging_mixin.py:188} INFO - [2026-05-06T23:57:36.383+0000] {dag.py:3954} INFO - Setting next_dagrun for example_short_circuit_operator to 2026-05-05 00:00:00+00:00, run_after=2026-05-06 00:00:00+00:00
[2026-05-06T23:57:36.401+0000] {processor.py:183} INFO - Processing /usr/local/python/3.12.1/lib/python3.12/site-packages/airflow/example_dags/example_short_circuit_operator.py took 0.078 seconds
[2026-05-06T23:58:18.590+0000] {processor.py:161} INFO - Started process (PID=32979) to work on /usr/local/python/3.12.1/lib/python3.12/site-packages/airflow/example_dags/example_short_circuit_operator.py
[2026-05-06T23:58:18.591+0000] {processor.py:830} INFO - Processing file /usr/local/python/3.12.1/lib/python3.12/site-packages/airflow/example_dags/example_short_circuit_operator.py for tasks to queue
[2026-05-06T23:58:18.592+0000] {logging_mixin.py:188} INFO - [2026-05-06T23:58:18.592+0000] {dagbag.py:545} INFO - Filling up the DagBag from /usr/local/python/3.12.1/lib/python3.12/site-packages/airflow/example_dags/example_short_circuit_operator.py
[2026-05-06T23:58:18.599+0000] {processor.py:840} INFO - DAG(s) 'example_short_circuit_operator' retrieved from /usr/local/python/3.12.1/lib/python3.12/site-packages/airflow/example_dags/example_short_circuit_operator.py
[2026-05-06T23:58:18.614+0000] {logging_mixin.py:188} INFO - [2026-05-06T23:58:18.613+0000] {dag.py:3096} INFO - Sync 1 DAGs
[2026-05-06T23:58:18.630+0000] {logging_mixin.py:188} INFO - [2026-05-06T23:58:18.629+0000] {dag.py:3954} INFO - Setting next_dagrun for example_short_circuit_operator to 2026-05-05 00:00:00+00:00, run_after=2026-05-06 00:00:00+00:00
[2026-05-06T23:58:18.646+0000] {processor.py:183} INFO - Processing /usr/local/python/3.12.1/lib/python3.12/site-packages/airflow/example_dags/example_short_circuit_operator.py took 0.061 seconds
[2026-05-06T23:59:15.282+0000] {processor.py:161} INFO - Started process (PID=33244) to work on /usr/local/python/3.12.1/lib/python3.12/site-packages/airflow/example_dags/example_short_circuit_operator.py
[2026-05-06T23:59:15.282+0000] {processor.py:830} INFO - Processing file /usr/local/python/3.12.1/lib/python3.12/site-packages/airflow/example_dags/example_short_circuit_operator.py for tasks to queue
[2026-05-06T23:59:15.284+0000] {logging_mixin.py:188} INFO - [2026-05-06T23:59:15.283+0000] {dagbag.py:545} INFO - Filling up the DagBag from /usr/local/python/3.12.1/lib/python3.12/site-packages/airflow/example_dags/example_short_circuit_operator.py
[2026-05-06T23:59:15.290+0000] {processor.py:840} INFO - DAG(s) 'example_short_circuit_operator' retrieved from /usr/local/python/3.12.1/lib/python3.12/site-packages/airflow/example_dags/example_short_circuit_operator.py
[2026-05-06T23:59:15.305+0000] {logging_mixin.py:188} INFO - [2026-05-06T23:59:15.304+0000] {dag.py:3096} INFO - Sync 1 DAGs
[2026-05-06T23:59:15.320+0000] {logging_mixin.py:188} INFO - [2026-05-06T23:59:15.320+0000] {dag.py:3954} INFO - Setting next_dagrun for example_short_circuit_operator to 2026-05-05 00:00:00+00:00, run_after=2026-05-06 00:00:00+00:00
[2026-05-06T23:59:15.338+0000] {processor.py:183} INFO - Processing /usr/local/python/3.12.1/lib/python3.12/site-packages/airflow/example_dags/example_short_circuit_operator.py took 0.061 seconds
[2026-05-06T23:59:55.340+0000] {processor.py:161} INFO - Started process (PID=33443) to work on /usr/local/python/3.12.1/lib/python3.12/site-packages/airflow/example_dags/example_short_circuit_operator.py
[2026-05-06T23:59:55.341+0000] {processor.py:830} INFO - Processing file /usr/local/python/3.12.1/lib/python3.12/site-packages/airflow/example_dags/example_short_circuit_operator.py for tasks to queue
[2026-05-06T23:59:55.343+0000] {logging_mixin.py:188} INFO - [2026-05-06T23:59:55.343+0000] {dagbag.py:545} INFO - Filling up the DagBag from /usr/local/python/3.12.1/lib/python3.12/site-packages/airflow/example_dags/example_short_circuit_operator.py
[2026-05-06T23:59:55.363+0000] {processor.py:840} INFO - DAG(s) 'example_short_circuit_operator' retrieved from /usr/local/python/3.12.1/lib/python3.12/site-packages/airflow/example_dags/example_short_circuit_operator.py
[2026-05-06T23:59:55.382+0000] {logging_mixin.py:188} INFO - [2026-05-06T23:59:55.382+0000] {dag.py:3096} INFO - Sync 1 DAGs
[2026-05-06T23:59:55.398+0000] {logging_mixin.py:188} INFO - [2026-05-06T23:59:55.398+0000] {dag.py:3954} INFO - Setting next_dagrun for example_short_circuit_operator to 2026-05-05 00:00:00+00:00, run_after=2026-05-06 00:00:00+00:00
[2026-05-06T23:59:55.415+0000] {processor.py:183} INFO - Processing /usr/local/python/3.12.1/lib/python3.12/site-packages/airflow/example_dags/example_short_circuit_operator.py took 0.081 seconds
