[2026-05-06T23:19:03.546+0000] {processor.py:161} INFO - Started process (PID=13324) to work on /usr/local/python/3.12.1/lib/python3.12/site-packages/airflow/example_dags/example_skip_dag.py
[2026-05-06T23:19:03.548+0000] {processor.py:830} INFO - Processing file /usr/local/python/3.12.1/lib/python3.12/site-packages/airflow/example_dags/example_skip_dag.py for tasks to queue
[2026-05-06T23:19:03.550+0000] {logging_mixin.py:188} INFO - [2026-05-06T23:19:03.549+0000] {dagbag.py:545} INFO - Filling up the DagBag from /usr/local/python/3.12.1/lib/python3.12/site-packages/airflow/example_dags/example_skip_dag.py
[2026-05-06T23:19:03.559+0000] {processor.py:840} INFO - DAG(s) 'example_skip_dag' retrieved from /usr/local/python/3.12.1/lib/python3.12/site-packages/airflow/example_dags/example_skip_dag.py
[2026-05-06T23:19:03.676+0000] {logging_mixin.py:188} INFO - [2026-05-06T23:19:03.676+0000] {override.py:1829} INFO - Created Permission View: can delete on DAG:example_skip_dag
[2026-05-06T23:19:03.684+0000] {logging_mixin.py:188} INFO - [2026-05-06T23:19:03.683+0000] {override.py:1829} INFO - Created Permission View: can edit on DAG:example_skip_dag
[2026-05-06T23:19:03.689+0000] {logging_mixin.py:188} INFO - [2026-05-06T23:19:03.688+0000] {override.py:1829} INFO - Created Permission View: can read on DAG:example_skip_dag
[2026-05-06T23:19:03.689+0000] {logging_mixin.py:188} INFO - [2026-05-06T23:19:03.689+0000] {dag.py:3096} INFO - Sync 1 DAGs
[2026-05-06T23:19:03.696+0000] {logging_mixin.py:188} INFO - [2026-05-06T23:19:03.696+0000] {dag.py:3118} INFO - Creating ORM DAG for example_skip_dag
[2026-05-06T23:19:03.702+0000] {logging_mixin.py:188} INFO - [2026-05-06T23:19:03.702+0000] {dag.py:3954} INFO - Setting next_dagrun for example_skip_dag to 2026-05-05 00:00:00+00:00, run_after=2026-05-06 00:00:00+00:00
[2026-05-06T23:19:03.716+0000] {processor.py:183} INFO - Processing /usr/local/python/3.12.1/lib/python3.12/site-packages/airflow/example_dags/example_skip_dag.py took 0.176 seconds
[2026-05-06T23:19:53.846+0000] {processor.py:161} INFO - Started process (PID=13752) to work on /usr/local/python/3.12.1/lib/python3.12/site-packages/airflow/example_dags/example_skip_dag.py
[2026-05-06T23:19:53.847+0000] {processor.py:830} INFO - Processing file /usr/local/python/3.12.1/lib/python3.12/site-packages/airflow/example_dags/example_skip_dag.py for tasks to queue
[2026-05-06T23:19:53.848+0000] {logging_mixin.py:188} INFO - [2026-05-06T23:19:53.848+0000] {dagbag.py:545} INFO - Filling up the DagBag from /usr/local/python/3.12.1/lib/python3.12/site-packages/airflow/example_dags/example_skip_dag.py
[2026-05-06T23:19:53.853+0000] {processor.py:840} INFO - DAG(s) 'example_skip_dag' retrieved from /usr/local/python/3.12.1/lib/python3.12/site-packages/airflow/example_dags/example_skip_dag.py
[2026-05-06T23:19:53.867+0000] {logging_mixin.py:188} INFO - [2026-05-06T23:19:53.867+0000] {dag.py:3096} INFO - Sync 1 DAGs
[2026-05-06T23:19:53.881+0000] {logging_mixin.py:188} INFO - [2026-05-06T23:19:53.881+0000] {dag.py:3954} INFO - Setting next_dagrun for example_skip_dag to 2026-05-05 00:00:00+00:00, run_after=2026-05-06 00:00:00+00:00
[2026-05-06T23:19:53.897+0000] {processor.py:183} INFO - Processing /usr/local/python/3.12.1/lib/python3.12/site-packages/airflow/example_dags/example_skip_dag.py took 0.055 seconds
[2026-05-06T23:20:41.977+0000] {processor.py:161} INFO - Started process (PID=14191) to work on /usr/local/python/3.12.1/lib/python3.12/site-packages/airflow/example_dags/example_skip_dag.py
[2026-05-06T23:20:41.978+0000] {processor.py:830} INFO - Processing file /usr/local/python/3.12.1/lib/python3.12/site-packages/airflow/example_dags/example_skip_dag.py for tasks to queue
[2026-05-06T23:20:41.980+0000] {logging_mixin.py:188} INFO - [2026-05-06T23:20:41.979+0000] {dagbag.py:545} INFO - Filling up the DagBag from /usr/local/python/3.12.1/lib/python3.12/site-packages/airflow/example_dags/example_skip_dag.py
[2026-05-06T23:20:41.984+0000] {processor.py:840} INFO - DAG(s) 'example_skip_dag' retrieved from /usr/local/python/3.12.1/lib/python3.12/site-packages/airflow/example_dags/example_skip_dag.py
[2026-05-06T23:20:41.998+0000] {logging_mixin.py:188} INFO - [2026-05-06T23:20:41.998+0000] {dag.py:3096} INFO - Sync 1 DAGs
[2026-05-06T23:20:42.013+0000] {logging_mixin.py:188} INFO - [2026-05-06T23:20:42.012+0000] {dag.py:3954} INFO - Setting next_dagrun for example_skip_dag to 2026-05-05 00:00:00+00:00, run_after=2026-05-06 00:00:00+00:00
[2026-05-06T23:20:42.028+0000] {processor.py:183} INFO - Processing /usr/local/python/3.12.1/lib/python3.12/site-packages/airflow/example_dags/example_skip_dag.py took 0.055 seconds
[2026-05-06T23:21:41.897+0000] {processor.py:161} INFO - Started process (PID=14759) to work on /usr/local/python/3.12.1/lib/python3.12/site-packages/airflow/example_dags/example_skip_dag.py
[2026-05-06T23:21:41.897+0000] {processor.py:830} INFO - Processing file /usr/local/python/3.12.1/lib/python3.12/site-packages/airflow/example_dags/example_skip_dag.py for tasks to queue
[2026-05-06T23:21:41.899+0000] {logging_mixin.py:188} INFO - [2026-05-06T23:21:41.899+0000] {dagbag.py:545} INFO - Filling up the DagBag from /usr/local/python/3.12.1/lib/python3.12/site-packages/airflow/example_dags/example_skip_dag.py
[2026-05-06T23:21:41.904+0000] {processor.py:840} INFO - DAG(s) 'example_skip_dag' retrieved from /usr/local/python/3.12.1/lib/python3.12/site-packages/airflow/example_dags/example_skip_dag.py
[2026-05-06T23:21:41.917+0000] {logging_mixin.py:188} INFO - [2026-05-06T23:21:41.916+0000] {dag.py:3096} INFO - Sync 1 DAGs
[2026-05-06T23:21:41.933+0000] {logging_mixin.py:188} INFO - [2026-05-06T23:21:41.932+0000] {dag.py:3954} INFO - Setting next_dagrun for example_skip_dag to 2026-05-05 00:00:00+00:00, run_after=2026-05-06 00:00:00+00:00
[2026-05-06T23:21:41.951+0000] {processor.py:183} INFO - Processing /usr/local/python/3.12.1/lib/python3.12/site-packages/airflow/example_dags/example_skip_dag.py took 0.059 seconds
[2026-05-06T23:22:23.604+0000] {processor.py:161} INFO - Started process (PID=15081) to work on /usr/local/python/3.12.1/lib/python3.12/site-packages/airflow/example_dags/example_skip_dag.py
[2026-05-06T23:22:23.604+0000] {processor.py:830} INFO - Processing file /usr/local/python/3.12.1/lib/python3.12/site-packages/airflow/example_dags/example_skip_dag.py for tasks to queue
[2026-05-06T23:22:23.606+0000] {logging_mixin.py:188} INFO - [2026-05-06T23:22:23.605+0000] {dagbag.py:545} INFO - Filling up the DagBag from /usr/local/python/3.12.1/lib/python3.12/site-packages/airflow/example_dags/example_skip_dag.py
[2026-05-06T23:22:23.611+0000] {processor.py:840} INFO - DAG(s) 'example_skip_dag' retrieved from /usr/local/python/3.12.1/lib/python3.12/site-packages/airflow/example_dags/example_skip_dag.py
[2026-05-06T23:22:23.624+0000] {logging_mixin.py:188} INFO - [2026-05-06T23:22:23.624+0000] {dag.py:3096} INFO - Sync 1 DAGs
[2026-05-06T23:22:23.639+0000] {logging_mixin.py:188} INFO - [2026-05-06T23:22:23.639+0000] {dag.py:3954} INFO - Setting next_dagrun for example_skip_dag to 2026-05-05 00:00:00+00:00, run_after=2026-05-06 00:00:00+00:00
[2026-05-06T23:22:23.655+0000] {processor.py:183} INFO - Processing /usr/local/python/3.12.1/lib/python3.12/site-packages/airflow/example_dags/example_skip_dag.py took 0.056 seconds
[2026-05-06T23:23:02.950+0000] {processor.py:161} INFO - Started process (PID=15480) to work on /usr/local/python/3.12.1/lib/python3.12/site-packages/airflow/example_dags/example_skip_dag.py
[2026-05-06T23:23:02.950+0000] {processor.py:830} INFO - Processing file /usr/local/python/3.12.1/lib/python3.12/site-packages/airflow/example_dags/example_skip_dag.py for tasks to queue
[2026-05-06T23:23:02.952+0000] {logging_mixin.py:188} INFO - [2026-05-06T23:23:02.951+0000] {dagbag.py:545} INFO - Filling up the DagBag from /usr/local/python/3.12.1/lib/python3.12/site-packages/airflow/example_dags/example_skip_dag.py
[2026-05-06T23:23:02.957+0000] {processor.py:840} INFO - DAG(s) 'example_skip_dag' retrieved from /usr/local/python/3.12.1/lib/python3.12/site-packages/airflow/example_dags/example_skip_dag.py
[2026-05-06T23:23:02.970+0000] {logging_mixin.py:188} INFO - [2026-05-06T23:23:02.970+0000] {dag.py:3096} INFO - Sync 1 DAGs
[2026-05-06T23:23:02.985+0000] {logging_mixin.py:188} INFO - [2026-05-06T23:23:02.984+0000] {dag.py:3954} INFO - Setting next_dagrun for example_skip_dag to 2026-05-05 00:00:00+00:00, run_after=2026-05-06 00:00:00+00:00
[2026-05-06T23:23:03.011+0000] {processor.py:183} INFO - Processing /usr/local/python/3.12.1/lib/python3.12/site-packages/airflow/example_dags/example_skip_dag.py took 0.066 seconds
[2026-05-06T23:23:58.164+0000] {processor.py:161} INFO - Started process (PID=16081) to work on /usr/local/python/3.12.1/lib/python3.12/site-packages/airflow/example_dags/example_skip_dag.py
[2026-05-06T23:23:58.168+0000] {processor.py:830} INFO - Processing file /usr/local/python/3.12.1/lib/python3.12/site-packages/airflow/example_dags/example_skip_dag.py for tasks to queue
[2026-05-06T23:23:58.175+0000] {logging_mixin.py:188} INFO - [2026-05-06T23:23:58.174+0000] {dagbag.py:545} INFO - Filling up the DagBag from /usr/local/python/3.12.1/lib/python3.12/site-packages/airflow/example_dags/example_skip_dag.py
[2026-05-06T23:23:58.186+0000] {processor.py:840} INFO - DAG(s) 'example_skip_dag' retrieved from /usr/local/python/3.12.1/lib/python3.12/site-packages/airflow/example_dags/example_skip_dag.py
[2026-05-06T23:23:58.210+0000] {logging_mixin.py:188} INFO - [2026-05-06T23:23:58.210+0000] {dag.py:3096} INFO - Sync 1 DAGs
[2026-05-06T23:23:58.225+0000] {logging_mixin.py:188} INFO - [2026-05-06T23:23:58.225+0000] {dag.py:3954} INFO - Setting next_dagrun for example_skip_dag to 2026-05-05 00:00:00+00:00, run_after=2026-05-06 00:00:00+00:00
[2026-05-06T23:23:58.240+0000] {processor.py:183} INFO - Processing /usr/local/python/3.12.1/lib/python3.12/site-packages/airflow/example_dags/example_skip_dag.py took 0.090 seconds
[2026-05-06T23:24:54.790+0000] {processor.py:161} INFO - Started process (PID=16894) to work on /usr/local/python/3.12.1/lib/python3.12/site-packages/airflow/example_dags/example_skip_dag.py
[2026-05-06T23:24:54.791+0000] {processor.py:830} INFO - Processing file /usr/local/python/3.12.1/lib/python3.12/site-packages/airflow/example_dags/example_skip_dag.py for tasks to queue
[2026-05-06T23:24:54.792+0000] {logging_mixin.py:188} INFO - [2026-05-06T23:24:54.792+0000] {dagbag.py:545} INFO - Filling up the DagBag from /usr/local/python/3.12.1/lib/python3.12/site-packages/airflow/example_dags/example_skip_dag.py
[2026-05-06T23:24:54.798+0000] {processor.py:840} INFO - DAG(s) 'example_skip_dag' retrieved from /usr/local/python/3.12.1/lib/python3.12/site-packages/airflow/example_dags/example_skip_dag.py
[2026-05-06T23:24:54.811+0000] {logging_mixin.py:188} INFO - [2026-05-06T23:24:54.811+0000] {dag.py:3096} INFO - Sync 1 DAGs
[2026-05-06T23:24:54.826+0000] {logging_mixin.py:188} INFO - [2026-05-06T23:24:54.826+0000] {dag.py:3954} INFO - Setting next_dagrun for example_skip_dag to 2026-05-05 00:00:00+00:00, run_after=2026-05-06 00:00:00+00:00
[2026-05-06T23:24:54.842+0000] {processor.py:183} INFO - Processing /usr/local/python/3.12.1/lib/python3.12/site-packages/airflow/example_dags/example_skip_dag.py took 0.056 seconds
[2026-05-06T23:25:55.316+0000] {processor.py:161} INFO - Started process (PID=17444) to work on /usr/local/python/3.12.1/lib/python3.12/site-packages/airflow/example_dags/example_skip_dag.py
[2026-05-06T23:25:55.316+0000] {processor.py:830} INFO - Processing file /usr/local/python/3.12.1/lib/python3.12/site-packages/airflow/example_dags/example_skip_dag.py for tasks to queue
[2026-05-06T23:25:55.318+0000] {logging_mixin.py:188} INFO - [2026-05-06T23:25:55.318+0000] {dagbag.py:545} INFO - Filling up the DagBag from /usr/local/python/3.12.1/lib/python3.12/site-packages/airflow/example_dags/example_skip_dag.py
[2026-05-06T23:25:55.323+0000] {processor.py:840} INFO - DAG(s) 'example_skip_dag' retrieved from /usr/local/python/3.12.1/lib/python3.12/site-packages/airflow/example_dags/example_skip_dag.py
[2026-05-06T23:25:55.336+0000] {logging_mixin.py:188} INFO - [2026-05-06T23:25:55.336+0000] {dag.py:3096} INFO - Sync 1 DAGs
[2026-05-06T23:25:55.351+0000] {logging_mixin.py:188} INFO - [2026-05-06T23:25:55.351+0000] {dag.py:3954} INFO - Setting next_dagrun for example_skip_dag to 2026-05-05 00:00:00+00:00, run_after=2026-05-06 00:00:00+00:00
[2026-05-06T23:25:55.368+0000] {processor.py:183} INFO - Processing /usr/local/python/3.12.1/lib/python3.12/site-packages/airflow/example_dags/example_skip_dag.py took 0.057 seconds
[2026-05-06T23:26:35.843+0000] {processor.py:161} INFO - Started process (PID=17774) to work on /usr/local/python/3.12.1/lib/python3.12/site-packages/airflow/example_dags/example_skip_dag.py
[2026-05-06T23:26:35.844+0000] {processor.py:830} INFO - Processing file /usr/local/python/3.12.1/lib/python3.12/site-packages/airflow/example_dags/example_skip_dag.py for tasks to queue
[2026-05-06T23:26:35.845+0000] {logging_mixin.py:188} INFO - [2026-05-06T23:26:35.845+0000] {dagbag.py:545} INFO - Filling up the DagBag from /usr/local/python/3.12.1/lib/python3.12/site-packages/airflow/example_dags/example_skip_dag.py
[2026-05-06T23:26:35.851+0000] {processor.py:840} INFO - DAG(s) 'example_skip_dag' retrieved from /usr/local/python/3.12.1/lib/python3.12/site-packages/airflow/example_dags/example_skip_dag.py
[2026-05-06T23:26:35.864+0000] {logging_mixin.py:188} INFO - [2026-05-06T23:26:35.864+0000] {dag.py:3096} INFO - Sync 1 DAGs
[2026-05-06T23:26:35.878+0000] {logging_mixin.py:188} INFO - [2026-05-06T23:26:35.878+0000] {dag.py:3954} INFO - Setting next_dagrun for example_skip_dag to 2026-05-05 00:00:00+00:00, run_after=2026-05-06 00:00:00+00:00
[2026-05-06T23:26:35.894+0000] {processor.py:183} INFO - Processing /usr/local/python/3.12.1/lib/python3.12/site-packages/airflow/example_dags/example_skip_dag.py took 0.056 seconds
[2026-05-06T23:27:32.873+0000] {processor.py:161} INFO - Started process (PID=18406) to work on /usr/local/python/3.12.1/lib/python3.12/site-packages/airflow/example_dags/example_skip_dag.py
[2026-05-06T23:27:32.874+0000] {processor.py:830} INFO - Processing file /usr/local/python/3.12.1/lib/python3.12/site-packages/airflow/example_dags/example_skip_dag.py for tasks to queue
[2026-05-06T23:27:32.875+0000] {logging_mixin.py:188} INFO - [2026-05-06T23:27:32.875+0000] {dagbag.py:545} INFO - Filling up the DagBag from /usr/local/python/3.12.1/lib/python3.12/site-packages/airflow/example_dags/example_skip_dag.py
[2026-05-06T23:27:32.880+0000] {processor.py:840} INFO - DAG(s) 'example_skip_dag' retrieved from /usr/local/python/3.12.1/lib/python3.12/site-packages/airflow/example_dags/example_skip_dag.py
[2026-05-06T23:27:32.894+0000] {logging_mixin.py:188} INFO - [2026-05-06T23:27:32.893+0000] {dag.py:3096} INFO - Sync 1 DAGs
[2026-05-06T23:27:32.908+0000] {logging_mixin.py:188} INFO - [2026-05-06T23:27:32.908+0000] {dag.py:3954} INFO - Setting next_dagrun for example_skip_dag to 2026-05-05 00:00:00+00:00, run_after=2026-05-06 00:00:00+00:00
[2026-05-06T23:27:32.925+0000] {processor.py:183} INFO - Processing /usr/local/python/3.12.1/lib/python3.12/site-packages/airflow/example_dags/example_skip_dag.py took 0.056 seconds
[2026-05-06T23:28:34.881+0000] {processor.py:161} INFO - Started process (PID=18918) to work on /usr/local/python/3.12.1/lib/python3.12/site-packages/airflow/example_dags/example_skip_dag.py
[2026-05-06T23:28:34.882+0000] {processor.py:830} INFO - Processing file /usr/local/python/3.12.1/lib/python3.12/site-packages/airflow/example_dags/example_skip_dag.py for tasks to queue
[2026-05-06T23:28:34.883+0000] {logging_mixin.py:188} INFO - [2026-05-06T23:28:34.883+0000] {dagbag.py:545} INFO - Filling up the DagBag from /usr/local/python/3.12.1/lib/python3.12/site-packages/airflow/example_dags/example_skip_dag.py
[2026-05-06T23:28:34.889+0000] {processor.py:840} INFO - DAG(s) 'example_skip_dag' retrieved from /usr/local/python/3.12.1/lib/python3.12/site-packages/airflow/example_dags/example_skip_dag.py
[2026-05-06T23:28:34.902+0000] {logging_mixin.py:188} INFO - [2026-05-06T23:28:34.902+0000] {dag.py:3096} INFO - Sync 1 DAGs
[2026-05-06T23:28:35.003+0000] {logging_mixin.py:188} INFO - [2026-05-06T23:28:35.003+0000] {dag.py:3954} INFO - Setting next_dagrun for example_skip_dag to 2026-05-05 00:00:00+00:00, run_after=2026-05-06 00:00:00+00:00
[2026-05-06T23:28:35.017+0000] {processor.py:183} INFO - Processing /usr/local/python/3.12.1/lib/python3.12/site-packages/airflow/example_dags/example_skip_dag.py took 0.141 seconds
[2026-05-06T23:31:45.916+0000] {processor.py:161} INFO - Started process (PID=20758) to work on /usr/local/python/3.12.1/lib/python3.12/site-packages/airflow/example_dags/example_skip_dag.py
[2026-05-06T23:31:45.917+0000] {processor.py:830} INFO - Processing file /usr/local/python/3.12.1/lib/python3.12/site-packages/airflow/example_dags/example_skip_dag.py for tasks to queue
[2026-05-06T23:31:45.919+0000] {logging_mixin.py:188} INFO - [2026-05-06T23:31:45.918+0000] {dagbag.py:545} INFO - Filling up the DagBag from /usr/local/python/3.12.1/lib/python3.12/site-packages/airflow/example_dags/example_skip_dag.py
[2026-05-06T23:31:45.924+0000] {processor.py:840} INFO - DAG(s) 'example_skip_dag' retrieved from /usr/local/python/3.12.1/lib/python3.12/site-packages/airflow/example_dags/example_skip_dag.py
[2026-05-06T23:31:45.940+0000] {logging_mixin.py:188} INFO - [2026-05-06T23:31:45.940+0000] {dag.py:3096} INFO - Sync 1 DAGs
[2026-05-06T23:31:45.955+0000] {logging_mixin.py:188} INFO - [2026-05-06T23:31:45.954+0000] {dag.py:3954} INFO - Setting next_dagrun for example_skip_dag to 2026-05-05 00:00:00+00:00, run_after=2026-05-06 00:00:00+00:00
[2026-05-06T23:31:45.971+0000] {processor.py:183} INFO - Processing /usr/local/python/3.12.1/lib/python3.12/site-packages/airflow/example_dags/example_skip_dag.py took 0.059 seconds
[2026-05-06T23:32:33.991+0000] {processor.py:161} INFO - Started process (PID=21125) to work on /usr/local/python/3.12.1/lib/python3.12/site-packages/airflow/example_dags/example_skip_dag.py
[2026-05-06T23:32:33.992+0000] {processor.py:830} INFO - Processing file /usr/local/python/3.12.1/lib/python3.12/site-packages/airflow/example_dags/example_skip_dag.py for tasks to queue
[2026-05-06T23:32:33.993+0000] {logging_mixin.py:188} INFO - [2026-05-06T23:32:33.993+0000] {dagbag.py:545} INFO - Filling up the DagBag from /usr/local/python/3.12.1/lib/python3.12/site-packages/airflow/example_dags/example_skip_dag.py
[2026-05-06T23:32:33.999+0000] {processor.py:840} INFO - DAG(s) 'example_skip_dag' retrieved from /usr/local/python/3.12.1/lib/python3.12/site-packages/airflow/example_dags/example_skip_dag.py
[2026-05-06T23:32:34.013+0000] {logging_mixin.py:188} INFO - [2026-05-06T23:32:34.013+0000] {dag.py:3096} INFO - Sync 1 DAGs
[2026-05-06T23:32:34.028+0000] {logging_mixin.py:188} INFO - [2026-05-06T23:32:34.028+0000] {dag.py:3954} INFO - Setting next_dagrun for example_skip_dag to 2026-05-05 00:00:00+00:00, run_after=2026-05-06 00:00:00+00:00
[2026-05-06T23:32:34.044+0000] {processor.py:183} INFO - Processing /usr/local/python/3.12.1/lib/python3.12/site-packages/airflow/example_dags/example_skip_dag.py took 0.057 seconds
[2026-05-06T23:33:23.071+0000] {processor.py:161} INFO - Started process (PID=21511) to work on /usr/local/python/3.12.1/lib/python3.12/site-packages/airflow/example_dags/example_skip_dag.py
[2026-05-06T23:33:23.072+0000] {processor.py:830} INFO - Processing file /usr/local/python/3.12.1/lib/python3.12/site-packages/airflow/example_dags/example_skip_dag.py for tasks to queue
[2026-05-06T23:33:23.073+0000] {logging_mixin.py:188} INFO - [2026-05-06T23:33:23.073+0000] {dagbag.py:545} INFO - Filling up the DagBag from /usr/local/python/3.12.1/lib/python3.12/site-packages/airflow/example_dags/example_skip_dag.py
[2026-05-06T23:33:23.078+0000] {processor.py:840} INFO - DAG(s) 'example_skip_dag' retrieved from /usr/local/python/3.12.1/lib/python3.12/site-packages/airflow/example_dags/example_skip_dag.py
[2026-05-06T23:33:23.092+0000] {logging_mixin.py:188} INFO - [2026-05-06T23:33:23.092+0000] {dag.py:3096} INFO - Sync 1 DAGs
[2026-05-06T23:33:23.107+0000] {logging_mixin.py:188} INFO - [2026-05-06T23:33:23.107+0000] {dag.py:3954} INFO - Setting next_dagrun for example_skip_dag to 2026-05-05 00:00:00+00:00, run_after=2026-05-06 00:00:00+00:00
[2026-05-06T23:33:23.124+0000] {processor.py:183} INFO - Processing /usr/local/python/3.12.1/lib/python3.12/site-packages/airflow/example_dags/example_skip_dag.py took 0.057 seconds
[2026-05-06T23:34:21.467+0000] {processor.py:161} INFO - Started process (PID=21965) to work on /usr/local/python/3.12.1/lib/python3.12/site-packages/airflow/example_dags/example_skip_dag.py
[2026-05-06T23:34:21.468+0000] {processor.py:830} INFO - Processing file /usr/local/python/3.12.1/lib/python3.12/site-packages/airflow/example_dags/example_skip_dag.py for tasks to queue
[2026-05-06T23:34:21.469+0000] {logging_mixin.py:188} INFO - [2026-05-06T23:34:21.469+0000] {dagbag.py:545} INFO - Filling up the DagBag from /usr/local/python/3.12.1/lib/python3.12/site-packages/airflow/example_dags/example_skip_dag.py
[2026-05-06T23:34:21.474+0000] {processor.py:840} INFO - DAG(s) 'example_skip_dag' retrieved from /usr/local/python/3.12.1/lib/python3.12/site-packages/airflow/example_dags/example_skip_dag.py
[2026-05-06T23:34:21.488+0000] {logging_mixin.py:188} INFO - [2026-05-06T23:34:21.488+0000] {dag.py:3096} INFO - Sync 1 DAGs
[2026-05-06T23:34:21.503+0000] {logging_mixin.py:188} INFO - [2026-05-06T23:34:21.502+0000] {dag.py:3954} INFO - Setting next_dagrun for example_skip_dag to 2026-05-05 00:00:00+00:00, run_after=2026-05-06 00:00:00+00:00
[2026-05-06T23:34:21.519+0000] {processor.py:183} INFO - Processing /usr/local/python/3.12.1/lib/python3.12/site-packages/airflow/example_dags/example_skip_dag.py took 0.057 seconds
[2026-05-06T23:35:18.396+0000] {processor.py:161} INFO - Started process (PID=22435) to work on /usr/local/python/3.12.1/lib/python3.12/site-packages/airflow/example_dags/example_skip_dag.py
[2026-05-06T23:35:18.396+0000] {processor.py:830} INFO - Processing file /usr/local/python/3.12.1/lib/python3.12/site-packages/airflow/example_dags/example_skip_dag.py for tasks to queue
[2026-05-06T23:35:18.398+0000] {logging_mixin.py:188} INFO - [2026-05-06T23:35:18.397+0000] {dagbag.py:545} INFO - Filling up the DagBag from /usr/local/python/3.12.1/lib/python3.12/site-packages/airflow/example_dags/example_skip_dag.py
[2026-05-06T23:35:18.403+0000] {processor.py:840} INFO - DAG(s) 'example_skip_dag' retrieved from /usr/local/python/3.12.1/lib/python3.12/site-packages/airflow/example_dags/example_skip_dag.py
[2026-05-06T23:35:18.417+0000] {logging_mixin.py:188} INFO - [2026-05-06T23:35:18.417+0000] {dag.py:3096} INFO - Sync 1 DAGs
[2026-05-06T23:35:18.432+0000] {logging_mixin.py:188} INFO - [2026-05-06T23:35:18.431+0000] {dag.py:3954} INFO - Setting next_dagrun for example_skip_dag to 2026-05-05 00:00:00+00:00, run_after=2026-05-06 00:00:00+00:00
[2026-05-06T23:35:18.448+0000] {processor.py:183} INFO - Processing /usr/local/python/3.12.1/lib/python3.12/site-packages/airflow/example_dags/example_skip_dag.py took 0.057 seconds
[2026-05-06T23:36:14.725+0000] {processor.py:161} INFO - Started process (PID=22868) to work on /usr/local/python/3.12.1/lib/python3.12/site-packages/airflow/example_dags/example_skip_dag.py
[2026-05-06T23:36:14.726+0000] {processor.py:830} INFO - Processing file /usr/local/python/3.12.1/lib/python3.12/site-packages/airflow/example_dags/example_skip_dag.py for tasks to queue
[2026-05-06T23:36:14.727+0000] {logging_mixin.py:188} INFO - [2026-05-06T23:36:14.727+0000] {dagbag.py:545} INFO - Filling up the DagBag from /usr/local/python/3.12.1/lib/python3.12/site-packages/airflow/example_dags/example_skip_dag.py
[2026-05-06T23:36:14.733+0000] {processor.py:840} INFO - DAG(s) 'example_skip_dag' retrieved from /usr/local/python/3.12.1/lib/python3.12/site-packages/airflow/example_dags/example_skip_dag.py
[2026-05-06T23:36:14.746+0000] {logging_mixin.py:188} INFO - [2026-05-06T23:36:14.746+0000] {dag.py:3096} INFO - Sync 1 DAGs
[2026-05-06T23:36:14.761+0000] {logging_mixin.py:188} INFO - [2026-05-06T23:36:14.761+0000] {dag.py:3954} INFO - Setting next_dagrun for example_skip_dag to 2026-05-05 00:00:00+00:00, run_after=2026-05-06 00:00:00+00:00
[2026-05-06T23:36:14.777+0000] {processor.py:183} INFO - Processing /usr/local/python/3.12.1/lib/python3.12/site-packages/airflow/example_dags/example_skip_dag.py took 0.057 seconds
[2026-05-06T23:37:11.069+0000] {processor.py:161} INFO - Started process (PID=23311) to work on /usr/local/python/3.12.1/lib/python3.12/site-packages/airflow/example_dags/example_skip_dag.py
[2026-05-06T23:37:11.070+0000] {processor.py:830} INFO - Processing file /usr/local/python/3.12.1/lib/python3.12/site-packages/airflow/example_dags/example_skip_dag.py for tasks to queue
[2026-05-06T23:37:11.071+0000] {logging_mixin.py:188} INFO - [2026-05-06T23:37:11.071+0000] {dagbag.py:545} INFO - Filling up the DagBag from /usr/local/python/3.12.1/lib/python3.12/site-packages/airflow/example_dags/example_skip_dag.py
[2026-05-06T23:37:11.079+0000] {processor.py:840} INFO - DAG(s) 'example_skip_dag' retrieved from /usr/local/python/3.12.1/lib/python3.12/site-packages/airflow/example_dags/example_skip_dag.py
[2026-05-06T23:37:11.101+0000] {logging_mixin.py:188} INFO - [2026-05-06T23:37:11.101+0000] {dag.py:3096} INFO - Sync 1 DAGs
[2026-05-06T23:37:11.118+0000] {logging_mixin.py:188} INFO - [2026-05-06T23:37:11.118+0000] {dag.py:3954} INFO - Setting next_dagrun for example_skip_dag to 2026-05-05 00:00:00+00:00, run_after=2026-05-06 00:00:00+00:00
[2026-05-06T23:37:11.136+0000] {processor.py:183} INFO - Processing /usr/local/python/3.12.1/lib/python3.12/site-packages/airflow/example_dags/example_skip_dag.py took 0.075 seconds
[2026-05-06T23:38:07.912+0000] {processor.py:161} INFO - Started process (PID=23743) to work on /usr/local/python/3.12.1/lib/python3.12/site-packages/airflow/example_dags/example_skip_dag.py
[2026-05-06T23:38:07.913+0000] {processor.py:830} INFO - Processing file /usr/local/python/3.12.1/lib/python3.12/site-packages/airflow/example_dags/example_skip_dag.py for tasks to queue
[2026-05-06T23:38:07.914+0000] {logging_mixin.py:188} INFO - [2026-05-06T23:38:07.914+0000] {dagbag.py:545} INFO - Filling up the DagBag from /usr/local/python/3.12.1/lib/python3.12/site-packages/airflow/example_dags/example_skip_dag.py
[2026-05-06T23:38:07.920+0000] {processor.py:840} INFO - DAG(s) 'example_skip_dag' retrieved from /usr/local/python/3.12.1/lib/python3.12/site-packages/airflow/example_dags/example_skip_dag.py
[2026-05-06T23:38:07.933+0000] {logging_mixin.py:188} INFO - [2026-05-06T23:38:07.933+0000] {dag.py:3096} INFO - Sync 1 DAGs
[2026-05-06T23:38:07.948+0000] {logging_mixin.py:188} INFO - [2026-05-06T23:38:07.948+0000] {dag.py:3954} INFO - Setting next_dagrun for example_skip_dag to 2026-05-05 00:00:00+00:00, run_after=2026-05-06 00:00:00+00:00
[2026-05-06T23:38:07.965+0000] {processor.py:183} INFO - Processing /usr/local/python/3.12.1/lib/python3.12/site-packages/airflow/example_dags/example_skip_dag.py took 0.057 seconds
[2026-05-06T23:38:48.463+0000] {processor.py:161} INFO - Started process (PID=24059) to work on /usr/local/python/3.12.1/lib/python3.12/site-packages/airflow/example_dags/example_skip_dag.py
[2026-05-06T23:38:48.464+0000] {processor.py:830} INFO - Processing file /usr/local/python/3.12.1/lib/python3.12/site-packages/airflow/example_dags/example_skip_dag.py for tasks to queue
[2026-05-06T23:38:48.466+0000] {logging_mixin.py:188} INFO - [2026-05-06T23:38:48.465+0000] {dagbag.py:545} INFO - Filling up the DagBag from /usr/local/python/3.12.1/lib/python3.12/site-packages/airflow/example_dags/example_skip_dag.py
[2026-05-06T23:38:48.471+0000] {processor.py:840} INFO - DAG(s) 'example_skip_dag' retrieved from /usr/local/python/3.12.1/lib/python3.12/site-packages/airflow/example_dags/example_skip_dag.py
[2026-05-06T23:38:48.485+0000] {logging_mixin.py:188} INFO - [2026-05-06T23:38:48.485+0000] {dag.py:3096} INFO - Sync 1 DAGs
[2026-05-06T23:38:48.501+0000] {logging_mixin.py:188} INFO - [2026-05-06T23:38:48.501+0000] {dag.py:3954} INFO - Setting next_dagrun for example_skip_dag to 2026-05-05 00:00:00+00:00, run_after=2026-05-06 00:00:00+00:00
[2026-05-06T23:38:48.519+0000] {processor.py:183} INFO - Processing /usr/local/python/3.12.1/lib/python3.12/site-packages/airflow/example_dags/example_skip_dag.py took 0.061 seconds
[2026-05-06T23:39:46.960+0000] {processor.py:161} INFO - Started process (PID=24524) to work on /usr/local/python/3.12.1/lib/python3.12/site-packages/airflow/example_dags/example_skip_dag.py
[2026-05-06T23:39:46.961+0000] {processor.py:830} INFO - Processing file /usr/local/python/3.12.1/lib/python3.12/site-packages/airflow/example_dags/example_skip_dag.py for tasks to queue
[2026-05-06T23:39:46.962+0000] {logging_mixin.py:188} INFO - [2026-05-06T23:39:46.962+0000] {dagbag.py:545} INFO - Filling up the DagBag from /usr/local/python/3.12.1/lib/python3.12/site-packages/airflow/example_dags/example_skip_dag.py
[2026-05-06T23:39:46.967+0000] {processor.py:840} INFO - DAG(s) 'example_skip_dag' retrieved from /usr/local/python/3.12.1/lib/python3.12/site-packages/airflow/example_dags/example_skip_dag.py
[2026-05-06T23:39:46.981+0000] {logging_mixin.py:188} INFO - [2026-05-06T23:39:46.981+0000] {dag.py:3096} INFO - Sync 1 DAGs
[2026-05-06T23:39:46.997+0000] {logging_mixin.py:188} INFO - [2026-05-06T23:39:46.996+0000] {dag.py:3954} INFO - Setting next_dagrun for example_skip_dag to 2026-05-05 00:00:00+00:00, run_after=2026-05-06 00:00:00+00:00
[2026-05-06T23:39:47.013+0000] {processor.py:183} INFO - Processing /usr/local/python/3.12.1/lib/python3.12/site-packages/airflow/example_dags/example_skip_dag.py took 0.058 seconds
[2026-05-06T23:40:47.400+0000] {processor.py:161} INFO - Started process (PID=24991) to work on /usr/local/python/3.12.1/lib/python3.12/site-packages/airflow/example_dags/example_skip_dag.py
[2026-05-06T23:40:47.401+0000] {processor.py:830} INFO - Processing file /usr/local/python/3.12.1/lib/python3.12/site-packages/airflow/example_dags/example_skip_dag.py for tasks to queue
[2026-05-06T23:40:47.402+0000] {logging_mixin.py:188} INFO - [2026-05-06T23:40:47.402+0000] {dagbag.py:545} INFO - Filling up the DagBag from /usr/local/python/3.12.1/lib/python3.12/site-packages/airflow/example_dags/example_skip_dag.py
[2026-05-06T23:40:47.408+0000] {processor.py:840} INFO - DAG(s) 'example_skip_dag' retrieved from /usr/local/python/3.12.1/lib/python3.12/site-packages/airflow/example_dags/example_skip_dag.py
[2026-05-06T23:40:47.422+0000] {logging_mixin.py:188} INFO - [2026-05-06T23:40:47.422+0000] {dag.py:3096} INFO - Sync 1 DAGs
[2026-05-06T23:40:47.437+0000] {logging_mixin.py:188} INFO - [2026-05-06T23:40:47.437+0000] {dag.py:3954} INFO - Setting next_dagrun for example_skip_dag to 2026-05-05 00:00:00+00:00, run_after=2026-05-06 00:00:00+00:00
[2026-05-06T23:40:47.455+0000] {processor.py:183} INFO - Processing /usr/local/python/3.12.1/lib/python3.12/site-packages/airflow/example_dags/example_skip_dag.py took 0.060 seconds
[2026-05-06T23:41:41.418+0000] {processor.py:161} INFO - Started process (PID=25412) to work on /usr/local/python/3.12.1/lib/python3.12/site-packages/airflow/example_dags/example_skip_dag.py
[2026-05-06T23:41:41.419+0000] {processor.py:830} INFO - Processing file /usr/local/python/3.12.1/lib/python3.12/site-packages/airflow/example_dags/example_skip_dag.py for tasks to queue
[2026-05-06T23:41:41.420+0000] {logging_mixin.py:188} INFO - [2026-05-06T23:41:41.420+0000] {dagbag.py:545} INFO - Filling up the DagBag from /usr/local/python/3.12.1/lib/python3.12/site-packages/airflow/example_dags/example_skip_dag.py
[2026-05-06T23:41:41.426+0000] {processor.py:840} INFO - DAG(s) 'example_skip_dag' retrieved from /usr/local/python/3.12.1/lib/python3.12/site-packages/airflow/example_dags/example_skip_dag.py
[2026-05-06T23:41:41.537+0000] {logging_mixin.py:188} INFO - [2026-05-06T23:41:41.537+0000] {dag.py:3096} INFO - Sync 1 DAGs
[2026-05-06T23:41:41.551+0000] {logging_mixin.py:188} INFO - [2026-05-06T23:41:41.550+0000] {dag.py:3954} INFO - Setting next_dagrun for example_skip_dag to 2026-05-05 00:00:00+00:00, run_after=2026-05-06 00:00:00+00:00
[2026-05-06T23:41:41.565+0000] {processor.py:183} INFO - Processing /usr/local/python/3.12.1/lib/python3.12/site-packages/airflow/example_dags/example_skip_dag.py took 0.152 seconds
[2026-05-06T23:42:24.835+0000] {processor.py:161} INFO - Started process (PID=25754) to work on /usr/local/python/3.12.1/lib/python3.12/site-packages/airflow/example_dags/example_skip_dag.py
[2026-05-06T23:42:24.836+0000] {processor.py:830} INFO - Processing file /usr/local/python/3.12.1/lib/python3.12/site-packages/airflow/example_dags/example_skip_dag.py for tasks to queue
[2026-05-06T23:42:24.837+0000] {logging_mixin.py:188} INFO - [2026-05-06T23:42:24.837+0000] {dagbag.py:545} INFO - Filling up the DagBag from /usr/local/python/3.12.1/lib/python3.12/site-packages/airflow/example_dags/example_skip_dag.py
[2026-05-06T23:42:24.843+0000] {processor.py:840} INFO - DAG(s) 'example_skip_dag' retrieved from /usr/local/python/3.12.1/lib/python3.12/site-packages/airflow/example_dags/example_skip_dag.py
[2026-05-06T23:42:24.857+0000] {logging_mixin.py:188} INFO - [2026-05-06T23:42:24.856+0000] {dag.py:3096} INFO - Sync 1 DAGs
[2026-05-06T23:42:24.872+0000] {logging_mixin.py:188} INFO - [2026-05-06T23:42:24.871+0000] {dag.py:3954} INFO - Setting next_dagrun for example_skip_dag to 2026-05-05 00:00:00+00:00, run_after=2026-05-06 00:00:00+00:00
[2026-05-06T23:42:24.889+0000] {processor.py:183} INFO - Processing /usr/local/python/3.12.1/lib/python3.12/site-packages/airflow/example_dags/example_skip_dag.py took 0.058 seconds
[2026-05-06T23:43:07.212+0000] {processor.py:161} INFO - Started process (PID=26084) to work on /usr/local/python/3.12.1/lib/python3.12/site-packages/airflow/example_dags/example_skip_dag.py
[2026-05-06T23:43:07.213+0000] {processor.py:830} INFO - Processing file /usr/local/python/3.12.1/lib/python3.12/site-packages/airflow/example_dags/example_skip_dag.py for tasks to queue
[2026-05-06T23:43:07.214+0000] {logging_mixin.py:188} INFO - [2026-05-06T23:43:07.214+0000] {dagbag.py:545} INFO - Filling up the DagBag from /usr/local/python/3.12.1/lib/python3.12/site-packages/airflow/example_dags/example_skip_dag.py
[2026-05-06T23:43:07.220+0000] {processor.py:840} INFO - DAG(s) 'example_skip_dag' retrieved from /usr/local/python/3.12.1/lib/python3.12/site-packages/airflow/example_dags/example_skip_dag.py
[2026-05-06T23:43:07.240+0000] {logging_mixin.py:188} INFO - [2026-05-06T23:43:07.240+0000] {dag.py:3096} INFO - Sync 1 DAGs
[2026-05-06T23:43:07.265+0000] {logging_mixin.py:188} INFO - [2026-05-06T23:43:07.264+0000] {dag.py:3954} INFO - Setting next_dagrun for example_skip_dag to 2026-05-05 00:00:00+00:00, run_after=2026-05-06 00:00:00+00:00
[2026-05-06T23:43:07.308+0000] {processor.py:183} INFO - Processing /usr/local/python/3.12.1/lib/python3.12/site-packages/airflow/example_dags/example_skip_dag.py took 0.102 seconds
[2026-05-06T23:43:48.399+0000] {processor.py:161} INFO - Started process (PID=26399) to work on /usr/local/python/3.12.1/lib/python3.12/site-packages/airflow/example_dags/example_skip_dag.py
[2026-05-06T23:43:48.399+0000] {processor.py:830} INFO - Processing file /usr/local/python/3.12.1/lib/python3.12/site-packages/airflow/example_dags/example_skip_dag.py for tasks to queue
[2026-05-06T23:43:48.401+0000] {logging_mixin.py:188} INFO - [2026-05-06T23:43:48.401+0000] {dagbag.py:545} INFO - Filling up the DagBag from /usr/local/python/3.12.1/lib/python3.12/site-packages/airflow/example_dags/example_skip_dag.py
[2026-05-06T23:43:48.407+0000] {processor.py:840} INFO - DAG(s) 'example_skip_dag' retrieved from /usr/local/python/3.12.1/lib/python3.12/site-packages/airflow/example_dags/example_skip_dag.py
[2026-05-06T23:43:48.422+0000] {logging_mixin.py:188} INFO - [2026-05-06T23:43:48.421+0000] {dag.py:3096} INFO - Sync 1 DAGs
[2026-05-06T23:43:48.437+0000] {logging_mixin.py:188} INFO - [2026-05-06T23:43:48.437+0000] {dag.py:3954} INFO - Setting next_dagrun for example_skip_dag to 2026-05-05 00:00:00+00:00, run_after=2026-05-06 00:00:00+00:00
[2026-05-06T23:43:48.454+0000] {processor.py:183} INFO - Processing /usr/local/python/3.12.1/lib/python3.12/site-packages/airflow/example_dags/example_skip_dag.py took 0.060 seconds
[2026-05-06T23:44:45.020+0000] {processor.py:161} INFO - Started process (PID=26853) to work on /usr/local/python/3.12.1/lib/python3.12/site-packages/airflow/example_dags/example_skip_dag.py
[2026-05-06T23:44:45.021+0000] {processor.py:830} INFO - Processing file /usr/local/python/3.12.1/lib/python3.12/site-packages/airflow/example_dags/example_skip_dag.py for tasks to queue
[2026-05-06T23:44:45.022+0000] {logging_mixin.py:188} INFO - [2026-05-06T23:44:45.022+0000] {dagbag.py:545} INFO - Filling up the DagBag from /usr/local/python/3.12.1/lib/python3.12/site-packages/airflow/example_dags/example_skip_dag.py
[2026-05-06T23:44:45.028+0000] {processor.py:840} INFO - DAG(s) 'example_skip_dag' retrieved from /usr/local/python/3.12.1/lib/python3.12/site-packages/airflow/example_dags/example_skip_dag.py
[2026-05-06T23:44:45.042+0000] {logging_mixin.py:188} INFO - [2026-05-06T23:44:45.042+0000] {dag.py:3096} INFO - Sync 1 DAGs
[2026-05-06T23:44:45.058+0000] {logging_mixin.py:188} INFO - [2026-05-06T23:44:45.058+0000] {dag.py:3954} INFO - Setting next_dagrun for example_skip_dag to 2026-05-05 00:00:00+00:00, run_after=2026-05-06 00:00:00+00:00
[2026-05-06T23:44:45.075+0000] {processor.py:183} INFO - Processing /usr/local/python/3.12.1/lib/python3.12/site-packages/airflow/example_dags/example_skip_dag.py took 0.059 seconds
[2026-05-06T23:45:41.451+0000] {processor.py:161} INFO - Started process (PID=27278) to work on /usr/local/python/3.12.1/lib/python3.12/site-packages/airflow/example_dags/example_skip_dag.py
[2026-05-06T23:45:41.452+0000] {processor.py:830} INFO - Processing file /usr/local/python/3.12.1/lib/python3.12/site-packages/airflow/example_dags/example_skip_dag.py for tasks to queue
[2026-05-06T23:45:41.453+0000] {logging_mixin.py:188} INFO - [2026-05-06T23:45:41.453+0000] {dagbag.py:545} INFO - Filling up the DagBag from /usr/local/python/3.12.1/lib/python3.12/site-packages/airflow/example_dags/example_skip_dag.py
[2026-05-06T23:45:41.459+0000] {processor.py:840} INFO - DAG(s) 'example_skip_dag' retrieved from /usr/local/python/3.12.1/lib/python3.12/site-packages/airflow/example_dags/example_skip_dag.py
[2026-05-06T23:45:41.472+0000] {logging_mixin.py:188} INFO - [2026-05-06T23:45:41.472+0000] {dag.py:3096} INFO - Sync 1 DAGs
[2026-05-06T23:45:41.487+0000] {logging_mixin.py:188} INFO - [2026-05-06T23:45:41.487+0000] {dag.py:3954} INFO - Setting next_dagrun for example_skip_dag to 2026-05-05 00:00:00+00:00, run_after=2026-05-06 00:00:00+00:00
[2026-05-06T23:45:41.505+0000] {processor.py:183} INFO - Processing /usr/local/python/3.12.1/lib/python3.12/site-packages/airflow/example_dags/example_skip_dag.py took 0.059 seconds
[2026-05-06T23:46:24.241+0000] {processor.py:161} INFO - Started process (PID=27607) to work on /usr/local/python/3.12.1/lib/python3.12/site-packages/airflow/example_dags/example_skip_dag.py
[2026-05-06T23:46:24.243+0000] {processor.py:830} INFO - Processing file /usr/local/python/3.12.1/lib/python3.12/site-packages/airflow/example_dags/example_skip_dag.py for tasks to queue
[2026-05-06T23:46:24.245+0000] {logging_mixin.py:188} INFO - [2026-05-06T23:46:24.244+0000] {dagbag.py:545} INFO - Filling up the DagBag from /usr/local/python/3.12.1/lib/python3.12/site-packages/airflow/example_dags/example_skip_dag.py
[2026-05-06T23:46:24.253+0000] {processor.py:840} INFO - DAG(s) 'example_skip_dag' retrieved from /usr/local/python/3.12.1/lib/python3.12/site-packages/airflow/example_dags/example_skip_dag.py
[2026-05-06T23:46:24.268+0000] {logging_mixin.py:188} INFO - [2026-05-06T23:46:24.267+0000] {dag.py:3096} INFO - Sync 1 DAGs
[2026-05-06T23:46:24.283+0000] {logging_mixin.py:188} INFO - [2026-05-06T23:46:24.283+0000] {dag.py:3954} INFO - Setting next_dagrun for example_skip_dag to 2026-05-05 00:00:00+00:00, run_after=2026-05-06 00:00:00+00:00
[2026-05-06T23:46:24.301+0000] {processor.py:183} INFO - Processing /usr/local/python/3.12.1/lib/python3.12/site-packages/airflow/example_dags/example_skip_dag.py took 0.066 seconds
[2026-05-06T23:47:21.528+0000] {processor.py:161} INFO - Started process (PID=28059) to work on /usr/local/python/3.12.1/lib/python3.12/site-packages/airflow/example_dags/example_skip_dag.py
[2026-05-06T23:47:21.529+0000] {processor.py:830} INFO - Processing file /usr/local/python/3.12.1/lib/python3.12/site-packages/airflow/example_dags/example_skip_dag.py for tasks to queue
[2026-05-06T23:47:21.532+0000] {logging_mixin.py:188} INFO - [2026-05-06T23:47:21.531+0000] {dagbag.py:545} INFO - Filling up the DagBag from /usr/local/python/3.12.1/lib/python3.12/site-packages/airflow/example_dags/example_skip_dag.py
[2026-05-06T23:47:21.539+0000] {processor.py:840} INFO - DAG(s) 'example_skip_dag' retrieved from /usr/local/python/3.12.1/lib/python3.12/site-packages/airflow/example_dags/example_skip_dag.py
[2026-05-06T23:47:21.560+0000] {logging_mixin.py:188} INFO - [2026-05-06T23:47:21.559+0000] {dag.py:3096} INFO - Sync 1 DAGs
[2026-05-06T23:47:21.580+0000] {logging_mixin.py:188} INFO - [2026-05-06T23:47:21.580+0000] {dag.py:3954} INFO - Setting next_dagrun for example_skip_dag to 2026-05-05 00:00:00+00:00, run_after=2026-05-06 00:00:00+00:00
[2026-05-06T23:47:21.607+0000] {processor.py:183} INFO - Processing /usr/local/python/3.12.1/lib/python3.12/site-packages/airflow/example_dags/example_skip_dag.py took 0.085 seconds
[2026-05-06T23:48:04.481+0000] {processor.py:161} INFO - Started process (PID=28391) to work on /usr/local/python/3.12.1/lib/python3.12/site-packages/airflow/example_dags/example_skip_dag.py
[2026-05-06T23:48:04.481+0000] {processor.py:830} INFO - Processing file /usr/local/python/3.12.1/lib/python3.12/site-packages/airflow/example_dags/example_skip_dag.py for tasks to queue
[2026-05-06T23:48:04.483+0000] {logging_mixin.py:188} INFO - [2026-05-06T23:48:04.482+0000] {dagbag.py:545} INFO - Filling up the DagBag from /usr/local/python/3.12.1/lib/python3.12/site-packages/airflow/example_dags/example_skip_dag.py
[2026-05-06T23:48:04.488+0000] {processor.py:840} INFO - DAG(s) 'example_skip_dag' retrieved from /usr/local/python/3.12.1/lib/python3.12/site-packages/airflow/example_dags/example_skip_dag.py
[2026-05-06T23:48:04.502+0000] {logging_mixin.py:188} INFO - [2026-05-06T23:48:04.502+0000] {dag.py:3096} INFO - Sync 1 DAGs
[2026-05-06T23:48:04.518+0000] {logging_mixin.py:188} INFO - [2026-05-06T23:48:04.517+0000] {dag.py:3954} INFO - Setting next_dagrun for example_skip_dag to 2026-05-05 00:00:00+00:00, run_after=2026-05-06 00:00:00+00:00
[2026-05-06T23:48:04.534+0000] {processor.py:183} INFO - Processing /usr/local/python/3.12.1/lib/python3.12/site-packages/airflow/example_dags/example_skip_dag.py took 0.059 seconds
[2026-05-06T23:49:04.229+0000] {processor.py:161} INFO - Started process (PID=28862) to work on /usr/local/python/3.12.1/lib/python3.12/site-packages/airflow/example_dags/example_skip_dag.py
[2026-05-06T23:49:04.229+0000] {processor.py:830} INFO - Processing file /usr/local/python/3.12.1/lib/python3.12/site-packages/airflow/example_dags/example_skip_dag.py for tasks to queue
[2026-05-06T23:49:04.231+0000] {logging_mixin.py:188} INFO - [2026-05-06T23:49:04.231+0000] {dagbag.py:545} INFO - Filling up the DagBag from /usr/local/python/3.12.1/lib/python3.12/site-packages/airflow/example_dags/example_skip_dag.py
[2026-05-06T23:49:04.236+0000] {processor.py:840} INFO - DAG(s) 'example_skip_dag' retrieved from /usr/local/python/3.12.1/lib/python3.12/site-packages/airflow/example_dags/example_skip_dag.py
[2026-05-06T23:49:04.250+0000] {logging_mixin.py:188} INFO - [2026-05-06T23:49:04.250+0000] {dag.py:3096} INFO - Sync 1 DAGs
[2026-05-06T23:49:04.266+0000] {logging_mixin.py:188} INFO - [2026-05-06T23:49:04.265+0000] {dag.py:3954} INFO - Setting next_dagrun for example_skip_dag to 2026-05-05 00:00:00+00:00, run_after=2026-05-06 00:00:00+00:00
[2026-05-06T23:49:04.283+0000] {processor.py:183} INFO - Processing /usr/local/python/3.12.1/lib/python3.12/site-packages/airflow/example_dags/example_skip_dag.py took 0.059 seconds
[2026-05-06T23:49:59.505+0000] {processor.py:161} INFO - Started process (PID=29293) to work on /usr/local/python/3.12.1/lib/python3.12/site-packages/airflow/example_dags/example_skip_dag.py
[2026-05-06T23:49:59.506+0000] {processor.py:830} INFO - Processing file /usr/local/python/3.12.1/lib/python3.12/site-packages/airflow/example_dags/example_skip_dag.py for tasks to queue
[2026-05-06T23:49:59.507+0000] {logging_mixin.py:188} INFO - [2026-05-06T23:49:59.507+0000] {dagbag.py:545} INFO - Filling up the DagBag from /usr/local/python/3.12.1/lib/python3.12/site-packages/airflow/example_dags/example_skip_dag.py
[2026-05-06T23:49:59.516+0000] {processor.py:840} INFO - DAG(s) 'example_skip_dag' retrieved from /usr/local/python/3.12.1/lib/python3.12/site-packages/airflow/example_dags/example_skip_dag.py
[2026-05-06T23:49:59.563+0000] {logging_mixin.py:188} INFO - [2026-05-06T23:49:59.563+0000] {dag.py:3096} INFO - Sync 1 DAGs
[2026-05-06T23:49:59.613+0000] {logging_mixin.py:188} INFO - [2026-05-06T23:49:59.610+0000] {dag.py:3954} INFO - Setting next_dagrun for example_skip_dag to 2026-05-05 00:00:00+00:00, run_after=2026-05-06 00:00:00+00:00
[2026-05-06T23:49:59.643+0000] {processor.py:183} INFO - Processing /usr/local/python/3.12.1/lib/python3.12/site-packages/airflow/example_dags/example_skip_dag.py took 0.145 seconds
[2026-05-06T23:50:58.303+0000] {processor.py:161} INFO - Started process (PID=29747) to work on /usr/local/python/3.12.1/lib/python3.12/site-packages/airflow/example_dags/example_skip_dag.py
[2026-05-06T23:50:58.304+0000] {processor.py:830} INFO - Processing file /usr/local/python/3.12.1/lib/python3.12/site-packages/airflow/example_dags/example_skip_dag.py for tasks to queue
[2026-05-06T23:50:58.305+0000] {logging_mixin.py:188} INFO - [2026-05-06T23:50:58.305+0000] {dagbag.py:545} INFO - Filling up the DagBag from /usr/local/python/3.12.1/lib/python3.12/site-packages/airflow/example_dags/example_skip_dag.py
[2026-05-06T23:50:58.311+0000] {processor.py:840} INFO - DAG(s) 'example_skip_dag' retrieved from /usr/local/python/3.12.1/lib/python3.12/site-packages/airflow/example_dags/example_skip_dag.py
[2026-05-06T23:50:58.325+0000] {logging_mixin.py:188} INFO - [2026-05-06T23:50:58.325+0000] {dag.py:3096} INFO - Sync 1 DAGs
[2026-05-06T23:50:58.343+0000] {logging_mixin.py:188} INFO - [2026-05-06T23:50:58.342+0000] {dag.py:3954} INFO - Setting next_dagrun for example_skip_dag to 2026-05-05 00:00:00+00:00, run_after=2026-05-06 00:00:00+00:00
[2026-05-06T23:50:58.360+0000] {processor.py:183} INFO - Processing /usr/local/python/3.12.1/lib/python3.12/site-packages/airflow/example_dags/example_skip_dag.py took 0.062 seconds
[2026-05-06T23:51:51.371+0000] {processor.py:161} INFO - Started process (PID=30176) to work on /usr/local/python/3.12.1/lib/python3.12/site-packages/airflow/example_dags/example_skip_dag.py
[2026-05-06T23:51:51.371+0000] {processor.py:830} INFO - Processing file /usr/local/python/3.12.1/lib/python3.12/site-packages/airflow/example_dags/example_skip_dag.py for tasks to queue
[2026-05-06T23:51:51.373+0000] {logging_mixin.py:188} INFO - [2026-05-06T23:51:51.373+0000] {dagbag.py:545} INFO - Filling up the DagBag from /usr/local/python/3.12.1/lib/python3.12/site-packages/airflow/example_dags/example_skip_dag.py
[2026-05-06T23:51:51.379+0000] {processor.py:840} INFO - DAG(s) 'example_skip_dag' retrieved from /usr/local/python/3.12.1/lib/python3.12/site-packages/airflow/example_dags/example_skip_dag.py
[2026-05-06T23:51:51.393+0000] {logging_mixin.py:188} INFO - [2026-05-06T23:51:51.393+0000] {dag.py:3096} INFO - Sync 1 DAGs
[2026-05-06T23:51:51.409+0000] {logging_mixin.py:188} INFO - [2026-05-06T23:51:51.409+0000] {dag.py:3954} INFO - Setting next_dagrun for example_skip_dag to 2026-05-05 00:00:00+00:00, run_after=2026-05-06 00:00:00+00:00
[2026-05-06T23:51:51.426+0000] {processor.py:183} INFO - Processing /usr/local/python/3.12.1/lib/python3.12/site-packages/airflow/example_dags/example_skip_dag.py took 0.063 seconds
[2026-05-06T23:52:48.535+0000] {processor.py:161} INFO - Started process (PID=30610) to work on /usr/local/python/3.12.1/lib/python3.12/site-packages/airflow/example_dags/example_skip_dag.py
[2026-05-06T23:52:48.536+0000] {processor.py:830} INFO - Processing file /usr/local/python/3.12.1/lib/python3.12/site-packages/airflow/example_dags/example_skip_dag.py for tasks to queue
[2026-05-06T23:52:48.538+0000] {logging_mixin.py:188} INFO - [2026-05-06T23:52:48.538+0000] {dagbag.py:545} INFO - Filling up the DagBag from /usr/local/python/3.12.1/lib/python3.12/site-packages/airflow/example_dags/example_skip_dag.py
[2026-05-06T23:52:48.546+0000] {processor.py:840} INFO - DAG(s) 'example_skip_dag' retrieved from /usr/local/python/3.12.1/lib/python3.12/site-packages/airflow/example_dags/example_skip_dag.py
[2026-05-06T23:52:48.564+0000] {logging_mixin.py:188} INFO - [2026-05-06T23:52:48.564+0000] {dag.py:3096} INFO - Sync 1 DAGs
[2026-05-06T23:52:48.581+0000] {logging_mixin.py:188} INFO - [2026-05-06T23:52:48.581+0000] {dag.py:3954} INFO - Setting next_dagrun for example_skip_dag to 2026-05-05 00:00:00+00:00, run_after=2026-05-06 00:00:00+00:00
[2026-05-06T23:52:48.599+0000] {processor.py:183} INFO - Processing /usr/local/python/3.12.1/lib/python3.12/site-packages/airflow/example_dags/example_skip_dag.py took 0.069 seconds
[2026-05-06T23:53:30.421+0000] {processor.py:161} INFO - Started process (PID=30940) to work on /usr/local/python/3.12.1/lib/python3.12/site-packages/airflow/example_dags/example_skip_dag.py
[2026-05-06T23:53:30.422+0000] {processor.py:830} INFO - Processing file /usr/local/python/3.12.1/lib/python3.12/site-packages/airflow/example_dags/example_skip_dag.py for tasks to queue
[2026-05-06T23:53:30.423+0000] {logging_mixin.py:188} INFO - [2026-05-06T23:53:30.423+0000] {dagbag.py:545} INFO - Filling up the DagBag from /usr/local/python/3.12.1/lib/python3.12/site-packages/airflow/example_dags/example_skip_dag.py
[2026-05-06T23:53:30.428+0000] {processor.py:840} INFO - DAG(s) 'example_skip_dag' retrieved from /usr/local/python/3.12.1/lib/python3.12/site-packages/airflow/example_dags/example_skip_dag.py
[2026-05-06T23:53:30.447+0000] {logging_mixin.py:188} INFO - [2026-05-06T23:53:30.447+0000] {dag.py:3096} INFO - Sync 1 DAGs
[2026-05-06T23:53:30.466+0000] {logging_mixin.py:188} INFO - [2026-05-06T23:53:30.466+0000] {dag.py:3954} INFO - Setting next_dagrun for example_skip_dag to 2026-05-05 00:00:00+00:00, run_after=2026-05-06 00:00:00+00:00
[2026-05-06T23:53:30.482+0000] {processor.py:183} INFO - Processing /usr/local/python/3.12.1/lib/python3.12/site-packages/airflow/example_dags/example_skip_dag.py took 0.067 seconds
[2026-05-06T23:54:29.575+0000] {processor.py:161} INFO - Started process (PID=31399) to work on /usr/local/python/3.12.1/lib/python3.12/site-packages/airflow/example_dags/example_skip_dag.py
[2026-05-06T23:54:29.576+0000] {processor.py:830} INFO - Processing file /usr/local/python/3.12.1/lib/python3.12/site-packages/airflow/example_dags/example_skip_dag.py for tasks to queue
[2026-05-06T23:54:29.577+0000] {logging_mixin.py:188} INFO - [2026-05-06T23:54:29.577+0000] {dagbag.py:545} INFO - Filling up the DagBag from /usr/local/python/3.12.1/lib/python3.12/site-packages/airflow/example_dags/example_skip_dag.py
[2026-05-06T23:54:29.582+0000] {processor.py:840} INFO - DAG(s) 'example_skip_dag' retrieved from /usr/local/python/3.12.1/lib/python3.12/site-packages/airflow/example_dags/example_skip_dag.py
[2026-05-06T23:54:29.597+0000] {logging_mixin.py:188} INFO - [2026-05-06T23:54:29.597+0000] {dag.py:3096} INFO - Sync 1 DAGs
[2026-05-06T23:54:29.613+0000] {logging_mixin.py:188} INFO - [2026-05-06T23:54:29.613+0000] {dag.py:3954} INFO - Setting next_dagrun for example_skip_dag to 2026-05-05 00:00:00+00:00, run_after=2026-05-06 00:00:00+00:00
[2026-05-06T23:54:29.630+0000] {processor.py:183} INFO - Processing /usr/local/python/3.12.1/lib/python3.12/site-packages/airflow/example_dags/example_skip_dag.py took 0.060 seconds
[2026-05-06T23:55:26.668+0000] {processor.py:161} INFO - Started process (PID=31910) to work on /usr/local/python/3.12.1/lib/python3.12/site-packages/airflow/example_dags/example_skip_dag.py
[2026-05-06T23:55:26.669+0000] {processor.py:830} INFO - Processing file /usr/local/python/3.12.1/lib/python3.12/site-packages/airflow/example_dags/example_skip_dag.py for tasks to queue
[2026-05-06T23:55:26.670+0000] {logging_mixin.py:188} INFO - [2026-05-06T23:55:26.670+0000] {dagbag.py:545} INFO - Filling up the DagBag from /usr/local/python/3.12.1/lib/python3.12/site-packages/airflow/example_dags/example_skip_dag.py
[2026-05-06T23:55:26.676+0000] {processor.py:840} INFO - DAG(s) 'example_skip_dag' retrieved from /usr/local/python/3.12.1/lib/python3.12/site-packages/airflow/example_dags/example_skip_dag.py
[2026-05-06T23:55:26.691+0000] {logging_mixin.py:188} INFO - [2026-05-06T23:55:26.690+0000] {dag.py:3096} INFO - Sync 1 DAGs
[2026-05-06T23:55:26.707+0000] {logging_mixin.py:188} INFO - [2026-05-06T23:55:26.706+0000] {dag.py:3954} INFO - Setting next_dagrun for example_skip_dag to 2026-05-05 00:00:00+00:00, run_after=2026-05-06 00:00:00+00:00
[2026-05-06T23:55:26.725+0000] {processor.py:183} INFO - Processing /usr/local/python/3.12.1/lib/python3.12/site-packages/airflow/example_dags/example_skip_dag.py took 0.062 seconds
[2026-05-06T23:56:08.619+0000] {processor.py:161} INFO - Started process (PID=32237) to work on /usr/local/python/3.12.1/lib/python3.12/site-packages/airflow/example_dags/example_skip_dag.py
[2026-05-06T23:56:08.620+0000] {processor.py:830} INFO - Processing file /usr/local/python/3.12.1/lib/python3.12/site-packages/airflow/example_dags/example_skip_dag.py for tasks to queue
[2026-05-06T23:56:08.621+0000] {logging_mixin.py:188} INFO - [2026-05-06T23:56:08.621+0000] {dagbag.py:545} INFO - Filling up the DagBag from /usr/local/python/3.12.1/lib/python3.12/site-packages/airflow/example_dags/example_skip_dag.py
[2026-05-06T23:56:08.626+0000] {processor.py:840} INFO - DAG(s) 'example_skip_dag' retrieved from /usr/local/python/3.12.1/lib/python3.12/site-packages/airflow/example_dags/example_skip_dag.py
[2026-05-06T23:56:08.640+0000] {logging_mixin.py:188} INFO - [2026-05-06T23:56:08.640+0000] {dag.py:3096} INFO - Sync 1 DAGs
[2026-05-06T23:56:08.656+0000] {logging_mixin.py:188} INFO - [2026-05-06T23:56:08.656+0000] {dag.py:3954} INFO - Setting next_dagrun for example_skip_dag to 2026-05-05 00:00:00+00:00, run_after=2026-05-06 00:00:00+00:00
[2026-05-06T23:56:08.675+0000] {processor.py:183} INFO - Processing /usr/local/python/3.12.1/lib/python3.12/site-packages/airflow/example_dags/example_skip_dag.py took 0.061 seconds
[2026-05-06T23:57:02.659+0000] {processor.py:161} INFO - Started process (PID=32596) to work on /usr/local/python/3.12.1/lib/python3.12/site-packages/airflow/example_dags/example_skip_dag.py
[2026-05-06T23:57:02.659+0000] {processor.py:830} INFO - Processing file /usr/local/python/3.12.1/lib/python3.12/site-packages/airflow/example_dags/example_skip_dag.py for tasks to queue
[2026-05-06T23:57:02.661+0000] {logging_mixin.py:188} INFO - [2026-05-06T23:57:02.661+0000] {dagbag.py:545} INFO - Filling up the DagBag from /usr/local/python/3.12.1/lib/python3.12/site-packages/airflow/example_dags/example_skip_dag.py
[2026-05-06T23:57:02.666+0000] {processor.py:840} INFO - DAG(s) 'example_skip_dag' retrieved from /usr/local/python/3.12.1/lib/python3.12/site-packages/airflow/example_dags/example_skip_dag.py
[2026-05-06T23:57:02.680+0000] {logging_mixin.py:188} INFO - [2026-05-06T23:57:02.680+0000] {dag.py:3096} INFO - Sync 1 DAGs
[2026-05-06T23:57:02.696+0000] {logging_mixin.py:188} INFO - [2026-05-06T23:57:02.696+0000] {dag.py:3954} INFO - Setting next_dagrun for example_skip_dag to 2026-05-05 00:00:00+00:00, run_after=2026-05-06 00:00:00+00:00
[2026-05-06T23:57:02.713+0000] {processor.py:183} INFO - Processing /usr/local/python/3.12.1/lib/python3.12/site-packages/airflow/example_dags/example_skip_dag.py took 0.059 seconds
[2026-05-06T23:57:56.888+0000] {processor.py:161} INFO - Started process (PID=32877) to work on /usr/local/python/3.12.1/lib/python3.12/site-packages/airflow/example_dags/example_skip_dag.py
[2026-05-06T23:57:56.889+0000] {processor.py:830} INFO - Processing file /usr/local/python/3.12.1/lib/python3.12/site-packages/airflow/example_dags/example_skip_dag.py for tasks to queue
[2026-05-06T23:57:56.890+0000] {logging_mixin.py:188} INFO - [2026-05-06T23:57:56.890+0000] {dagbag.py:545} INFO - Filling up the DagBag from /usr/local/python/3.12.1/lib/python3.12/site-packages/airflow/example_dags/example_skip_dag.py
[2026-05-06T23:57:56.895+0000] {processor.py:840} INFO - DAG(s) 'example_skip_dag' retrieved from /usr/local/python/3.12.1/lib/python3.12/site-packages/airflow/example_dags/example_skip_dag.py
[2026-05-06T23:57:56.910+0000] {logging_mixin.py:188} INFO - [2026-05-06T23:57:56.909+0000] {dag.py:3096} INFO - Sync 1 DAGs
[2026-05-06T23:57:56.927+0000] {logging_mixin.py:188} INFO - [2026-05-06T23:57:56.926+0000] {dag.py:3954} INFO - Setting next_dagrun for example_skip_dag to 2026-05-05 00:00:00+00:00, run_after=2026-05-06 00:00:00+00:00
[2026-05-06T23:57:56.947+0000] {processor.py:183} INFO - Processing /usr/local/python/3.12.1/lib/python3.12/site-packages/airflow/example_dags/example_skip_dag.py took 0.064 seconds
[2026-05-06T23:58:37.742+0000] {processor.py:161} INFO - Started process (PID=33071) to work on /usr/local/python/3.12.1/lib/python3.12/site-packages/airflow/example_dags/example_skip_dag.py
[2026-05-06T23:58:37.743+0000] {processor.py:830} INFO - Processing file /usr/local/python/3.12.1/lib/python3.12/site-packages/airflow/example_dags/example_skip_dag.py for tasks to queue
[2026-05-06T23:58:37.745+0000] {logging_mixin.py:188} INFO - [2026-05-06T23:58:37.744+0000] {dagbag.py:545} INFO - Filling up the DagBag from /usr/local/python/3.12.1/lib/python3.12/site-packages/airflow/example_dags/example_skip_dag.py
[2026-05-06T23:58:37.752+0000] {processor.py:840} INFO - DAG(s) 'example_skip_dag' retrieved from /usr/local/python/3.12.1/lib/python3.12/site-packages/airflow/example_dags/example_skip_dag.py
[2026-05-06T23:58:37.767+0000] {logging_mixin.py:188} INFO - [2026-05-06T23:58:37.766+0000] {dag.py:3096} INFO - Sync 1 DAGs
[2026-05-06T23:58:37.782+0000] {logging_mixin.py:188} INFO - [2026-05-06T23:58:37.782+0000] {dag.py:3954} INFO - Setting next_dagrun for example_skip_dag to 2026-05-05 00:00:00+00:00, run_after=2026-05-06 00:00:00+00:00
[2026-05-06T23:58:37.798+0000] {processor.py:183} INFO - Processing /usr/local/python/3.12.1/lib/python3.12/site-packages/airflow/example_dags/example_skip_dag.py took 0.063 seconds
[2026-05-06T23:59:20.505+0000] {processor.py:161} INFO - Started process (PID=33278) to work on /usr/local/python/3.12.1/lib/python3.12/site-packages/airflow/example_dags/example_skip_dag.py
[2026-05-06T23:59:20.506+0000] {processor.py:830} INFO - Processing file /usr/local/python/3.12.1/lib/python3.12/site-packages/airflow/example_dags/example_skip_dag.py for tasks to queue
[2026-05-06T23:59:20.508+0000] {logging_mixin.py:188} INFO - [2026-05-06T23:59:20.507+0000] {dagbag.py:545} INFO - Filling up the DagBag from /usr/local/python/3.12.1/lib/python3.12/site-packages/airflow/example_dags/example_skip_dag.py
[2026-05-06T23:59:20.513+0000] {processor.py:840} INFO - DAG(s) 'example_skip_dag' retrieved from /usr/local/python/3.12.1/lib/python3.12/site-packages/airflow/example_dags/example_skip_dag.py
[2026-05-06T23:59:20.527+0000] {logging_mixin.py:188} INFO - [2026-05-06T23:59:20.527+0000] {dag.py:3096} INFO - Sync 1 DAGs
[2026-05-06T23:59:20.546+0000] {logging_mixin.py:188} INFO - [2026-05-06T23:59:20.546+0000] {dag.py:3954} INFO - Setting next_dagrun for example_skip_dag to 2026-05-05 00:00:00+00:00, run_after=2026-05-06 00:00:00+00:00
[2026-05-06T23:59:20.568+0000] {processor.py:183} INFO - Processing /usr/local/python/3.12.1/lib/python3.12/site-packages/airflow/example_dags/example_skip_dag.py took 0.067 seconds
