[2026-05-06T23:19:22.007+0000] {processor.py:161} INFO - Started process (PID=13468) to work on /usr/local/python/3.12.1/lib/python3.12/site-packages/airflow/example_dags/example_complex.py
[2026-05-06T23:19:22.008+0000] {processor.py:830} INFO - Processing file /usr/local/python/3.12.1/lib/python3.12/site-packages/airflow/example_dags/example_complex.py for tasks to queue
[2026-05-06T23:19:22.009+0000] {logging_mixin.py:188} INFO - [2026-05-06T23:19:22.009+0000] {dagbag.py:545} INFO - Filling up the DagBag from /usr/local/python/3.12.1/lib/python3.12/site-packages/airflow/example_dags/example_complex.py
[2026-05-06T23:19:22.017+0000] {processor.py:840} INFO - DAG(s) 'example_complex' retrieved from /usr/local/python/3.12.1/lib/python3.12/site-packages/airflow/example_dags/example_complex.py
[2026-05-06T23:19:22.119+0000] {logging_mixin.py:188} INFO - [2026-05-06T23:19:22.118+0000] {override.py:1829} INFO - Created Permission View: can delete on DAG:example_complex
[2026-05-06T23:19:22.128+0000] {logging_mixin.py:188} INFO - [2026-05-06T23:19:22.127+0000] {override.py:1829} INFO - Created Permission View: can edit on DAG:example_complex
[2026-05-06T23:19:22.133+0000] {logging_mixin.py:188} INFO - [2026-05-06T23:19:22.133+0000] {override.py:1829} INFO - Created Permission View: can read on DAG:example_complex
[2026-05-06T23:19:22.133+0000] {logging_mixin.py:188} INFO - [2026-05-06T23:19:22.133+0000] {dag.py:3096} INFO - Sync 1 DAGs
[2026-05-06T23:19:22.142+0000] {logging_mixin.py:188} INFO - [2026-05-06T23:19:22.142+0000] {dag.py:3118} INFO - Creating ORM DAG for example_complex
[2026-05-06T23:19:22.142+0000] {logging_mixin.py:188} INFO - [2026-05-06T23:19:22.142+0000] {dag.py:3954} INFO - Setting next_dagrun for example_complex to None, run_after=None
[2026-05-06T23:19:22.157+0000] {processor.py:183} INFO - Processing /usr/local/python/3.12.1/lib/python3.12/site-packages/airflow/example_dags/example_complex.py took 0.154 seconds
[2026-05-06T23:20:22.574+0000] {processor.py:161} INFO - Started process (PID=14046) to work on /usr/local/python/3.12.1/lib/python3.12/site-packages/airflow/example_dags/example_complex.py
[2026-05-06T23:20:22.575+0000] {processor.py:830} INFO - Processing file /usr/local/python/3.12.1/lib/python3.12/site-packages/airflow/example_dags/example_complex.py for tasks to queue
[2026-05-06T23:20:22.576+0000] {logging_mixin.py:188} INFO - [2026-05-06T23:20:22.576+0000] {dagbag.py:545} INFO - Filling up the DagBag from /usr/local/python/3.12.1/lib/python3.12/site-packages/airflow/example_dags/example_complex.py
[2026-05-06T23:20:22.584+0000] {processor.py:840} INFO - DAG(s) 'example_complex' retrieved from /usr/local/python/3.12.1/lib/python3.12/site-packages/airflow/example_dags/example_complex.py
[2026-05-06T23:20:22.604+0000] {logging_mixin.py:188} INFO - [2026-05-06T23:20:22.604+0000] {dag.py:3096} INFO - Sync 1 DAGs
[2026-05-06T23:20:22.613+0000] {logging_mixin.py:188} INFO - [2026-05-06T23:20:22.613+0000] {dag.py:3954} INFO - Setting next_dagrun for example_complex to None, run_after=None
[2026-05-06T23:20:22.629+0000] {processor.py:183} INFO - Processing /usr/local/python/3.12.1/lib/python3.12/site-packages/airflow/example_dags/example_complex.py took 0.061 seconds
[2026-05-06T23:21:24.055+0000] {processor.py:161} INFO - Started process (PID=14616) to work on /usr/local/python/3.12.1/lib/python3.12/site-packages/airflow/example_dags/example_complex.py
[2026-05-06T23:21:24.056+0000] {processor.py:830} INFO - Processing file /usr/local/python/3.12.1/lib/python3.12/site-packages/airflow/example_dags/example_complex.py for tasks to queue
[2026-05-06T23:21:24.057+0000] {logging_mixin.py:188} INFO - [2026-05-06T23:21:24.057+0000] {dagbag.py:545} INFO - Filling up the DagBag from /usr/local/python/3.12.1/lib/python3.12/site-packages/airflow/example_dags/example_complex.py
[2026-05-06T23:21:24.065+0000] {processor.py:840} INFO - DAG(s) 'example_complex' retrieved from /usr/local/python/3.12.1/lib/python3.12/site-packages/airflow/example_dags/example_complex.py
[2026-05-06T23:21:24.084+0000] {logging_mixin.py:188} INFO - [2026-05-06T23:21:24.084+0000] {dag.py:3096} INFO - Sync 1 DAGs
[2026-05-06T23:21:24.093+0000] {logging_mixin.py:188} INFO - [2026-05-06T23:21:24.093+0000] {dag.py:3954} INFO - Setting next_dagrun for example_complex to None, run_after=None
[2026-05-06T23:21:24.109+0000] {processor.py:183} INFO - Processing /usr/local/python/3.12.1/lib/python3.12/site-packages/airflow/example_dags/example_complex.py took 0.058 seconds
[2026-05-06T23:22:25.276+0000] {processor.py:161} INFO - Started process (PID=15091) to work on /usr/local/python/3.12.1/lib/python3.12/site-packages/airflow/example_dags/example_complex.py
[2026-05-06T23:22:25.277+0000] {processor.py:830} INFO - Processing file /usr/local/python/3.12.1/lib/python3.12/site-packages/airflow/example_dags/example_complex.py for tasks to queue
[2026-05-06T23:22:25.278+0000] {logging_mixin.py:188} INFO - [2026-05-06T23:22:25.278+0000] {dagbag.py:545} INFO - Filling up the DagBag from /usr/local/python/3.12.1/lib/python3.12/site-packages/airflow/example_dags/example_complex.py
[2026-05-06T23:22:25.286+0000] {processor.py:840} INFO - DAG(s) 'example_complex' retrieved from /usr/local/python/3.12.1/lib/python3.12/site-packages/airflow/example_dags/example_complex.py
[2026-05-06T23:22:25.306+0000] {logging_mixin.py:188} INFO - [2026-05-06T23:22:25.306+0000] {dag.py:3096} INFO - Sync 1 DAGs
[2026-05-06T23:22:25.315+0000] {logging_mixin.py:188} INFO - [2026-05-06T23:22:25.315+0000] {dag.py:3954} INFO - Setting next_dagrun for example_complex to None, run_after=None
[2026-05-06T23:22:25.331+0000] {processor.py:183} INFO - Processing /usr/local/python/3.12.1/lib/python3.12/site-packages/airflow/example_dags/example_complex.py took 0.059 seconds
[2026-05-06T23:23:23.194+0000] {processor.py:161} INFO - Started process (PID=15669) to work on /usr/local/python/3.12.1/lib/python3.12/site-packages/airflow/example_dags/example_complex.py
[2026-05-06T23:23:23.195+0000] {processor.py:830} INFO - Processing file /usr/local/python/3.12.1/lib/python3.12/site-packages/airflow/example_dags/example_complex.py for tasks to queue
[2026-05-06T23:23:23.196+0000] {logging_mixin.py:188} INFO - [2026-05-06T23:23:23.196+0000] {dagbag.py:545} INFO - Filling up the DagBag from /usr/local/python/3.12.1/lib/python3.12/site-packages/airflow/example_dags/example_complex.py
[2026-05-06T23:23:23.204+0000] {processor.py:840} INFO - DAG(s) 'example_complex' retrieved from /usr/local/python/3.12.1/lib/python3.12/site-packages/airflow/example_dags/example_complex.py
[2026-05-06T23:23:23.224+0000] {logging_mixin.py:188} INFO - [2026-05-06T23:23:23.224+0000] {dag.py:3096} INFO - Sync 1 DAGs
[2026-05-06T23:23:23.233+0000] {logging_mixin.py:188} INFO - [2026-05-06T23:23:23.233+0000] {dag.py:3954} INFO - Setting next_dagrun for example_complex to None, run_after=None
[2026-05-06T23:23:23.249+0000] {processor.py:183} INFO - Processing /usr/local/python/3.12.1/lib/python3.12/site-packages/airflow/example_dags/example_complex.py took 0.059 seconds
[2026-05-06T23:24:18.905+0000] {processor.py:161} INFO - Started process (PID=16463) to work on /usr/local/python/3.12.1/lib/python3.12/site-packages/airflow/example_dags/example_complex.py
[2026-05-06T23:24:18.906+0000] {processor.py:830} INFO - Processing file /usr/local/python/3.12.1/lib/python3.12/site-packages/airflow/example_dags/example_complex.py for tasks to queue
[2026-05-06T23:24:18.908+0000] {logging_mixin.py:188} INFO - [2026-05-06T23:24:18.907+0000] {dagbag.py:545} INFO - Filling up the DagBag from /usr/local/python/3.12.1/lib/python3.12/site-packages/airflow/example_dags/example_complex.py
[2026-05-06T23:24:18.915+0000] {processor.py:840} INFO - DAG(s) 'example_complex' retrieved from /usr/local/python/3.12.1/lib/python3.12/site-packages/airflow/example_dags/example_complex.py
[2026-05-06T23:24:18.938+0000] {logging_mixin.py:188} INFO - [2026-05-06T23:24:18.938+0000] {dag.py:3096} INFO - Sync 1 DAGs
[2026-05-06T23:24:18.947+0000] {logging_mixin.py:188} INFO - [2026-05-06T23:24:18.947+0000] {dag.py:3954} INFO - Setting next_dagrun for example_complex to None, run_after=None
[2026-05-06T23:24:18.971+0000] {processor.py:183} INFO - Processing /usr/local/python/3.12.1/lib/python3.12/site-packages/airflow/example_dags/example_complex.py took 0.070 seconds
[2026-05-06T23:25:14.198+0000] {processor.py:161} INFO - Started process (PID=17106) to work on /usr/local/python/3.12.1/lib/python3.12/site-packages/airflow/example_dags/example_complex.py
[2026-05-06T23:25:14.199+0000] {processor.py:830} INFO - Processing file /usr/local/python/3.12.1/lib/python3.12/site-packages/airflow/example_dags/example_complex.py for tasks to queue
[2026-05-06T23:25:14.200+0000] {logging_mixin.py:188} INFO - [2026-05-06T23:25:14.200+0000] {dagbag.py:545} INFO - Filling up the DagBag from /usr/local/python/3.12.1/lib/python3.12/site-packages/airflow/example_dags/example_complex.py
[2026-05-06T23:25:14.208+0000] {processor.py:840} INFO - DAG(s) 'example_complex' retrieved from /usr/local/python/3.12.1/lib/python3.12/site-packages/airflow/example_dags/example_complex.py
[2026-05-06T23:25:14.228+0000] {logging_mixin.py:188} INFO - [2026-05-06T23:25:14.228+0000] {dag.py:3096} INFO - Sync 1 DAGs
[2026-05-06T23:25:14.237+0000] {logging_mixin.py:188} INFO - [2026-05-06T23:25:14.237+0000] {dag.py:3954} INFO - Setting next_dagrun for example_complex to None, run_after=None
[2026-05-06T23:25:14.253+0000] {processor.py:183} INFO - Processing /usr/local/python/3.12.1/lib/python3.12/site-packages/airflow/example_dags/example_complex.py took 0.060 seconds
[2026-05-06T23:26:05.448+0000] {processor.py:161} INFO - Started process (PID=17533) to work on /usr/local/python/3.12.1/lib/python3.12/site-packages/airflow/example_dags/example_complex.py
[2026-05-06T23:26:05.449+0000] {processor.py:830} INFO - Processing file /usr/local/python/3.12.1/lib/python3.12/site-packages/airflow/example_dags/example_complex.py for tasks to queue
[2026-05-06T23:26:05.450+0000] {logging_mixin.py:188} INFO - [2026-05-06T23:26:05.450+0000] {dagbag.py:545} INFO - Filling up the DagBag from /usr/local/python/3.12.1/lib/python3.12/site-packages/airflow/example_dags/example_complex.py
[2026-05-06T23:26:05.458+0000] {processor.py:840} INFO - DAG(s) 'example_complex' retrieved from /usr/local/python/3.12.1/lib/python3.12/site-packages/airflow/example_dags/example_complex.py
[2026-05-06T23:26:05.478+0000] {logging_mixin.py:188} INFO - [2026-05-06T23:26:05.477+0000] {dag.py:3096} INFO - Sync 1 DAGs
[2026-05-06T23:26:05.487+0000] {logging_mixin.py:188} INFO - [2026-05-06T23:26:05.486+0000] {dag.py:3954} INFO - Setting next_dagrun for example_complex to None, run_after=None
[2026-05-06T23:26:05.502+0000] {processor.py:183} INFO - Processing /usr/local/python/3.12.1/lib/python3.12/site-packages/airflow/example_dags/example_complex.py took 0.059 seconds
[2026-05-06T23:27:01.958+0000] {processor.py:161} INFO - Started process (PID=18010) to work on /usr/local/python/3.12.1/lib/python3.12/site-packages/airflow/example_dags/example_complex.py
[2026-05-06T23:27:01.959+0000] {processor.py:830} INFO - Processing file /usr/local/python/3.12.1/lib/python3.12/site-packages/airflow/example_dags/example_complex.py for tasks to queue
[2026-05-06T23:27:01.960+0000] {logging_mixin.py:188} INFO - [2026-05-06T23:27:01.960+0000] {dagbag.py:545} INFO - Filling up the DagBag from /usr/local/python/3.12.1/lib/python3.12/site-packages/airflow/example_dags/example_complex.py
[2026-05-06T23:27:01.968+0000] {processor.py:840} INFO - DAG(s) 'example_complex' retrieved from /usr/local/python/3.12.1/lib/python3.12/site-packages/airflow/example_dags/example_complex.py
[2026-05-06T23:27:01.988+0000] {logging_mixin.py:188} INFO - [2026-05-06T23:27:01.988+0000] {dag.py:3096} INFO - Sync 1 DAGs
[2026-05-06T23:27:01.997+0000] {logging_mixin.py:188} INFO - [2026-05-06T23:27:01.997+0000] {dag.py:3954} INFO - Setting next_dagrun for example_complex to None, run_after=None
[2026-05-06T23:27:02.013+0000] {processor.py:183} INFO - Processing /usr/local/python/3.12.1/lib/python3.12/site-packages/airflow/example_dags/example_complex.py took 0.060 seconds
[2026-05-06T23:28:00.691+0000] {processor.py:161} INFO - Started process (PID=18635) to work on /usr/local/python/3.12.1/lib/python3.12/site-packages/airflow/example_dags/example_complex.py
[2026-05-06T23:28:00.692+0000] {processor.py:830} INFO - Processing file /usr/local/python/3.12.1/lib/python3.12/site-packages/airflow/example_dags/example_complex.py for tasks to queue
[2026-05-06T23:28:00.694+0000] {logging_mixin.py:188} INFO - [2026-05-06T23:28:00.693+0000] {dagbag.py:545} INFO - Filling up the DagBag from /usr/local/python/3.12.1/lib/python3.12/site-packages/airflow/example_dags/example_complex.py
[2026-05-06T23:28:00.706+0000] {processor.py:840} INFO - DAG(s) 'example_complex' retrieved from /usr/local/python/3.12.1/lib/python3.12/site-packages/airflow/example_dags/example_complex.py
[2026-05-06T23:28:00.742+0000] {logging_mixin.py:188} INFO - [2026-05-06T23:28:00.742+0000] {dag.py:3096} INFO - Sync 1 DAGs
[2026-05-06T23:28:00.757+0000] {logging_mixin.py:188} INFO - [2026-05-06T23:28:00.757+0000] {dag.py:3954} INFO - Setting next_dagrun for example_complex to None, run_after=None
[2026-05-06T23:28:00.781+0000] {processor.py:183} INFO - Processing /usr/local/python/3.12.1/lib/python3.12/site-packages/airflow/example_dags/example_complex.py took 0.097 seconds
[2026-05-06T23:32:03.065+0000] {processor.py:161} INFO - Started process (PID=20884) to work on /usr/local/python/3.12.1/lib/python3.12/site-packages/airflow/example_dags/example_complex.py
[2026-05-06T23:32:03.066+0000] {processor.py:830} INFO - Processing file /usr/local/python/3.12.1/lib/python3.12/site-packages/airflow/example_dags/example_complex.py for tasks to queue
[2026-05-06T23:32:03.067+0000] {logging_mixin.py:188} INFO - [2026-05-06T23:32:03.067+0000] {dagbag.py:545} INFO - Filling up the DagBag from /usr/local/python/3.12.1/lib/python3.12/site-packages/airflow/example_dags/example_complex.py
[2026-05-06T23:32:03.075+0000] {processor.py:840} INFO - DAG(s) 'example_complex' retrieved from /usr/local/python/3.12.1/lib/python3.12/site-packages/airflow/example_dags/example_complex.py
[2026-05-06T23:32:03.095+0000] {logging_mixin.py:188} INFO - [2026-05-06T23:32:03.095+0000] {dag.py:3096} INFO - Sync 1 DAGs
[2026-05-06T23:32:03.104+0000] {logging_mixin.py:188} INFO - [2026-05-06T23:32:03.104+0000] {dag.py:3954} INFO - Setting next_dagrun for example_complex to None, run_after=None
[2026-05-06T23:32:03.125+0000] {processor.py:183} INFO - Processing /usr/local/python/3.12.1/lib/python3.12/site-packages/airflow/example_dags/example_complex.py took 0.064 seconds
[2026-05-06T23:33:00.830+0000] {processor.py:161} INFO - Started process (PID=21340) to work on /usr/local/python/3.12.1/lib/python3.12/site-packages/airflow/example_dags/example_complex.py
[2026-05-06T23:33:00.831+0000] {processor.py:830} INFO - Processing file /usr/local/python/3.12.1/lib/python3.12/site-packages/airflow/example_dags/example_complex.py for tasks to queue
[2026-05-06T23:33:00.833+0000] {logging_mixin.py:188} INFO - [2026-05-06T23:33:00.832+0000] {dagbag.py:545} INFO - Filling up the DagBag from /usr/local/python/3.12.1/lib/python3.12/site-packages/airflow/example_dags/example_complex.py
[2026-05-06T23:33:00.841+0000] {processor.py:840} INFO - DAG(s) 'example_complex' retrieved from /usr/local/python/3.12.1/lib/python3.12/site-packages/airflow/example_dags/example_complex.py
[2026-05-06T23:33:00.863+0000] {logging_mixin.py:188} INFO - [2026-05-06T23:33:00.863+0000] {dag.py:3096} INFO - Sync 1 DAGs
[2026-05-06T23:33:00.873+0000] {logging_mixin.py:188} INFO - [2026-05-06T23:33:00.873+0000] {dag.py:3954} INFO - Setting next_dagrun for example_complex to None, run_after=None
[2026-05-06T23:33:00.890+0000] {processor.py:183} INFO - Processing /usr/local/python/3.12.1/lib/python3.12/site-packages/airflow/example_dags/example_complex.py took 0.064 seconds
[2026-05-06T23:33:57.390+0000] {processor.py:161} INFO - Started process (PID=21789) to work on /usr/local/python/3.12.1/lib/python3.12/site-packages/airflow/example_dags/example_complex.py
[2026-05-06T23:33:57.391+0000] {processor.py:830} INFO - Processing file /usr/local/python/3.12.1/lib/python3.12/site-packages/airflow/example_dags/example_complex.py for tasks to queue
[2026-05-06T23:33:57.393+0000] {logging_mixin.py:188} INFO - [2026-05-06T23:33:57.392+0000] {dagbag.py:545} INFO - Filling up the DagBag from /usr/local/python/3.12.1/lib/python3.12/site-packages/airflow/example_dags/example_complex.py
[2026-05-06T23:33:57.400+0000] {processor.py:840} INFO - DAG(s) 'example_complex' retrieved from /usr/local/python/3.12.1/lib/python3.12/site-packages/airflow/example_dags/example_complex.py
[2026-05-06T23:33:57.421+0000] {logging_mixin.py:188} INFO - [2026-05-06T23:33:57.421+0000] {dag.py:3096} INFO - Sync 1 DAGs
[2026-05-06T23:33:57.430+0000] {logging_mixin.py:188} INFO - [2026-05-06T23:33:57.430+0000] {dag.py:3954} INFO - Setting next_dagrun for example_complex to None, run_after=None
[2026-05-06T23:33:57.450+0000] {processor.py:183} INFO - Processing /usr/local/python/3.12.1/lib/python3.12/site-packages/airflow/example_dags/example_complex.py took 0.064 seconds
[2026-05-06T23:34:47.326+0000] {processor.py:161} INFO - Started process (PID=22194) to work on /usr/local/python/3.12.1/lib/python3.12/site-packages/airflow/example_dags/example_complex.py
[2026-05-06T23:34:47.327+0000] {processor.py:830} INFO - Processing file /usr/local/python/3.12.1/lib/python3.12/site-packages/airflow/example_dags/example_complex.py for tasks to queue
[2026-05-06T23:34:47.328+0000] {logging_mixin.py:188} INFO - [2026-05-06T23:34:47.328+0000] {dagbag.py:545} INFO - Filling up the DagBag from /usr/local/python/3.12.1/lib/python3.12/site-packages/airflow/example_dags/example_complex.py
[2026-05-06T23:34:47.336+0000] {processor.py:840} INFO - DAG(s) 'example_complex' retrieved from /usr/local/python/3.12.1/lib/python3.12/site-packages/airflow/example_dags/example_complex.py
[2026-05-06T23:34:47.357+0000] {logging_mixin.py:188} INFO - [2026-05-06T23:34:47.357+0000] {dag.py:3096} INFO - Sync 1 DAGs
[2026-05-06T23:34:47.366+0000] {logging_mixin.py:188} INFO - [2026-05-06T23:34:47.366+0000] {dag.py:3954} INFO - Setting next_dagrun for example_complex to None, run_after=None
[2026-05-06T23:34:47.383+0000] {processor.py:183} INFO - Processing /usr/local/python/3.12.1/lib/python3.12/site-packages/airflow/example_dags/example_complex.py took 0.061 seconds
[2026-05-06T23:35:42.835+0000] {processor.py:161} INFO - Started process (PID=22619) to work on /usr/local/python/3.12.1/lib/python3.12/site-packages/airflow/example_dags/example_complex.py
[2026-05-06T23:35:42.836+0000] {processor.py:830} INFO - Processing file /usr/local/python/3.12.1/lib/python3.12/site-packages/airflow/example_dags/example_complex.py for tasks to queue
[2026-05-06T23:35:42.837+0000] {logging_mixin.py:188} INFO - [2026-05-06T23:35:42.837+0000] {dagbag.py:545} INFO - Filling up the DagBag from /usr/local/python/3.12.1/lib/python3.12/site-packages/airflow/example_dags/example_complex.py
[2026-05-06T23:35:42.845+0000] {processor.py:840} INFO - DAG(s) 'example_complex' retrieved from /usr/local/python/3.12.1/lib/python3.12/site-packages/airflow/example_dags/example_complex.py
[2026-05-06T23:35:42.865+0000] {logging_mixin.py:188} INFO - [2026-05-06T23:35:42.865+0000] {dag.py:3096} INFO - Sync 1 DAGs
[2026-05-06T23:35:42.874+0000] {logging_mixin.py:188} INFO - [2026-05-06T23:35:42.874+0000] {dag.py:3954} INFO - Setting next_dagrun for example_complex to None, run_after=None
[2026-05-06T23:35:42.890+0000] {processor.py:183} INFO - Processing /usr/local/python/3.12.1/lib/python3.12/site-packages/airflow/example_dags/example_complex.py took 0.059 seconds
[2026-05-06T23:36:40.414+0000] {processor.py:161} INFO - Started process (PID=23072) to work on /usr/local/python/3.12.1/lib/python3.12/site-packages/airflow/example_dags/example_complex.py
[2026-05-06T23:36:40.414+0000] {processor.py:830} INFO - Processing file /usr/local/python/3.12.1/lib/python3.12/site-packages/airflow/example_dags/example_complex.py for tasks to queue
[2026-05-06T23:36:40.416+0000] {logging_mixin.py:188} INFO - [2026-05-06T23:36:40.415+0000] {dagbag.py:545} INFO - Filling up the DagBag from /usr/local/python/3.12.1/lib/python3.12/site-packages/airflow/example_dags/example_complex.py
[2026-05-06T23:36:40.424+0000] {processor.py:840} INFO - DAG(s) 'example_complex' retrieved from /usr/local/python/3.12.1/lib/python3.12/site-packages/airflow/example_dags/example_complex.py
[2026-05-06T23:36:40.444+0000] {logging_mixin.py:188} INFO - [2026-05-06T23:36:40.444+0000] {dag.py:3096} INFO - Sync 1 DAGs
[2026-05-06T23:36:40.454+0000] {logging_mixin.py:188} INFO - [2026-05-06T23:36:40.454+0000] {dag.py:3954} INFO - Setting next_dagrun for example_complex to None, run_after=None
[2026-05-06T23:36:40.472+0000] {processor.py:183} INFO - Processing /usr/local/python/3.12.1/lib/python3.12/site-packages/airflow/example_dags/example_complex.py took 0.063 seconds
[2026-05-06T23:37:39.699+0000] {processor.py:161} INFO - Started process (PID=23538) to work on /usr/local/python/3.12.1/lib/python3.12/site-packages/airflow/example_dags/example_complex.py
[2026-05-06T23:37:39.699+0000] {processor.py:830} INFO - Processing file /usr/local/python/3.12.1/lib/python3.12/site-packages/airflow/example_dags/example_complex.py for tasks to queue
[2026-05-06T23:37:39.701+0000] {logging_mixin.py:188} INFO - [2026-05-06T23:37:39.701+0000] {dagbag.py:545} INFO - Filling up the DagBag from /usr/local/python/3.12.1/lib/python3.12/site-packages/airflow/example_dags/example_complex.py
[2026-05-06T23:37:39.709+0000] {processor.py:840} INFO - DAG(s) 'example_complex' retrieved from /usr/local/python/3.12.1/lib/python3.12/site-packages/airflow/example_dags/example_complex.py
[2026-05-06T23:37:39.729+0000] {logging_mixin.py:188} INFO - [2026-05-06T23:37:39.729+0000] {dag.py:3096} INFO - Sync 1 DAGs
[2026-05-06T23:37:39.739+0000] {logging_mixin.py:188} INFO - [2026-05-06T23:37:39.739+0000] {dag.py:3954} INFO - Setting next_dagrun for example_complex to None, run_after=None
[2026-05-06T23:37:39.889+0000] {processor.py:183} INFO - Processing /usr/local/python/3.12.1/lib/python3.12/site-packages/airflow/example_dags/example_complex.py took 0.196 seconds
[2026-05-06T23:38:38.067+0000] {processor.py:161} INFO - Started process (PID=23984) to work on /usr/local/python/3.12.1/lib/python3.12/site-packages/airflow/example_dags/example_complex.py
[2026-05-06T23:38:38.068+0000] {processor.py:830} INFO - Processing file /usr/local/python/3.12.1/lib/python3.12/site-packages/airflow/example_dags/example_complex.py for tasks to queue
[2026-05-06T23:38:38.070+0000] {logging_mixin.py:188} INFO - [2026-05-06T23:38:38.069+0000] {dagbag.py:545} INFO - Filling up the DagBag from /usr/local/python/3.12.1/lib/python3.12/site-packages/airflow/example_dags/example_complex.py
[2026-05-06T23:38:38.077+0000] {processor.py:840} INFO - DAG(s) 'example_complex' retrieved from /usr/local/python/3.12.1/lib/python3.12/site-packages/airflow/example_dags/example_complex.py
[2026-05-06T23:38:38.098+0000] {logging_mixin.py:188} INFO - [2026-05-06T23:38:38.098+0000] {dag.py:3096} INFO - Sync 1 DAGs
[2026-05-06T23:38:38.108+0000] {logging_mixin.py:188} INFO - [2026-05-06T23:38:38.107+0000] {dag.py:3954} INFO - Setting next_dagrun for example_complex to None, run_after=None
[2026-05-06T23:38:38.125+0000] {processor.py:183} INFO - Processing /usr/local/python/3.12.1/lib/python3.12/site-packages/airflow/example_dags/example_complex.py took 0.063 seconds
[2026-05-06T23:39:35.543+0000] {processor.py:161} INFO - Started process (PID=24434) to work on /usr/local/python/3.12.1/lib/python3.12/site-packages/airflow/example_dags/example_complex.py
[2026-05-06T23:39:35.544+0000] {processor.py:830} INFO - Processing file /usr/local/python/3.12.1/lib/python3.12/site-packages/airflow/example_dags/example_complex.py for tasks to queue
[2026-05-06T23:39:35.546+0000] {logging_mixin.py:188} INFO - [2026-05-06T23:39:35.545+0000] {dagbag.py:545} INFO - Filling up the DagBag from /usr/local/python/3.12.1/lib/python3.12/site-packages/airflow/example_dags/example_complex.py
[2026-05-06T23:39:35.554+0000] {processor.py:840} INFO - DAG(s) 'example_complex' retrieved from /usr/local/python/3.12.1/lib/python3.12/site-packages/airflow/example_dags/example_complex.py
[2026-05-06T23:39:35.575+0000] {logging_mixin.py:188} INFO - [2026-05-06T23:39:35.575+0000] {dag.py:3096} INFO - Sync 1 DAGs
[2026-05-06T23:39:35.585+0000] {logging_mixin.py:188} INFO - [2026-05-06T23:39:35.584+0000] {dag.py:3954} INFO - Setting next_dagrun for example_complex to None, run_after=None
[2026-05-06T23:39:35.603+0000] {processor.py:183} INFO - Processing /usr/local/python/3.12.1/lib/python3.12/site-packages/airflow/example_dags/example_complex.py took 0.064 seconds
[2026-05-06T23:40:36.293+0000] {processor.py:161} INFO - Started process (PID=24908) to work on /usr/local/python/3.12.1/lib/python3.12/site-packages/airflow/example_dags/example_complex.py
[2026-05-06T23:40:36.294+0000] {processor.py:830} INFO - Processing file /usr/local/python/3.12.1/lib/python3.12/site-packages/airflow/example_dags/example_complex.py for tasks to queue
[2026-05-06T23:40:36.295+0000] {logging_mixin.py:188} INFO - [2026-05-06T23:40:36.295+0000] {dagbag.py:545} INFO - Filling up the DagBag from /usr/local/python/3.12.1/lib/python3.12/site-packages/airflow/example_dags/example_complex.py
[2026-05-06T23:40:36.303+0000] {processor.py:840} INFO - DAG(s) 'example_complex' retrieved from /usr/local/python/3.12.1/lib/python3.12/site-packages/airflow/example_dags/example_complex.py
[2026-05-06T23:40:36.324+0000] {logging_mixin.py:188} INFO - [2026-05-06T23:40:36.324+0000] {dag.py:3096} INFO - Sync 1 DAGs
[2026-05-06T23:40:36.333+0000] {logging_mixin.py:188} INFO - [2026-05-06T23:40:36.333+0000] {dag.py:3954} INFO - Setting next_dagrun for example_complex to None, run_after=None
[2026-05-06T23:40:36.351+0000] {processor.py:183} INFO - Processing /usr/local/python/3.12.1/lib/python3.12/site-packages/airflow/example_dags/example_complex.py took 0.063 seconds
[2026-05-06T23:41:33.649+0000] {processor.py:161} INFO - Started process (PID=25366) to work on /usr/local/python/3.12.1/lib/python3.12/site-packages/airflow/example_dags/example_complex.py
[2026-05-06T23:41:33.650+0000] {processor.py:830} INFO - Processing file /usr/local/python/3.12.1/lib/python3.12/site-packages/airflow/example_dags/example_complex.py for tasks to queue
[2026-05-06T23:41:33.651+0000] {logging_mixin.py:188} INFO - [2026-05-06T23:41:33.651+0000] {dagbag.py:545} INFO - Filling up the DagBag from /usr/local/python/3.12.1/lib/python3.12/site-packages/airflow/example_dags/example_complex.py
[2026-05-06T23:41:33.659+0000] {processor.py:840} INFO - DAG(s) 'example_complex' retrieved from /usr/local/python/3.12.1/lib/python3.12/site-packages/airflow/example_dags/example_complex.py
[2026-05-06T23:41:33.776+0000] {logging_mixin.py:188} INFO - [2026-05-06T23:41:33.776+0000] {dag.py:3096} INFO - Sync 1 DAGs
[2026-05-06T23:41:33.784+0000] {logging_mixin.py:188} INFO - [2026-05-06T23:41:33.784+0000] {dag.py:3954} INFO - Setting next_dagrun for example_complex to None, run_after=None
[2026-05-06T23:41:33.800+0000] {processor.py:183} INFO - Processing /usr/local/python/3.12.1/lib/python3.12/site-packages/airflow/example_dags/example_complex.py took 0.156 seconds
[2026-05-06T23:42:35.780+0000] {processor.py:161} INFO - Started process (PID=25834) to work on /usr/local/python/3.12.1/lib/python3.12/site-packages/airflow/example_dags/example_complex.py
[2026-05-06T23:42:35.781+0000] {processor.py:830} INFO - Processing file /usr/local/python/3.12.1/lib/python3.12/site-packages/airflow/example_dags/example_complex.py for tasks to queue
[2026-05-06T23:42:35.782+0000] {logging_mixin.py:188} INFO - [2026-05-06T23:42:35.782+0000] {dagbag.py:545} INFO - Filling up the DagBag from /usr/local/python/3.12.1/lib/python3.12/site-packages/airflow/example_dags/example_complex.py
[2026-05-06T23:42:35.790+0000] {processor.py:840} INFO - DAG(s) 'example_complex' retrieved from /usr/local/python/3.12.1/lib/python3.12/site-packages/airflow/example_dags/example_complex.py
[2026-05-06T23:42:35.812+0000] {logging_mixin.py:188} INFO - [2026-05-06T23:42:35.811+0000] {dag.py:3096} INFO - Sync 1 DAGs
[2026-05-06T23:42:35.822+0000] {logging_mixin.py:188} INFO - [2026-05-06T23:42:35.821+0000] {dag.py:3954} INFO - Setting next_dagrun for example_complex to None, run_after=None
[2026-05-06T23:42:35.840+0000] {processor.py:183} INFO - Processing /usr/local/python/3.12.1/lib/python3.12/site-packages/airflow/example_dags/example_complex.py took 0.065 seconds
[2026-05-06T23:43:37.639+0000] {processor.py:161} INFO - Started process (PID=26318) to work on /usr/local/python/3.12.1/lib/python3.12/site-packages/airflow/example_dags/example_complex.py
[2026-05-06T23:43:37.640+0000] {processor.py:830} INFO - Processing file /usr/local/python/3.12.1/lib/python3.12/site-packages/airflow/example_dags/example_complex.py for tasks to queue
[2026-05-06T23:43:37.642+0000] {logging_mixin.py:188} INFO - [2026-05-06T23:43:37.641+0000] {dagbag.py:545} INFO - Filling up the DagBag from /usr/local/python/3.12.1/lib/python3.12/site-packages/airflow/example_dags/example_complex.py
[2026-05-06T23:43:37.649+0000] {processor.py:840} INFO - DAG(s) 'example_complex' retrieved from /usr/local/python/3.12.1/lib/python3.12/site-packages/airflow/example_dags/example_complex.py
[2026-05-06T23:43:37.670+0000] {logging_mixin.py:188} INFO - [2026-05-06T23:43:37.670+0000] {dag.py:3096} INFO - Sync 1 DAGs
[2026-05-06T23:43:37.680+0000] {logging_mixin.py:188} INFO - [2026-05-06T23:43:37.679+0000] {dag.py:3954} INFO - Setting next_dagrun for example_complex to None, run_after=None
[2026-05-06T23:43:37.696+0000] {processor.py:183} INFO - Processing /usr/local/python/3.12.1/lib/python3.12/site-packages/airflow/example_dags/example_complex.py took 0.062 seconds
[2026-05-06T23:44:34.647+0000] {processor.py:161} INFO - Started process (PID=26755) to work on /usr/local/python/3.12.1/lib/python3.12/site-packages/airflow/example_dags/example_complex.py
[2026-05-06T23:44:34.648+0000] {processor.py:830} INFO - Processing file /usr/local/python/3.12.1/lib/python3.12/site-packages/airflow/example_dags/example_complex.py for tasks to queue
[2026-05-06T23:44:34.650+0000] {logging_mixin.py:188} INFO - [2026-05-06T23:44:34.649+0000] {dagbag.py:545} INFO - Filling up the DagBag from /usr/local/python/3.12.1/lib/python3.12/site-packages/airflow/example_dags/example_complex.py
[2026-05-06T23:44:34.663+0000] {processor.py:840} INFO - DAG(s) 'example_complex' retrieved from /usr/local/python/3.12.1/lib/python3.12/site-packages/airflow/example_dags/example_complex.py
[2026-05-06T23:44:34.698+0000] {logging_mixin.py:188} INFO - [2026-05-06T23:44:34.698+0000] {dag.py:3096} INFO - Sync 1 DAGs
[2026-05-06T23:44:34.715+0000] {logging_mixin.py:188} INFO - [2026-05-06T23:44:34.715+0000] {dag.py:3954} INFO - Setting next_dagrun for example_complex to None, run_after=None
[2026-05-06T23:44:34.742+0000] {processor.py:183} INFO - Processing /usr/local/python/3.12.1/lib/python3.12/site-packages/airflow/example_dags/example_complex.py took 0.100 seconds
[2026-05-06T23:45:31.176+0000] {processor.py:161} INFO - Started process (PID=27197) to work on /usr/local/python/3.12.1/lib/python3.12/site-packages/airflow/example_dags/example_complex.py
[2026-05-06T23:45:31.177+0000] {processor.py:830} INFO - Processing file /usr/local/python/3.12.1/lib/python3.12/site-packages/airflow/example_dags/example_complex.py for tasks to queue
[2026-05-06T23:45:31.178+0000] {logging_mixin.py:188} INFO - [2026-05-06T23:45:31.178+0000] {dagbag.py:545} INFO - Filling up the DagBag from /usr/local/python/3.12.1/lib/python3.12/site-packages/airflow/example_dags/example_complex.py
[2026-05-06T23:45:31.186+0000] {processor.py:840} INFO - DAG(s) 'example_complex' retrieved from /usr/local/python/3.12.1/lib/python3.12/site-packages/airflow/example_dags/example_complex.py
[2026-05-06T23:45:31.206+0000] {logging_mixin.py:188} INFO - [2026-05-06T23:45:31.206+0000] {dag.py:3096} INFO - Sync 1 DAGs
[2026-05-06T23:45:31.216+0000] {logging_mixin.py:188} INFO - [2026-05-06T23:45:31.215+0000] {dag.py:3954} INFO - Setting next_dagrun for example_complex to None, run_after=None
[2026-05-06T23:45:31.232+0000] {processor.py:183} INFO - Processing /usr/local/python/3.12.1/lib/python3.12/site-packages/airflow/example_dags/example_complex.py took 0.060 seconds
[2026-05-06T23:46:32.553+0000] {processor.py:161} INFO - Started process (PID=27678) to work on /usr/local/python/3.12.1/lib/python3.12/site-packages/airflow/example_dags/example_complex.py
[2026-05-06T23:46:32.554+0000] {processor.py:830} INFO - Processing file /usr/local/python/3.12.1/lib/python3.12/site-packages/airflow/example_dags/example_complex.py for tasks to queue
[2026-05-06T23:46:32.556+0000] {logging_mixin.py:188} INFO - [2026-05-06T23:46:32.556+0000] {dagbag.py:545} INFO - Filling up the DagBag from /usr/local/python/3.12.1/lib/python3.12/site-packages/airflow/example_dags/example_complex.py
[2026-05-06T23:46:32.566+0000] {processor.py:840} INFO - DAG(s) 'example_complex' retrieved from /usr/local/python/3.12.1/lib/python3.12/site-packages/airflow/example_dags/example_complex.py
[2026-05-06T23:46:32.586+0000] {logging_mixin.py:188} INFO - [2026-05-06T23:46:32.586+0000] {dag.py:3096} INFO - Sync 1 DAGs
[2026-05-06T23:46:32.596+0000] {logging_mixin.py:188} INFO - [2026-05-06T23:46:32.596+0000] {dag.py:3954} INFO - Setting next_dagrun for example_complex to None, run_after=None
[2026-05-06T23:46:32.615+0000] {processor.py:183} INFO - Processing /usr/local/python/3.12.1/lib/python3.12/site-packages/airflow/example_dags/example_complex.py took 0.067 seconds
[2026-05-06T23:47:30.722+0000] {processor.py:161} INFO - Started process (PID=28139) to work on /usr/local/python/3.12.1/lib/python3.12/site-packages/airflow/example_dags/example_complex.py
[2026-05-06T23:47:30.723+0000] {processor.py:830} INFO - Processing file /usr/local/python/3.12.1/lib/python3.12/site-packages/airflow/example_dags/example_complex.py for tasks to queue
[2026-05-06T23:47:30.724+0000] {logging_mixin.py:188} INFO - [2026-05-06T23:47:30.724+0000] {dagbag.py:545} INFO - Filling up the DagBag from /usr/local/python/3.12.1/lib/python3.12/site-packages/airflow/example_dags/example_complex.py
[2026-05-06T23:47:30.732+0000] {processor.py:840} INFO - DAG(s) 'example_complex' retrieved from /usr/local/python/3.12.1/lib/python3.12/site-packages/airflow/example_dags/example_complex.py
[2026-05-06T23:47:30.753+0000] {logging_mixin.py:188} INFO - [2026-05-06T23:47:30.752+0000] {dag.py:3096} INFO - Sync 1 DAGs
[2026-05-06T23:47:30.762+0000] {logging_mixin.py:188} INFO - [2026-05-06T23:47:30.762+0000] {dag.py:3954} INFO - Setting next_dagrun for example_complex to None, run_after=None
[2026-05-06T23:47:30.781+0000] {processor.py:183} INFO - Processing /usr/local/python/3.12.1/lib/python3.12/site-packages/airflow/example_dags/example_complex.py took 0.064 seconds
[2026-05-06T23:48:31.315+0000] {processor.py:161} INFO - Started process (PID=28610) to work on /usr/local/python/3.12.1/lib/python3.12/site-packages/airflow/example_dags/example_complex.py
[2026-05-06T23:48:31.316+0000] {processor.py:830} INFO - Processing file /usr/local/python/3.12.1/lib/python3.12/site-packages/airflow/example_dags/example_complex.py for tasks to queue
[2026-05-06T23:48:31.317+0000] {logging_mixin.py:188} INFO - [2026-05-06T23:48:31.317+0000] {dagbag.py:545} INFO - Filling up the DagBag from /usr/local/python/3.12.1/lib/python3.12/site-packages/airflow/example_dags/example_complex.py
[2026-05-06T23:48:31.325+0000] {processor.py:840} INFO - DAG(s) 'example_complex' retrieved from /usr/local/python/3.12.1/lib/python3.12/site-packages/airflow/example_dags/example_complex.py
[2026-05-06T23:48:31.346+0000] {logging_mixin.py:188} INFO - [2026-05-06T23:48:31.346+0000] {dag.py:3096} INFO - Sync 1 DAGs
[2026-05-06T23:48:31.356+0000] {logging_mixin.py:188} INFO - [2026-05-06T23:48:31.355+0000] {dag.py:3954} INFO - Setting next_dagrun for example_complex to None, run_after=None
[2026-05-06T23:48:31.374+0000] {processor.py:183} INFO - Processing /usr/local/python/3.12.1/lib/python3.12/site-packages/airflow/example_dags/example_complex.py took 0.064 seconds
[2026-05-06T23:49:28.790+0000] {processor.py:161} INFO - Started process (PID=29051) to work on /usr/local/python/3.12.1/lib/python3.12/site-packages/airflow/example_dags/example_complex.py
[2026-05-06T23:49:28.791+0000] {processor.py:830} INFO - Processing file /usr/local/python/3.12.1/lib/python3.12/site-packages/airflow/example_dags/example_complex.py for tasks to queue
[2026-05-06T23:49:28.792+0000] {logging_mixin.py:188} INFO - [2026-05-06T23:49:28.792+0000] {dagbag.py:545} INFO - Filling up the DagBag from /usr/local/python/3.12.1/lib/python3.12/site-packages/airflow/example_dags/example_complex.py
[2026-05-06T23:49:28.800+0000] {processor.py:840} INFO - DAG(s) 'example_complex' retrieved from /usr/local/python/3.12.1/lib/python3.12/site-packages/airflow/example_dags/example_complex.py
[2026-05-06T23:49:28.820+0000] {logging_mixin.py:188} INFO - [2026-05-06T23:49:28.820+0000] {dag.py:3096} INFO - Sync 1 DAGs
[2026-05-06T23:49:28.830+0000] {logging_mixin.py:188} INFO - [2026-05-06T23:49:28.830+0000] {dag.py:3954} INFO - Setting next_dagrun for example_complex to None, run_after=None
[2026-05-06T23:49:28.848+0000] {processor.py:183} INFO - Processing /usr/local/python/3.12.1/lib/python3.12/site-packages/airflow/example_dags/example_complex.py took 0.062 seconds
[2026-05-06T23:50:24.056+0000] {processor.py:161} INFO - Started process (PID=29490) to work on /usr/local/python/3.12.1/lib/python3.12/site-packages/airflow/example_dags/example_complex.py
[2026-05-06T23:50:24.057+0000] {processor.py:830} INFO - Processing file /usr/local/python/3.12.1/lib/python3.12/site-packages/airflow/example_dags/example_complex.py for tasks to queue
[2026-05-06T23:50:24.058+0000] {logging_mixin.py:188} INFO - [2026-05-06T23:50:24.058+0000] {dagbag.py:545} INFO - Filling up the DagBag from /usr/local/python/3.12.1/lib/python3.12/site-packages/airflow/example_dags/example_complex.py
[2026-05-06T23:50:24.066+0000] {processor.py:840} INFO - DAG(s) 'example_complex' retrieved from /usr/local/python/3.12.1/lib/python3.12/site-packages/airflow/example_dags/example_complex.py
[2026-05-06T23:50:24.086+0000] {logging_mixin.py:188} INFO - [2026-05-06T23:50:24.086+0000] {dag.py:3096} INFO - Sync 1 DAGs
[2026-05-06T23:50:24.095+0000] {logging_mixin.py:188} INFO - [2026-05-06T23:50:24.095+0000] {dag.py:3954} INFO - Setting next_dagrun for example_complex to None, run_after=None
[2026-05-06T23:50:24.131+0000] {processor.py:183} INFO - Processing /usr/local/python/3.12.1/lib/python3.12/site-packages/airflow/example_dags/example_complex.py took 0.079 seconds
[2026-05-06T23:51:23.489+0000] {processor.py:161} INFO - Started process (PID=29960) to work on /usr/local/python/3.12.1/lib/python3.12/site-packages/airflow/example_dags/example_complex.py
[2026-05-06T23:51:23.490+0000] {processor.py:830} INFO - Processing file /usr/local/python/3.12.1/lib/python3.12/site-packages/airflow/example_dags/example_complex.py for tasks to queue
[2026-05-06T23:51:23.491+0000] {logging_mixin.py:188} INFO - [2026-05-06T23:51:23.491+0000] {dagbag.py:545} INFO - Filling up the DagBag from /usr/local/python/3.12.1/lib/python3.12/site-packages/airflow/example_dags/example_complex.py
[2026-05-06T23:51:23.501+0000] {processor.py:840} INFO - DAG(s) 'example_complex' retrieved from /usr/local/python/3.12.1/lib/python3.12/site-packages/airflow/example_dags/example_complex.py
[2026-05-06T23:51:23.521+0000] {logging_mixin.py:188} INFO - [2026-05-06T23:51:23.521+0000] {dag.py:3096} INFO - Sync 1 DAGs
[2026-05-06T23:51:23.531+0000] {logging_mixin.py:188} INFO - [2026-05-06T23:51:23.531+0000] {dag.py:3954} INFO - Setting next_dagrun for example_complex to None, run_after=None
[2026-05-06T23:51:23.554+0000] {processor.py:183} INFO - Processing /usr/local/python/3.12.1/lib/python3.12/site-packages/airflow/example_dags/example_complex.py took 0.070 seconds
[2026-05-06T23:52:19.405+0000] {processor.py:161} INFO - Started process (PID=30382) to work on /usr/local/python/3.12.1/lib/python3.12/site-packages/airflow/example_dags/example_complex.py
[2026-05-06T23:52:19.406+0000] {processor.py:830} INFO - Processing file /usr/local/python/3.12.1/lib/python3.12/site-packages/airflow/example_dags/example_complex.py for tasks to queue
[2026-05-06T23:52:19.407+0000] {logging_mixin.py:188} INFO - [2026-05-06T23:52:19.407+0000] {dagbag.py:545} INFO - Filling up the DagBag from /usr/local/python/3.12.1/lib/python3.12/site-packages/airflow/example_dags/example_complex.py
[2026-05-06T23:52:19.415+0000] {processor.py:840} INFO - DAG(s) 'example_complex' retrieved from /usr/local/python/3.12.1/lib/python3.12/site-packages/airflow/example_dags/example_complex.py
[2026-05-06T23:52:19.436+0000] {logging_mixin.py:188} INFO - [2026-05-06T23:52:19.435+0000] {dag.py:3096} INFO - Sync 1 DAGs
[2026-05-06T23:52:19.450+0000] {logging_mixin.py:188} INFO - [2026-05-06T23:52:19.450+0000] {dag.py:3954} INFO - Setting next_dagrun for example_complex to None, run_after=None
[2026-05-06T23:52:19.470+0000] {processor.py:183} INFO - Processing /usr/local/python/3.12.1/lib/python3.12/site-packages/airflow/example_dags/example_complex.py took 0.070 seconds
[2026-05-06T23:53:18.494+0000] {processor.py:161} INFO - Started process (PID=30849) to work on /usr/local/python/3.12.1/lib/python3.12/site-packages/airflow/example_dags/example_complex.py
[2026-05-06T23:53:18.495+0000] {processor.py:830} INFO - Processing file /usr/local/python/3.12.1/lib/python3.12/site-packages/airflow/example_dags/example_complex.py for tasks to queue
[2026-05-06T23:53:18.496+0000] {logging_mixin.py:188} INFO - [2026-05-06T23:53:18.496+0000] {dagbag.py:545} INFO - Filling up the DagBag from /usr/local/python/3.12.1/lib/python3.12/site-packages/airflow/example_dags/example_complex.py
[2026-05-06T23:53:18.504+0000] {processor.py:840} INFO - DAG(s) 'example_complex' retrieved from /usr/local/python/3.12.1/lib/python3.12/site-packages/airflow/example_dags/example_complex.py
[2026-05-06T23:53:18.526+0000] {logging_mixin.py:188} INFO - [2026-05-06T23:53:18.525+0000] {dag.py:3096} INFO - Sync 1 DAGs
[2026-05-06T23:53:18.535+0000] {logging_mixin.py:188} INFO - [2026-05-06T23:53:18.535+0000] {dag.py:3954} INFO - Setting next_dagrun for example_complex to None, run_after=None
[2026-05-06T23:53:18.560+0000] {processor.py:183} INFO - Processing /usr/local/python/3.12.1/lib/python3.12/site-packages/airflow/example_dags/example_complex.py took 0.072 seconds
[2026-05-06T23:54:17.039+0000] {processor.py:161} INFO - Started process (PID=31308) to work on /usr/local/python/3.12.1/lib/python3.12/site-packages/airflow/example_dags/example_complex.py
[2026-05-06T23:54:17.042+0000] {processor.py:830} INFO - Processing file /usr/local/python/3.12.1/lib/python3.12/site-packages/airflow/example_dags/example_complex.py for tasks to queue
[2026-05-06T23:54:17.044+0000] {logging_mixin.py:188} INFO - [2026-05-06T23:54:17.043+0000] {dagbag.py:545} INFO - Filling up the DagBag from /usr/local/python/3.12.1/lib/python3.12/site-packages/airflow/example_dags/example_complex.py
[2026-05-06T23:54:17.065+0000] {processor.py:840} INFO - DAG(s) 'example_complex' retrieved from /usr/local/python/3.12.1/lib/python3.12/site-packages/airflow/example_dags/example_complex.py
[2026-05-06T23:54:17.091+0000] {logging_mixin.py:188} INFO - [2026-05-06T23:54:17.090+0000] {dag.py:3096} INFO - Sync 1 DAGs
[2026-05-06T23:54:17.100+0000] {logging_mixin.py:188} INFO - [2026-05-06T23:54:17.100+0000] {dag.py:3954} INFO - Setting next_dagrun for example_complex to None, run_after=None
[2026-05-06T23:54:17.120+0000] {processor.py:183} INFO - Processing /usr/local/python/3.12.1/lib/python3.12/site-packages/airflow/example_dags/example_complex.py took 0.089 seconds
[2026-05-06T23:55:14.690+0000] {processor.py:161} INFO - Started process (PID=31821) to work on /usr/local/python/3.12.1/lib/python3.12/site-packages/airflow/example_dags/example_complex.py
[2026-05-06T23:55:14.691+0000] {processor.py:830} INFO - Processing file /usr/local/python/3.12.1/lib/python3.12/site-packages/airflow/example_dags/example_complex.py for tasks to queue
[2026-05-06T23:55:14.693+0000] {logging_mixin.py:188} INFO - [2026-05-06T23:55:14.692+0000] {dagbag.py:545} INFO - Filling up the DagBag from /usr/local/python/3.12.1/lib/python3.12/site-packages/airflow/example_dags/example_complex.py
[2026-05-06T23:55:14.700+0000] {processor.py:840} INFO - DAG(s) 'example_complex' retrieved from /usr/local/python/3.12.1/lib/python3.12/site-packages/airflow/example_dags/example_complex.py
[2026-05-06T23:55:14.722+0000] {logging_mixin.py:188} INFO - [2026-05-06T23:55:14.721+0000] {dag.py:3096} INFO - Sync 1 DAGs
[2026-05-06T23:55:14.731+0000] {logging_mixin.py:188} INFO - [2026-05-06T23:55:14.731+0000] {dag.py:3954} INFO - Setting next_dagrun for example_complex to None, run_after=None
[2026-05-06T23:55:14.749+0000] {processor.py:183} INFO - Processing /usr/local/python/3.12.1/lib/python3.12/site-packages/airflow/example_dags/example_complex.py took 0.064 seconds
[2026-05-06T23:56:16.409+0000] {processor.py:161} INFO - Started process (PID=32299) to work on /usr/local/python/3.12.1/lib/python3.12/site-packages/airflow/example_dags/example_complex.py
[2026-05-06T23:56:16.410+0000] {processor.py:830} INFO - Processing file /usr/local/python/3.12.1/lib/python3.12/site-packages/airflow/example_dags/example_complex.py for tasks to queue
[2026-05-06T23:56:16.411+0000] {logging_mixin.py:188} INFO - [2026-05-06T23:56:16.411+0000] {dagbag.py:545} INFO - Filling up the DagBag from /usr/local/python/3.12.1/lib/python3.12/site-packages/airflow/example_dags/example_complex.py
[2026-05-06T23:56:16.419+0000] {processor.py:840} INFO - DAG(s) 'example_complex' retrieved from /usr/local/python/3.12.1/lib/python3.12/site-packages/airflow/example_dags/example_complex.py
[2026-05-06T23:56:16.439+0000] {logging_mixin.py:188} INFO - [2026-05-06T23:56:16.439+0000] {dag.py:3096} INFO - Sync 1 DAGs
[2026-05-06T23:56:16.449+0000] {logging_mixin.py:188} INFO - [2026-05-06T23:56:16.449+0000] {dag.py:3954} INFO - Setting next_dagrun for example_complex to None, run_after=None
[2026-05-06T23:56:16.465+0000] {processor.py:183} INFO - Processing /usr/local/python/3.12.1/lib/python3.12/site-packages/airflow/example_dags/example_complex.py took 0.061 seconds
[2026-05-06T23:57:10.768+0000] {processor.py:161} INFO - Started process (PID=32638) to work on /usr/local/python/3.12.1/lib/python3.12/site-packages/airflow/example_dags/example_complex.py
[2026-05-06T23:57:10.769+0000] {processor.py:830} INFO - Processing file /usr/local/python/3.12.1/lib/python3.12/site-packages/airflow/example_dags/example_complex.py for tasks to queue
[2026-05-06T23:57:10.770+0000] {logging_mixin.py:188} INFO - [2026-05-06T23:57:10.770+0000] {dagbag.py:545} INFO - Filling up the DagBag from /usr/local/python/3.12.1/lib/python3.12/site-packages/airflow/example_dags/example_complex.py
[2026-05-06T23:57:10.778+0000] {processor.py:840} INFO - DAG(s) 'example_complex' retrieved from /usr/local/python/3.12.1/lib/python3.12/site-packages/airflow/example_dags/example_complex.py
[2026-05-06T23:57:10.801+0000] {logging_mixin.py:188} INFO - [2026-05-06T23:57:10.801+0000] {dag.py:3096} INFO - Sync 1 DAGs
[2026-05-06T23:57:10.810+0000] {logging_mixin.py:188} INFO - [2026-05-06T23:57:10.810+0000] {dag.py:3954} INFO - Setting next_dagrun for example_complex to None, run_after=None
[2026-05-06T23:57:10.827+0000] {processor.py:183} INFO - Processing /usr/local/python/3.12.1/lib/python3.12/site-packages/airflow/example_dags/example_complex.py took 0.064 seconds
[2026-05-06T23:58:06.340+0000] {processor.py:161} INFO - Started process (PID=32908) to work on /usr/local/python/3.12.1/lib/python3.12/site-packages/airflow/example_dags/example_complex.py
[2026-05-06T23:58:06.341+0000] {processor.py:830} INFO - Processing file /usr/local/python/3.12.1/lib/python3.12/site-packages/airflow/example_dags/example_complex.py for tasks to queue
[2026-05-06T23:58:06.342+0000] {logging_mixin.py:188} INFO - [2026-05-06T23:58:06.342+0000] {dagbag.py:545} INFO - Filling up the DagBag from /usr/local/python/3.12.1/lib/python3.12/site-packages/airflow/example_dags/example_complex.py
[2026-05-06T23:58:06.354+0000] {processor.py:840} INFO - DAG(s) 'example_complex' retrieved from /usr/local/python/3.12.1/lib/python3.12/site-packages/airflow/example_dags/example_complex.py
[2026-05-06T23:58:06.375+0000] {logging_mixin.py:188} INFO - [2026-05-06T23:58:06.375+0000] {dag.py:3096} INFO - Sync 1 DAGs
[2026-05-06T23:58:06.385+0000] {logging_mixin.py:188} INFO - [2026-05-06T23:58:06.385+0000] {dag.py:3954} INFO - Setting next_dagrun for example_complex to None, run_after=None
[2026-05-06T23:58:06.403+0000] {processor.py:183} INFO - Processing /usr/local/python/3.12.1/lib/python3.12/site-packages/airflow/example_dags/example_complex.py took 0.069 seconds
[2026-05-06T23:59:06.879+0000] {processor.py:161} INFO - Started process (PID=33203) to work on /usr/local/python/3.12.1/lib/python3.12/site-packages/airflow/example_dags/example_complex.py
[2026-05-06T23:59:06.880+0000] {processor.py:830} INFO - Processing file /usr/local/python/3.12.1/lib/python3.12/site-packages/airflow/example_dags/example_complex.py for tasks to queue
[2026-05-06T23:59:06.882+0000] {logging_mixin.py:188} INFO - [2026-05-06T23:59:06.881+0000] {dagbag.py:545} INFO - Filling up the DagBag from /usr/local/python/3.12.1/lib/python3.12/site-packages/airflow/example_dags/example_complex.py
[2026-05-06T23:59:06.890+0000] {processor.py:840} INFO - DAG(s) 'example_complex' retrieved from /usr/local/python/3.12.1/lib/python3.12/site-packages/airflow/example_dags/example_complex.py
[2026-05-06T23:59:06.910+0000] {logging_mixin.py:188} INFO - [2026-05-06T23:59:06.910+0000] {dag.py:3096} INFO - Sync 1 DAGs
[2026-05-06T23:59:06.920+0000] {logging_mixin.py:188} INFO - [2026-05-06T23:59:06.919+0000] {dag.py:3954} INFO - Setting next_dagrun for example_complex to None, run_after=None
[2026-05-06T23:59:06.939+0000] {processor.py:183} INFO - Processing /usr/local/python/3.12.1/lib/python3.12/site-packages/airflow/example_dags/example_complex.py took 0.064 seconds
