[2026-05-06T23:18:50.485+0000] {processor.py:161} INFO - Started process (PID=13229) to work on /usr/local/python/3.12.1/lib/python3.12/site-packages/airflow/example_dags/example_trigger_target_dag.py
[2026-05-06T23:18:50.485+0000] {processor.py:830} INFO - Processing file /usr/local/python/3.12.1/lib/python3.12/site-packages/airflow/example_dags/example_trigger_target_dag.py for tasks to queue
[2026-05-06T23:18:50.487+0000] {logging_mixin.py:188} INFO - [2026-05-06T23:18:50.486+0000] {dagbag.py:545} INFO - Filling up the DagBag from /usr/local/python/3.12.1/lib/python3.12/site-packages/airflow/example_dags/example_trigger_target_dag.py
[2026-05-06T23:18:50.493+0000] {processor.py:840} INFO - DAG(s) 'example_trigger_target_dag' retrieved from /usr/local/python/3.12.1/lib/python3.12/site-packages/airflow/example_dags/example_trigger_target_dag.py
[2026-05-06T23:18:50.570+0000] {logging_mixin.py:188} INFO - [2026-05-06T23:18:50.569+0000] {override.py:1829} INFO - Created Permission View: can delete on DAG:example_trigger_target_dag
[2026-05-06T23:18:50.578+0000] {logging_mixin.py:188} INFO - [2026-05-06T23:18:50.577+0000] {override.py:1829} INFO - Created Permission View: can edit on DAG:example_trigger_target_dag
[2026-05-06T23:18:50.583+0000] {logging_mixin.py:188} INFO - [2026-05-06T23:18:50.583+0000] {override.py:1829} INFO - Created Permission View: can read on DAG:example_trigger_target_dag
[2026-05-06T23:18:50.583+0000] {logging_mixin.py:188} INFO - [2026-05-06T23:18:50.583+0000] {dag.py:3096} INFO - Sync 1 DAGs
[2026-05-06T23:18:50.591+0000] {logging_mixin.py:188} INFO - [2026-05-06T23:18:50.590+0000] {dag.py:3118} INFO - Creating ORM DAG for example_trigger_target_dag
[2026-05-06T23:18:50.591+0000] {logging_mixin.py:188} INFO - [2026-05-06T23:18:50.591+0000] {dag.py:3954} INFO - Setting next_dagrun for example_trigger_target_dag to None, run_after=None
[2026-05-06T23:18:50.605+0000] {processor.py:183} INFO - Processing /usr/local/python/3.12.1/lib/python3.12/site-packages/airflow/example_dags/example_trigger_target_dag.py took 0.125 seconds
[2026-05-06T23:19:41.450+0000] {processor.py:161} INFO - Started process (PID=13622) to work on /usr/local/python/3.12.1/lib/python3.12/site-packages/airflow/example_dags/example_trigger_target_dag.py
[2026-05-06T23:19:41.451+0000] {processor.py:830} INFO - Processing file /usr/local/python/3.12.1/lib/python3.12/site-packages/airflow/example_dags/example_trigger_target_dag.py for tasks to queue
[2026-05-06T23:19:41.452+0000] {logging_mixin.py:188} INFO - [2026-05-06T23:19:41.452+0000] {dagbag.py:545} INFO - Filling up the DagBag from /usr/local/python/3.12.1/lib/python3.12/site-packages/airflow/example_dags/example_trigger_target_dag.py
[2026-05-06T23:19:41.457+0000] {processor.py:840} INFO - DAG(s) 'example_trigger_target_dag' retrieved from /usr/local/python/3.12.1/lib/python3.12/site-packages/airflow/example_dags/example_trigger_target_dag.py
[2026-05-06T23:19:41.469+0000] {logging_mixin.py:188} INFO - [2026-05-06T23:19:41.469+0000] {dag.py:3096} INFO - Sync 1 DAGs
[2026-05-06T23:19:41.479+0000] {logging_mixin.py:188} INFO - [2026-05-06T23:19:41.479+0000] {dag.py:3954} INFO - Setting next_dagrun for example_trigger_target_dag to None, run_after=None
[2026-05-06T23:19:41.494+0000] {processor.py:183} INFO - Processing /usr/local/python/3.12.1/lib/python3.12/site-packages/airflow/example_dags/example_trigger_target_dag.py took 0.048 seconds
[2026-05-06T23:20:30.955+0000] {processor.py:161} INFO - Started process (PID=14109) to work on /usr/local/python/3.12.1/lib/python3.12/site-packages/airflow/example_dags/example_trigger_target_dag.py
[2026-05-06T23:20:30.956+0000] {processor.py:830} INFO - Processing file /usr/local/python/3.12.1/lib/python3.12/site-packages/airflow/example_dags/example_trigger_target_dag.py for tasks to queue
[2026-05-06T23:20:30.958+0000] {logging_mixin.py:188} INFO - [2026-05-06T23:20:30.958+0000] {dagbag.py:545} INFO - Filling up the DagBag from /usr/local/python/3.12.1/lib/python3.12/site-packages/airflow/example_dags/example_trigger_target_dag.py
[2026-05-06T23:20:30.963+0000] {processor.py:840} INFO - DAG(s) 'example_trigger_target_dag' retrieved from /usr/local/python/3.12.1/lib/python3.12/site-packages/airflow/example_dags/example_trigger_target_dag.py
[2026-05-06T23:20:30.979+0000] {logging_mixin.py:188} INFO - [2026-05-06T23:20:30.979+0000] {dag.py:3096} INFO - Sync 1 DAGs
[2026-05-06T23:20:30.993+0000] {logging_mixin.py:188} INFO - [2026-05-06T23:20:30.993+0000] {dag.py:3954} INFO - Setting next_dagrun for example_trigger_target_dag to None, run_after=None
[2026-05-06T23:20:31.020+0000] {processor.py:183} INFO - Processing /usr/local/python/3.12.1/lib/python3.12/site-packages/airflow/example_dags/example_trigger_target_dag.py took 0.069 seconds
[2026-05-06T23:21:12.634+0000] {processor.py:161} INFO - Started process (PID=14467) to work on /usr/local/python/3.12.1/lib/python3.12/site-packages/airflow/example_dags/example_trigger_target_dag.py
[2026-05-06T23:21:12.635+0000] {processor.py:830} INFO - Processing file /usr/local/python/3.12.1/lib/python3.12/site-packages/airflow/example_dags/example_trigger_target_dag.py for tasks to queue
[2026-05-06T23:21:12.637+0000] {logging_mixin.py:188} INFO - [2026-05-06T23:21:12.636+0000] {dagbag.py:545} INFO - Filling up the DagBag from /usr/local/python/3.12.1/lib/python3.12/site-packages/airflow/example_dags/example_trigger_target_dag.py
[2026-05-06T23:21:12.642+0000] {processor.py:840} INFO - DAG(s) 'example_trigger_target_dag' retrieved from /usr/local/python/3.12.1/lib/python3.12/site-packages/airflow/example_dags/example_trigger_target_dag.py
[2026-05-06T23:21:12.654+0000] {logging_mixin.py:188} INFO - [2026-05-06T23:21:12.654+0000] {dag.py:3096} INFO - Sync 1 DAGs
[2026-05-06T23:21:12.663+0000] {logging_mixin.py:188} INFO - [2026-05-06T23:21:12.662+0000] {dag.py:3954} INFO - Setting next_dagrun for example_trigger_target_dag to None, run_after=None
[2026-05-06T23:21:12.679+0000] {processor.py:183} INFO - Processing /usr/local/python/3.12.1/lib/python3.12/site-packages/airflow/example_dags/example_trigger_target_dag.py took 0.049 seconds
[2026-05-06T23:21:53.711+0000] {processor.py:161} INFO - Started process (PID=14849) to work on /usr/local/python/3.12.1/lib/python3.12/site-packages/airflow/example_dags/example_trigger_target_dag.py
[2026-05-06T23:21:53.711+0000] {processor.py:830} INFO - Processing file /usr/local/python/3.12.1/lib/python3.12/site-packages/airflow/example_dags/example_trigger_target_dag.py for tasks to queue
[2026-05-06T23:21:53.713+0000] {logging_mixin.py:188} INFO - [2026-05-06T23:21:53.713+0000] {dagbag.py:545} INFO - Filling up the DagBag from /usr/local/python/3.12.1/lib/python3.12/site-packages/airflow/example_dags/example_trigger_target_dag.py
[2026-05-06T23:21:53.718+0000] {processor.py:840} INFO - DAG(s) 'example_trigger_target_dag' retrieved from /usr/local/python/3.12.1/lib/python3.12/site-packages/airflow/example_dags/example_trigger_target_dag.py
[2026-05-06T23:21:53.731+0000] {logging_mixin.py:188} INFO - [2026-05-06T23:21:53.730+0000] {dag.py:3096} INFO - Sync 1 DAGs
[2026-05-06T23:21:53.740+0000] {logging_mixin.py:188} INFO - [2026-05-06T23:21:53.739+0000] {dag.py:3954} INFO - Setting next_dagrun for example_trigger_target_dag to None, run_after=None
[2026-05-06T23:21:53.756+0000] {processor.py:183} INFO - Processing /usr/local/python/3.12.1/lib/python3.12/site-packages/airflow/example_dags/example_trigger_target_dag.py took 0.050 seconds
[2026-05-06T23:22:35.947+0000] {processor.py:161} INFO - Started process (PID=15213) to work on /usr/local/python/3.12.1/lib/python3.12/site-packages/airflow/example_dags/example_trigger_target_dag.py
[2026-05-06T23:22:35.948+0000] {processor.py:830} INFO - Processing file /usr/local/python/3.12.1/lib/python3.12/site-packages/airflow/example_dags/example_trigger_target_dag.py for tasks to queue
[2026-05-06T23:22:35.950+0000] {logging_mixin.py:188} INFO - [2026-05-06T23:22:35.949+0000] {dagbag.py:545} INFO - Filling up the DagBag from /usr/local/python/3.12.1/lib/python3.12/site-packages/airflow/example_dags/example_trigger_target_dag.py
[2026-05-06T23:22:35.955+0000] {processor.py:840} INFO - DAG(s) 'example_trigger_target_dag' retrieved from /usr/local/python/3.12.1/lib/python3.12/site-packages/airflow/example_dags/example_trigger_target_dag.py
[2026-05-06T23:22:35.966+0000] {logging_mixin.py:188} INFO - [2026-05-06T23:22:35.966+0000] {dag.py:3096} INFO - Sync 1 DAGs
[2026-05-06T23:22:35.975+0000] {logging_mixin.py:188} INFO - [2026-05-06T23:22:35.975+0000] {dag.py:3954} INFO - Setting next_dagrun for example_trigger_target_dag to None, run_after=None
[2026-05-06T23:22:35.991+0000] {processor.py:183} INFO - Processing /usr/local/python/3.12.1/lib/python3.12/site-packages/airflow/example_dags/example_trigger_target_dag.py took 0.048 seconds
[2026-05-06T23:23:14.191+0000] {processor.py:161} INFO - Started process (PID=15567) to work on /usr/local/python/3.12.1/lib/python3.12/site-packages/airflow/example_dags/example_trigger_target_dag.py
[2026-05-06T23:23:14.192+0000] {processor.py:830} INFO - Processing file /usr/local/python/3.12.1/lib/python3.12/site-packages/airflow/example_dags/example_trigger_target_dag.py for tasks to queue
[2026-05-06T23:23:14.194+0000] {logging_mixin.py:188} INFO - [2026-05-06T23:23:14.193+0000] {dagbag.py:545} INFO - Filling up the DagBag from /usr/local/python/3.12.1/lib/python3.12/site-packages/airflow/example_dags/example_trigger_target_dag.py
[2026-05-06T23:23:14.199+0000] {processor.py:840} INFO - DAG(s) 'example_trigger_target_dag' retrieved from /usr/local/python/3.12.1/lib/python3.12/site-packages/airflow/example_dags/example_trigger_target_dag.py
[2026-05-06T23:23:14.211+0000] {logging_mixin.py:188} INFO - [2026-05-06T23:23:14.211+0000] {dag.py:3096} INFO - Sync 1 DAGs
[2026-05-06T23:23:14.220+0000] {logging_mixin.py:188} INFO - [2026-05-06T23:23:14.219+0000] {dag.py:3954} INFO - Setting next_dagrun for example_trigger_target_dag to None, run_after=None
[2026-05-06T23:23:14.236+0000] {processor.py:183} INFO - Processing /usr/local/python/3.12.1/lib/python3.12/site-packages/airflow/example_dags/example_trigger_target_dag.py took 0.049 seconds
[2026-05-06T23:23:52.464+0000] {processor.py:161} INFO - Started process (PID=16028) to work on /usr/local/python/3.12.1/lib/python3.12/site-packages/airflow/example_dags/example_trigger_target_dag.py
[2026-05-06T23:23:52.465+0000] {processor.py:830} INFO - Processing file /usr/local/python/3.12.1/lib/python3.12/site-packages/airflow/example_dags/example_trigger_target_dag.py for tasks to queue
[2026-05-06T23:23:52.467+0000] {logging_mixin.py:188} INFO - [2026-05-06T23:23:52.466+0000] {dagbag.py:545} INFO - Filling up the DagBag from /usr/local/python/3.12.1/lib/python3.12/site-packages/airflow/example_dags/example_trigger_target_dag.py
[2026-05-06T23:23:52.475+0000] {processor.py:840} INFO - DAG(s) 'example_trigger_target_dag' retrieved from /usr/local/python/3.12.1/lib/python3.12/site-packages/airflow/example_dags/example_trigger_target_dag.py
[2026-05-06T23:23:52.494+0000] {logging_mixin.py:188} INFO - [2026-05-06T23:23:52.493+0000] {dag.py:3096} INFO - Sync 1 DAGs
[2026-05-06T23:23:52.504+0000] {logging_mixin.py:188} INFO - [2026-05-06T23:23:52.504+0000] {dag.py:3954} INFO - Setting next_dagrun for example_trigger_target_dag to None, run_after=None
[2026-05-06T23:23:52.520+0000] {processor.py:183} INFO - Processing /usr/local/python/3.12.1/lib/python3.12/site-packages/airflow/example_dags/example_trigger_target_dag.py took 0.063 seconds
[2026-05-06T23:24:31.419+0000] {processor.py:161} INFO - Started process (PID=16608) to work on /usr/local/python/3.12.1/lib/python3.12/site-packages/airflow/example_dags/example_trigger_target_dag.py
[2026-05-06T23:24:31.420+0000] {processor.py:830} INFO - Processing file /usr/local/python/3.12.1/lib/python3.12/site-packages/airflow/example_dags/example_trigger_target_dag.py for tasks to queue
[2026-05-06T23:24:31.421+0000] {logging_mixin.py:188} INFO - [2026-05-06T23:24:31.421+0000] {dagbag.py:545} INFO - Filling up the DagBag from /usr/local/python/3.12.1/lib/python3.12/site-packages/airflow/example_dags/example_trigger_target_dag.py
[2026-05-06T23:24:31.426+0000] {processor.py:840} INFO - DAG(s) 'example_trigger_target_dag' retrieved from /usr/local/python/3.12.1/lib/python3.12/site-packages/airflow/example_dags/example_trigger_target_dag.py
[2026-05-06T23:24:31.438+0000] {logging_mixin.py:188} INFO - [2026-05-06T23:24:31.438+0000] {dag.py:3096} INFO - Sync 1 DAGs
[2026-05-06T23:24:31.465+0000] {logging_mixin.py:188} INFO - [2026-05-06T23:24:31.465+0000] {dag.py:3954} INFO - Setting next_dagrun for example_trigger_target_dag to None, run_after=None
[2026-05-06T23:24:31.481+0000] {processor.py:183} INFO - Processing /usr/local/python/3.12.1/lib/python3.12/site-packages/airflow/example_dags/example_trigger_target_dag.py took 0.067 seconds
[2026-05-06T23:25:08.451+0000] {processor.py:161} INFO - Started process (PID=17022) to work on /usr/local/python/3.12.1/lib/python3.12/site-packages/airflow/example_dags/example_trigger_target_dag.py
[2026-05-06T23:25:08.452+0000] {processor.py:830} INFO - Processing file /usr/local/python/3.12.1/lib/python3.12/site-packages/airflow/example_dags/example_trigger_target_dag.py for tasks to queue
[2026-05-06T23:25:08.453+0000] {logging_mixin.py:188} INFO - [2026-05-06T23:25:08.453+0000] {dagbag.py:545} INFO - Filling up the DagBag from /usr/local/python/3.12.1/lib/python3.12/site-packages/airflow/example_dags/example_trigger_target_dag.py
[2026-05-06T23:25:08.458+0000] {processor.py:840} INFO - DAG(s) 'example_trigger_target_dag' retrieved from /usr/local/python/3.12.1/lib/python3.12/site-packages/airflow/example_dags/example_trigger_target_dag.py
[2026-05-06T23:25:08.470+0000] {logging_mixin.py:188} INFO - [2026-05-06T23:25:08.470+0000] {dag.py:3096} INFO - Sync 1 DAGs
[2026-05-06T23:25:08.484+0000] {logging_mixin.py:188} INFO - [2026-05-06T23:25:08.483+0000] {dag.py:3954} INFO - Setting next_dagrun for example_trigger_target_dag to None, run_after=None
[2026-05-06T23:25:08.511+0000] {processor.py:183} INFO - Processing /usr/local/python/3.12.1/lib/python3.12/site-packages/airflow/example_dags/example_trigger_target_dag.py took 0.065 seconds
[2026-05-06T23:25:48.515+0000] {processor.py:161} INFO - Started process (PID=17361) to work on /usr/local/python/3.12.1/lib/python3.12/site-packages/airflow/example_dags/example_trigger_target_dag.py
[2026-05-06T23:25:48.516+0000] {processor.py:830} INFO - Processing file /usr/local/python/3.12.1/lib/python3.12/site-packages/airflow/example_dags/example_trigger_target_dag.py for tasks to queue
[2026-05-06T23:25:48.518+0000] {logging_mixin.py:188} INFO - [2026-05-06T23:25:48.517+0000] {dagbag.py:545} INFO - Filling up the DagBag from /usr/local/python/3.12.1/lib/python3.12/site-packages/airflow/example_dags/example_trigger_target_dag.py
[2026-05-06T23:25:48.523+0000] {processor.py:840} INFO - DAG(s) 'example_trigger_target_dag' retrieved from /usr/local/python/3.12.1/lib/python3.12/site-packages/airflow/example_dags/example_trigger_target_dag.py
[2026-05-06T23:25:48.535+0000] {logging_mixin.py:188} INFO - [2026-05-06T23:25:48.535+0000] {dag.py:3096} INFO - Sync 1 DAGs
[2026-05-06T23:25:48.544+0000] {logging_mixin.py:188} INFO - [2026-05-06T23:25:48.544+0000] {dag.py:3954} INFO - Setting next_dagrun for example_trigger_target_dag to None, run_after=None
[2026-05-06T23:25:48.561+0000] {processor.py:183} INFO - Processing /usr/local/python/3.12.1/lib/python3.12/site-packages/airflow/example_dags/example_trigger_target_dag.py took 0.050 seconds
[2026-05-06T23:26:29.799+0000] {processor.py:161} INFO - Started process (PID=17738) to work on /usr/local/python/3.12.1/lib/python3.12/site-packages/airflow/example_dags/example_trigger_target_dag.py
[2026-05-06T23:26:29.800+0000] {processor.py:830} INFO - Processing file /usr/local/python/3.12.1/lib/python3.12/site-packages/airflow/example_dags/example_trigger_target_dag.py for tasks to queue
[2026-05-06T23:26:29.801+0000] {logging_mixin.py:188} INFO - [2026-05-06T23:26:29.801+0000] {dagbag.py:545} INFO - Filling up the DagBag from /usr/local/python/3.12.1/lib/python3.12/site-packages/airflow/example_dags/example_trigger_target_dag.py
[2026-05-06T23:26:29.807+0000] {processor.py:840} INFO - DAG(s) 'example_trigger_target_dag' retrieved from /usr/local/python/3.12.1/lib/python3.12/site-packages/airflow/example_dags/example_trigger_target_dag.py
[2026-05-06T23:26:29.819+0000] {logging_mixin.py:188} INFO - [2026-05-06T23:26:29.819+0000] {dag.py:3096} INFO - Sync 1 DAGs
[2026-05-06T23:26:29.828+0000] {logging_mixin.py:188} INFO - [2026-05-06T23:26:29.828+0000] {dag.py:3954} INFO - Setting next_dagrun for example_trigger_target_dag to None, run_after=None
[2026-05-06T23:26:29.845+0000] {processor.py:183} INFO - Processing /usr/local/python/3.12.1/lib/python3.12/site-packages/airflow/example_dags/example_trigger_target_dag.py took 0.050 seconds
[2026-05-06T23:27:06.337+0000] {processor.py:161} INFO - Started process (PID=18072) to work on /usr/local/python/3.12.1/lib/python3.12/site-packages/airflow/example_dags/example_trigger_target_dag.py
[2026-05-06T23:27:06.338+0000] {processor.py:830} INFO - Processing file /usr/local/python/3.12.1/lib/python3.12/site-packages/airflow/example_dags/example_trigger_target_dag.py for tasks to queue
[2026-05-06T23:27:06.339+0000] {logging_mixin.py:188} INFO - [2026-05-06T23:27:06.339+0000] {dagbag.py:545} INFO - Filling up the DagBag from /usr/local/python/3.12.1/lib/python3.12/site-packages/airflow/example_dags/example_trigger_target_dag.py
[2026-05-06T23:27:06.344+0000] {processor.py:840} INFO - DAG(s) 'example_trigger_target_dag' retrieved from /usr/local/python/3.12.1/lib/python3.12/site-packages/airflow/example_dags/example_trigger_target_dag.py
[2026-05-06T23:27:06.356+0000] {logging_mixin.py:188} INFO - [2026-05-06T23:27:06.356+0000] {dag.py:3096} INFO - Sync 1 DAGs
[2026-05-06T23:27:06.366+0000] {logging_mixin.py:188} INFO - [2026-05-06T23:27:06.366+0000] {dag.py:3954} INFO - Setting next_dagrun for example_trigger_target_dag to None, run_after=None
[2026-05-06T23:27:06.382+0000] {processor.py:183} INFO - Processing /usr/local/python/3.12.1/lib/python3.12/site-packages/airflow/example_dags/example_trigger_target_dag.py took 0.049 seconds
[2026-05-06T23:27:45.355+0000] {processor.py:161} INFO - Started process (PID=18498) to work on /usr/local/python/3.12.1/lib/python3.12/site-packages/airflow/example_dags/example_trigger_target_dag.py
[2026-05-06T23:27:45.356+0000] {processor.py:830} INFO - Processing file /usr/local/python/3.12.1/lib/python3.12/site-packages/airflow/example_dags/example_trigger_target_dag.py for tasks to queue
[2026-05-06T23:27:45.357+0000] {logging_mixin.py:188} INFO - [2026-05-06T23:27:45.357+0000] {dagbag.py:545} INFO - Filling up the DagBag from /usr/local/python/3.12.1/lib/python3.12/site-packages/airflow/example_dags/example_trigger_target_dag.py
[2026-05-06T23:27:45.362+0000] {processor.py:840} INFO - DAG(s) 'example_trigger_target_dag' retrieved from /usr/local/python/3.12.1/lib/python3.12/site-packages/airflow/example_dags/example_trigger_target_dag.py
[2026-05-06T23:27:45.374+0000] {logging_mixin.py:188} INFO - [2026-05-06T23:27:45.374+0000] {dag.py:3096} INFO - Sync 1 DAGs
[2026-05-06T23:27:45.383+0000] {logging_mixin.py:188} INFO - [2026-05-06T23:27:45.383+0000] {dag.py:3954} INFO - Setting next_dagrun for example_trigger_target_dag to None, run_after=None
[2026-05-06T23:27:45.400+0000] {processor.py:183} INFO - Processing /usr/local/python/3.12.1/lib/python3.12/site-packages/airflow/example_dags/example_trigger_target_dag.py took 0.050 seconds
[2026-05-06T23:28:25.645+0000] {processor.py:161} INFO - Started process (PID=18831) to work on /usr/local/python/3.12.1/lib/python3.12/site-packages/airflow/example_dags/example_trigger_target_dag.py
[2026-05-06T23:28:25.646+0000] {processor.py:830} INFO - Processing file /usr/local/python/3.12.1/lib/python3.12/site-packages/airflow/example_dags/example_trigger_target_dag.py for tasks to queue
[2026-05-06T23:28:25.647+0000] {logging_mixin.py:188} INFO - [2026-05-06T23:28:25.647+0000] {dagbag.py:545} INFO - Filling up the DagBag from /usr/local/python/3.12.1/lib/python3.12/site-packages/airflow/example_dags/example_trigger_target_dag.py
[2026-05-06T23:28:25.653+0000] {processor.py:840} INFO - DAG(s) 'example_trigger_target_dag' retrieved from /usr/local/python/3.12.1/lib/python3.12/site-packages/airflow/example_dags/example_trigger_target_dag.py
[2026-05-06T23:28:25.665+0000] {logging_mixin.py:188} INFO - [2026-05-06T23:28:25.665+0000] {dag.py:3096} INFO - Sync 1 DAGs
[2026-05-06T23:28:25.763+0000] {logging_mixin.py:188} INFO - [2026-05-06T23:28:25.763+0000] {dag.py:3954} INFO - Setting next_dagrun for example_trigger_target_dag to None, run_after=None
[2026-05-06T23:28:25.778+0000] {processor.py:183} INFO - Processing /usr/local/python/3.12.1/lib/python3.12/site-packages/airflow/example_dags/example_trigger_target_dag.py took 0.138 seconds
[2026-05-06T23:31:34.638+0000] {processor.py:161} INFO - Started process (PID=20670) to work on /usr/local/python/3.12.1/lib/python3.12/site-packages/airflow/example_dags/example_trigger_target_dag.py
[2026-05-06T23:31:34.638+0000] {processor.py:830} INFO - Processing file /usr/local/python/3.12.1/lib/python3.12/site-packages/airflow/example_dags/example_trigger_target_dag.py for tasks to queue
[2026-05-06T23:31:34.640+0000] {logging_mixin.py:188} INFO - [2026-05-06T23:31:34.639+0000] {dagbag.py:545} INFO - Filling up the DagBag from /usr/local/python/3.12.1/lib/python3.12/site-packages/airflow/example_dags/example_trigger_target_dag.py
[2026-05-06T23:31:34.646+0000] {processor.py:840} INFO - DAG(s) 'example_trigger_target_dag' retrieved from /usr/local/python/3.12.1/lib/python3.12/site-packages/airflow/example_dags/example_trigger_target_dag.py
[2026-05-06T23:31:34.660+0000] {logging_mixin.py:188} INFO - [2026-05-06T23:31:34.660+0000] {dag.py:3096} INFO - Sync 1 DAGs
[2026-05-06T23:31:34.669+0000] {logging_mixin.py:188} INFO - [2026-05-06T23:31:34.669+0000] {dag.py:3954} INFO - Setting next_dagrun for example_trigger_target_dag to None, run_after=None
[2026-05-06T23:31:34.685+0000] {processor.py:183} INFO - Processing /usr/local/python/3.12.1/lib/python3.12/site-packages/airflow/example_dags/example_trigger_target_dag.py took 0.052 seconds
[2026-05-06T23:32:22.653+0000] {processor.py:161} INFO - Started process (PID=21036) to work on /usr/local/python/3.12.1/lib/python3.12/site-packages/airflow/example_dags/example_trigger_target_dag.py
[2026-05-06T23:32:22.654+0000] {processor.py:830} INFO - Processing file /usr/local/python/3.12.1/lib/python3.12/site-packages/airflow/example_dags/example_trigger_target_dag.py for tasks to queue
[2026-05-06T23:32:22.655+0000] {logging_mixin.py:188} INFO - [2026-05-06T23:32:22.655+0000] {dagbag.py:545} INFO - Filling up the DagBag from /usr/local/python/3.12.1/lib/python3.12/site-packages/airflow/example_dags/example_trigger_target_dag.py
[2026-05-06T23:32:22.661+0000] {processor.py:840} INFO - DAG(s) 'example_trigger_target_dag' retrieved from /usr/local/python/3.12.1/lib/python3.12/site-packages/airflow/example_dags/example_trigger_target_dag.py
[2026-05-06T23:32:22.673+0000] {logging_mixin.py:188} INFO - [2026-05-06T23:32:22.673+0000] {dag.py:3096} INFO - Sync 1 DAGs
[2026-05-06T23:32:22.683+0000] {logging_mixin.py:188} INFO - [2026-05-06T23:32:22.683+0000] {dag.py:3954} INFO - Setting next_dagrun for example_trigger_target_dag to None, run_after=None
[2026-05-06T23:32:22.699+0000] {processor.py:183} INFO - Processing /usr/local/python/3.12.1/lib/python3.12/site-packages/airflow/example_dags/example_trigger_target_dag.py took 0.051 seconds
[2026-05-06T23:33:13.283+0000] {processor.py:161} INFO - Started process (PID=21431) to work on /usr/local/python/3.12.1/lib/python3.12/site-packages/airflow/example_dags/example_trigger_target_dag.py
[2026-05-06T23:33:13.284+0000] {processor.py:830} INFO - Processing file /usr/local/python/3.12.1/lib/python3.12/site-packages/airflow/example_dags/example_trigger_target_dag.py for tasks to queue
[2026-05-06T23:33:13.285+0000] {logging_mixin.py:188} INFO - [2026-05-06T23:33:13.285+0000] {dagbag.py:545} INFO - Filling up the DagBag from /usr/local/python/3.12.1/lib/python3.12/site-packages/airflow/example_dags/example_trigger_target_dag.py
[2026-05-06T23:33:13.290+0000] {processor.py:840} INFO - DAG(s) 'example_trigger_target_dag' retrieved from /usr/local/python/3.12.1/lib/python3.12/site-packages/airflow/example_dags/example_trigger_target_dag.py
[2026-05-06T23:33:13.302+0000] {logging_mixin.py:188} INFO - [2026-05-06T23:33:13.302+0000] {dag.py:3096} INFO - Sync 1 DAGs
[2026-05-06T23:33:13.312+0000] {logging_mixin.py:188} INFO - [2026-05-06T23:33:13.311+0000] {dag.py:3954} INFO - Setting next_dagrun for example_trigger_target_dag to None, run_after=None
[2026-05-06T23:33:13.329+0000] {processor.py:183} INFO - Processing /usr/local/python/3.12.1/lib/python3.12/site-packages/airflow/example_dags/example_trigger_target_dag.py took 0.050 seconds
[2026-05-06T23:33:51.120+0000] {processor.py:161} INFO - Started process (PID=21732) to work on /usr/local/python/3.12.1/lib/python3.12/site-packages/airflow/example_dags/example_trigger_target_dag.py
[2026-05-06T23:33:51.122+0000] {processor.py:830} INFO - Processing file /usr/local/python/3.12.1/lib/python3.12/site-packages/airflow/example_dags/example_trigger_target_dag.py for tasks to queue
[2026-05-06T23:33:51.125+0000] {logging_mixin.py:188} INFO - [2026-05-06T23:33:51.125+0000] {dagbag.py:545} INFO - Filling up the DagBag from /usr/local/python/3.12.1/lib/python3.12/site-packages/airflow/example_dags/example_trigger_target_dag.py
[2026-05-06T23:33:51.130+0000] {processor.py:840} INFO - DAG(s) 'example_trigger_target_dag' retrieved from /usr/local/python/3.12.1/lib/python3.12/site-packages/airflow/example_dags/example_trigger_target_dag.py
[2026-05-06T23:33:51.144+0000] {logging_mixin.py:188} INFO - [2026-05-06T23:33:51.144+0000] {dag.py:3096} INFO - Sync 1 DAGs
[2026-05-06T23:33:51.153+0000] {logging_mixin.py:188} INFO - [2026-05-06T23:33:51.153+0000] {dag.py:3954} INFO - Setting next_dagrun for example_trigger_target_dag to None, run_after=None
[2026-05-06T23:33:51.171+0000] {processor.py:183} INFO - Processing /usr/local/python/3.12.1/lib/python3.12/site-packages/airflow/example_dags/example_trigger_target_dag.py took 0.061 seconds
[2026-05-06T23:34:31.652+0000] {processor.py:161} INFO - Started process (PID=22055) to work on /usr/local/python/3.12.1/lib/python3.12/site-packages/airflow/example_dags/example_trigger_target_dag.py
[2026-05-06T23:34:31.653+0000] {processor.py:830} INFO - Processing file /usr/local/python/3.12.1/lib/python3.12/site-packages/airflow/example_dags/example_trigger_target_dag.py for tasks to queue
[2026-05-06T23:34:31.655+0000] {logging_mixin.py:188} INFO - [2026-05-06T23:34:31.654+0000] {dagbag.py:545} INFO - Filling up the DagBag from /usr/local/python/3.12.1/lib/python3.12/site-packages/airflow/example_dags/example_trigger_target_dag.py
[2026-05-06T23:34:31.660+0000] {processor.py:840} INFO - DAG(s) 'example_trigger_target_dag' retrieved from /usr/local/python/3.12.1/lib/python3.12/site-packages/airflow/example_dags/example_trigger_target_dag.py
[2026-05-06T23:34:31.672+0000] {logging_mixin.py:188} INFO - [2026-05-06T23:34:31.672+0000] {dag.py:3096} INFO - Sync 1 DAGs
[2026-05-06T23:34:31.681+0000] {logging_mixin.py:188} INFO - [2026-05-06T23:34:31.681+0000] {dag.py:3954} INFO - Setting next_dagrun for example_trigger_target_dag to None, run_after=None
[2026-05-06T23:34:31.698+0000] {processor.py:183} INFO - Processing /usr/local/python/3.12.1/lib/python3.12/site-packages/airflow/example_dags/example_trigger_target_dag.py took 0.051 seconds
[2026-05-06T23:35:08.979+0000] {processor.py:161} INFO - Started process (PID=22362) to work on /usr/local/python/3.12.1/lib/python3.12/site-packages/airflow/example_dags/example_trigger_target_dag.py
[2026-05-06T23:35:08.980+0000] {processor.py:830} INFO - Processing file /usr/local/python/3.12.1/lib/python3.12/site-packages/airflow/example_dags/example_trigger_target_dag.py for tasks to queue
[2026-05-06T23:35:08.981+0000] {logging_mixin.py:188} INFO - [2026-05-06T23:35:08.981+0000] {dagbag.py:545} INFO - Filling up the DagBag from /usr/local/python/3.12.1/lib/python3.12/site-packages/airflow/example_dags/example_trigger_target_dag.py
[2026-05-06T23:35:08.986+0000] {processor.py:840} INFO - DAG(s) 'example_trigger_target_dag' retrieved from /usr/local/python/3.12.1/lib/python3.12/site-packages/airflow/example_dags/example_trigger_target_dag.py
[2026-05-06T23:35:08.999+0000] {logging_mixin.py:188} INFO - [2026-05-06T23:35:08.999+0000] {dag.py:3096} INFO - Sync 1 DAGs
[2026-05-06T23:35:09.008+0000] {logging_mixin.py:188} INFO - [2026-05-06T23:35:09.008+0000] {dag.py:3954} INFO - Setting next_dagrun for example_trigger_target_dag to None, run_after=None
[2026-05-06T23:35:09.024+0000] {processor.py:183} INFO - Processing /usr/local/python/3.12.1/lib/python3.12/site-packages/airflow/example_dags/example_trigger_target_dag.py took 0.050 seconds
[2026-05-06T23:35:48.044+0000] {processor.py:161} INFO - Started process (PID=22671) to work on /usr/local/python/3.12.1/lib/python3.12/site-packages/airflow/example_dags/example_trigger_target_dag.py
[2026-05-06T23:35:48.045+0000] {processor.py:830} INFO - Processing file /usr/local/python/3.12.1/lib/python3.12/site-packages/airflow/example_dags/example_trigger_target_dag.py for tasks to queue
[2026-05-06T23:35:48.047+0000] {logging_mixin.py:188} INFO - [2026-05-06T23:35:48.046+0000] {dagbag.py:545} INFO - Filling up the DagBag from /usr/local/python/3.12.1/lib/python3.12/site-packages/airflow/example_dags/example_trigger_target_dag.py
[2026-05-06T23:35:48.052+0000] {processor.py:840} INFO - DAG(s) 'example_trigger_target_dag' retrieved from /usr/local/python/3.12.1/lib/python3.12/site-packages/airflow/example_dags/example_trigger_target_dag.py
[2026-05-06T23:35:48.064+0000] {logging_mixin.py:188} INFO - [2026-05-06T23:35:48.064+0000] {dag.py:3096} INFO - Sync 1 DAGs
[2026-05-06T23:35:48.073+0000] {logging_mixin.py:188} INFO - [2026-05-06T23:35:48.073+0000] {dag.py:3954} INFO - Setting next_dagrun for example_trigger_target_dag to None, run_after=None
[2026-05-06T23:35:48.090+0000] {processor.py:183} INFO - Processing /usr/local/python/3.12.1/lib/python3.12/site-packages/airflow/example_dags/example_trigger_target_dag.py took 0.050 seconds
[2026-05-06T23:36:26.325+0000] {processor.py:161} INFO - Started process (PID=22954) to work on /usr/local/python/3.12.1/lib/python3.12/site-packages/airflow/example_dags/example_trigger_target_dag.py
[2026-05-06T23:36:26.326+0000] {processor.py:830} INFO - Processing file /usr/local/python/3.12.1/lib/python3.12/site-packages/airflow/example_dags/example_trigger_target_dag.py for tasks to queue
[2026-05-06T23:36:26.328+0000] {logging_mixin.py:188} INFO - [2026-05-06T23:36:26.328+0000] {dagbag.py:545} INFO - Filling up the DagBag from /usr/local/python/3.12.1/lib/python3.12/site-packages/airflow/example_dags/example_trigger_target_dag.py
[2026-05-06T23:36:26.335+0000] {processor.py:840} INFO - DAG(s) 'example_trigger_target_dag' retrieved from /usr/local/python/3.12.1/lib/python3.12/site-packages/airflow/example_dags/example_trigger_target_dag.py
[2026-05-06T23:36:26.355+0000] {logging_mixin.py:188} INFO - [2026-05-06T23:36:26.355+0000] {dag.py:3096} INFO - Sync 1 DAGs
[2026-05-06T23:36:26.365+0000] {logging_mixin.py:188} INFO - [2026-05-06T23:36:26.364+0000] {dag.py:3954} INFO - Setting next_dagrun for example_trigger_target_dag to None, run_after=None
[2026-05-06T23:36:26.381+0000] {processor.py:183} INFO - Processing /usr/local/python/3.12.1/lib/python3.12/site-packages/airflow/example_dags/example_trigger_target_dag.py took 0.066 seconds
[2026-05-06T23:37:04.377+0000] {processor.py:161} INFO - Started process (PID=23250) to work on /usr/local/python/3.12.1/lib/python3.12/site-packages/airflow/example_dags/example_trigger_target_dag.py
[2026-05-06T23:37:04.378+0000] {processor.py:830} INFO - Processing file /usr/local/python/3.12.1/lib/python3.12/site-packages/airflow/example_dags/example_trigger_target_dag.py for tasks to queue
[2026-05-06T23:37:04.380+0000] {logging_mixin.py:188} INFO - [2026-05-06T23:37:04.379+0000] {dagbag.py:545} INFO - Filling up the DagBag from /usr/local/python/3.12.1/lib/python3.12/site-packages/airflow/example_dags/example_trigger_target_dag.py
[2026-05-06T23:37:04.386+0000] {processor.py:840} INFO - DAG(s) 'example_trigger_target_dag' retrieved from /usr/local/python/3.12.1/lib/python3.12/site-packages/airflow/example_dags/example_trigger_target_dag.py
[2026-05-06T23:37:04.399+0000] {logging_mixin.py:188} INFO - [2026-05-06T23:37:04.399+0000] {dag.py:3096} INFO - Sync 1 DAGs
[2026-05-06T23:37:04.409+0000] {logging_mixin.py:188} INFO - [2026-05-06T23:37:04.409+0000] {dag.py:3954} INFO - Setting next_dagrun for example_trigger_target_dag to None, run_after=None
[2026-05-06T23:37:04.428+0000] {processor.py:183} INFO - Processing /usr/local/python/3.12.1/lib/python3.12/site-packages/airflow/example_dags/example_trigger_target_dag.py took 0.056 seconds
[2026-05-06T23:37:44.541+0000] {processor.py:161} INFO - Started process (PID=23572) to work on /usr/local/python/3.12.1/lib/python3.12/site-packages/airflow/example_dags/example_trigger_target_dag.py
[2026-05-06T23:37:44.542+0000] {processor.py:830} INFO - Processing file /usr/local/python/3.12.1/lib/python3.12/site-packages/airflow/example_dags/example_trigger_target_dag.py for tasks to queue
[2026-05-06T23:37:44.543+0000] {logging_mixin.py:188} INFO - [2026-05-06T23:37:44.543+0000] {dagbag.py:545} INFO - Filling up the DagBag from /usr/local/python/3.12.1/lib/python3.12/site-packages/airflow/example_dags/example_trigger_target_dag.py
[2026-05-06T23:37:44.549+0000] {processor.py:840} INFO - DAG(s) 'example_trigger_target_dag' retrieved from /usr/local/python/3.12.1/lib/python3.12/site-packages/airflow/example_dags/example_trigger_target_dag.py
[2026-05-06T23:37:44.562+0000] {logging_mixin.py:188} INFO - [2026-05-06T23:37:44.562+0000] {dag.py:3096} INFO - Sync 1 DAGs
[2026-05-06T23:37:44.572+0000] {logging_mixin.py:188} INFO - [2026-05-06T23:37:44.571+0000] {dag.py:3954} INFO - Setting next_dagrun for example_trigger_target_dag to None, run_after=None
[2026-05-06T23:37:44.691+0000] {processor.py:183} INFO - Processing /usr/local/python/3.12.1/lib/python3.12/site-packages/airflow/example_dags/example_trigger_target_dag.py took 0.155 seconds
[2026-05-06T23:38:22.595+0000] {processor.py:161} INFO - Started process (PID=23869) to work on /usr/local/python/3.12.1/lib/python3.12/site-packages/airflow/example_dags/example_trigger_target_dag.py
[2026-05-06T23:38:22.595+0000] {processor.py:830} INFO - Processing file /usr/local/python/3.12.1/lib/python3.12/site-packages/airflow/example_dags/example_trigger_target_dag.py for tasks to queue
[2026-05-06T23:38:22.597+0000] {logging_mixin.py:188} INFO - [2026-05-06T23:38:22.596+0000] {dagbag.py:545} INFO - Filling up the DagBag from /usr/local/python/3.12.1/lib/python3.12/site-packages/airflow/example_dags/example_trigger_target_dag.py
[2026-05-06T23:38:22.602+0000] {processor.py:840} INFO - DAG(s) 'example_trigger_target_dag' retrieved from /usr/local/python/3.12.1/lib/python3.12/site-packages/airflow/example_dags/example_trigger_target_dag.py
[2026-05-06T23:38:22.615+0000] {logging_mixin.py:188} INFO - [2026-05-06T23:38:22.615+0000] {dag.py:3096} INFO - Sync 1 DAGs
[2026-05-06T23:38:22.625+0000] {logging_mixin.py:188} INFO - [2026-05-06T23:38:22.624+0000] {dag.py:3954} INFO - Setting next_dagrun for example_trigger_target_dag to None, run_after=None
[2026-05-06T23:38:22.643+0000] {processor.py:183} INFO - Processing /usr/local/python/3.12.1/lib/python3.12/site-packages/airflow/example_dags/example_trigger_target_dag.py took 0.053 seconds
[2026-05-06T23:39:00.465+0000] {processor.py:161} INFO - Started process (PID=24174) to work on /usr/local/python/3.12.1/lib/python3.12/site-packages/airflow/example_dags/example_trigger_target_dag.py
[2026-05-06T23:39:00.465+0000] {processor.py:830} INFO - Processing file /usr/local/python/3.12.1/lib/python3.12/site-packages/airflow/example_dags/example_trigger_target_dag.py for tasks to queue
[2026-05-06T23:39:00.467+0000] {logging_mixin.py:188} INFO - [2026-05-06T23:39:00.466+0000] {dagbag.py:545} INFO - Filling up the DagBag from /usr/local/python/3.12.1/lib/python3.12/site-packages/airflow/example_dags/example_trigger_target_dag.py
[2026-05-06T23:39:00.472+0000] {processor.py:840} INFO - DAG(s) 'example_trigger_target_dag' retrieved from /usr/local/python/3.12.1/lib/python3.12/site-packages/airflow/example_dags/example_trigger_target_dag.py
[2026-05-06T23:39:00.485+0000] {logging_mixin.py:188} INFO - [2026-05-06T23:39:00.485+0000] {dag.py:3096} INFO - Sync 1 DAGs
[2026-05-06T23:39:00.495+0000] {logging_mixin.py:188} INFO - [2026-05-06T23:39:00.494+0000] {dag.py:3954} INFO - Setting next_dagrun for example_trigger_target_dag to None, run_after=None
[2026-05-06T23:39:00.618+0000] {processor.py:183} INFO - Processing /usr/local/python/3.12.1/lib/python3.12/site-packages/airflow/example_dags/example_trigger_target_dag.py took 0.158 seconds
[2026-05-06T23:39:40.375+0000] {processor.py:161} INFO - Started process (PID=24468) to work on /usr/local/python/3.12.1/lib/python3.12/site-packages/airflow/example_dags/example_trigger_target_dag.py
[2026-05-06T23:39:40.376+0000] {processor.py:830} INFO - Processing file /usr/local/python/3.12.1/lib/python3.12/site-packages/airflow/example_dags/example_trigger_target_dag.py for tasks to queue
[2026-05-06T23:39:40.378+0000] {logging_mixin.py:188} INFO - [2026-05-06T23:39:40.377+0000] {dagbag.py:545} INFO - Filling up the DagBag from /usr/local/python/3.12.1/lib/python3.12/site-packages/airflow/example_dags/example_trigger_target_dag.py
[2026-05-06T23:39:40.383+0000] {processor.py:840} INFO - DAG(s) 'example_trigger_target_dag' retrieved from /usr/local/python/3.12.1/lib/python3.12/site-packages/airflow/example_dags/example_trigger_target_dag.py
[2026-05-06T23:39:40.396+0000] {logging_mixin.py:188} INFO - [2026-05-06T23:39:40.396+0000] {dag.py:3096} INFO - Sync 1 DAGs
[2026-05-06T23:39:40.406+0000] {logging_mixin.py:188} INFO - [2026-05-06T23:39:40.406+0000] {dag.py:3954} INFO - Setting next_dagrun for example_trigger_target_dag to None, run_after=None
[2026-05-06T23:39:40.423+0000] {processor.py:183} INFO - Processing /usr/local/python/3.12.1/lib/python3.12/site-packages/airflow/example_dags/example_trigger_target_dag.py took 0.052 seconds
[2026-05-06T23:40:19.222+0000] {processor.py:161} INFO - Started process (PID=24773) to work on /usr/local/python/3.12.1/lib/python3.12/site-packages/airflow/example_dags/example_trigger_target_dag.py
[2026-05-06T23:40:19.223+0000] {processor.py:830} INFO - Processing file /usr/local/python/3.12.1/lib/python3.12/site-packages/airflow/example_dags/example_trigger_target_dag.py for tasks to queue
[2026-05-06T23:40:19.224+0000] {logging_mixin.py:188} INFO - [2026-05-06T23:40:19.224+0000] {dagbag.py:545} INFO - Filling up the DagBag from /usr/local/python/3.12.1/lib/python3.12/site-packages/airflow/example_dags/example_trigger_target_dag.py
[2026-05-06T23:40:19.229+0000] {processor.py:840} INFO - DAG(s) 'example_trigger_target_dag' retrieved from /usr/local/python/3.12.1/lib/python3.12/site-packages/airflow/example_dags/example_trigger_target_dag.py
[2026-05-06T23:40:19.242+0000] {logging_mixin.py:188} INFO - [2026-05-06T23:40:19.242+0000] {dag.py:3096} INFO - Sync 1 DAGs
[2026-05-06T23:40:19.254+0000] {logging_mixin.py:188} INFO - [2026-05-06T23:40:19.253+0000] {dag.py:3954} INFO - Setting next_dagrun for example_trigger_target_dag to None, run_after=None
[2026-05-06T23:40:19.390+0000] {processor.py:183} INFO - Processing /usr/local/python/3.12.1/lib/python3.12/site-packages/airflow/example_dags/example_trigger_target_dag.py took 0.173 seconds
[2026-05-06T23:41:01.870+0000] {processor.py:161} INFO - Started process (PID=25106) to work on /usr/local/python/3.12.1/lib/python3.12/site-packages/airflow/example_dags/example_trigger_target_dag.py
[2026-05-06T23:41:01.871+0000] {processor.py:830} INFO - Processing file /usr/local/python/3.12.1/lib/python3.12/site-packages/airflow/example_dags/example_trigger_target_dag.py for tasks to queue
[2026-05-06T23:41:01.873+0000] {logging_mixin.py:188} INFO - [2026-05-06T23:41:01.873+0000] {dagbag.py:545} INFO - Filling up the DagBag from /usr/local/python/3.12.1/lib/python3.12/site-packages/airflow/example_dags/example_trigger_target_dag.py
[2026-05-06T23:41:01.885+0000] {processor.py:840} INFO - DAG(s) 'example_trigger_target_dag' retrieved from /usr/local/python/3.12.1/lib/python3.12/site-packages/airflow/example_dags/example_trigger_target_dag.py
[2026-05-06T23:41:01.906+0000] {logging_mixin.py:188} INFO - [2026-05-06T23:41:01.906+0000] {dag.py:3096} INFO - Sync 1 DAGs
[2026-05-06T23:41:01.922+0000] {logging_mixin.py:188} INFO - [2026-05-06T23:41:01.921+0000] {dag.py:3954} INFO - Setting next_dagrun for example_trigger_target_dag to None, run_after=None
[2026-05-06T23:41:01.947+0000] {processor.py:183} INFO - Processing /usr/local/python/3.12.1/lib/python3.12/site-packages/airflow/example_dags/example_trigger_target_dag.py took 0.083 seconds
[2026-05-06T23:41:39.279+0000] {processor.py:161} INFO - Started process (PID=25401) to work on /usr/local/python/3.12.1/lib/python3.12/site-packages/airflow/example_dags/example_trigger_target_dag.py
[2026-05-06T23:41:39.280+0000] {processor.py:830} INFO - Processing file /usr/local/python/3.12.1/lib/python3.12/site-packages/airflow/example_dags/example_trigger_target_dag.py for tasks to queue
[2026-05-06T23:41:39.281+0000] {logging_mixin.py:188} INFO - [2026-05-06T23:41:39.281+0000] {dagbag.py:545} INFO - Filling up the DagBag from /usr/local/python/3.12.1/lib/python3.12/site-packages/airflow/example_dags/example_trigger_target_dag.py
[2026-05-06T23:41:39.286+0000] {processor.py:840} INFO - DAG(s) 'example_trigger_target_dag' retrieved from /usr/local/python/3.12.1/lib/python3.12/site-packages/airflow/example_dags/example_trigger_target_dag.py
[2026-05-06T23:41:39.299+0000] {logging_mixin.py:188} INFO - [2026-05-06T23:41:39.299+0000] {dag.py:3096} INFO - Sync 1 DAGs
[2026-05-06T23:41:39.406+0000] {logging_mixin.py:188} INFO - [2026-05-06T23:41:39.405+0000] {dag.py:3954} INFO - Setting next_dagrun for example_trigger_target_dag to None, run_after=None
[2026-05-06T23:41:39.422+0000] {processor.py:183} INFO - Processing /usr/local/python/3.12.1/lib/python3.12/site-packages/airflow/example_dags/example_trigger_target_dag.py took 0.148 seconds
[2026-05-06T23:42:20.541+0000] {processor.py:161} INFO - Started process (PID=25710) to work on /usr/local/python/3.12.1/lib/python3.12/site-packages/airflow/example_dags/example_trigger_target_dag.py
[2026-05-06T23:42:20.541+0000] {processor.py:830} INFO - Processing file /usr/local/python/3.12.1/lib/python3.12/site-packages/airflow/example_dags/example_trigger_target_dag.py for tasks to queue
[2026-05-06T23:42:20.543+0000] {logging_mixin.py:188} INFO - [2026-05-06T23:42:20.543+0000] {dagbag.py:545} INFO - Filling up the DagBag from /usr/local/python/3.12.1/lib/python3.12/site-packages/airflow/example_dags/example_trigger_target_dag.py
[2026-05-06T23:42:20.549+0000] {processor.py:840} INFO - DAG(s) 'example_trigger_target_dag' retrieved from /usr/local/python/3.12.1/lib/python3.12/site-packages/airflow/example_dags/example_trigger_target_dag.py
[2026-05-06T23:42:20.562+0000] {logging_mixin.py:188} INFO - [2026-05-06T23:42:20.561+0000] {dag.py:3096} INFO - Sync 1 DAGs
[2026-05-06T23:42:20.571+0000] {logging_mixin.py:188} INFO - [2026-05-06T23:42:20.571+0000] {dag.py:3954} INFO - Setting next_dagrun for example_trigger_target_dag to None, run_after=None
[2026-05-06T23:42:20.589+0000] {processor.py:183} INFO - Processing /usr/local/python/3.12.1/lib/python3.12/site-packages/airflow/example_dags/example_trigger_target_dag.py took 0.054 seconds
[2026-05-06T23:43:01.859+0000] {processor.py:161} INFO - Started process (PID=26030) to work on /usr/local/python/3.12.1/lib/python3.12/site-packages/airflow/example_dags/example_trigger_target_dag.py
[2026-05-06T23:43:01.860+0000] {processor.py:830} INFO - Processing file /usr/local/python/3.12.1/lib/python3.12/site-packages/airflow/example_dags/example_trigger_target_dag.py for tasks to queue
[2026-05-06T23:43:01.862+0000] {logging_mixin.py:188} INFO - [2026-05-06T23:43:01.861+0000] {dagbag.py:545} INFO - Filling up the DagBag from /usr/local/python/3.12.1/lib/python3.12/site-packages/airflow/example_dags/example_trigger_target_dag.py
[2026-05-06T23:43:01.867+0000] {processor.py:840} INFO - DAG(s) 'example_trigger_target_dag' retrieved from /usr/local/python/3.12.1/lib/python3.12/site-packages/airflow/example_dags/example_trigger_target_dag.py
[2026-05-06T23:43:01.881+0000] {logging_mixin.py:188} INFO - [2026-05-06T23:43:01.881+0000] {dag.py:3096} INFO - Sync 1 DAGs
[2026-05-06T23:43:01.890+0000] {logging_mixin.py:188} INFO - [2026-05-06T23:43:01.890+0000] {dag.py:3954} INFO - Setting next_dagrun for example_trigger_target_dag to None, run_after=None
[2026-05-06T23:43:01.908+0000] {processor.py:183} INFO - Processing /usr/local/python/3.12.1/lib/python3.12/site-packages/airflow/example_dags/example_trigger_target_dag.py took 0.054 seconds
[2026-05-06T23:43:42.682+0000] {processor.py:161} INFO - Started process (PID=26346) to work on /usr/local/python/3.12.1/lib/python3.12/site-packages/airflow/example_dags/example_trigger_target_dag.py
[2026-05-06T23:43:42.682+0000] {processor.py:830} INFO - Processing file /usr/local/python/3.12.1/lib/python3.12/site-packages/airflow/example_dags/example_trigger_target_dag.py for tasks to queue
[2026-05-06T23:43:42.684+0000] {logging_mixin.py:188} INFO - [2026-05-06T23:43:42.684+0000] {dagbag.py:545} INFO - Filling up the DagBag from /usr/local/python/3.12.1/lib/python3.12/site-packages/airflow/example_dags/example_trigger_target_dag.py
[2026-05-06T23:43:42.689+0000] {processor.py:840} INFO - DAG(s) 'example_trigger_target_dag' retrieved from /usr/local/python/3.12.1/lib/python3.12/site-packages/airflow/example_dags/example_trigger_target_dag.py
[2026-05-06T23:43:42.702+0000] {logging_mixin.py:188} INFO - [2026-05-06T23:43:42.702+0000] {dag.py:3096} INFO - Sync 1 DAGs
[2026-05-06T23:43:42.712+0000] {logging_mixin.py:188} INFO - [2026-05-06T23:43:42.711+0000] {dag.py:3954} INFO - Setting next_dagrun for example_trigger_target_dag to None, run_after=None
[2026-05-06T23:43:42.728+0000] {processor.py:183} INFO - Processing /usr/local/python/3.12.1/lib/python3.12/site-packages/airflow/example_dags/example_trigger_target_dag.py took 0.052 seconds
[2026-05-06T23:44:20.371+0000] {processor.py:161} INFO - Started process (PID=26647) to work on /usr/local/python/3.12.1/lib/python3.12/site-packages/airflow/example_dags/example_trigger_target_dag.py
[2026-05-06T23:44:20.372+0000] {processor.py:830} INFO - Processing file /usr/local/python/3.12.1/lib/python3.12/site-packages/airflow/example_dags/example_trigger_target_dag.py for tasks to queue
[2026-05-06T23:44:20.374+0000] {logging_mixin.py:188} INFO - [2026-05-06T23:44:20.373+0000] {dagbag.py:545} INFO - Filling up the DagBag from /usr/local/python/3.12.1/lib/python3.12/site-packages/airflow/example_dags/example_trigger_target_dag.py
[2026-05-06T23:44:20.379+0000] {processor.py:840} INFO - DAG(s) 'example_trigger_target_dag' retrieved from /usr/local/python/3.12.1/lib/python3.12/site-packages/airflow/example_dags/example_trigger_target_dag.py
[2026-05-06T23:44:20.392+0000] {logging_mixin.py:188} INFO - [2026-05-06T23:44:20.392+0000] {dag.py:3096} INFO - Sync 1 DAGs
[2026-05-06T23:44:20.402+0000] {logging_mixin.py:188} INFO - [2026-05-06T23:44:20.402+0000] {dag.py:3954} INFO - Setting next_dagrun for example_trigger_target_dag to None, run_after=None
[2026-05-06T23:44:20.420+0000] {processor.py:183} INFO - Processing /usr/local/python/3.12.1/lib/python3.12/site-packages/airflow/example_dags/example_trigger_target_dag.py took 0.053 seconds
[2026-05-06T23:44:58.693+0000] {processor.py:161} INFO - Started process (PID=26947) to work on /usr/local/python/3.12.1/lib/python3.12/site-packages/airflow/example_dags/example_trigger_target_dag.py
[2026-05-06T23:44:58.694+0000] {processor.py:830} INFO - Processing file /usr/local/python/3.12.1/lib/python3.12/site-packages/airflow/example_dags/example_trigger_target_dag.py for tasks to queue
[2026-05-06T23:44:58.695+0000] {logging_mixin.py:188} INFO - [2026-05-06T23:44:58.695+0000] {dagbag.py:545} INFO - Filling up the DagBag from /usr/local/python/3.12.1/lib/python3.12/site-packages/airflow/example_dags/example_trigger_target_dag.py
[2026-05-06T23:44:58.700+0000] {processor.py:840} INFO - DAG(s) 'example_trigger_target_dag' retrieved from /usr/local/python/3.12.1/lib/python3.12/site-packages/airflow/example_dags/example_trigger_target_dag.py
[2026-05-06T23:44:58.714+0000] {logging_mixin.py:188} INFO - [2026-05-06T23:44:58.714+0000] {dag.py:3096} INFO - Sync 1 DAGs
[2026-05-06T23:44:58.723+0000] {logging_mixin.py:188} INFO - [2026-05-06T23:44:58.723+0000] {dag.py:3954} INFO - Setting next_dagrun for example_trigger_target_dag to None, run_after=None
[2026-05-06T23:44:58.740+0000] {processor.py:183} INFO - Processing /usr/local/python/3.12.1/lib/python3.12/site-packages/airflow/example_dags/example_trigger_target_dag.py took 0.052 seconds
[2026-05-06T23:45:36.313+0000] {processor.py:161} INFO - Started process (PID=27249) to work on /usr/local/python/3.12.1/lib/python3.12/site-packages/airflow/example_dags/example_trigger_target_dag.py
[2026-05-06T23:45:36.314+0000] {processor.py:830} INFO - Processing file /usr/local/python/3.12.1/lib/python3.12/site-packages/airflow/example_dags/example_trigger_target_dag.py for tasks to queue
[2026-05-06T23:45:36.316+0000] {logging_mixin.py:188} INFO - [2026-05-06T23:45:36.315+0000] {dagbag.py:545} INFO - Filling up the DagBag from /usr/local/python/3.12.1/lib/python3.12/site-packages/airflow/example_dags/example_trigger_target_dag.py
[2026-05-06T23:45:36.321+0000] {processor.py:840} INFO - DAG(s) 'example_trigger_target_dag' retrieved from /usr/local/python/3.12.1/lib/python3.12/site-packages/airflow/example_dags/example_trigger_target_dag.py
[2026-05-06T23:45:36.335+0000] {logging_mixin.py:188} INFO - [2026-05-06T23:45:36.335+0000] {dag.py:3096} INFO - Sync 1 DAGs
[2026-05-06T23:45:36.344+0000] {logging_mixin.py:188} INFO - [2026-05-06T23:45:36.344+0000] {dag.py:3954} INFO - Setting next_dagrun for example_trigger_target_dag to None, run_after=None
[2026-05-06T23:45:36.377+0000] {processor.py:183} INFO - Processing /usr/local/python/3.12.1/lib/python3.12/site-packages/airflow/example_dags/example_trigger_target_dag.py took 0.069 seconds
[2026-05-06T23:46:17.331+0000] {processor.py:161} INFO - Started process (PID=27568) to work on /usr/local/python/3.12.1/lib/python3.12/site-packages/airflow/example_dags/example_trigger_target_dag.py
[2026-05-06T23:46:17.332+0000] {processor.py:830} INFO - Processing file /usr/local/python/3.12.1/lib/python3.12/site-packages/airflow/example_dags/example_trigger_target_dag.py for tasks to queue
[2026-05-06T23:46:17.333+0000] {logging_mixin.py:188} INFO - [2026-05-06T23:46:17.333+0000] {dagbag.py:545} INFO - Filling up the DagBag from /usr/local/python/3.12.1/lib/python3.12/site-packages/airflow/example_dags/example_trigger_target_dag.py
[2026-05-06T23:46:17.339+0000] {processor.py:840} INFO - DAG(s) 'example_trigger_target_dag' retrieved from /usr/local/python/3.12.1/lib/python3.12/site-packages/airflow/example_dags/example_trigger_target_dag.py
[2026-05-06T23:46:17.353+0000] {logging_mixin.py:188} INFO - [2026-05-06T23:46:17.353+0000] {dag.py:3096} INFO - Sync 1 DAGs
[2026-05-06T23:46:17.363+0000] {logging_mixin.py:188} INFO - [2026-05-06T23:46:17.363+0000] {dag.py:3954} INFO - Setting next_dagrun for example_trigger_target_dag to None, run_after=None
[2026-05-06T23:46:17.381+0000] {processor.py:183} INFO - Processing /usr/local/python/3.12.1/lib/python3.12/site-packages/airflow/example_dags/example_trigger_target_dag.py took 0.055 seconds
[2026-05-06T23:46:55.448+0000] {processor.py:161} INFO - Started process (PID=27851) to work on /usr/local/python/3.12.1/lib/python3.12/site-packages/airflow/example_dags/example_trigger_target_dag.py
[2026-05-06T23:46:55.449+0000] {processor.py:830} INFO - Processing file /usr/local/python/3.12.1/lib/python3.12/site-packages/airflow/example_dags/example_trigger_target_dag.py for tasks to queue
[2026-05-06T23:46:55.451+0000] {logging_mixin.py:188} INFO - [2026-05-06T23:46:55.450+0000] {dagbag.py:545} INFO - Filling up the DagBag from /usr/local/python/3.12.1/lib/python3.12/site-packages/airflow/example_dags/example_trigger_target_dag.py
[2026-05-06T23:46:55.460+0000] {processor.py:840} INFO - DAG(s) 'example_trigger_target_dag' retrieved from /usr/local/python/3.12.1/lib/python3.12/site-packages/airflow/example_dags/example_trigger_target_dag.py
[2026-05-06T23:46:55.475+0000] {logging_mixin.py:188} INFO - [2026-05-06T23:46:55.474+0000] {dag.py:3096} INFO - Sync 1 DAGs
[2026-05-06T23:46:55.484+0000] {logging_mixin.py:188} INFO - [2026-05-06T23:46:55.484+0000] {dag.py:3954} INFO - Setting next_dagrun for example_trigger_target_dag to None, run_after=None
[2026-05-06T23:46:55.561+0000] {processor.py:183} INFO - Processing /usr/local/python/3.12.1/lib/python3.12/site-packages/airflow/example_dags/example_trigger_target_dag.py took 0.121 seconds
[2026-05-06T23:47:35.968+0000] {processor.py:161} INFO - Started process (PID=28167) to work on /usr/local/python/3.12.1/lib/python3.12/site-packages/airflow/example_dags/example_trigger_target_dag.py
[2026-05-06T23:47:35.969+0000] {processor.py:830} INFO - Processing file /usr/local/python/3.12.1/lib/python3.12/site-packages/airflow/example_dags/example_trigger_target_dag.py for tasks to queue
[2026-05-06T23:47:35.970+0000] {logging_mixin.py:188} INFO - [2026-05-06T23:47:35.970+0000] {dagbag.py:545} INFO - Filling up the DagBag from /usr/local/python/3.12.1/lib/python3.12/site-packages/airflow/example_dags/example_trigger_target_dag.py
[2026-05-06T23:47:35.976+0000] {processor.py:840} INFO - DAG(s) 'example_trigger_target_dag' retrieved from /usr/local/python/3.12.1/lib/python3.12/site-packages/airflow/example_dags/example_trigger_target_dag.py
[2026-05-06T23:47:35.988+0000] {logging_mixin.py:188} INFO - [2026-05-06T23:47:35.988+0000] {dag.py:3096} INFO - Sync 1 DAGs
[2026-05-06T23:47:35.998+0000] {logging_mixin.py:188} INFO - [2026-05-06T23:47:35.998+0000] {dag.py:3954} INFO - Setting next_dagrun for example_trigger_target_dag to None, run_after=None
[2026-05-06T23:47:36.015+0000] {processor.py:183} INFO - Processing /usr/local/python/3.12.1/lib/python3.12/site-packages/airflow/example_dags/example_trigger_target_dag.py took 0.052 seconds
[2026-05-06T23:48:16.219+0000] {processor.py:161} INFO - Started process (PID=28481) to work on /usr/local/python/3.12.1/lib/python3.12/site-packages/airflow/example_dags/example_trigger_target_dag.py
[2026-05-06T23:48:16.220+0000] {processor.py:830} INFO - Processing file /usr/local/python/3.12.1/lib/python3.12/site-packages/airflow/example_dags/example_trigger_target_dag.py for tasks to queue
[2026-05-06T23:48:16.221+0000] {logging_mixin.py:188} INFO - [2026-05-06T23:48:16.221+0000] {dagbag.py:545} INFO - Filling up the DagBag from /usr/local/python/3.12.1/lib/python3.12/site-packages/airflow/example_dags/example_trigger_target_dag.py
[2026-05-06T23:48:16.227+0000] {processor.py:840} INFO - DAG(s) 'example_trigger_target_dag' retrieved from /usr/local/python/3.12.1/lib/python3.12/site-packages/airflow/example_dags/example_trigger_target_dag.py
[2026-05-06T23:48:16.239+0000] {logging_mixin.py:188} INFO - [2026-05-06T23:48:16.239+0000] {dag.py:3096} INFO - Sync 1 DAGs
[2026-05-06T23:48:16.253+0000] {logging_mixin.py:188} INFO - [2026-05-06T23:48:16.253+0000] {dag.py:3954} INFO - Setting next_dagrun for example_trigger_target_dag to None, run_after=None
[2026-05-06T23:48:16.278+0000] {processor.py:183} INFO - Processing /usr/local/python/3.12.1/lib/python3.12/site-packages/airflow/example_dags/example_trigger_target_dag.py took 0.064 seconds
[2026-05-06T23:48:56.823+0000] {processor.py:161} INFO - Started process (PID=28806) to work on /usr/local/python/3.12.1/lib/python3.12/site-packages/airflow/example_dags/example_trigger_target_dag.py
[2026-05-06T23:48:56.824+0000] {processor.py:830} INFO - Processing file /usr/local/python/3.12.1/lib/python3.12/site-packages/airflow/example_dags/example_trigger_target_dag.py for tasks to queue
[2026-05-06T23:48:56.826+0000] {logging_mixin.py:188} INFO - [2026-05-06T23:48:56.825+0000] {dagbag.py:545} INFO - Filling up the DagBag from /usr/local/python/3.12.1/lib/python3.12/site-packages/airflow/example_dags/example_trigger_target_dag.py
[2026-05-06T23:48:56.831+0000] {processor.py:840} INFO - DAG(s) 'example_trigger_target_dag' retrieved from /usr/local/python/3.12.1/lib/python3.12/site-packages/airflow/example_dags/example_trigger_target_dag.py
[2026-05-06T23:48:56.844+0000] {logging_mixin.py:188} INFO - [2026-05-06T23:48:56.844+0000] {dag.py:3096} INFO - Sync 1 DAGs
[2026-05-06T23:48:56.853+0000] {logging_mixin.py:188} INFO - [2026-05-06T23:48:56.853+0000] {dag.py:3954} INFO - Setting next_dagrun for example_trigger_target_dag to None, run_after=None
[2026-05-06T23:48:56.872+0000] {processor.py:183} INFO - Processing /usr/local/python/3.12.1/lib/python3.12/site-packages/airflow/example_dags/example_trigger_target_dag.py took 0.054 seconds
[2026-05-06T23:49:33.924+0000] {processor.py:161} INFO - Started process (PID=29103) to work on /usr/local/python/3.12.1/lib/python3.12/site-packages/airflow/example_dags/example_trigger_target_dag.py
[2026-05-06T23:49:33.925+0000] {processor.py:830} INFO - Processing file /usr/local/python/3.12.1/lib/python3.12/site-packages/airflow/example_dags/example_trigger_target_dag.py for tasks to queue
[2026-05-06T23:49:33.926+0000] {logging_mixin.py:188} INFO - [2026-05-06T23:49:33.926+0000] {dagbag.py:545} INFO - Filling up the DagBag from /usr/local/python/3.12.1/lib/python3.12/site-packages/airflow/example_dags/example_trigger_target_dag.py
[2026-05-06T23:49:33.932+0000] {processor.py:840} INFO - DAG(s) 'example_trigger_target_dag' retrieved from /usr/local/python/3.12.1/lib/python3.12/site-packages/airflow/example_dags/example_trigger_target_dag.py
[2026-05-06T23:49:33.944+0000] {logging_mixin.py:188} INFO - [2026-05-06T23:49:33.944+0000] {dag.py:3096} INFO - Sync 1 DAGs
[2026-05-06T23:49:33.953+0000] {logging_mixin.py:188} INFO - [2026-05-06T23:49:33.953+0000] {dag.py:3954} INFO - Setting next_dagrun for example_trigger_target_dag to None, run_after=None
[2026-05-06T23:49:33.970+0000] {processor.py:183} INFO - Processing /usr/local/python/3.12.1/lib/python3.12/site-packages/airflow/example_dags/example_trigger_target_dag.py took 0.051 seconds
[2026-05-06T23:50:09.780+0000] {processor.py:161} INFO - Started process (PID=29385) to work on /usr/local/python/3.12.1/lib/python3.12/site-packages/airflow/example_dags/example_trigger_target_dag.py
[2026-05-06T23:50:09.782+0000] {processor.py:830} INFO - Processing file /usr/local/python/3.12.1/lib/python3.12/site-packages/airflow/example_dags/example_trigger_target_dag.py for tasks to queue
[2026-05-06T23:50:09.783+0000] {logging_mixin.py:188} INFO - [2026-05-06T23:50:09.783+0000] {dagbag.py:545} INFO - Filling up the DagBag from /usr/local/python/3.12.1/lib/python3.12/site-packages/airflow/example_dags/example_trigger_target_dag.py
[2026-05-06T23:50:09.793+0000] {processor.py:840} INFO - DAG(s) 'example_trigger_target_dag' retrieved from /usr/local/python/3.12.1/lib/python3.12/site-packages/airflow/example_dags/example_trigger_target_dag.py
[2026-05-06T23:50:09.823+0000] {logging_mixin.py:188} INFO - [2026-05-06T23:50:09.822+0000] {dag.py:3096} INFO - Sync 1 DAGs
[2026-05-06T23:50:09.843+0000] {logging_mixin.py:188} INFO - [2026-05-06T23:50:09.843+0000] {dag.py:3954} INFO - Setting next_dagrun for example_trigger_target_dag to None, run_after=None
[2026-05-06T23:50:09.860+0000] {processor.py:183} INFO - Processing /usr/local/python/3.12.1/lib/python3.12/site-packages/airflow/example_dags/example_trigger_target_dag.py took 0.089 seconds
[2026-05-06T23:50:47.454+0000] {processor.py:161} INFO - Started process (PID=29667) to work on /usr/local/python/3.12.1/lib/python3.12/site-packages/airflow/example_dags/example_trigger_target_dag.py
[2026-05-06T23:50:47.455+0000] {processor.py:830} INFO - Processing file /usr/local/python/3.12.1/lib/python3.12/site-packages/airflow/example_dags/example_trigger_target_dag.py for tasks to queue
[2026-05-06T23:50:47.456+0000] {logging_mixin.py:188} INFO - [2026-05-06T23:50:47.456+0000] {dagbag.py:545} INFO - Filling up the DagBag from /usr/local/python/3.12.1/lib/python3.12/site-packages/airflow/example_dags/example_trigger_target_dag.py
[2026-05-06T23:50:47.461+0000] {processor.py:840} INFO - DAG(s) 'example_trigger_target_dag' retrieved from /usr/local/python/3.12.1/lib/python3.12/site-packages/airflow/example_dags/example_trigger_target_dag.py
[2026-05-06T23:50:47.474+0000] {logging_mixin.py:188} INFO - [2026-05-06T23:50:47.474+0000] {dag.py:3096} INFO - Sync 1 DAGs
[2026-05-06T23:50:47.483+0000] {logging_mixin.py:188} INFO - [2026-05-06T23:50:47.483+0000] {dag.py:3954} INFO - Setting next_dagrun for example_trigger_target_dag to None, run_after=None
[2026-05-06T23:50:47.499+0000] {processor.py:183} INFO - Processing /usr/local/python/3.12.1/lib/python3.12/site-packages/airflow/example_dags/example_trigger_target_dag.py took 0.050 seconds
[2026-05-06T23:51:27.819+0000] {processor.py:161} INFO - Started process (PID=29987) to work on /usr/local/python/3.12.1/lib/python3.12/site-packages/airflow/example_dags/example_trigger_target_dag.py
[2026-05-06T23:51:27.819+0000] {processor.py:830} INFO - Processing file /usr/local/python/3.12.1/lib/python3.12/site-packages/airflow/example_dags/example_trigger_target_dag.py for tasks to queue
[2026-05-06T23:51:27.821+0000] {logging_mixin.py:188} INFO - [2026-05-06T23:51:27.820+0000] {dagbag.py:545} INFO - Filling up the DagBag from /usr/local/python/3.12.1/lib/python3.12/site-packages/airflow/example_dags/example_trigger_target_dag.py
[2026-05-06T23:51:27.826+0000] {processor.py:840} INFO - DAG(s) 'example_trigger_target_dag' retrieved from /usr/local/python/3.12.1/lib/python3.12/site-packages/airflow/example_dags/example_trigger_target_dag.py
[2026-05-06T23:51:27.841+0000] {logging_mixin.py:188} INFO - [2026-05-06T23:51:27.841+0000] {dag.py:3096} INFO - Sync 1 DAGs
[2026-05-06T23:51:27.856+0000] {logging_mixin.py:188} INFO - [2026-05-06T23:51:27.855+0000] {dag.py:3954} INFO - Setting next_dagrun for example_trigger_target_dag to None, run_after=None
[2026-05-06T23:51:27.875+0000] {processor.py:183} INFO - Processing /usr/local/python/3.12.1/lib/python3.12/site-packages/airflow/example_dags/example_trigger_target_dag.py took 0.061 seconds
[2026-05-06T23:52:03.135+0000] {processor.py:161} INFO - Started process (PID=30265) to work on /usr/local/python/3.12.1/lib/python3.12/site-packages/airflow/example_dags/example_trigger_target_dag.py
[2026-05-06T23:52:03.136+0000] {processor.py:830} INFO - Processing file /usr/local/python/3.12.1/lib/python3.12/site-packages/airflow/example_dags/example_trigger_target_dag.py for tasks to queue
[2026-05-06T23:52:03.138+0000] {logging_mixin.py:188} INFO - [2026-05-06T23:52:03.138+0000] {dagbag.py:545} INFO - Filling up the DagBag from /usr/local/python/3.12.1/lib/python3.12/site-packages/airflow/example_dags/example_trigger_target_dag.py
[2026-05-06T23:52:03.145+0000] {processor.py:840} INFO - DAG(s) 'example_trigger_target_dag' retrieved from /usr/local/python/3.12.1/lib/python3.12/site-packages/airflow/example_dags/example_trigger_target_dag.py
[2026-05-06T23:52:03.162+0000] {logging_mixin.py:188} INFO - [2026-05-06T23:52:03.162+0000] {dag.py:3096} INFO - Sync 1 DAGs
[2026-05-06T23:52:03.171+0000] {logging_mixin.py:188} INFO - [2026-05-06T23:52:03.171+0000] {dag.py:3954} INFO - Setting next_dagrun for example_trigger_target_dag to None, run_after=None
[2026-05-06T23:52:03.188+0000] {processor.py:183} INFO - Processing /usr/local/python/3.12.1/lib/python3.12/site-packages/airflow/example_dags/example_trigger_target_dag.py took 0.058 seconds
[2026-05-06T23:52:42.992+0000] {processor.py:161} INFO - Started process (PID=30574) to work on /usr/local/python/3.12.1/lib/python3.12/site-packages/airflow/example_dags/example_trigger_target_dag.py
[2026-05-06T23:52:42.993+0000] {processor.py:830} INFO - Processing file /usr/local/python/3.12.1/lib/python3.12/site-packages/airflow/example_dags/example_trigger_target_dag.py for tasks to queue
[2026-05-06T23:52:42.994+0000] {logging_mixin.py:188} INFO - [2026-05-06T23:52:42.994+0000] {dagbag.py:545} INFO - Filling up the DagBag from /usr/local/python/3.12.1/lib/python3.12/site-packages/airflow/example_dags/example_trigger_target_dag.py
[2026-05-06T23:52:43.001+0000] {processor.py:840} INFO - DAG(s) 'example_trigger_target_dag' retrieved from /usr/local/python/3.12.1/lib/python3.12/site-packages/airflow/example_dags/example_trigger_target_dag.py
[2026-05-06T23:52:43.016+0000] {logging_mixin.py:188} INFO - [2026-05-06T23:52:43.016+0000] {dag.py:3096} INFO - Sync 1 DAGs
[2026-05-06T23:52:43.026+0000] {logging_mixin.py:188} INFO - [2026-05-06T23:52:43.025+0000] {dag.py:3954} INFO - Setting next_dagrun for example_trigger_target_dag to None, run_after=None
[2026-05-06T23:52:43.050+0000] {processor.py:183} INFO - Processing /usr/local/python/3.12.1/lib/python3.12/site-packages/airflow/example_dags/example_trigger_target_dag.py took 0.063 seconds
[2026-05-06T23:53:21.825+0000] {processor.py:161} INFO - Started process (PID=30863) to work on /usr/local/python/3.12.1/lib/python3.12/site-packages/airflow/example_dags/example_trigger_target_dag.py
[2026-05-06T23:53:21.826+0000] {processor.py:830} INFO - Processing file /usr/local/python/3.12.1/lib/python3.12/site-packages/airflow/example_dags/example_trigger_target_dag.py for tasks to queue
[2026-05-06T23:53:21.828+0000] {logging_mixin.py:188} INFO - [2026-05-06T23:53:21.827+0000] {dagbag.py:545} INFO - Filling up the DagBag from /usr/local/python/3.12.1/lib/python3.12/site-packages/airflow/example_dags/example_trigger_target_dag.py
[2026-05-06T23:53:21.833+0000] {processor.py:840} INFO - DAG(s) 'example_trigger_target_dag' retrieved from /usr/local/python/3.12.1/lib/python3.12/site-packages/airflow/example_dags/example_trigger_target_dag.py
[2026-05-06T23:53:21.851+0000] {logging_mixin.py:188} INFO - [2026-05-06T23:53:21.851+0000] {dag.py:3096} INFO - Sync 1 DAGs
[2026-05-06T23:53:21.862+0000] {logging_mixin.py:188} INFO - [2026-05-06T23:53:21.862+0000] {dag.py:3954} INFO - Setting next_dagrun for example_trigger_target_dag to None, run_after=None
[2026-05-06T23:53:21.880+0000] {processor.py:183} INFO - Processing /usr/local/python/3.12.1/lib/python3.12/site-packages/airflow/example_dags/example_trigger_target_dag.py took 0.061 seconds
[2026-05-06T23:54:02.364+0000] {processor.py:161} INFO - Started process (PID=31183) to work on /usr/local/python/3.12.1/lib/python3.12/site-packages/airflow/example_dags/example_trigger_target_dag.py
[2026-05-06T23:54:02.365+0000] {processor.py:830} INFO - Processing file /usr/local/python/3.12.1/lib/python3.12/site-packages/airflow/example_dags/example_trigger_target_dag.py for tasks to queue
[2026-05-06T23:54:02.367+0000] {logging_mixin.py:188} INFO - [2026-05-06T23:54:02.367+0000] {dagbag.py:545} INFO - Filling up the DagBag from /usr/local/python/3.12.1/lib/python3.12/site-packages/airflow/example_dags/example_trigger_target_dag.py
[2026-05-06T23:54:02.373+0000] {processor.py:840} INFO - DAG(s) 'example_trigger_target_dag' retrieved from /usr/local/python/3.12.1/lib/python3.12/site-packages/airflow/example_dags/example_trigger_target_dag.py
[2026-05-06T23:54:02.385+0000] {logging_mixin.py:188} INFO - [2026-05-06T23:54:02.385+0000] {dag.py:3096} INFO - Sync 1 DAGs
[2026-05-06T23:54:02.395+0000] {logging_mixin.py:188} INFO - [2026-05-06T23:54:02.395+0000] {dag.py:3954} INFO - Setting next_dagrun for example_trigger_target_dag to None, run_after=None
[2026-05-06T23:54:02.414+0000] {processor.py:183} INFO - Processing /usr/local/python/3.12.1/lib/python3.12/site-packages/airflow/example_dags/example_trigger_target_dag.py took 0.056 seconds
[2026-05-06T23:54:41.589+0000] {processor.py:161} INFO - Started process (PID=31490) to work on /usr/local/python/3.12.1/lib/python3.12/site-packages/airflow/example_dags/example_trigger_target_dag.py
[2026-05-06T23:54:41.590+0000] {processor.py:830} INFO - Processing file /usr/local/python/3.12.1/lib/python3.12/site-packages/airflow/example_dags/example_trigger_target_dag.py for tasks to queue
[2026-05-06T23:54:41.591+0000] {logging_mixin.py:188} INFO - [2026-05-06T23:54:41.591+0000] {dagbag.py:545} INFO - Filling up the DagBag from /usr/local/python/3.12.1/lib/python3.12/site-packages/airflow/example_dags/example_trigger_target_dag.py
[2026-05-06T23:54:41.597+0000] {processor.py:840} INFO - DAG(s) 'example_trigger_target_dag' retrieved from /usr/local/python/3.12.1/lib/python3.12/site-packages/airflow/example_dags/example_trigger_target_dag.py
[2026-05-06T23:54:41.610+0000] {logging_mixin.py:188} INFO - [2026-05-06T23:54:41.610+0000] {dag.py:3096} INFO - Sync 1 DAGs
[2026-05-06T23:54:41.619+0000] {logging_mixin.py:188} INFO - [2026-05-06T23:54:41.619+0000] {dag.py:3954} INFO - Setting next_dagrun for example_trigger_target_dag to None, run_after=None
[2026-05-06T23:54:41.638+0000] {processor.py:183} INFO - Processing /usr/local/python/3.12.1/lib/python3.12/site-packages/airflow/example_dags/example_trigger_target_dag.py took 0.055 seconds
[2026-05-06T23:55:19.828+0000] {processor.py:161} INFO - Started process (PID=31855) to work on /usr/local/python/3.12.1/lib/python3.12/site-packages/airflow/example_dags/example_trigger_target_dag.py
[2026-05-06T23:55:19.829+0000] {processor.py:830} INFO - Processing file /usr/local/python/3.12.1/lib/python3.12/site-packages/airflow/example_dags/example_trigger_target_dag.py for tasks to queue
[2026-05-06T23:55:19.830+0000] {logging_mixin.py:188} INFO - [2026-05-06T23:55:19.830+0000] {dagbag.py:545} INFO - Filling up the DagBag from /usr/local/python/3.12.1/lib/python3.12/site-packages/airflow/example_dags/example_trigger_target_dag.py
[2026-05-06T23:55:19.836+0000] {processor.py:840} INFO - DAG(s) 'example_trigger_target_dag' retrieved from /usr/local/python/3.12.1/lib/python3.12/site-packages/airflow/example_dags/example_trigger_target_dag.py
[2026-05-06T23:55:19.849+0000] {logging_mixin.py:188} INFO - [2026-05-06T23:55:19.848+0000] {dag.py:3096} INFO - Sync 1 DAGs
[2026-05-06T23:55:19.858+0000] {logging_mixin.py:188} INFO - [2026-05-06T23:55:19.858+0000] {dag.py:3954} INFO - Setting next_dagrun for example_trigger_target_dag to None, run_after=None
[2026-05-06T23:55:19.875+0000] {processor.py:183} INFO - Processing /usr/local/python/3.12.1/lib/python3.12/site-packages/airflow/example_dags/example_trigger_target_dag.py took 0.052 seconds
[2026-05-06T23:56:00.908+0000] {processor.py:161} INFO - Started process (PID=32175) to work on /usr/local/python/3.12.1/lib/python3.12/site-packages/airflow/example_dags/example_trigger_target_dag.py
[2026-05-06T23:56:00.909+0000] {processor.py:830} INFO - Processing file /usr/local/python/3.12.1/lib/python3.12/site-packages/airflow/example_dags/example_trigger_target_dag.py for tasks to queue
[2026-05-06T23:56:00.910+0000] {logging_mixin.py:188} INFO - [2026-05-06T23:56:00.910+0000] {dagbag.py:545} INFO - Filling up the DagBag from /usr/local/python/3.12.1/lib/python3.12/site-packages/airflow/example_dags/example_trigger_target_dag.py
[2026-05-06T23:56:00.916+0000] {processor.py:840} INFO - DAG(s) 'example_trigger_target_dag' retrieved from /usr/local/python/3.12.1/lib/python3.12/site-packages/airflow/example_dags/example_trigger_target_dag.py
[2026-05-06T23:56:00.929+0000] {logging_mixin.py:188} INFO - [2026-05-06T23:56:00.928+0000] {dag.py:3096} INFO - Sync 1 DAGs
[2026-05-06T23:56:00.938+0000] {logging_mixin.py:188} INFO - [2026-05-06T23:56:00.938+0000] {dag.py:3954} INFO - Setting next_dagrun for example_trigger_target_dag to None, run_after=None
[2026-05-06T23:56:00.956+0000] {processor.py:183} INFO - Processing /usr/local/python/3.12.1/lib/python3.12/site-packages/airflow/example_dags/example_trigger_target_dag.py took 0.054 seconds
[2026-05-06T23:56:38.893+0000] {processor.py:161} INFO - Started process (PID=32476) to work on /usr/local/python/3.12.1/lib/python3.12/site-packages/airflow/example_dags/example_trigger_target_dag.py
[2026-05-06T23:56:38.894+0000] {processor.py:830} INFO - Processing file /usr/local/python/3.12.1/lib/python3.12/site-packages/airflow/example_dags/example_trigger_target_dag.py for tasks to queue
[2026-05-06T23:56:38.896+0000] {logging_mixin.py:188} INFO - [2026-05-06T23:56:38.895+0000] {dagbag.py:545} INFO - Filling up the DagBag from /usr/local/python/3.12.1/lib/python3.12/site-packages/airflow/example_dags/example_trigger_target_dag.py
[2026-05-06T23:56:38.901+0000] {processor.py:840} INFO - DAG(s) 'example_trigger_target_dag' retrieved from /usr/local/python/3.12.1/lib/python3.12/site-packages/airflow/example_dags/example_trigger_target_dag.py
[2026-05-06T23:56:38.913+0000] {logging_mixin.py:188} INFO - [2026-05-06T23:56:38.913+0000] {dag.py:3096} INFO - Sync 1 DAGs
[2026-05-06T23:56:38.922+0000] {logging_mixin.py:188} INFO - [2026-05-06T23:56:38.922+0000] {dag.py:3954} INFO - Setting next_dagrun for example_trigger_target_dag to None, run_after=None
[2026-05-06T23:56:38.938+0000] {processor.py:183} INFO - Processing /usr/local/python/3.12.1/lib/python3.12/site-packages/airflow/example_dags/example_trigger_target_dag.py took 0.050 seconds
[2026-05-06T23:57:16.977+0000] {processor.py:161} INFO - Started process (PID=32681) to work on /usr/local/python/3.12.1/lib/python3.12/site-packages/airflow/example_dags/example_trigger_target_dag.py
[2026-05-06T23:57:16.978+0000] {processor.py:830} INFO - Processing file /usr/local/python/3.12.1/lib/python3.12/site-packages/airflow/example_dags/example_trigger_target_dag.py for tasks to queue
[2026-05-06T23:57:16.979+0000] {logging_mixin.py:188} INFO - [2026-05-06T23:57:16.979+0000] {dagbag.py:545} INFO - Filling up the DagBag from /usr/local/python/3.12.1/lib/python3.12/site-packages/airflow/example_dags/example_trigger_target_dag.py
[2026-05-06T23:57:16.984+0000] {processor.py:840} INFO - DAG(s) 'example_trigger_target_dag' retrieved from /usr/local/python/3.12.1/lib/python3.12/site-packages/airflow/example_dags/example_trigger_target_dag.py
[2026-05-06T23:57:16.997+0000] {logging_mixin.py:188} INFO - [2026-05-06T23:57:16.997+0000] {dag.py:3096} INFO - Sync 1 DAGs
[2026-05-06T23:57:17.006+0000] {logging_mixin.py:188} INFO - [2026-05-06T23:57:17.006+0000] {dag.py:3954} INFO - Setting next_dagrun for example_trigger_target_dag to None, run_after=None
[2026-05-06T23:57:17.024+0000] {processor.py:183} INFO - Processing /usr/local/python/3.12.1/lib/python3.12/site-packages/airflow/example_dags/example_trigger_target_dag.py took 0.052 seconds
[2026-05-06T23:57:54.022+0000] {processor.py:161} INFO - Started process (PID=32848) to work on /usr/local/python/3.12.1/lib/python3.12/site-packages/airflow/example_dags/example_trigger_target_dag.py
[2026-05-06T23:57:54.023+0000] {processor.py:830} INFO - Processing file /usr/local/python/3.12.1/lib/python3.12/site-packages/airflow/example_dags/example_trigger_target_dag.py for tasks to queue
[2026-05-06T23:57:54.024+0000] {logging_mixin.py:188} INFO - [2026-05-06T23:57:54.024+0000] {dagbag.py:545} INFO - Filling up the DagBag from /usr/local/python/3.12.1/lib/python3.12/site-packages/airflow/example_dags/example_trigger_target_dag.py
[2026-05-06T23:57:54.030+0000] {processor.py:840} INFO - DAG(s) 'example_trigger_target_dag' retrieved from /usr/local/python/3.12.1/lib/python3.12/site-packages/airflow/example_dags/example_trigger_target_dag.py
[2026-05-06T23:57:54.045+0000] {logging_mixin.py:188} INFO - [2026-05-06T23:57:54.045+0000] {dag.py:3096} INFO - Sync 1 DAGs
[2026-05-06T23:57:54.058+0000] {logging_mixin.py:188} INFO - [2026-05-06T23:57:54.058+0000] {dag.py:3954} INFO - Setting next_dagrun for example_trigger_target_dag to None, run_after=None
[2026-05-06T23:57:54.076+0000] {processor.py:183} INFO - Processing /usr/local/python/3.12.1/lib/python3.12/site-packages/airflow/example_dags/example_trigger_target_dag.py took 0.059 seconds
[2026-05-06T23:58:32.984+0000] {processor.py:161} INFO - Started process (PID=33039) to work on /usr/local/python/3.12.1/lib/python3.12/site-packages/airflow/example_dags/example_trigger_target_dag.py
[2026-05-06T23:58:32.984+0000] {processor.py:830} INFO - Processing file /usr/local/python/3.12.1/lib/python3.12/site-packages/airflow/example_dags/example_trigger_target_dag.py for tasks to queue
[2026-05-06T23:58:32.986+0000] {logging_mixin.py:188} INFO - [2026-05-06T23:58:32.986+0000] {dagbag.py:545} INFO - Filling up the DagBag from /usr/local/python/3.12.1/lib/python3.12/site-packages/airflow/example_dags/example_trigger_target_dag.py
[2026-05-06T23:58:32.991+0000] {processor.py:840} INFO - DAG(s) 'example_trigger_target_dag' retrieved from /usr/local/python/3.12.1/lib/python3.12/site-packages/airflow/example_dags/example_trigger_target_dag.py
[2026-05-06T23:58:33.005+0000] {logging_mixin.py:188} INFO - [2026-05-06T23:58:33.005+0000] {dag.py:3096} INFO - Sync 1 DAGs
[2026-05-06T23:58:33.017+0000] {logging_mixin.py:188} INFO - [2026-05-06T23:58:33.017+0000] {dag.py:3954} INFO - Setting next_dagrun for example_trigger_target_dag to None, run_after=None
[2026-05-06T23:58:33.033+0000] {processor.py:183} INFO - Processing /usr/local/python/3.12.1/lib/python3.12/site-packages/airflow/example_dags/example_trigger_target_dag.py took 0.054 seconds
[2026-05-06T23:59:13.721+0000] {processor.py:161} INFO - Started process (PID=33240) to work on /usr/local/python/3.12.1/lib/python3.12/site-packages/airflow/example_dags/example_trigger_target_dag.py
[2026-05-06T23:59:13.721+0000] {processor.py:830} INFO - Processing file /usr/local/python/3.12.1/lib/python3.12/site-packages/airflow/example_dags/example_trigger_target_dag.py for tasks to queue
[2026-05-06T23:59:13.723+0000] {logging_mixin.py:188} INFO - [2026-05-06T23:59:13.722+0000] {dagbag.py:545} INFO - Filling up the DagBag from /usr/local/python/3.12.1/lib/python3.12/site-packages/airflow/example_dags/example_trigger_target_dag.py
[2026-05-06T23:59:13.728+0000] {processor.py:840} INFO - DAG(s) 'example_trigger_target_dag' retrieved from /usr/local/python/3.12.1/lib/python3.12/site-packages/airflow/example_dags/example_trigger_target_dag.py
[2026-05-06T23:59:13.742+0000] {logging_mixin.py:188} INFO - [2026-05-06T23:59:13.742+0000] {dag.py:3096} INFO - Sync 1 DAGs
[2026-05-06T23:59:13.755+0000] {logging_mixin.py:188} INFO - [2026-05-06T23:59:13.755+0000] {dag.py:3954} INFO - Setting next_dagrun for example_trigger_target_dag to None, run_after=None
[2026-05-06T23:59:13.773+0000] {processor.py:183} INFO - Processing /usr/local/python/3.12.1/lib/python3.12/site-packages/airflow/example_dags/example_trigger_target_dag.py took 0.057 seconds
[2026-05-06T23:59:52.281+0000] {processor.py:161} INFO - Started process (PID=33431) to work on /usr/local/python/3.12.1/lib/python3.12/site-packages/airflow/example_dags/example_trigger_target_dag.py
[2026-05-06T23:59:52.282+0000] {processor.py:830} INFO - Processing file /usr/local/python/3.12.1/lib/python3.12/site-packages/airflow/example_dags/example_trigger_target_dag.py for tasks to queue
[2026-05-06T23:59:52.283+0000] {logging_mixin.py:188} INFO - [2026-05-06T23:59:52.283+0000] {dagbag.py:545} INFO - Filling up the DagBag from /usr/local/python/3.12.1/lib/python3.12/site-packages/airflow/example_dags/example_trigger_target_dag.py
[2026-05-06T23:59:52.289+0000] {processor.py:840} INFO - DAG(s) 'example_trigger_target_dag' retrieved from /usr/local/python/3.12.1/lib/python3.12/site-packages/airflow/example_dags/example_trigger_target_dag.py
[2026-05-06T23:59:52.301+0000] {logging_mixin.py:188} INFO - [2026-05-06T23:59:52.301+0000] {dag.py:3096} INFO - Sync 1 DAGs
[2026-05-06T23:59:52.311+0000] {logging_mixin.py:188} INFO - [2026-05-06T23:59:52.311+0000] {dag.py:3954} INFO - Setting next_dagrun for example_trigger_target_dag to None, run_after=None
[2026-05-06T23:59:52.328+0000] {processor.py:183} INFO - Processing /usr/local/python/3.12.1/lib/python3.12/site-packages/airflow/example_dags/example_trigger_target_dag.py took 0.052 seconds
