[2026-05-06T23:19:24.706+0000] {processor.py:161} INFO - Started process (PID=13504) to work on /usr/local/python/3.12.1/lib/python3.12/site-packages/airflow/example_dags/example_branch_datetime_operator.py
[2026-05-06T23:19:24.706+0000] {processor.py:830} INFO - Processing file /usr/local/python/3.12.1/lib/python3.12/site-packages/airflow/example_dags/example_branch_datetime_operator.py for tasks to queue
[2026-05-06T23:19:24.708+0000] {logging_mixin.py:188} INFO - [2026-05-06T23:19:24.707+0000] {dagbag.py:545} INFO - Filling up the DagBag from /usr/local/python/3.12.1/lib/python3.12/site-packages/airflow/example_dags/example_branch_datetime_operator.py
[2026-05-06T23:19:24.715+0000] {processor.py:840} INFO - DAG(s) 'example_branch_datetime_operator_3', 'example_branch_datetime_operator_2', 'example_branch_datetime_operator' retrieved from /usr/local/python/3.12.1/lib/python3.12/site-packages/airflow/example_dags/example_branch_datetime_operator.py
[2026-05-06T23:19:24.791+0000] {logging_mixin.py:188} INFO - [2026-05-06T23:19:24.791+0000] {override.py:1829} INFO - Created Permission View: can delete on DAG:example_branch_datetime_operator_3
[2026-05-06T23:19:24.799+0000] {logging_mixin.py:188} INFO - [2026-05-06T23:19:24.798+0000] {override.py:1829} INFO - Created Permission View: can edit on DAG:example_branch_datetime_operator_3
[2026-05-06T23:19:24.804+0000] {logging_mixin.py:188} INFO - [2026-05-06T23:19:24.804+0000] {override.py:1829} INFO - Created Permission View: can read on DAG:example_branch_datetime_operator_3
[2026-05-06T23:19:24.816+0000] {logging_mixin.py:188} INFO - [2026-05-06T23:19:24.815+0000] {override.py:1829} INFO - Created Permission View: can delete on DAG:example_branch_datetime_operator_2
[2026-05-06T23:19:24.821+0000] {logging_mixin.py:188} INFO - [2026-05-06T23:19:24.821+0000] {override.py:1829} INFO - Created Permission View: can edit on DAG:example_branch_datetime_operator_2
[2026-05-06T23:19:24.826+0000] {logging_mixin.py:188} INFO - [2026-05-06T23:19:24.826+0000] {override.py:1829} INFO - Created Permission View: can read on DAG:example_branch_datetime_operator_2
[2026-05-06T23:19:24.838+0000] {logging_mixin.py:188} INFO - [2026-05-06T23:19:24.838+0000] {override.py:1829} INFO - Created Permission View: can delete on DAG:example_branch_datetime_operator
[2026-05-06T23:19:24.844+0000] {logging_mixin.py:188} INFO - [2026-05-06T23:19:24.844+0000] {override.py:1829} INFO - Created Permission View: can edit on DAG:example_branch_datetime_operator
[2026-05-06T23:19:24.849+0000] {logging_mixin.py:188} INFO - [2026-05-06T23:19:24.848+0000] {override.py:1829} INFO - Created Permission View: can read on DAG:example_branch_datetime_operator
[2026-05-06T23:19:24.849+0000] {logging_mixin.py:188} INFO - [2026-05-06T23:19:24.849+0000] {dag.py:3096} INFO - Sync 3 DAGs
[2026-05-06T23:19:24.857+0000] {logging_mixin.py:188} INFO - [2026-05-06T23:19:24.857+0000] {dag.py:3118} INFO - Creating ORM DAG for example_branch_datetime_operator
[2026-05-06T23:19:24.858+0000] {logging_mixin.py:188} INFO - [2026-05-06T23:19:24.858+0000] {dag.py:3118} INFO - Creating ORM DAG for example_branch_datetime_operator_3
[2026-05-06T23:19:24.859+0000] {logging_mixin.py:188} INFO - [2026-05-06T23:19:24.858+0000] {dag.py:3118} INFO - Creating ORM DAG for example_branch_datetime_operator_2
[2026-05-06T23:19:24.868+0000] {logging_mixin.py:188} INFO - [2026-05-06T23:19:24.868+0000] {dag.py:3954} INFO - Setting next_dagrun for example_branch_datetime_operator to 2026-05-05 00:00:00+00:00, run_after=2026-05-06 00:00:00+00:00
[2026-05-06T23:19:24.869+0000] {logging_mixin.py:188} INFO - [2026-05-06T23:19:24.869+0000] {dag.py:3954} INFO - Setting next_dagrun for example_branch_datetime_operator_2 to 2026-05-05 00:00:00+00:00, run_after=2026-05-06 00:00:00+00:00
[2026-05-06T23:19:24.870+0000] {logging_mixin.py:188} INFO - [2026-05-06T23:19:24.870+0000] {dag.py:3954} INFO - Setting next_dagrun for example_branch_datetime_operator_3 to 2026-05-05 00:00:00+00:00, run_after=2026-05-06 00:00:00+00:00
[2026-05-06T23:19:24.885+0000] {processor.py:183} INFO - Processing /usr/local/python/3.12.1/lib/python3.12/site-packages/airflow/example_dags/example_branch_datetime_operator.py took 0.184 seconds
[2026-05-06T23:20:25.242+0000] {processor.py:161} INFO - Started process (PID=14073) to work on /usr/local/python/3.12.1/lib/python3.12/site-packages/airflow/example_dags/example_branch_datetime_operator.py
[2026-05-06T23:20:25.242+0000] {processor.py:830} INFO - Processing file /usr/local/python/3.12.1/lib/python3.12/site-packages/airflow/example_dags/example_branch_datetime_operator.py for tasks to queue
[2026-05-06T23:20:25.244+0000] {logging_mixin.py:188} INFO - [2026-05-06T23:20:25.243+0000] {dagbag.py:545} INFO - Filling up the DagBag from /usr/local/python/3.12.1/lib/python3.12/site-packages/airflow/example_dags/example_branch_datetime_operator.py
[2026-05-06T23:20:25.252+0000] {processor.py:840} INFO - DAG(s) 'example_branch_datetime_operator_2', 'example_branch_datetime_operator_3', 'example_branch_datetime_operator' retrieved from /usr/local/python/3.12.1/lib/python3.12/site-packages/airflow/example_dags/example_branch_datetime_operator.py
[2026-05-06T23:20:25.268+0000] {logging_mixin.py:188} INFO - [2026-05-06T23:20:25.268+0000] {dag.py:3096} INFO - Sync 3 DAGs
[2026-05-06T23:20:25.284+0000] {logging_mixin.py:188} INFO - [2026-05-06T23:20:25.284+0000] {dag.py:3954} INFO - Setting next_dagrun for example_branch_datetime_operator to 2026-05-05 00:00:00+00:00, run_after=2026-05-06 00:00:00+00:00
[2026-05-06T23:20:25.288+0000] {logging_mixin.py:188} INFO - [2026-05-06T23:20:25.287+0000] {dag.py:3954} INFO - Setting next_dagrun for example_branch_datetime_operator_2 to 2026-05-05 00:00:00+00:00, run_after=2026-05-06 00:00:00+00:00
[2026-05-06T23:20:25.289+0000] {logging_mixin.py:188} INFO - [2026-05-06T23:20:25.289+0000] {dag.py:3954} INFO - Setting next_dagrun for example_branch_datetime_operator_3 to 2026-05-05 00:00:00+00:00, run_after=2026-05-06 00:00:00+00:00
[2026-05-06T23:20:25.304+0000] {processor.py:183} INFO - Processing /usr/local/python/3.12.1/lib/python3.12/site-packages/airflow/example_dags/example_branch_datetime_operator.py took 0.067 seconds
[2026-05-06T23:21:27.007+0000] {processor.py:161} INFO - Started process (PID=14645) to work on /usr/local/python/3.12.1/lib/python3.12/site-packages/airflow/example_dags/example_branch_datetime_operator.py
[2026-05-06T23:21:27.008+0000] {processor.py:830} INFO - Processing file /usr/local/python/3.12.1/lib/python3.12/site-packages/airflow/example_dags/example_branch_datetime_operator.py for tasks to queue
[2026-05-06T23:21:27.009+0000] {logging_mixin.py:188} INFO - [2026-05-06T23:21:27.009+0000] {dagbag.py:545} INFO - Filling up the DagBag from /usr/local/python/3.12.1/lib/python3.12/site-packages/airflow/example_dags/example_branch_datetime_operator.py
[2026-05-06T23:21:27.020+0000] {processor.py:840} INFO - DAG(s) 'example_branch_datetime_operator_2', 'example_branch_datetime_operator_3', 'example_branch_datetime_operator' retrieved from /usr/local/python/3.12.1/lib/python3.12/site-packages/airflow/example_dags/example_branch_datetime_operator.py
[2026-05-06T23:21:27.052+0000] {logging_mixin.py:188} INFO - [2026-05-06T23:21:27.052+0000] {dag.py:3096} INFO - Sync 3 DAGs
[2026-05-06T23:21:27.080+0000] {logging_mixin.py:188} INFO - [2026-05-06T23:21:27.080+0000] {dag.py:3954} INFO - Setting next_dagrun for example_branch_datetime_operator to 2026-05-05 00:00:00+00:00, run_after=2026-05-06 00:00:00+00:00
[2026-05-06T23:21:27.084+0000] {logging_mixin.py:188} INFO - [2026-05-06T23:21:27.083+0000] {dag.py:3954} INFO - Setting next_dagrun for example_branch_datetime_operator_2 to 2026-05-05 00:00:00+00:00, run_after=2026-05-06 00:00:00+00:00
[2026-05-06T23:21:27.085+0000] {logging_mixin.py:188} INFO - [2026-05-06T23:21:27.085+0000] {dag.py:3954} INFO - Setting next_dagrun for example_branch_datetime_operator_3 to 2026-05-05 00:00:00+00:00, run_after=2026-05-06 00:00:00+00:00
[2026-05-06T23:21:27.100+0000] {processor.py:183} INFO - Processing /usr/local/python/3.12.1/lib/python3.12/site-packages/airflow/example_dags/example_branch_datetime_operator.py took 0.098 seconds
[2026-05-06T23:22:28.773+0000] {processor.py:161} INFO - Started process (PID=15131) to work on /usr/local/python/3.12.1/lib/python3.12/site-packages/airflow/example_dags/example_branch_datetime_operator.py
[2026-05-06T23:22:28.773+0000] {processor.py:830} INFO - Processing file /usr/local/python/3.12.1/lib/python3.12/site-packages/airflow/example_dags/example_branch_datetime_operator.py for tasks to queue
[2026-05-06T23:22:28.775+0000] {logging_mixin.py:188} INFO - [2026-05-06T23:22:28.775+0000] {dagbag.py:545} INFO - Filling up the DagBag from /usr/local/python/3.12.1/lib/python3.12/site-packages/airflow/example_dags/example_branch_datetime_operator.py
[2026-05-06T23:22:28.782+0000] {processor.py:840} INFO - DAG(s) 'example_branch_datetime_operator_3', 'example_branch_datetime_operator', 'example_branch_datetime_operator_2' retrieved from /usr/local/python/3.12.1/lib/python3.12/site-packages/airflow/example_dags/example_branch_datetime_operator.py
[2026-05-06T23:22:28.799+0000] {logging_mixin.py:188} INFO - [2026-05-06T23:22:28.799+0000] {dag.py:3096} INFO - Sync 3 DAGs
[2026-05-06T23:22:28.817+0000] {logging_mixin.py:188} INFO - [2026-05-06T23:22:28.816+0000] {dag.py:3954} INFO - Setting next_dagrun for example_branch_datetime_operator to 2026-05-05 00:00:00+00:00, run_after=2026-05-06 00:00:00+00:00
[2026-05-06T23:22:28.820+0000] {logging_mixin.py:188} INFO - [2026-05-06T23:22:28.820+0000] {dag.py:3954} INFO - Setting next_dagrun for example_branch_datetime_operator_2 to 2026-05-05 00:00:00+00:00, run_after=2026-05-06 00:00:00+00:00
[2026-05-06T23:22:28.821+0000] {logging_mixin.py:188} INFO - [2026-05-06T23:22:28.821+0000] {dag.py:3954} INFO - Setting next_dagrun for example_branch_datetime_operator_3 to 2026-05-05 00:00:00+00:00, run_after=2026-05-06 00:00:00+00:00
[2026-05-06T23:22:28.836+0000] {processor.py:183} INFO - Processing /usr/local/python/3.12.1/lib/python3.12/site-packages/airflow/example_dags/example_branch_datetime_operator.py took 0.067 seconds
[2026-05-06T23:23:25.916+0000] {processor.py:161} INFO - Started process (PID=15687) to work on /usr/local/python/3.12.1/lib/python3.12/site-packages/airflow/example_dags/example_branch_datetime_operator.py
[2026-05-06T23:23:25.917+0000] {processor.py:830} INFO - Processing file /usr/local/python/3.12.1/lib/python3.12/site-packages/airflow/example_dags/example_branch_datetime_operator.py for tasks to queue
[2026-05-06T23:23:25.918+0000] {logging_mixin.py:188} INFO - [2026-05-06T23:23:25.918+0000] {dagbag.py:545} INFO - Filling up the DagBag from /usr/local/python/3.12.1/lib/python3.12/site-packages/airflow/example_dags/example_branch_datetime_operator.py
[2026-05-06T23:23:25.926+0000] {processor.py:840} INFO - DAG(s) 'example_branch_datetime_operator', 'example_branch_datetime_operator_3', 'example_branch_datetime_operator_2' retrieved from /usr/local/python/3.12.1/lib/python3.12/site-packages/airflow/example_dags/example_branch_datetime_operator.py
[2026-05-06T23:23:25.944+0000] {logging_mixin.py:188} INFO - [2026-05-06T23:23:25.944+0000] {dag.py:3096} INFO - Sync 3 DAGs
[2026-05-06T23:23:25.960+0000] {logging_mixin.py:188} INFO - [2026-05-06T23:23:25.960+0000] {dag.py:3954} INFO - Setting next_dagrun for example_branch_datetime_operator to 2026-05-05 00:00:00+00:00, run_after=2026-05-06 00:00:00+00:00
[2026-05-06T23:23:25.963+0000] {logging_mixin.py:188} INFO - [2026-05-06T23:23:25.963+0000] {dag.py:3954} INFO - Setting next_dagrun for example_branch_datetime_operator_2 to 2026-05-05 00:00:00+00:00, run_after=2026-05-06 00:00:00+00:00
[2026-05-06T23:23:25.965+0000] {logging_mixin.py:188} INFO - [2026-05-06T23:23:25.965+0000] {dag.py:3954} INFO - Setting next_dagrun for example_branch_datetime_operator_3 to 2026-05-05 00:00:00+00:00, run_after=2026-05-06 00:00:00+00:00
[2026-05-06T23:23:25.979+0000] {processor.py:183} INFO - Processing /usr/local/python/3.12.1/lib/python3.12/site-packages/airflow/example_dags/example_branch_datetime_operator.py took 0.067 seconds
[2026-05-06T23:24:22.309+0000] {processor.py:161} INFO - Started process (PID=16511) to work on /usr/local/python/3.12.1/lib/python3.12/site-packages/airflow/example_dags/example_branch_datetime_operator.py
[2026-05-06T23:24:22.310+0000] {processor.py:830} INFO - Processing file /usr/local/python/3.12.1/lib/python3.12/site-packages/airflow/example_dags/example_branch_datetime_operator.py for tasks to queue
[2026-05-06T23:24:22.312+0000] {logging_mixin.py:188} INFO - [2026-05-06T23:24:22.312+0000] {dagbag.py:545} INFO - Filling up the DagBag from /usr/local/python/3.12.1/lib/python3.12/site-packages/airflow/example_dags/example_branch_datetime_operator.py
[2026-05-06T23:24:22.320+0000] {processor.py:840} INFO - DAG(s) 'example_branch_datetime_operator_2', 'example_branch_datetime_operator', 'example_branch_datetime_operator_3' retrieved from /usr/local/python/3.12.1/lib/python3.12/site-packages/airflow/example_dags/example_branch_datetime_operator.py
[2026-05-06T23:24:22.337+0000] {logging_mixin.py:188} INFO - [2026-05-06T23:24:22.337+0000] {dag.py:3096} INFO - Sync 3 DAGs
[2026-05-06T23:24:22.353+0000] {logging_mixin.py:188} INFO - [2026-05-06T23:24:22.352+0000] {dag.py:3954} INFO - Setting next_dagrun for example_branch_datetime_operator to 2026-05-05 00:00:00+00:00, run_after=2026-05-06 00:00:00+00:00
[2026-05-06T23:24:22.356+0000] {logging_mixin.py:188} INFO - [2026-05-06T23:24:22.356+0000] {dag.py:3954} INFO - Setting next_dagrun for example_branch_datetime_operator_2 to 2026-05-05 00:00:00+00:00, run_after=2026-05-06 00:00:00+00:00
[2026-05-06T23:24:22.357+0000] {logging_mixin.py:188} INFO - [2026-05-06T23:24:22.357+0000] {dag.py:3954} INFO - Setting next_dagrun for example_branch_datetime_operator_3 to 2026-05-05 00:00:00+00:00, run_after=2026-05-06 00:00:00+00:00
[2026-05-06T23:24:22.371+0000] {processor.py:183} INFO - Processing /usr/local/python/3.12.1/lib/python3.12/site-packages/airflow/example_dags/example_branch_datetime_operator.py took 0.068 seconds
[2026-05-06T23:25:17.594+0000] {processor.py:161} INFO - Started process (PID=17124) to work on /usr/local/python/3.12.1/lib/python3.12/site-packages/airflow/example_dags/example_branch_datetime_operator.py
[2026-05-06T23:25:17.594+0000] {processor.py:830} INFO - Processing file /usr/local/python/3.12.1/lib/python3.12/site-packages/airflow/example_dags/example_branch_datetime_operator.py for tasks to queue
[2026-05-06T23:25:17.596+0000] {logging_mixin.py:188} INFO - [2026-05-06T23:25:17.596+0000] {dagbag.py:545} INFO - Filling up the DagBag from /usr/local/python/3.12.1/lib/python3.12/site-packages/airflow/example_dags/example_branch_datetime_operator.py
[2026-05-06T23:25:17.604+0000] {processor.py:840} INFO - DAG(s) 'example_branch_datetime_operator_2', 'example_branch_datetime_operator', 'example_branch_datetime_operator_3' retrieved from /usr/local/python/3.12.1/lib/python3.12/site-packages/airflow/example_dags/example_branch_datetime_operator.py
[2026-05-06T23:25:17.620+0000] {logging_mixin.py:188} INFO - [2026-05-06T23:25:17.620+0000] {dag.py:3096} INFO - Sync 3 DAGs
[2026-05-06T23:25:17.635+0000] {logging_mixin.py:188} INFO - [2026-05-06T23:25:17.635+0000] {dag.py:3954} INFO - Setting next_dagrun for example_branch_datetime_operator to 2026-05-05 00:00:00+00:00, run_after=2026-05-06 00:00:00+00:00
[2026-05-06T23:25:17.639+0000] {logging_mixin.py:188} INFO - [2026-05-06T23:25:17.639+0000] {dag.py:3954} INFO - Setting next_dagrun for example_branch_datetime_operator_2 to 2026-05-05 00:00:00+00:00, run_after=2026-05-06 00:00:00+00:00
[2026-05-06T23:25:17.640+0000] {logging_mixin.py:188} INFO - [2026-05-06T23:25:17.640+0000] {dag.py:3954} INFO - Setting next_dagrun for example_branch_datetime_operator_3 to 2026-05-05 00:00:00+00:00, run_after=2026-05-06 00:00:00+00:00
[2026-05-06T23:25:17.655+0000] {processor.py:183} INFO - Processing /usr/local/python/3.12.1/lib/python3.12/site-packages/airflow/example_dags/example_branch_datetime_operator.py took 0.066 seconds
[2026-05-06T23:26:21.999+0000] {processor.py:161} INFO - Started process (PID=17673) to work on /usr/local/python/3.12.1/lib/python3.12/site-packages/airflow/example_dags/example_branch_datetime_operator.py
[2026-05-06T23:26:22.000+0000] {processor.py:830} INFO - Processing file /usr/local/python/3.12.1/lib/python3.12/site-packages/airflow/example_dags/example_branch_datetime_operator.py for tasks to queue
[2026-05-06T23:26:22.001+0000] {logging_mixin.py:188} INFO - [2026-05-06T23:26:22.001+0000] {dagbag.py:545} INFO - Filling up the DagBag from /usr/local/python/3.12.1/lib/python3.12/site-packages/airflow/example_dags/example_branch_datetime_operator.py
[2026-05-06T23:26:22.010+0000] {processor.py:840} INFO - DAG(s) 'example_branch_datetime_operator_3', 'example_branch_datetime_operator_2', 'example_branch_datetime_operator' retrieved from /usr/local/python/3.12.1/lib/python3.12/site-packages/airflow/example_dags/example_branch_datetime_operator.py
[2026-05-06T23:26:22.027+0000] {logging_mixin.py:188} INFO - [2026-05-06T23:26:22.026+0000] {dag.py:3096} INFO - Sync 3 DAGs
[2026-05-06T23:26:22.042+0000] {logging_mixin.py:188} INFO - [2026-05-06T23:26:22.042+0000] {dag.py:3954} INFO - Setting next_dagrun for example_branch_datetime_operator to 2026-05-05 00:00:00+00:00, run_after=2026-05-06 00:00:00+00:00
[2026-05-06T23:26:22.046+0000] {logging_mixin.py:188} INFO - [2026-05-06T23:26:22.045+0000] {dag.py:3954} INFO - Setting next_dagrun for example_branch_datetime_operator_2 to 2026-05-05 00:00:00+00:00, run_after=2026-05-06 00:00:00+00:00
[2026-05-06T23:26:22.047+0000] {logging_mixin.py:188} INFO - [2026-05-06T23:26:22.047+0000] {dag.py:3954} INFO - Setting next_dagrun for example_branch_datetime_operator_3 to 2026-05-05 00:00:00+00:00, run_after=2026-05-06 00:00:00+00:00
[2026-05-06T23:26:22.061+0000] {processor.py:183} INFO - Processing /usr/local/python/3.12.1/lib/python3.12/site-packages/airflow/example_dags/example_branch_datetime_operator.py took 0.067 seconds
[2026-05-06T23:27:16.504+0000] {processor.py:161} INFO - Started process (PID=18183) to work on /usr/local/python/3.12.1/lib/python3.12/site-packages/airflow/example_dags/example_branch_datetime_operator.py
[2026-05-06T23:27:16.505+0000] {processor.py:830} INFO - Processing file /usr/local/python/3.12.1/lib/python3.12/site-packages/airflow/example_dags/example_branch_datetime_operator.py for tasks to queue
[2026-05-06T23:27:16.506+0000] {logging_mixin.py:188} INFO - [2026-05-06T23:27:16.506+0000] {dagbag.py:545} INFO - Filling up the DagBag from /usr/local/python/3.12.1/lib/python3.12/site-packages/airflow/example_dags/example_branch_datetime_operator.py
[2026-05-06T23:27:16.514+0000] {processor.py:840} INFO - DAG(s) 'example_branch_datetime_operator', 'example_branch_datetime_operator_3', 'example_branch_datetime_operator_2' retrieved from /usr/local/python/3.12.1/lib/python3.12/site-packages/airflow/example_dags/example_branch_datetime_operator.py
[2026-05-06T23:27:16.531+0000] {logging_mixin.py:188} INFO - [2026-05-06T23:27:16.530+0000] {dag.py:3096} INFO - Sync 3 DAGs
[2026-05-06T23:27:16.546+0000] {logging_mixin.py:188} INFO - [2026-05-06T23:27:16.546+0000] {dag.py:3954} INFO - Setting next_dagrun for example_branch_datetime_operator to 2026-05-05 00:00:00+00:00, run_after=2026-05-06 00:00:00+00:00
[2026-05-06T23:27:16.549+0000] {logging_mixin.py:188} INFO - [2026-05-06T23:27:16.549+0000] {dag.py:3954} INFO - Setting next_dagrun for example_branch_datetime_operator_2 to 2026-05-05 00:00:00+00:00, run_after=2026-05-06 00:00:00+00:00
[2026-05-06T23:27:16.551+0000] {logging_mixin.py:188} INFO - [2026-05-06T23:27:16.551+0000] {dag.py:3954} INFO - Setting next_dagrun for example_branch_datetime_operator_3 to 2026-05-05 00:00:00+00:00, run_after=2026-05-06 00:00:00+00:00
[2026-05-06T23:27:16.565+0000] {processor.py:183} INFO - Processing /usr/local/python/3.12.1/lib/python3.12/site-packages/airflow/example_dags/example_branch_datetime_operator.py took 0.070 seconds
[2026-05-06T23:28:15.964+0000] {processor.py:161} INFO - Started process (PID=18759) to work on /usr/local/python/3.12.1/lib/python3.12/site-packages/airflow/example_dags/example_branch_datetime_operator.py
[2026-05-06T23:28:15.965+0000] {processor.py:830} INFO - Processing file /usr/local/python/3.12.1/lib/python3.12/site-packages/airflow/example_dags/example_branch_datetime_operator.py for tasks to queue
[2026-05-06T23:28:15.966+0000] {logging_mixin.py:188} INFO - [2026-05-06T23:28:15.966+0000] {dagbag.py:545} INFO - Filling up the DagBag from /usr/local/python/3.12.1/lib/python3.12/site-packages/airflow/example_dags/example_branch_datetime_operator.py
[2026-05-06T23:28:15.974+0000] {processor.py:840} INFO - DAG(s) 'example_branch_datetime_operator_2', 'example_branch_datetime_operator', 'example_branch_datetime_operator_3' retrieved from /usr/local/python/3.12.1/lib/python3.12/site-packages/airflow/example_dags/example_branch_datetime_operator.py
[2026-05-06T23:28:15.991+0000] {logging_mixin.py:188} INFO - [2026-05-06T23:28:15.991+0000] {dag.py:3096} INFO - Sync 3 DAGs
[2026-05-06T23:28:16.101+0000] {logging_mixin.py:188} INFO - [2026-05-06T23:28:16.101+0000] {dag.py:3954} INFO - Setting next_dagrun for example_branch_datetime_operator to 2026-05-05 00:00:00+00:00, run_after=2026-05-06 00:00:00+00:00
[2026-05-06T23:28:16.104+0000] {logging_mixin.py:188} INFO - [2026-05-06T23:28:16.104+0000] {dag.py:3954} INFO - Setting next_dagrun for example_branch_datetime_operator_2 to 2026-05-05 00:00:00+00:00, run_after=2026-05-06 00:00:00+00:00
[2026-05-06T23:28:16.106+0000] {logging_mixin.py:188} INFO - [2026-05-06T23:28:16.106+0000] {dag.py:3954} INFO - Setting next_dagrun for example_branch_datetime_operator_3 to 2026-05-05 00:00:00+00:00, run_after=2026-05-06 00:00:00+00:00
[2026-05-06T23:28:16.119+0000] {processor.py:183} INFO - Processing /usr/local/python/3.12.1/lib/python3.12/site-packages/airflow/example_dags/example_branch_datetime_operator.py took 0.159 seconds
[2026-05-06T23:32:06.577+0000] {processor.py:161} INFO - Started process (PID=20919) to work on /usr/local/python/3.12.1/lib/python3.12/site-packages/airflow/example_dags/example_branch_datetime_operator.py
[2026-05-06T23:32:06.577+0000] {processor.py:830} INFO - Processing file /usr/local/python/3.12.1/lib/python3.12/site-packages/airflow/example_dags/example_branch_datetime_operator.py for tasks to queue
[2026-05-06T23:32:06.579+0000] {logging_mixin.py:188} INFO - [2026-05-06T23:32:06.578+0000] {dagbag.py:545} INFO - Filling up the DagBag from /usr/local/python/3.12.1/lib/python3.12/site-packages/airflow/example_dags/example_branch_datetime_operator.py
[2026-05-06T23:32:06.587+0000] {processor.py:840} INFO - DAG(s) 'example_branch_datetime_operator_3', 'example_branch_datetime_operator', 'example_branch_datetime_operator_2' retrieved from /usr/local/python/3.12.1/lib/python3.12/site-packages/airflow/example_dags/example_branch_datetime_operator.py
[2026-05-06T23:32:06.604+0000] {logging_mixin.py:188} INFO - [2026-05-06T23:32:06.604+0000] {dag.py:3096} INFO - Sync 3 DAGs
[2026-05-06T23:32:06.621+0000] {logging_mixin.py:188} INFO - [2026-05-06T23:32:06.620+0000] {dag.py:3954} INFO - Setting next_dagrun for example_branch_datetime_operator to 2026-05-05 00:00:00+00:00, run_after=2026-05-06 00:00:00+00:00
[2026-05-06T23:32:06.624+0000] {logging_mixin.py:188} INFO - [2026-05-06T23:32:06.624+0000] {dag.py:3954} INFO - Setting next_dagrun for example_branch_datetime_operator_2 to 2026-05-05 00:00:00+00:00, run_after=2026-05-06 00:00:00+00:00
[2026-05-06T23:32:06.625+0000] {logging_mixin.py:188} INFO - [2026-05-06T23:32:06.625+0000] {dag.py:3954} INFO - Setting next_dagrun for example_branch_datetime_operator_3 to 2026-05-05 00:00:00+00:00, run_after=2026-05-06 00:00:00+00:00
[2026-05-06T23:32:06.640+0000] {processor.py:183} INFO - Processing /usr/local/python/3.12.1/lib/python3.12/site-packages/airflow/example_dags/example_branch_datetime_operator.py took 0.068 seconds
[2026-05-06T23:33:03.605+0000] {processor.py:161} INFO - Started process (PID=21352) to work on /usr/local/python/3.12.1/lib/python3.12/site-packages/airflow/example_dags/example_branch_datetime_operator.py
[2026-05-06T23:33:03.606+0000] {processor.py:830} INFO - Processing file /usr/local/python/3.12.1/lib/python3.12/site-packages/airflow/example_dags/example_branch_datetime_operator.py for tasks to queue
[2026-05-06T23:33:03.607+0000] {logging_mixin.py:188} INFO - [2026-05-06T23:33:03.607+0000] {dagbag.py:545} INFO - Filling up the DagBag from /usr/local/python/3.12.1/lib/python3.12/site-packages/airflow/example_dags/example_branch_datetime_operator.py
[2026-05-06T23:33:03.615+0000] {processor.py:840} INFO - DAG(s) 'example_branch_datetime_operator_3', 'example_branch_datetime_operator', 'example_branch_datetime_operator_2' retrieved from /usr/local/python/3.12.1/lib/python3.12/site-packages/airflow/example_dags/example_branch_datetime_operator.py
[2026-05-06T23:33:03.632+0000] {logging_mixin.py:188} INFO - [2026-05-06T23:33:03.632+0000] {dag.py:3096} INFO - Sync 3 DAGs
[2026-05-06T23:33:03.648+0000] {logging_mixin.py:188} INFO - [2026-05-06T23:33:03.648+0000] {dag.py:3954} INFO - Setting next_dagrun for example_branch_datetime_operator to 2026-05-05 00:00:00+00:00, run_after=2026-05-06 00:00:00+00:00
[2026-05-06T23:33:03.651+0000] {logging_mixin.py:188} INFO - [2026-05-06T23:33:03.651+0000] {dag.py:3954} INFO - Setting next_dagrun for example_branch_datetime_operator_2 to 2026-05-05 00:00:00+00:00, run_after=2026-05-06 00:00:00+00:00
[2026-05-06T23:33:03.653+0000] {logging_mixin.py:188} INFO - [2026-05-06T23:33:03.653+0000] {dag.py:3954} INFO - Setting next_dagrun for example_branch_datetime_operator_3 to 2026-05-05 00:00:00+00:00, run_after=2026-05-06 00:00:00+00:00
[2026-05-06T23:33:03.668+0000] {processor.py:183} INFO - Processing /usr/local/python/3.12.1/lib/python3.12/site-packages/airflow/example_dags/example_branch_datetime_operator.py took 0.068 seconds
[2026-05-06T23:34:00.779+0000] {processor.py:161} INFO - Started process (PID=21807) to work on /usr/local/python/3.12.1/lib/python3.12/site-packages/airflow/example_dags/example_branch_datetime_operator.py
[2026-05-06T23:34:00.780+0000] {processor.py:830} INFO - Processing file /usr/local/python/3.12.1/lib/python3.12/site-packages/airflow/example_dags/example_branch_datetime_operator.py for tasks to queue
[2026-05-06T23:34:00.781+0000] {logging_mixin.py:188} INFO - [2026-05-06T23:34:00.781+0000] {dagbag.py:545} INFO - Filling up the DagBag from /usr/local/python/3.12.1/lib/python3.12/site-packages/airflow/example_dags/example_branch_datetime_operator.py
[2026-05-06T23:34:00.789+0000] {processor.py:840} INFO - DAG(s) 'example_branch_datetime_operator_2', 'example_branch_datetime_operator_3', 'example_branch_datetime_operator' retrieved from /usr/local/python/3.12.1/lib/python3.12/site-packages/airflow/example_dags/example_branch_datetime_operator.py
[2026-05-06T23:34:00.807+0000] {logging_mixin.py:188} INFO - [2026-05-06T23:34:00.806+0000] {dag.py:3096} INFO - Sync 3 DAGs
[2026-05-06T23:34:00.823+0000] {logging_mixin.py:188} INFO - [2026-05-06T23:34:00.823+0000] {dag.py:3954} INFO - Setting next_dagrun for example_branch_datetime_operator to 2026-05-05 00:00:00+00:00, run_after=2026-05-06 00:00:00+00:00
[2026-05-06T23:34:00.827+0000] {logging_mixin.py:188} INFO - [2026-05-06T23:34:00.826+0000] {dag.py:3954} INFO - Setting next_dagrun for example_branch_datetime_operator_2 to 2026-05-05 00:00:00+00:00, run_after=2026-05-06 00:00:00+00:00
[2026-05-06T23:34:00.828+0000] {logging_mixin.py:188} INFO - [2026-05-06T23:34:00.828+0000] {dag.py:3954} INFO - Setting next_dagrun for example_branch_datetime_operator_3 to 2026-05-05 00:00:00+00:00, run_after=2026-05-06 00:00:00+00:00
[2026-05-06T23:34:00.843+0000] {processor.py:183} INFO - Processing /usr/local/python/3.12.1/lib/python3.12/site-packages/airflow/example_dags/example_branch_datetime_operator.py took 0.069 seconds
[2026-05-06T23:35:00.111+0000] {processor.py:161} INFO - Started process (PID=22291) to work on /usr/local/python/3.12.1/lib/python3.12/site-packages/airflow/example_dags/example_branch_datetime_operator.py
[2026-05-06T23:35:00.111+0000] {processor.py:830} INFO - Processing file /usr/local/python/3.12.1/lib/python3.12/site-packages/airflow/example_dags/example_branch_datetime_operator.py for tasks to queue
[2026-05-06T23:35:00.113+0000] {logging_mixin.py:188} INFO - [2026-05-06T23:35:00.112+0000] {dagbag.py:545} INFO - Filling up the DagBag from /usr/local/python/3.12.1/lib/python3.12/site-packages/airflow/example_dags/example_branch_datetime_operator.py
[2026-05-06T23:35:00.121+0000] {processor.py:840} INFO - DAG(s) 'example_branch_datetime_operator', 'example_branch_datetime_operator_3', 'example_branch_datetime_operator_2' retrieved from /usr/local/python/3.12.1/lib/python3.12/site-packages/airflow/example_dags/example_branch_datetime_operator.py
[2026-05-06T23:35:00.139+0000] {logging_mixin.py:188} INFO - [2026-05-06T23:35:00.138+0000] {dag.py:3096} INFO - Sync 3 DAGs
[2026-05-06T23:35:00.157+0000] {logging_mixin.py:188} INFO - [2026-05-06T23:35:00.156+0000] {dag.py:3954} INFO - Setting next_dagrun for example_branch_datetime_operator to 2026-05-05 00:00:00+00:00, run_after=2026-05-06 00:00:00+00:00
[2026-05-06T23:35:00.162+0000] {logging_mixin.py:188} INFO - [2026-05-06T23:35:00.162+0000] {dag.py:3954} INFO - Setting next_dagrun for example_branch_datetime_operator_2 to 2026-05-05 00:00:00+00:00, run_after=2026-05-06 00:00:00+00:00
[2026-05-06T23:35:00.165+0000] {logging_mixin.py:188} INFO - [2026-05-06T23:35:00.165+0000] {dag.py:3954} INFO - Setting next_dagrun for example_branch_datetime_operator_3 to 2026-05-05 00:00:00+00:00, run_after=2026-05-06 00:00:00+00:00
[2026-05-06T23:35:00.193+0000] {processor.py:183} INFO - Processing /usr/local/python/3.12.1/lib/python3.12/site-packages/airflow/example_dags/example_branch_datetime_operator.py took 0.087 seconds
[2026-05-06T23:35:58.179+0000] {processor.py:161} INFO - Started process (PID=22750) to work on /usr/local/python/3.12.1/lib/python3.12/site-packages/airflow/example_dags/example_branch_datetime_operator.py
[2026-05-06T23:35:58.180+0000] {processor.py:830} INFO - Processing file /usr/local/python/3.12.1/lib/python3.12/site-packages/airflow/example_dags/example_branch_datetime_operator.py for tasks to queue
[2026-05-06T23:35:58.182+0000] {logging_mixin.py:188} INFO - [2026-05-06T23:35:58.181+0000] {dagbag.py:545} INFO - Filling up the DagBag from /usr/local/python/3.12.1/lib/python3.12/site-packages/airflow/example_dags/example_branch_datetime_operator.py
[2026-05-06T23:35:58.189+0000] {processor.py:840} INFO - DAG(s) 'example_branch_datetime_operator_3', 'example_branch_datetime_operator_2', 'example_branch_datetime_operator' retrieved from /usr/local/python/3.12.1/lib/python3.12/site-packages/airflow/example_dags/example_branch_datetime_operator.py
[2026-05-06T23:35:58.209+0000] {logging_mixin.py:188} INFO - [2026-05-06T23:35:58.208+0000] {dag.py:3096} INFO - Sync 3 DAGs
[2026-05-06T23:35:58.226+0000] {logging_mixin.py:188} INFO - [2026-05-06T23:35:58.226+0000] {dag.py:3954} INFO - Setting next_dagrun for example_branch_datetime_operator to 2026-05-05 00:00:00+00:00, run_after=2026-05-06 00:00:00+00:00
[2026-05-06T23:35:58.230+0000] {logging_mixin.py:188} INFO - [2026-05-06T23:35:58.229+0000] {dag.py:3954} INFO - Setting next_dagrun for example_branch_datetime_operator_2 to 2026-05-05 00:00:00+00:00, run_after=2026-05-06 00:00:00+00:00
[2026-05-06T23:35:58.232+0000] {logging_mixin.py:188} INFO - [2026-05-06T23:35:58.231+0000] {dag.py:3954} INFO - Setting next_dagrun for example_branch_datetime_operator_3 to 2026-05-05 00:00:00+00:00, run_after=2026-05-06 00:00:00+00:00
[2026-05-06T23:35:58.247+0000] {processor.py:183} INFO - Processing /usr/local/python/3.12.1/lib/python3.12/site-packages/airflow/example_dags/example_branch_datetime_operator.py took 0.072 seconds
[2026-05-06T23:36:54.096+0000] {processor.py:161} INFO - Started process (PID=23169) to work on /usr/local/python/3.12.1/lib/python3.12/site-packages/airflow/example_dags/example_branch_datetime_operator.py
[2026-05-06T23:36:54.097+0000] {processor.py:830} INFO - Processing file /usr/local/python/3.12.1/lib/python3.12/site-packages/airflow/example_dags/example_branch_datetime_operator.py for tasks to queue
[2026-05-06T23:36:54.099+0000] {logging_mixin.py:188} INFO - [2026-05-06T23:36:54.098+0000] {dagbag.py:545} INFO - Filling up the DagBag from /usr/local/python/3.12.1/lib/python3.12/site-packages/airflow/example_dags/example_branch_datetime_operator.py
[2026-05-06T23:36:54.107+0000] {processor.py:840} INFO - DAG(s) 'example_branch_datetime_operator_3', 'example_branch_datetime_operator_2', 'example_branch_datetime_operator' retrieved from /usr/local/python/3.12.1/lib/python3.12/site-packages/airflow/example_dags/example_branch_datetime_operator.py
[2026-05-06T23:36:54.126+0000] {logging_mixin.py:188} INFO - [2026-05-06T23:36:54.125+0000] {dag.py:3096} INFO - Sync 3 DAGs
[2026-05-06T23:36:54.142+0000] {logging_mixin.py:188} INFO - [2026-05-06T23:36:54.142+0000] {dag.py:3954} INFO - Setting next_dagrun for example_branch_datetime_operator to 2026-05-05 00:00:00+00:00, run_after=2026-05-06 00:00:00+00:00
[2026-05-06T23:36:54.146+0000] {logging_mixin.py:188} INFO - [2026-05-06T23:36:54.146+0000] {dag.py:3954} INFO - Setting next_dagrun for example_branch_datetime_operator_2 to 2026-05-05 00:00:00+00:00, run_after=2026-05-06 00:00:00+00:00
[2026-05-06T23:36:54.148+0000] {logging_mixin.py:188} INFO - [2026-05-06T23:36:54.148+0000] {dag.py:3954} INFO - Setting next_dagrun for example_branch_datetime_operator_3 to 2026-05-05 00:00:00+00:00, run_after=2026-05-06 00:00:00+00:00
[2026-05-06T23:36:54.164+0000] {processor.py:183} INFO - Processing /usr/local/python/3.12.1/lib/python3.12/site-packages/airflow/example_dags/example_branch_datetime_operator.py took 0.072 seconds
[2026-05-06T23:37:53.632+0000] {processor.py:161} INFO - Started process (PID=23637) to work on /usr/local/python/3.12.1/lib/python3.12/site-packages/airflow/example_dags/example_branch_datetime_operator.py
[2026-05-06T23:37:53.633+0000] {processor.py:830} INFO - Processing file /usr/local/python/3.12.1/lib/python3.12/site-packages/airflow/example_dags/example_branch_datetime_operator.py for tasks to queue
[2026-05-06T23:37:53.634+0000] {logging_mixin.py:188} INFO - [2026-05-06T23:37:53.634+0000] {dagbag.py:545} INFO - Filling up the DagBag from /usr/local/python/3.12.1/lib/python3.12/site-packages/airflow/example_dags/example_branch_datetime_operator.py
[2026-05-06T23:37:53.642+0000] {processor.py:840} INFO - DAG(s) 'example_branch_datetime_operator_2', 'example_branch_datetime_operator_3', 'example_branch_datetime_operator' retrieved from /usr/local/python/3.12.1/lib/python3.12/site-packages/airflow/example_dags/example_branch_datetime_operator.py
[2026-05-06T23:37:53.660+0000] {logging_mixin.py:188} INFO - [2026-05-06T23:37:53.660+0000] {dag.py:3096} INFO - Sync 3 DAGs
[2026-05-06T23:37:53.677+0000] {logging_mixin.py:188} INFO - [2026-05-06T23:37:53.677+0000] {dag.py:3954} INFO - Setting next_dagrun for example_branch_datetime_operator to 2026-05-05 00:00:00+00:00, run_after=2026-05-06 00:00:00+00:00
[2026-05-06T23:37:53.681+0000] {logging_mixin.py:188} INFO - [2026-05-06T23:37:53.681+0000] {dag.py:3954} INFO - Setting next_dagrun for example_branch_datetime_operator_2 to 2026-05-05 00:00:00+00:00, run_after=2026-05-06 00:00:00+00:00
[2026-05-06T23:37:53.683+0000] {logging_mixin.py:188} INFO - [2026-05-06T23:37:53.683+0000] {dag.py:3954} INFO - Setting next_dagrun for example_branch_datetime_operator_3 to 2026-05-05 00:00:00+00:00, run_after=2026-05-06 00:00:00+00:00
[2026-05-06T23:37:53.699+0000] {processor.py:183} INFO - Processing /usr/local/python/3.12.1/lib/python3.12/site-packages/airflow/example_dags/example_branch_datetime_operator.py took 0.072 seconds
[2026-05-06T23:38:51.219+0000] {processor.py:161} INFO - Started process (PID=24095) to work on /usr/local/python/3.12.1/lib/python3.12/site-packages/airflow/example_dags/example_branch_datetime_operator.py
[2026-05-06T23:38:51.220+0000] {processor.py:830} INFO - Processing file /usr/local/python/3.12.1/lib/python3.12/site-packages/airflow/example_dags/example_branch_datetime_operator.py for tasks to queue
[2026-05-06T23:38:51.222+0000] {logging_mixin.py:188} INFO - [2026-05-06T23:38:51.221+0000] {dagbag.py:545} INFO - Filling up the DagBag from /usr/local/python/3.12.1/lib/python3.12/site-packages/airflow/example_dags/example_branch_datetime_operator.py
[2026-05-06T23:38:51.230+0000] {processor.py:840} INFO - DAG(s) 'example_branch_datetime_operator_3', 'example_branch_datetime_operator_2', 'example_branch_datetime_operator' retrieved from /usr/local/python/3.12.1/lib/python3.12/site-packages/airflow/example_dags/example_branch_datetime_operator.py
[2026-05-06T23:38:51.249+0000] {logging_mixin.py:188} INFO - [2026-05-06T23:38:51.249+0000] {dag.py:3096} INFO - Sync 3 DAGs
[2026-05-06T23:38:51.267+0000] {logging_mixin.py:188} INFO - [2026-05-06T23:38:51.266+0000] {dag.py:3954} INFO - Setting next_dagrun for example_branch_datetime_operator to 2026-05-05 00:00:00+00:00, run_after=2026-05-06 00:00:00+00:00
[2026-05-06T23:38:51.270+0000] {logging_mixin.py:188} INFO - [2026-05-06T23:38:51.270+0000] {dag.py:3954} INFO - Setting next_dagrun for example_branch_datetime_operator_2 to 2026-05-05 00:00:00+00:00, run_after=2026-05-06 00:00:00+00:00
[2026-05-06T23:38:51.273+0000] {logging_mixin.py:188} INFO - [2026-05-06T23:38:51.273+0000] {dag.py:3954} INFO - Setting next_dagrun for example_branch_datetime_operator_3 to 2026-05-05 00:00:00+00:00, run_after=2026-05-06 00:00:00+00:00
[2026-05-06T23:38:51.415+0000] {processor.py:183} INFO - Processing /usr/local/python/3.12.1/lib/python3.12/site-packages/airflow/example_dags/example_branch_datetime_operator.py took 0.201 seconds
[2026-05-06T23:39:49.378+0000] {processor.py:161} INFO - Started process (PID=24541) to work on /usr/local/python/3.12.1/lib/python3.12/site-packages/airflow/example_dags/example_branch_datetime_operator.py
[2026-05-06T23:39:49.378+0000] {processor.py:830} INFO - Processing file /usr/local/python/3.12.1/lib/python3.12/site-packages/airflow/example_dags/example_branch_datetime_operator.py for tasks to queue
[2026-05-06T23:39:49.380+0000] {logging_mixin.py:188} INFO - [2026-05-06T23:39:49.380+0000] {dagbag.py:545} INFO - Filling up the DagBag from /usr/local/python/3.12.1/lib/python3.12/site-packages/airflow/example_dags/example_branch_datetime_operator.py
[2026-05-06T23:39:49.388+0000] {processor.py:840} INFO - DAG(s) 'example_branch_datetime_operator', 'example_branch_datetime_operator_3', 'example_branch_datetime_operator_2' retrieved from /usr/local/python/3.12.1/lib/python3.12/site-packages/airflow/example_dags/example_branch_datetime_operator.py
[2026-05-06T23:39:49.406+0000] {logging_mixin.py:188} INFO - [2026-05-06T23:39:49.406+0000] {dag.py:3096} INFO - Sync 3 DAGs
[2026-05-06T23:39:49.423+0000] {logging_mixin.py:188} INFO - [2026-05-06T23:39:49.423+0000] {dag.py:3954} INFO - Setting next_dagrun for example_branch_datetime_operator to 2026-05-05 00:00:00+00:00, run_after=2026-05-06 00:00:00+00:00
[2026-05-06T23:39:49.427+0000] {logging_mixin.py:188} INFO - [2026-05-06T23:39:49.427+0000] {dag.py:3954} INFO - Setting next_dagrun for example_branch_datetime_operator_2 to 2026-05-05 00:00:00+00:00, run_after=2026-05-06 00:00:00+00:00
[2026-05-06T23:39:49.429+0000] {logging_mixin.py:188} INFO - [2026-05-06T23:39:49.429+0000] {dag.py:3954} INFO - Setting next_dagrun for example_branch_datetime_operator_3 to 2026-05-05 00:00:00+00:00, run_after=2026-05-06 00:00:00+00:00
[2026-05-06T23:39:49.444+0000] {processor.py:183} INFO - Processing /usr/local/python/3.12.1/lib/python3.12/site-packages/airflow/example_dags/example_branch_datetime_operator.py took 0.071 seconds
[2026-05-06T23:40:52.959+0000] {processor.py:161} INFO - Started process (PID=25044) to work on /usr/local/python/3.12.1/lib/python3.12/site-packages/airflow/example_dags/example_branch_datetime_operator.py
[2026-05-06T23:40:52.960+0000] {processor.py:830} INFO - Processing file /usr/local/python/3.12.1/lib/python3.12/site-packages/airflow/example_dags/example_branch_datetime_operator.py for tasks to queue
[2026-05-06T23:40:52.961+0000] {logging_mixin.py:188} INFO - [2026-05-06T23:40:52.961+0000] {dagbag.py:545} INFO - Filling up the DagBag from /usr/local/python/3.12.1/lib/python3.12/site-packages/airflow/example_dags/example_branch_datetime_operator.py
[2026-05-06T23:40:52.969+0000] {processor.py:840} INFO - DAG(s) 'example_branch_datetime_operator_2', 'example_branch_datetime_operator', 'example_branch_datetime_operator_3' retrieved from /usr/local/python/3.12.1/lib/python3.12/site-packages/airflow/example_dags/example_branch_datetime_operator.py
[2026-05-06T23:40:52.988+0000] {logging_mixin.py:188} INFO - [2026-05-06T23:40:52.988+0000] {dag.py:3096} INFO - Sync 3 DAGs
[2026-05-06T23:40:53.005+0000] {logging_mixin.py:188} INFO - [2026-05-06T23:40:53.005+0000] {dag.py:3954} INFO - Setting next_dagrun for example_branch_datetime_operator to 2026-05-05 00:00:00+00:00, run_after=2026-05-06 00:00:00+00:00
[2026-05-06T23:40:53.008+0000] {logging_mixin.py:188} INFO - [2026-05-06T23:40:53.008+0000] {dag.py:3954} INFO - Setting next_dagrun for example_branch_datetime_operator_2 to 2026-05-05 00:00:00+00:00, run_after=2026-05-06 00:00:00+00:00
[2026-05-06T23:40:53.010+0000] {logging_mixin.py:188} INFO - [2026-05-06T23:40:53.010+0000] {dag.py:3954} INFO - Setting next_dagrun for example_branch_datetime_operator_3 to 2026-05-05 00:00:00+00:00, run_after=2026-05-06 00:00:00+00:00
[2026-05-06T23:40:53.027+0000] {processor.py:183} INFO - Processing /usr/local/python/3.12.1/lib/python3.12/site-packages/airflow/example_dags/example_branch_datetime_operator.py took 0.072 seconds
[2026-05-06T23:41:48.510+0000] {processor.py:161} INFO - Started process (PID=25464) to work on /usr/local/python/3.12.1/lib/python3.12/site-packages/airflow/example_dags/example_branch_datetime_operator.py
[2026-05-06T23:41:48.511+0000] {processor.py:830} INFO - Processing file /usr/local/python/3.12.1/lib/python3.12/site-packages/airflow/example_dags/example_branch_datetime_operator.py for tasks to queue
[2026-05-06T23:41:48.512+0000] {logging_mixin.py:188} INFO - [2026-05-06T23:41:48.512+0000] {dagbag.py:545} INFO - Filling up the DagBag from /usr/local/python/3.12.1/lib/python3.12/site-packages/airflow/example_dags/example_branch_datetime_operator.py
[2026-05-06T23:41:48.520+0000] {processor.py:840} INFO - DAG(s) 'example_branch_datetime_operator_3', 'example_branch_datetime_operator_2', 'example_branch_datetime_operator' retrieved from /usr/local/python/3.12.1/lib/python3.12/site-packages/airflow/example_dags/example_branch_datetime_operator.py
[2026-05-06T23:41:48.636+0000] {logging_mixin.py:188} INFO - [2026-05-06T23:41:48.635+0000] {dag.py:3096} INFO - Sync 3 DAGs
[2026-05-06T23:41:48.649+0000] {logging_mixin.py:188} INFO - [2026-05-06T23:41:48.649+0000] {dag.py:3954} INFO - Setting next_dagrun for example_branch_datetime_operator to 2026-05-05 00:00:00+00:00, run_after=2026-05-06 00:00:00+00:00
[2026-05-06T23:41:48.653+0000] {logging_mixin.py:188} INFO - [2026-05-06T23:41:48.653+0000] {dag.py:3954} INFO - Setting next_dagrun for example_branch_datetime_operator_2 to 2026-05-05 00:00:00+00:00, run_after=2026-05-06 00:00:00+00:00
[2026-05-06T23:41:48.654+0000] {logging_mixin.py:188} INFO - [2026-05-06T23:41:48.654+0000] {dag.py:3954} INFO - Setting next_dagrun for example_branch_datetime_operator_3 to 2026-05-05 00:00:00+00:00, run_after=2026-05-06 00:00:00+00:00
[2026-05-06T23:41:48.668+0000] {processor.py:183} INFO - Processing /usr/local/python/3.12.1/lib/python3.12/site-packages/airflow/example_dags/example_branch_datetime_operator.py took 0.163 seconds
[2026-05-06T23:42:51.850+0000] {processor.py:161} INFO - Started process (PID=25950) to work on /usr/local/python/3.12.1/lib/python3.12/site-packages/airflow/example_dags/example_branch_datetime_operator.py
[2026-05-06T23:42:51.851+0000] {processor.py:830} INFO - Processing file /usr/local/python/3.12.1/lib/python3.12/site-packages/airflow/example_dags/example_branch_datetime_operator.py for tasks to queue
[2026-05-06T23:42:51.853+0000] {logging_mixin.py:188} INFO - [2026-05-06T23:42:51.852+0000] {dagbag.py:545} INFO - Filling up the DagBag from /usr/local/python/3.12.1/lib/python3.12/site-packages/airflow/example_dags/example_branch_datetime_operator.py
[2026-05-06T23:42:51.861+0000] {processor.py:840} INFO - DAG(s) 'example_branch_datetime_operator', 'example_branch_datetime_operator_3', 'example_branch_datetime_operator_2' retrieved from /usr/local/python/3.12.1/lib/python3.12/site-packages/airflow/example_dags/example_branch_datetime_operator.py
[2026-05-06T23:42:51.879+0000] {logging_mixin.py:188} INFO - [2026-05-06T23:42:51.879+0000] {dag.py:3096} INFO - Sync 3 DAGs
[2026-05-06T23:42:51.896+0000] {logging_mixin.py:188} INFO - [2026-05-06T23:42:51.896+0000] {dag.py:3954} INFO - Setting next_dagrun for example_branch_datetime_operator to 2026-05-05 00:00:00+00:00, run_after=2026-05-06 00:00:00+00:00
[2026-05-06T23:42:51.899+0000] {logging_mixin.py:188} INFO - [2026-05-06T23:42:51.899+0000] {dag.py:3954} INFO - Setting next_dagrun for example_branch_datetime_operator_2 to 2026-05-05 00:00:00+00:00, run_after=2026-05-06 00:00:00+00:00
[2026-05-06T23:42:51.901+0000] {logging_mixin.py:188} INFO - [2026-05-06T23:42:51.901+0000] {dag.py:3954} INFO - Setting next_dagrun for example_branch_datetime_operator_3 to 2026-05-05 00:00:00+00:00, run_after=2026-05-06 00:00:00+00:00
[2026-05-06T23:42:51.916+0000] {processor.py:183} INFO - Processing /usr/local/python/3.12.1/lib/python3.12/site-packages/airflow/example_dags/example_branch_datetime_operator.py took 0.070 seconds
[2026-05-06T23:43:51.804+0000] {processor.py:161} INFO - Started process (PID=26423) to work on /usr/local/python/3.12.1/lib/python3.12/site-packages/airflow/example_dags/example_branch_datetime_operator.py
[2026-05-06T23:43:51.805+0000] {processor.py:830} INFO - Processing file /usr/local/python/3.12.1/lib/python3.12/site-packages/airflow/example_dags/example_branch_datetime_operator.py for tasks to queue
[2026-05-06T23:43:51.806+0000] {logging_mixin.py:188} INFO - [2026-05-06T23:43:51.806+0000] {dagbag.py:545} INFO - Filling up the DagBag from /usr/local/python/3.12.1/lib/python3.12/site-packages/airflow/example_dags/example_branch_datetime_operator.py
[2026-05-06T23:43:51.815+0000] {processor.py:840} INFO - DAG(s) 'example_branch_datetime_operator_3', 'example_branch_datetime_operator_2', 'example_branch_datetime_operator' retrieved from /usr/local/python/3.12.1/lib/python3.12/site-packages/airflow/example_dags/example_branch_datetime_operator.py
[2026-05-06T23:43:51.833+0000] {logging_mixin.py:188} INFO - [2026-05-06T23:43:51.833+0000] {dag.py:3096} INFO - Sync 3 DAGs
[2026-05-06T23:43:51.850+0000] {logging_mixin.py:188} INFO - [2026-05-06T23:43:51.850+0000] {dag.py:3954} INFO - Setting next_dagrun for example_branch_datetime_operator to 2026-05-05 00:00:00+00:00, run_after=2026-05-06 00:00:00+00:00
[2026-05-06T23:43:51.854+0000] {logging_mixin.py:188} INFO - [2026-05-06T23:43:51.853+0000] {dag.py:3954} INFO - Setting next_dagrun for example_branch_datetime_operator_2 to 2026-05-05 00:00:00+00:00, run_after=2026-05-06 00:00:00+00:00
[2026-05-06T23:43:51.856+0000] {logging_mixin.py:188} INFO - [2026-05-06T23:43:51.855+0000] {dag.py:3954} INFO - Setting next_dagrun for example_branch_datetime_operator_3 to 2026-05-05 00:00:00+00:00, run_after=2026-05-06 00:00:00+00:00
[2026-05-06T23:43:51.870+0000] {processor.py:183} INFO - Processing /usr/local/python/3.12.1/lib/python3.12/site-packages/airflow/example_dags/example_branch_datetime_operator.py took 0.071 seconds
[2026-05-06T23:44:49.566+0000] {processor.py:161} INFO - Started process (PID=26880) to work on /usr/local/python/3.12.1/lib/python3.12/site-packages/airflow/example_dags/example_branch_datetime_operator.py
[2026-05-06T23:44:49.567+0000] {processor.py:830} INFO - Processing file /usr/local/python/3.12.1/lib/python3.12/site-packages/airflow/example_dags/example_branch_datetime_operator.py for tasks to queue
[2026-05-06T23:44:49.568+0000] {logging_mixin.py:188} INFO - [2026-05-06T23:44:49.568+0000] {dagbag.py:545} INFO - Filling up the DagBag from /usr/local/python/3.12.1/lib/python3.12/site-packages/airflow/example_dags/example_branch_datetime_operator.py
[2026-05-06T23:44:49.578+0000] {processor.py:840} INFO - DAG(s) 'example_branch_datetime_operator', 'example_branch_datetime_operator_3', 'example_branch_datetime_operator_2' retrieved from /usr/local/python/3.12.1/lib/python3.12/site-packages/airflow/example_dags/example_branch_datetime_operator.py
[2026-05-06T23:44:49.596+0000] {logging_mixin.py:188} INFO - [2026-05-06T23:44:49.596+0000] {dag.py:3096} INFO - Sync 3 DAGs
[2026-05-06T23:44:49.613+0000] {logging_mixin.py:188} INFO - [2026-05-06T23:44:49.613+0000] {dag.py:3954} INFO - Setting next_dagrun for example_branch_datetime_operator to 2026-05-05 00:00:00+00:00, run_after=2026-05-06 00:00:00+00:00
[2026-05-06T23:44:49.617+0000] {logging_mixin.py:188} INFO - [2026-05-06T23:44:49.616+0000] {dag.py:3954} INFO - Setting next_dagrun for example_branch_datetime_operator_2 to 2026-05-05 00:00:00+00:00, run_after=2026-05-06 00:00:00+00:00
[2026-05-06T23:44:49.618+0000] {logging_mixin.py:188} INFO - [2026-05-06T23:44:49.618+0000] {dag.py:3954} INFO - Setting next_dagrun for example_branch_datetime_operator_3 to 2026-05-05 00:00:00+00:00, run_after=2026-05-06 00:00:00+00:00
[2026-05-06T23:44:49.632+0000] {processor.py:183} INFO - Processing /usr/local/python/3.12.1/lib/python3.12/site-packages/airflow/example_dags/example_branch_datetime_operator.py took 0.071 seconds
[2026-05-06T23:45:45.816+0000] {processor.py:161} INFO - Started process (PID=27320) to work on /usr/local/python/3.12.1/lib/python3.12/site-packages/airflow/example_dags/example_branch_datetime_operator.py
[2026-05-06T23:45:45.816+0000] {processor.py:830} INFO - Processing file /usr/local/python/3.12.1/lib/python3.12/site-packages/airflow/example_dags/example_branch_datetime_operator.py for tasks to queue
[2026-05-06T23:45:45.818+0000] {logging_mixin.py:188} INFO - [2026-05-06T23:45:45.818+0000] {dagbag.py:545} INFO - Filling up the DagBag from /usr/local/python/3.12.1/lib/python3.12/site-packages/airflow/example_dags/example_branch_datetime_operator.py
[2026-05-06T23:45:45.826+0000] {processor.py:840} INFO - DAG(s) 'example_branch_datetime_operator_2', 'example_branch_datetime_operator_3', 'example_branch_datetime_operator' retrieved from /usr/local/python/3.12.1/lib/python3.12/site-packages/airflow/example_dags/example_branch_datetime_operator.py
[2026-05-06T23:45:45.844+0000] {logging_mixin.py:188} INFO - [2026-05-06T23:45:45.843+0000] {dag.py:3096} INFO - Sync 3 DAGs
[2026-05-06T23:45:45.860+0000] {logging_mixin.py:188} INFO - [2026-05-06T23:45:45.859+0000] {dag.py:3954} INFO - Setting next_dagrun for example_branch_datetime_operator to 2026-05-05 00:00:00+00:00, run_after=2026-05-06 00:00:00+00:00
[2026-05-06T23:45:45.863+0000] {logging_mixin.py:188} INFO - [2026-05-06T23:45:45.863+0000] {dag.py:3954} INFO - Setting next_dagrun for example_branch_datetime_operator_2 to 2026-05-05 00:00:00+00:00, run_after=2026-05-06 00:00:00+00:00
[2026-05-06T23:45:45.864+0000] {logging_mixin.py:188} INFO - [2026-05-06T23:45:45.864+0000] {dag.py:3954} INFO - Setting next_dagrun for example_branch_datetime_operator_3 to 2026-05-05 00:00:00+00:00, run_after=2026-05-06 00:00:00+00:00
[2026-05-06T23:45:45.880+0000] {processor.py:183} INFO - Processing /usr/local/python/3.12.1/lib/python3.12/site-packages/airflow/example_dags/example_branch_datetime_operator.py took 0.070 seconds
[2026-05-06T23:46:45.314+0000] {processor.py:161} INFO - Started process (PID=27774) to work on /usr/local/python/3.12.1/lib/python3.12/site-packages/airflow/example_dags/example_branch_datetime_operator.py
[2026-05-06T23:46:45.316+0000] {processor.py:830} INFO - Processing file /usr/local/python/3.12.1/lib/python3.12/site-packages/airflow/example_dags/example_branch_datetime_operator.py for tasks to queue
[2026-05-06T23:46:45.322+0000] {logging_mixin.py:188} INFO - [2026-05-06T23:46:45.322+0000] {dagbag.py:545} INFO - Filling up the DagBag from /usr/local/python/3.12.1/lib/python3.12/site-packages/airflow/example_dags/example_branch_datetime_operator.py
[2026-05-06T23:46:45.333+0000] {processor.py:840} INFO - DAG(s) 'example_branch_datetime_operator_2', 'example_branch_datetime_operator_3', 'example_branch_datetime_operator' retrieved from /usr/local/python/3.12.1/lib/python3.12/site-packages/airflow/example_dags/example_branch_datetime_operator.py
[2026-05-06T23:46:45.352+0000] {logging_mixin.py:188} INFO - [2026-05-06T23:46:45.352+0000] {dag.py:3096} INFO - Sync 3 DAGs
[2026-05-06T23:46:45.369+0000] {logging_mixin.py:188} INFO - [2026-05-06T23:46:45.369+0000] {dag.py:3954} INFO - Setting next_dagrun for example_branch_datetime_operator to 2026-05-05 00:00:00+00:00, run_after=2026-05-06 00:00:00+00:00
[2026-05-06T23:46:45.374+0000] {logging_mixin.py:188} INFO - [2026-05-06T23:46:45.374+0000] {dag.py:3954} INFO - Setting next_dagrun for example_branch_datetime_operator_2 to 2026-05-05 00:00:00+00:00, run_after=2026-05-06 00:00:00+00:00
[2026-05-06T23:46:45.376+0000] {logging_mixin.py:188} INFO - [2026-05-06T23:46:45.375+0000] {dag.py:3954} INFO - Setting next_dagrun for example_branch_datetime_operator_3 to 2026-05-05 00:00:00+00:00, run_after=2026-05-06 00:00:00+00:00
[2026-05-06T23:46:45.394+0000] {processor.py:183} INFO - Processing /usr/local/python/3.12.1/lib/python3.12/site-packages/airflow/example_dags/example_branch_datetime_operator.py took 0.087 seconds
[2026-05-06T23:47:46.349+0000] {processor.py:161} INFO - Started process (PID=28248) to work on /usr/local/python/3.12.1/lib/python3.12/site-packages/airflow/example_dags/example_branch_datetime_operator.py
[2026-05-06T23:47:46.350+0000] {processor.py:830} INFO - Processing file /usr/local/python/3.12.1/lib/python3.12/site-packages/airflow/example_dags/example_branch_datetime_operator.py for tasks to queue
[2026-05-06T23:47:46.351+0000] {logging_mixin.py:188} INFO - [2026-05-06T23:47:46.351+0000] {dagbag.py:545} INFO - Filling up the DagBag from /usr/local/python/3.12.1/lib/python3.12/site-packages/airflow/example_dags/example_branch_datetime_operator.py
[2026-05-06T23:47:46.359+0000] {processor.py:840} INFO - DAG(s) 'example_branch_datetime_operator_3', 'example_branch_datetime_operator_2', 'example_branch_datetime_operator' retrieved from /usr/local/python/3.12.1/lib/python3.12/site-packages/airflow/example_dags/example_branch_datetime_operator.py
[2026-05-06T23:47:46.377+0000] {logging_mixin.py:188} INFO - [2026-05-06T23:47:46.376+0000] {dag.py:3096} INFO - Sync 3 DAGs
[2026-05-06T23:47:46.393+0000] {logging_mixin.py:188} INFO - [2026-05-06T23:47:46.393+0000] {dag.py:3954} INFO - Setting next_dagrun for example_branch_datetime_operator to 2026-05-05 00:00:00+00:00, run_after=2026-05-06 00:00:00+00:00
[2026-05-06T23:47:46.396+0000] {logging_mixin.py:188} INFO - [2026-05-06T23:47:46.396+0000] {dag.py:3954} INFO - Setting next_dagrun for example_branch_datetime_operator_2 to 2026-05-05 00:00:00+00:00, run_after=2026-05-06 00:00:00+00:00
[2026-05-06T23:47:46.398+0000] {logging_mixin.py:188} INFO - [2026-05-06T23:47:46.398+0000] {dag.py:3954} INFO - Setting next_dagrun for example_branch_datetime_operator_3 to 2026-05-05 00:00:00+00:00, run_after=2026-05-06 00:00:00+00:00
[2026-05-06T23:47:46.413+0000] {processor.py:183} INFO - Processing /usr/local/python/3.12.1/lib/python3.12/site-packages/airflow/example_dags/example_branch_datetime_operator.py took 0.069 seconds
[2026-05-06T23:48:46.681+0000] {processor.py:161} INFO - Started process (PID=28725) to work on /usr/local/python/3.12.1/lib/python3.12/site-packages/airflow/example_dags/example_branch_datetime_operator.py
[2026-05-06T23:48:46.682+0000] {processor.py:830} INFO - Processing file /usr/local/python/3.12.1/lib/python3.12/site-packages/airflow/example_dags/example_branch_datetime_operator.py for tasks to queue
[2026-05-06T23:48:46.683+0000] {logging_mixin.py:188} INFO - [2026-05-06T23:48:46.683+0000] {dagbag.py:545} INFO - Filling up the DagBag from /usr/local/python/3.12.1/lib/python3.12/site-packages/airflow/example_dags/example_branch_datetime_operator.py
[2026-05-06T23:48:46.691+0000] {processor.py:840} INFO - DAG(s) 'example_branch_datetime_operator_3', 'example_branch_datetime_operator', 'example_branch_datetime_operator_2' retrieved from /usr/local/python/3.12.1/lib/python3.12/site-packages/airflow/example_dags/example_branch_datetime_operator.py
[2026-05-06T23:48:46.710+0000] {logging_mixin.py:188} INFO - [2026-05-06T23:48:46.709+0000] {dag.py:3096} INFO - Sync 3 DAGs
[2026-05-06T23:48:46.727+0000] {logging_mixin.py:188} INFO - [2026-05-06T23:48:46.727+0000] {dag.py:3954} INFO - Setting next_dagrun for example_branch_datetime_operator to 2026-05-05 00:00:00+00:00, run_after=2026-05-06 00:00:00+00:00
[2026-05-06T23:48:46.731+0000] {logging_mixin.py:188} INFO - [2026-05-06T23:48:46.731+0000] {dag.py:3954} INFO - Setting next_dagrun for example_branch_datetime_operator_2 to 2026-05-05 00:00:00+00:00, run_after=2026-05-06 00:00:00+00:00
[2026-05-06T23:48:46.733+0000] {logging_mixin.py:188} INFO - [2026-05-06T23:48:46.733+0000] {dag.py:3954} INFO - Setting next_dagrun for example_branch_datetime_operator_3 to 2026-05-05 00:00:00+00:00, run_after=2026-05-06 00:00:00+00:00
[2026-05-06T23:48:46.749+0000] {processor.py:183} INFO - Processing /usr/local/python/3.12.1/lib/python3.12/site-packages/airflow/example_dags/example_branch_datetime_operator.py took 0.072 seconds
[2026-05-06T23:49:42.929+0000] {processor.py:161} INFO - Started process (PID=29169) to work on /usr/local/python/3.12.1/lib/python3.12/site-packages/airflow/example_dags/example_branch_datetime_operator.py
[2026-05-06T23:49:42.929+0000] {processor.py:830} INFO - Processing file /usr/local/python/3.12.1/lib/python3.12/site-packages/airflow/example_dags/example_branch_datetime_operator.py for tasks to queue
[2026-05-06T23:49:42.931+0000] {logging_mixin.py:188} INFO - [2026-05-06T23:49:42.930+0000] {dagbag.py:545} INFO - Filling up the DagBag from /usr/local/python/3.12.1/lib/python3.12/site-packages/airflow/example_dags/example_branch_datetime_operator.py
[2026-05-06T23:49:42.939+0000] {processor.py:840} INFO - DAG(s) 'example_branch_datetime_operator', 'example_branch_datetime_operator_2', 'example_branch_datetime_operator_3' retrieved from /usr/local/python/3.12.1/lib/python3.12/site-packages/airflow/example_dags/example_branch_datetime_operator.py
[2026-05-06T23:49:42.956+0000] {logging_mixin.py:188} INFO - [2026-05-06T23:49:42.956+0000] {dag.py:3096} INFO - Sync 3 DAGs
[2026-05-06T23:49:42.973+0000] {logging_mixin.py:188} INFO - [2026-05-06T23:49:42.973+0000] {dag.py:3954} INFO - Setting next_dagrun for example_branch_datetime_operator to 2026-05-05 00:00:00+00:00, run_after=2026-05-06 00:00:00+00:00
[2026-05-06T23:49:42.976+0000] {logging_mixin.py:188} INFO - [2026-05-06T23:49:42.976+0000] {dag.py:3954} INFO - Setting next_dagrun for example_branch_datetime_operator_2 to 2026-05-05 00:00:00+00:00, run_after=2026-05-06 00:00:00+00:00
[2026-05-06T23:49:42.978+0000] {logging_mixin.py:188} INFO - [2026-05-06T23:49:42.978+0000] {dag.py:3954} INFO - Setting next_dagrun for example_branch_datetime_operator_3 to 2026-05-05 00:00:00+00:00, run_after=2026-05-06 00:00:00+00:00
[2026-05-06T23:49:42.993+0000] {processor.py:183} INFO - Processing /usr/local/python/3.12.1/lib/python3.12/site-packages/airflow/example_dags/example_branch_datetime_operator.py took 0.069 seconds
[2026-05-06T23:50:37.740+0000] {processor.py:161} INFO - Started process (PID=29587) to work on /usr/local/python/3.12.1/lib/python3.12/site-packages/airflow/example_dags/example_branch_datetime_operator.py
[2026-05-06T23:50:37.740+0000] {processor.py:830} INFO - Processing file /usr/local/python/3.12.1/lib/python3.12/site-packages/airflow/example_dags/example_branch_datetime_operator.py for tasks to queue
[2026-05-06T23:50:37.742+0000] {logging_mixin.py:188} INFO - [2026-05-06T23:50:37.741+0000] {dagbag.py:545} INFO - Filling up the DagBag from /usr/local/python/3.12.1/lib/python3.12/site-packages/airflow/example_dags/example_branch_datetime_operator.py
[2026-05-06T23:50:37.750+0000] {processor.py:840} INFO - DAG(s) 'example_branch_datetime_operator_2', 'example_branch_datetime_operator_3', 'example_branch_datetime_operator' retrieved from /usr/local/python/3.12.1/lib/python3.12/site-packages/airflow/example_dags/example_branch_datetime_operator.py
[2026-05-06T23:50:37.767+0000] {logging_mixin.py:188} INFO - [2026-05-06T23:50:37.766+0000] {dag.py:3096} INFO - Sync 3 DAGs
[2026-05-06T23:50:37.783+0000] {logging_mixin.py:188} INFO - [2026-05-06T23:50:37.783+0000] {dag.py:3954} INFO - Setting next_dagrun for example_branch_datetime_operator to 2026-05-05 00:00:00+00:00, run_after=2026-05-06 00:00:00+00:00
[2026-05-06T23:50:37.786+0000] {logging_mixin.py:188} INFO - [2026-05-06T23:50:37.786+0000] {dag.py:3954} INFO - Setting next_dagrun for example_branch_datetime_operator_2 to 2026-05-05 00:00:00+00:00, run_after=2026-05-06 00:00:00+00:00
[2026-05-06T23:50:37.788+0000] {logging_mixin.py:188} INFO - [2026-05-06T23:50:37.788+0000] {dag.py:3954} INFO - Setting next_dagrun for example_branch_datetime_operator_3 to 2026-05-05 00:00:00+00:00, run_after=2026-05-06 00:00:00+00:00
[2026-05-06T23:50:37.803+0000] {processor.py:183} INFO - Processing /usr/local/python/3.12.1/lib/python3.12/site-packages/airflow/example_dags/example_branch_datetime_operator.py took 0.068 seconds
[2026-05-06T23:51:35.835+0000] {processor.py:161} INFO - Started process (PID=30050) to work on /usr/local/python/3.12.1/lib/python3.12/site-packages/airflow/example_dags/example_branch_datetime_operator.py
[2026-05-06T23:51:35.836+0000] {processor.py:830} INFO - Processing file /usr/local/python/3.12.1/lib/python3.12/site-packages/airflow/example_dags/example_branch_datetime_operator.py for tasks to queue
[2026-05-06T23:51:35.839+0000] {logging_mixin.py:188} INFO - [2026-05-06T23:51:35.839+0000] {dagbag.py:545} INFO - Filling up the DagBag from /usr/local/python/3.12.1/lib/python3.12/site-packages/airflow/example_dags/example_branch_datetime_operator.py
[2026-05-06T23:51:35.852+0000] {processor.py:840} INFO - DAG(s) 'example_branch_datetime_operator_3', 'example_branch_datetime_operator', 'example_branch_datetime_operator_2' retrieved from /usr/local/python/3.12.1/lib/python3.12/site-packages/airflow/example_dags/example_branch_datetime_operator.py
[2026-05-06T23:51:35.875+0000] {logging_mixin.py:188} INFO - [2026-05-06T23:51:35.874+0000] {dag.py:3096} INFO - Sync 3 DAGs
[2026-05-06T23:51:35.893+0000] {logging_mixin.py:188} INFO - [2026-05-06T23:51:35.893+0000] {dag.py:3954} INFO - Setting next_dagrun for example_branch_datetime_operator to 2026-05-05 00:00:00+00:00, run_after=2026-05-06 00:00:00+00:00
[2026-05-06T23:51:35.897+0000] {logging_mixin.py:188} INFO - [2026-05-06T23:51:35.896+0000] {dag.py:3954} INFO - Setting next_dagrun for example_branch_datetime_operator_2 to 2026-05-05 00:00:00+00:00, run_after=2026-05-06 00:00:00+00:00
[2026-05-06T23:51:35.898+0000] {logging_mixin.py:188} INFO - [2026-05-06T23:51:35.898+0000] {dag.py:3954} INFO - Setting next_dagrun for example_branch_datetime_operator_3 to 2026-05-05 00:00:00+00:00, run_after=2026-05-06 00:00:00+00:00
[2026-05-06T23:51:35.915+0000] {processor.py:183} INFO - Processing /usr/local/python/3.12.1/lib/python3.12/site-packages/airflow/example_dags/example_branch_datetime_operator.py took 0.085 seconds
[2026-05-06T23:52:32.699+0000] {processor.py:161} INFO - Started process (PID=30495) to work on /usr/local/python/3.12.1/lib/python3.12/site-packages/airflow/example_dags/example_branch_datetime_operator.py
[2026-05-06T23:52:32.700+0000] {processor.py:830} INFO - Processing file /usr/local/python/3.12.1/lib/python3.12/site-packages/airflow/example_dags/example_branch_datetime_operator.py for tasks to queue
[2026-05-06T23:52:32.702+0000] {logging_mixin.py:188} INFO - [2026-05-06T23:52:32.701+0000] {dagbag.py:545} INFO - Filling up the DagBag from /usr/local/python/3.12.1/lib/python3.12/site-packages/airflow/example_dags/example_branch_datetime_operator.py
[2026-05-06T23:52:32.710+0000] {processor.py:840} INFO - DAG(s) 'example_branch_datetime_operator', 'example_branch_datetime_operator_2', 'example_branch_datetime_operator_3' retrieved from /usr/local/python/3.12.1/lib/python3.12/site-packages/airflow/example_dags/example_branch_datetime_operator.py
[2026-05-06T23:52:32.728+0000] {logging_mixin.py:188} INFO - [2026-05-06T23:52:32.727+0000] {dag.py:3096} INFO - Sync 3 DAGs
[2026-05-06T23:52:32.749+0000] {logging_mixin.py:188} INFO - [2026-05-06T23:52:32.749+0000] {dag.py:3954} INFO - Setting next_dagrun for example_branch_datetime_operator to 2026-05-05 00:00:00+00:00, run_after=2026-05-06 00:00:00+00:00
[2026-05-06T23:52:32.759+0000] {logging_mixin.py:188} INFO - [2026-05-06T23:52:32.759+0000] {dag.py:3954} INFO - Setting next_dagrun for example_branch_datetime_operator_2 to 2026-05-05 00:00:00+00:00, run_after=2026-05-06 00:00:00+00:00
[2026-05-06T23:52:32.762+0000] {logging_mixin.py:188} INFO - [2026-05-06T23:52:32.762+0000] {dag.py:3954} INFO - Setting next_dagrun for example_branch_datetime_operator_3 to 2026-05-05 00:00:00+00:00, run_after=2026-05-06 00:00:00+00:00
[2026-05-06T23:52:32.787+0000] {processor.py:183} INFO - Processing /usr/local/python/3.12.1/lib/python3.12/site-packages/airflow/example_dags/example_branch_datetime_operator.py took 0.093 seconds
[2026-05-06T23:53:33.102+0000] {processor.py:161} INFO - Started process (PID=30973) to work on /usr/local/python/3.12.1/lib/python3.12/site-packages/airflow/example_dags/example_branch_datetime_operator.py
[2026-05-06T23:53:33.104+0000] {processor.py:830} INFO - Processing file /usr/local/python/3.12.1/lib/python3.12/site-packages/airflow/example_dags/example_branch_datetime_operator.py for tasks to queue
[2026-05-06T23:53:33.107+0000] {logging_mixin.py:188} INFO - [2026-05-06T23:53:33.106+0000] {dagbag.py:545} INFO - Filling up the DagBag from /usr/local/python/3.12.1/lib/python3.12/site-packages/airflow/example_dags/example_branch_datetime_operator.py
[2026-05-06T23:53:33.121+0000] {processor.py:840} INFO - DAG(s) 'example_branch_datetime_operator_3', 'example_branch_datetime_operator', 'example_branch_datetime_operator_2' retrieved from /usr/local/python/3.12.1/lib/python3.12/site-packages/airflow/example_dags/example_branch_datetime_operator.py
[2026-05-06T23:53:33.143+0000] {logging_mixin.py:188} INFO - [2026-05-06T23:53:33.143+0000] {dag.py:3096} INFO - Sync 3 DAGs
[2026-05-06T23:53:33.165+0000] {logging_mixin.py:188} INFO - [2026-05-06T23:53:33.165+0000] {dag.py:3954} INFO - Setting next_dagrun for example_branch_datetime_operator to 2026-05-05 00:00:00+00:00, run_after=2026-05-06 00:00:00+00:00
[2026-05-06T23:53:33.169+0000] {logging_mixin.py:188} INFO - [2026-05-06T23:53:33.168+0000] {dag.py:3954} INFO - Setting next_dagrun for example_branch_datetime_operator_2 to 2026-05-05 00:00:00+00:00, run_after=2026-05-06 00:00:00+00:00
[2026-05-06T23:53:33.170+0000] {logging_mixin.py:188} INFO - [2026-05-06T23:53:33.170+0000] {dag.py:3954} INFO - Setting next_dagrun for example_branch_datetime_operator_3 to 2026-05-05 00:00:00+00:00, run_after=2026-05-06 00:00:00+00:00
[2026-05-06T23:53:33.185+0000] {processor.py:183} INFO - Processing /usr/local/python/3.12.1/lib/python3.12/site-packages/airflow/example_dags/example_branch_datetime_operator.py took 0.097 seconds
[2026-05-06T23:54:31.657+0000] {processor.py:161} INFO - Started process (PID=31410) to work on /usr/local/python/3.12.1/lib/python3.12/site-packages/airflow/example_dags/example_branch_datetime_operator.py
[2026-05-06T23:54:31.658+0000] {processor.py:830} INFO - Processing file /usr/local/python/3.12.1/lib/python3.12/site-packages/airflow/example_dags/example_branch_datetime_operator.py for tasks to queue
[2026-05-06T23:54:31.659+0000] {logging_mixin.py:188} INFO - [2026-05-06T23:54:31.659+0000] {dagbag.py:545} INFO - Filling up the DagBag from /usr/local/python/3.12.1/lib/python3.12/site-packages/airflow/example_dags/example_branch_datetime_operator.py
[2026-05-06T23:54:31.668+0000] {processor.py:840} INFO - DAG(s) 'example_branch_datetime_operator', 'example_branch_datetime_operator_3', 'example_branch_datetime_operator_2' retrieved from /usr/local/python/3.12.1/lib/python3.12/site-packages/airflow/example_dags/example_branch_datetime_operator.py
[2026-05-06T23:54:31.687+0000] {logging_mixin.py:188} INFO - [2026-05-06T23:54:31.686+0000] {dag.py:3096} INFO - Sync 3 DAGs
[2026-05-06T23:54:31.704+0000] {logging_mixin.py:188} INFO - [2026-05-06T23:54:31.704+0000] {dag.py:3954} INFO - Setting next_dagrun for example_branch_datetime_operator to 2026-05-05 00:00:00+00:00, run_after=2026-05-06 00:00:00+00:00
[2026-05-06T23:54:31.708+0000] {logging_mixin.py:188} INFO - [2026-05-06T23:54:31.708+0000] {dag.py:3954} INFO - Setting next_dagrun for example_branch_datetime_operator_2 to 2026-05-05 00:00:00+00:00, run_after=2026-05-06 00:00:00+00:00
[2026-05-06T23:54:31.710+0000] {logging_mixin.py:188} INFO - [2026-05-06T23:54:31.709+0000] {dag.py:3954} INFO - Setting next_dagrun for example_branch_datetime_operator_3 to 2026-05-05 00:00:00+00:00, run_after=2026-05-06 00:00:00+00:00
[2026-05-06T23:54:31.726+0000] {processor.py:183} INFO - Processing /usr/local/python/3.12.1/lib/python3.12/site-packages/airflow/example_dags/example_branch_datetime_operator.py took 0.076 seconds
[2026-05-06T23:55:30.079+0000] {processor.py:161} INFO - Started process (PID=31934) to work on /usr/local/python/3.12.1/lib/python3.12/site-packages/airflow/example_dags/example_branch_datetime_operator.py
[2026-05-06T23:55:30.080+0000] {processor.py:830} INFO - Processing file /usr/local/python/3.12.1/lib/python3.12/site-packages/airflow/example_dags/example_branch_datetime_operator.py for tasks to queue
[2026-05-06T23:55:30.082+0000] {logging_mixin.py:188} INFO - [2026-05-06T23:55:30.081+0000] {dagbag.py:545} INFO - Filling up the DagBag from /usr/local/python/3.12.1/lib/python3.12/site-packages/airflow/example_dags/example_branch_datetime_operator.py
[2026-05-06T23:55:30.090+0000] {processor.py:840} INFO - DAG(s) 'example_branch_datetime_operator_2', 'example_branch_datetime_operator', 'example_branch_datetime_operator_3' retrieved from /usr/local/python/3.12.1/lib/python3.12/site-packages/airflow/example_dags/example_branch_datetime_operator.py
[2026-05-06T23:55:30.109+0000] {logging_mixin.py:188} INFO - [2026-05-06T23:55:30.108+0000] {dag.py:3096} INFO - Sync 3 DAGs
[2026-05-06T23:55:30.126+0000] {logging_mixin.py:188} INFO - [2026-05-06T23:55:30.126+0000] {dag.py:3954} INFO - Setting next_dagrun for example_branch_datetime_operator to 2026-05-05 00:00:00+00:00, run_after=2026-05-06 00:00:00+00:00
[2026-05-06T23:55:30.130+0000] {logging_mixin.py:188} INFO - [2026-05-06T23:55:30.130+0000] {dag.py:3954} INFO - Setting next_dagrun for example_branch_datetime_operator_2 to 2026-05-05 00:00:00+00:00, run_after=2026-05-06 00:00:00+00:00
[2026-05-06T23:55:30.132+0000] {logging_mixin.py:188} INFO - [2026-05-06T23:55:30.132+0000] {dag.py:3954} INFO - Setting next_dagrun for example_branch_datetime_operator_3 to 2026-05-05 00:00:00+00:00, run_after=2026-05-06 00:00:00+00:00
[2026-05-06T23:55:30.148+0000] {processor.py:183} INFO - Processing /usr/local/python/3.12.1/lib/python3.12/site-packages/airflow/example_dags/example_branch_datetime_operator.py took 0.074 seconds
[2026-05-06T23:56:28.995+0000] {processor.py:161} INFO - Started process (PID=32398) to work on /usr/local/python/3.12.1/lib/python3.12/site-packages/airflow/example_dags/example_branch_datetime_operator.py
[2026-05-06T23:56:28.996+0000] {processor.py:830} INFO - Processing file /usr/local/python/3.12.1/lib/python3.12/site-packages/airflow/example_dags/example_branch_datetime_operator.py for tasks to queue
[2026-05-06T23:56:28.997+0000] {logging_mixin.py:188} INFO - [2026-05-06T23:56:28.997+0000] {dagbag.py:545} INFO - Filling up the DagBag from /usr/local/python/3.12.1/lib/python3.12/site-packages/airflow/example_dags/example_branch_datetime_operator.py
[2026-05-06T23:56:29.005+0000] {processor.py:840} INFO - DAG(s) 'example_branch_datetime_operator_2', 'example_branch_datetime_operator_3', 'example_branch_datetime_operator' retrieved from /usr/local/python/3.12.1/lib/python3.12/site-packages/airflow/example_dags/example_branch_datetime_operator.py
[2026-05-06T23:56:29.024+0000] {logging_mixin.py:188} INFO - [2026-05-06T23:56:29.024+0000] {dag.py:3096} INFO - Sync 3 DAGs
[2026-05-06T23:56:29.042+0000] {logging_mixin.py:188} INFO - [2026-05-06T23:56:29.042+0000] {dag.py:3954} INFO - Setting next_dagrun for example_branch_datetime_operator to 2026-05-05 00:00:00+00:00, run_after=2026-05-06 00:00:00+00:00
[2026-05-06T23:56:29.046+0000] {logging_mixin.py:188} INFO - [2026-05-06T23:56:29.046+0000] {dag.py:3954} INFO - Setting next_dagrun for example_branch_datetime_operator_2 to 2026-05-05 00:00:00+00:00, run_after=2026-05-06 00:00:00+00:00
[2026-05-06T23:56:29.048+0000] {logging_mixin.py:188} INFO - [2026-05-06T23:56:29.048+0000] {dag.py:3954} INFO - Setting next_dagrun for example_branch_datetime_operator_3 to 2026-05-05 00:00:00+00:00, run_after=2026-05-06 00:00:00+00:00
[2026-05-06T23:56:29.063+0000] {processor.py:183} INFO - Processing /usr/local/python/3.12.1/lib/python3.12/site-packages/airflow/example_dags/example_branch_datetime_operator.py took 0.073 seconds
[2026-05-06T23:57:25.025+0000] {processor.py:161} INFO - Started process (PID=32704) to work on /usr/local/python/3.12.1/lib/python3.12/site-packages/airflow/example_dags/example_branch_datetime_operator.py
[2026-05-06T23:57:25.026+0000] {processor.py:830} INFO - Processing file /usr/local/python/3.12.1/lib/python3.12/site-packages/airflow/example_dags/example_branch_datetime_operator.py for tasks to queue
[2026-05-06T23:57:25.027+0000] {logging_mixin.py:188} INFO - [2026-05-06T23:57:25.027+0000] {dagbag.py:545} INFO - Filling up the DagBag from /usr/local/python/3.12.1/lib/python3.12/site-packages/airflow/example_dags/example_branch_datetime_operator.py
[2026-05-06T23:57:25.035+0000] {processor.py:840} INFO - DAG(s) 'example_branch_datetime_operator_3', 'example_branch_datetime_operator_2', 'example_branch_datetime_operator' retrieved from /usr/local/python/3.12.1/lib/python3.12/site-packages/airflow/example_dags/example_branch_datetime_operator.py
[2026-05-06T23:57:25.059+0000] {logging_mixin.py:188} INFO - [2026-05-06T23:57:25.059+0000] {dag.py:3096} INFO - Sync 3 DAGs
[2026-05-06T23:57:25.076+0000] {logging_mixin.py:188} INFO - [2026-05-06T23:57:25.076+0000] {dag.py:3954} INFO - Setting next_dagrun for example_branch_datetime_operator to 2026-05-05 00:00:00+00:00, run_after=2026-05-06 00:00:00+00:00
[2026-05-06T23:57:25.080+0000] {logging_mixin.py:188} INFO - [2026-05-06T23:57:25.080+0000] {dag.py:3954} INFO - Setting next_dagrun for example_branch_datetime_operator_2 to 2026-05-05 00:00:00+00:00, run_after=2026-05-06 00:00:00+00:00
[2026-05-06T23:57:25.082+0000] {logging_mixin.py:188} INFO - [2026-05-06T23:57:25.082+0000] {dag.py:3954} INFO - Setting next_dagrun for example_branch_datetime_operator_3 to 2026-05-05 00:00:00+00:00, run_after=2026-05-06 00:00:00+00:00
[2026-05-06T23:57:25.098+0000] {processor.py:183} INFO - Processing /usr/local/python/3.12.1/lib/python3.12/site-packages/airflow/example_dags/example_branch_datetime_operator.py took 0.078 seconds
[2026-05-06T23:58:22.590+0000] {processor.py:161} INFO - Started process (PID=32993) to work on /usr/local/python/3.12.1/lib/python3.12/site-packages/airflow/example_dags/example_branch_datetime_operator.py
[2026-05-06T23:58:22.591+0000] {processor.py:830} INFO - Processing file /usr/local/python/3.12.1/lib/python3.12/site-packages/airflow/example_dags/example_branch_datetime_operator.py for tasks to queue
[2026-05-06T23:58:22.592+0000] {logging_mixin.py:188} INFO - [2026-05-06T23:58:22.592+0000] {dagbag.py:545} INFO - Filling up the DagBag from /usr/local/python/3.12.1/lib/python3.12/site-packages/airflow/example_dags/example_branch_datetime_operator.py
[2026-05-06T23:58:22.600+0000] {processor.py:840} INFO - DAG(s) 'example_branch_datetime_operator', 'example_branch_datetime_operator_3', 'example_branch_datetime_operator_2' retrieved from /usr/local/python/3.12.1/lib/python3.12/site-packages/airflow/example_dags/example_branch_datetime_operator.py
[2026-05-06T23:58:22.618+0000] {logging_mixin.py:188} INFO - [2026-05-06T23:58:22.617+0000] {dag.py:3096} INFO - Sync 3 DAGs
[2026-05-06T23:58:22.634+0000] {logging_mixin.py:188} INFO - [2026-05-06T23:58:22.634+0000] {dag.py:3954} INFO - Setting next_dagrun for example_branch_datetime_operator to 2026-05-05 00:00:00+00:00, run_after=2026-05-06 00:00:00+00:00
[2026-05-06T23:58:22.641+0000] {logging_mixin.py:188} INFO - [2026-05-06T23:58:22.641+0000] {dag.py:3954} INFO - Setting next_dagrun for example_branch_datetime_operator_2 to 2026-05-05 00:00:00+00:00, run_after=2026-05-06 00:00:00+00:00
[2026-05-06T23:58:22.646+0000] {logging_mixin.py:188} INFO - [2026-05-06T23:58:22.646+0000] {dag.py:3954} INFO - Setting next_dagrun for example_branch_datetime_operator_3 to 2026-05-05 00:00:00+00:00, run_after=2026-05-06 00:00:00+00:00
[2026-05-06T23:58:22.691+0000] {processor.py:183} INFO - Processing /usr/local/python/3.12.1/lib/python3.12/site-packages/airflow/example_dags/example_branch_datetime_operator.py took 0.106 seconds
[2026-05-06T23:59:23.144+0000] {processor.py:161} INFO - Started process (PID=33290) to work on /usr/local/python/3.12.1/lib/python3.12/site-packages/airflow/example_dags/example_branch_datetime_operator.py
[2026-05-06T23:59:23.145+0000] {processor.py:830} INFO - Processing file /usr/local/python/3.12.1/lib/python3.12/site-packages/airflow/example_dags/example_branch_datetime_operator.py for tasks to queue
[2026-05-06T23:59:23.146+0000] {logging_mixin.py:188} INFO - [2026-05-06T23:59:23.146+0000] {dagbag.py:545} INFO - Filling up the DagBag from /usr/local/python/3.12.1/lib/python3.12/site-packages/airflow/example_dags/example_branch_datetime_operator.py
[2026-05-06T23:59:23.154+0000] {processor.py:840} INFO - DAG(s) 'example_branch_datetime_operator', 'example_branch_datetime_operator_3', 'example_branch_datetime_operator_2' retrieved from /usr/local/python/3.12.1/lib/python3.12/site-packages/airflow/example_dags/example_branch_datetime_operator.py
[2026-05-06T23:59:23.179+0000] {logging_mixin.py:188} INFO - [2026-05-06T23:59:23.178+0000] {dag.py:3096} INFO - Sync 3 DAGs
[2026-05-06T23:59:23.196+0000] {logging_mixin.py:188} INFO - [2026-05-06T23:59:23.196+0000] {dag.py:3954} INFO - Setting next_dagrun for example_branch_datetime_operator to 2026-05-05 00:00:00+00:00, run_after=2026-05-06 00:00:00+00:00
[2026-05-06T23:59:23.199+0000] {logging_mixin.py:188} INFO - [2026-05-06T23:59:23.199+0000] {dag.py:3954} INFO - Setting next_dagrun for example_branch_datetime_operator_2 to 2026-05-05 00:00:00+00:00, run_after=2026-05-06 00:00:00+00:00
[2026-05-06T23:59:23.201+0000] {logging_mixin.py:188} INFO - [2026-05-06T23:59:23.201+0000] {dag.py:3954} INFO - Setting next_dagrun for example_branch_datetime_operator_3 to 2026-05-05 00:00:00+00:00, run_after=2026-05-06 00:00:00+00:00
[2026-05-06T23:59:23.216+0000] {processor.py:183} INFO - Processing /usr/local/python/3.12.1/lib/python3.12/site-packages/airflow/example_dags/example_branch_datetime_operator.py took 0.077 seconds
