[2026-05-06T23:18:53.254+0000] {processor.py:161} INFO - Started process (PID=13241) to work on /usr/local/python/3.12.1/lib/python3.12/site-packages/airflow/example_dags/example_task_group_decorator.py
[2026-05-06T23:18:53.254+0000] {processor.py:830} INFO - Processing file /usr/local/python/3.12.1/lib/python3.12/site-packages/airflow/example_dags/example_task_group_decorator.py for tasks to queue
[2026-05-06T23:18:53.256+0000] {logging_mixin.py:188} INFO - [2026-05-06T23:18:53.255+0000] {dagbag.py:545} INFO - Filling up the DagBag from /usr/local/python/3.12.1/lib/python3.12/site-packages/airflow/example_dags/example_task_group_decorator.py
[2026-05-06T23:18:53.270+0000] {processor.py:840} INFO - DAG(s) 'example_task_group_decorator' retrieved from /usr/local/python/3.12.1/lib/python3.12/site-packages/airflow/example_dags/example_task_group_decorator.py
[2026-05-06T23:18:53.385+0000] {logging_mixin.py:188} INFO - [2026-05-06T23:18:53.385+0000] {override.py:1829} INFO - Created Permission View: can delete on DAG:example_task_group_decorator
[2026-05-06T23:18:53.397+0000] {logging_mixin.py:188} INFO - [2026-05-06T23:18:53.397+0000] {override.py:1829} INFO - Created Permission View: can edit on DAG:example_task_group_decorator
[2026-05-06T23:18:53.406+0000] {logging_mixin.py:188} INFO - [2026-05-06T23:18:53.406+0000] {override.py:1829} INFO - Created Permission View: can read on DAG:example_task_group_decorator
[2026-05-06T23:18:53.407+0000] {logging_mixin.py:188} INFO - [2026-05-06T23:18:53.407+0000] {dag.py:3096} INFO - Sync 1 DAGs
[2026-05-06T23:18:53.418+0000] {logging_mixin.py:188} INFO - [2026-05-06T23:18:53.417+0000] {dag.py:3118} INFO - Creating ORM DAG for example_task_group_decorator
[2026-05-06T23:18:53.433+0000] {logging_mixin.py:188} INFO - [2026-05-06T23:18:53.432+0000] {dag.py:3954} INFO - Setting next_dagrun for example_task_group_decorator to 2026-05-05 00:00:00+00:00, run_after=2026-05-06 00:00:00+00:00
[2026-05-06T23:18:53.457+0000] {processor.py:183} INFO - Processing /usr/local/python/3.12.1/lib/python3.12/site-packages/airflow/example_dags/example_task_group_decorator.py took 0.208 seconds
[2026-05-06T23:19:44.838+0000] {processor.py:161} INFO - Started process (PID=13663) to work on /usr/local/python/3.12.1/lib/python3.12/site-packages/airflow/example_dags/example_task_group_decorator.py
[2026-05-06T23:19:44.839+0000] {processor.py:830} INFO - Processing file /usr/local/python/3.12.1/lib/python3.12/site-packages/airflow/example_dags/example_task_group_decorator.py for tasks to queue
[2026-05-06T23:19:44.840+0000] {logging_mixin.py:188} INFO - [2026-05-06T23:19:44.840+0000] {dagbag.py:545} INFO - Filling up the DagBag from /usr/local/python/3.12.1/lib/python3.12/site-packages/airflow/example_dags/example_task_group_decorator.py
[2026-05-06T23:19:44.851+0000] {processor.py:840} INFO - DAG(s) 'example_task_group_decorator' retrieved from /usr/local/python/3.12.1/lib/python3.12/site-packages/airflow/example_dags/example_task_group_decorator.py
[2026-05-06T23:19:44.867+0000] {logging_mixin.py:188} INFO - [2026-05-06T23:19:44.867+0000] {dag.py:3096} INFO - Sync 1 DAGs
[2026-05-06T23:19:44.881+0000] {logging_mixin.py:188} INFO - [2026-05-06T23:19:44.881+0000] {dag.py:3954} INFO - Setting next_dagrun for example_task_group_decorator to 2026-05-05 00:00:00+00:00, run_after=2026-05-06 00:00:00+00:00
[2026-05-06T23:19:44.897+0000] {processor.py:183} INFO - Processing /usr/local/python/3.12.1/lib/python3.12/site-packages/airflow/example_dags/example_task_group_decorator.py took 0.063 seconds
[2026-05-06T23:20:33.985+0000] {processor.py:161} INFO - Started process (PID=14132) to work on /usr/local/python/3.12.1/lib/python3.12/site-packages/airflow/example_dags/example_task_group_decorator.py
[2026-05-06T23:20:33.986+0000] {processor.py:830} INFO - Processing file /usr/local/python/3.12.1/lib/python3.12/site-packages/airflow/example_dags/example_task_group_decorator.py for tasks to queue
[2026-05-06T23:20:33.987+0000] {logging_mixin.py:188} INFO - [2026-05-06T23:20:33.987+0000] {dagbag.py:545} INFO - Filling up the DagBag from /usr/local/python/3.12.1/lib/python3.12/site-packages/airflow/example_dags/example_task_group_decorator.py
[2026-05-06T23:20:33.998+0000] {processor.py:840} INFO - DAG(s) 'example_task_group_decorator' retrieved from /usr/local/python/3.12.1/lib/python3.12/site-packages/airflow/example_dags/example_task_group_decorator.py
[2026-05-06T23:20:34.014+0000] {logging_mixin.py:188} INFO - [2026-05-06T23:20:34.013+0000] {dag.py:3096} INFO - Sync 1 DAGs
[2026-05-06T23:20:34.028+0000] {logging_mixin.py:188} INFO - [2026-05-06T23:20:34.028+0000] {dag.py:3954} INFO - Setting next_dagrun for example_task_group_decorator to 2026-05-05 00:00:00+00:00, run_after=2026-05-06 00:00:00+00:00
[2026-05-06T23:20:34.043+0000] {processor.py:183} INFO - Processing /usr/local/python/3.12.1/lib/python3.12/site-packages/airflow/example_dags/example_task_group_decorator.py took 0.064 seconds
[2026-05-06T23:21:16.041+0000] {processor.py:161} INFO - Started process (PID=14503) to work on /usr/local/python/3.12.1/lib/python3.12/site-packages/airflow/example_dags/example_task_group_decorator.py
[2026-05-06T23:21:16.042+0000] {processor.py:830} INFO - Processing file /usr/local/python/3.12.1/lib/python3.12/site-packages/airflow/example_dags/example_task_group_decorator.py for tasks to queue
[2026-05-06T23:21:16.044+0000] {logging_mixin.py:188} INFO - [2026-05-06T23:21:16.043+0000] {dagbag.py:545} INFO - Filling up the DagBag from /usr/local/python/3.12.1/lib/python3.12/site-packages/airflow/example_dags/example_task_group_decorator.py
[2026-05-06T23:21:16.054+0000] {processor.py:840} INFO - DAG(s) 'example_task_group_decorator' retrieved from /usr/local/python/3.12.1/lib/python3.12/site-packages/airflow/example_dags/example_task_group_decorator.py
[2026-05-06T23:21:16.070+0000] {logging_mixin.py:188} INFO - [2026-05-06T23:21:16.069+0000] {dag.py:3096} INFO - Sync 1 DAGs
[2026-05-06T23:21:16.084+0000] {logging_mixin.py:188} INFO - [2026-05-06T23:21:16.084+0000] {dag.py:3954} INFO - Setting next_dagrun for example_task_group_decorator to 2026-05-05 00:00:00+00:00, run_after=2026-05-06 00:00:00+00:00
[2026-05-06T23:21:16.100+0000] {processor.py:183} INFO - Processing /usr/local/python/3.12.1/lib/python3.12/site-packages/airflow/example_dags/example_task_group_decorator.py took 0.063 seconds
[2026-05-06T23:21:56.143+0000] {processor.py:161} INFO - Started process (PID=14883) to work on /usr/local/python/3.12.1/lib/python3.12/site-packages/airflow/example_dags/example_task_group_decorator.py
[2026-05-06T23:21:56.144+0000] {processor.py:830} INFO - Processing file /usr/local/python/3.12.1/lib/python3.12/site-packages/airflow/example_dags/example_task_group_decorator.py for tasks to queue
[2026-05-06T23:21:56.145+0000] {logging_mixin.py:188} INFO - [2026-05-06T23:21:56.145+0000] {dagbag.py:545} INFO - Filling up the DagBag from /usr/local/python/3.12.1/lib/python3.12/site-packages/airflow/example_dags/example_task_group_decorator.py
[2026-05-06T23:21:56.156+0000] {processor.py:840} INFO - DAG(s) 'example_task_group_decorator' retrieved from /usr/local/python/3.12.1/lib/python3.12/site-packages/airflow/example_dags/example_task_group_decorator.py
[2026-05-06T23:21:56.171+0000] {logging_mixin.py:188} INFO - [2026-05-06T23:21:56.171+0000] {dag.py:3096} INFO - Sync 1 DAGs
[2026-05-06T23:21:56.186+0000] {logging_mixin.py:188} INFO - [2026-05-06T23:21:56.186+0000] {dag.py:3954} INFO - Setting next_dagrun for example_task_group_decorator to 2026-05-05 00:00:00+00:00, run_after=2026-05-06 00:00:00+00:00
[2026-05-06T23:21:56.202+0000] {processor.py:183} INFO - Processing /usr/local/python/3.12.1/lib/python3.12/site-packages/airflow/example_dags/example_task_group_decorator.py took 0.065 seconds
[2026-05-06T23:22:38.419+0000] {processor.py:161} INFO - Started process (PID=15263) to work on /usr/local/python/3.12.1/lib/python3.12/site-packages/airflow/example_dags/example_task_group_decorator.py
[2026-05-06T23:22:38.420+0000] {processor.py:830} INFO - Processing file /usr/local/python/3.12.1/lib/python3.12/site-packages/airflow/example_dags/example_task_group_decorator.py for tasks to queue
[2026-05-06T23:22:38.421+0000] {logging_mixin.py:188} INFO - [2026-05-06T23:22:38.421+0000] {dagbag.py:545} INFO - Filling up the DagBag from /usr/local/python/3.12.1/lib/python3.12/site-packages/airflow/example_dags/example_task_group_decorator.py
[2026-05-06T23:22:38.432+0000] {processor.py:840} INFO - DAG(s) 'example_task_group_decorator' retrieved from /usr/local/python/3.12.1/lib/python3.12/site-packages/airflow/example_dags/example_task_group_decorator.py
[2026-05-06T23:22:38.448+0000] {logging_mixin.py:188} INFO - [2026-05-06T23:22:38.447+0000] {dag.py:3096} INFO - Sync 1 DAGs
[2026-05-06T23:22:38.462+0000] {logging_mixin.py:188} INFO - [2026-05-06T23:22:38.461+0000] {dag.py:3954} INFO - Setting next_dagrun for example_task_group_decorator to 2026-05-05 00:00:00+00:00, run_after=2026-05-06 00:00:00+00:00
[2026-05-06T23:22:38.488+0000] {processor.py:183} INFO - Processing /usr/local/python/3.12.1/lib/python3.12/site-packages/airflow/example_dags/example_task_group_decorator.py took 0.073 seconds
[2026-05-06T23:23:17.056+0000] {processor.py:161} INFO - Started process (PID=15603) to work on /usr/local/python/3.12.1/lib/python3.12/site-packages/airflow/example_dags/example_task_group_decorator.py
[2026-05-06T23:23:17.057+0000] {processor.py:830} INFO - Processing file /usr/local/python/3.12.1/lib/python3.12/site-packages/airflow/example_dags/example_task_group_decorator.py for tasks to queue
[2026-05-06T23:23:17.058+0000] {logging_mixin.py:188} INFO - [2026-05-06T23:23:17.058+0000] {dagbag.py:545} INFO - Filling up the DagBag from /usr/local/python/3.12.1/lib/python3.12/site-packages/airflow/example_dags/example_task_group_decorator.py
[2026-05-06T23:23:17.069+0000] {processor.py:840} INFO - DAG(s) 'example_task_group_decorator' retrieved from /usr/local/python/3.12.1/lib/python3.12/site-packages/airflow/example_dags/example_task_group_decorator.py
[2026-05-06T23:23:17.084+0000] {logging_mixin.py:188} INFO - [2026-05-06T23:23:17.084+0000] {dag.py:3096} INFO - Sync 1 DAGs
[2026-05-06T23:23:17.099+0000] {logging_mixin.py:188} INFO - [2026-05-06T23:23:17.099+0000] {dag.py:3954} INFO - Setting next_dagrun for example_task_group_decorator to 2026-05-05 00:00:00+00:00, run_after=2026-05-06 00:00:00+00:00
[2026-05-06T23:23:17.115+0000] {processor.py:183} INFO - Processing /usr/local/python/3.12.1/lib/python3.12/site-packages/airflow/example_dags/example_task_group_decorator.py took 0.063 seconds
[2026-05-06T23:23:55.848+0000] {processor.py:161} INFO - Started process (PID=16047) to work on /usr/local/python/3.12.1/lib/python3.12/site-packages/airflow/example_dags/example_task_group_decorator.py
[2026-05-06T23:23:55.849+0000] {processor.py:830} INFO - Processing file /usr/local/python/3.12.1/lib/python3.12/site-packages/airflow/example_dags/example_task_group_decorator.py for tasks to queue
[2026-05-06T23:23:55.850+0000] {logging_mixin.py:188} INFO - [2026-05-06T23:23:55.850+0000] {dagbag.py:545} INFO - Filling up the DagBag from /usr/local/python/3.12.1/lib/python3.12/site-packages/airflow/example_dags/example_task_group_decorator.py
[2026-05-06T23:23:55.862+0000] {processor.py:840} INFO - DAG(s) 'example_task_group_decorator' retrieved from /usr/local/python/3.12.1/lib/python3.12/site-packages/airflow/example_dags/example_task_group_decorator.py
[2026-05-06T23:23:55.877+0000] {logging_mixin.py:188} INFO - [2026-05-06T23:23:55.877+0000] {dag.py:3096} INFO - Sync 1 DAGs
[2026-05-06T23:23:55.891+0000] {logging_mixin.py:188} INFO - [2026-05-06T23:23:55.891+0000] {dag.py:3954} INFO - Setting next_dagrun for example_task_group_decorator to 2026-05-05 00:00:00+00:00, run_after=2026-05-06 00:00:00+00:00
[2026-05-06T23:23:55.909+0000] {processor.py:183} INFO - Processing /usr/local/python/3.12.1/lib/python3.12/site-packages/airflow/example_dags/example_task_group_decorator.py took 0.065 seconds
[2026-05-06T23:24:33.163+0000] {processor.py:161} INFO - Started process (PID=16637) to work on /usr/local/python/3.12.1/lib/python3.12/site-packages/airflow/example_dags/example_task_group_decorator.py
[2026-05-06T23:24:33.164+0000] {processor.py:830} INFO - Processing file /usr/local/python/3.12.1/lib/python3.12/site-packages/airflow/example_dags/example_task_group_decorator.py for tasks to queue
[2026-05-06T23:24:33.166+0000] {logging_mixin.py:188} INFO - [2026-05-06T23:24:33.165+0000] {dagbag.py:545} INFO - Filling up the DagBag from /usr/local/python/3.12.1/lib/python3.12/site-packages/airflow/example_dags/example_task_group_decorator.py
[2026-05-06T23:24:33.177+0000] {processor.py:840} INFO - DAG(s) 'example_task_group_decorator' retrieved from /usr/local/python/3.12.1/lib/python3.12/site-packages/airflow/example_dags/example_task_group_decorator.py
[2026-05-06T23:24:33.192+0000] {logging_mixin.py:188} INFO - [2026-05-06T23:24:33.192+0000] {dag.py:3096} INFO - Sync 1 DAGs
[2026-05-06T23:24:33.207+0000] {logging_mixin.py:188} INFO - [2026-05-06T23:24:33.207+0000] {dag.py:3954} INFO - Setting next_dagrun for example_task_group_decorator to 2026-05-05 00:00:00+00:00, run_after=2026-05-06 00:00:00+00:00
[2026-05-06T23:24:33.241+0000] {processor.py:183} INFO - Processing /usr/local/python/3.12.1/lib/python3.12/site-packages/airflow/example_dags/example_task_group_decorator.py took 0.088 seconds
[2026-05-06T23:25:11.327+0000] {processor.py:161} INFO - Started process (PID=17087) to work on /usr/local/python/3.12.1/lib/python3.12/site-packages/airflow/example_dags/example_task_group_decorator.py
[2026-05-06T23:25:11.327+0000] {processor.py:830} INFO - Processing file /usr/local/python/3.12.1/lib/python3.12/site-packages/airflow/example_dags/example_task_group_decorator.py for tasks to queue
[2026-05-06T23:25:11.329+0000] {logging_mixin.py:188} INFO - [2026-05-06T23:25:11.328+0000] {dagbag.py:545} INFO - Filling up the DagBag from /usr/local/python/3.12.1/lib/python3.12/site-packages/airflow/example_dags/example_task_group_decorator.py
[2026-05-06T23:25:11.339+0000] {processor.py:840} INFO - DAG(s) 'example_task_group_decorator' retrieved from /usr/local/python/3.12.1/lib/python3.12/site-packages/airflow/example_dags/example_task_group_decorator.py
[2026-05-06T23:25:11.355+0000] {logging_mixin.py:188} INFO - [2026-05-06T23:25:11.355+0000] {dag.py:3096} INFO - Sync 1 DAGs
[2026-05-06T23:25:11.369+0000] {logging_mixin.py:188} INFO - [2026-05-06T23:25:11.369+0000] {dag.py:3954} INFO - Setting next_dagrun for example_task_group_decorator to 2026-05-05 00:00:00+00:00, run_after=2026-05-06 00:00:00+00:00
[2026-05-06T23:25:11.385+0000] {processor.py:183} INFO - Processing /usr/local/python/3.12.1/lib/python3.12/site-packages/airflow/example_dags/example_task_group_decorator.py took 0.063 seconds
[2026-05-06T23:25:51.394+0000] {processor.py:161} INFO - Started process (PID=17403) to work on /usr/local/python/3.12.1/lib/python3.12/site-packages/airflow/example_dags/example_task_group_decorator.py
[2026-05-06T23:25:51.395+0000] {processor.py:830} INFO - Processing file /usr/local/python/3.12.1/lib/python3.12/site-packages/airflow/example_dags/example_task_group_decorator.py for tasks to queue
[2026-05-06T23:25:51.397+0000] {logging_mixin.py:188} INFO - [2026-05-06T23:25:51.396+0000] {dagbag.py:545} INFO - Filling up the DagBag from /usr/local/python/3.12.1/lib/python3.12/site-packages/airflow/example_dags/example_task_group_decorator.py
[2026-05-06T23:25:51.407+0000] {processor.py:840} INFO - DAG(s) 'example_task_group_decorator' retrieved from /usr/local/python/3.12.1/lib/python3.12/site-packages/airflow/example_dags/example_task_group_decorator.py
[2026-05-06T23:25:51.423+0000] {logging_mixin.py:188} INFO - [2026-05-06T23:25:51.423+0000] {dag.py:3096} INFO - Sync 1 DAGs
[2026-05-06T23:25:51.437+0000] {logging_mixin.py:188} INFO - [2026-05-06T23:25:51.437+0000] {dag.py:3954} INFO - Setting next_dagrun for example_task_group_decorator to 2026-05-05 00:00:00+00:00, run_after=2026-05-06 00:00:00+00:00
[2026-05-06T23:25:51.453+0000] {processor.py:183} INFO - Processing /usr/local/python/3.12.1/lib/python3.12/site-packages/airflow/example_dags/example_task_group_decorator.py took 0.063 seconds
[2026-05-06T23:26:32.278+0000] {processor.py:161} INFO - Started process (PID=17750) to work on /usr/local/python/3.12.1/lib/python3.12/site-packages/airflow/example_dags/example_task_group_decorator.py
[2026-05-06T23:26:32.279+0000] {processor.py:830} INFO - Processing file /usr/local/python/3.12.1/lib/python3.12/site-packages/airflow/example_dags/example_task_group_decorator.py for tasks to queue
[2026-05-06T23:26:32.281+0000] {logging_mixin.py:188} INFO - [2026-05-06T23:26:32.280+0000] {dagbag.py:545} INFO - Filling up the DagBag from /usr/local/python/3.12.1/lib/python3.12/site-packages/airflow/example_dags/example_task_group_decorator.py
[2026-05-06T23:26:32.293+0000] {processor.py:840} INFO - DAG(s) 'example_task_group_decorator' retrieved from /usr/local/python/3.12.1/lib/python3.12/site-packages/airflow/example_dags/example_task_group_decorator.py
[2026-05-06T23:26:32.308+0000] {logging_mixin.py:188} INFO - [2026-05-06T23:26:32.308+0000] {dag.py:3096} INFO - Sync 1 DAGs
[2026-05-06T23:26:32.322+0000] {logging_mixin.py:188} INFO - [2026-05-06T23:26:32.322+0000] {dag.py:3954} INFO - Setting next_dagrun for example_task_group_decorator to 2026-05-05 00:00:00+00:00, run_after=2026-05-06 00:00:00+00:00
[2026-05-06T23:26:32.338+0000] {processor.py:183} INFO - Processing /usr/local/python/3.12.1/lib/python3.12/site-packages/airflow/example_dags/example_task_group_decorator.py took 0.064 seconds
[2026-05-06T23:27:09.361+0000] {processor.py:161} INFO - Started process (PID=18099) to work on /usr/local/python/3.12.1/lib/python3.12/site-packages/airflow/example_dags/example_task_group_decorator.py
[2026-05-06T23:27:09.361+0000] {processor.py:830} INFO - Processing file /usr/local/python/3.12.1/lib/python3.12/site-packages/airflow/example_dags/example_task_group_decorator.py for tasks to queue
[2026-05-06T23:27:09.363+0000] {logging_mixin.py:188} INFO - [2026-05-06T23:27:09.362+0000] {dagbag.py:545} INFO - Filling up the DagBag from /usr/local/python/3.12.1/lib/python3.12/site-packages/airflow/example_dags/example_task_group_decorator.py
[2026-05-06T23:27:09.375+0000] {processor.py:840} INFO - DAG(s) 'example_task_group_decorator' retrieved from /usr/local/python/3.12.1/lib/python3.12/site-packages/airflow/example_dags/example_task_group_decorator.py
[2026-05-06T23:27:09.391+0000] {logging_mixin.py:188} INFO - [2026-05-06T23:27:09.391+0000] {dag.py:3096} INFO - Sync 1 DAGs
[2026-05-06T23:27:09.405+0000] {logging_mixin.py:188} INFO - [2026-05-06T23:27:09.405+0000] {dag.py:3954} INFO - Setting next_dagrun for example_task_group_decorator to 2026-05-05 00:00:00+00:00, run_after=2026-05-06 00:00:00+00:00
[2026-05-06T23:27:09.421+0000] {processor.py:183} INFO - Processing /usr/local/python/3.12.1/lib/python3.12/site-packages/airflow/example_dags/example_task_group_decorator.py took 0.065 seconds
[2026-05-06T23:27:47.992+0000] {processor.py:161} INFO - Started process (PID=18509) to work on /usr/local/python/3.12.1/lib/python3.12/site-packages/airflow/example_dags/example_task_group_decorator.py
[2026-05-06T23:27:47.992+0000] {processor.py:830} INFO - Processing file /usr/local/python/3.12.1/lib/python3.12/site-packages/airflow/example_dags/example_task_group_decorator.py for tasks to queue
[2026-05-06T23:27:47.994+0000] {logging_mixin.py:188} INFO - [2026-05-06T23:27:47.994+0000] {dagbag.py:545} INFO - Filling up the DagBag from /usr/local/python/3.12.1/lib/python3.12/site-packages/airflow/example_dags/example_task_group_decorator.py
[2026-05-06T23:27:48.005+0000] {processor.py:840} INFO - DAG(s) 'example_task_group_decorator' retrieved from /usr/local/python/3.12.1/lib/python3.12/site-packages/airflow/example_dags/example_task_group_decorator.py
[2026-05-06T23:27:48.021+0000] {logging_mixin.py:188} INFO - [2026-05-06T23:27:48.021+0000] {dag.py:3096} INFO - Sync 1 DAGs
[2026-05-06T23:27:48.035+0000] {logging_mixin.py:188} INFO - [2026-05-06T23:27:48.035+0000] {dag.py:3954} INFO - Setting next_dagrun for example_task_group_decorator to 2026-05-05 00:00:00+00:00, run_after=2026-05-06 00:00:00+00:00
[2026-05-06T23:27:48.051+0000] {processor.py:183} INFO - Processing /usr/local/python/3.12.1/lib/python3.12/site-packages/airflow/example_dags/example_task_group_decorator.py took 0.064 seconds
[2026-05-06T23:28:28.712+0000] {processor.py:161} INFO - Started process (PID=18859) to work on /usr/local/python/3.12.1/lib/python3.12/site-packages/airflow/example_dags/example_task_group_decorator.py
[2026-05-06T23:28:28.715+0000] {processor.py:830} INFO - Processing file /usr/local/python/3.12.1/lib/python3.12/site-packages/airflow/example_dags/example_task_group_decorator.py for tasks to queue
[2026-05-06T23:28:28.723+0000] {logging_mixin.py:188} INFO - [2026-05-06T23:28:28.722+0000] {dagbag.py:545} INFO - Filling up the DagBag from /usr/local/python/3.12.1/lib/python3.12/site-packages/airflow/example_dags/example_task_group_decorator.py
[2026-05-06T23:28:28.749+0000] {processor.py:840} INFO - DAG(s) 'example_task_group_decorator' retrieved from /usr/local/python/3.12.1/lib/python3.12/site-packages/airflow/example_dags/example_task_group_decorator.py
[2026-05-06T23:28:28.794+0000] {logging_mixin.py:188} INFO - [2026-05-06T23:28:28.794+0000] {dag.py:3096} INFO - Sync 1 DAGs
[2026-05-06T23:28:28.911+0000] {logging_mixin.py:188} INFO - [2026-05-06T23:28:28.911+0000] {dag.py:3954} INFO - Setting next_dagrun for example_task_group_decorator to 2026-05-05 00:00:00+00:00, run_after=2026-05-06 00:00:00+00:00
[2026-05-06T23:28:28.927+0000] {processor.py:183} INFO - Processing /usr/local/python/3.12.1/lib/python3.12/site-packages/airflow/example_dags/example_task_group_decorator.py took 0.237 seconds
[2026-05-06T23:31:37.367+0000] {processor.py:161} INFO - Started process (PID=20683) to work on /usr/local/python/3.12.1/lib/python3.12/site-packages/airflow/example_dags/example_task_group_decorator.py
[2026-05-06T23:31:37.368+0000] {processor.py:830} INFO - Processing file /usr/local/python/3.12.1/lib/python3.12/site-packages/airflow/example_dags/example_task_group_decorator.py for tasks to queue
[2026-05-06T23:31:37.369+0000] {logging_mixin.py:188} INFO - [2026-05-06T23:31:37.369+0000] {dagbag.py:545} INFO - Filling up the DagBag from /usr/local/python/3.12.1/lib/python3.12/site-packages/airflow/example_dags/example_task_group_decorator.py
[2026-05-06T23:31:37.384+0000] {processor.py:840} INFO - DAG(s) 'example_task_group_decorator' retrieved from /usr/local/python/3.12.1/lib/python3.12/site-packages/airflow/example_dags/example_task_group_decorator.py
[2026-05-06T23:31:37.401+0000] {logging_mixin.py:188} INFO - [2026-05-06T23:31:37.401+0000] {dag.py:3096} INFO - Sync 1 DAGs
[2026-05-06T23:31:37.416+0000] {logging_mixin.py:188} INFO - [2026-05-06T23:31:37.416+0000] {dag.py:3954} INFO - Setting next_dagrun for example_task_group_decorator to 2026-05-05 00:00:00+00:00, run_after=2026-05-06 00:00:00+00:00
[2026-05-06T23:31:37.432+0000] {processor.py:183} INFO - Processing /usr/local/python/3.12.1/lib/python3.12/site-packages/airflow/example_dags/example_task_group_decorator.py took 0.070 seconds
[2026-05-06T23:32:24.855+0000] {processor.py:161} INFO - Started process (PID=21065) to work on /usr/local/python/3.12.1/lib/python3.12/site-packages/airflow/example_dags/example_task_group_decorator.py
[2026-05-06T23:32:24.856+0000] {processor.py:830} INFO - Processing file /usr/local/python/3.12.1/lib/python3.12/site-packages/airflow/example_dags/example_task_group_decorator.py for tasks to queue
[2026-05-06T23:32:24.857+0000] {logging_mixin.py:188} INFO - [2026-05-06T23:32:24.857+0000] {dagbag.py:545} INFO - Filling up the DagBag from /usr/local/python/3.12.1/lib/python3.12/site-packages/airflow/example_dags/example_task_group_decorator.py
[2026-05-06T23:32:24.868+0000] {processor.py:840} INFO - DAG(s) 'example_task_group_decorator' retrieved from /usr/local/python/3.12.1/lib/python3.12/site-packages/airflow/example_dags/example_task_group_decorator.py
[2026-05-06T23:32:24.885+0000] {logging_mixin.py:188} INFO - [2026-05-06T23:32:24.885+0000] {dag.py:3096} INFO - Sync 1 DAGs
[2026-05-06T23:32:24.900+0000] {logging_mixin.py:188} INFO - [2026-05-06T23:32:24.900+0000] {dag.py:3954} INFO - Setting next_dagrun for example_task_group_decorator to 2026-05-05 00:00:00+00:00, run_after=2026-05-06 00:00:00+00:00
[2026-05-06T23:32:24.916+0000] {processor.py:183} INFO - Processing /usr/local/python/3.12.1/lib/python3.12/site-packages/airflow/example_dags/example_task_group_decorator.py took 0.066 seconds
[2026-05-06T23:33:15.027+0000] {processor.py:161} INFO - Started process (PID=21442) to work on /usr/local/python/3.12.1/lib/python3.12/site-packages/airflow/example_dags/example_task_group_decorator.py
[2026-05-06T23:33:15.028+0000] {processor.py:830} INFO - Processing file /usr/local/python/3.12.1/lib/python3.12/site-packages/airflow/example_dags/example_task_group_decorator.py for tasks to queue
[2026-05-06T23:33:15.030+0000] {logging_mixin.py:188} INFO - [2026-05-06T23:33:15.030+0000] {dagbag.py:545} INFO - Filling up the DagBag from /usr/local/python/3.12.1/lib/python3.12/site-packages/airflow/example_dags/example_task_group_decorator.py
[2026-05-06T23:33:15.048+0000] {processor.py:840} INFO - DAG(s) 'example_task_group_decorator' retrieved from /usr/local/python/3.12.1/lib/python3.12/site-packages/airflow/example_dags/example_task_group_decorator.py
[2026-05-06T23:33:15.069+0000] {logging_mixin.py:188} INFO - [2026-05-06T23:33:15.069+0000] {dag.py:3096} INFO - Sync 1 DAGs
[2026-05-06T23:33:15.084+0000] {logging_mixin.py:188} INFO - [2026-05-06T23:33:15.084+0000] {dag.py:3954} INFO - Setting next_dagrun for example_task_group_decorator to 2026-05-05 00:00:00+00:00, run_after=2026-05-06 00:00:00+00:00
[2026-05-06T23:33:15.101+0000] {processor.py:183} INFO - Processing /usr/local/python/3.12.1/lib/python3.12/site-packages/airflow/example_dags/example_task_group_decorator.py took 0.080 seconds
[2026-05-06T23:33:54.246+0000] {processor.py:161} INFO - Started process (PID=21747) to work on /usr/local/python/3.12.1/lib/python3.12/site-packages/airflow/example_dags/example_task_group_decorator.py
[2026-05-06T23:33:54.246+0000] {processor.py:830} INFO - Processing file /usr/local/python/3.12.1/lib/python3.12/site-packages/airflow/example_dags/example_task_group_decorator.py for tasks to queue
[2026-05-06T23:33:54.248+0000] {logging_mixin.py:188} INFO - [2026-05-06T23:33:54.247+0000] {dagbag.py:545} INFO - Filling up the DagBag from /usr/local/python/3.12.1/lib/python3.12/site-packages/airflow/example_dags/example_task_group_decorator.py
[2026-05-06T23:33:54.259+0000] {processor.py:840} INFO - DAG(s) 'example_task_group_decorator' retrieved from /usr/local/python/3.12.1/lib/python3.12/site-packages/airflow/example_dags/example_task_group_decorator.py
[2026-05-06T23:33:54.275+0000] {logging_mixin.py:188} INFO - [2026-05-06T23:33:54.275+0000] {dag.py:3096} INFO - Sync 1 DAGs
[2026-05-06T23:33:54.290+0000] {logging_mixin.py:188} INFO - [2026-05-06T23:33:54.290+0000] {dag.py:3954} INFO - Setting next_dagrun for example_task_group_decorator to 2026-05-05 00:00:00+00:00, run_after=2026-05-06 00:00:00+00:00
[2026-05-06T23:33:54.306+0000] {processor.py:183} INFO - Processing /usr/local/python/3.12.1/lib/python3.12/site-packages/airflow/example_dags/example_task_group_decorator.py took 0.065 seconds
[2026-05-06T23:34:34.431+0000] {processor.py:161} INFO - Started process (PID=22084) to work on /usr/local/python/3.12.1/lib/python3.12/site-packages/airflow/example_dags/example_task_group_decorator.py
[2026-05-06T23:34:34.432+0000] {processor.py:830} INFO - Processing file /usr/local/python/3.12.1/lib/python3.12/site-packages/airflow/example_dags/example_task_group_decorator.py for tasks to queue
[2026-05-06T23:34:34.433+0000] {logging_mixin.py:188} INFO - [2026-05-06T23:34:34.433+0000] {dagbag.py:545} INFO - Filling up the DagBag from /usr/local/python/3.12.1/lib/python3.12/site-packages/airflow/example_dags/example_task_group_decorator.py
[2026-05-06T23:34:34.445+0000] {processor.py:840} INFO - DAG(s) 'example_task_group_decorator' retrieved from /usr/local/python/3.12.1/lib/python3.12/site-packages/airflow/example_dags/example_task_group_decorator.py
[2026-05-06T23:34:34.461+0000] {logging_mixin.py:188} INFO - [2026-05-06T23:34:34.460+0000] {dag.py:3096} INFO - Sync 1 DAGs
[2026-05-06T23:34:34.476+0000] {logging_mixin.py:188} INFO - [2026-05-06T23:34:34.476+0000] {dag.py:3954} INFO - Setting next_dagrun for example_task_group_decorator to 2026-05-05 00:00:00+00:00, run_after=2026-05-06 00:00:00+00:00
[2026-05-06T23:34:34.492+0000] {processor.py:183} INFO - Processing /usr/local/python/3.12.1/lib/python3.12/site-packages/airflow/example_dags/example_task_group_decorator.py took 0.065 seconds
[2026-05-06T23:35:12.371+0000] {processor.py:161} INFO - Started process (PID=22381) to work on /usr/local/python/3.12.1/lib/python3.12/site-packages/airflow/example_dags/example_task_group_decorator.py
[2026-05-06T23:35:12.371+0000] {processor.py:830} INFO - Processing file /usr/local/python/3.12.1/lib/python3.12/site-packages/airflow/example_dags/example_task_group_decorator.py for tasks to queue
[2026-05-06T23:35:12.373+0000] {logging_mixin.py:188} INFO - [2026-05-06T23:35:12.372+0000] {dagbag.py:545} INFO - Filling up the DagBag from /usr/local/python/3.12.1/lib/python3.12/site-packages/airflow/example_dags/example_task_group_decorator.py
[2026-05-06T23:35:12.384+0000] {processor.py:840} INFO - DAG(s) 'example_task_group_decorator' retrieved from /usr/local/python/3.12.1/lib/python3.12/site-packages/airflow/example_dags/example_task_group_decorator.py
[2026-05-06T23:35:12.400+0000] {logging_mixin.py:188} INFO - [2026-05-06T23:35:12.399+0000] {dag.py:3096} INFO - Sync 1 DAGs
[2026-05-06T23:35:12.415+0000] {logging_mixin.py:188} INFO - [2026-05-06T23:35:12.414+0000] {dag.py:3954} INFO - Setting next_dagrun for example_task_group_decorator to 2026-05-05 00:00:00+00:00, run_after=2026-05-06 00:00:00+00:00
[2026-05-06T23:35:12.431+0000] {processor.py:183} INFO - Processing /usr/local/python/3.12.1/lib/python3.12/site-packages/airflow/example_dags/example_task_group_decorator.py took 0.065 seconds
[2026-05-06T23:35:51.372+0000] {processor.py:161} INFO - Started process (PID=22690) to work on /usr/local/python/3.12.1/lib/python3.12/site-packages/airflow/example_dags/example_task_group_decorator.py
[2026-05-06T23:35:51.373+0000] {processor.py:830} INFO - Processing file /usr/local/python/3.12.1/lib/python3.12/site-packages/airflow/example_dags/example_task_group_decorator.py for tasks to queue
[2026-05-06T23:35:51.374+0000] {logging_mixin.py:188} INFO - [2026-05-06T23:35:51.374+0000] {dagbag.py:545} INFO - Filling up the DagBag from /usr/local/python/3.12.1/lib/python3.12/site-packages/airflow/example_dags/example_task_group_decorator.py
[2026-05-06T23:35:51.386+0000] {processor.py:840} INFO - DAG(s) 'example_task_group_decorator' retrieved from /usr/local/python/3.12.1/lib/python3.12/site-packages/airflow/example_dags/example_task_group_decorator.py
[2026-05-06T23:35:51.402+0000] {logging_mixin.py:188} INFO - [2026-05-06T23:35:51.402+0000] {dag.py:3096} INFO - Sync 1 DAGs
[2026-05-06T23:35:51.417+0000] {logging_mixin.py:188} INFO - [2026-05-06T23:35:51.417+0000] {dag.py:3954} INFO - Setting next_dagrun for example_task_group_decorator to 2026-05-05 00:00:00+00:00, run_after=2026-05-06 00:00:00+00:00
[2026-05-06T23:35:51.434+0000] {processor.py:183} INFO - Processing /usr/local/python/3.12.1/lib/python3.12/site-packages/airflow/example_dags/example_task_group_decorator.py took 0.067 seconds
[2026-05-06T23:36:29.719+0000] {processor.py:161} INFO - Started process (PID=22992) to work on /usr/local/python/3.12.1/lib/python3.12/site-packages/airflow/example_dags/example_task_group_decorator.py
[2026-05-06T23:36:29.719+0000] {processor.py:830} INFO - Processing file /usr/local/python/3.12.1/lib/python3.12/site-packages/airflow/example_dags/example_task_group_decorator.py for tasks to queue
[2026-05-06T23:36:29.721+0000] {logging_mixin.py:188} INFO - [2026-05-06T23:36:29.721+0000] {dagbag.py:545} INFO - Filling up the DagBag from /usr/local/python/3.12.1/lib/python3.12/site-packages/airflow/example_dags/example_task_group_decorator.py
[2026-05-06T23:36:29.732+0000] {processor.py:840} INFO - DAG(s) 'example_task_group_decorator' retrieved from /usr/local/python/3.12.1/lib/python3.12/site-packages/airflow/example_dags/example_task_group_decorator.py
[2026-05-06T23:36:29.748+0000] {logging_mixin.py:188} INFO - [2026-05-06T23:36:29.748+0000] {dag.py:3096} INFO - Sync 1 DAGs
[2026-05-06T23:36:29.763+0000] {logging_mixin.py:188} INFO - [2026-05-06T23:36:29.763+0000] {dag.py:3954} INFO - Setting next_dagrun for example_task_group_decorator to 2026-05-05 00:00:00+00:00, run_after=2026-05-06 00:00:00+00:00
[2026-05-06T23:36:29.779+0000] {processor.py:183} INFO - Processing /usr/local/python/3.12.1/lib/python3.12/site-packages/airflow/example_dags/example_task_group_decorator.py took 0.065 seconds
[2026-05-06T23:37:06.825+0000] {processor.py:161} INFO - Started process (PID=23267) to work on /usr/local/python/3.12.1/lib/python3.12/site-packages/airflow/example_dags/example_task_group_decorator.py
[2026-05-06T23:37:06.825+0000] {processor.py:830} INFO - Processing file /usr/local/python/3.12.1/lib/python3.12/site-packages/airflow/example_dags/example_task_group_decorator.py for tasks to queue
[2026-05-06T23:37:06.827+0000] {logging_mixin.py:188} INFO - [2026-05-06T23:37:06.827+0000] {dagbag.py:545} INFO - Filling up the DagBag from /usr/local/python/3.12.1/lib/python3.12/site-packages/airflow/example_dags/example_task_group_decorator.py
[2026-05-06T23:37:06.839+0000] {processor.py:840} INFO - DAG(s) 'example_task_group_decorator' retrieved from /usr/local/python/3.12.1/lib/python3.12/site-packages/airflow/example_dags/example_task_group_decorator.py
[2026-05-06T23:37:06.860+0000] {logging_mixin.py:188} INFO - [2026-05-06T23:37:06.860+0000] {dag.py:3096} INFO - Sync 1 DAGs
[2026-05-06T23:37:06.876+0000] {logging_mixin.py:188} INFO - [2026-05-06T23:37:06.875+0000] {dag.py:3954} INFO - Setting next_dagrun for example_task_group_decorator to 2026-05-05 00:00:00+00:00, run_after=2026-05-06 00:00:00+00:00
[2026-05-06T23:37:06.894+0000] {processor.py:183} INFO - Processing /usr/local/python/3.12.1/lib/python3.12/site-packages/airflow/example_dags/example_task_group_decorator.py took 0.075 seconds
[2026-05-06T23:37:47.294+0000] {processor.py:161} INFO - Started process (PID=23583) to work on /usr/local/python/3.12.1/lib/python3.12/site-packages/airflow/example_dags/example_task_group_decorator.py
[2026-05-06T23:37:47.295+0000] {processor.py:830} INFO - Processing file /usr/local/python/3.12.1/lib/python3.12/site-packages/airflow/example_dags/example_task_group_decorator.py for tasks to queue
[2026-05-06T23:37:47.296+0000] {logging_mixin.py:188} INFO - [2026-05-06T23:37:47.296+0000] {dagbag.py:545} INFO - Filling up the DagBag from /usr/local/python/3.12.1/lib/python3.12/site-packages/airflow/example_dags/example_task_group_decorator.py
[2026-05-06T23:37:47.308+0000] {processor.py:840} INFO - DAG(s) 'example_task_group_decorator' retrieved from /usr/local/python/3.12.1/lib/python3.12/site-packages/airflow/example_dags/example_task_group_decorator.py
[2026-05-06T23:37:47.325+0000] {logging_mixin.py:188} INFO - [2026-05-06T23:37:47.325+0000] {dag.py:3096} INFO - Sync 1 DAGs
[2026-05-06T23:37:47.443+0000] {logging_mixin.py:188} INFO - [2026-05-06T23:37:47.443+0000] {dag.py:3954} INFO - Setting next_dagrun for example_task_group_decorator to 2026-05-05 00:00:00+00:00, run_after=2026-05-06 00:00:00+00:00
[2026-05-06T23:37:47.459+0000] {processor.py:183} INFO - Processing /usr/local/python/3.12.1/lib/python3.12/site-packages/airflow/example_dags/example_task_group_decorator.py took 0.170 seconds
[2026-05-06T23:38:25.336+0000] {processor.py:161} INFO - Started process (PID=23886) to work on /usr/local/python/3.12.1/lib/python3.12/site-packages/airflow/example_dags/example_task_group_decorator.py
[2026-05-06T23:38:25.337+0000] {processor.py:830} INFO - Processing file /usr/local/python/3.12.1/lib/python3.12/site-packages/airflow/example_dags/example_task_group_decorator.py for tasks to queue
[2026-05-06T23:38:25.338+0000] {logging_mixin.py:188} INFO - [2026-05-06T23:38:25.338+0000] {dagbag.py:545} INFO - Filling up the DagBag from /usr/local/python/3.12.1/lib/python3.12/site-packages/airflow/example_dags/example_task_group_decorator.py
[2026-05-06T23:38:25.350+0000] {processor.py:840} INFO - DAG(s) 'example_task_group_decorator' retrieved from /usr/local/python/3.12.1/lib/python3.12/site-packages/airflow/example_dags/example_task_group_decorator.py
[2026-05-06T23:38:25.366+0000] {logging_mixin.py:188} INFO - [2026-05-06T23:38:25.366+0000] {dag.py:3096} INFO - Sync 1 DAGs
[2026-05-06T23:38:25.382+0000] {logging_mixin.py:188} INFO - [2026-05-06T23:38:25.382+0000] {dag.py:3954} INFO - Setting next_dagrun for example_task_group_decorator to 2026-05-05 00:00:00+00:00, run_after=2026-05-06 00:00:00+00:00
[2026-05-06T23:38:25.399+0000] {processor.py:183} INFO - Processing /usr/local/python/3.12.1/lib/python3.12/site-packages/airflow/example_dags/example_task_group_decorator.py took 0.068 seconds
[2026-05-06T23:39:04.158+0000] {processor.py:161} INFO - Started process (PID=24193) to work on /usr/local/python/3.12.1/lib/python3.12/site-packages/airflow/example_dags/example_task_group_decorator.py
[2026-05-06T23:39:04.159+0000] {processor.py:830} INFO - Processing file /usr/local/python/3.12.1/lib/python3.12/site-packages/airflow/example_dags/example_task_group_decorator.py for tasks to queue
[2026-05-06T23:39:04.160+0000] {logging_mixin.py:188} INFO - [2026-05-06T23:39:04.160+0000] {dagbag.py:545} INFO - Filling up the DagBag from /usr/local/python/3.12.1/lib/python3.12/site-packages/airflow/example_dags/example_task_group_decorator.py
[2026-05-06T23:39:04.171+0000] {processor.py:840} INFO - DAG(s) 'example_task_group_decorator' retrieved from /usr/local/python/3.12.1/lib/python3.12/site-packages/airflow/example_dags/example_task_group_decorator.py
[2026-05-06T23:39:04.187+0000] {logging_mixin.py:188} INFO - [2026-05-06T23:39:04.187+0000] {dag.py:3096} INFO - Sync 1 DAGs
[2026-05-06T23:39:04.301+0000] {logging_mixin.py:188} INFO - [2026-05-06T23:39:04.300+0000] {dag.py:3954} INFO - Setting next_dagrun for example_task_group_decorator to 2026-05-05 00:00:00+00:00, run_after=2026-05-06 00:00:00+00:00
[2026-05-06T23:39:04.317+0000] {processor.py:183} INFO - Processing /usr/local/python/3.12.1/lib/python3.12/site-packages/airflow/example_dags/example_task_group_decorator.py took 0.164 seconds
[2026-05-06T23:39:42.468+0000] {processor.py:161} INFO - Started process (PID=24497) to work on /usr/local/python/3.12.1/lib/python3.12/site-packages/airflow/example_dags/example_task_group_decorator.py
[2026-05-06T23:39:42.468+0000] {processor.py:830} INFO - Processing file /usr/local/python/3.12.1/lib/python3.12/site-packages/airflow/example_dags/example_task_group_decorator.py for tasks to queue
[2026-05-06T23:39:42.470+0000] {logging_mixin.py:188} INFO - [2026-05-06T23:39:42.470+0000] {dagbag.py:545} INFO - Filling up the DagBag from /usr/local/python/3.12.1/lib/python3.12/site-packages/airflow/example_dags/example_task_group_decorator.py
[2026-05-06T23:39:42.482+0000] {processor.py:840} INFO - DAG(s) 'example_task_group_decorator' retrieved from /usr/local/python/3.12.1/lib/python3.12/site-packages/airflow/example_dags/example_task_group_decorator.py
[2026-05-06T23:39:42.499+0000] {logging_mixin.py:188} INFO - [2026-05-06T23:39:42.499+0000] {dag.py:3096} INFO - Sync 1 DAGs
[2026-05-06T23:39:42.514+0000] {logging_mixin.py:188} INFO - [2026-05-06T23:39:42.514+0000] {dag.py:3954} INFO - Setting next_dagrun for example_task_group_decorator to 2026-05-05 00:00:00+00:00, run_after=2026-05-06 00:00:00+00:00
[2026-05-06T23:39:42.531+0000] {processor.py:183} INFO - Processing /usr/local/python/3.12.1/lib/python3.12/site-packages/airflow/example_dags/example_task_group_decorator.py took 0.069 seconds
[2026-05-06T23:40:21.992+0000] {processor.py:161} INFO - Started process (PID=24809) to work on /usr/local/python/3.12.1/lib/python3.12/site-packages/airflow/example_dags/example_task_group_decorator.py
[2026-05-06T23:40:21.992+0000] {processor.py:830} INFO - Processing file /usr/local/python/3.12.1/lib/python3.12/site-packages/airflow/example_dags/example_task_group_decorator.py for tasks to queue
[2026-05-06T23:40:21.994+0000] {logging_mixin.py:188} INFO - [2026-05-06T23:40:21.993+0000] {dagbag.py:545} INFO - Filling up the DagBag from /usr/local/python/3.12.1/lib/python3.12/site-packages/airflow/example_dags/example_task_group_decorator.py
[2026-05-06T23:40:22.005+0000] {processor.py:840} INFO - DAG(s) 'example_task_group_decorator' retrieved from /usr/local/python/3.12.1/lib/python3.12/site-packages/airflow/example_dags/example_task_group_decorator.py
[2026-05-06T23:40:22.031+0000] {logging_mixin.py:188} INFO - [2026-05-06T23:40:22.031+0000] {dag.py:3096} INFO - Sync 1 DAGs
[2026-05-06T23:40:22.154+0000] {logging_mixin.py:188} INFO - [2026-05-06T23:40:22.153+0000] {dag.py:3954} INFO - Setting next_dagrun for example_task_group_decorator to 2026-05-05 00:00:00+00:00, run_after=2026-05-06 00:00:00+00:00
[2026-05-06T23:40:22.169+0000] {processor.py:183} INFO - Processing /usr/local/python/3.12.1/lib/python3.12/site-packages/airflow/example_dags/example_task_group_decorator.py took 0.182 seconds
[2026-05-06T23:41:04.538+0000] {processor.py:161} INFO - Started process (PID=25134) to work on /usr/local/python/3.12.1/lib/python3.12/site-packages/airflow/example_dags/example_task_group_decorator.py
[2026-05-06T23:41:04.539+0000] {processor.py:830} INFO - Processing file /usr/local/python/3.12.1/lib/python3.12/site-packages/airflow/example_dags/example_task_group_decorator.py for tasks to queue
[2026-05-06T23:41:04.540+0000] {logging_mixin.py:188} INFO - [2026-05-06T23:41:04.540+0000] {dagbag.py:545} INFO - Filling up the DagBag from /usr/local/python/3.12.1/lib/python3.12/site-packages/airflow/example_dags/example_task_group_decorator.py
[2026-05-06T23:41:04.552+0000] {processor.py:840} INFO - DAG(s) 'example_task_group_decorator' retrieved from /usr/local/python/3.12.1/lib/python3.12/site-packages/airflow/example_dags/example_task_group_decorator.py
[2026-05-06T23:41:04.569+0000] {logging_mixin.py:188} INFO - [2026-05-06T23:41:04.568+0000] {dag.py:3096} INFO - Sync 1 DAGs
[2026-05-06T23:41:04.595+0000] {logging_mixin.py:188} INFO - [2026-05-06T23:41:04.595+0000] {dag.py:3954} INFO - Setting next_dagrun for example_task_group_decorator to 2026-05-05 00:00:00+00:00, run_after=2026-05-06 00:00:00+00:00
[2026-05-06T23:41:04.620+0000] {processor.py:183} INFO - Processing /usr/local/python/3.12.1/lib/python3.12/site-packages/airflow/example_dags/example_task_group_decorator.py took 0.087 seconds
[2026-05-06T23:42:01.623+0000] {processor.py:161} INFO - Started process (PID=25565) to work on /usr/local/python/3.12.1/lib/python3.12/site-packages/airflow/example_dags/example_task_group_decorator.py
[2026-05-06T23:42:01.624+0000] {processor.py:830} INFO - Processing file /usr/local/python/3.12.1/lib/python3.12/site-packages/airflow/example_dags/example_task_group_decorator.py for tasks to queue
[2026-05-06T23:42:01.626+0000] {logging_mixin.py:188} INFO - [2026-05-06T23:42:01.625+0000] {dagbag.py:545} INFO - Filling up the DagBag from /usr/local/python/3.12.1/lib/python3.12/site-packages/airflow/example_dags/example_task_group_decorator.py
[2026-05-06T23:42:01.638+0000] {processor.py:840} INFO - DAG(s) 'example_task_group_decorator' retrieved from /usr/local/python/3.12.1/lib/python3.12/site-packages/airflow/example_dags/example_task_group_decorator.py
[2026-05-06T23:42:01.654+0000] {logging_mixin.py:188} INFO - [2026-05-06T23:42:01.654+0000] {dag.py:3096} INFO - Sync 1 DAGs
[2026-05-06T23:42:01.670+0000] {logging_mixin.py:188} INFO - [2026-05-06T23:42:01.669+0000] {dag.py:3954} INFO - Setting next_dagrun for example_task_group_decorator to 2026-05-05 00:00:00+00:00, run_after=2026-05-06 00:00:00+00:00
[2026-05-06T23:42:01.687+0000] {processor.py:183} INFO - Processing /usr/local/python/3.12.1/lib/python3.12/site-packages/airflow/example_dags/example_task_group_decorator.py took 0.069 seconds
[2026-05-06T23:42:43.220+0000] {processor.py:161} INFO - Started process (PID=25886) to work on /usr/local/python/3.12.1/lib/python3.12/site-packages/airflow/example_dags/example_task_group_decorator.py
[2026-05-06T23:42:43.221+0000] {processor.py:830} INFO - Processing file /usr/local/python/3.12.1/lib/python3.12/site-packages/airflow/example_dags/example_task_group_decorator.py for tasks to queue
[2026-05-06T23:42:43.223+0000] {logging_mixin.py:188} INFO - [2026-05-06T23:42:43.222+0000] {dagbag.py:545} INFO - Filling up the DagBag from /usr/local/python/3.12.1/lib/python3.12/site-packages/airflow/example_dags/example_task_group_decorator.py
[2026-05-06T23:42:43.244+0000] {processor.py:840} INFO - DAG(s) 'example_task_group_decorator' retrieved from /usr/local/python/3.12.1/lib/python3.12/site-packages/airflow/example_dags/example_task_group_decorator.py
[2026-05-06T23:42:43.272+0000] {logging_mixin.py:188} INFO - [2026-05-06T23:42:43.272+0000] {dag.py:3096} INFO - Sync 1 DAGs
[2026-05-06T23:42:43.299+0000] {logging_mixin.py:188} INFO - [2026-05-06T23:42:43.299+0000] {dag.py:3954} INFO - Setting next_dagrun for example_task_group_decorator to 2026-05-05 00:00:00+00:00, run_after=2026-05-06 00:00:00+00:00
[2026-05-06T23:42:43.322+0000] {processor.py:183} INFO - Processing /usr/local/python/3.12.1/lib/python3.12/site-packages/airflow/example_dags/example_task_group_decorator.py took 0.111 seconds
[2026-05-06T23:43:24.975+0000] {processor.py:161} INFO - Started process (PID=26222) to work on /usr/local/python/3.12.1/lib/python3.12/site-packages/airflow/example_dags/example_task_group_decorator.py
[2026-05-06T23:43:24.976+0000] {processor.py:830} INFO - Processing file /usr/local/python/3.12.1/lib/python3.12/site-packages/airflow/example_dags/example_task_group_decorator.py for tasks to queue
[2026-05-06T23:43:24.977+0000] {logging_mixin.py:188} INFO - [2026-05-06T23:43:24.977+0000] {dagbag.py:545} INFO - Filling up the DagBag from /usr/local/python/3.12.1/lib/python3.12/site-packages/airflow/example_dags/example_task_group_decorator.py
[2026-05-06T23:43:24.989+0000] {processor.py:840} INFO - DAG(s) 'example_task_group_decorator' retrieved from /usr/local/python/3.12.1/lib/python3.12/site-packages/airflow/example_dags/example_task_group_decorator.py
[2026-05-06T23:43:25.032+0000] {logging_mixin.py:188} INFO - [2026-05-06T23:43:25.032+0000] {dag.py:3096} INFO - Sync 1 DAGs
[2026-05-06T23:43:25.053+0000] {logging_mixin.py:188} INFO - [2026-05-06T23:43:25.052+0000] {dag.py:3954} INFO - Setting next_dagrun for example_task_group_decorator to 2026-05-05 00:00:00+00:00, run_after=2026-05-06 00:00:00+00:00
[2026-05-06T23:43:25.070+0000] {processor.py:183} INFO - Processing /usr/local/python/3.12.1/lib/python3.12/site-packages/airflow/example_dags/example_task_group_decorator.py took 0.100 seconds
[2026-05-06T23:44:03.414+0000] {processor.py:161} INFO - Started process (PID=26507) to work on /usr/local/python/3.12.1/lib/python3.12/site-packages/airflow/example_dags/example_task_group_decorator.py
[2026-05-06T23:44:03.414+0000] {processor.py:830} INFO - Processing file /usr/local/python/3.12.1/lib/python3.12/site-packages/airflow/example_dags/example_task_group_decorator.py for tasks to queue
[2026-05-06T23:44:03.416+0000] {logging_mixin.py:188} INFO - [2026-05-06T23:44:03.415+0000] {dagbag.py:545} INFO - Filling up the DagBag from /usr/local/python/3.12.1/lib/python3.12/site-packages/airflow/example_dags/example_task_group_decorator.py
[2026-05-06T23:44:03.428+0000] {processor.py:840} INFO - DAG(s) 'example_task_group_decorator' retrieved from /usr/local/python/3.12.1/lib/python3.12/site-packages/airflow/example_dags/example_task_group_decorator.py
[2026-05-06T23:44:03.444+0000] {logging_mixin.py:188} INFO - [2026-05-06T23:44:03.444+0000] {dag.py:3096} INFO - Sync 1 DAGs
[2026-05-06T23:44:03.460+0000] {logging_mixin.py:188} INFO - [2026-05-06T23:44:03.459+0000] {dag.py:3954} INFO - Setting next_dagrun for example_task_group_decorator to 2026-05-05 00:00:00+00:00, run_after=2026-05-06 00:00:00+00:00
[2026-05-06T23:44:03.477+0000] {processor.py:183} INFO - Processing /usr/local/python/3.12.1/lib/python3.12/site-packages/airflow/example_dags/example_task_group_decorator.py took 0.068 seconds
[2026-05-06T23:44:43.286+0000] {processor.py:161} INFO - Started process (PID=26820) to work on /usr/local/python/3.12.1/lib/python3.12/site-packages/airflow/example_dags/example_task_group_decorator.py
[2026-05-06T23:44:43.287+0000] {processor.py:830} INFO - Processing file /usr/local/python/3.12.1/lib/python3.12/site-packages/airflow/example_dags/example_task_group_decorator.py for tasks to queue
[2026-05-06T23:44:43.288+0000] {logging_mixin.py:188} INFO - [2026-05-06T23:44:43.288+0000] {dagbag.py:545} INFO - Filling up the DagBag from /usr/local/python/3.12.1/lib/python3.12/site-packages/airflow/example_dags/example_task_group_decorator.py
[2026-05-06T23:44:43.300+0000] {processor.py:840} INFO - DAG(s) 'example_task_group_decorator' retrieved from /usr/local/python/3.12.1/lib/python3.12/site-packages/airflow/example_dags/example_task_group_decorator.py
[2026-05-06T23:44:43.329+0000] {logging_mixin.py:188} INFO - [2026-05-06T23:44:43.329+0000] {dag.py:3096} INFO - Sync 1 DAGs
[2026-05-06T23:44:43.353+0000] {logging_mixin.py:188} INFO - [2026-05-06T23:44:43.352+0000] {dag.py:3954} INFO - Setting next_dagrun for example_task_group_decorator to 2026-05-05 00:00:00+00:00, run_after=2026-05-06 00:00:00+00:00
[2026-05-06T23:44:43.402+0000] {processor.py:183} INFO - Processing /usr/local/python/3.12.1/lib/python3.12/site-packages/airflow/example_dags/example_task_group_decorator.py took 0.120 seconds
[2026-05-06T23:45:20.293+0000] {processor.py:161} INFO - Started process (PID=27116) to work on /usr/local/python/3.12.1/lib/python3.12/site-packages/airflow/example_dags/example_task_group_decorator.py
[2026-05-06T23:45:20.294+0000] {processor.py:830} INFO - Processing file /usr/local/python/3.12.1/lib/python3.12/site-packages/airflow/example_dags/example_task_group_decorator.py for tasks to queue
[2026-05-06T23:45:20.295+0000] {logging_mixin.py:188} INFO - [2026-05-06T23:45:20.295+0000] {dagbag.py:545} INFO - Filling up the DagBag from /usr/local/python/3.12.1/lib/python3.12/site-packages/airflow/example_dags/example_task_group_decorator.py
[2026-05-06T23:45:20.307+0000] {processor.py:840} INFO - DAG(s) 'example_task_group_decorator' retrieved from /usr/local/python/3.12.1/lib/python3.12/site-packages/airflow/example_dags/example_task_group_decorator.py
[2026-05-06T23:45:20.324+0000] {logging_mixin.py:188} INFO - [2026-05-06T23:45:20.324+0000] {dag.py:3096} INFO - Sync 1 DAGs
[2026-05-06T23:45:20.339+0000] {logging_mixin.py:188} INFO - [2026-05-06T23:45:20.339+0000] {dag.py:3954} INFO - Setting next_dagrun for example_task_group_decorator to 2026-05-05 00:00:00+00:00, run_after=2026-05-06 00:00:00+00:00
[2026-05-06T23:45:20.356+0000] {processor.py:183} INFO - Processing /usr/local/python/3.12.1/lib/python3.12/site-packages/airflow/example_dags/example_task_group_decorator.py took 0.068 seconds
[2026-05-06T23:45:59.139+0000] {processor.py:161} INFO - Started process (PID=27418) to work on /usr/local/python/3.12.1/lib/python3.12/site-packages/airflow/example_dags/example_task_group_decorator.py
[2026-05-06T23:45:59.140+0000] {processor.py:830} INFO - Processing file /usr/local/python/3.12.1/lib/python3.12/site-packages/airflow/example_dags/example_task_group_decorator.py for tasks to queue
[2026-05-06T23:45:59.141+0000] {logging_mixin.py:188} INFO - [2026-05-06T23:45:59.141+0000] {dagbag.py:545} INFO - Filling up the DagBag from /usr/local/python/3.12.1/lib/python3.12/site-packages/airflow/example_dags/example_task_group_decorator.py
[2026-05-06T23:45:59.152+0000] {processor.py:840} INFO - DAG(s) 'example_task_group_decorator' retrieved from /usr/local/python/3.12.1/lib/python3.12/site-packages/airflow/example_dags/example_task_group_decorator.py
[2026-05-06T23:45:59.177+0000] {logging_mixin.py:188} INFO - [2026-05-06T23:45:59.177+0000] {dag.py:3096} INFO - Sync 1 DAGs
[2026-05-06T23:45:59.202+0000] {logging_mixin.py:188} INFO - [2026-05-06T23:45:59.201+0000] {dag.py:3954} INFO - Setting next_dagrun for example_task_group_decorator to 2026-05-05 00:00:00+00:00, run_after=2026-05-06 00:00:00+00:00
[2026-05-06T23:45:59.237+0000] {processor.py:183} INFO - Processing /usr/local/python/3.12.1/lib/python3.12/site-packages/airflow/example_dags/example_task_group_decorator.py took 0.103 seconds
[2026-05-06T23:46:39.026+0000] {processor.py:161} INFO - Started process (PID=27735) to work on /usr/local/python/3.12.1/lib/python3.12/site-packages/airflow/example_dags/example_task_group_decorator.py
[2026-05-06T23:46:39.027+0000] {processor.py:830} INFO - Processing file /usr/local/python/3.12.1/lib/python3.12/site-packages/airflow/example_dags/example_task_group_decorator.py for tasks to queue
[2026-05-06T23:46:39.028+0000] {logging_mixin.py:188} INFO - [2026-05-06T23:46:39.028+0000] {dagbag.py:545} INFO - Filling up the DagBag from /usr/local/python/3.12.1/lib/python3.12/site-packages/airflow/example_dags/example_task_group_decorator.py
[2026-05-06T23:46:39.040+0000] {processor.py:840} INFO - DAG(s) 'example_task_group_decorator' retrieved from /usr/local/python/3.12.1/lib/python3.12/site-packages/airflow/example_dags/example_task_group_decorator.py
[2026-05-06T23:46:39.057+0000] {logging_mixin.py:188} INFO - [2026-05-06T23:46:39.057+0000] {dag.py:3096} INFO - Sync 1 DAGs
[2026-05-06T23:46:39.077+0000] {logging_mixin.py:188} INFO - [2026-05-06T23:46:39.077+0000] {dag.py:3954} INFO - Setting next_dagrun for example_task_group_decorator to 2026-05-05 00:00:00+00:00, run_after=2026-05-06 00:00:00+00:00
[2026-05-06T23:46:39.094+0000] {processor.py:183} INFO - Processing /usr/local/python/3.12.1/lib/python3.12/site-packages/airflow/example_dags/example_task_group_decorator.py took 0.073 seconds
[2026-05-06T23:47:15.920+0000] {processor.py:161} INFO - Started process (PID=28008) to work on /usr/local/python/3.12.1/lib/python3.12/site-packages/airflow/example_dags/example_task_group_decorator.py
[2026-05-06T23:47:15.921+0000] {processor.py:830} INFO - Processing file /usr/local/python/3.12.1/lib/python3.12/site-packages/airflow/example_dags/example_task_group_decorator.py for tasks to queue
[2026-05-06T23:47:15.923+0000] {logging_mixin.py:188} INFO - [2026-05-06T23:47:15.922+0000] {dagbag.py:545} INFO - Filling up the DagBag from /usr/local/python/3.12.1/lib/python3.12/site-packages/airflow/example_dags/example_task_group_decorator.py
[2026-05-06T23:47:15.934+0000] {processor.py:840} INFO - DAG(s) 'example_task_group_decorator' retrieved from /usr/local/python/3.12.1/lib/python3.12/site-packages/airflow/example_dags/example_task_group_decorator.py
[2026-05-06T23:47:15.961+0000] {logging_mixin.py:188} INFO - [2026-05-06T23:47:15.961+0000] {dag.py:3096} INFO - Sync 1 DAGs
[2026-05-06T23:47:15.984+0000] {logging_mixin.py:188} INFO - [2026-05-06T23:47:15.983+0000] {dag.py:3954} INFO - Setting next_dagrun for example_task_group_decorator to 2026-05-05 00:00:00+00:00, run_after=2026-05-06 00:00:00+00:00
[2026-05-06T23:47:16.010+0000] {processor.py:183} INFO - Processing /usr/local/python/3.12.1/lib/python3.12/site-packages/airflow/example_dags/example_task_group_decorator.py took 0.094 seconds
[2026-05-06T23:47:59.881+0000] {processor.py:161} INFO - Started process (PID=28364) to work on /usr/local/python/3.12.1/lib/python3.12/site-packages/airflow/example_dags/example_task_group_decorator.py
[2026-05-06T23:47:59.882+0000] {processor.py:830} INFO - Processing file /usr/local/python/3.12.1/lib/python3.12/site-packages/airflow/example_dags/example_task_group_decorator.py for tasks to queue
[2026-05-06T23:47:59.884+0000] {logging_mixin.py:188} INFO - [2026-05-06T23:47:59.884+0000] {dagbag.py:545} INFO - Filling up the DagBag from /usr/local/python/3.12.1/lib/python3.12/site-packages/airflow/example_dags/example_task_group_decorator.py
[2026-05-06T23:47:59.902+0000] {processor.py:840} INFO - DAG(s) 'example_task_group_decorator' retrieved from /usr/local/python/3.12.1/lib/python3.12/site-packages/airflow/example_dags/example_task_group_decorator.py
[2026-05-06T23:47:59.925+0000] {logging_mixin.py:188} INFO - [2026-05-06T23:47:59.925+0000] {dag.py:3096} INFO - Sync 1 DAGs
[2026-05-06T23:47:59.940+0000] {logging_mixin.py:188} INFO - [2026-05-06T23:47:59.940+0000] {dag.py:3954} INFO - Setting next_dagrun for example_task_group_decorator to 2026-05-05 00:00:00+00:00, run_after=2026-05-06 00:00:00+00:00
[2026-05-06T23:47:59.957+0000] {processor.py:183} INFO - Processing /usr/local/python/3.12.1/lib/python3.12/site-packages/airflow/example_dags/example_task_group_decorator.py took 0.084 seconds
[2026-05-06T23:48:39.283+0000] {processor.py:161} INFO - Started process (PID=28680) to work on /usr/local/python/3.12.1/lib/python3.12/site-packages/airflow/example_dags/example_task_group_decorator.py
[2026-05-06T23:48:39.284+0000] {processor.py:830} INFO - Processing file /usr/local/python/3.12.1/lib/python3.12/site-packages/airflow/example_dags/example_task_group_decorator.py for tasks to queue
[2026-05-06T23:48:39.286+0000] {logging_mixin.py:188} INFO - [2026-05-06T23:48:39.285+0000] {dagbag.py:545} INFO - Filling up the DagBag from /usr/local/python/3.12.1/lib/python3.12/site-packages/airflow/example_dags/example_task_group_decorator.py
[2026-05-06T23:48:39.297+0000] {processor.py:840} INFO - DAG(s) 'example_task_group_decorator' retrieved from /usr/local/python/3.12.1/lib/python3.12/site-packages/airflow/example_dags/example_task_group_decorator.py
[2026-05-06T23:48:39.313+0000] {logging_mixin.py:188} INFO - [2026-05-06T23:48:39.313+0000] {dag.py:3096} INFO - Sync 1 DAGs
[2026-05-06T23:48:39.329+0000] {logging_mixin.py:188} INFO - [2026-05-06T23:48:39.328+0000] {dag.py:3954} INFO - Setting next_dagrun for example_task_group_decorator to 2026-05-05 00:00:00+00:00, run_after=2026-05-06 00:00:00+00:00
[2026-05-06T23:48:39.346+0000] {processor.py:183} INFO - Processing /usr/local/python/3.12.1/lib/python3.12/site-packages/airflow/example_dags/example_task_group_decorator.py took 0.068 seconds
[2026-05-06T23:49:17.550+0000] {processor.py:161} INFO - Started process (PID=28967) to work on /usr/local/python/3.12.1/lib/python3.12/site-packages/airflow/example_dags/example_task_group_decorator.py
[2026-05-06T23:49:17.551+0000] {processor.py:830} INFO - Processing file /usr/local/python/3.12.1/lib/python3.12/site-packages/airflow/example_dags/example_task_group_decorator.py for tasks to queue
[2026-05-06T23:49:17.552+0000] {logging_mixin.py:188} INFO - [2026-05-06T23:49:17.552+0000] {dagbag.py:545} INFO - Filling up the DagBag from /usr/local/python/3.12.1/lib/python3.12/site-packages/airflow/example_dags/example_task_group_decorator.py
[2026-05-06T23:49:17.563+0000] {processor.py:840} INFO - DAG(s) 'example_task_group_decorator' retrieved from /usr/local/python/3.12.1/lib/python3.12/site-packages/airflow/example_dags/example_task_group_decorator.py
[2026-05-06T23:49:17.581+0000] {logging_mixin.py:188} INFO - [2026-05-06T23:49:17.581+0000] {dag.py:3096} INFO - Sync 1 DAGs
[2026-05-06T23:49:17.597+0000] {logging_mixin.py:188} INFO - [2026-05-06T23:49:17.596+0000] {dag.py:3954} INFO - Setting next_dagrun for example_task_group_decorator to 2026-05-05 00:00:00+00:00, run_after=2026-05-06 00:00:00+00:00
[2026-05-06T23:49:17.614+0000] {processor.py:183} INFO - Processing /usr/local/python/3.12.1/lib/python3.12/site-packages/airflow/example_dags/example_task_group_decorator.py took 0.069 seconds
[2026-05-06T23:49:55.496+0000] {processor.py:161} INFO - Started process (PID=29272) to work on /usr/local/python/3.12.1/lib/python3.12/site-packages/airflow/example_dags/example_task_group_decorator.py
[2026-05-06T23:49:55.497+0000] {processor.py:830} INFO - Processing file /usr/local/python/3.12.1/lib/python3.12/site-packages/airflow/example_dags/example_task_group_decorator.py for tasks to queue
[2026-05-06T23:49:55.498+0000] {logging_mixin.py:188} INFO - [2026-05-06T23:49:55.498+0000] {dagbag.py:545} INFO - Filling up the DagBag from /usr/local/python/3.12.1/lib/python3.12/site-packages/airflow/example_dags/example_task_group_decorator.py
[2026-05-06T23:49:55.509+0000] {processor.py:840} INFO - DAG(s) 'example_task_group_decorator' retrieved from /usr/local/python/3.12.1/lib/python3.12/site-packages/airflow/example_dags/example_task_group_decorator.py
[2026-05-06T23:49:55.525+0000] {logging_mixin.py:188} INFO - [2026-05-06T23:49:55.525+0000] {dag.py:3096} INFO - Sync 1 DAGs
[2026-05-06T23:49:55.541+0000] {logging_mixin.py:188} INFO - [2026-05-06T23:49:55.541+0000] {dag.py:3954} INFO - Setting next_dagrun for example_task_group_decorator to 2026-05-05 00:00:00+00:00, run_after=2026-05-06 00:00:00+00:00
[2026-05-06T23:49:55.562+0000] {processor.py:183} INFO - Processing /usr/local/python/3.12.1/lib/python3.12/site-packages/airflow/example_dags/example_task_group_decorator.py took 0.071 seconds
[2026-05-06T23:50:50.901+0000] {processor.py:161} INFO - Started process (PID=29708) to work on /usr/local/python/3.12.1/lib/python3.12/site-packages/airflow/example_dags/example_task_group_decorator.py
[2026-05-06T23:50:50.902+0000] {processor.py:830} INFO - Processing file /usr/local/python/3.12.1/lib/python3.12/site-packages/airflow/example_dags/example_task_group_decorator.py for tasks to queue
[2026-05-06T23:50:50.904+0000] {logging_mixin.py:188} INFO - [2026-05-06T23:50:50.903+0000] {dagbag.py:545} INFO - Filling up the DagBag from /usr/local/python/3.12.1/lib/python3.12/site-packages/airflow/example_dags/example_task_group_decorator.py
[2026-05-06T23:50:50.915+0000] {processor.py:840} INFO - DAG(s) 'example_task_group_decorator' retrieved from /usr/local/python/3.12.1/lib/python3.12/site-packages/airflow/example_dags/example_task_group_decorator.py
[2026-05-06T23:50:50.932+0000] {logging_mixin.py:188} INFO - [2026-05-06T23:50:50.932+0000] {dag.py:3096} INFO - Sync 1 DAGs
[2026-05-06T23:50:50.951+0000] {logging_mixin.py:188} INFO - [2026-05-06T23:50:50.951+0000] {dag.py:3954} INFO - Setting next_dagrun for example_task_group_decorator to 2026-05-05 00:00:00+00:00, run_after=2026-05-06 00:00:00+00:00
[2026-05-06T23:50:50.972+0000] {processor.py:183} INFO - Processing /usr/local/python/3.12.1/lib/python3.12/site-packages/airflow/example_dags/example_task_group_decorator.py took 0.076 seconds
[2026-05-06T23:51:30.393+0000] {processor.py:161} INFO - Started process (PID=29999) to work on /usr/local/python/3.12.1/lib/python3.12/site-packages/airflow/example_dags/example_task_group_decorator.py
[2026-05-06T23:51:30.394+0000] {processor.py:830} INFO - Processing file /usr/local/python/3.12.1/lib/python3.12/site-packages/airflow/example_dags/example_task_group_decorator.py for tasks to queue
[2026-05-06T23:51:30.395+0000] {logging_mixin.py:188} INFO - [2026-05-06T23:51:30.395+0000] {dagbag.py:545} INFO - Filling up the DagBag from /usr/local/python/3.12.1/lib/python3.12/site-packages/airflow/example_dags/example_task_group_decorator.py
[2026-05-06T23:51:30.407+0000] {processor.py:840} INFO - DAG(s) 'example_task_group_decorator' retrieved from /usr/local/python/3.12.1/lib/python3.12/site-packages/airflow/example_dags/example_task_group_decorator.py
[2026-05-06T23:51:30.422+0000] {logging_mixin.py:188} INFO - [2026-05-06T23:51:30.422+0000] {dag.py:3096} INFO - Sync 1 DAGs
[2026-05-06T23:51:30.438+0000] {logging_mixin.py:188} INFO - [2026-05-06T23:51:30.438+0000] {dag.py:3954} INFO - Setting next_dagrun for example_task_group_decorator to 2026-05-05 00:00:00+00:00, run_after=2026-05-06 00:00:00+00:00
[2026-05-06T23:51:30.469+0000] {processor.py:183} INFO - Processing /usr/local/python/3.12.1/lib/python3.12/site-packages/airflow/example_dags/example_task_group_decorator.py took 0.081 seconds
[2026-05-06T23:52:26.265+0000] {processor.py:161} INFO - Started process (PID=30439) to work on /usr/local/python/3.12.1/lib/python3.12/site-packages/airflow/example_dags/example_task_group_decorator.py
[2026-05-06T23:52:26.265+0000] {processor.py:830} INFO - Processing file /usr/local/python/3.12.1/lib/python3.12/site-packages/airflow/example_dags/example_task_group_decorator.py for tasks to queue
[2026-05-06T23:52:26.267+0000] {logging_mixin.py:188} INFO - [2026-05-06T23:52:26.267+0000] {dagbag.py:545} INFO - Filling up the DagBag from /usr/local/python/3.12.1/lib/python3.12/site-packages/airflow/example_dags/example_task_group_decorator.py
[2026-05-06T23:52:26.279+0000] {processor.py:840} INFO - DAG(s) 'example_task_group_decorator' retrieved from /usr/local/python/3.12.1/lib/python3.12/site-packages/airflow/example_dags/example_task_group_decorator.py
[2026-05-06T23:52:26.296+0000] {logging_mixin.py:188} INFO - [2026-05-06T23:52:26.295+0000] {dag.py:3096} INFO - Sync 1 DAGs
[2026-05-06T23:52:26.312+0000] {logging_mixin.py:188} INFO - [2026-05-06T23:52:26.312+0000] {dag.py:3954} INFO - Setting next_dagrun for example_task_group_decorator to 2026-05-05 00:00:00+00:00, run_after=2026-05-06 00:00:00+00:00
[2026-05-06T23:52:26.329+0000] {processor.py:183} INFO - Processing /usr/local/python/3.12.1/lib/python3.12/site-packages/airflow/example_dags/example_task_group_decorator.py took 0.070 seconds
[2026-05-06T23:53:04.709+0000] {processor.py:161} INFO - Started process (PID=30744) to work on /usr/local/python/3.12.1/lib/python3.12/site-packages/airflow/example_dags/example_task_group_decorator.py
[2026-05-06T23:53:04.710+0000] {processor.py:830} INFO - Processing file /usr/local/python/3.12.1/lib/python3.12/site-packages/airflow/example_dags/example_task_group_decorator.py for tasks to queue
[2026-05-06T23:53:04.712+0000] {logging_mixin.py:188} INFO - [2026-05-06T23:53:04.711+0000] {dagbag.py:545} INFO - Filling up the DagBag from /usr/local/python/3.12.1/lib/python3.12/site-packages/airflow/example_dags/example_task_group_decorator.py
[2026-05-06T23:53:04.730+0000] {processor.py:840} INFO - DAG(s) 'example_task_group_decorator' retrieved from /usr/local/python/3.12.1/lib/python3.12/site-packages/airflow/example_dags/example_task_group_decorator.py
[2026-05-06T23:53:04.760+0000] {logging_mixin.py:188} INFO - [2026-05-06T23:53:04.760+0000] {dag.py:3096} INFO - Sync 1 DAGs
[2026-05-06T23:53:04.784+0000] {logging_mixin.py:188} INFO - [2026-05-06T23:53:04.784+0000] {dag.py:3954} INFO - Setting next_dagrun for example_task_group_decorator to 2026-05-05 00:00:00+00:00, run_after=2026-05-06 00:00:00+00:00
[2026-05-06T23:53:04.803+0000] {processor.py:183} INFO - Processing /usr/local/python/3.12.1/lib/python3.12/site-packages/airflow/example_dags/example_task_group_decorator.py took 0.099 seconds
[2026-05-06T23:53:44.725+0000] {processor.py:161} INFO - Started process (PID=31064) to work on /usr/local/python/3.12.1/lib/python3.12/site-packages/airflow/example_dags/example_task_group_decorator.py
[2026-05-06T23:53:44.726+0000] {processor.py:830} INFO - Processing file /usr/local/python/3.12.1/lib/python3.12/site-packages/airflow/example_dags/example_task_group_decorator.py for tasks to queue
[2026-05-06T23:53:44.728+0000] {logging_mixin.py:188} INFO - [2026-05-06T23:53:44.728+0000] {dagbag.py:545} INFO - Filling up the DagBag from /usr/local/python/3.12.1/lib/python3.12/site-packages/airflow/example_dags/example_task_group_decorator.py
[2026-05-06T23:53:44.748+0000] {processor.py:840} INFO - DAG(s) 'example_task_group_decorator' retrieved from /usr/local/python/3.12.1/lib/python3.12/site-packages/airflow/example_dags/example_task_group_decorator.py
[2026-05-06T23:53:44.775+0000] {logging_mixin.py:188} INFO - [2026-05-06T23:53:44.774+0000] {dag.py:3096} INFO - Sync 1 DAGs
[2026-05-06T23:53:44.801+0000] {logging_mixin.py:188} INFO - [2026-05-06T23:53:44.801+0000] {dag.py:3954} INFO - Setting next_dagrun for example_task_group_decorator to 2026-05-05 00:00:00+00:00, run_after=2026-05-06 00:00:00+00:00
[2026-05-06T23:53:44.822+0000] {processor.py:183} INFO - Processing /usr/local/python/3.12.1/lib/python3.12/site-packages/airflow/example_dags/example_task_group_decorator.py took 0.105 seconds
[2026-05-06T23:54:24.920+0000] {processor.py:161} INFO - Started process (PID=31371) to work on /usr/local/python/3.12.1/lib/python3.12/site-packages/airflow/example_dags/example_task_group_decorator.py
[2026-05-06T23:54:24.920+0000] {processor.py:830} INFO - Processing file /usr/local/python/3.12.1/lib/python3.12/site-packages/airflow/example_dags/example_task_group_decorator.py for tasks to queue
[2026-05-06T23:54:24.922+0000] {logging_mixin.py:188} INFO - [2026-05-06T23:54:24.921+0000] {dagbag.py:545} INFO - Filling up the DagBag from /usr/local/python/3.12.1/lib/python3.12/site-packages/airflow/example_dags/example_task_group_decorator.py
[2026-05-06T23:54:24.933+0000] {processor.py:840} INFO - DAG(s) 'example_task_group_decorator' retrieved from /usr/local/python/3.12.1/lib/python3.12/site-packages/airflow/example_dags/example_task_group_decorator.py
[2026-05-06T23:54:24.956+0000] {logging_mixin.py:188} INFO - [2026-05-06T23:54:24.956+0000] {dag.py:3096} INFO - Sync 1 DAGs
[2026-05-06T23:54:24.972+0000] {logging_mixin.py:188} INFO - [2026-05-06T23:54:24.971+0000] {dag.py:3954} INFO - Setting next_dagrun for example_task_group_decorator to 2026-05-05 00:00:00+00:00, run_after=2026-05-06 00:00:00+00:00
[2026-05-06T23:54:24.988+0000] {processor.py:183} INFO - Processing /usr/local/python/3.12.1/lib/python3.12/site-packages/airflow/example_dags/example_task_group_decorator.py took 0.073 seconds
[2026-05-06T23:55:03.222+0000] {processor.py:161} INFO - Started process (PID=31657) to work on /usr/local/python/3.12.1/lib/python3.12/site-packages/airflow/example_dags/example_task_group_decorator.py
[2026-05-06T23:55:03.223+0000] {processor.py:830} INFO - Processing file /usr/local/python/3.12.1/lib/python3.12/site-packages/airflow/example_dags/example_task_group_decorator.py for tasks to queue
[2026-05-06T23:55:03.224+0000] {logging_mixin.py:188} INFO - [2026-05-06T23:55:03.224+0000] {dagbag.py:545} INFO - Filling up the DagBag from /usr/local/python/3.12.1/lib/python3.12/site-packages/airflow/example_dags/example_task_group_decorator.py
[2026-05-06T23:55:03.236+0000] {processor.py:840} INFO - DAG(s) 'example_task_group_decorator' retrieved from /usr/local/python/3.12.1/lib/python3.12/site-packages/airflow/example_dags/example_task_group_decorator.py
[2026-05-06T23:55:03.267+0000] {logging_mixin.py:188} INFO - [2026-05-06T23:55:03.267+0000] {dag.py:3096} INFO - Sync 1 DAGs
[2026-05-06T23:55:03.283+0000] {logging_mixin.py:188} INFO - [2026-05-06T23:55:03.283+0000] {dag.py:3954} INFO - Setting next_dagrun for example_task_group_decorator to 2026-05-05 00:00:00+00:00, run_after=2026-05-06 00:00:00+00:00
[2026-05-06T23:55:03.300+0000] {processor.py:183} INFO - Processing /usr/local/python/3.12.1/lib/python3.12/site-packages/airflow/example_dags/example_task_group_decorator.py took 0.082 seconds
[2026-05-06T23:55:43.226+0000] {processor.py:161} INFO - Started process (PID=32025) to work on /usr/local/python/3.12.1/lib/python3.12/site-packages/airflow/example_dags/example_task_group_decorator.py
[2026-05-06T23:55:43.227+0000] {processor.py:830} INFO - Processing file /usr/local/python/3.12.1/lib/python3.12/site-packages/airflow/example_dags/example_task_group_decorator.py for tasks to queue
[2026-05-06T23:55:43.229+0000] {logging_mixin.py:188} INFO - [2026-05-06T23:55:43.228+0000] {dagbag.py:545} INFO - Filling up the DagBag from /usr/local/python/3.12.1/lib/python3.12/site-packages/airflow/example_dags/example_task_group_decorator.py
[2026-05-06T23:55:43.240+0000] {processor.py:840} INFO - DAG(s) 'example_task_group_decorator' retrieved from /usr/local/python/3.12.1/lib/python3.12/site-packages/airflow/example_dags/example_task_group_decorator.py
[2026-05-06T23:55:43.256+0000] {logging_mixin.py:188} INFO - [2026-05-06T23:55:43.256+0000] {dag.py:3096} INFO - Sync 1 DAGs
[2026-05-06T23:55:43.271+0000] {logging_mixin.py:188} INFO - [2026-05-06T23:55:43.271+0000] {dag.py:3954} INFO - Setting next_dagrun for example_task_group_decorator to 2026-05-05 00:00:00+00:00, run_after=2026-05-06 00:00:00+00:00
[2026-05-06T23:55:43.287+0000] {processor.py:183} INFO - Processing /usr/local/python/3.12.1/lib/python3.12/site-packages/airflow/example_dags/example_task_group_decorator.py took 0.067 seconds
[2026-05-06T23:56:23.040+0000] {processor.py:161} INFO - Started process (PID=32344) to work on /usr/local/python/3.12.1/lib/python3.12/site-packages/airflow/example_dags/example_task_group_decorator.py
[2026-05-06T23:56:23.041+0000] {processor.py:830} INFO - Processing file /usr/local/python/3.12.1/lib/python3.12/site-packages/airflow/example_dags/example_task_group_decorator.py for tasks to queue
[2026-05-06T23:56:23.042+0000] {logging_mixin.py:188} INFO - [2026-05-06T23:56:23.042+0000] {dagbag.py:545} INFO - Filling up the DagBag from /usr/local/python/3.12.1/lib/python3.12/site-packages/airflow/example_dags/example_task_group_decorator.py
[2026-05-06T23:56:23.054+0000] {processor.py:840} INFO - DAG(s) 'example_task_group_decorator' retrieved from /usr/local/python/3.12.1/lib/python3.12/site-packages/airflow/example_dags/example_task_group_decorator.py
[2026-05-06T23:56:23.070+0000] {logging_mixin.py:188} INFO - [2026-05-06T23:56:23.070+0000] {dag.py:3096} INFO - Sync 1 DAGs
[2026-05-06T23:56:23.085+0000] {logging_mixin.py:188} INFO - [2026-05-06T23:56:23.085+0000] {dag.py:3954} INFO - Setting next_dagrun for example_task_group_decorator to 2026-05-05 00:00:00+00:00, run_after=2026-05-06 00:00:00+00:00
[2026-05-06T23:56:23.102+0000] {processor.py:183} INFO - Processing /usr/local/python/3.12.1/lib/python3.12/site-packages/airflow/example_dags/example_task_group_decorator.py took 0.067 seconds
[2026-05-06T23:57:20.378+0000] {processor.py:161} INFO - Started process (PID=32687) to work on /usr/local/python/3.12.1/lib/python3.12/site-packages/airflow/example_dags/example_task_group_decorator.py
[2026-05-06T23:57:20.379+0000] {processor.py:830} INFO - Processing file /usr/local/python/3.12.1/lib/python3.12/site-packages/airflow/example_dags/example_task_group_decorator.py for tasks to queue
[2026-05-06T23:57:20.381+0000] {logging_mixin.py:188} INFO - [2026-05-06T23:57:20.380+0000] {dagbag.py:545} INFO - Filling up the DagBag from /usr/local/python/3.12.1/lib/python3.12/site-packages/airflow/example_dags/example_task_group_decorator.py
[2026-05-06T23:57:20.392+0000] {processor.py:840} INFO - DAG(s) 'example_task_group_decorator' retrieved from /usr/local/python/3.12.1/lib/python3.12/site-packages/airflow/example_dags/example_task_group_decorator.py
[2026-05-06T23:57:20.412+0000] {logging_mixin.py:188} INFO - [2026-05-06T23:57:20.412+0000] {dag.py:3096} INFO - Sync 1 DAGs
[2026-05-06T23:57:20.429+0000] {logging_mixin.py:188} INFO - [2026-05-06T23:57:20.429+0000] {dag.py:3954} INFO - Setting next_dagrun for example_task_group_decorator to 2026-05-05 00:00:00+00:00, run_after=2026-05-06 00:00:00+00:00
[2026-05-06T23:57:20.447+0000] {processor.py:183} INFO - Processing /usr/local/python/3.12.1/lib/python3.12/site-packages/airflow/example_dags/example_task_group_decorator.py took 0.074 seconds
[2026-05-06T23:58:14.395+0000] {processor.py:161} INFO - Started process (PID=32947) to work on /usr/local/python/3.12.1/lib/python3.12/site-packages/airflow/example_dags/example_task_group_decorator.py
[2026-05-06T23:58:14.395+0000] {processor.py:830} INFO - Processing file /usr/local/python/3.12.1/lib/python3.12/site-packages/airflow/example_dags/example_task_group_decorator.py for tasks to queue
[2026-05-06T23:58:14.397+0000] {logging_mixin.py:188} INFO - [2026-05-06T23:58:14.396+0000] {dagbag.py:545} INFO - Filling up the DagBag from /usr/local/python/3.12.1/lib/python3.12/site-packages/airflow/example_dags/example_task_group_decorator.py
[2026-05-06T23:58:14.408+0000] {processor.py:840} INFO - DAG(s) 'example_task_group_decorator' retrieved from /usr/local/python/3.12.1/lib/python3.12/site-packages/airflow/example_dags/example_task_group_decorator.py
[2026-05-06T23:58:14.424+0000] {logging_mixin.py:188} INFO - [2026-05-06T23:58:14.424+0000] {dag.py:3096} INFO - Sync 1 DAGs
[2026-05-06T23:58:14.441+0000] {logging_mixin.py:188} INFO - [2026-05-06T23:58:14.441+0000] {dag.py:3954} INFO - Setting next_dagrun for example_task_group_decorator to 2026-05-05 00:00:00+00:00, run_after=2026-05-06 00:00:00+00:00
[2026-05-06T23:58:14.460+0000] {processor.py:183} INFO - Processing /usr/local/python/3.12.1/lib/python3.12/site-packages/airflow/example_dags/example_task_group_decorator.py took 0.070 seconds
[2026-05-06T23:58:54.815+0000] {processor.py:161} INFO - Started process (PID=33143) to work on /usr/local/python/3.12.1/lib/python3.12/site-packages/airflow/example_dags/example_task_group_decorator.py
[2026-05-06T23:58:54.816+0000] {processor.py:830} INFO - Processing file /usr/local/python/3.12.1/lib/python3.12/site-packages/airflow/example_dags/example_task_group_decorator.py for tasks to queue
[2026-05-06T23:58:54.818+0000] {logging_mixin.py:188} INFO - [2026-05-06T23:58:54.818+0000] {dagbag.py:545} INFO - Filling up the DagBag from /usr/local/python/3.12.1/lib/python3.12/site-packages/airflow/example_dags/example_task_group_decorator.py
[2026-05-06T23:58:54.836+0000] {processor.py:840} INFO - DAG(s) 'example_task_group_decorator' retrieved from /usr/local/python/3.12.1/lib/python3.12/site-packages/airflow/example_dags/example_task_group_decorator.py
[2026-05-06T23:58:54.860+0000] {logging_mixin.py:188} INFO - [2026-05-06T23:58:54.859+0000] {dag.py:3096} INFO - Sync 1 DAGs
[2026-05-06T23:58:54.893+0000] {logging_mixin.py:188} INFO - [2026-05-06T23:58:54.893+0000] {dag.py:3954} INFO - Setting next_dagrun for example_task_group_decorator to 2026-05-05 00:00:00+00:00, run_after=2026-05-06 00:00:00+00:00
[2026-05-06T23:58:54.916+0000] {processor.py:183} INFO - Processing /usr/local/python/3.12.1/lib/python3.12/site-packages/airflow/example_dags/example_task_group_decorator.py took 0.119 seconds
[2026-05-06T23:59:34.784+0000] {processor.py:161} INFO - Started process (PID=33343) to work on /usr/local/python/3.12.1/lib/python3.12/site-packages/airflow/example_dags/example_task_group_decorator.py
[2026-05-06T23:59:34.785+0000] {processor.py:830} INFO - Processing file /usr/local/python/3.12.1/lib/python3.12/site-packages/airflow/example_dags/example_task_group_decorator.py for tasks to queue
[2026-05-06T23:59:34.787+0000] {logging_mixin.py:188} INFO - [2026-05-06T23:59:34.786+0000] {dagbag.py:545} INFO - Filling up the DagBag from /usr/local/python/3.12.1/lib/python3.12/site-packages/airflow/example_dags/example_task_group_decorator.py
[2026-05-06T23:59:34.798+0000] {processor.py:840} INFO - DAG(s) 'example_task_group_decorator' retrieved from /usr/local/python/3.12.1/lib/python3.12/site-packages/airflow/example_dags/example_task_group_decorator.py
[2026-05-06T23:59:34.814+0000] {logging_mixin.py:188} INFO - [2026-05-06T23:59:34.814+0000] {dag.py:3096} INFO - Sync 1 DAGs
[2026-05-06T23:59:34.830+0000] {logging_mixin.py:188} INFO - [2026-05-06T23:59:34.830+0000] {dag.py:3954} INFO - Setting next_dagrun for example_task_group_decorator to 2026-05-05 00:00:00+00:00, run_after=2026-05-06 00:00:00+00:00
[2026-05-06T23:59:34.850+0000] {processor.py:183} INFO - Processing /usr/local/python/3.12.1/lib/python3.12/site-packages/airflow/example_dags/example_task_group_decorator.py took 0.071 seconds
