[2026-05-06T23:18:57.062+0000] {processor.py:161} INFO - Started process (PID=13282) to work on /usr/local/python/3.12.1/lib/python3.12/site-packages/airflow/example_dags/example_short_circuit_decorator.py
[2026-05-06T23:18:57.062+0000] {processor.py:830} INFO - Processing file /usr/local/python/3.12.1/lib/python3.12/site-packages/airflow/example_dags/example_short_circuit_decorator.py for tasks to queue
[2026-05-06T23:18:57.064+0000] {logging_mixin.py:188} INFO - [2026-05-06T23:18:57.063+0000] {dagbag.py:545} INFO - Filling up the DagBag from /usr/local/python/3.12.1/lib/python3.12/site-packages/airflow/example_dags/example_short_circuit_decorator.py
[2026-05-06T23:18:57.072+0000] {processor.py:840} INFO - DAG(s) 'example_short_circuit_decorator' retrieved from /usr/local/python/3.12.1/lib/python3.12/site-packages/airflow/example_dags/example_short_circuit_decorator.py
[2026-05-06T23:18:57.154+0000] {logging_mixin.py:188} INFO - [2026-05-06T23:18:57.153+0000] {override.py:1829} INFO - Created Permission View: can delete on DAG:example_short_circuit_decorator
[2026-05-06T23:18:57.162+0000] {logging_mixin.py:188} INFO - [2026-05-06T23:18:57.162+0000] {override.py:1829} INFO - Created Permission View: can edit on DAG:example_short_circuit_decorator
[2026-05-06T23:18:57.167+0000] {logging_mixin.py:188} INFO - [2026-05-06T23:18:57.167+0000] {override.py:1829} INFO - Created Permission View: can read on DAG:example_short_circuit_decorator
[2026-05-06T23:18:57.168+0000] {logging_mixin.py:188} INFO - [2026-05-06T23:18:57.167+0000] {dag.py:3096} INFO - Sync 1 DAGs
[2026-05-06T23:18:57.175+0000] {logging_mixin.py:188} INFO - [2026-05-06T23:18:57.175+0000] {dag.py:3118} INFO - Creating ORM DAG for example_short_circuit_decorator
[2026-05-06T23:18:57.181+0000] {logging_mixin.py:188} INFO - [2026-05-06T23:18:57.181+0000] {dag.py:3954} INFO - Setting next_dagrun for example_short_circuit_decorator to 2026-05-05 00:00:00+00:00, run_after=2026-05-06 00:00:00+00:00
[2026-05-06T23:18:57.196+0000] {processor.py:183} INFO - Processing /usr/local/python/3.12.1/lib/python3.12/site-packages/airflow/example_dags/example_short_circuit_decorator.py took 0.139 seconds
[2026-05-06T23:19:47.717+0000] {processor.py:161} INFO - Started process (PID=13686) to work on /usr/local/python/3.12.1/lib/python3.12/site-packages/airflow/example_dags/example_short_circuit_decorator.py
[2026-05-06T23:19:47.717+0000] {processor.py:830} INFO - Processing file /usr/local/python/3.12.1/lib/python3.12/site-packages/airflow/example_dags/example_short_circuit_decorator.py for tasks to queue
[2026-05-06T23:19:47.719+0000] {logging_mixin.py:188} INFO - [2026-05-06T23:19:47.718+0000] {dagbag.py:545} INFO - Filling up the DagBag from /usr/local/python/3.12.1/lib/python3.12/site-packages/airflow/example_dags/example_short_circuit_decorator.py
[2026-05-06T23:19:47.726+0000] {processor.py:840} INFO - DAG(s) 'example_short_circuit_decorator' retrieved from /usr/local/python/3.12.1/lib/python3.12/site-packages/airflow/example_dags/example_short_circuit_decorator.py
[2026-05-06T23:19:47.740+0000] {logging_mixin.py:188} INFO - [2026-05-06T23:19:47.740+0000] {dag.py:3096} INFO - Sync 1 DAGs
[2026-05-06T23:19:47.755+0000] {logging_mixin.py:188} INFO - [2026-05-06T23:19:47.754+0000] {dag.py:3954} INFO - Setting next_dagrun for example_short_circuit_decorator to 2026-05-05 00:00:00+00:00, run_after=2026-05-06 00:00:00+00:00
[2026-05-06T23:19:47.770+0000] {processor.py:183} INFO - Processing /usr/local/python/3.12.1/lib/python3.12/site-packages/airflow/example_dags/example_short_circuit_decorator.py took 0.058 seconds
[2026-05-06T23:20:36.841+0000] {processor.py:161} INFO - Started process (PID=14162) to work on /usr/local/python/3.12.1/lib/python3.12/site-packages/airflow/example_dags/example_short_circuit_decorator.py
[2026-05-06T23:20:36.842+0000] {processor.py:830} INFO - Processing file /usr/local/python/3.12.1/lib/python3.12/site-packages/airflow/example_dags/example_short_circuit_decorator.py for tasks to queue
[2026-05-06T23:20:36.843+0000] {logging_mixin.py:188} INFO - [2026-05-06T23:20:36.843+0000] {dagbag.py:545} INFO - Filling up the DagBag from /usr/local/python/3.12.1/lib/python3.12/site-packages/airflow/example_dags/example_short_circuit_decorator.py
[2026-05-06T23:20:36.850+0000] {processor.py:840} INFO - DAG(s) 'example_short_circuit_decorator' retrieved from /usr/local/python/3.12.1/lib/python3.12/site-packages/airflow/example_dags/example_short_circuit_decorator.py
[2026-05-06T23:20:36.864+0000] {logging_mixin.py:188} INFO - [2026-05-06T23:20:36.863+0000] {dag.py:3096} INFO - Sync 1 DAGs
[2026-05-06T23:20:36.878+0000] {logging_mixin.py:188} INFO - [2026-05-06T23:20:36.878+0000] {dag.py:3954} INFO - Setting next_dagrun for example_short_circuit_decorator to 2026-05-05 00:00:00+00:00, run_after=2026-05-06 00:00:00+00:00
[2026-05-06T23:20:36.894+0000] {processor.py:183} INFO - Processing /usr/local/python/3.12.1/lib/python3.12/site-packages/airflow/example_dags/example_short_circuit_decorator.py took 0.057 seconds
[2026-05-06T23:21:18.919+0000] {processor.py:161} INFO - Started process (PID=14557) to work on /usr/local/python/3.12.1/lib/python3.12/site-packages/airflow/example_dags/example_short_circuit_decorator.py
[2026-05-06T23:21:18.920+0000] {processor.py:830} INFO - Processing file /usr/local/python/3.12.1/lib/python3.12/site-packages/airflow/example_dags/example_short_circuit_decorator.py for tasks to queue
[2026-05-06T23:21:18.921+0000] {logging_mixin.py:188} INFO - [2026-05-06T23:21:18.921+0000] {dagbag.py:545} INFO - Filling up the DagBag from /usr/local/python/3.12.1/lib/python3.12/site-packages/airflow/example_dags/example_short_circuit_decorator.py
[2026-05-06T23:21:18.928+0000] {processor.py:840} INFO - DAG(s) 'example_short_circuit_decorator' retrieved from /usr/local/python/3.12.1/lib/python3.12/site-packages/airflow/example_dags/example_short_circuit_decorator.py
[2026-05-06T23:21:18.945+0000] {logging_mixin.py:188} INFO - [2026-05-06T23:21:18.945+0000] {dag.py:3096} INFO - Sync 1 DAGs
[2026-05-06T23:21:18.960+0000] {logging_mixin.py:188} INFO - [2026-05-06T23:21:18.960+0000] {dag.py:3954} INFO - Setting next_dagrun for example_short_circuit_decorator to 2026-05-05 00:00:00+00:00, run_after=2026-05-06 00:00:00+00:00
[2026-05-06T23:21:18.976+0000] {processor.py:183} INFO - Processing /usr/local/python/3.12.1/lib/python3.12/site-packages/airflow/example_dags/example_short_circuit_decorator.py took 0.061 seconds
[2026-05-06T23:21:58.846+0000] {processor.py:161} INFO - Started process (PID=14895) to work on /usr/local/python/3.12.1/lib/python3.12/site-packages/airflow/example_dags/example_short_circuit_decorator.py
[2026-05-06T23:21:58.847+0000] {processor.py:830} INFO - Processing file /usr/local/python/3.12.1/lib/python3.12/site-packages/airflow/example_dags/example_short_circuit_decorator.py for tasks to queue
[2026-05-06T23:21:58.848+0000] {logging_mixin.py:188} INFO - [2026-05-06T23:21:58.848+0000] {dagbag.py:545} INFO - Filling up the DagBag from /usr/local/python/3.12.1/lib/python3.12/site-packages/airflow/example_dags/example_short_circuit_decorator.py
[2026-05-06T23:21:58.855+0000] {processor.py:840} INFO - DAG(s) 'example_short_circuit_decorator' retrieved from /usr/local/python/3.12.1/lib/python3.12/site-packages/airflow/example_dags/example_short_circuit_decorator.py
[2026-05-06T23:21:58.869+0000] {logging_mixin.py:188} INFO - [2026-05-06T23:21:58.869+0000] {dag.py:3096} INFO - Sync 1 DAGs
[2026-05-06T23:21:58.884+0000] {logging_mixin.py:188} INFO - [2026-05-06T23:21:58.884+0000] {dag.py:3954} INFO - Setting next_dagrun for example_short_circuit_decorator to 2026-05-05 00:00:00+00:00, run_after=2026-05-06 00:00:00+00:00
[2026-05-06T23:21:58.900+0000] {processor.py:183} INFO - Processing /usr/local/python/3.12.1/lib/python3.12/site-packages/airflow/example_dags/example_short_circuit_decorator.py took 0.058 seconds
[2026-05-06T23:22:40.407+0000] {processor.py:161} INFO - Started process (PID=15274) to work on /usr/local/python/3.12.1/lib/python3.12/site-packages/airflow/example_dags/example_short_circuit_decorator.py
[2026-05-06T23:22:40.408+0000] {processor.py:830} INFO - Processing file /usr/local/python/3.12.1/lib/python3.12/site-packages/airflow/example_dags/example_short_circuit_decorator.py for tasks to queue
[2026-05-06T23:22:40.409+0000] {logging_mixin.py:188} INFO - [2026-05-06T23:22:40.409+0000] {dagbag.py:545} INFO - Filling up the DagBag from /usr/local/python/3.12.1/lib/python3.12/site-packages/airflow/example_dags/example_short_circuit_decorator.py
[2026-05-06T23:22:40.416+0000] {processor.py:840} INFO - DAG(s) 'example_short_circuit_decorator' retrieved from /usr/local/python/3.12.1/lib/python3.12/site-packages/airflow/example_dags/example_short_circuit_decorator.py
[2026-05-06T23:22:40.430+0000] {logging_mixin.py:188} INFO - [2026-05-06T23:22:40.430+0000] {dag.py:3096} INFO - Sync 1 DAGs
[2026-05-06T23:22:40.444+0000] {logging_mixin.py:188} INFO - [2026-05-06T23:22:40.444+0000] {dag.py:3954} INFO - Setting next_dagrun for example_short_circuit_decorator to 2026-05-05 00:00:00+00:00, run_after=2026-05-06 00:00:00+00:00
[2026-05-06T23:22:40.460+0000] {processor.py:183} INFO - Processing /usr/local/python/3.12.1/lib/python3.12/site-packages/airflow/example_dags/example_short_circuit_decorator.py took 0.057 seconds
[2026-05-06T23:23:20.449+0000] {processor.py:161} INFO - Started process (PID=15621) to work on /usr/local/python/3.12.1/lib/python3.12/site-packages/airflow/example_dags/example_short_circuit_decorator.py
[2026-05-06T23:23:20.450+0000] {processor.py:830} INFO - Processing file /usr/local/python/3.12.1/lib/python3.12/site-packages/airflow/example_dags/example_short_circuit_decorator.py for tasks to queue
[2026-05-06T23:23:20.451+0000] {logging_mixin.py:188} INFO - [2026-05-06T23:23:20.451+0000] {dagbag.py:545} INFO - Filling up the DagBag from /usr/local/python/3.12.1/lib/python3.12/site-packages/airflow/example_dags/example_short_circuit_decorator.py
[2026-05-06T23:23:20.458+0000] {processor.py:840} INFO - DAG(s) 'example_short_circuit_decorator' retrieved from /usr/local/python/3.12.1/lib/python3.12/site-packages/airflow/example_dags/example_short_circuit_decorator.py
[2026-05-06T23:23:20.472+0000] {logging_mixin.py:188} INFO - [2026-05-06T23:23:20.472+0000] {dag.py:3096} INFO - Sync 1 DAGs
[2026-05-06T23:23:20.488+0000] {logging_mixin.py:188} INFO - [2026-05-06T23:23:20.488+0000] {dag.py:3954} INFO - Setting next_dagrun for example_short_circuit_decorator to 2026-05-05 00:00:00+00:00, run_after=2026-05-06 00:00:00+00:00
[2026-05-06T23:23:20.504+0000] {processor.py:183} INFO - Processing /usr/local/python/3.12.1/lib/python3.12/site-packages/airflow/example_dags/example_short_circuit_decorator.py took 0.059 seconds
[2026-05-06T23:24:16.146+0000] {processor.py:161} INFO - Started process (PID=16390) to work on /usr/local/python/3.12.1/lib/python3.12/site-packages/airflow/example_dags/example_short_circuit_decorator.py
[2026-05-06T23:24:16.149+0000] {processor.py:830} INFO - Processing file /usr/local/python/3.12.1/lib/python3.12/site-packages/airflow/example_dags/example_short_circuit_decorator.py for tasks to queue
[2026-05-06T23:24:16.152+0000] {logging_mixin.py:188} INFO - [2026-05-06T23:24:16.150+0000] {dagbag.py:545} INFO - Filling up the DagBag from /usr/local/python/3.12.1/lib/python3.12/site-packages/airflow/example_dags/example_short_circuit_decorator.py
[2026-05-06T23:24:16.162+0000] {processor.py:840} INFO - DAG(s) 'example_short_circuit_decorator' retrieved from /usr/local/python/3.12.1/lib/python3.12/site-packages/airflow/example_dags/example_short_circuit_decorator.py
[2026-05-06T23:24:16.182+0000] {logging_mixin.py:188} INFO - [2026-05-06T23:24:16.182+0000] {dag.py:3096} INFO - Sync 1 DAGs
[2026-05-06T23:24:16.204+0000] {logging_mixin.py:188} INFO - [2026-05-06T23:24:16.203+0000] {dag.py:3954} INFO - Setting next_dagrun for example_short_circuit_decorator to 2026-05-05 00:00:00+00:00, run_after=2026-05-06 00:00:00+00:00
[2026-05-06T23:24:16.229+0000] {processor.py:183} INFO - Processing /usr/local/python/3.12.1/lib/python3.12/site-packages/airflow/example_dags/example_short_circuit_decorator.py took 0.089 seconds
[2026-05-06T23:24:53.655+0000] {processor.py:161} INFO - Started process (PID=16886) to work on /usr/local/python/3.12.1/lib/python3.12/site-packages/airflow/example_dags/example_short_circuit_decorator.py
[2026-05-06T23:24:53.655+0000] {processor.py:830} INFO - Processing file /usr/local/python/3.12.1/lib/python3.12/site-packages/airflow/example_dags/example_short_circuit_decorator.py for tasks to queue
[2026-05-06T23:24:53.657+0000] {logging_mixin.py:188} INFO - [2026-05-06T23:24:53.656+0000] {dagbag.py:545} INFO - Filling up the DagBag from /usr/local/python/3.12.1/lib/python3.12/site-packages/airflow/example_dags/example_short_circuit_decorator.py
[2026-05-06T23:24:53.664+0000] {processor.py:840} INFO - DAG(s) 'example_short_circuit_decorator' retrieved from /usr/local/python/3.12.1/lib/python3.12/site-packages/airflow/example_dags/example_short_circuit_decorator.py
[2026-05-06T23:24:53.678+0000] {logging_mixin.py:188} INFO - [2026-05-06T23:24:53.678+0000] {dag.py:3096} INFO - Sync 1 DAGs
[2026-05-06T23:24:53.692+0000] {logging_mixin.py:188} INFO - [2026-05-06T23:24:53.692+0000] {dag.py:3954} INFO - Setting next_dagrun for example_short_circuit_decorator to 2026-05-05 00:00:00+00:00, run_after=2026-05-06 00:00:00+00:00
[2026-05-06T23:24:53.708+0000] {processor.py:183} INFO - Processing /usr/local/python/3.12.1/lib/python3.12/site-packages/airflow/example_dags/example_short_circuit_decorator.py took 0.058 seconds
[2026-05-06T23:25:31.871+0000] {processor.py:161} INFO - Started process (PID=17244) to work on /usr/local/python/3.12.1/lib/python3.12/site-packages/airflow/example_dags/example_short_circuit_decorator.py
[2026-05-06T23:25:31.872+0000] {processor.py:830} INFO - Processing file /usr/local/python/3.12.1/lib/python3.12/site-packages/airflow/example_dags/example_short_circuit_decorator.py for tasks to queue
[2026-05-06T23:25:31.874+0000] {logging_mixin.py:188} INFO - [2026-05-06T23:25:31.873+0000] {dagbag.py:545} INFO - Filling up the DagBag from /usr/local/python/3.12.1/lib/python3.12/site-packages/airflow/example_dags/example_short_circuit_decorator.py
[2026-05-06T23:25:31.881+0000] {processor.py:840} INFO - DAG(s) 'example_short_circuit_decorator' retrieved from /usr/local/python/3.12.1/lib/python3.12/site-packages/airflow/example_dags/example_short_circuit_decorator.py
[2026-05-06T23:25:31.895+0000] {logging_mixin.py:188} INFO - [2026-05-06T23:25:31.895+0000] {dag.py:3096} INFO - Sync 1 DAGs
[2026-05-06T23:25:31.909+0000] {logging_mixin.py:188} INFO - [2026-05-06T23:25:31.909+0000] {dag.py:3954} INFO - Setting next_dagrun for example_short_circuit_decorator to 2026-05-05 00:00:00+00:00, run_after=2026-05-06 00:00:00+00:00
[2026-05-06T23:25:31.926+0000] {processor.py:183} INFO - Processing /usr/local/python/3.12.1/lib/python3.12/site-packages/airflow/example_dags/example_short_circuit_decorator.py took 0.059 seconds
[2026-05-06T23:26:15.580+0000] {processor.py:161} INFO - Started process (PID=17613) to work on /usr/local/python/3.12.1/lib/python3.12/site-packages/airflow/example_dags/example_short_circuit_decorator.py
[2026-05-06T23:26:15.581+0000] {processor.py:830} INFO - Processing file /usr/local/python/3.12.1/lib/python3.12/site-packages/airflow/example_dags/example_short_circuit_decorator.py for tasks to queue
[2026-05-06T23:26:15.582+0000] {logging_mixin.py:188} INFO - [2026-05-06T23:26:15.582+0000] {dagbag.py:545} INFO - Filling up the DagBag from /usr/local/python/3.12.1/lib/python3.12/site-packages/airflow/example_dags/example_short_circuit_decorator.py
[2026-05-06T23:26:15.589+0000] {processor.py:840} INFO - DAG(s) 'example_short_circuit_decorator' retrieved from /usr/local/python/3.12.1/lib/python3.12/site-packages/airflow/example_dags/example_short_circuit_decorator.py
[2026-05-06T23:26:15.604+0000] {logging_mixin.py:188} INFO - [2026-05-06T23:26:15.604+0000] {dag.py:3096} INFO - Sync 1 DAGs
[2026-05-06T23:26:15.619+0000] {logging_mixin.py:188} INFO - [2026-05-06T23:26:15.619+0000] {dag.py:3954} INFO - Setting next_dagrun for example_short_circuit_decorator to 2026-05-05 00:00:00+00:00, run_after=2026-05-06 00:00:00+00:00
[2026-05-06T23:26:15.635+0000] {processor.py:183} INFO - Processing /usr/local/python/3.12.1/lib/python3.12/site-packages/airflow/example_dags/example_short_circuit_decorator.py took 0.060 seconds
[2026-05-06T23:27:10.491+0000] {processor.py:161} INFO - Started process (PID=18140) to work on /usr/local/python/3.12.1/lib/python3.12/site-packages/airflow/example_dags/example_short_circuit_decorator.py
[2026-05-06T23:27:10.491+0000] {processor.py:830} INFO - Processing file /usr/local/python/3.12.1/lib/python3.12/site-packages/airflow/example_dags/example_short_circuit_decorator.py for tasks to queue
[2026-05-06T23:27:10.493+0000] {logging_mixin.py:188} INFO - [2026-05-06T23:27:10.493+0000] {dagbag.py:545} INFO - Filling up the DagBag from /usr/local/python/3.12.1/lib/python3.12/site-packages/airflow/example_dags/example_short_circuit_decorator.py
[2026-05-06T23:27:10.500+0000] {processor.py:840} INFO - DAG(s) 'example_short_circuit_decorator' retrieved from /usr/local/python/3.12.1/lib/python3.12/site-packages/airflow/example_dags/example_short_circuit_decorator.py
[2026-05-06T23:27:10.514+0000] {logging_mixin.py:188} INFO - [2026-05-06T23:27:10.514+0000] {dag.py:3096} INFO - Sync 1 DAGs
[2026-05-06T23:27:10.528+0000] {logging_mixin.py:188} INFO - [2026-05-06T23:27:10.528+0000] {dag.py:3954} INFO - Setting next_dagrun for example_short_circuit_decorator to 2026-05-05 00:00:00+00:00, run_after=2026-05-06 00:00:00+00:00
[2026-05-06T23:27:10.546+0000] {processor.py:183} INFO - Processing /usr/local/python/3.12.1/lib/python3.12/site-packages/airflow/example_dags/example_short_circuit_decorator.py took 0.060 seconds
[2026-05-06T23:27:49.359+0000] {processor.py:161} INFO - Started process (PID=18524) to work on /usr/local/python/3.12.1/lib/python3.12/site-packages/airflow/example_dags/example_short_circuit_decorator.py
[2026-05-06T23:27:49.360+0000] {processor.py:830} INFO - Processing file /usr/local/python/3.12.1/lib/python3.12/site-packages/airflow/example_dags/example_short_circuit_decorator.py for tasks to queue
[2026-05-06T23:27:49.361+0000] {logging_mixin.py:188} INFO - [2026-05-06T23:27:49.361+0000] {dagbag.py:545} INFO - Filling up the DagBag from /usr/local/python/3.12.1/lib/python3.12/site-packages/airflow/example_dags/example_short_circuit_decorator.py
[2026-05-06T23:27:49.368+0000] {processor.py:840} INFO - DAG(s) 'example_short_circuit_decorator' retrieved from /usr/local/python/3.12.1/lib/python3.12/site-packages/airflow/example_dags/example_short_circuit_decorator.py
[2026-05-06T23:27:49.383+0000] {logging_mixin.py:188} INFO - [2026-05-06T23:27:49.383+0000] {dag.py:3096} INFO - Sync 1 DAGs
[2026-05-06T23:27:49.404+0000] {logging_mixin.py:188} INFO - [2026-05-06T23:27:49.404+0000] {dag.py:3954} INFO - Setting next_dagrun for example_short_circuit_decorator to 2026-05-05 00:00:00+00:00, run_after=2026-05-06 00:00:00+00:00
[2026-05-06T23:27:49.427+0000] {processor.py:183} INFO - Processing /usr/local/python/3.12.1/lib/python3.12/site-packages/airflow/example_dags/example_short_circuit_decorator.py took 0.073 seconds
[2026-05-06T23:28:30.882+0000] {processor.py:161} INFO - Started process (PID=18869) to work on /usr/local/python/3.12.1/lib/python3.12/site-packages/airflow/example_dags/example_short_circuit_decorator.py
[2026-05-06T23:28:30.882+0000] {processor.py:830} INFO - Processing file /usr/local/python/3.12.1/lib/python3.12/site-packages/airflow/example_dags/example_short_circuit_decorator.py for tasks to queue
[2026-05-06T23:28:30.884+0000] {logging_mixin.py:188} INFO - [2026-05-06T23:28:30.883+0000] {dagbag.py:545} INFO - Filling up the DagBag from /usr/local/python/3.12.1/lib/python3.12/site-packages/airflow/example_dags/example_short_circuit_decorator.py
[2026-05-06T23:28:30.892+0000] {processor.py:840} INFO - DAG(s) 'example_short_circuit_decorator' retrieved from /usr/local/python/3.12.1/lib/python3.12/site-packages/airflow/example_dags/example_short_circuit_decorator.py
[2026-05-06T23:28:30.907+0000] {logging_mixin.py:188} INFO - [2026-05-06T23:28:30.906+0000] {dag.py:3096} INFO - Sync 1 DAGs
[2026-05-06T23:28:31.009+0000] {logging_mixin.py:188} INFO - [2026-05-06T23:28:31.009+0000] {dag.py:3954} INFO - Setting next_dagrun for example_short_circuit_decorator to 2026-05-05 00:00:00+00:00, run_after=2026-05-06 00:00:00+00:00
[2026-05-06T23:28:31.023+0000] {processor.py:183} INFO - Processing /usr/local/python/3.12.1/lib/python3.12/site-packages/airflow/example_dags/example_short_circuit_decorator.py took 0.146 seconds
[2026-05-06T23:31:39.775+0000] {processor.py:161} INFO - Started process (PID=20701) to work on /usr/local/python/3.12.1/lib/python3.12/site-packages/airflow/example_dags/example_short_circuit_decorator.py
[2026-05-06T23:31:39.776+0000] {processor.py:830} INFO - Processing file /usr/local/python/3.12.1/lib/python3.12/site-packages/airflow/example_dags/example_short_circuit_decorator.py for tasks to queue
[2026-05-06T23:31:39.778+0000] {logging_mixin.py:188} INFO - [2026-05-06T23:31:39.777+0000] {dagbag.py:545} INFO - Filling up the DagBag from /usr/local/python/3.12.1/lib/python3.12/site-packages/airflow/example_dags/example_short_circuit_decorator.py
[2026-05-06T23:31:39.786+0000] {processor.py:840} INFO - DAG(s) 'example_short_circuit_decorator' retrieved from /usr/local/python/3.12.1/lib/python3.12/site-packages/airflow/example_dags/example_short_circuit_decorator.py
[2026-05-06T23:31:39.805+0000] {logging_mixin.py:188} INFO - [2026-05-06T23:31:39.805+0000] {dag.py:3096} INFO - Sync 1 DAGs
[2026-05-06T23:31:39.826+0000] {logging_mixin.py:188} INFO - [2026-05-06T23:31:39.826+0000] {dag.py:3954} INFO - Setting next_dagrun for example_short_circuit_decorator to 2026-05-05 00:00:00+00:00, run_after=2026-05-06 00:00:00+00:00
[2026-05-06T23:31:39.843+0000] {processor.py:183} INFO - Processing /usr/local/python/3.12.1/lib/python3.12/site-packages/airflow/example_dags/example_short_circuit_decorator.py took 0.072 seconds
[2026-05-06T23:32:28.249+0000] {processor.py:161} INFO - Started process (PID=21089) to work on /usr/local/python/3.12.1/lib/python3.12/site-packages/airflow/example_dags/example_short_circuit_decorator.py
[2026-05-06T23:32:28.250+0000] {processor.py:830} INFO - Processing file /usr/local/python/3.12.1/lib/python3.12/site-packages/airflow/example_dags/example_short_circuit_decorator.py for tasks to queue
[2026-05-06T23:32:28.251+0000] {logging_mixin.py:188} INFO - [2026-05-06T23:32:28.251+0000] {dagbag.py:545} INFO - Filling up the DagBag from /usr/local/python/3.12.1/lib/python3.12/site-packages/airflow/example_dags/example_short_circuit_decorator.py
[2026-05-06T23:32:28.259+0000] {processor.py:840} INFO - DAG(s) 'example_short_circuit_decorator' retrieved from /usr/local/python/3.12.1/lib/python3.12/site-packages/airflow/example_dags/example_short_circuit_decorator.py
[2026-05-06T23:32:28.274+0000] {logging_mixin.py:188} INFO - [2026-05-06T23:32:28.274+0000] {dag.py:3096} INFO - Sync 1 DAGs
[2026-05-06T23:32:28.290+0000] {logging_mixin.py:188} INFO - [2026-05-06T23:32:28.289+0000] {dag.py:3954} INFO - Setting next_dagrun for example_short_circuit_decorator to 2026-05-05 00:00:00+00:00, run_after=2026-05-06 00:00:00+00:00
[2026-05-06T23:32:28.307+0000] {processor.py:183} INFO - Processing /usr/local/python/3.12.1/lib/python3.12/site-packages/airflow/example_dags/example_short_circuit_decorator.py took 0.062 seconds
[2026-05-06T23:33:18.419+0000] {processor.py:161} INFO - Started process (PID=21476) to work on /usr/local/python/3.12.1/lib/python3.12/site-packages/airflow/example_dags/example_short_circuit_decorator.py
[2026-05-06T23:33:18.420+0000] {processor.py:830} INFO - Processing file /usr/local/python/3.12.1/lib/python3.12/site-packages/airflow/example_dags/example_short_circuit_decorator.py for tasks to queue
[2026-05-06T23:33:18.422+0000] {logging_mixin.py:188} INFO - [2026-05-06T23:33:18.421+0000] {dagbag.py:545} INFO - Filling up the DagBag from /usr/local/python/3.12.1/lib/python3.12/site-packages/airflow/example_dags/example_short_circuit_decorator.py
[2026-05-06T23:33:18.432+0000] {processor.py:840} INFO - DAG(s) 'example_short_circuit_decorator' retrieved from /usr/local/python/3.12.1/lib/python3.12/site-packages/airflow/example_dags/example_short_circuit_decorator.py
[2026-05-06T23:33:18.474+0000] {logging_mixin.py:188} INFO - [2026-05-06T23:33:18.474+0000] {dag.py:3096} INFO - Sync 1 DAGs
[2026-05-06T23:33:18.491+0000] {logging_mixin.py:188} INFO - [2026-05-06T23:33:18.490+0000] {dag.py:3954} INFO - Setting next_dagrun for example_short_circuit_decorator to 2026-05-05 00:00:00+00:00, run_after=2026-05-06 00:00:00+00:00
[2026-05-06T23:33:18.507+0000] {processor.py:183} INFO - Processing /usr/local/python/3.12.1/lib/python3.12/site-packages/airflow/example_dags/example_short_circuit_decorator.py took 0.092 seconds
[2026-05-06T23:34:14.525+0000] {processor.py:161} INFO - Started process (PID=21907) to work on /usr/local/python/3.12.1/lib/python3.12/site-packages/airflow/example_dags/example_short_circuit_decorator.py
[2026-05-06T23:34:14.525+0000] {processor.py:830} INFO - Processing file /usr/local/python/3.12.1/lib/python3.12/site-packages/airflow/example_dags/example_short_circuit_decorator.py for tasks to queue
[2026-05-06T23:34:14.527+0000] {logging_mixin.py:188} INFO - [2026-05-06T23:34:14.526+0000] {dagbag.py:545} INFO - Filling up the DagBag from /usr/local/python/3.12.1/lib/python3.12/site-packages/airflow/example_dags/example_short_circuit_decorator.py
[2026-05-06T23:34:14.534+0000] {processor.py:840} INFO - DAG(s) 'example_short_circuit_decorator' retrieved from /usr/local/python/3.12.1/lib/python3.12/site-packages/airflow/example_dags/example_short_circuit_decorator.py
[2026-05-06T23:34:14.549+0000] {logging_mixin.py:188} INFO - [2026-05-06T23:34:14.548+0000] {dag.py:3096} INFO - Sync 1 DAGs
[2026-05-06T23:34:14.564+0000] {logging_mixin.py:188} INFO - [2026-05-06T23:34:14.564+0000] {dag.py:3954} INFO - Setting next_dagrun for example_short_circuit_decorator to 2026-05-05 00:00:00+00:00, run_after=2026-05-06 00:00:00+00:00
[2026-05-06T23:34:14.583+0000] {processor.py:183} INFO - Processing /usr/local/python/3.12.1/lib/python3.12/site-packages/airflow/example_dags/example_short_circuit_decorator.py took 0.063 seconds
[2026-05-06T23:34:55.156+0000] {processor.py:161} INFO - Started process (PID=22246) to work on /usr/local/python/3.12.1/lib/python3.12/site-packages/airflow/example_dags/example_short_circuit_decorator.py
[2026-05-06T23:34:55.157+0000] {processor.py:830} INFO - Processing file /usr/local/python/3.12.1/lib/python3.12/site-packages/airflow/example_dags/example_short_circuit_decorator.py for tasks to queue
[2026-05-06T23:34:55.158+0000] {logging_mixin.py:188} INFO - [2026-05-06T23:34:55.158+0000] {dagbag.py:545} INFO - Filling up the DagBag from /usr/local/python/3.12.1/lib/python3.12/site-packages/airflow/example_dags/example_short_circuit_decorator.py
[2026-05-06T23:34:55.166+0000] {processor.py:840} INFO - DAG(s) 'example_short_circuit_decorator' retrieved from /usr/local/python/3.12.1/lib/python3.12/site-packages/airflow/example_dags/example_short_circuit_decorator.py
[2026-05-06T23:34:55.181+0000] {logging_mixin.py:188} INFO - [2026-05-06T23:34:55.180+0000] {dag.py:3096} INFO - Sync 1 DAGs
[2026-05-06T23:34:55.196+0000] {logging_mixin.py:188} INFO - [2026-05-06T23:34:55.195+0000] {dag.py:3954} INFO - Setting next_dagrun for example_short_circuit_decorator to 2026-05-05 00:00:00+00:00, run_after=2026-05-06 00:00:00+00:00
[2026-05-06T23:34:55.212+0000] {processor.py:183} INFO - Processing /usr/local/python/3.12.1/lib/python3.12/site-packages/airflow/example_dags/example_short_circuit_decorator.py took 0.061 seconds
[2026-05-06T23:35:53.631+0000] {processor.py:161} INFO - Started process (PID=22700) to work on /usr/local/python/3.12.1/lib/python3.12/site-packages/airflow/example_dags/example_short_circuit_decorator.py
[2026-05-06T23:35:53.631+0000] {processor.py:830} INFO - Processing file /usr/local/python/3.12.1/lib/python3.12/site-packages/airflow/example_dags/example_short_circuit_decorator.py for tasks to queue
[2026-05-06T23:35:53.633+0000] {logging_mixin.py:188} INFO - [2026-05-06T23:35:53.632+0000] {dagbag.py:545} INFO - Filling up the DagBag from /usr/local/python/3.12.1/lib/python3.12/site-packages/airflow/example_dags/example_short_circuit_decorator.py
[2026-05-06T23:35:53.640+0000] {processor.py:840} INFO - DAG(s) 'example_short_circuit_decorator' retrieved from /usr/local/python/3.12.1/lib/python3.12/site-packages/airflow/example_dags/example_short_circuit_decorator.py
[2026-05-06T23:35:53.675+0000] {logging_mixin.py:188} INFO - [2026-05-06T23:35:53.675+0000] {dag.py:3096} INFO - Sync 1 DAGs
[2026-05-06T23:35:53.699+0000] {logging_mixin.py:188} INFO - [2026-05-06T23:35:53.699+0000] {dag.py:3954} INFO - Setting next_dagrun for example_short_circuit_decorator to 2026-05-05 00:00:00+00:00, run_after=2026-05-06 00:00:00+00:00
[2026-05-06T23:35:53.715+0000] {processor.py:183} INFO - Processing /usr/local/python/3.12.1/lib/python3.12/site-packages/airflow/example_dags/example_short_circuit_decorator.py took 0.089 seconds
[2026-05-06T23:36:31.277+0000] {processor.py:161} INFO - Started process (PID=23002) to work on /usr/local/python/3.12.1/lib/python3.12/site-packages/airflow/example_dags/example_short_circuit_decorator.py
[2026-05-06T23:36:31.277+0000] {processor.py:830} INFO - Processing file /usr/local/python/3.12.1/lib/python3.12/site-packages/airflow/example_dags/example_short_circuit_decorator.py for tasks to queue
[2026-05-06T23:36:31.279+0000] {logging_mixin.py:188} INFO - [2026-05-06T23:36:31.278+0000] {dagbag.py:545} INFO - Filling up the DagBag from /usr/local/python/3.12.1/lib/python3.12/site-packages/airflow/example_dags/example_short_circuit_decorator.py
[2026-05-06T23:36:31.286+0000] {processor.py:840} INFO - DAG(s) 'example_short_circuit_decorator' retrieved from /usr/local/python/3.12.1/lib/python3.12/site-packages/airflow/example_dags/example_short_circuit_decorator.py
[2026-05-06T23:36:31.301+0000] {logging_mixin.py:188} INFO - [2026-05-06T23:36:31.301+0000] {dag.py:3096} INFO - Sync 1 DAGs
[2026-05-06T23:36:31.317+0000] {logging_mixin.py:188} INFO - [2026-05-06T23:36:31.317+0000] {dag.py:3954} INFO - Setting next_dagrun for example_short_circuit_decorator to 2026-05-05 00:00:00+00:00, run_after=2026-05-06 00:00:00+00:00
[2026-05-06T23:36:31.335+0000] {processor.py:183} INFO - Processing /usr/local/python/3.12.1/lib/python3.12/site-packages/airflow/example_dags/example_short_circuit_decorator.py took 0.063 seconds
[2026-05-06T23:37:29.365+0000] {processor.py:161} INFO - Started process (PID=23456) to work on /usr/local/python/3.12.1/lib/python3.12/site-packages/airflow/example_dags/example_short_circuit_decorator.py
[2026-05-06T23:37:29.366+0000] {processor.py:830} INFO - Processing file /usr/local/python/3.12.1/lib/python3.12/site-packages/airflow/example_dags/example_short_circuit_decorator.py for tasks to queue
[2026-05-06T23:37:29.367+0000] {logging_mixin.py:188} INFO - [2026-05-06T23:37:29.367+0000] {dagbag.py:545} INFO - Filling up the DagBag from /usr/local/python/3.12.1/lib/python3.12/site-packages/airflow/example_dags/example_short_circuit_decorator.py
[2026-05-06T23:37:29.376+0000] {processor.py:840} INFO - DAG(s) 'example_short_circuit_decorator' retrieved from /usr/local/python/3.12.1/lib/python3.12/site-packages/airflow/example_dags/example_short_circuit_decorator.py
[2026-05-06T23:37:29.394+0000] {logging_mixin.py:188} INFO - [2026-05-06T23:37:29.394+0000] {dag.py:3096} INFO - Sync 1 DAGs
[2026-05-06T23:37:29.409+0000] {logging_mixin.py:188} INFO - [2026-05-06T23:37:29.409+0000] {dag.py:3954} INFO - Setting next_dagrun for example_short_circuit_decorator to 2026-05-05 00:00:00+00:00, run_after=2026-05-06 00:00:00+00:00
[2026-05-06T23:37:29.426+0000] {processor.py:183} INFO - Processing /usr/local/python/3.12.1/lib/python3.12/site-packages/airflow/example_dags/example_short_circuit_decorator.py took 0.066 seconds
[2026-05-06T23:38:25.697+0000] {processor.py:161} INFO - Started process (PID=23888) to work on /usr/local/python/3.12.1/lib/python3.12/site-packages/airflow/example_dags/example_short_circuit_decorator.py
[2026-05-06T23:38:25.697+0000] {processor.py:830} INFO - Processing file /usr/local/python/3.12.1/lib/python3.12/site-packages/airflow/example_dags/example_short_circuit_decorator.py for tasks to queue
[2026-05-06T23:38:25.699+0000] {logging_mixin.py:188} INFO - [2026-05-06T23:38:25.698+0000] {dagbag.py:545} INFO - Filling up the DagBag from /usr/local/python/3.12.1/lib/python3.12/site-packages/airflow/example_dags/example_short_circuit_decorator.py
[2026-05-06T23:38:25.706+0000] {processor.py:840} INFO - DAG(s) 'example_short_circuit_decorator' retrieved from /usr/local/python/3.12.1/lib/python3.12/site-packages/airflow/example_dags/example_short_circuit_decorator.py
[2026-05-06T23:38:25.722+0000] {logging_mixin.py:188} INFO - [2026-05-06T23:38:25.722+0000] {dag.py:3096} INFO - Sync 1 DAGs
[2026-05-06T23:38:25.737+0000] {logging_mixin.py:188} INFO - [2026-05-06T23:38:25.737+0000] {dag.py:3954} INFO - Setting next_dagrun for example_short_circuit_decorator to 2026-05-05 00:00:00+00:00, run_after=2026-05-06 00:00:00+00:00
[2026-05-06T23:38:25.754+0000] {processor.py:183} INFO - Processing /usr/local/python/3.12.1/lib/python3.12/site-packages/airflow/example_dags/example_short_circuit_decorator.py took 0.063 seconds
[2026-05-06T23:39:04.465+0000] {processor.py:161} INFO - Started process (PID=24194) to work on /usr/local/python/3.12.1/lib/python3.12/site-packages/airflow/example_dags/example_short_circuit_decorator.py
[2026-05-06T23:39:04.465+0000] {processor.py:830} INFO - Processing file /usr/local/python/3.12.1/lib/python3.12/site-packages/airflow/example_dags/example_short_circuit_decorator.py for tasks to queue
[2026-05-06T23:39:04.467+0000] {logging_mixin.py:188} INFO - [2026-05-06T23:39:04.467+0000] {dagbag.py:545} INFO - Filling up the DagBag from /usr/local/python/3.12.1/lib/python3.12/site-packages/airflow/example_dags/example_short_circuit_decorator.py
[2026-05-06T23:39:04.474+0000] {processor.py:840} INFO - DAG(s) 'example_short_circuit_decorator' retrieved from /usr/local/python/3.12.1/lib/python3.12/site-packages/airflow/example_dags/example_short_circuit_decorator.py
[2026-05-06T23:39:04.490+0000] {logging_mixin.py:188} INFO - [2026-05-06T23:39:04.490+0000] {dag.py:3096} INFO - Sync 1 DAGs
[2026-05-06T23:39:04.610+0000] {logging_mixin.py:188} INFO - [2026-05-06T23:39:04.610+0000] {dag.py:3954} INFO - Setting next_dagrun for example_short_circuit_decorator to 2026-05-05 00:00:00+00:00, run_after=2026-05-06 00:00:00+00:00
[2026-05-06T23:39:04.626+0000] {processor.py:183} INFO - Processing /usr/local/python/3.12.1/lib/python3.12/site-packages/airflow/example_dags/example_short_circuit_decorator.py took 0.166 seconds
[2026-05-06T23:39:43.598+0000] {processor.py:161} INFO - Started process (PID=24505) to work on /usr/local/python/3.12.1/lib/python3.12/site-packages/airflow/example_dags/example_short_circuit_decorator.py
[2026-05-06T23:39:43.599+0000] {processor.py:830} INFO - Processing file /usr/local/python/3.12.1/lib/python3.12/site-packages/airflow/example_dags/example_short_circuit_decorator.py for tasks to queue
[2026-05-06T23:39:43.600+0000] {logging_mixin.py:188} INFO - [2026-05-06T23:39:43.600+0000] {dagbag.py:545} INFO - Filling up the DagBag from /usr/local/python/3.12.1/lib/python3.12/site-packages/airflow/example_dags/example_short_circuit_decorator.py
[2026-05-06T23:39:43.608+0000] {processor.py:840} INFO - DAG(s) 'example_short_circuit_decorator' retrieved from /usr/local/python/3.12.1/lib/python3.12/site-packages/airflow/example_dags/example_short_circuit_decorator.py
[2026-05-06T23:39:43.632+0000] {logging_mixin.py:188} INFO - [2026-05-06T23:39:43.632+0000] {dag.py:3096} INFO - Sync 1 DAGs
[2026-05-06T23:39:43.651+0000] {logging_mixin.py:188} INFO - [2026-05-06T23:39:43.651+0000] {dag.py:3954} INFO - Setting next_dagrun for example_short_circuit_decorator to 2026-05-05 00:00:00+00:00, run_after=2026-05-06 00:00:00+00:00
[2026-05-06T23:39:43.671+0000] {processor.py:183} INFO - Processing /usr/local/python/3.12.1/lib/python3.12/site-packages/airflow/example_dags/example_short_circuit_decorator.py took 0.078 seconds
[2026-05-06T23:40:23.231+0000] {processor.py:161} INFO - Started process (PID=24812) to work on /usr/local/python/3.12.1/lib/python3.12/site-packages/airflow/example_dags/example_short_circuit_decorator.py
[2026-05-06T23:40:23.232+0000] {processor.py:830} INFO - Processing file /usr/local/python/3.12.1/lib/python3.12/site-packages/airflow/example_dags/example_short_circuit_decorator.py for tasks to queue
[2026-05-06T23:40:23.233+0000] {logging_mixin.py:188} INFO - [2026-05-06T23:40:23.233+0000] {dagbag.py:545} INFO - Filling up the DagBag from /usr/local/python/3.12.1/lib/python3.12/site-packages/airflow/example_dags/example_short_circuit_decorator.py
[2026-05-06T23:40:23.241+0000] {processor.py:840} INFO - DAG(s) 'example_short_circuit_decorator' retrieved from /usr/local/python/3.12.1/lib/python3.12/site-packages/airflow/example_dags/example_short_circuit_decorator.py
[2026-05-06T23:40:23.281+0000] {logging_mixin.py:188} INFO - [2026-05-06T23:40:23.280+0000] {dag.py:3096} INFO - Sync 1 DAGs
[2026-05-06T23:40:23.406+0000] {logging_mixin.py:188} INFO - [2026-05-06T23:40:23.406+0000] {dag.py:3954} INFO - Setting next_dagrun for example_short_circuit_decorator to 2026-05-05 00:00:00+00:00, run_after=2026-05-06 00:00:00+00:00
[2026-05-06T23:40:23.422+0000] {processor.py:183} INFO - Processing /usr/local/python/3.12.1/lib/python3.12/site-packages/airflow/example_dags/example_short_circuit_decorator.py took 0.196 seconds
[2026-05-06T23:41:05.676+0000] {processor.py:161} INFO - Started process (PID=25142) to work on /usr/local/python/3.12.1/lib/python3.12/site-packages/airflow/example_dags/example_short_circuit_decorator.py
[2026-05-06T23:41:05.677+0000] {processor.py:830} INFO - Processing file /usr/local/python/3.12.1/lib/python3.12/site-packages/airflow/example_dags/example_short_circuit_decorator.py for tasks to queue
[2026-05-06T23:41:05.679+0000] {logging_mixin.py:188} INFO - [2026-05-06T23:41:05.679+0000] {dagbag.py:545} INFO - Filling up the DagBag from /usr/local/python/3.12.1/lib/python3.12/site-packages/airflow/example_dags/example_short_circuit_decorator.py
[2026-05-06T23:41:05.690+0000] {processor.py:840} INFO - DAG(s) 'example_short_circuit_decorator' retrieved from /usr/local/python/3.12.1/lib/python3.12/site-packages/airflow/example_dags/example_short_circuit_decorator.py
[2026-05-06T23:41:05.714+0000] {logging_mixin.py:188} INFO - [2026-05-06T23:41:05.714+0000] {dag.py:3096} INFO - Sync 1 DAGs
[2026-05-06T23:41:05.730+0000] {logging_mixin.py:188} INFO - [2026-05-06T23:41:05.730+0000] {dag.py:3954} INFO - Setting next_dagrun for example_short_circuit_decorator to 2026-05-05 00:00:00+00:00, run_after=2026-05-06 00:00:00+00:00
[2026-05-06T23:41:05.755+0000] {processor.py:183} INFO - Processing /usr/local/python/3.12.1/lib/python3.12/site-packages/airflow/example_dags/example_short_circuit_decorator.py took 0.087 seconds
[2026-05-06T23:42:04.147+0000] {processor.py:161} INFO - Started process (PID=25595) to work on /usr/local/python/3.12.1/lib/python3.12/site-packages/airflow/example_dags/example_short_circuit_decorator.py
[2026-05-06T23:42:04.147+0000] {processor.py:830} INFO - Processing file /usr/local/python/3.12.1/lib/python3.12/site-packages/airflow/example_dags/example_short_circuit_decorator.py for tasks to queue
[2026-05-06T23:42:04.149+0000] {logging_mixin.py:188} INFO - [2026-05-06T23:42:04.149+0000] {dagbag.py:545} INFO - Filling up the DagBag from /usr/local/python/3.12.1/lib/python3.12/site-packages/airflow/example_dags/example_short_circuit_decorator.py
[2026-05-06T23:42:04.156+0000] {processor.py:840} INFO - DAG(s) 'example_short_circuit_decorator' retrieved from /usr/local/python/3.12.1/lib/python3.12/site-packages/airflow/example_dags/example_short_circuit_decorator.py
[2026-05-06T23:42:04.171+0000] {logging_mixin.py:188} INFO - [2026-05-06T23:42:04.171+0000] {dag.py:3096} INFO - Sync 1 DAGs
[2026-05-06T23:42:04.186+0000] {logging_mixin.py:188} INFO - [2026-05-06T23:42:04.186+0000] {dag.py:3954} INFO - Setting next_dagrun for example_short_circuit_decorator to 2026-05-05 00:00:00+00:00, run_after=2026-05-06 00:00:00+00:00
[2026-05-06T23:42:04.202+0000] {processor.py:183} INFO - Processing /usr/local/python/3.12.1/lib/python3.12/site-packages/airflow/example_dags/example_short_circuit_decorator.py took 0.060 seconds
[2026-05-06T23:42:46.712+0000] {processor.py:161} INFO - Started process (PID=25922) to work on /usr/local/python/3.12.1/lib/python3.12/site-packages/airflow/example_dags/example_short_circuit_decorator.py
[2026-05-06T23:42:46.713+0000] {processor.py:830} INFO - Processing file /usr/local/python/3.12.1/lib/python3.12/site-packages/airflow/example_dags/example_short_circuit_decorator.py for tasks to queue
[2026-05-06T23:42:46.715+0000] {logging_mixin.py:188} INFO - [2026-05-06T23:42:46.714+0000] {dagbag.py:545} INFO - Filling up the DagBag from /usr/local/python/3.12.1/lib/python3.12/site-packages/airflow/example_dags/example_short_circuit_decorator.py
[2026-05-06T23:42:46.722+0000] {processor.py:840} INFO - DAG(s) 'example_short_circuit_decorator' retrieved from /usr/local/python/3.12.1/lib/python3.12/site-packages/airflow/example_dags/example_short_circuit_decorator.py
[2026-05-06T23:42:46.738+0000] {logging_mixin.py:188} INFO - [2026-05-06T23:42:46.738+0000] {dag.py:3096} INFO - Sync 1 DAGs
[2026-05-06T23:42:46.753+0000] {logging_mixin.py:188} INFO - [2026-05-06T23:42:46.753+0000] {dag.py:3954} INFO - Setting next_dagrun for example_short_circuit_decorator to 2026-05-05 00:00:00+00:00, run_after=2026-05-06 00:00:00+00:00
[2026-05-06T23:42:46.771+0000] {processor.py:183} INFO - Processing /usr/local/python/3.12.1/lib/python3.12/site-packages/airflow/example_dags/example_short_circuit_decorator.py took 0.063 seconds
[2026-05-06T23:43:27.867+0000] {processor.py:161} INFO - Started process (PID=26246) to work on /usr/local/python/3.12.1/lib/python3.12/site-packages/airflow/example_dags/example_short_circuit_decorator.py
[2026-05-06T23:43:27.868+0000] {processor.py:830} INFO - Processing file /usr/local/python/3.12.1/lib/python3.12/site-packages/airflow/example_dags/example_short_circuit_decorator.py for tasks to queue
[2026-05-06T23:43:27.870+0000] {logging_mixin.py:188} INFO - [2026-05-06T23:43:27.869+0000] {dagbag.py:545} INFO - Filling up the DagBag from /usr/local/python/3.12.1/lib/python3.12/site-packages/airflow/example_dags/example_short_circuit_decorator.py
[2026-05-06T23:43:27.877+0000] {processor.py:840} INFO - DAG(s) 'example_short_circuit_decorator' retrieved from /usr/local/python/3.12.1/lib/python3.12/site-packages/airflow/example_dags/example_short_circuit_decorator.py
[2026-05-06T23:43:27.892+0000] {logging_mixin.py:188} INFO - [2026-05-06T23:43:27.892+0000] {dag.py:3096} INFO - Sync 1 DAGs
[2026-05-06T23:43:27.907+0000] {logging_mixin.py:188} INFO - [2026-05-06T23:43:27.907+0000] {dag.py:3954} INFO - Setting next_dagrun for example_short_circuit_decorator to 2026-05-05 00:00:00+00:00, run_after=2026-05-06 00:00:00+00:00
[2026-05-06T23:43:27.924+0000] {processor.py:183} INFO - Processing /usr/local/python/3.12.1/lib/python3.12/site-packages/airflow/example_dags/example_short_circuit_decorator.py took 0.062 seconds
[2026-05-06T23:44:23.975+0000] {processor.py:161} INFO - Started process (PID=26666) to work on /usr/local/python/3.12.1/lib/python3.12/site-packages/airflow/example_dags/example_short_circuit_decorator.py
[2026-05-06T23:44:23.976+0000] {processor.py:830} INFO - Processing file /usr/local/python/3.12.1/lib/python3.12/site-packages/airflow/example_dags/example_short_circuit_decorator.py for tasks to queue
[2026-05-06T23:44:23.978+0000] {logging_mixin.py:188} INFO - [2026-05-06T23:44:23.978+0000] {dagbag.py:545} INFO - Filling up the DagBag from /usr/local/python/3.12.1/lib/python3.12/site-packages/airflow/example_dags/example_short_circuit_decorator.py
[2026-05-06T23:44:23.985+0000] {processor.py:840} INFO - DAG(s) 'example_short_circuit_decorator' retrieved from /usr/local/python/3.12.1/lib/python3.12/site-packages/airflow/example_dags/example_short_circuit_decorator.py
[2026-05-06T23:44:24.000+0000] {logging_mixin.py:188} INFO - [2026-05-06T23:44:24.000+0000] {dag.py:3096} INFO - Sync 1 DAGs
[2026-05-06T23:44:24.017+0000] {logging_mixin.py:188} INFO - [2026-05-06T23:44:24.016+0000] {dag.py:3954} INFO - Setting next_dagrun for example_short_circuit_decorator to 2026-05-05 00:00:00+00:00, run_after=2026-05-06 00:00:00+00:00
[2026-05-06T23:44:24.034+0000] {processor.py:183} INFO - Processing /usr/local/python/3.12.1/lib/python3.12/site-packages/airflow/example_dags/example_short_circuit_decorator.py took 0.065 seconds
[2026-05-06T23:45:02.714+0000] {processor.py:161} INFO - Started process (PID=26972) to work on /usr/local/python/3.12.1/lib/python3.12/site-packages/airflow/example_dags/example_short_circuit_decorator.py
[2026-05-06T23:45:02.714+0000] {processor.py:830} INFO - Processing file /usr/local/python/3.12.1/lib/python3.12/site-packages/airflow/example_dags/example_short_circuit_decorator.py for tasks to queue
[2026-05-06T23:45:02.716+0000] {logging_mixin.py:188} INFO - [2026-05-06T23:45:02.716+0000] {dagbag.py:545} INFO - Filling up the DagBag from /usr/local/python/3.12.1/lib/python3.12/site-packages/airflow/example_dags/example_short_circuit_decorator.py
[2026-05-06T23:45:02.724+0000] {processor.py:840} INFO - DAG(s) 'example_short_circuit_decorator' retrieved from /usr/local/python/3.12.1/lib/python3.12/site-packages/airflow/example_dags/example_short_circuit_decorator.py
[2026-05-06T23:45:02.739+0000] {logging_mixin.py:188} INFO - [2026-05-06T23:45:02.739+0000] {dag.py:3096} INFO - Sync 1 DAGs
[2026-05-06T23:45:02.755+0000] {logging_mixin.py:188} INFO - [2026-05-06T23:45:02.755+0000] {dag.py:3954} INFO - Setting next_dagrun for example_short_circuit_decorator to 2026-05-05 00:00:00+00:00, run_after=2026-05-06 00:00:00+00:00
[2026-05-06T23:45:02.772+0000] {processor.py:183} INFO - Processing /usr/local/python/3.12.1/lib/python3.12/site-packages/airflow/example_dags/example_short_circuit_decorator.py took 0.063 seconds
[2026-05-06T23:46:00.953+0000] {processor.py:161} INFO - Started process (PID=27434) to work on /usr/local/python/3.12.1/lib/python3.12/site-packages/airflow/example_dags/example_short_circuit_decorator.py
[2026-05-06T23:46:00.954+0000] {processor.py:830} INFO - Processing file /usr/local/python/3.12.1/lib/python3.12/site-packages/airflow/example_dags/example_short_circuit_decorator.py for tasks to queue
[2026-05-06T23:46:00.956+0000] {logging_mixin.py:188} INFO - [2026-05-06T23:46:00.955+0000] {dagbag.py:545} INFO - Filling up the DagBag from /usr/local/python/3.12.1/lib/python3.12/site-packages/airflow/example_dags/example_short_circuit_decorator.py
[2026-05-06T23:46:00.963+0000] {processor.py:840} INFO - DAG(s) 'example_short_circuit_decorator' retrieved from /usr/local/python/3.12.1/lib/python3.12/site-packages/airflow/example_dags/example_short_circuit_decorator.py
[2026-05-06T23:46:00.979+0000] {logging_mixin.py:188} INFO - [2026-05-06T23:46:00.979+0000] {dag.py:3096} INFO - Sync 1 DAGs
[2026-05-06T23:46:00.996+0000] {logging_mixin.py:188} INFO - [2026-05-06T23:46:00.996+0000] {dag.py:3954} INFO - Setting next_dagrun for example_short_circuit_decorator to 2026-05-05 00:00:00+00:00, run_after=2026-05-06 00:00:00+00:00
[2026-05-06T23:46:01.013+0000] {processor.py:183} INFO - Processing /usr/local/python/3.12.1/lib/python3.12/site-packages/airflow/example_dags/example_short_circuit_decorator.py took 0.065 seconds
[2026-05-06T23:46:41.288+0000] {processor.py:161} INFO - Started process (PID=27751) to work on /usr/local/python/3.12.1/lib/python3.12/site-packages/airflow/example_dags/example_short_circuit_decorator.py
[2026-05-06T23:46:41.289+0000] {processor.py:830} INFO - Processing file /usr/local/python/3.12.1/lib/python3.12/site-packages/airflow/example_dags/example_short_circuit_decorator.py for tasks to queue
[2026-05-06T23:46:41.290+0000] {logging_mixin.py:188} INFO - [2026-05-06T23:46:41.290+0000] {dagbag.py:545} INFO - Filling up the DagBag from /usr/local/python/3.12.1/lib/python3.12/site-packages/airflow/example_dags/example_short_circuit_decorator.py
[2026-05-06T23:46:41.298+0000] {processor.py:840} INFO - DAG(s) 'example_short_circuit_decorator' retrieved from /usr/local/python/3.12.1/lib/python3.12/site-packages/airflow/example_dags/example_short_circuit_decorator.py
[2026-05-06T23:46:41.318+0000] {logging_mixin.py:188} INFO - [2026-05-06T23:46:41.318+0000] {dag.py:3096} INFO - Sync 1 DAGs
[2026-05-06T23:46:41.334+0000] {logging_mixin.py:188} INFO - [2026-05-06T23:46:41.334+0000] {dag.py:3954} INFO - Setting next_dagrun for example_short_circuit_decorator to 2026-05-05 00:00:00+00:00, run_after=2026-05-06 00:00:00+00:00
[2026-05-06T23:46:41.352+0000] {processor.py:183} INFO - Processing /usr/local/python/3.12.1/lib/python3.12/site-packages/airflow/example_dags/example_short_circuit_decorator.py took 0.070 seconds
[2026-05-06T23:47:39.969+0000] {processor.py:161} INFO - Started process (PID=28211) to work on /usr/local/python/3.12.1/lib/python3.12/site-packages/airflow/example_dags/example_short_circuit_decorator.py
[2026-05-06T23:47:39.969+0000] {processor.py:830} INFO - Processing file /usr/local/python/3.12.1/lib/python3.12/site-packages/airflow/example_dags/example_short_circuit_decorator.py for tasks to queue
[2026-05-06T23:47:39.971+0000] {logging_mixin.py:188} INFO - [2026-05-06T23:47:39.970+0000] {dagbag.py:545} INFO - Filling up the DagBag from /usr/local/python/3.12.1/lib/python3.12/site-packages/airflow/example_dags/example_short_circuit_decorator.py
[2026-05-06T23:47:39.978+0000] {processor.py:840} INFO - DAG(s) 'example_short_circuit_decorator' retrieved from /usr/local/python/3.12.1/lib/python3.12/site-packages/airflow/example_dags/example_short_circuit_decorator.py
[2026-05-06T23:47:39.993+0000] {logging_mixin.py:188} INFO - [2026-05-06T23:47:39.993+0000] {dag.py:3096} INFO - Sync 1 DAGs
[2026-05-06T23:47:40.009+0000] {logging_mixin.py:188} INFO - [2026-05-06T23:47:40.009+0000] {dag.py:3954} INFO - Setting next_dagrun for example_short_circuit_decorator to 2026-05-05 00:00:00+00:00, run_after=2026-05-06 00:00:00+00:00
[2026-05-06T23:47:40.026+0000] {processor.py:183} INFO - Processing /usr/local/python/3.12.1/lib/python3.12/site-packages/airflow/example_dags/example_short_circuit_decorator.py took 0.063 seconds
[2026-05-06T23:48:21.036+0000] {processor.py:161} INFO - Started process (PID=28527) to work on /usr/local/python/3.12.1/lib/python3.12/site-packages/airflow/example_dags/example_short_circuit_decorator.py
[2026-05-06T23:48:21.037+0000] {processor.py:830} INFO - Processing file /usr/local/python/3.12.1/lib/python3.12/site-packages/airflow/example_dags/example_short_circuit_decorator.py for tasks to queue
[2026-05-06T23:48:21.038+0000] {logging_mixin.py:188} INFO - [2026-05-06T23:48:21.038+0000] {dagbag.py:545} INFO - Filling up the DagBag from /usr/local/python/3.12.1/lib/python3.12/site-packages/airflow/example_dags/example_short_circuit_decorator.py
[2026-05-06T23:48:21.049+0000] {processor.py:840} INFO - DAG(s) 'example_short_circuit_decorator' retrieved from /usr/local/python/3.12.1/lib/python3.12/site-packages/airflow/example_dags/example_short_circuit_decorator.py
[2026-05-06T23:48:21.073+0000] {logging_mixin.py:188} INFO - [2026-05-06T23:48:21.073+0000] {dag.py:3096} INFO - Sync 1 DAGs
[2026-05-06T23:48:21.090+0000] {logging_mixin.py:188} INFO - [2026-05-06T23:48:21.089+0000] {dag.py:3954} INFO - Setting next_dagrun for example_short_circuit_decorator to 2026-05-05 00:00:00+00:00, run_after=2026-05-06 00:00:00+00:00
[2026-05-06T23:48:21.107+0000] {processor.py:183} INFO - Processing /usr/local/python/3.12.1/lib/python3.12/site-packages/airflow/example_dags/example_short_circuit_decorator.py took 0.076 seconds
[2026-05-06T23:49:01.589+0000] {processor.py:161} INFO - Started process (PID=28850) to work on /usr/local/python/3.12.1/lib/python3.12/site-packages/airflow/example_dags/example_short_circuit_decorator.py
[2026-05-06T23:49:01.590+0000] {processor.py:830} INFO - Processing file /usr/local/python/3.12.1/lib/python3.12/site-packages/airflow/example_dags/example_short_circuit_decorator.py for tasks to queue
[2026-05-06T23:49:01.591+0000] {logging_mixin.py:188} INFO - [2026-05-06T23:49:01.591+0000] {dagbag.py:545} INFO - Filling up the DagBag from /usr/local/python/3.12.1/lib/python3.12/site-packages/airflow/example_dags/example_short_circuit_decorator.py
[2026-05-06T23:49:01.599+0000] {processor.py:840} INFO - DAG(s) 'example_short_circuit_decorator' retrieved from /usr/local/python/3.12.1/lib/python3.12/site-packages/airflow/example_dags/example_short_circuit_decorator.py
[2026-05-06T23:49:01.615+0000] {logging_mixin.py:188} INFO - [2026-05-06T23:49:01.615+0000] {dag.py:3096} INFO - Sync 1 DAGs
[2026-05-06T23:49:01.632+0000] {logging_mixin.py:188} INFO - [2026-05-06T23:49:01.631+0000] {dag.py:3954} INFO - Setting next_dagrun for example_short_circuit_decorator to 2026-05-05 00:00:00+00:00, run_after=2026-05-06 00:00:00+00:00
[2026-05-06T23:49:01.651+0000] {processor.py:183} INFO - Processing /usr/local/python/3.12.1/lib/python3.12/site-packages/airflow/example_dags/example_short_circuit_decorator.py took 0.067 seconds
[2026-05-06T23:49:57.756+0000] {processor.py:161} INFO - Started process (PID=29282) to work on /usr/local/python/3.12.1/lib/python3.12/site-packages/airflow/example_dags/example_short_circuit_decorator.py
[2026-05-06T23:49:57.757+0000] {processor.py:830} INFO - Processing file /usr/local/python/3.12.1/lib/python3.12/site-packages/airflow/example_dags/example_short_circuit_decorator.py for tasks to queue
[2026-05-06T23:49:57.758+0000] {logging_mixin.py:188} INFO - [2026-05-06T23:49:57.758+0000] {dagbag.py:545} INFO - Filling up the DagBag from /usr/local/python/3.12.1/lib/python3.12/site-packages/airflow/example_dags/example_short_circuit_decorator.py
[2026-05-06T23:49:57.766+0000] {processor.py:840} INFO - DAG(s) 'example_short_circuit_decorator' retrieved from /usr/local/python/3.12.1/lib/python3.12/site-packages/airflow/example_dags/example_short_circuit_decorator.py
[2026-05-06T23:49:57.781+0000] {logging_mixin.py:188} INFO - [2026-05-06T23:49:57.781+0000] {dag.py:3096} INFO - Sync 1 DAGs
[2026-05-06T23:49:57.797+0000] {logging_mixin.py:188} INFO - [2026-05-06T23:49:57.797+0000] {dag.py:3954} INFO - Setting next_dagrun for example_short_circuit_decorator to 2026-05-05 00:00:00+00:00, run_after=2026-05-06 00:00:00+00:00
[2026-05-06T23:49:57.814+0000] {processor.py:183} INFO - Processing /usr/local/python/3.12.1/lib/python3.12/site-packages/airflow/example_dags/example_short_circuit_decorator.py took 0.063 seconds
[2026-05-06T23:50:53.165+0000] {processor.py:161} INFO - Started process (PID=29719) to work on /usr/local/python/3.12.1/lib/python3.12/site-packages/airflow/example_dags/example_short_circuit_decorator.py
[2026-05-06T23:50:53.166+0000] {processor.py:830} INFO - Processing file /usr/local/python/3.12.1/lib/python3.12/site-packages/airflow/example_dags/example_short_circuit_decorator.py for tasks to queue
[2026-05-06T23:50:53.167+0000] {logging_mixin.py:188} INFO - [2026-05-06T23:50:53.167+0000] {dagbag.py:545} INFO - Filling up the DagBag from /usr/local/python/3.12.1/lib/python3.12/site-packages/airflow/example_dags/example_short_circuit_decorator.py
[2026-05-06T23:50:53.175+0000] {processor.py:840} INFO - DAG(s) 'example_short_circuit_decorator' retrieved from /usr/local/python/3.12.1/lib/python3.12/site-packages/airflow/example_dags/example_short_circuit_decorator.py
[2026-05-06T23:50:53.190+0000] {logging_mixin.py:188} INFO - [2026-05-06T23:50:53.190+0000] {dag.py:3096} INFO - Sync 1 DAGs
[2026-05-06T23:50:53.205+0000] {logging_mixin.py:188} INFO - [2026-05-06T23:50:53.205+0000] {dag.py:3954} INFO - Setting next_dagrun for example_short_circuit_decorator to 2026-05-05 00:00:00+00:00, run_after=2026-05-06 00:00:00+00:00
[2026-05-06T23:50:53.222+0000] {processor.py:183} INFO - Processing /usr/local/python/3.12.1/lib/python3.12/site-packages/airflow/example_dags/example_short_circuit_decorator.py took 0.061 seconds
[2026-05-06T23:51:31.835+0000] {processor.py:161} INFO - Started process (PID=30025) to work on /usr/local/python/3.12.1/lib/python3.12/site-packages/airflow/example_dags/example_short_circuit_decorator.py
[2026-05-06T23:51:31.836+0000] {processor.py:830} INFO - Processing file /usr/local/python/3.12.1/lib/python3.12/site-packages/airflow/example_dags/example_short_circuit_decorator.py for tasks to queue
[2026-05-06T23:51:31.838+0000] {logging_mixin.py:188} INFO - [2026-05-06T23:51:31.837+0000] {dagbag.py:545} INFO - Filling up the DagBag from /usr/local/python/3.12.1/lib/python3.12/site-packages/airflow/example_dags/example_short_circuit_decorator.py
[2026-05-06T23:51:31.850+0000] {processor.py:840} INFO - DAG(s) 'example_short_circuit_decorator' retrieved from /usr/local/python/3.12.1/lib/python3.12/site-packages/airflow/example_dags/example_short_circuit_decorator.py
[2026-05-06T23:51:31.870+0000] {logging_mixin.py:188} INFO - [2026-05-06T23:51:31.869+0000] {dag.py:3096} INFO - Sync 1 DAGs
[2026-05-06T23:51:31.885+0000] {logging_mixin.py:188} INFO - [2026-05-06T23:51:31.885+0000] {dag.py:3954} INFO - Setting next_dagrun for example_short_circuit_decorator to 2026-05-05 00:00:00+00:00, run_after=2026-05-06 00:00:00+00:00
[2026-05-06T23:51:31.902+0000] {processor.py:183} INFO - Processing /usr/local/python/3.12.1/lib/python3.12/site-packages/airflow/example_dags/example_short_circuit_decorator.py took 0.072 seconds
[2026-05-06T23:52:27.568+0000] {processor.py:161} INFO - Started process (PID=30454) to work on /usr/local/python/3.12.1/lib/python3.12/site-packages/airflow/example_dags/example_short_circuit_decorator.py
[2026-05-06T23:52:27.569+0000] {processor.py:830} INFO - Processing file /usr/local/python/3.12.1/lib/python3.12/site-packages/airflow/example_dags/example_short_circuit_decorator.py for tasks to queue
[2026-05-06T23:52:27.570+0000] {logging_mixin.py:188} INFO - [2026-05-06T23:52:27.570+0000] {dagbag.py:545} INFO - Filling up the DagBag from /usr/local/python/3.12.1/lib/python3.12/site-packages/airflow/example_dags/example_short_circuit_decorator.py
[2026-05-06T23:52:27.577+0000] {processor.py:840} INFO - DAG(s) 'example_short_circuit_decorator' retrieved from /usr/local/python/3.12.1/lib/python3.12/site-packages/airflow/example_dags/example_short_circuit_decorator.py
[2026-05-06T23:52:27.593+0000] {logging_mixin.py:188} INFO - [2026-05-06T23:52:27.593+0000] {dag.py:3096} INFO - Sync 1 DAGs
[2026-05-06T23:52:27.609+0000] {logging_mixin.py:188} INFO - [2026-05-06T23:52:27.608+0000] {dag.py:3954} INFO - Setting next_dagrun for example_short_circuit_decorator to 2026-05-05 00:00:00+00:00, run_after=2026-05-06 00:00:00+00:00
[2026-05-06T23:52:27.626+0000] {processor.py:183} INFO - Processing /usr/local/python/3.12.1/lib/python3.12/site-packages/airflow/example_dags/example_short_circuit_decorator.py took 0.066 seconds
[2026-05-06T23:53:07.074+0000] {processor.py:161} INFO - Started process (PID=30760) to work on /usr/local/python/3.12.1/lib/python3.12/site-packages/airflow/example_dags/example_short_circuit_decorator.py
[2026-05-06T23:53:07.075+0000] {processor.py:830} INFO - Processing file /usr/local/python/3.12.1/lib/python3.12/site-packages/airflow/example_dags/example_short_circuit_decorator.py for tasks to queue
[2026-05-06T23:53:07.076+0000] {logging_mixin.py:188} INFO - [2026-05-06T23:53:07.076+0000] {dagbag.py:545} INFO - Filling up the DagBag from /usr/local/python/3.12.1/lib/python3.12/site-packages/airflow/example_dags/example_short_circuit_decorator.py
[2026-05-06T23:53:07.084+0000] {processor.py:840} INFO - DAG(s) 'example_short_circuit_decorator' retrieved from /usr/local/python/3.12.1/lib/python3.12/site-packages/airflow/example_dags/example_short_circuit_decorator.py
[2026-05-06T23:53:07.099+0000] {logging_mixin.py:188} INFO - [2026-05-06T23:53:07.099+0000] {dag.py:3096} INFO - Sync 1 DAGs
[2026-05-06T23:53:07.116+0000] {logging_mixin.py:188} INFO - [2026-05-06T23:53:07.116+0000] {dag.py:3954} INFO - Setting next_dagrun for example_short_circuit_decorator to 2026-05-05 00:00:00+00:00, run_after=2026-05-06 00:00:00+00:00
[2026-05-06T23:53:07.133+0000] {processor.py:183} INFO - Processing /usr/local/python/3.12.1/lib/python3.12/site-packages/airflow/example_dags/example_short_circuit_decorator.py took 0.064 seconds
[2026-05-06T23:53:47.095+0000] {processor.py:161} INFO - Started process (PID=31074) to work on /usr/local/python/3.12.1/lib/python3.12/site-packages/airflow/example_dags/example_short_circuit_decorator.py
[2026-05-06T23:53:47.096+0000] {processor.py:830} INFO - Processing file /usr/local/python/3.12.1/lib/python3.12/site-packages/airflow/example_dags/example_short_circuit_decorator.py for tasks to queue
[2026-05-06T23:53:47.098+0000] {logging_mixin.py:188} INFO - [2026-05-06T23:53:47.097+0000] {dagbag.py:545} INFO - Filling up the DagBag from /usr/local/python/3.12.1/lib/python3.12/site-packages/airflow/example_dags/example_short_circuit_decorator.py
[2026-05-06T23:53:47.105+0000] {processor.py:840} INFO - DAG(s) 'example_short_circuit_decorator' retrieved from /usr/local/python/3.12.1/lib/python3.12/site-packages/airflow/example_dags/example_short_circuit_decorator.py
[2026-05-06T23:53:47.120+0000] {logging_mixin.py:188} INFO - [2026-05-06T23:53:47.119+0000] {dag.py:3096} INFO - Sync 1 DAGs
[2026-05-06T23:53:47.137+0000] {logging_mixin.py:188} INFO - [2026-05-06T23:53:47.137+0000] {dag.py:3954} INFO - Setting next_dagrun for example_short_circuit_decorator to 2026-05-05 00:00:00+00:00, run_after=2026-05-06 00:00:00+00:00
[2026-05-06T23:53:47.159+0000] {processor.py:183} INFO - Processing /usr/local/python/3.12.1/lib/python3.12/site-packages/airflow/example_dags/example_short_circuit_decorator.py took 0.069 seconds
[2026-05-06T23:54:26.171+0000] {processor.py:161} INFO - Started process (PID=31380) to work on /usr/local/python/3.12.1/lib/python3.12/site-packages/airflow/example_dags/example_short_circuit_decorator.py
[2026-05-06T23:54:26.172+0000] {processor.py:830} INFO - Processing file /usr/local/python/3.12.1/lib/python3.12/site-packages/airflow/example_dags/example_short_circuit_decorator.py for tasks to queue
[2026-05-06T23:54:26.173+0000] {logging_mixin.py:188} INFO - [2026-05-06T23:54:26.173+0000] {dagbag.py:545} INFO - Filling up the DagBag from /usr/local/python/3.12.1/lib/python3.12/site-packages/airflow/example_dags/example_short_circuit_decorator.py
[2026-05-06T23:54:26.180+0000] {processor.py:840} INFO - DAG(s) 'example_short_circuit_decorator' retrieved from /usr/local/python/3.12.1/lib/python3.12/site-packages/airflow/example_dags/example_short_circuit_decorator.py
[2026-05-06T23:54:26.196+0000] {logging_mixin.py:188} INFO - [2026-05-06T23:54:26.195+0000] {dag.py:3096} INFO - Sync 1 DAGs
[2026-05-06T23:54:26.211+0000] {logging_mixin.py:188} INFO - [2026-05-06T23:54:26.211+0000] {dag.py:3954} INFO - Setting next_dagrun for example_short_circuit_decorator to 2026-05-05 00:00:00+00:00, run_after=2026-05-06 00:00:00+00:00
[2026-05-06T23:54:26.228+0000] {processor.py:183} INFO - Processing /usr/local/python/3.12.1/lib/python3.12/site-packages/airflow/example_dags/example_short_circuit_decorator.py took 0.062 seconds
[2026-05-06T23:55:04.662+0000] {processor.py:161} INFO - Started process (PID=31679) to work on /usr/local/python/3.12.1/lib/python3.12/site-packages/airflow/example_dags/example_short_circuit_decorator.py
[2026-05-06T23:55:04.662+0000] {processor.py:830} INFO - Processing file /usr/local/python/3.12.1/lib/python3.12/site-packages/airflow/example_dags/example_short_circuit_decorator.py for tasks to queue
[2026-05-06T23:55:04.664+0000] {logging_mixin.py:188} INFO - [2026-05-06T23:55:04.663+0000] {dagbag.py:545} INFO - Filling up the DagBag from /usr/local/python/3.12.1/lib/python3.12/site-packages/airflow/example_dags/example_short_circuit_decorator.py
[2026-05-06T23:55:04.671+0000] {processor.py:840} INFO - DAG(s) 'example_short_circuit_decorator' retrieved from /usr/local/python/3.12.1/lib/python3.12/site-packages/airflow/example_dags/example_short_circuit_decorator.py
[2026-05-06T23:55:04.697+0000] {logging_mixin.py:188} INFO - [2026-05-06T23:55:04.694+0000] {dag.py:3096} INFO - Sync 1 DAGs
[2026-05-06T23:55:04.735+0000] {logging_mixin.py:188} INFO - [2026-05-06T23:55:04.734+0000] {dag.py:3954} INFO - Setting next_dagrun for example_short_circuit_decorator to 2026-05-05 00:00:00+00:00, run_after=2026-05-06 00:00:00+00:00
[2026-05-06T23:55:04.768+0000] {processor.py:183} INFO - Processing /usr/local/python/3.12.1/lib/python3.12/site-packages/airflow/example_dags/example_short_circuit_decorator.py took 0.112 seconds
[2026-05-06T23:55:45.511+0000] {processor.py:161} INFO - Started process (PID=32059) to work on /usr/local/python/3.12.1/lib/python3.12/site-packages/airflow/example_dags/example_short_circuit_decorator.py
[2026-05-06T23:55:45.512+0000] {processor.py:830} INFO - Processing file /usr/local/python/3.12.1/lib/python3.12/site-packages/airflow/example_dags/example_short_circuit_decorator.py for tasks to queue
[2026-05-06T23:55:45.513+0000] {logging_mixin.py:188} INFO - [2026-05-06T23:55:45.513+0000] {dagbag.py:545} INFO - Filling up the DagBag from /usr/local/python/3.12.1/lib/python3.12/site-packages/airflow/example_dags/example_short_circuit_decorator.py
[2026-05-06T23:55:45.521+0000] {processor.py:840} INFO - DAG(s) 'example_short_circuit_decorator' retrieved from /usr/local/python/3.12.1/lib/python3.12/site-packages/airflow/example_dags/example_short_circuit_decorator.py
[2026-05-06T23:55:45.536+0000] {logging_mixin.py:188} INFO - [2026-05-06T23:55:45.536+0000] {dag.py:3096} INFO - Sync 1 DAGs
[2026-05-06T23:55:45.552+0000] {logging_mixin.py:188} INFO - [2026-05-06T23:55:45.552+0000] {dag.py:3954} INFO - Setting next_dagrun for example_short_circuit_decorator to 2026-05-05 00:00:00+00:00, run_after=2026-05-06 00:00:00+00:00
[2026-05-06T23:55:45.569+0000] {processor.py:183} INFO - Processing /usr/local/python/3.12.1/lib/python3.12/site-packages/airflow/example_dags/example_short_circuit_decorator.py took 0.063 seconds
[2026-05-06T23:56:24.416+0000] {processor.py:161} INFO - Started process (PID=32347) to work on /usr/local/python/3.12.1/lib/python3.12/site-packages/airflow/example_dags/example_short_circuit_decorator.py
[2026-05-06T23:56:24.417+0000] {processor.py:830} INFO - Processing file /usr/local/python/3.12.1/lib/python3.12/site-packages/airflow/example_dags/example_short_circuit_decorator.py for tasks to queue
[2026-05-06T23:56:24.418+0000] {logging_mixin.py:188} INFO - [2026-05-06T23:56:24.418+0000] {dagbag.py:545} INFO - Filling up the DagBag from /usr/local/python/3.12.1/lib/python3.12/site-packages/airflow/example_dags/example_short_circuit_decorator.py
[2026-05-06T23:56:24.425+0000] {processor.py:840} INFO - DAG(s) 'example_short_circuit_decorator' retrieved from /usr/local/python/3.12.1/lib/python3.12/site-packages/airflow/example_dags/example_short_circuit_decorator.py
[2026-05-06T23:56:24.440+0000] {logging_mixin.py:188} INFO - [2026-05-06T23:56:24.440+0000] {dag.py:3096} INFO - Sync 1 DAGs
[2026-05-06T23:56:24.455+0000] {logging_mixin.py:188} INFO - [2026-05-06T23:56:24.455+0000] {dag.py:3954} INFO - Setting next_dagrun for example_short_circuit_decorator to 2026-05-05 00:00:00+00:00, run_after=2026-05-06 00:00:00+00:00
[2026-05-06T23:56:24.472+0000] {processor.py:183} INFO - Processing /usr/local/python/3.12.1/lib/python3.12/site-packages/airflow/example_dags/example_short_circuit_decorator.py took 0.061 seconds
[2026-05-06T23:57:22.049+0000] {processor.py:161} INFO - Started process (PID=32691) to work on /usr/local/python/3.12.1/lib/python3.12/site-packages/airflow/example_dags/example_short_circuit_decorator.py
[2026-05-06T23:57:22.050+0000] {processor.py:830} INFO - Processing file /usr/local/python/3.12.1/lib/python3.12/site-packages/airflow/example_dags/example_short_circuit_decorator.py for tasks to queue
[2026-05-06T23:57:22.052+0000] {logging_mixin.py:188} INFO - [2026-05-06T23:57:22.051+0000] {dagbag.py:545} INFO - Filling up the DagBag from /usr/local/python/3.12.1/lib/python3.12/site-packages/airflow/example_dags/example_short_circuit_decorator.py
[2026-05-06T23:57:22.060+0000] {processor.py:840} INFO - DAG(s) 'example_short_circuit_decorator' retrieved from /usr/local/python/3.12.1/lib/python3.12/site-packages/airflow/example_dags/example_short_circuit_decorator.py
[2026-05-06T23:57:22.075+0000] {logging_mixin.py:188} INFO - [2026-05-06T23:57:22.075+0000] {dag.py:3096} INFO - Sync 1 DAGs
[2026-05-06T23:57:22.092+0000] {logging_mixin.py:188} INFO - [2026-05-06T23:57:22.092+0000] {dag.py:3954} INFO - Setting next_dagrun for example_short_circuit_decorator to 2026-05-05 00:00:00+00:00, run_after=2026-05-06 00:00:00+00:00
[2026-05-06T23:57:22.109+0000] {processor.py:183} INFO - Processing /usr/local/python/3.12.1/lib/python3.12/site-packages/airflow/example_dags/example_short_circuit_decorator.py took 0.067 seconds
[2026-05-06T23:58:17.449+0000] {processor.py:161} INFO - Started process (PID=32977) to work on /usr/local/python/3.12.1/lib/python3.12/site-packages/airflow/example_dags/example_short_circuit_decorator.py
[2026-05-06T23:58:17.450+0000] {processor.py:830} INFO - Processing file /usr/local/python/3.12.1/lib/python3.12/site-packages/airflow/example_dags/example_short_circuit_decorator.py for tasks to queue
[2026-05-06T23:58:17.452+0000] {logging_mixin.py:188} INFO - [2026-05-06T23:58:17.452+0000] {dagbag.py:545} INFO - Filling up the DagBag from /usr/local/python/3.12.1/lib/python3.12/site-packages/airflow/example_dags/example_short_circuit_decorator.py
[2026-05-06T23:58:17.460+0000] {processor.py:840} INFO - DAG(s) 'example_short_circuit_decorator' retrieved from /usr/local/python/3.12.1/lib/python3.12/site-packages/airflow/example_dags/example_short_circuit_decorator.py
[2026-05-06T23:58:17.475+0000] {logging_mixin.py:188} INFO - [2026-05-06T23:58:17.475+0000] {dag.py:3096} INFO - Sync 1 DAGs
[2026-05-06T23:58:17.491+0000] {logging_mixin.py:188} INFO - [2026-05-06T23:58:17.491+0000] {dag.py:3954} INFO - Setting next_dagrun for example_short_circuit_decorator to 2026-05-05 00:00:00+00:00, run_after=2026-05-06 00:00:00+00:00
[2026-05-06T23:58:17.508+0000] {processor.py:183} INFO - Processing /usr/local/python/3.12.1/lib/python3.12/site-packages/airflow/example_dags/example_short_circuit_decorator.py took 0.065 seconds
[2026-05-06T23:58:58.341+0000] {processor.py:161} INFO - Started process (PID=33174) to work on /usr/local/python/3.12.1/lib/python3.12/site-packages/airflow/example_dags/example_short_circuit_decorator.py
[2026-05-06T23:58:58.344+0000] {processor.py:830} INFO - Processing file /usr/local/python/3.12.1/lib/python3.12/site-packages/airflow/example_dags/example_short_circuit_decorator.py for tasks to queue
[2026-05-06T23:58:58.346+0000] {logging_mixin.py:188} INFO - [2026-05-06T23:58:58.345+0000] {dagbag.py:545} INFO - Filling up the DagBag from /usr/local/python/3.12.1/lib/python3.12/site-packages/airflow/example_dags/example_short_circuit_decorator.py
[2026-05-06T23:58:58.356+0000] {processor.py:840} INFO - DAG(s) 'example_short_circuit_decorator' retrieved from /usr/local/python/3.12.1/lib/python3.12/site-packages/airflow/example_dags/example_short_circuit_decorator.py
[2026-05-06T23:58:58.377+0000] {logging_mixin.py:188} INFO - [2026-05-06T23:58:58.377+0000] {dag.py:3096} INFO - Sync 1 DAGs
[2026-05-06T23:58:58.398+0000] {logging_mixin.py:188} INFO - [2026-05-06T23:58:58.398+0000] {dag.py:3954} INFO - Setting next_dagrun for example_short_circuit_decorator to 2026-05-05 00:00:00+00:00, run_after=2026-05-06 00:00:00+00:00
[2026-05-06T23:58:58.420+0000] {processor.py:183} INFO - Processing /usr/local/python/3.12.1/lib/python3.12/site-packages/airflow/example_dags/example_short_circuit_decorator.py took 0.085 seconds
[2026-05-06T23:59:54.547+0000] {processor.py:161} INFO - Started process (PID=33435) to work on /usr/local/python/3.12.1/lib/python3.12/site-packages/airflow/example_dags/example_short_circuit_decorator.py
[2026-05-06T23:59:54.548+0000] {processor.py:830} INFO - Processing file /usr/local/python/3.12.1/lib/python3.12/site-packages/airflow/example_dags/example_short_circuit_decorator.py for tasks to queue
[2026-05-06T23:59:54.549+0000] {logging_mixin.py:188} INFO - [2026-05-06T23:59:54.549+0000] {dagbag.py:545} INFO - Filling up the DagBag from /usr/local/python/3.12.1/lib/python3.12/site-packages/airflow/example_dags/example_short_circuit_decorator.py
[2026-05-06T23:59:54.558+0000] {processor.py:840} INFO - DAG(s) 'example_short_circuit_decorator' retrieved from /usr/local/python/3.12.1/lib/python3.12/site-packages/airflow/example_dags/example_short_circuit_decorator.py
[2026-05-06T23:59:54.573+0000] {logging_mixin.py:188} INFO - [2026-05-06T23:59:54.573+0000] {dag.py:3096} INFO - Sync 1 DAGs
[2026-05-06T23:59:54.589+0000] {logging_mixin.py:188} INFO - [2026-05-06T23:59:54.588+0000] {dag.py:3954} INFO - Setting next_dagrun for example_short_circuit_decorator to 2026-05-05 00:00:00+00:00, run_after=2026-05-06 00:00:00+00:00
[2026-05-06T23:59:54.605+0000] {processor.py:183} INFO - Processing /usr/local/python/3.12.1/lib/python3.12/site-packages/airflow/example_dags/example_short_circuit_decorator.py took 0.065 seconds
