[2026-05-06T23:19:28.945+0000] {processor.py:161} INFO - Started process (PID=13530) to work on /usr/local/python/3.12.1/lib/python3.12/site-packages/airflow/example_dags/example_branch_python_dop_operator_3.py
[2026-05-06T23:19:28.946+0000] {processor.py:830} INFO - Processing file /usr/local/python/3.12.1/lib/python3.12/site-packages/airflow/example_dags/example_branch_python_dop_operator_3.py for tasks to queue
[2026-05-06T23:19:28.947+0000] {logging_mixin.py:188} INFO - [2026-05-06T23:19:28.947+0000] {dagbag.py:545} INFO - Filling up the DagBag from /usr/local/python/3.12.1/lib/python3.12/site-packages/airflow/example_dags/example_branch_python_dop_operator_3.py
[2026-05-06T23:19:28.954+0000] {processor.py:840} INFO - DAG(s) 'example_branch_dop_operator_v3' retrieved from /usr/local/python/3.12.1/lib/python3.12/site-packages/airflow/example_dags/example_branch_python_dop_operator_3.py
[2026-05-06T23:19:29.029+0000] {logging_mixin.py:188} INFO - [2026-05-06T23:19:29.029+0000] {override.py:1829} INFO - Created Permission View: can delete on DAG:example_branch_dop_operator_v3
[2026-05-06T23:19:29.037+0000] {logging_mixin.py:188} INFO - [2026-05-06T23:19:29.037+0000] {override.py:1829} INFO - Created Permission View: can edit on DAG:example_branch_dop_operator_v3
[2026-05-06T23:19:29.042+0000] {logging_mixin.py:188} INFO - [2026-05-06T23:19:29.042+0000] {override.py:1829} INFO - Created Permission View: can read on DAG:example_branch_dop_operator_v3
[2026-05-06T23:19:29.042+0000] {logging_mixin.py:188} INFO - [2026-05-06T23:19:29.042+0000] {dag.py:3096} INFO - Sync 1 DAGs
[2026-05-06T23:19:29.051+0000] {logging_mixin.py:188} INFO - [2026-05-06T23:19:29.051+0000] {dag.py:3118} INFO - Creating ORM DAG for example_branch_dop_operator_v3
[2026-05-06T23:19:29.059+0000] {logging_mixin.py:188} INFO - [2026-05-06T23:19:29.059+0000] {dag.py:3954} INFO - Setting next_dagrun for example_branch_dop_operator_v3 to 2026-05-06 23:18:00+00:00, run_after=2026-05-06 23:19:00+00:00
[2026-05-06T23:19:29.073+0000] {processor.py:183} INFO - Processing /usr/local/python/3.12.1/lib/python3.12/site-packages/airflow/example_dags/example_branch_python_dop_operator_3.py took 0.132 seconds
[2026-05-06T23:20:28.845+0000] {processor.py:161} INFO - Started process (PID=14099) to work on /usr/local/python/3.12.1/lib/python3.12/site-packages/airflow/example_dags/example_branch_python_dop_operator_3.py
[2026-05-06T23:20:28.846+0000] {processor.py:830} INFO - Processing file /usr/local/python/3.12.1/lib/python3.12/site-packages/airflow/example_dags/example_branch_python_dop_operator_3.py for tasks to queue
[2026-05-06T23:20:28.847+0000] {logging_mixin.py:188} INFO - [2026-05-06T23:20:28.847+0000] {dagbag.py:545} INFO - Filling up the DagBag from /usr/local/python/3.12.1/lib/python3.12/site-packages/airflow/example_dags/example_branch_python_dop_operator_3.py
[2026-05-06T23:20:28.854+0000] {processor.py:840} INFO - DAG(s) 'example_branch_dop_operator_v3' retrieved from /usr/local/python/3.12.1/lib/python3.12/site-packages/airflow/example_dags/example_branch_python_dop_operator_3.py
[2026-05-06T23:20:28.866+0000] {logging_mixin.py:188} INFO - [2026-05-06T23:20:28.866+0000] {dag.py:3096} INFO - Sync 1 DAGs
[2026-05-06T23:20:28.884+0000] {logging_mixin.py:188} INFO - [2026-05-06T23:20:28.884+0000] {dag.py:3954} INFO - Setting next_dagrun for example_branch_dop_operator_v3 to 2026-05-06 23:19:00+00:00, run_after=2026-05-06 23:20:00+00:00
[2026-05-06T23:20:28.900+0000] {processor.py:183} INFO - Processing /usr/local/python/3.12.1/lib/python3.12/site-packages/airflow/example_dags/example_branch_python_dop_operator_3.py took 0.060 seconds
[2026-05-06T23:21:30.634+0000] {processor.py:161} INFO - Started process (PID=14671) to work on /usr/local/python/3.12.1/lib/python3.12/site-packages/airflow/example_dags/example_branch_python_dop_operator_3.py
[2026-05-06T23:21:30.635+0000] {processor.py:830} INFO - Processing file /usr/local/python/3.12.1/lib/python3.12/site-packages/airflow/example_dags/example_branch_python_dop_operator_3.py for tasks to queue
[2026-05-06T23:21:30.636+0000] {logging_mixin.py:188} INFO - [2026-05-06T23:21:30.636+0000] {dagbag.py:545} INFO - Filling up the DagBag from /usr/local/python/3.12.1/lib/python3.12/site-packages/airflow/example_dags/example_branch_python_dop_operator_3.py
[2026-05-06T23:21:30.643+0000] {processor.py:840} INFO - DAG(s) 'example_branch_dop_operator_v3' retrieved from /usr/local/python/3.12.1/lib/python3.12/site-packages/airflow/example_dags/example_branch_python_dop_operator_3.py
[2026-05-06T23:21:30.655+0000] {logging_mixin.py:188} INFO - [2026-05-06T23:21:30.655+0000] {dag.py:3096} INFO - Sync 1 DAGs
[2026-05-06T23:21:30.672+0000] {logging_mixin.py:188} INFO - [2026-05-06T23:21:30.672+0000] {dag.py:3954} INFO - Setting next_dagrun for example_branch_dop_operator_v3 to 2026-05-06 23:20:00+00:00, run_after=2026-05-06 23:21:00+00:00
[2026-05-06T23:21:30.688+0000] {processor.py:183} INFO - Processing /usr/local/python/3.12.1/lib/python3.12/site-packages/airflow/example_dags/example_branch_python_dop_operator_3.py took 0.058 seconds
[2026-05-06T23:22:32.597+0000] {processor.py:161} INFO - Started process (PID=15180) to work on /usr/local/python/3.12.1/lib/python3.12/site-packages/airflow/example_dags/example_branch_python_dop_operator_3.py
[2026-05-06T23:22:32.598+0000] {processor.py:830} INFO - Processing file /usr/local/python/3.12.1/lib/python3.12/site-packages/airflow/example_dags/example_branch_python_dop_operator_3.py for tasks to queue
[2026-05-06T23:22:32.599+0000] {logging_mixin.py:188} INFO - [2026-05-06T23:22:32.599+0000] {dagbag.py:545} INFO - Filling up the DagBag from /usr/local/python/3.12.1/lib/python3.12/site-packages/airflow/example_dags/example_branch_python_dop_operator_3.py
[2026-05-06T23:22:32.606+0000] {processor.py:840} INFO - DAG(s) 'example_branch_dop_operator_v3' retrieved from /usr/local/python/3.12.1/lib/python3.12/site-packages/airflow/example_dags/example_branch_python_dop_operator_3.py
[2026-05-06T23:22:32.619+0000] {logging_mixin.py:188} INFO - [2026-05-06T23:22:32.619+0000] {dag.py:3096} INFO - Sync 1 DAGs
[2026-05-06T23:22:32.651+0000] {logging_mixin.py:188} INFO - [2026-05-06T23:22:32.651+0000] {dag.py:3954} INFO - Setting next_dagrun for example_branch_dop_operator_v3 to 2026-05-06 23:21:00+00:00, run_after=2026-05-06 23:22:00+00:00
[2026-05-06T23:22:32.675+0000] {processor.py:183} INFO - Processing /usr/local/python/3.12.1/lib/python3.12/site-packages/airflow/example_dags/example_branch_python_dop_operator_3.py took 0.082 seconds
[2026-05-06T23:23:29.592+0000] {processor.py:161} INFO - Started process (PID=15753) to work on /usr/local/python/3.12.1/lib/python3.12/site-packages/airflow/example_dags/example_branch_python_dop_operator_3.py
[2026-05-06T23:23:29.594+0000] {processor.py:830} INFO - Processing file /usr/local/python/3.12.1/lib/python3.12/site-packages/airflow/example_dags/example_branch_python_dop_operator_3.py for tasks to queue
[2026-05-06T23:23:29.601+0000] {logging_mixin.py:188} INFO - [2026-05-06T23:23:29.601+0000] {dagbag.py:545} INFO - Filling up the DagBag from /usr/local/python/3.12.1/lib/python3.12/site-packages/airflow/example_dags/example_branch_python_dop_operator_3.py
[2026-05-06T23:23:29.618+0000] {processor.py:840} INFO - DAG(s) 'example_branch_dop_operator_v3' retrieved from /usr/local/python/3.12.1/lib/python3.12/site-packages/airflow/example_dags/example_branch_python_dop_operator_3.py
[2026-05-06T23:23:29.637+0000] {logging_mixin.py:188} INFO - [2026-05-06T23:23:29.637+0000] {dag.py:3096} INFO - Sync 1 DAGs
[2026-05-06T23:23:29.653+0000] {logging_mixin.py:188} INFO - [2026-05-06T23:23:29.653+0000] {dag.py:3954} INFO - Setting next_dagrun for example_branch_dop_operator_v3 to 2026-05-06 23:22:00+00:00, run_after=2026-05-06 23:23:00+00:00
[2026-05-06T23:23:29.669+0000] {processor.py:183} INFO - Processing /usr/local/python/3.12.1/lib/python3.12/site-packages/airflow/example_dags/example_branch_python_dop_operator_3.py took 0.083 seconds
[2026-05-06T23:24:26.371+0000] {processor.py:161} INFO - Started process (PID=16536) to work on /usr/local/python/3.12.1/lib/python3.12/site-packages/airflow/example_dags/example_branch_python_dop_operator_3.py
[2026-05-06T23:24:26.372+0000] {processor.py:830} INFO - Processing file /usr/local/python/3.12.1/lib/python3.12/site-packages/airflow/example_dags/example_branch_python_dop_operator_3.py for tasks to queue
[2026-05-06T23:24:26.373+0000] {logging_mixin.py:188} INFO - [2026-05-06T23:24:26.373+0000] {dagbag.py:545} INFO - Filling up the DagBag from /usr/local/python/3.12.1/lib/python3.12/site-packages/airflow/example_dags/example_branch_python_dop_operator_3.py
[2026-05-06T23:24:26.380+0000] {processor.py:840} INFO - DAG(s) 'example_branch_dop_operator_v3' retrieved from /usr/local/python/3.12.1/lib/python3.12/site-packages/airflow/example_dags/example_branch_python_dop_operator_3.py
[2026-05-06T23:24:26.393+0000] {logging_mixin.py:188} INFO - [2026-05-06T23:24:26.392+0000] {dag.py:3096} INFO - Sync 1 DAGs
[2026-05-06T23:24:26.409+0000] {logging_mixin.py:188} INFO - [2026-05-06T23:24:26.409+0000] {dag.py:3954} INFO - Setting next_dagrun for example_branch_dop_operator_v3 to 2026-05-06 23:23:00+00:00, run_after=2026-05-06 23:24:00+00:00
[2026-05-06T23:24:26.426+0000] {processor.py:183} INFO - Processing /usr/local/python/3.12.1/lib/python3.12/site-packages/airflow/example_dags/example_branch_python_dop_operator_3.py took 0.059 seconds
[2026-05-06T23:25:21.600+0000] {processor.py:161} INFO - Started process (PID=17163) to work on /usr/local/python/3.12.1/lib/python3.12/site-packages/airflow/example_dags/example_branch_python_dop_operator_3.py
[2026-05-06T23:25:21.600+0000] {processor.py:830} INFO - Processing file /usr/local/python/3.12.1/lib/python3.12/site-packages/airflow/example_dags/example_branch_python_dop_operator_3.py for tasks to queue
[2026-05-06T23:25:21.602+0000] {logging_mixin.py:188} INFO - [2026-05-06T23:25:21.602+0000] {dagbag.py:545} INFO - Filling up the DagBag from /usr/local/python/3.12.1/lib/python3.12/site-packages/airflow/example_dags/example_branch_python_dop_operator_3.py
[2026-05-06T23:25:21.609+0000] {processor.py:840} INFO - DAG(s) 'example_branch_dop_operator_v3' retrieved from /usr/local/python/3.12.1/lib/python3.12/site-packages/airflow/example_dags/example_branch_python_dop_operator_3.py
[2026-05-06T23:25:21.621+0000] {logging_mixin.py:188} INFO - [2026-05-06T23:25:21.621+0000] {dag.py:3096} INFO - Sync 1 DAGs
[2026-05-06T23:25:21.637+0000] {logging_mixin.py:188} INFO - [2026-05-06T23:25:21.637+0000] {dag.py:3954} INFO - Setting next_dagrun for example_branch_dop_operator_v3 to 2026-05-06 23:24:00+00:00, run_after=2026-05-06 23:25:00+00:00
[2026-05-06T23:25:21.653+0000] {processor.py:183} INFO - Processing /usr/local/python/3.12.1/lib/python3.12/site-packages/airflow/example_dags/example_branch_python_dop_operator_3.py took 0.058 seconds
[2026-05-06T23:26:25.711+0000] {processor.py:161} INFO - Started process (PID=17693) to work on /usr/local/python/3.12.1/lib/python3.12/site-packages/airflow/example_dags/example_branch_python_dop_operator_3.py
[2026-05-06T23:26:25.712+0000] {processor.py:830} INFO - Processing file /usr/local/python/3.12.1/lib/python3.12/site-packages/airflow/example_dags/example_branch_python_dop_operator_3.py for tasks to queue
[2026-05-06T23:26:25.713+0000] {logging_mixin.py:188} INFO - [2026-05-06T23:26:25.713+0000] {dagbag.py:545} INFO - Filling up the DagBag from /usr/local/python/3.12.1/lib/python3.12/site-packages/airflow/example_dags/example_branch_python_dop_operator_3.py
[2026-05-06T23:26:25.720+0000] {processor.py:840} INFO - DAG(s) 'example_branch_dop_operator_v3' retrieved from /usr/local/python/3.12.1/lib/python3.12/site-packages/airflow/example_dags/example_branch_python_dop_operator_3.py
[2026-05-06T23:26:25.733+0000] {logging_mixin.py:188} INFO - [2026-05-06T23:26:25.732+0000] {dag.py:3096} INFO - Sync 1 DAGs
[2026-05-06T23:26:25.749+0000] {logging_mixin.py:188} INFO - [2026-05-06T23:26:25.749+0000] {dag.py:3954} INFO - Setting next_dagrun for example_branch_dop_operator_v3 to 2026-05-06 23:25:00+00:00, run_after=2026-05-06 23:26:00+00:00
[2026-05-06T23:26:25.765+0000] {processor.py:183} INFO - Processing /usr/local/python/3.12.1/lib/python3.12/site-packages/airflow/example_dags/example_branch_python_dop_operator_3.py took 0.058 seconds
[2026-05-06T23:27:20.774+0000] {processor.py:161} INFO - Started process (PID=18220) to work on /usr/local/python/3.12.1/lib/python3.12/site-packages/airflow/example_dags/example_branch_python_dop_operator_3.py
[2026-05-06T23:27:20.775+0000] {processor.py:830} INFO - Processing file /usr/local/python/3.12.1/lib/python3.12/site-packages/airflow/example_dags/example_branch_python_dop_operator_3.py for tasks to queue
[2026-05-06T23:27:20.776+0000] {logging_mixin.py:188} INFO - [2026-05-06T23:27:20.776+0000] {dagbag.py:545} INFO - Filling up the DagBag from /usr/local/python/3.12.1/lib/python3.12/site-packages/airflow/example_dags/example_branch_python_dop_operator_3.py
[2026-05-06T23:27:20.783+0000] {processor.py:840} INFO - DAG(s) 'example_branch_dop_operator_v3' retrieved from /usr/local/python/3.12.1/lib/python3.12/site-packages/airflow/example_dags/example_branch_python_dop_operator_3.py
[2026-05-06T23:27:20.796+0000] {logging_mixin.py:188} INFO - [2026-05-06T23:27:20.795+0000] {dag.py:3096} INFO - Sync 1 DAGs
[2026-05-06T23:27:20.813+0000] {logging_mixin.py:188} INFO - [2026-05-06T23:27:20.812+0000] {dag.py:3954} INFO - Setting next_dagrun for example_branch_dop_operator_v3 to 2026-05-06 23:26:00+00:00, run_after=2026-05-06 23:27:00+00:00
[2026-05-06T23:27:20.829+0000] {processor.py:183} INFO - Processing /usr/local/python/3.12.1/lib/python3.12/site-packages/airflow/example_dags/example_branch_python_dop_operator_3.py took 0.059 seconds
[2026-05-06T23:28:20.407+0000] {processor.py:161} INFO - Started process (PID=18786) to work on /usr/local/python/3.12.1/lib/python3.12/site-packages/airflow/example_dags/example_branch_python_dop_operator_3.py
[2026-05-06T23:28:20.408+0000] {processor.py:830} INFO - Processing file /usr/local/python/3.12.1/lib/python3.12/site-packages/airflow/example_dags/example_branch_python_dop_operator_3.py for tasks to queue
[2026-05-06T23:28:20.409+0000] {logging_mixin.py:188} INFO - [2026-05-06T23:28:20.409+0000] {dagbag.py:545} INFO - Filling up the DagBag from /usr/local/python/3.12.1/lib/python3.12/site-packages/airflow/example_dags/example_branch_python_dop_operator_3.py
[2026-05-06T23:28:20.416+0000] {processor.py:840} INFO - DAG(s) 'example_branch_dop_operator_v3' retrieved from /usr/local/python/3.12.1/lib/python3.12/site-packages/airflow/example_dags/example_branch_python_dop_operator_3.py
[2026-05-06T23:28:20.429+0000] {logging_mixin.py:188} INFO - [2026-05-06T23:28:20.429+0000] {dag.py:3096} INFO - Sync 1 DAGs
[2026-05-06T23:28:20.543+0000] {logging_mixin.py:188} INFO - [2026-05-06T23:28:20.543+0000] {dag.py:3954} INFO - Setting next_dagrun for example_branch_dop_operator_v3 to 2026-05-06 23:27:00+00:00, run_after=2026-05-06 23:28:00+00:00
[2026-05-06T23:28:20.558+0000] {processor.py:183} INFO - Processing /usr/local/python/3.12.1/lib/python3.12/site-packages/airflow/example_dags/example_branch_python_dop_operator_3.py took 0.156 seconds
[2026-05-06T23:32:10.573+0000] {processor.py:161} INFO - Started process (PID=20939) to work on /usr/local/python/3.12.1/lib/python3.12/site-packages/airflow/example_dags/example_branch_python_dop_operator_3.py
[2026-05-06T23:32:10.574+0000] {processor.py:830} INFO - Processing file /usr/local/python/3.12.1/lib/python3.12/site-packages/airflow/example_dags/example_branch_python_dop_operator_3.py for tasks to queue
[2026-05-06T23:32:10.575+0000] {logging_mixin.py:188} INFO - [2026-05-06T23:32:10.575+0000] {dagbag.py:545} INFO - Filling up the DagBag from /usr/local/python/3.12.1/lib/python3.12/site-packages/airflow/example_dags/example_branch_python_dop_operator_3.py
[2026-05-06T23:32:10.582+0000] {processor.py:840} INFO - DAG(s) 'example_branch_dop_operator_v3' retrieved from /usr/local/python/3.12.1/lib/python3.12/site-packages/airflow/example_dags/example_branch_python_dop_operator_3.py
[2026-05-06T23:32:10.595+0000] {logging_mixin.py:188} INFO - [2026-05-06T23:32:10.595+0000] {dag.py:3096} INFO - Sync 1 DAGs
[2026-05-06T23:32:10.615+0000] {logging_mixin.py:188} INFO - [2026-05-06T23:32:10.615+0000] {dag.py:3954} INFO - Setting next_dagrun for example_branch_dop_operator_v3 to 2026-05-06 23:31:00+00:00, run_after=2026-05-06 23:32:00+00:00
[2026-05-06T23:32:10.634+0000] {processor.py:183} INFO - Processing /usr/local/python/3.12.1/lib/python3.12/site-packages/airflow/example_dags/example_branch_python_dop_operator_3.py took 0.065 seconds
[2026-05-06T23:33:07.938+0000] {processor.py:161} INFO - Started process (PID=21397) to work on /usr/local/python/3.12.1/lib/python3.12/site-packages/airflow/example_dags/example_branch_python_dop_operator_3.py
[2026-05-06T23:33:07.938+0000] {processor.py:830} INFO - Processing file /usr/local/python/3.12.1/lib/python3.12/site-packages/airflow/example_dags/example_branch_python_dop_operator_3.py for tasks to queue
[2026-05-06T23:33:07.940+0000] {logging_mixin.py:188} INFO - [2026-05-06T23:33:07.939+0000] {dagbag.py:545} INFO - Filling up the DagBag from /usr/local/python/3.12.1/lib/python3.12/site-packages/airflow/example_dags/example_branch_python_dop_operator_3.py
[2026-05-06T23:33:07.947+0000] {processor.py:840} INFO - DAG(s) 'example_branch_dop_operator_v3' retrieved from /usr/local/python/3.12.1/lib/python3.12/site-packages/airflow/example_dags/example_branch_python_dop_operator_3.py
[2026-05-06T23:33:07.960+0000] {logging_mixin.py:188} INFO - [2026-05-06T23:33:07.959+0000] {dag.py:3096} INFO - Sync 1 DAGs
[2026-05-06T23:33:07.977+0000] {logging_mixin.py:188} INFO - [2026-05-06T23:33:07.977+0000] {dag.py:3954} INFO - Setting next_dagrun for example_branch_dop_operator_v3 to 2026-05-06 23:32:00+00:00, run_after=2026-05-06 23:33:00+00:00
[2026-05-06T23:33:07.994+0000] {processor.py:183} INFO - Processing /usr/local/python/3.12.1/lib/python3.12/site-packages/airflow/example_dags/example_branch_python_dop_operator_3.py took 0.061 seconds
[2026-05-06T23:34:04.389+0000] {processor.py:161} INFO - Started process (PID=21827) to work on /usr/local/python/3.12.1/lib/python3.12/site-packages/airflow/example_dags/example_branch_python_dop_operator_3.py
[2026-05-06T23:34:04.390+0000] {processor.py:830} INFO - Processing file /usr/local/python/3.12.1/lib/python3.12/site-packages/airflow/example_dags/example_branch_python_dop_operator_3.py for tasks to queue
[2026-05-06T23:34:04.391+0000] {logging_mixin.py:188} INFO - [2026-05-06T23:34:04.391+0000] {dagbag.py:545} INFO - Filling up the DagBag from /usr/local/python/3.12.1/lib/python3.12/site-packages/airflow/example_dags/example_branch_python_dop_operator_3.py
[2026-05-06T23:34:04.398+0000] {processor.py:840} INFO - DAG(s) 'example_branch_dop_operator_v3' retrieved from /usr/local/python/3.12.1/lib/python3.12/site-packages/airflow/example_dags/example_branch_python_dop_operator_3.py
[2026-05-06T23:34:04.411+0000] {logging_mixin.py:188} INFO - [2026-05-06T23:34:04.411+0000] {dag.py:3096} INFO - Sync 1 DAGs
[2026-05-06T23:34:04.428+0000] {logging_mixin.py:188} INFO - [2026-05-06T23:34:04.428+0000] {dag.py:3954} INFO - Setting next_dagrun for example_branch_dop_operator_v3 to 2026-05-06 23:33:00+00:00, run_after=2026-05-06 23:34:00+00:00
[2026-05-06T23:34:04.445+0000] {processor.py:183} INFO - Processing /usr/local/python/3.12.1/lib/python3.12/site-packages/airflow/example_dags/example_branch_python_dop_operator_3.py took 0.061 seconds
[2026-05-06T23:35:04.122+0000] {processor.py:161} INFO - Started process (PID=22311) to work on /usr/local/python/3.12.1/lib/python3.12/site-packages/airflow/example_dags/example_branch_python_dop_operator_3.py
[2026-05-06T23:35:04.123+0000] {processor.py:830} INFO - Processing file /usr/local/python/3.12.1/lib/python3.12/site-packages/airflow/example_dags/example_branch_python_dop_operator_3.py for tasks to queue
[2026-05-06T23:35:04.124+0000] {logging_mixin.py:188} INFO - [2026-05-06T23:35:04.124+0000] {dagbag.py:545} INFO - Filling up the DagBag from /usr/local/python/3.12.1/lib/python3.12/site-packages/airflow/example_dags/example_branch_python_dop_operator_3.py
[2026-05-06T23:35:04.133+0000] {processor.py:840} INFO - DAG(s) 'example_branch_dop_operator_v3' retrieved from /usr/local/python/3.12.1/lib/python3.12/site-packages/airflow/example_dags/example_branch_python_dop_operator_3.py
[2026-05-06T23:35:04.146+0000] {logging_mixin.py:188} INFO - [2026-05-06T23:35:04.145+0000] {dag.py:3096} INFO - Sync 1 DAGs
[2026-05-06T23:35:04.163+0000] {logging_mixin.py:188} INFO - [2026-05-06T23:35:04.162+0000] {dag.py:3954} INFO - Setting next_dagrun for example_branch_dop_operator_v3 to 2026-05-06 23:34:00+00:00, run_after=2026-05-06 23:35:00+00:00
[2026-05-06T23:35:04.179+0000] {processor.py:183} INFO - Processing /usr/local/python/3.12.1/lib/python3.12/site-packages/airflow/example_dags/example_branch_python_dop_operator_3.py took 0.061 seconds
[2026-05-06T23:36:02.709+0000] {processor.py:161} INFO - Started process (PID=22776) to work on /usr/local/python/3.12.1/lib/python3.12/site-packages/airflow/example_dags/example_branch_python_dop_operator_3.py
[2026-05-06T23:36:02.710+0000] {processor.py:830} INFO - Processing file /usr/local/python/3.12.1/lib/python3.12/site-packages/airflow/example_dags/example_branch_python_dop_operator_3.py for tasks to queue
[2026-05-06T23:36:02.712+0000] {logging_mixin.py:188} INFO - [2026-05-06T23:36:02.711+0000] {dagbag.py:545} INFO - Filling up the DagBag from /usr/local/python/3.12.1/lib/python3.12/site-packages/airflow/example_dags/example_branch_python_dop_operator_3.py
[2026-05-06T23:36:02.719+0000] {processor.py:840} INFO - DAG(s) 'example_branch_dop_operator_v3' retrieved from /usr/local/python/3.12.1/lib/python3.12/site-packages/airflow/example_dags/example_branch_python_dop_operator_3.py
[2026-05-06T23:36:02.733+0000] {logging_mixin.py:188} INFO - [2026-05-06T23:36:02.733+0000] {dag.py:3096} INFO - Sync 1 DAGs
[2026-05-06T23:36:02.750+0000] {logging_mixin.py:188} INFO - [2026-05-06T23:36:02.750+0000] {dag.py:3954} INFO - Setting next_dagrun for example_branch_dop_operator_v3 to 2026-05-06 23:35:00+00:00, run_after=2026-05-06 23:36:00+00:00
[2026-05-06T23:36:02.767+0000] {processor.py:183} INFO - Processing /usr/local/python/3.12.1/lib/python3.12/site-packages/airflow/example_dags/example_branch_python_dop_operator_3.py took 0.062 seconds
[2026-05-06T23:36:57.829+0000] {processor.py:161} INFO - Started process (PID=23195) to work on /usr/local/python/3.12.1/lib/python3.12/site-packages/airflow/example_dags/example_branch_python_dop_operator_3.py
[2026-05-06T23:36:57.830+0000] {processor.py:830} INFO - Processing file /usr/local/python/3.12.1/lib/python3.12/site-packages/airflow/example_dags/example_branch_python_dop_operator_3.py for tasks to queue
[2026-05-06T23:36:57.832+0000] {logging_mixin.py:188} INFO - [2026-05-06T23:36:57.832+0000] {dagbag.py:545} INFO - Filling up the DagBag from /usr/local/python/3.12.1/lib/python3.12/site-packages/airflow/example_dags/example_branch_python_dop_operator_3.py
[2026-05-06T23:36:57.843+0000] {processor.py:840} INFO - DAG(s) 'example_branch_dop_operator_v3' retrieved from /usr/local/python/3.12.1/lib/python3.12/site-packages/airflow/example_dags/example_branch_python_dop_operator_3.py
[2026-05-06T23:36:57.863+0000] {logging_mixin.py:188} INFO - [2026-05-06T23:36:57.862+0000] {dag.py:3096} INFO - Sync 1 DAGs
[2026-05-06T23:36:57.880+0000] {logging_mixin.py:188} INFO - [2026-05-06T23:36:57.880+0000] {dag.py:3954} INFO - Setting next_dagrun for example_branch_dop_operator_v3 to 2026-05-06 23:35:00+00:00, run_after=2026-05-06 23:36:00+00:00
[2026-05-06T23:36:57.897+0000] {processor.py:183} INFO - Processing /usr/local/python/3.12.1/lib/python3.12/site-packages/airflow/example_dags/example_branch_python_dop_operator_3.py took 0.077 seconds
[2026-05-06T23:37:57.632+0000] {processor.py:161} INFO - Started process (PID=23662) to work on /usr/local/python/3.12.1/lib/python3.12/site-packages/airflow/example_dags/example_branch_python_dop_operator_3.py
[2026-05-06T23:37:57.633+0000] {processor.py:830} INFO - Processing file /usr/local/python/3.12.1/lib/python3.12/site-packages/airflow/example_dags/example_branch_python_dop_operator_3.py for tasks to queue
[2026-05-06T23:37:57.634+0000] {logging_mixin.py:188} INFO - [2026-05-06T23:37:57.634+0000] {dagbag.py:545} INFO - Filling up the DagBag from /usr/local/python/3.12.1/lib/python3.12/site-packages/airflow/example_dags/example_branch_python_dop_operator_3.py
[2026-05-06T23:37:57.641+0000] {processor.py:840} INFO - DAG(s) 'example_branch_dop_operator_v3' retrieved from /usr/local/python/3.12.1/lib/python3.12/site-packages/airflow/example_dags/example_branch_python_dop_operator_3.py
[2026-05-06T23:37:57.654+0000] {logging_mixin.py:188} INFO - [2026-05-06T23:37:57.654+0000] {dag.py:3096} INFO - Sync 1 DAGs
[2026-05-06T23:37:57.672+0000] {logging_mixin.py:188} INFO - [2026-05-06T23:37:57.671+0000] {dag.py:3954} INFO - Setting next_dagrun for example_branch_dop_operator_v3 to 2026-05-06 23:36:00+00:00, run_after=2026-05-06 23:37:00+00:00
[2026-05-06T23:37:57.690+0000] {processor.py:183} INFO - Processing /usr/local/python/3.12.1/lib/python3.12/site-packages/airflow/example_dags/example_branch_python_dop_operator_3.py took 0.063 seconds
[2026-05-06T23:38:55.227+0000] {processor.py:161} INFO - Started process (PID=24121) to work on /usr/local/python/3.12.1/lib/python3.12/site-packages/airflow/example_dags/example_branch_python_dop_operator_3.py
[2026-05-06T23:38:55.228+0000] {processor.py:830} INFO - Processing file /usr/local/python/3.12.1/lib/python3.12/site-packages/airflow/example_dags/example_branch_python_dop_operator_3.py for tasks to queue
[2026-05-06T23:38:55.229+0000] {logging_mixin.py:188} INFO - [2026-05-06T23:38:55.229+0000] {dagbag.py:545} INFO - Filling up the DagBag from /usr/local/python/3.12.1/lib/python3.12/site-packages/airflow/example_dags/example_branch_python_dop_operator_3.py
[2026-05-06T23:38:55.236+0000] {processor.py:840} INFO - DAG(s) 'example_branch_dop_operator_v3' retrieved from /usr/local/python/3.12.1/lib/python3.12/site-packages/airflow/example_dags/example_branch_python_dop_operator_3.py
[2026-05-06T23:38:55.250+0000] {logging_mixin.py:188} INFO - [2026-05-06T23:38:55.249+0000] {dag.py:3096} INFO - Sync 1 DAGs
[2026-05-06T23:38:55.268+0000] {logging_mixin.py:188} INFO - [2026-05-06T23:38:55.268+0000] {dag.py:3954} INFO - Setting next_dagrun for example_branch_dop_operator_v3 to 2026-05-06 23:37:00+00:00, run_after=2026-05-06 23:38:00+00:00
[2026-05-06T23:38:55.384+0000] {processor.py:183} INFO - Processing /usr/local/python/3.12.1/lib/python3.12/site-packages/airflow/example_dags/example_branch_python_dop_operator_3.py took 0.161 seconds
[2026-05-06T23:39:53.228+0000] {processor.py:161} INFO - Started process (PID=24579) to work on /usr/local/python/3.12.1/lib/python3.12/site-packages/airflow/example_dags/example_branch_python_dop_operator_3.py
[2026-05-06T23:39:53.229+0000] {processor.py:830} INFO - Processing file /usr/local/python/3.12.1/lib/python3.12/site-packages/airflow/example_dags/example_branch_python_dop_operator_3.py for tasks to queue
[2026-05-06T23:39:53.230+0000] {logging_mixin.py:188} INFO - [2026-05-06T23:39:53.230+0000] {dagbag.py:545} INFO - Filling up the DagBag from /usr/local/python/3.12.1/lib/python3.12/site-packages/airflow/example_dags/example_branch_python_dop_operator_3.py
[2026-05-06T23:39:53.237+0000] {processor.py:840} INFO - DAG(s) 'example_branch_dop_operator_v3' retrieved from /usr/local/python/3.12.1/lib/python3.12/site-packages/airflow/example_dags/example_branch_python_dop_operator_3.py
[2026-05-06T23:39:53.251+0000] {logging_mixin.py:188} INFO - [2026-05-06T23:39:53.251+0000] {dag.py:3096} INFO - Sync 1 DAGs
[2026-05-06T23:39:53.269+0000] {logging_mixin.py:188} INFO - [2026-05-06T23:39:53.269+0000] {dag.py:3954} INFO - Setting next_dagrun for example_branch_dop_operator_v3 to 2026-05-06 23:38:00+00:00, run_after=2026-05-06 23:39:00+00:00
[2026-05-06T23:39:53.287+0000] {processor.py:183} INFO - Processing /usr/local/python/3.12.1/lib/python3.12/site-packages/airflow/example_dags/example_branch_python_dop_operator_3.py took 0.064 seconds
[2026-05-06T23:40:56.665+0000] {processor.py:161} INFO - Started process (PID=25069) to work on /usr/local/python/3.12.1/lib/python3.12/site-packages/airflow/example_dags/example_branch_python_dop_operator_3.py
[2026-05-06T23:40:56.666+0000] {processor.py:830} INFO - Processing file /usr/local/python/3.12.1/lib/python3.12/site-packages/airflow/example_dags/example_branch_python_dop_operator_3.py for tasks to queue
[2026-05-06T23:40:56.668+0000] {logging_mixin.py:188} INFO - [2026-05-06T23:40:56.667+0000] {dagbag.py:545} INFO - Filling up the DagBag from /usr/local/python/3.12.1/lib/python3.12/site-packages/airflow/example_dags/example_branch_python_dop_operator_3.py
[2026-05-06T23:40:56.675+0000] {processor.py:840} INFO - DAG(s) 'example_branch_dop_operator_v3' retrieved from /usr/local/python/3.12.1/lib/python3.12/site-packages/airflow/example_dags/example_branch_python_dop_operator_3.py
[2026-05-06T23:40:56.689+0000] {logging_mixin.py:188} INFO - [2026-05-06T23:40:56.688+0000] {dag.py:3096} INFO - Sync 1 DAGs
[2026-05-06T23:40:56.707+0000] {logging_mixin.py:188} INFO - [2026-05-06T23:40:56.707+0000] {dag.py:3954} INFO - Setting next_dagrun for example_branch_dop_operator_v3 to 2026-05-06 23:39:00+00:00, run_after=2026-05-06 23:40:00+00:00
[2026-05-06T23:40:56.725+0000] {processor.py:183} INFO - Processing /usr/local/python/3.12.1/lib/python3.12/site-packages/airflow/example_dags/example_branch_python_dop_operator_3.py took 0.065 seconds
[2026-05-06T23:41:51.651+0000] {processor.py:161} INFO - Started process (PID=25489) to work on /usr/local/python/3.12.1/lib/python3.12/site-packages/airflow/example_dags/example_branch_python_dop_operator_3.py
[2026-05-06T23:41:51.651+0000] {processor.py:830} INFO - Processing file /usr/local/python/3.12.1/lib/python3.12/site-packages/airflow/example_dags/example_branch_python_dop_operator_3.py for tasks to queue
[2026-05-06T23:41:51.653+0000] {logging_mixin.py:188} INFO - [2026-05-06T23:41:51.652+0000] {dagbag.py:545} INFO - Filling up the DagBag from /usr/local/python/3.12.1/lib/python3.12/site-packages/airflow/example_dags/example_branch_python_dop_operator_3.py
[2026-05-06T23:41:51.660+0000] {processor.py:840} INFO - DAG(s) 'example_branch_dop_operator_v3' retrieved from /usr/local/python/3.12.1/lib/python3.12/site-packages/airflow/example_dags/example_branch_python_dop_operator_3.py
[2026-05-06T23:41:51.770+0000] {logging_mixin.py:188} INFO - [2026-05-06T23:41:51.769+0000] {dag.py:3096} INFO - Sync 1 DAGs
[2026-05-06T23:41:51.784+0000] {logging_mixin.py:188} INFO - [2026-05-06T23:41:51.784+0000] {dag.py:3954} INFO - Setting next_dagrun for example_branch_dop_operator_v3 to 2026-05-06 23:40:00+00:00, run_after=2026-05-06 23:41:00+00:00
[2026-05-06T23:41:51.800+0000] {processor.py:183} INFO - Processing /usr/local/python/3.12.1/lib/python3.12/site-packages/airflow/example_dags/example_branch_python_dop_operator_3.py took 0.154 seconds
[2026-05-06T23:42:55.945+0000] {processor.py:161} INFO - Started process (PID=25994) to work on /usr/local/python/3.12.1/lib/python3.12/site-packages/airflow/example_dags/example_branch_python_dop_operator_3.py
[2026-05-06T23:42:55.945+0000] {processor.py:830} INFO - Processing file /usr/local/python/3.12.1/lib/python3.12/site-packages/airflow/example_dags/example_branch_python_dop_operator_3.py for tasks to queue
[2026-05-06T23:42:55.947+0000] {logging_mixin.py:188} INFO - [2026-05-06T23:42:55.947+0000] {dagbag.py:545} INFO - Filling up the DagBag from /usr/local/python/3.12.1/lib/python3.12/site-packages/airflow/example_dags/example_branch_python_dop_operator_3.py
[2026-05-06T23:42:55.954+0000] {processor.py:840} INFO - DAG(s) 'example_branch_dop_operator_v3' retrieved from /usr/local/python/3.12.1/lib/python3.12/site-packages/airflow/example_dags/example_branch_python_dop_operator_3.py
[2026-05-06T23:42:55.968+0000] {logging_mixin.py:188} INFO - [2026-05-06T23:42:55.968+0000] {dag.py:3096} INFO - Sync 1 DAGs
[2026-05-06T23:42:55.986+0000] {logging_mixin.py:188} INFO - [2026-05-06T23:42:55.985+0000] {dag.py:3954} INFO - Setting next_dagrun for example_branch_dop_operator_v3 to 2026-05-06 23:41:00+00:00, run_after=2026-05-06 23:42:00+00:00
[2026-05-06T23:42:56.004+0000] {processor.py:183} INFO - Processing /usr/local/python/3.12.1/lib/python3.12/site-packages/airflow/example_dags/example_branch_python_dop_operator_3.py took 0.064 seconds
[2026-05-06T23:43:54.683+0000] {processor.py:161} INFO - Started process (PID=26459) to work on /usr/local/python/3.12.1/lib/python3.12/site-packages/airflow/example_dags/example_branch_python_dop_operator_3.py
[2026-05-06T23:43:54.684+0000] {processor.py:830} INFO - Processing file /usr/local/python/3.12.1/lib/python3.12/site-packages/airflow/example_dags/example_branch_python_dop_operator_3.py for tasks to queue
[2026-05-06T23:43:54.686+0000] {logging_mixin.py:188} INFO - [2026-05-06T23:43:54.686+0000] {dagbag.py:545} INFO - Filling up the DagBag from /usr/local/python/3.12.1/lib/python3.12/site-packages/airflow/example_dags/example_branch_python_dop_operator_3.py
[2026-05-06T23:43:54.697+0000] {processor.py:840} INFO - DAG(s) 'example_branch_dop_operator_v3' retrieved from /usr/local/python/3.12.1/lib/python3.12/site-packages/airflow/example_dags/example_branch_python_dop_operator_3.py
[2026-05-06T23:43:54.710+0000] {logging_mixin.py:188} INFO - [2026-05-06T23:43:54.710+0000] {dag.py:3096} INFO - Sync 1 DAGs
[2026-05-06T23:43:54.727+0000] {logging_mixin.py:188} INFO - [2026-05-06T23:43:54.727+0000] {dag.py:3954} INFO - Setting next_dagrun for example_branch_dop_operator_v3 to 2026-05-06 23:42:00+00:00, run_after=2026-05-06 23:43:00+00:00
[2026-05-06T23:43:54.743+0000] {processor.py:183} INFO - Processing /usr/local/python/3.12.1/lib/python3.12/site-packages/airflow/example_dags/example_branch_python_dop_operator_3.py took 0.067 seconds
[2026-05-06T23:44:53.557+0000] {processor.py:161} INFO - Started process (PID=26900) to work on /usr/local/python/3.12.1/lib/python3.12/site-packages/airflow/example_dags/example_branch_python_dop_operator_3.py
[2026-05-06T23:44:53.558+0000] {processor.py:830} INFO - Processing file /usr/local/python/3.12.1/lib/python3.12/site-packages/airflow/example_dags/example_branch_python_dop_operator_3.py for tasks to queue
[2026-05-06T23:44:53.559+0000] {logging_mixin.py:188} INFO - [2026-05-06T23:44:53.559+0000] {dagbag.py:545} INFO - Filling up the DagBag from /usr/local/python/3.12.1/lib/python3.12/site-packages/airflow/example_dags/example_branch_python_dop_operator_3.py
[2026-05-06T23:44:53.566+0000] {processor.py:840} INFO - DAG(s) 'example_branch_dop_operator_v3' retrieved from /usr/local/python/3.12.1/lib/python3.12/site-packages/airflow/example_dags/example_branch_python_dop_operator_3.py
[2026-05-06T23:44:53.579+0000] {logging_mixin.py:188} INFO - [2026-05-06T23:44:53.579+0000] {dag.py:3096} INFO - Sync 1 DAGs
[2026-05-06T23:44:53.597+0000] {logging_mixin.py:188} INFO - [2026-05-06T23:44:53.597+0000] {dag.py:3954} INFO - Setting next_dagrun for example_branch_dop_operator_v3 to 2026-05-06 23:43:00+00:00, run_after=2026-05-06 23:44:00+00:00
[2026-05-06T23:44:53.613+0000] {processor.py:183} INFO - Processing /usr/local/python/3.12.1/lib/python3.12/site-packages/airflow/example_dags/example_branch_python_dop_operator_3.py took 0.061 seconds
[2026-05-06T23:45:49.990+0000] {processor.py:161} INFO - Started process (PID=27346) to work on /usr/local/python/3.12.1/lib/python3.12/site-packages/airflow/example_dags/example_branch_python_dop_operator_3.py
[2026-05-06T23:45:49.991+0000] {processor.py:830} INFO - Processing file /usr/local/python/3.12.1/lib/python3.12/site-packages/airflow/example_dags/example_branch_python_dop_operator_3.py for tasks to queue
[2026-05-06T23:45:49.993+0000] {logging_mixin.py:188} INFO - [2026-05-06T23:45:49.992+0000] {dagbag.py:545} INFO - Filling up the DagBag from /usr/local/python/3.12.1/lib/python3.12/site-packages/airflow/example_dags/example_branch_python_dop_operator_3.py
[2026-05-06T23:45:50.016+0000] {processor.py:840} INFO - DAG(s) 'example_branch_dop_operator_v3' retrieved from /usr/local/python/3.12.1/lib/python3.12/site-packages/airflow/example_dags/example_branch_python_dop_operator_3.py
[2026-05-06T23:45:50.041+0000] {logging_mixin.py:188} INFO - [2026-05-06T23:45:50.041+0000] {dag.py:3096} INFO - Sync 1 DAGs
[2026-05-06T23:45:50.059+0000] {logging_mixin.py:188} INFO - [2026-05-06T23:45:50.059+0000] {dag.py:3954} INFO - Setting next_dagrun for example_branch_dop_operator_v3 to 2026-05-06 23:44:00+00:00, run_after=2026-05-06 23:45:00+00:00
[2026-05-06T23:45:50.075+0000] {processor.py:183} INFO - Processing /usr/local/python/3.12.1/lib/python3.12/site-packages/airflow/example_dags/example_branch_python_dop_operator_3.py took 0.091 seconds
[2026-05-06T23:46:49.304+0000] {processor.py:161} INFO - Started process (PID=27815) to work on /usr/local/python/3.12.1/lib/python3.12/site-packages/airflow/example_dags/example_branch_python_dop_operator_3.py
[2026-05-06T23:46:49.305+0000] {processor.py:830} INFO - Processing file /usr/local/python/3.12.1/lib/python3.12/site-packages/airflow/example_dags/example_branch_python_dop_operator_3.py for tasks to queue
[2026-05-06T23:46:49.306+0000] {logging_mixin.py:188} INFO - [2026-05-06T23:46:49.306+0000] {dagbag.py:545} INFO - Filling up the DagBag from /usr/local/python/3.12.1/lib/python3.12/site-packages/airflow/example_dags/example_branch_python_dop_operator_3.py
[2026-05-06T23:46:49.313+0000] {processor.py:840} INFO - DAG(s) 'example_branch_dop_operator_v3' retrieved from /usr/local/python/3.12.1/lib/python3.12/site-packages/airflow/example_dags/example_branch_python_dop_operator_3.py
[2026-05-06T23:46:49.328+0000] {logging_mixin.py:188} INFO - [2026-05-06T23:46:49.328+0000] {dag.py:3096} INFO - Sync 1 DAGs
[2026-05-06T23:46:49.349+0000] {logging_mixin.py:188} INFO - [2026-05-06T23:46:49.349+0000] {dag.py:3954} INFO - Setting next_dagrun for example_branch_dop_operator_v3 to 2026-05-06 23:45:00+00:00, run_after=2026-05-06 23:46:00+00:00
[2026-05-06T23:46:49.369+0000] {processor.py:183} INFO - Processing /usr/local/python/3.12.1/lib/python3.12/site-packages/airflow/example_dags/example_branch_python_dop_operator_3.py took 0.071 seconds
[2026-05-06T23:47:50.245+0000] {processor.py:161} INFO - Started process (PID=28293) to work on /usr/local/python/3.12.1/lib/python3.12/site-packages/airflow/example_dags/example_branch_python_dop_operator_3.py
[2026-05-06T23:47:50.246+0000] {processor.py:830} INFO - Processing file /usr/local/python/3.12.1/lib/python3.12/site-packages/airflow/example_dags/example_branch_python_dop_operator_3.py for tasks to queue
[2026-05-06T23:47:50.248+0000] {logging_mixin.py:188} INFO - [2026-05-06T23:47:50.247+0000] {dagbag.py:545} INFO - Filling up the DagBag from /usr/local/python/3.12.1/lib/python3.12/site-packages/airflow/example_dags/example_branch_python_dop_operator_3.py
[2026-05-06T23:47:50.255+0000] {processor.py:840} INFO - DAG(s) 'example_branch_dop_operator_v3' retrieved from /usr/local/python/3.12.1/lib/python3.12/site-packages/airflow/example_dags/example_branch_python_dop_operator_3.py
[2026-05-06T23:47:50.268+0000] {logging_mixin.py:188} INFO - [2026-05-06T23:47:50.268+0000] {dag.py:3096} INFO - Sync 1 DAGs
[2026-05-06T23:47:50.286+0000] {logging_mixin.py:188} INFO - [2026-05-06T23:47:50.286+0000] {dag.py:3954} INFO - Setting next_dagrun for example_branch_dop_operator_v3 to 2026-05-06 23:46:00+00:00, run_after=2026-05-06 23:47:00+00:00
[2026-05-06T23:47:50.303+0000] {processor.py:183} INFO - Processing /usr/local/python/3.12.1/lib/python3.12/site-packages/airflow/example_dags/example_branch_python_dop_operator_3.py took 0.063 seconds
[2026-05-06T23:48:50.554+0000] {processor.py:161} INFO - Started process (PID=28769) to work on /usr/local/python/3.12.1/lib/python3.12/site-packages/airflow/example_dags/example_branch_python_dop_operator_3.py
[2026-05-06T23:48:50.555+0000] {processor.py:830} INFO - Processing file /usr/local/python/3.12.1/lib/python3.12/site-packages/airflow/example_dags/example_branch_python_dop_operator_3.py for tasks to queue
[2026-05-06T23:48:50.556+0000] {logging_mixin.py:188} INFO - [2026-05-06T23:48:50.556+0000] {dagbag.py:545} INFO - Filling up the DagBag from /usr/local/python/3.12.1/lib/python3.12/site-packages/airflow/example_dags/example_branch_python_dop_operator_3.py
[2026-05-06T23:48:50.563+0000] {processor.py:840} INFO - DAG(s) 'example_branch_dop_operator_v3' retrieved from /usr/local/python/3.12.1/lib/python3.12/site-packages/airflow/example_dags/example_branch_python_dop_operator_3.py
[2026-05-06T23:48:50.576+0000] {logging_mixin.py:188} INFO - [2026-05-06T23:48:50.576+0000] {dag.py:3096} INFO - Sync 1 DAGs
[2026-05-06T23:48:50.594+0000] {logging_mixin.py:188} INFO - [2026-05-06T23:48:50.594+0000] {dag.py:3954} INFO - Setting next_dagrun for example_branch_dop_operator_v3 to 2026-05-06 23:47:00+00:00, run_after=2026-05-06 23:48:00+00:00
[2026-05-06T23:48:50.611+0000] {processor.py:183} INFO - Processing /usr/local/python/3.12.1/lib/python3.12/site-packages/airflow/example_dags/example_branch_python_dop_operator_3.py took 0.062 seconds
[2026-05-06T23:49:46.987+0000] {processor.py:161} INFO - Started process (PID=29195) to work on /usr/local/python/3.12.1/lib/python3.12/site-packages/airflow/example_dags/example_branch_python_dop_operator_3.py
[2026-05-06T23:49:46.988+0000] {processor.py:830} INFO - Processing file /usr/local/python/3.12.1/lib/python3.12/site-packages/airflow/example_dags/example_branch_python_dop_operator_3.py for tasks to queue
[2026-05-06T23:49:46.990+0000] {logging_mixin.py:188} INFO - [2026-05-06T23:49:46.989+0000] {dagbag.py:545} INFO - Filling up the DagBag from /usr/local/python/3.12.1/lib/python3.12/site-packages/airflow/example_dags/example_branch_python_dop_operator_3.py
[2026-05-06T23:49:46.997+0000] {processor.py:840} INFO - DAG(s) 'example_branch_dop_operator_v3' retrieved from /usr/local/python/3.12.1/lib/python3.12/site-packages/airflow/example_dags/example_branch_python_dop_operator_3.py
[2026-05-06T23:49:47.010+0000] {logging_mixin.py:188} INFO - [2026-05-06T23:49:47.010+0000] {dag.py:3096} INFO - Sync 1 DAGs
[2026-05-06T23:49:47.027+0000] {logging_mixin.py:188} INFO - [2026-05-06T23:49:47.027+0000] {dag.py:3954} INFO - Setting next_dagrun for example_branch_dop_operator_v3 to 2026-05-06 23:48:00+00:00, run_after=2026-05-06 23:49:00+00:00
[2026-05-06T23:49:47.043+0000] {processor.py:183} INFO - Processing /usr/local/python/3.12.1/lib/python3.12/site-packages/airflow/example_dags/example_branch_python_dop_operator_3.py took 0.061 seconds
[2026-05-06T23:50:41.746+0000] {processor.py:161} INFO - Started process (PID=29631) to work on /usr/local/python/3.12.1/lib/python3.12/site-packages/airflow/example_dags/example_branch_python_dop_operator_3.py
[2026-05-06T23:50:41.747+0000] {processor.py:830} INFO - Processing file /usr/local/python/3.12.1/lib/python3.12/site-packages/airflow/example_dags/example_branch_python_dop_operator_3.py for tasks to queue
[2026-05-06T23:50:41.748+0000] {logging_mixin.py:188} INFO - [2026-05-06T23:50:41.748+0000] {dagbag.py:545} INFO - Filling up the DagBag from /usr/local/python/3.12.1/lib/python3.12/site-packages/airflow/example_dags/example_branch_python_dop_operator_3.py
[2026-05-06T23:50:41.755+0000] {processor.py:840} INFO - DAG(s) 'example_branch_dop_operator_v3' retrieved from /usr/local/python/3.12.1/lib/python3.12/site-packages/airflow/example_dags/example_branch_python_dop_operator_3.py
[2026-05-06T23:50:41.768+0000] {logging_mixin.py:188} INFO - [2026-05-06T23:50:41.768+0000] {dag.py:3096} INFO - Sync 1 DAGs
[2026-05-06T23:50:41.786+0000] {logging_mixin.py:188} INFO - [2026-05-06T23:50:41.786+0000] {dag.py:3954} INFO - Setting next_dagrun for example_branch_dop_operator_v3 to 2026-05-06 23:49:00+00:00, run_after=2026-05-06 23:50:00+00:00
[2026-05-06T23:50:41.803+0000] {processor.py:183} INFO - Processing /usr/local/python/3.12.1/lib/python3.12/site-packages/airflow/example_dags/example_branch_python_dop_operator_3.py took 0.061 seconds
[2026-05-06T23:51:40.497+0000] {processor.py:161} INFO - Started process (PID=30077) to work on /usr/local/python/3.12.1/lib/python3.12/site-packages/airflow/example_dags/example_branch_python_dop_operator_3.py
[2026-05-06T23:51:40.498+0000] {processor.py:830} INFO - Processing file /usr/local/python/3.12.1/lib/python3.12/site-packages/airflow/example_dags/example_branch_python_dop_operator_3.py for tasks to queue
[2026-05-06T23:51:40.499+0000] {logging_mixin.py:188} INFO - [2026-05-06T23:51:40.499+0000] {dagbag.py:545} INFO - Filling up the DagBag from /usr/local/python/3.12.1/lib/python3.12/site-packages/airflow/example_dags/example_branch_python_dop_operator_3.py
[2026-05-06T23:51:40.506+0000] {processor.py:840} INFO - DAG(s) 'example_branch_dop_operator_v3' retrieved from /usr/local/python/3.12.1/lib/python3.12/site-packages/airflow/example_dags/example_branch_python_dop_operator_3.py
[2026-05-06T23:51:40.520+0000] {logging_mixin.py:188} INFO - [2026-05-06T23:51:40.519+0000] {dag.py:3096} INFO - Sync 1 DAGs
[2026-05-06T23:51:40.541+0000] {logging_mixin.py:188} INFO - [2026-05-06T23:51:40.541+0000] {dag.py:3954} INFO - Setting next_dagrun for example_branch_dop_operator_v3 to 2026-05-06 23:50:00+00:00, run_after=2026-05-06 23:51:00+00:00
[2026-05-06T23:51:40.571+0000] {processor.py:183} INFO - Processing /usr/local/python/3.12.1/lib/python3.12/site-packages/airflow/example_dags/example_branch_python_dop_operator_3.py took 0.079 seconds
[2026-05-06T23:52:36.797+0000] {processor.py:161} INFO - Started process (PID=30521) to work on /usr/local/python/3.12.1/lib/python3.12/site-packages/airflow/example_dags/example_branch_python_dop_operator_3.py
[2026-05-06T23:52:36.798+0000] {processor.py:830} INFO - Processing file /usr/local/python/3.12.1/lib/python3.12/site-packages/airflow/example_dags/example_branch_python_dop_operator_3.py for tasks to queue
[2026-05-06T23:52:36.799+0000] {logging_mixin.py:188} INFO - [2026-05-06T23:52:36.799+0000] {dagbag.py:545} INFO - Filling up the DagBag from /usr/local/python/3.12.1/lib/python3.12/site-packages/airflow/example_dags/example_branch_python_dop_operator_3.py
[2026-05-06T23:52:36.806+0000] {processor.py:840} INFO - DAG(s) 'example_branch_dop_operator_v3' retrieved from /usr/local/python/3.12.1/lib/python3.12/site-packages/airflow/example_dags/example_branch_python_dop_operator_3.py
[2026-05-06T23:52:36.820+0000] {logging_mixin.py:188} INFO - [2026-05-06T23:52:36.820+0000] {dag.py:3096} INFO - Sync 1 DAGs
[2026-05-06T23:52:36.839+0000] {logging_mixin.py:188} INFO - [2026-05-06T23:52:36.838+0000] {dag.py:3954} INFO - Setting next_dagrun for example_branch_dop_operator_v3 to 2026-05-06 23:51:00+00:00, run_after=2026-05-06 23:52:00+00:00
[2026-05-06T23:52:36.861+0000] {processor.py:183} INFO - Processing /usr/local/python/3.12.1/lib/python3.12/site-packages/airflow/example_dags/example_branch_python_dop_operator_3.py took 0.069 seconds
[2026-05-06T23:53:36.692+0000] {processor.py:161} INFO - Started process (PID=30993) to work on /usr/local/python/3.12.1/lib/python3.12/site-packages/airflow/example_dags/example_branch_python_dop_operator_3.py
[2026-05-06T23:53:36.693+0000] {processor.py:830} INFO - Processing file /usr/local/python/3.12.1/lib/python3.12/site-packages/airflow/example_dags/example_branch_python_dop_operator_3.py for tasks to queue
[2026-05-06T23:53:36.695+0000] {logging_mixin.py:188} INFO - [2026-05-06T23:53:36.694+0000] {dagbag.py:545} INFO - Filling up the DagBag from /usr/local/python/3.12.1/lib/python3.12/site-packages/airflow/example_dags/example_branch_python_dop_operator_3.py
[2026-05-06T23:53:36.702+0000] {processor.py:840} INFO - DAG(s) 'example_branch_dop_operator_v3' retrieved from /usr/local/python/3.12.1/lib/python3.12/site-packages/airflow/example_dags/example_branch_python_dop_operator_3.py
[2026-05-06T23:53:36.715+0000] {logging_mixin.py:188} INFO - [2026-05-06T23:53:36.714+0000] {dag.py:3096} INFO - Sync 1 DAGs
[2026-05-06T23:53:36.732+0000] {logging_mixin.py:188} INFO - [2026-05-06T23:53:36.732+0000] {dag.py:3954} INFO - Setting next_dagrun for example_branch_dop_operator_v3 to 2026-05-06 23:52:00+00:00, run_after=2026-05-06 23:53:00+00:00
[2026-05-06T23:53:36.752+0000] {processor.py:183} INFO - Processing /usr/local/python/3.12.1/lib/python3.12/site-packages/airflow/example_dags/example_branch_python_dop_operator_3.py took 0.065 seconds
[2026-05-06T23:54:35.517+0000] {processor.py:161} INFO - Started process (PID=31454) to work on /usr/local/python/3.12.1/lib/python3.12/site-packages/airflow/example_dags/example_branch_python_dop_operator_3.py
[2026-05-06T23:54:35.517+0000] {processor.py:830} INFO - Processing file /usr/local/python/3.12.1/lib/python3.12/site-packages/airflow/example_dags/example_branch_python_dop_operator_3.py for tasks to queue
[2026-05-06T23:54:35.519+0000] {logging_mixin.py:188} INFO - [2026-05-06T23:54:35.519+0000] {dagbag.py:545} INFO - Filling up the DagBag from /usr/local/python/3.12.1/lib/python3.12/site-packages/airflow/example_dags/example_branch_python_dop_operator_3.py
[2026-05-06T23:54:35.526+0000] {processor.py:840} INFO - DAG(s) 'example_branch_dop_operator_v3' retrieved from /usr/local/python/3.12.1/lib/python3.12/site-packages/airflow/example_dags/example_branch_python_dop_operator_3.py
[2026-05-06T23:54:35.540+0000] {logging_mixin.py:188} INFO - [2026-05-06T23:54:35.540+0000] {dag.py:3096} INFO - Sync 1 DAGs
[2026-05-06T23:54:35.564+0000] {logging_mixin.py:188} INFO - [2026-05-06T23:54:35.563+0000] {dag.py:3954} INFO - Setting next_dagrun for example_branch_dop_operator_v3 to 2026-05-06 23:53:00+00:00, run_after=2026-05-06 23:54:00+00:00
[2026-05-06T23:54:35.581+0000] {processor.py:183} INFO - Processing /usr/local/python/3.12.1/lib/python3.12/site-packages/airflow/example_dags/example_branch_python_dop_operator_3.py took 0.069 seconds
[2026-05-06T23:55:34.089+0000] {processor.py:161} INFO - Started process (PID=31959) to work on /usr/local/python/3.12.1/lib/python3.12/site-packages/airflow/example_dags/example_branch_python_dop_operator_3.py
[2026-05-06T23:55:34.090+0000] {processor.py:830} INFO - Processing file /usr/local/python/3.12.1/lib/python3.12/site-packages/airflow/example_dags/example_branch_python_dop_operator_3.py for tasks to queue
[2026-05-06T23:55:34.091+0000] {logging_mixin.py:188} INFO - [2026-05-06T23:55:34.091+0000] {dagbag.py:545} INFO - Filling up the DagBag from /usr/local/python/3.12.1/lib/python3.12/site-packages/airflow/example_dags/example_branch_python_dop_operator_3.py
[2026-05-06T23:55:34.099+0000] {processor.py:840} INFO - DAG(s) 'example_branch_dop_operator_v3' retrieved from /usr/local/python/3.12.1/lib/python3.12/site-packages/airflow/example_dags/example_branch_python_dop_operator_3.py
[2026-05-06T23:55:34.113+0000] {logging_mixin.py:188} INFO - [2026-05-06T23:55:34.112+0000] {dag.py:3096} INFO - Sync 1 DAGs
[2026-05-06T23:55:34.131+0000] {logging_mixin.py:188} INFO - [2026-05-06T23:55:34.131+0000] {dag.py:3954} INFO - Setting next_dagrun for example_branch_dop_operator_v3 to 2026-05-06 23:54:00+00:00, run_after=2026-05-06 23:55:00+00:00
[2026-05-06T23:55:34.149+0000] {processor.py:183} INFO - Processing /usr/local/python/3.12.1/lib/python3.12/site-packages/airflow/example_dags/example_branch_python_dop_operator_3.py took 0.065 seconds
[2026-05-06T23:56:33.032+0000] {processor.py:161} INFO - Started process (PID=32418) to work on /usr/local/python/3.12.1/lib/python3.12/site-packages/airflow/example_dags/example_branch_python_dop_operator_3.py
[2026-05-06T23:56:33.032+0000] {processor.py:830} INFO - Processing file /usr/local/python/3.12.1/lib/python3.12/site-packages/airflow/example_dags/example_branch_python_dop_operator_3.py for tasks to queue
[2026-05-06T23:56:33.034+0000] {logging_mixin.py:188} INFO - [2026-05-06T23:56:33.033+0000] {dagbag.py:545} INFO - Filling up the DagBag from /usr/local/python/3.12.1/lib/python3.12/site-packages/airflow/example_dags/example_branch_python_dop_operator_3.py
[2026-05-06T23:56:33.041+0000] {processor.py:840} INFO - DAG(s) 'example_branch_dop_operator_v3' retrieved from /usr/local/python/3.12.1/lib/python3.12/site-packages/airflow/example_dags/example_branch_python_dop_operator_3.py
[2026-05-06T23:56:33.055+0000] {logging_mixin.py:188} INFO - [2026-05-06T23:56:33.055+0000] {dag.py:3096} INFO - Sync 1 DAGs
[2026-05-06T23:56:33.075+0000] {logging_mixin.py:188} INFO - [2026-05-06T23:56:33.075+0000] {dag.py:3954} INFO - Setting next_dagrun for example_branch_dop_operator_v3 to 2026-05-06 23:55:00+00:00, run_after=2026-05-06 23:56:00+00:00
[2026-05-06T23:56:33.096+0000] {processor.py:183} INFO - Processing /usr/local/python/3.12.1/lib/python3.12/site-packages/airflow/example_dags/example_branch_python_dop_operator_3.py took 0.069 seconds
[2026-05-06T23:57:28.319+0000] {processor.py:161} INFO - Started process (PID=32735) to work on /usr/local/python/3.12.1/lib/python3.12/site-packages/airflow/example_dags/example_branch_python_dop_operator_3.py
[2026-05-06T23:57:28.320+0000] {processor.py:830} INFO - Processing file /usr/local/python/3.12.1/lib/python3.12/site-packages/airflow/example_dags/example_branch_python_dop_operator_3.py for tasks to queue
[2026-05-06T23:57:28.322+0000] {logging_mixin.py:188} INFO - [2026-05-06T23:57:28.321+0000] {dagbag.py:545} INFO - Filling up the DagBag from /usr/local/python/3.12.1/lib/python3.12/site-packages/airflow/example_dags/example_branch_python_dop_operator_3.py
[2026-05-06T23:57:28.329+0000] {processor.py:840} INFO - DAG(s) 'example_branch_dop_operator_v3' retrieved from /usr/local/python/3.12.1/lib/python3.12/site-packages/airflow/example_dags/example_branch_python_dop_operator_3.py
[2026-05-06T23:57:28.345+0000] {logging_mixin.py:188} INFO - [2026-05-06T23:57:28.345+0000] {dag.py:3096} INFO - Sync 1 DAGs
[2026-05-06T23:57:28.366+0000] {logging_mixin.py:188} INFO - [2026-05-06T23:57:28.366+0000] {dag.py:3954} INFO - Setting next_dagrun for example_branch_dop_operator_v3 to 2026-05-06 23:56:00+00:00, run_after=2026-05-06 23:57:00+00:00
[2026-05-06T23:57:28.382+0000] {processor.py:183} INFO - Processing /usr/local/python/3.12.1/lib/python3.12/site-packages/airflow/example_dags/example_branch_python_dop_operator_3.py took 0.068 seconds
[2026-05-06T23:58:25.860+0000] {processor.py:161} INFO - Started process (PID=33000) to work on /usr/local/python/3.12.1/lib/python3.12/site-packages/airflow/example_dags/example_branch_python_dop_operator_3.py
[2026-05-06T23:58:25.861+0000] {processor.py:830} INFO - Processing file /usr/local/python/3.12.1/lib/python3.12/site-packages/airflow/example_dags/example_branch_python_dop_operator_3.py for tasks to queue
[2026-05-06T23:58:25.863+0000] {logging_mixin.py:188} INFO - [2026-05-06T23:58:25.862+0000] {dagbag.py:545} INFO - Filling up the DagBag from /usr/local/python/3.12.1/lib/python3.12/site-packages/airflow/example_dags/example_branch_python_dop_operator_3.py
[2026-05-06T23:58:25.870+0000] {processor.py:840} INFO - DAG(s) 'example_branch_dop_operator_v3' retrieved from /usr/local/python/3.12.1/lib/python3.12/site-packages/airflow/example_dags/example_branch_python_dop_operator_3.py
[2026-05-06T23:58:25.883+0000] {logging_mixin.py:188} INFO - [2026-05-06T23:58:25.883+0000] {dag.py:3096} INFO - Sync 1 DAGs
[2026-05-06T23:58:25.901+0000] {logging_mixin.py:188} INFO - [2026-05-06T23:58:25.901+0000] {dag.py:3954} INFO - Setting next_dagrun for example_branch_dop_operator_v3 to 2026-05-06 23:57:00+00:00, run_after=2026-05-06 23:58:00+00:00
[2026-05-06T23:58:25.918+0000] {processor.py:183} INFO - Processing /usr/local/python/3.12.1/lib/python3.12/site-packages/airflow/example_dags/example_branch_python_dop_operator_3.py took 0.063 seconds
[2026-05-06T23:59:25.994+0000] {processor.py:161} INFO - Started process (PID=33296) to work on /usr/local/python/3.12.1/lib/python3.12/site-packages/airflow/example_dags/example_branch_python_dop_operator_3.py
[2026-05-06T23:59:25.994+0000] {processor.py:830} INFO - Processing file /usr/local/python/3.12.1/lib/python3.12/site-packages/airflow/example_dags/example_branch_python_dop_operator_3.py for tasks to queue
[2026-05-06T23:59:25.996+0000] {logging_mixin.py:188} INFO - [2026-05-06T23:59:25.996+0000] {dagbag.py:545} INFO - Filling up the DagBag from /usr/local/python/3.12.1/lib/python3.12/site-packages/airflow/example_dags/example_branch_python_dop_operator_3.py
[2026-05-06T23:59:26.003+0000] {processor.py:840} INFO - DAG(s) 'example_branch_dop_operator_v3' retrieved from /usr/local/python/3.12.1/lib/python3.12/site-packages/airflow/example_dags/example_branch_python_dop_operator_3.py
[2026-05-06T23:59:26.016+0000] {logging_mixin.py:188} INFO - [2026-05-06T23:59:26.016+0000] {dag.py:3096} INFO - Sync 1 DAGs
[2026-05-06T23:59:26.034+0000] {logging_mixin.py:188} INFO - [2026-05-06T23:59:26.034+0000] {dag.py:3954} INFO - Setting next_dagrun for example_branch_dop_operator_v3 to 2026-05-06 23:58:00+00:00, run_after=2026-05-06 23:59:00+00:00
[2026-05-06T23:59:26.056+0000] {processor.py:183} INFO - Processing /usr/local/python/3.12.1/lib/python3.12/site-packages/airflow/example_dags/example_branch_python_dop_operator_3.py took 0.068 seconds
