[2026-05-06T23:19:27.172+0000] {processor.py:161} INFO - Started process (PID=13514) to work on /usr/local/python/3.12.1/lib/python3.12/site-packages/airflow/example_dags/example_branch_operator_decorator.py
[2026-05-06T23:19:27.173+0000] {processor.py:830} INFO - Processing file /usr/local/python/3.12.1/lib/python3.12/site-packages/airflow/example_dags/example_branch_operator_decorator.py for tasks to queue
[2026-05-06T23:19:27.174+0000] {logging_mixin.py:188} INFO - [2026-05-06T23:19:27.174+0000] {dagbag.py:545} INFO - Filling up the DagBag from /usr/local/python/3.12.1/lib/python3.12/site-packages/airflow/example_dags/example_branch_operator_decorator.py
[2026-05-06T23:19:27.190+0000] {processor.py:840} INFO - DAG(s) 'example_branch_python_operator_decorator' retrieved from /usr/local/python/3.12.1/lib/python3.12/site-packages/airflow/example_dags/example_branch_operator_decorator.py
[2026-05-06T23:19:27.273+0000] {logging_mixin.py:188} INFO - [2026-05-06T23:19:27.272+0000] {override.py:1829} INFO - Created Permission View: can delete on DAG:example_branch_python_operator_decorator
[2026-05-06T23:19:27.283+0000] {logging_mixin.py:188} INFO - [2026-05-06T23:19:27.282+0000] {override.py:1829} INFO - Created Permission View: can edit on DAG:example_branch_python_operator_decorator
[2026-05-06T23:19:27.289+0000] {logging_mixin.py:188} INFO - [2026-05-06T23:19:27.289+0000] {override.py:1829} INFO - Created Permission View: can read on DAG:example_branch_python_operator_decorator
[2026-05-06T23:19:27.290+0000] {logging_mixin.py:188} INFO - [2026-05-06T23:19:27.289+0000] {dag.py:3096} INFO - Sync 1 DAGs
[2026-05-06T23:19:27.298+0000] {logging_mixin.py:188} INFO - [2026-05-06T23:19:27.298+0000] {dag.py:3118} INFO - Creating ORM DAG for example_branch_python_operator_decorator
[2026-05-06T23:19:27.310+0000] {logging_mixin.py:188} INFO - [2026-05-06T23:19:27.309+0000] {dag.py:3954} INFO - Setting next_dagrun for example_branch_python_operator_decorator to 2026-05-05 00:00:00+00:00, run_after=2026-05-06 00:00:00+00:00
[2026-05-06T23:19:27.333+0000] {processor.py:183} INFO - Processing /usr/local/python/3.12.1/lib/python3.12/site-packages/airflow/example_dags/example_branch_operator_decorator.py took 0.166 seconds
[2026-05-06T23:20:26.570+0000] {processor.py:161} INFO - Started process (PID=14083) to work on /usr/local/python/3.12.1/lib/python3.12/site-packages/airflow/example_dags/example_branch_operator_decorator.py
[2026-05-06T23:20:26.571+0000] {processor.py:830} INFO - Processing file /usr/local/python/3.12.1/lib/python3.12/site-packages/airflow/example_dags/example_branch_operator_decorator.py for tasks to queue
[2026-05-06T23:20:26.572+0000] {logging_mixin.py:188} INFO - [2026-05-06T23:20:26.572+0000] {dagbag.py:545} INFO - Filling up the DagBag from /usr/local/python/3.12.1/lib/python3.12/site-packages/airflow/example_dags/example_branch_operator_decorator.py
[2026-05-06T23:20:26.588+0000] {processor.py:840} INFO - DAG(s) 'example_branch_python_operator_decorator' retrieved from /usr/local/python/3.12.1/lib/python3.12/site-packages/airflow/example_dags/example_branch_operator_decorator.py
[2026-05-06T23:20:26.610+0000] {logging_mixin.py:188} INFO - [2026-05-06T23:20:26.610+0000] {dag.py:3096} INFO - Sync 1 DAGs
[2026-05-06T23:20:26.626+0000] {logging_mixin.py:188} INFO - [2026-05-06T23:20:26.626+0000] {dag.py:3954} INFO - Setting next_dagrun for example_branch_python_operator_decorator to 2026-05-05 00:00:00+00:00, run_after=2026-05-06 00:00:00+00:00
[2026-05-06T23:20:26.641+0000] {processor.py:183} INFO - Processing /usr/local/python/3.12.1/lib/python3.12/site-packages/airflow/example_dags/example_branch_operator_decorator.py took 0.076 seconds
[2026-05-06T23:21:29.192+0000] {processor.py:161} INFO - Started process (PID=14667) to work on /usr/local/python/3.12.1/lib/python3.12/site-packages/airflow/example_dags/example_branch_operator_decorator.py
[2026-05-06T23:21:29.193+0000] {processor.py:830} INFO - Processing file /usr/local/python/3.12.1/lib/python3.12/site-packages/airflow/example_dags/example_branch_operator_decorator.py for tasks to queue
[2026-05-06T23:21:29.194+0000] {logging_mixin.py:188} INFO - [2026-05-06T23:21:29.194+0000] {dagbag.py:545} INFO - Filling up the DagBag from /usr/local/python/3.12.1/lib/python3.12/site-packages/airflow/example_dags/example_branch_operator_decorator.py
[2026-05-06T23:21:29.210+0000] {processor.py:840} INFO - DAG(s) 'example_branch_python_operator_decorator' retrieved from /usr/local/python/3.12.1/lib/python3.12/site-packages/airflow/example_dags/example_branch_operator_decorator.py
[2026-05-06T23:21:29.228+0000] {logging_mixin.py:188} INFO - [2026-05-06T23:21:29.228+0000] {dag.py:3096} INFO - Sync 1 DAGs
[2026-05-06T23:21:29.243+0000] {logging_mixin.py:188} INFO - [2026-05-06T23:21:29.243+0000] {dag.py:3954} INFO - Setting next_dagrun for example_branch_python_operator_decorator to 2026-05-05 00:00:00+00:00, run_after=2026-05-06 00:00:00+00:00
[2026-05-06T23:21:29.260+0000] {processor.py:183} INFO - Processing /usr/local/python/3.12.1/lib/python3.12/site-packages/airflow/example_dags/example_branch_operator_decorator.py took 0.072 seconds
[2026-05-06T23:22:30.809+0000] {processor.py:161} INFO - Started process (PID=15156) to work on /usr/local/python/3.12.1/lib/python3.12/site-packages/airflow/example_dags/example_branch_operator_decorator.py
[2026-05-06T23:22:30.810+0000] {processor.py:830} INFO - Processing file /usr/local/python/3.12.1/lib/python3.12/site-packages/airflow/example_dags/example_branch_operator_decorator.py for tasks to queue
[2026-05-06T23:22:30.811+0000] {logging_mixin.py:188} INFO - [2026-05-06T23:22:30.811+0000] {dagbag.py:545} INFO - Filling up the DagBag from /usr/local/python/3.12.1/lib/python3.12/site-packages/airflow/example_dags/example_branch_operator_decorator.py
[2026-05-06T23:22:30.828+0000] {processor.py:840} INFO - DAG(s) 'example_branch_python_operator_decorator' retrieved from /usr/local/python/3.12.1/lib/python3.12/site-packages/airflow/example_dags/example_branch_operator_decorator.py
[2026-05-06T23:22:30.845+0000] {logging_mixin.py:188} INFO - [2026-05-06T23:22:30.845+0000] {dag.py:3096} INFO - Sync 1 DAGs
[2026-05-06T23:22:30.859+0000] {logging_mixin.py:188} INFO - [2026-05-06T23:22:30.859+0000] {dag.py:3954} INFO - Setting next_dagrun for example_branch_python_operator_decorator to 2026-05-05 00:00:00+00:00, run_after=2026-05-06 00:00:00+00:00
[2026-05-06T23:22:30.875+0000] {processor.py:183} INFO - Processing /usr/local/python/3.12.1/lib/python3.12/site-packages/airflow/example_dags/example_branch_operator_decorator.py took 0.071 seconds
[2026-05-06T23:23:27.332+0000] {processor.py:161} INFO - Started process (PID=15743) to work on /usr/local/python/3.12.1/lib/python3.12/site-packages/airflow/example_dags/example_branch_operator_decorator.py
[2026-05-06T23:23:27.332+0000] {processor.py:830} INFO - Processing file /usr/local/python/3.12.1/lib/python3.12/site-packages/airflow/example_dags/example_branch_operator_decorator.py for tasks to queue
[2026-05-06T23:23:27.334+0000] {logging_mixin.py:188} INFO - [2026-05-06T23:23:27.333+0000] {dagbag.py:545} INFO - Filling up the DagBag from /usr/local/python/3.12.1/lib/python3.12/site-packages/airflow/example_dags/example_branch_operator_decorator.py
[2026-05-06T23:23:27.350+0000] {processor.py:840} INFO - DAG(s) 'example_branch_python_operator_decorator' retrieved from /usr/local/python/3.12.1/lib/python3.12/site-packages/airflow/example_dags/example_branch_operator_decorator.py
[2026-05-06T23:23:27.368+0000] {logging_mixin.py:188} INFO - [2026-05-06T23:23:27.368+0000] {dag.py:3096} INFO - Sync 1 DAGs
[2026-05-06T23:23:27.383+0000] {logging_mixin.py:188} INFO - [2026-05-06T23:23:27.383+0000] {dag.py:3954} INFO - Setting next_dagrun for example_branch_python_operator_decorator to 2026-05-05 00:00:00+00:00, run_after=2026-05-06 00:00:00+00:00
[2026-05-06T23:23:27.399+0000] {processor.py:183} INFO - Processing /usr/local/python/3.12.1/lib/python3.12/site-packages/airflow/example_dags/example_branch_operator_decorator.py took 0.072 seconds
[2026-05-06T23:24:24.011+0000] {processor.py:161} INFO - Started process (PID=16526) to work on /usr/local/python/3.12.1/lib/python3.12/site-packages/airflow/example_dags/example_branch_operator_decorator.py
[2026-05-06T23:24:24.012+0000] {processor.py:830} INFO - Processing file /usr/local/python/3.12.1/lib/python3.12/site-packages/airflow/example_dags/example_branch_operator_decorator.py for tasks to queue
[2026-05-06T23:24:24.014+0000] {logging_mixin.py:188} INFO - [2026-05-06T23:24:24.013+0000] {dagbag.py:545} INFO - Filling up the DagBag from /usr/local/python/3.12.1/lib/python3.12/site-packages/airflow/example_dags/example_branch_operator_decorator.py
[2026-05-06T23:24:24.030+0000] {processor.py:840} INFO - DAG(s) 'example_branch_python_operator_decorator' retrieved from /usr/local/python/3.12.1/lib/python3.12/site-packages/airflow/example_dags/example_branch_operator_decorator.py
[2026-05-06T23:24:24.054+0000] {logging_mixin.py:188} INFO - [2026-05-06T23:24:24.054+0000] {dag.py:3096} INFO - Sync 1 DAGs
[2026-05-06T23:24:24.080+0000] {logging_mixin.py:188} INFO - [2026-05-06T23:24:24.079+0000] {dag.py:3954} INFO - Setting next_dagrun for example_branch_python_operator_decorator to 2026-05-05 00:00:00+00:00, run_after=2026-05-06 00:00:00+00:00
[2026-05-06T23:24:24.106+0000] {processor.py:183} INFO - Processing /usr/local/python/3.12.1/lib/python3.12/site-packages/airflow/example_dags/example_branch_operator_decorator.py took 0.099 seconds
[2026-05-06T23:25:19.336+0000] {processor.py:161} INFO - Started process (PID=17153) to work on /usr/local/python/3.12.1/lib/python3.12/site-packages/airflow/example_dags/example_branch_operator_decorator.py
[2026-05-06T23:25:19.336+0000] {processor.py:830} INFO - Processing file /usr/local/python/3.12.1/lib/python3.12/site-packages/airflow/example_dags/example_branch_operator_decorator.py for tasks to queue
[2026-05-06T23:25:19.338+0000] {logging_mixin.py:188} INFO - [2026-05-06T23:25:19.338+0000] {dagbag.py:545} INFO - Filling up the DagBag from /usr/local/python/3.12.1/lib/python3.12/site-packages/airflow/example_dags/example_branch_operator_decorator.py
[2026-05-06T23:25:19.354+0000] {processor.py:840} INFO - DAG(s) 'example_branch_python_operator_decorator' retrieved from /usr/local/python/3.12.1/lib/python3.12/site-packages/airflow/example_dags/example_branch_operator_decorator.py
[2026-05-06T23:25:19.372+0000] {logging_mixin.py:188} INFO - [2026-05-06T23:25:19.371+0000] {dag.py:3096} INFO - Sync 1 DAGs
[2026-05-06T23:25:19.387+0000] {logging_mixin.py:188} INFO - [2026-05-06T23:25:19.386+0000] {dag.py:3954} INFO - Setting next_dagrun for example_branch_python_operator_decorator to 2026-05-05 00:00:00+00:00, run_after=2026-05-06 00:00:00+00:00
[2026-05-06T23:25:19.403+0000] {processor.py:183} INFO - Processing /usr/local/python/3.12.1/lib/python3.12/site-packages/airflow/example_dags/example_branch_operator_decorator.py took 0.072 seconds
[2026-05-06T23:26:24.258+0000] {processor.py:161} INFO - Started process (PID=17684) to work on /usr/local/python/3.12.1/lib/python3.12/site-packages/airflow/example_dags/example_branch_operator_decorator.py
[2026-05-06T23:26:24.259+0000] {processor.py:830} INFO - Processing file /usr/local/python/3.12.1/lib/python3.12/site-packages/airflow/example_dags/example_branch_operator_decorator.py for tasks to queue
[2026-05-06T23:26:24.260+0000] {logging_mixin.py:188} INFO - [2026-05-06T23:26:24.260+0000] {dagbag.py:545} INFO - Filling up the DagBag from /usr/local/python/3.12.1/lib/python3.12/site-packages/airflow/example_dags/example_branch_operator_decorator.py
[2026-05-06T23:26:24.277+0000] {processor.py:840} INFO - DAG(s) 'example_branch_python_operator_decorator' retrieved from /usr/local/python/3.12.1/lib/python3.12/site-packages/airflow/example_dags/example_branch_operator_decorator.py
[2026-05-06T23:26:24.295+0000] {logging_mixin.py:188} INFO - [2026-05-06T23:26:24.295+0000] {dag.py:3096} INFO - Sync 1 DAGs
[2026-05-06T23:26:24.310+0000] {logging_mixin.py:188} INFO - [2026-05-06T23:26:24.310+0000] {dag.py:3954} INFO - Setting next_dagrun for example_branch_python_operator_decorator to 2026-05-05 00:00:00+00:00, run_after=2026-05-06 00:00:00+00:00
[2026-05-06T23:26:24.326+0000] {processor.py:183} INFO - Processing /usr/local/python/3.12.1/lib/python3.12/site-packages/airflow/example_dags/example_branch_operator_decorator.py took 0.073 seconds
[2026-05-06T23:27:18.518+0000] {processor.py:161} INFO - Started process (PID=18190) to work on /usr/local/python/3.12.1/lib/python3.12/site-packages/airflow/example_dags/example_branch_operator_decorator.py
[2026-05-06T23:27:18.519+0000] {processor.py:830} INFO - Processing file /usr/local/python/3.12.1/lib/python3.12/site-packages/airflow/example_dags/example_branch_operator_decorator.py for tasks to queue
[2026-05-06T23:27:18.521+0000] {logging_mixin.py:188} INFO - [2026-05-06T23:27:18.520+0000] {dagbag.py:545} INFO - Filling up the DagBag from /usr/local/python/3.12.1/lib/python3.12/site-packages/airflow/example_dags/example_branch_operator_decorator.py
[2026-05-06T23:27:18.546+0000] {processor.py:840} INFO - DAG(s) 'example_branch_python_operator_decorator' retrieved from /usr/local/python/3.12.1/lib/python3.12/site-packages/airflow/example_dags/example_branch_operator_decorator.py
[2026-05-06T23:27:18.564+0000] {logging_mixin.py:188} INFO - [2026-05-06T23:27:18.564+0000] {dag.py:3096} INFO - Sync 1 DAGs
[2026-05-06T23:27:18.579+0000] {logging_mixin.py:188} INFO - [2026-05-06T23:27:18.579+0000] {dag.py:3954} INFO - Setting next_dagrun for example_branch_python_operator_decorator to 2026-05-05 00:00:00+00:00, run_after=2026-05-06 00:00:00+00:00
[2026-05-06T23:27:18.595+0000] {processor.py:183} INFO - Processing /usr/local/python/3.12.1/lib/python3.12/site-packages/airflow/example_dags/example_branch_operator_decorator.py took 0.084 seconds
[2026-05-06T23:28:18.428+0000] {processor.py:161} INFO - Started process (PID=18776) to work on /usr/local/python/3.12.1/lib/python3.12/site-packages/airflow/example_dags/example_branch_operator_decorator.py
[2026-05-06T23:28:18.428+0000] {processor.py:830} INFO - Processing file /usr/local/python/3.12.1/lib/python3.12/site-packages/airflow/example_dags/example_branch_operator_decorator.py for tasks to queue
[2026-05-06T23:28:18.430+0000] {logging_mixin.py:188} INFO - [2026-05-06T23:28:18.430+0000] {dagbag.py:545} INFO - Filling up the DagBag from /usr/local/python/3.12.1/lib/python3.12/site-packages/airflow/example_dags/example_branch_operator_decorator.py
[2026-05-06T23:28:18.446+0000] {processor.py:840} INFO - DAG(s) 'example_branch_python_operator_decorator' retrieved from /usr/local/python/3.12.1/lib/python3.12/site-packages/airflow/example_dags/example_branch_operator_decorator.py
[2026-05-06T23:28:18.555+0000] {logging_mixin.py:188} INFO - [2026-05-06T23:28:18.554+0000] {dag.py:3096} INFO - Sync 1 DAGs
[2026-05-06T23:28:18.567+0000] {logging_mixin.py:188} INFO - [2026-05-06T23:28:18.567+0000] {dag.py:3954} INFO - Setting next_dagrun for example_branch_python_operator_decorator to 2026-05-05 00:00:00+00:00, run_after=2026-05-06 00:00:00+00:00
[2026-05-06T23:28:18.582+0000] {processor.py:183} INFO - Processing /usr/local/python/3.12.1/lib/python3.12/site-packages/airflow/example_dags/example_branch_operator_decorator.py took 0.158 seconds
[2026-05-06T23:32:08.205+0000] {processor.py:161} INFO - Started process (PID=20929) to work on /usr/local/python/3.12.1/lib/python3.12/site-packages/airflow/example_dags/example_branch_operator_decorator.py
[2026-05-06T23:32:08.206+0000] {processor.py:830} INFO - Processing file /usr/local/python/3.12.1/lib/python3.12/site-packages/airflow/example_dags/example_branch_operator_decorator.py for tasks to queue
[2026-05-06T23:32:08.207+0000] {logging_mixin.py:188} INFO - [2026-05-06T23:32:08.207+0000] {dagbag.py:545} INFO - Filling up the DagBag from /usr/local/python/3.12.1/lib/python3.12/site-packages/airflow/example_dags/example_branch_operator_decorator.py
[2026-05-06T23:32:08.224+0000] {processor.py:840} INFO - DAG(s) 'example_branch_python_operator_decorator' retrieved from /usr/local/python/3.12.1/lib/python3.12/site-packages/airflow/example_dags/example_branch_operator_decorator.py
[2026-05-06T23:32:08.302+0000] {logging_mixin.py:188} INFO - [2026-05-06T23:32:08.302+0000] {dag.py:3096} INFO - Sync 1 DAGs
[2026-05-06T23:32:08.316+0000] {logging_mixin.py:188} INFO - [2026-05-06T23:32:08.316+0000] {dag.py:3954} INFO - Setting next_dagrun for example_branch_python_operator_decorator to 2026-05-05 00:00:00+00:00, run_after=2026-05-06 00:00:00+00:00
[2026-05-06T23:32:08.333+0000] {processor.py:183} INFO - Processing /usr/local/python/3.12.1/lib/python3.12/site-packages/airflow/example_dags/example_branch_operator_decorator.py took 0.133 seconds
[2026-05-06T23:33:05.878+0000] {processor.py:161} INFO - Started process (PID=21387) to work on /usr/local/python/3.12.1/lib/python3.12/site-packages/airflow/example_dags/example_branch_operator_decorator.py
[2026-05-06T23:33:05.878+0000] {processor.py:830} INFO - Processing file /usr/local/python/3.12.1/lib/python3.12/site-packages/airflow/example_dags/example_branch_operator_decorator.py for tasks to queue
[2026-05-06T23:33:05.880+0000] {logging_mixin.py:188} INFO - [2026-05-06T23:33:05.879+0000] {dagbag.py:545} INFO - Filling up the DagBag from /usr/local/python/3.12.1/lib/python3.12/site-packages/airflow/example_dags/example_branch_operator_decorator.py
[2026-05-06T23:33:05.896+0000] {processor.py:840} INFO - DAG(s) 'example_branch_python_operator_decorator' retrieved from /usr/local/python/3.12.1/lib/python3.12/site-packages/airflow/example_dags/example_branch_operator_decorator.py
[2026-05-06T23:33:05.915+0000] {logging_mixin.py:188} INFO - [2026-05-06T23:33:05.914+0000] {dag.py:3096} INFO - Sync 1 DAGs
[2026-05-06T23:33:05.931+0000] {logging_mixin.py:188} INFO - [2026-05-06T23:33:05.931+0000] {dag.py:3954} INFO - Setting next_dagrun for example_branch_python_operator_decorator to 2026-05-05 00:00:00+00:00, run_after=2026-05-06 00:00:00+00:00
[2026-05-06T23:33:05.950+0000] {processor.py:183} INFO - Processing /usr/local/python/3.12.1/lib/python3.12/site-packages/airflow/example_dags/example_branch_operator_decorator.py took 0.077 seconds
[2026-05-06T23:34:02.529+0000] {processor.py:161} INFO - Started process (PID=21817) to work on /usr/local/python/3.12.1/lib/python3.12/site-packages/airflow/example_dags/example_branch_operator_decorator.py
[2026-05-06T23:34:02.530+0000] {processor.py:830} INFO - Processing file /usr/local/python/3.12.1/lib/python3.12/site-packages/airflow/example_dags/example_branch_operator_decorator.py for tasks to queue
[2026-05-06T23:34:02.532+0000] {logging_mixin.py:188} INFO - [2026-05-06T23:34:02.531+0000] {dagbag.py:545} INFO - Filling up the DagBag from /usr/local/python/3.12.1/lib/python3.12/site-packages/airflow/example_dags/example_branch_operator_decorator.py
[2026-05-06T23:34:02.548+0000] {processor.py:840} INFO - DAG(s) 'example_branch_python_operator_decorator' retrieved from /usr/local/python/3.12.1/lib/python3.12/site-packages/airflow/example_dags/example_branch_operator_decorator.py
[2026-05-06T23:34:02.567+0000] {logging_mixin.py:188} INFO - [2026-05-06T23:34:02.567+0000] {dag.py:3096} INFO - Sync 1 DAGs
[2026-05-06T23:34:02.583+0000] {logging_mixin.py:188} INFO - [2026-05-06T23:34:02.583+0000] {dag.py:3954} INFO - Setting next_dagrun for example_branch_python_operator_decorator to 2026-05-05 00:00:00+00:00, run_after=2026-05-06 00:00:00+00:00
[2026-05-06T23:34:02.600+0000] {processor.py:183} INFO - Processing /usr/local/python/3.12.1/lib/python3.12/site-packages/airflow/example_dags/example_branch_operator_decorator.py took 0.075 seconds
[2026-05-06T23:35:02.409+0000] {processor.py:161} INFO - Started process (PID=22301) to work on /usr/local/python/3.12.1/lib/python3.12/site-packages/airflow/example_dags/example_branch_operator_decorator.py
[2026-05-06T23:35:02.410+0000] {processor.py:830} INFO - Processing file /usr/local/python/3.12.1/lib/python3.12/site-packages/airflow/example_dags/example_branch_operator_decorator.py for tasks to queue
[2026-05-06T23:35:02.411+0000] {logging_mixin.py:188} INFO - [2026-05-06T23:35:02.411+0000] {dagbag.py:545} INFO - Filling up the DagBag from /usr/local/python/3.12.1/lib/python3.12/site-packages/airflow/example_dags/example_branch_operator_decorator.py
[2026-05-06T23:35:02.428+0000] {processor.py:840} INFO - DAG(s) 'example_branch_python_operator_decorator' retrieved from /usr/local/python/3.12.1/lib/python3.12/site-packages/airflow/example_dags/example_branch_operator_decorator.py
[2026-05-06T23:35:02.447+0000] {logging_mixin.py:188} INFO - [2026-05-06T23:35:02.446+0000] {dag.py:3096} INFO - Sync 1 DAGs
[2026-05-06T23:35:02.463+0000] {logging_mixin.py:188} INFO - [2026-05-06T23:35:02.463+0000] {dag.py:3954} INFO - Setting next_dagrun for example_branch_python_operator_decorator to 2026-05-05 00:00:00+00:00, run_after=2026-05-06 00:00:00+00:00
[2026-05-06T23:35:02.480+0000] {processor.py:183} INFO - Processing /usr/local/python/3.12.1/lib/python3.12/site-packages/airflow/example_dags/example_branch_operator_decorator.py took 0.075 seconds
[2026-05-06T23:36:00.449+0000] {processor.py:161} INFO - Started process (PID=22766) to work on /usr/local/python/3.12.1/lib/python3.12/site-packages/airflow/example_dags/example_branch_operator_decorator.py
[2026-05-06T23:36:00.450+0000] {processor.py:830} INFO - Processing file /usr/local/python/3.12.1/lib/python3.12/site-packages/airflow/example_dags/example_branch_operator_decorator.py for tasks to queue
[2026-05-06T23:36:00.451+0000] {logging_mixin.py:188} INFO - [2026-05-06T23:36:00.451+0000] {dagbag.py:545} INFO - Filling up the DagBag from /usr/local/python/3.12.1/lib/python3.12/site-packages/airflow/example_dags/example_branch_operator_decorator.py
[2026-05-06T23:36:00.469+0000] {processor.py:840} INFO - DAG(s) 'example_branch_python_operator_decorator' retrieved from /usr/local/python/3.12.1/lib/python3.12/site-packages/airflow/example_dags/example_branch_operator_decorator.py
[2026-05-06T23:36:00.488+0000] {logging_mixin.py:188} INFO - [2026-05-06T23:36:00.488+0000] {dag.py:3096} INFO - Sync 1 DAGs
[2026-05-06T23:36:00.505+0000] {logging_mixin.py:188} INFO - [2026-05-06T23:36:00.504+0000] {dag.py:3954} INFO - Setting next_dagrun for example_branch_python_operator_decorator to 2026-05-05 00:00:00+00:00, run_after=2026-05-06 00:00:00+00:00
[2026-05-06T23:36:00.522+0000] {processor.py:183} INFO - Processing /usr/local/python/3.12.1/lib/python3.12/site-packages/airflow/example_dags/example_branch_operator_decorator.py took 0.077 seconds
[2026-05-06T23:36:55.836+0000] {processor.py:161} INFO - Started process (PID=23185) to work on /usr/local/python/3.12.1/lib/python3.12/site-packages/airflow/example_dags/example_branch_operator_decorator.py
[2026-05-06T23:36:55.837+0000] {processor.py:830} INFO - Processing file /usr/local/python/3.12.1/lib/python3.12/site-packages/airflow/example_dags/example_branch_operator_decorator.py for tasks to queue
[2026-05-06T23:36:55.839+0000] {logging_mixin.py:188} INFO - [2026-05-06T23:36:55.838+0000] {dagbag.py:545} INFO - Filling up the DagBag from /usr/local/python/3.12.1/lib/python3.12/site-packages/airflow/example_dags/example_branch_operator_decorator.py
[2026-05-06T23:36:55.855+0000] {processor.py:840} INFO - DAG(s) 'example_branch_python_operator_decorator' retrieved from /usr/local/python/3.12.1/lib/python3.12/site-packages/airflow/example_dags/example_branch_operator_decorator.py
[2026-05-06T23:36:55.875+0000] {logging_mixin.py:188} INFO - [2026-05-06T23:36:55.874+0000] {dag.py:3096} INFO - Sync 1 DAGs
[2026-05-06T23:36:55.891+0000] {logging_mixin.py:188} INFO - [2026-05-06T23:36:55.890+0000] {dag.py:3954} INFO - Setting next_dagrun for example_branch_python_operator_decorator to 2026-05-05 00:00:00+00:00, run_after=2026-05-06 00:00:00+00:00
[2026-05-06T23:36:55.909+0000] {processor.py:183} INFO - Processing /usr/local/python/3.12.1/lib/python3.12/site-packages/airflow/example_dags/example_branch_operator_decorator.py took 0.078 seconds
[2026-05-06T23:37:55.433+0000] {processor.py:161} INFO - Started process (PID=23652) to work on /usr/local/python/3.12.1/lib/python3.12/site-packages/airflow/example_dags/example_branch_operator_decorator.py
[2026-05-06T23:37:55.433+0000] {processor.py:830} INFO - Processing file /usr/local/python/3.12.1/lib/python3.12/site-packages/airflow/example_dags/example_branch_operator_decorator.py for tasks to queue
[2026-05-06T23:37:55.435+0000] {logging_mixin.py:188} INFO - [2026-05-06T23:37:55.435+0000] {dagbag.py:545} INFO - Filling up the DagBag from /usr/local/python/3.12.1/lib/python3.12/site-packages/airflow/example_dags/example_branch_operator_decorator.py
[2026-05-06T23:37:55.451+0000] {processor.py:840} INFO - DAG(s) 'example_branch_python_operator_decorator' retrieved from /usr/local/python/3.12.1/lib/python3.12/site-packages/airflow/example_dags/example_branch_operator_decorator.py
[2026-05-06T23:37:55.470+0000] {logging_mixin.py:188} INFO - [2026-05-06T23:37:55.470+0000] {dag.py:3096} INFO - Sync 1 DAGs
[2026-05-06T23:37:55.485+0000] {logging_mixin.py:188} INFO - [2026-05-06T23:37:55.485+0000] {dag.py:3954} INFO - Setting next_dagrun for example_branch_python_operator_decorator to 2026-05-05 00:00:00+00:00, run_after=2026-05-06 00:00:00+00:00
[2026-05-06T23:37:55.502+0000] {processor.py:183} INFO - Processing /usr/local/python/3.12.1/lib/python3.12/site-packages/airflow/example_dags/example_branch_operator_decorator.py took 0.075 seconds
[2026-05-06T23:38:53.682+0000] {processor.py:161} INFO - Started process (PID=24112) to work on /usr/local/python/3.12.1/lib/python3.12/site-packages/airflow/example_dags/example_branch_operator_decorator.py
[2026-05-06T23:38:53.683+0000] {processor.py:830} INFO - Processing file /usr/local/python/3.12.1/lib/python3.12/site-packages/airflow/example_dags/example_branch_operator_decorator.py for tasks to queue
[2026-05-06T23:38:53.684+0000] {logging_mixin.py:188} INFO - [2026-05-06T23:38:53.684+0000] {dagbag.py:545} INFO - Filling up the DagBag from /usr/local/python/3.12.1/lib/python3.12/site-packages/airflow/example_dags/example_branch_operator_decorator.py
[2026-05-06T23:38:53.701+0000] {processor.py:840} INFO - DAG(s) 'example_branch_python_operator_decorator' retrieved from /usr/local/python/3.12.1/lib/python3.12/site-packages/airflow/example_dags/example_branch_operator_decorator.py
[2026-05-06T23:38:53.720+0000] {logging_mixin.py:188} INFO - [2026-05-06T23:38:53.719+0000] {dag.py:3096} INFO - Sync 1 DAGs
[2026-05-06T23:38:53.834+0000] {logging_mixin.py:188} INFO - [2026-05-06T23:38:53.834+0000] {dag.py:3954} INFO - Setting next_dagrun for example_branch_python_operator_decorator to 2026-05-05 00:00:00+00:00, run_after=2026-05-06 00:00:00+00:00
[2026-05-06T23:38:53.850+0000] {processor.py:183} INFO - Processing /usr/local/python/3.12.1/lib/python3.12/site-packages/airflow/example_dags/example_branch_operator_decorator.py took 0.173 seconds
[2026-05-06T23:39:50.960+0000] {processor.py:161} INFO - Started process (PID=24569) to work on /usr/local/python/3.12.1/lib/python3.12/site-packages/airflow/example_dags/example_branch_operator_decorator.py
[2026-05-06T23:39:50.961+0000] {processor.py:830} INFO - Processing file /usr/local/python/3.12.1/lib/python3.12/site-packages/airflow/example_dags/example_branch_operator_decorator.py for tasks to queue
[2026-05-06T23:39:50.963+0000] {logging_mixin.py:188} INFO - [2026-05-06T23:39:50.962+0000] {dagbag.py:545} INFO - Filling up the DagBag from /usr/local/python/3.12.1/lib/python3.12/site-packages/airflow/example_dags/example_branch_operator_decorator.py
[2026-05-06T23:39:50.979+0000] {processor.py:840} INFO - DAG(s) 'example_branch_python_operator_decorator' retrieved from /usr/local/python/3.12.1/lib/python3.12/site-packages/airflow/example_dags/example_branch_operator_decorator.py
[2026-05-06T23:39:50.999+0000] {logging_mixin.py:188} INFO - [2026-05-06T23:39:50.998+0000] {dag.py:3096} INFO - Sync 1 DAGs
[2026-05-06T23:39:51.016+0000] {logging_mixin.py:188} INFO - [2026-05-06T23:39:51.015+0000] {dag.py:3954} INFO - Setting next_dagrun for example_branch_python_operator_decorator to 2026-05-05 00:00:00+00:00, run_after=2026-05-06 00:00:00+00:00
[2026-05-06T23:39:51.034+0000] {processor.py:183} INFO - Processing /usr/local/python/3.12.1/lib/python3.12/site-packages/airflow/example_dags/example_branch_operator_decorator.py took 0.079 seconds
[2026-05-06T23:40:54.299+0000] {processor.py:161} INFO - Started process (PID=25053) to work on /usr/local/python/3.12.1/lib/python3.12/site-packages/airflow/example_dags/example_branch_operator_decorator.py
[2026-05-06T23:40:54.300+0000] {processor.py:830} INFO - Processing file /usr/local/python/3.12.1/lib/python3.12/site-packages/airflow/example_dags/example_branch_operator_decorator.py for tasks to queue
[2026-05-06T23:40:54.301+0000] {logging_mixin.py:188} INFO - [2026-05-06T23:40:54.301+0000] {dagbag.py:545} INFO - Filling up the DagBag from /usr/local/python/3.12.1/lib/python3.12/site-packages/airflow/example_dags/example_branch_operator_decorator.py
[2026-05-06T23:40:54.318+0000] {processor.py:840} INFO - DAG(s) 'example_branch_python_operator_decorator' retrieved from /usr/local/python/3.12.1/lib/python3.12/site-packages/airflow/example_dags/example_branch_operator_decorator.py
[2026-05-06T23:40:54.346+0000] {logging_mixin.py:188} INFO - [2026-05-06T23:40:54.346+0000] {dag.py:3096} INFO - Sync 1 DAGs
[2026-05-06T23:40:54.372+0000] {logging_mixin.py:188} INFO - [2026-05-06T23:40:54.372+0000] {dag.py:3954} INFO - Setting next_dagrun for example_branch_python_operator_decorator to 2026-05-05 00:00:00+00:00, run_after=2026-05-06 00:00:00+00:00
[2026-05-06T23:40:54.394+0000] {processor.py:183} INFO - Processing /usr/local/python/3.12.1/lib/python3.12/site-packages/airflow/example_dags/example_branch_operator_decorator.py took 0.100 seconds
[2026-05-06T23:41:50.049+0000] {processor.py:161} INFO - Started process (PID=25480) to work on /usr/local/python/3.12.1/lib/python3.12/site-packages/airflow/example_dags/example_branch_operator_decorator.py
[2026-05-06T23:41:50.049+0000] {processor.py:830} INFO - Processing file /usr/local/python/3.12.1/lib/python3.12/site-packages/airflow/example_dags/example_branch_operator_decorator.py for tasks to queue
[2026-05-06T23:41:50.051+0000] {logging_mixin.py:188} INFO - [2026-05-06T23:41:50.050+0000] {dagbag.py:545} INFO - Filling up the DagBag from /usr/local/python/3.12.1/lib/python3.12/site-packages/airflow/example_dags/example_branch_operator_decorator.py
[2026-05-06T23:41:50.167+0000] {processor.py:840} INFO - DAG(s) 'example_branch_python_operator_decorator' retrieved from /usr/local/python/3.12.1/lib/python3.12/site-packages/airflow/example_dags/example_branch_operator_decorator.py
[2026-05-06T23:41:50.182+0000] {logging_mixin.py:188} INFO - [2026-05-06T23:41:50.182+0000] {dag.py:3096} INFO - Sync 1 DAGs
[2026-05-06T23:41:50.196+0000] {logging_mixin.py:188} INFO - [2026-05-06T23:41:50.195+0000] {dag.py:3954} INFO - Setting next_dagrun for example_branch_python_operator_decorator to 2026-05-05 00:00:00+00:00, run_after=2026-05-06 00:00:00+00:00
[2026-05-06T23:41:50.211+0000] {processor.py:183} INFO - Processing /usr/local/python/3.12.1/lib/python3.12/site-packages/airflow/example_dags/example_branch_operator_decorator.py took 0.167 seconds
[2026-05-06T23:42:53.684+0000] {processor.py:161} INFO - Started process (PID=25978) to work on /usr/local/python/3.12.1/lib/python3.12/site-packages/airflow/example_dags/example_branch_operator_decorator.py
[2026-05-06T23:42:53.685+0000] {processor.py:830} INFO - Processing file /usr/local/python/3.12.1/lib/python3.12/site-packages/airflow/example_dags/example_branch_operator_decorator.py for tasks to queue
[2026-05-06T23:42:53.686+0000] {logging_mixin.py:188} INFO - [2026-05-06T23:42:53.686+0000] {dagbag.py:545} INFO - Filling up the DagBag from /usr/local/python/3.12.1/lib/python3.12/site-packages/airflow/example_dags/example_branch_operator_decorator.py
[2026-05-06T23:42:53.703+0000] {processor.py:840} INFO - DAG(s) 'example_branch_python_operator_decorator' retrieved from /usr/local/python/3.12.1/lib/python3.12/site-packages/airflow/example_dags/example_branch_operator_decorator.py
[2026-05-06T23:42:53.722+0000] {logging_mixin.py:188} INFO - [2026-05-06T23:42:53.721+0000] {dag.py:3096} INFO - Sync 1 DAGs
[2026-05-06T23:42:53.738+0000] {logging_mixin.py:188} INFO - [2026-05-06T23:42:53.738+0000] {dag.py:3954} INFO - Setting next_dagrun for example_branch_python_operator_decorator to 2026-05-05 00:00:00+00:00, run_after=2026-05-06 00:00:00+00:00
[2026-05-06T23:42:53.754+0000] {processor.py:183} INFO - Processing /usr/local/python/3.12.1/lib/python3.12/site-packages/airflow/example_dags/example_branch_operator_decorator.py took 0.076 seconds
[2026-05-06T23:43:53.282+0000] {processor.py:161} INFO - Started process (PID=26427) to work on /usr/local/python/3.12.1/lib/python3.12/site-packages/airflow/example_dags/example_branch_operator_decorator.py
[2026-05-06T23:43:53.283+0000] {processor.py:830} INFO - Processing file /usr/local/python/3.12.1/lib/python3.12/site-packages/airflow/example_dags/example_branch_operator_decorator.py for tasks to queue
[2026-05-06T23:43:53.284+0000] {logging_mixin.py:188} INFO - [2026-05-06T23:43:53.284+0000] {dagbag.py:545} INFO - Filling up the DagBag from /usr/local/python/3.12.1/lib/python3.12/site-packages/airflow/example_dags/example_branch_operator_decorator.py
[2026-05-06T23:43:53.302+0000] {processor.py:840} INFO - DAG(s) 'example_branch_python_operator_decorator' retrieved from /usr/local/python/3.12.1/lib/python3.12/site-packages/airflow/example_dags/example_branch_operator_decorator.py
[2026-05-06T23:43:53.320+0000] {logging_mixin.py:188} INFO - [2026-05-06T23:43:53.320+0000] {dag.py:3096} INFO - Sync 1 DAGs
[2026-05-06T23:43:53.336+0000] {logging_mixin.py:188} INFO - [2026-05-06T23:43:53.336+0000] {dag.py:3954} INFO - Setting next_dagrun for example_branch_python_operator_decorator to 2026-05-05 00:00:00+00:00, run_after=2026-05-06 00:00:00+00:00
[2026-05-06T23:43:53.352+0000] {processor.py:183} INFO - Processing /usr/local/python/3.12.1/lib/python3.12/site-packages/airflow/example_dags/example_branch_operator_decorator.py took 0.076 seconds
[2026-05-06T23:44:51.299+0000] {processor.py:161} INFO - Started process (PID=26890) to work on /usr/local/python/3.12.1/lib/python3.12/site-packages/airflow/example_dags/example_branch_operator_decorator.py
[2026-05-06T23:44:51.300+0000] {processor.py:830} INFO - Processing file /usr/local/python/3.12.1/lib/python3.12/site-packages/airflow/example_dags/example_branch_operator_decorator.py for tasks to queue
[2026-05-06T23:44:51.301+0000] {logging_mixin.py:188} INFO - [2026-05-06T23:44:51.301+0000] {dagbag.py:545} INFO - Filling up the DagBag from /usr/local/python/3.12.1/lib/python3.12/site-packages/airflow/example_dags/example_branch_operator_decorator.py
[2026-05-06T23:44:51.320+0000] {processor.py:840} INFO - DAG(s) 'example_branch_python_operator_decorator' retrieved from /usr/local/python/3.12.1/lib/python3.12/site-packages/airflow/example_dags/example_branch_operator_decorator.py
[2026-05-06T23:44:51.338+0000] {logging_mixin.py:188} INFO - [2026-05-06T23:44:51.338+0000] {dag.py:3096} INFO - Sync 1 DAGs
[2026-05-06T23:44:51.354+0000] {logging_mixin.py:188} INFO - [2026-05-06T23:44:51.354+0000] {dag.py:3954} INFO - Setting next_dagrun for example_branch_python_operator_decorator to 2026-05-05 00:00:00+00:00, run_after=2026-05-06 00:00:00+00:00
[2026-05-06T23:44:51.370+0000] {processor.py:183} INFO - Processing /usr/local/python/3.12.1/lib/python3.12/site-packages/airflow/example_dags/example_branch_operator_decorator.py took 0.077 seconds
[2026-05-06T23:45:47.730+0000] {processor.py:161} INFO - Started process (PID=27330) to work on /usr/local/python/3.12.1/lib/python3.12/site-packages/airflow/example_dags/example_branch_operator_decorator.py
[2026-05-06T23:45:47.731+0000] {processor.py:830} INFO - Processing file /usr/local/python/3.12.1/lib/python3.12/site-packages/airflow/example_dags/example_branch_operator_decorator.py for tasks to queue
[2026-05-06T23:45:47.732+0000] {logging_mixin.py:188} INFO - [2026-05-06T23:45:47.732+0000] {dagbag.py:545} INFO - Filling up the DagBag from /usr/local/python/3.12.1/lib/python3.12/site-packages/airflow/example_dags/example_branch_operator_decorator.py
[2026-05-06T23:45:47.748+0000] {processor.py:840} INFO - DAG(s) 'example_branch_python_operator_decorator' retrieved from /usr/local/python/3.12.1/lib/python3.12/site-packages/airflow/example_dags/example_branch_operator_decorator.py
[2026-05-06T23:45:47.766+0000] {logging_mixin.py:188} INFO - [2026-05-06T23:45:47.766+0000] {dag.py:3096} INFO - Sync 1 DAGs
[2026-05-06T23:45:47.782+0000] {logging_mixin.py:188} INFO - [2026-05-06T23:45:47.782+0000] {dag.py:3954} INFO - Setting next_dagrun for example_branch_python_operator_decorator to 2026-05-05 00:00:00+00:00, run_after=2026-05-06 00:00:00+00:00
[2026-05-06T23:45:47.798+0000] {processor.py:183} INFO - Processing /usr/local/python/3.12.1/lib/python3.12/site-packages/airflow/example_dags/example_branch_operator_decorator.py took 0.073 seconds
[2026-05-06T23:46:47.579+0000] {processor.py:161} INFO - Started process (PID=27806) to work on /usr/local/python/3.12.1/lib/python3.12/site-packages/airflow/example_dags/example_branch_operator_decorator.py
[2026-05-06T23:46:47.580+0000] {processor.py:830} INFO - Processing file /usr/local/python/3.12.1/lib/python3.12/site-packages/airflow/example_dags/example_branch_operator_decorator.py for tasks to queue
[2026-05-06T23:46:47.581+0000] {logging_mixin.py:188} INFO - [2026-05-06T23:46:47.581+0000] {dagbag.py:545} INFO - Filling up the DagBag from /usr/local/python/3.12.1/lib/python3.12/site-packages/airflow/example_dags/example_branch_operator_decorator.py
[2026-05-06T23:46:47.600+0000] {processor.py:840} INFO - DAG(s) 'example_branch_python_operator_decorator' retrieved from /usr/local/python/3.12.1/lib/python3.12/site-packages/airflow/example_dags/example_branch_operator_decorator.py
[2026-05-06T23:46:47.620+0000] {logging_mixin.py:188} INFO - [2026-05-06T23:46:47.620+0000] {dag.py:3096} INFO - Sync 1 DAGs
[2026-05-06T23:46:47.640+0000] {logging_mixin.py:188} INFO - [2026-05-06T23:46:47.640+0000] {dag.py:3954} INFO - Setting next_dagrun for example_branch_python_operator_decorator to 2026-05-05 00:00:00+00:00, run_after=2026-05-06 00:00:00+00:00
[2026-05-06T23:46:47.660+0000] {processor.py:183} INFO - Processing /usr/local/python/3.12.1/lib/python3.12/site-packages/airflow/example_dags/example_branch_operator_decorator.py took 0.087 seconds
[2026-05-06T23:47:48.611+0000] {processor.py:161} INFO - Started process (PID=28277) to work on /usr/local/python/3.12.1/lib/python3.12/site-packages/airflow/example_dags/example_branch_operator_decorator.py
[2026-05-06T23:47:48.612+0000] {processor.py:830} INFO - Processing file /usr/local/python/3.12.1/lib/python3.12/site-packages/airflow/example_dags/example_branch_operator_decorator.py for tasks to queue
[2026-05-06T23:47:48.614+0000] {logging_mixin.py:188} INFO - [2026-05-06T23:47:48.613+0000] {dagbag.py:545} INFO - Filling up the DagBag from /usr/local/python/3.12.1/lib/python3.12/site-packages/airflow/example_dags/example_branch_operator_decorator.py
[2026-05-06T23:47:48.630+0000] {processor.py:840} INFO - DAG(s) 'example_branch_python_operator_decorator' retrieved from /usr/local/python/3.12.1/lib/python3.12/site-packages/airflow/example_dags/example_branch_operator_decorator.py
[2026-05-06T23:47:48.654+0000] {logging_mixin.py:188} INFO - [2026-05-06T23:47:48.654+0000] {dag.py:3096} INFO - Sync 1 DAGs
[2026-05-06T23:47:48.670+0000] {logging_mixin.py:188} INFO - [2026-05-06T23:47:48.670+0000] {dag.py:3954} INFO - Setting next_dagrun for example_branch_python_operator_decorator to 2026-05-05 00:00:00+00:00, run_after=2026-05-06 00:00:00+00:00
[2026-05-06T23:47:48.689+0000] {processor.py:183} INFO - Processing /usr/local/python/3.12.1/lib/python3.12/site-packages/airflow/example_dags/example_branch_operator_decorator.py took 0.083 seconds
[2026-05-06T23:48:48.286+0000] {processor.py:161} INFO - Started process (PID=28735) to work on /usr/local/python/3.12.1/lib/python3.12/site-packages/airflow/example_dags/example_branch_operator_decorator.py
[2026-05-06T23:48:48.287+0000] {processor.py:830} INFO - Processing file /usr/local/python/3.12.1/lib/python3.12/site-packages/airflow/example_dags/example_branch_operator_decorator.py for tasks to queue
[2026-05-06T23:48:48.288+0000] {logging_mixin.py:188} INFO - [2026-05-06T23:48:48.288+0000] {dagbag.py:545} INFO - Filling up the DagBag from /usr/local/python/3.12.1/lib/python3.12/site-packages/airflow/example_dags/example_branch_operator_decorator.py
[2026-05-06T23:48:48.305+0000] {processor.py:840} INFO - DAG(s) 'example_branch_python_operator_decorator' retrieved from /usr/local/python/3.12.1/lib/python3.12/site-packages/airflow/example_dags/example_branch_operator_decorator.py
[2026-05-06T23:48:48.323+0000] {logging_mixin.py:188} INFO - [2026-05-06T23:48:48.323+0000] {dag.py:3096} INFO - Sync 1 DAGs
[2026-05-06T23:48:48.341+0000] {logging_mixin.py:188} INFO - [2026-05-06T23:48:48.341+0000] {dag.py:3954} INFO - Setting next_dagrun for example_branch_python_operator_decorator to 2026-05-05 00:00:00+00:00, run_after=2026-05-06 00:00:00+00:00
[2026-05-06T23:48:48.359+0000] {processor.py:183} INFO - Processing /usr/local/python/3.12.1/lib/python3.12/site-packages/airflow/example_dags/example_branch_operator_decorator.py took 0.078 seconds
[2026-05-06T23:49:45.207+0000] {processor.py:161} INFO - Started process (PID=29185) to work on /usr/local/python/3.12.1/lib/python3.12/site-packages/airflow/example_dags/example_branch_operator_decorator.py
[2026-05-06T23:49:45.211+0000] {processor.py:830} INFO - Processing file /usr/local/python/3.12.1/lib/python3.12/site-packages/airflow/example_dags/example_branch_operator_decorator.py for tasks to queue
[2026-05-06T23:49:45.213+0000] {logging_mixin.py:188} INFO - [2026-05-06T23:49:45.212+0000] {dagbag.py:545} INFO - Filling up the DagBag from /usr/local/python/3.12.1/lib/python3.12/site-packages/airflow/example_dags/example_branch_operator_decorator.py
[2026-05-06T23:49:45.241+0000] {processor.py:840} INFO - DAG(s) 'example_branch_python_operator_decorator' retrieved from /usr/local/python/3.12.1/lib/python3.12/site-packages/airflow/example_dags/example_branch_operator_decorator.py
[2026-05-06T23:49:45.260+0000] {logging_mixin.py:188} INFO - [2026-05-06T23:49:45.260+0000] {dag.py:3096} INFO - Sync 1 DAGs
[2026-05-06T23:49:45.275+0000] {logging_mixin.py:188} INFO - [2026-05-06T23:49:45.275+0000] {dag.py:3954} INFO - Setting next_dagrun for example_branch_python_operator_decorator to 2026-05-05 00:00:00+00:00, run_after=2026-05-06 00:00:00+00:00
[2026-05-06T23:49:45.292+0000] {processor.py:183} INFO - Processing /usr/local/python/3.12.1/lib/python3.12/site-packages/airflow/example_dags/example_branch_operator_decorator.py took 0.100 seconds
[2026-05-06T23:50:39.480+0000] {processor.py:161} INFO - Started process (PID=29603) to work on /usr/local/python/3.12.1/lib/python3.12/site-packages/airflow/example_dags/example_branch_operator_decorator.py
[2026-05-06T23:50:39.481+0000] {processor.py:830} INFO - Processing file /usr/local/python/3.12.1/lib/python3.12/site-packages/airflow/example_dags/example_branch_operator_decorator.py for tasks to queue
[2026-05-06T23:50:39.483+0000] {logging_mixin.py:188} INFO - [2026-05-06T23:50:39.482+0000] {dagbag.py:545} INFO - Filling up the DagBag from /usr/local/python/3.12.1/lib/python3.12/site-packages/airflow/example_dags/example_branch_operator_decorator.py
[2026-05-06T23:50:39.499+0000] {processor.py:840} INFO - DAG(s) 'example_branch_python_operator_decorator' retrieved from /usr/local/python/3.12.1/lib/python3.12/site-packages/airflow/example_dags/example_branch_operator_decorator.py
[2026-05-06T23:50:39.518+0000] {logging_mixin.py:188} INFO - [2026-05-06T23:50:39.518+0000] {dag.py:3096} INFO - Sync 1 DAGs
[2026-05-06T23:50:39.534+0000] {logging_mixin.py:188} INFO - [2026-05-06T23:50:39.533+0000] {dag.py:3954} INFO - Setting next_dagrun for example_branch_python_operator_decorator to 2026-05-05 00:00:00+00:00, run_after=2026-05-06 00:00:00+00:00
[2026-05-06T23:50:39.550+0000] {processor.py:183} INFO - Processing /usr/local/python/3.12.1/lib/python3.12/site-packages/airflow/example_dags/example_branch_operator_decorator.py took 0.075 seconds
[2026-05-06T23:51:38.121+0000] {processor.py:161} INFO - Started process (PID=30061) to work on /usr/local/python/3.12.1/lib/python3.12/site-packages/airflow/example_dags/example_branch_operator_decorator.py
[2026-05-06T23:51:38.122+0000] {processor.py:830} INFO - Processing file /usr/local/python/3.12.1/lib/python3.12/site-packages/airflow/example_dags/example_branch_operator_decorator.py for tasks to queue
[2026-05-06T23:51:38.124+0000] {logging_mixin.py:188} INFO - [2026-05-06T23:51:38.124+0000] {dagbag.py:545} INFO - Filling up the DagBag from /usr/local/python/3.12.1/lib/python3.12/site-packages/airflow/example_dags/example_branch_operator_decorator.py
[2026-05-06T23:51:38.156+0000] {processor.py:840} INFO - DAG(s) 'example_branch_python_operator_decorator' retrieved from /usr/local/python/3.12.1/lib/python3.12/site-packages/airflow/example_dags/example_branch_operator_decorator.py
[2026-05-06T23:51:38.186+0000] {logging_mixin.py:188} INFO - [2026-05-06T23:51:38.186+0000] {dag.py:3096} INFO - Sync 1 DAGs
[2026-05-06T23:51:38.212+0000] {logging_mixin.py:188} INFO - [2026-05-06T23:51:38.212+0000] {dag.py:3954} INFO - Setting next_dagrun for example_branch_python_operator_decorator to 2026-05-05 00:00:00+00:00, run_after=2026-05-06 00:00:00+00:00
[2026-05-06T23:51:38.257+0000] {processor.py:183} INFO - Processing /usr/local/python/3.12.1/lib/python3.12/site-packages/airflow/example_dags/example_branch_operator_decorator.py took 0.144 seconds
[2026-05-06T23:52:34.535+0000] {processor.py:161} INFO - Started process (PID=30511) to work on /usr/local/python/3.12.1/lib/python3.12/site-packages/airflow/example_dags/example_branch_operator_decorator.py
[2026-05-06T23:52:34.539+0000] {processor.py:830} INFO - Processing file /usr/local/python/3.12.1/lib/python3.12/site-packages/airflow/example_dags/example_branch_operator_decorator.py for tasks to queue
[2026-05-06T23:52:34.541+0000] {logging_mixin.py:188} INFO - [2026-05-06T23:52:34.540+0000] {dagbag.py:545} INFO - Filling up the DagBag from /usr/local/python/3.12.1/lib/python3.12/site-packages/airflow/example_dags/example_branch_operator_decorator.py
[2026-05-06T23:52:34.562+0000] {processor.py:840} INFO - DAG(s) 'example_branch_python_operator_decorator' retrieved from /usr/local/python/3.12.1/lib/python3.12/site-packages/airflow/example_dags/example_branch_operator_decorator.py
[2026-05-06T23:52:34.581+0000] {logging_mixin.py:188} INFO - [2026-05-06T23:52:34.581+0000] {dag.py:3096} INFO - Sync 1 DAGs
[2026-05-06T23:52:34.598+0000] {logging_mixin.py:188} INFO - [2026-05-06T23:52:34.598+0000] {dag.py:3954} INFO - Setting next_dagrun for example_branch_python_operator_decorator to 2026-05-05 00:00:00+00:00, run_after=2026-05-06 00:00:00+00:00
[2026-05-06T23:52:34.615+0000] {processor.py:183} INFO - Processing /usr/local/python/3.12.1/lib/python3.12/site-packages/airflow/example_dags/example_branch_operator_decorator.py took 0.085 seconds
[2026-05-06T23:53:34.421+0000] {processor.py:161} INFO - Started process (PID=30983) to work on /usr/local/python/3.12.1/lib/python3.12/site-packages/airflow/example_dags/example_branch_operator_decorator.py
[2026-05-06T23:53:34.422+0000] {processor.py:830} INFO - Processing file /usr/local/python/3.12.1/lib/python3.12/site-packages/airflow/example_dags/example_branch_operator_decorator.py for tasks to queue
[2026-05-06T23:53:34.424+0000] {logging_mixin.py:188} INFO - [2026-05-06T23:53:34.423+0000] {dagbag.py:545} INFO - Filling up the DagBag from /usr/local/python/3.12.1/lib/python3.12/site-packages/airflow/example_dags/example_branch_operator_decorator.py
[2026-05-06T23:53:34.443+0000] {processor.py:840} INFO - DAG(s) 'example_branch_python_operator_decorator' retrieved from /usr/local/python/3.12.1/lib/python3.12/site-packages/airflow/example_dags/example_branch_operator_decorator.py
[2026-05-06T23:53:34.466+0000] {logging_mixin.py:188} INFO - [2026-05-06T23:53:34.466+0000] {dag.py:3096} INFO - Sync 1 DAGs
[2026-05-06T23:53:34.482+0000] {logging_mixin.py:188} INFO - [2026-05-06T23:53:34.481+0000] {dag.py:3954} INFO - Setting next_dagrun for example_branch_python_operator_decorator to 2026-05-05 00:00:00+00:00, run_after=2026-05-06 00:00:00+00:00
[2026-05-06T23:53:34.499+0000] {processor.py:183} INFO - Processing /usr/local/python/3.12.1/lib/python3.12/site-packages/airflow/example_dags/example_branch_operator_decorator.py took 0.083 seconds
[2026-05-06T23:54:33.925+0000] {processor.py:161} INFO - Started process (PID=31450) to work on /usr/local/python/3.12.1/lib/python3.12/site-packages/airflow/example_dags/example_branch_operator_decorator.py
[2026-05-06T23:54:33.926+0000] {processor.py:830} INFO - Processing file /usr/local/python/3.12.1/lib/python3.12/site-packages/airflow/example_dags/example_branch_operator_decorator.py for tasks to queue
[2026-05-06T23:54:33.927+0000] {logging_mixin.py:188} INFO - [2026-05-06T23:54:33.927+0000] {dagbag.py:545} INFO - Filling up the DagBag from /usr/local/python/3.12.1/lib/python3.12/site-packages/airflow/example_dags/example_branch_operator_decorator.py
[2026-05-06T23:54:33.949+0000] {processor.py:840} INFO - DAG(s) 'example_branch_python_operator_decorator' retrieved from /usr/local/python/3.12.1/lib/python3.12/site-packages/airflow/example_dags/example_branch_operator_decorator.py
[2026-05-06T23:54:33.969+0000] {logging_mixin.py:188} INFO - [2026-05-06T23:54:33.969+0000] {dag.py:3096} INFO - Sync 1 DAGs
[2026-05-06T23:54:33.985+0000] {logging_mixin.py:188} INFO - [2026-05-06T23:54:33.985+0000] {dag.py:3954} INFO - Setting next_dagrun for example_branch_python_operator_decorator to 2026-05-05 00:00:00+00:00, run_after=2026-05-06 00:00:00+00:00
[2026-05-06T23:54:34.002+0000] {processor.py:183} INFO - Processing /usr/local/python/3.12.1/lib/python3.12/site-packages/airflow/example_dags/example_branch_operator_decorator.py took 0.082 seconds
[2026-05-06T23:55:32.231+0000] {processor.py:161} INFO - Started process (PID=31944) to work on /usr/local/python/3.12.1/lib/python3.12/site-packages/airflow/example_dags/example_branch_operator_decorator.py
[2026-05-06T23:55:32.231+0000] {processor.py:830} INFO - Processing file /usr/local/python/3.12.1/lib/python3.12/site-packages/airflow/example_dags/example_branch_operator_decorator.py for tasks to queue
[2026-05-06T23:55:32.233+0000] {logging_mixin.py:188} INFO - [2026-05-06T23:55:32.233+0000] {dagbag.py:545} INFO - Filling up the DagBag from /usr/local/python/3.12.1/lib/python3.12/site-packages/airflow/example_dags/example_branch_operator_decorator.py
[2026-05-06T23:55:32.250+0000] {processor.py:840} INFO - DAG(s) 'example_branch_python_operator_decorator' retrieved from /usr/local/python/3.12.1/lib/python3.12/site-packages/airflow/example_dags/example_branch_operator_decorator.py
[2026-05-06T23:55:32.269+0000] {logging_mixin.py:188} INFO - [2026-05-06T23:55:32.269+0000] {dag.py:3096} INFO - Sync 1 DAGs
[2026-05-06T23:55:32.285+0000] {logging_mixin.py:188} INFO - [2026-05-06T23:55:32.285+0000] {dag.py:3954} INFO - Setting next_dagrun for example_branch_python_operator_decorator to 2026-05-05 00:00:00+00:00, run_after=2026-05-06 00:00:00+00:00
[2026-05-06T23:55:32.302+0000] {processor.py:183} INFO - Processing /usr/local/python/3.12.1/lib/python3.12/site-packages/airflow/example_dags/example_branch_operator_decorator.py took 0.077 seconds
[2026-05-06T23:56:30.706+0000] {processor.py:161} INFO - Started process (PID=32407) to work on /usr/local/python/3.12.1/lib/python3.12/site-packages/airflow/example_dags/example_branch_operator_decorator.py
[2026-05-06T23:56:30.707+0000] {processor.py:830} INFO - Processing file /usr/local/python/3.12.1/lib/python3.12/site-packages/airflow/example_dags/example_branch_operator_decorator.py for tasks to queue
[2026-05-06T23:56:30.708+0000] {logging_mixin.py:188} INFO - [2026-05-06T23:56:30.708+0000] {dagbag.py:545} INFO - Filling up the DagBag from /usr/local/python/3.12.1/lib/python3.12/site-packages/airflow/example_dags/example_branch_operator_decorator.py
[2026-05-06T23:56:30.726+0000] {processor.py:840} INFO - DAG(s) 'example_branch_python_operator_decorator' retrieved from /usr/local/python/3.12.1/lib/python3.12/site-packages/airflow/example_dags/example_branch_operator_decorator.py
[2026-05-06T23:56:30.745+0000] {logging_mixin.py:188} INFO - [2026-05-06T23:56:30.744+0000] {dag.py:3096} INFO - Sync 1 DAGs
[2026-05-06T23:56:30.761+0000] {logging_mixin.py:188} INFO - [2026-05-06T23:56:30.760+0000] {dag.py:3954} INFO - Setting next_dagrun for example_branch_python_operator_decorator to 2026-05-05 00:00:00+00:00, run_after=2026-05-06 00:00:00+00:00
[2026-05-06T23:56:30.777+0000] {processor.py:183} INFO - Processing /usr/local/python/3.12.1/lib/python3.12/site-packages/airflow/example_dags/example_branch_operator_decorator.py took 0.077 seconds
[2026-05-06T23:57:26.049+0000] {processor.py:161} INFO - Started process (PID=32725) to work on /usr/local/python/3.12.1/lib/python3.12/site-packages/airflow/example_dags/example_branch_operator_decorator.py
[2026-05-06T23:57:26.049+0000] {processor.py:830} INFO - Processing file /usr/local/python/3.12.1/lib/python3.12/site-packages/airflow/example_dags/example_branch_operator_decorator.py for tasks to queue
[2026-05-06T23:57:26.051+0000] {logging_mixin.py:188} INFO - [2026-05-06T23:57:26.051+0000] {dagbag.py:545} INFO - Filling up the DagBag from /usr/local/python/3.12.1/lib/python3.12/site-packages/airflow/example_dags/example_branch_operator_decorator.py
[2026-05-06T23:57:26.070+0000] {processor.py:840} INFO - DAG(s) 'example_branch_python_operator_decorator' retrieved from /usr/local/python/3.12.1/lib/python3.12/site-packages/airflow/example_dags/example_branch_operator_decorator.py
[2026-05-06T23:57:26.089+0000] {logging_mixin.py:188} INFO - [2026-05-06T23:57:26.088+0000] {dag.py:3096} INFO - Sync 1 DAGs
[2026-05-06T23:57:26.105+0000] {logging_mixin.py:188} INFO - [2026-05-06T23:57:26.105+0000] {dag.py:3954} INFO - Setting next_dagrun for example_branch_python_operator_decorator to 2026-05-05 00:00:00+00:00, run_after=2026-05-06 00:00:00+00:00
[2026-05-06T23:57:26.122+0000] {processor.py:183} INFO - Processing /usr/local/python/3.12.1/lib/python3.12/site-packages/airflow/example_dags/example_branch_operator_decorator.py took 0.080 seconds
[2026-05-06T23:58:24.530+0000] {processor.py:161} INFO - Started process (PID=32997) to work on /usr/local/python/3.12.1/lib/python3.12/site-packages/airflow/example_dags/example_branch_operator_decorator.py
[2026-05-06T23:58:24.531+0000] {processor.py:830} INFO - Processing file /usr/local/python/3.12.1/lib/python3.12/site-packages/airflow/example_dags/example_branch_operator_decorator.py for tasks to queue
[2026-05-06T23:58:24.532+0000] {logging_mixin.py:188} INFO - [2026-05-06T23:58:24.532+0000] {dagbag.py:545} INFO - Filling up the DagBag from /usr/local/python/3.12.1/lib/python3.12/site-packages/airflow/example_dags/example_branch_operator_decorator.py
[2026-05-06T23:58:24.555+0000] {processor.py:840} INFO - DAG(s) 'example_branch_python_operator_decorator' retrieved from /usr/local/python/3.12.1/lib/python3.12/site-packages/airflow/example_dags/example_branch_operator_decorator.py
[2026-05-06T23:58:24.575+0000] {logging_mixin.py:188} INFO - [2026-05-06T23:58:24.575+0000] {dag.py:3096} INFO - Sync 1 DAGs
[2026-05-06T23:58:24.591+0000] {logging_mixin.py:188} INFO - [2026-05-06T23:58:24.590+0000] {dag.py:3954} INFO - Setting next_dagrun for example_branch_python_operator_decorator to 2026-05-05 00:00:00+00:00, run_after=2026-05-06 00:00:00+00:00
[2026-05-06T23:58:24.607+0000] {processor.py:183} INFO - Processing /usr/local/python/3.12.1/lib/python3.12/site-packages/airflow/example_dags/example_branch_operator_decorator.py took 0.081 seconds
[2026-05-06T23:59:24.506+0000] {processor.py:161} INFO - Started process (PID=33293) to work on /usr/local/python/3.12.1/lib/python3.12/site-packages/airflow/example_dags/example_branch_operator_decorator.py
[2026-05-06T23:59:24.506+0000] {processor.py:830} INFO - Processing file /usr/local/python/3.12.1/lib/python3.12/site-packages/airflow/example_dags/example_branch_operator_decorator.py for tasks to queue
[2026-05-06T23:59:24.508+0000] {logging_mixin.py:188} INFO - [2026-05-06T23:59:24.507+0000] {dagbag.py:545} INFO - Filling up the DagBag from /usr/local/python/3.12.1/lib/python3.12/site-packages/airflow/example_dags/example_branch_operator_decorator.py
[2026-05-06T23:59:24.524+0000] {processor.py:840} INFO - DAG(s) 'example_branch_python_operator_decorator' retrieved from /usr/local/python/3.12.1/lib/python3.12/site-packages/airflow/example_dags/example_branch_operator_decorator.py
[2026-05-06T23:59:24.550+0000] {logging_mixin.py:188} INFO - [2026-05-06T23:59:24.549+0000] {dag.py:3096} INFO - Sync 1 DAGs
[2026-05-06T23:59:24.569+0000] {logging_mixin.py:188} INFO - [2026-05-06T23:59:24.569+0000] {dag.py:3954} INFO - Setting next_dagrun for example_branch_python_operator_decorator to 2026-05-05 00:00:00+00:00, run_after=2026-05-06 00:00:00+00:00
[2026-05-06T23:59:24.586+0000] {processor.py:183} INFO - Processing /usr/local/python/3.12.1/lib/python3.12/site-packages/airflow/example_dags/example_branch_operator_decorator.py took 0.085 seconds
