[2026-05-06T23:19:19.438+0000] {processor.py:161} INFO - Started process (PID=13453) to work on /usr/local/python/3.12.1/lib/python3.12/site-packages/airflow/example_dags/example_dag_decorator.py
[2026-05-06T23:19:19.439+0000] {processor.py:830} INFO - Processing file /usr/local/python/3.12.1/lib/python3.12/site-packages/airflow/example_dags/example_dag_decorator.py for tasks to queue
[2026-05-06T23:19:19.440+0000] {logging_mixin.py:188} INFO - [2026-05-06T23:19:19.440+0000] {dagbag.py:545} INFO - Filling up the DagBag from /usr/local/python/3.12.1/lib/python3.12/site-packages/airflow/example_dags/example_dag_decorator.py
[2026-05-06T23:19:19.517+0000] {processor.py:840} INFO - DAG(s) 'example_dag_decorator' retrieved from /usr/local/python/3.12.1/lib/python3.12/site-packages/airflow/example_dags/example_dag_decorator.py
[2026-05-06T23:19:19.598+0000] {logging_mixin.py:188} INFO - [2026-05-06T23:19:19.597+0000] {override.py:1829} INFO - Created Permission View: can delete on DAG:example_dag_decorator
[2026-05-06T23:19:19.607+0000] {logging_mixin.py:188} INFO - [2026-05-06T23:19:19.607+0000] {override.py:1829} INFO - Created Permission View: can edit on DAG:example_dag_decorator
[2026-05-06T23:19:19.612+0000] {logging_mixin.py:188} INFO - [2026-05-06T23:19:19.612+0000] {override.py:1829} INFO - Created Permission View: can read on DAG:example_dag_decorator
[2026-05-06T23:19:19.612+0000] {logging_mixin.py:188} INFO - [2026-05-06T23:19:19.612+0000] {dag.py:3096} INFO - Sync 1 DAGs
[2026-05-06T23:19:19.621+0000] {logging_mixin.py:188} INFO - [2026-05-06T23:19:19.620+0000] {dag.py:3118} INFO - Creating ORM DAG for example_dag_decorator
[2026-05-06T23:19:19.621+0000] {logging_mixin.py:188} INFO - [2026-05-06T23:19:19.621+0000] {dag.py:3954} INFO - Setting next_dagrun for example_dag_decorator to None, run_after=None
[2026-05-06T23:19:19.635+0000] {processor.py:183} INFO - Processing /usr/local/python/3.12.1/lib/python3.12/site-packages/airflow/example_dags/example_dag_decorator.py took 0.201 seconds
[2026-05-06T23:20:09.577+0000] {processor.py:161} INFO - Started process (PID=13917) to work on /usr/local/python/3.12.1/lib/python3.12/site-packages/airflow/example_dags/example_dag_decorator.py
[2026-05-06T23:20:09.578+0000] {processor.py:830} INFO - Processing file /usr/local/python/3.12.1/lib/python3.12/site-packages/airflow/example_dags/example_dag_decorator.py for tasks to queue
[2026-05-06T23:20:09.579+0000] {logging_mixin.py:188} INFO - [2026-05-06T23:20:09.579+0000] {dagbag.py:545} INFO - Filling up the DagBag from /usr/local/python/3.12.1/lib/python3.12/site-packages/airflow/example_dags/example_dag_decorator.py
[2026-05-06T23:20:09.645+0000] {processor.py:840} INFO - DAG(s) 'example_dag_decorator' retrieved from /usr/local/python/3.12.1/lib/python3.12/site-packages/airflow/example_dags/example_dag_decorator.py
[2026-05-06T23:20:09.715+0000] {logging_mixin.py:188} INFO - [2026-05-06T23:20:09.715+0000] {dag.py:3096} INFO - Sync 1 DAGs
[2026-05-06T23:20:09.722+0000] {logging_mixin.py:188} INFO - [2026-05-06T23:20:09.722+0000] {dag.py:3954} INFO - Setting next_dagrun for example_dag_decorator to None, run_after=None
[2026-05-06T23:20:09.737+0000] {processor.py:183} INFO - Processing /usr/local/python/3.12.1/lib/python3.12/site-packages/airflow/example_dags/example_dag_decorator.py took 0.165 seconds
[2026-05-06T23:21:09.513+0000] {processor.py:161} INFO - Started process (PID=14419) to work on /usr/local/python/3.12.1/lib/python3.12/site-packages/airflow/example_dags/example_dag_decorator.py
[2026-05-06T23:21:09.513+0000] {processor.py:830} INFO - Processing file /usr/local/python/3.12.1/lib/python3.12/site-packages/airflow/example_dags/example_dag_decorator.py for tasks to queue
[2026-05-06T23:21:09.515+0000] {logging_mixin.py:188} INFO - [2026-05-06T23:21:09.514+0000] {dagbag.py:545} INFO - Filling up the DagBag from /usr/local/python/3.12.1/lib/python3.12/site-packages/airflow/example_dags/example_dag_decorator.py
[2026-05-06T23:21:09.582+0000] {processor.py:840} INFO - DAG(s) 'example_dag_decorator' retrieved from /usr/local/python/3.12.1/lib/python3.12/site-packages/airflow/example_dags/example_dag_decorator.py
[2026-05-06T23:21:09.654+0000] {logging_mixin.py:188} INFO - [2026-05-06T23:21:09.654+0000] {dag.py:3096} INFO - Sync 1 DAGs
[2026-05-06T23:21:09.661+0000] {logging_mixin.py:188} INFO - [2026-05-06T23:21:09.661+0000] {dag.py:3954} INFO - Setting next_dagrun for example_dag_decorator to None, run_after=None
[2026-05-06T23:21:09.677+0000] {processor.py:183} INFO - Processing /usr/local/python/3.12.1/lib/python3.12/site-packages/airflow/example_dags/example_dag_decorator.py took 0.168 seconds
[2026-05-06T23:22:11.104+0000] {processor.py:161} INFO - Started process (PID=14990) to work on /usr/local/python/3.12.1/lib/python3.12/site-packages/airflow/example_dags/example_dag_decorator.py
[2026-05-06T23:22:11.105+0000] {processor.py:830} INFO - Processing file /usr/local/python/3.12.1/lib/python3.12/site-packages/airflow/example_dags/example_dag_decorator.py for tasks to queue
[2026-05-06T23:22:11.106+0000] {logging_mixin.py:188} INFO - [2026-05-06T23:22:11.106+0000] {dagbag.py:545} INFO - Filling up the DagBag from /usr/local/python/3.12.1/lib/python3.12/site-packages/airflow/example_dags/example_dag_decorator.py
[2026-05-06T23:22:11.176+0000] {processor.py:840} INFO - DAG(s) 'example_dag_decorator' retrieved from /usr/local/python/3.12.1/lib/python3.12/site-packages/airflow/example_dags/example_dag_decorator.py
[2026-05-06T23:22:11.260+0000] {logging_mixin.py:188} INFO - [2026-05-06T23:22:11.259+0000] {dag.py:3096} INFO - Sync 1 DAGs
[2026-05-06T23:22:11.266+0000] {logging_mixin.py:188} INFO - [2026-05-06T23:22:11.266+0000] {dag.py:3954} INFO - Setting next_dagrun for example_dag_decorator to None, run_after=None
[2026-05-06T23:22:11.281+0000] {processor.py:183} INFO - Processing /usr/local/python/3.12.1/lib/python3.12/site-packages/airflow/example_dags/example_dag_decorator.py took 0.182 seconds
[2026-05-06T23:23:10.673+0000] {processor.py:161} INFO - Started process (PID=15542) to work on /usr/local/python/3.12.1/lib/python3.12/site-packages/airflow/example_dags/example_dag_decorator.py
[2026-05-06T23:23:10.674+0000] {processor.py:830} INFO - Processing file /usr/local/python/3.12.1/lib/python3.12/site-packages/airflow/example_dags/example_dag_decorator.py for tasks to queue
[2026-05-06T23:23:10.675+0000] {logging_mixin.py:188} INFO - [2026-05-06T23:23:10.675+0000] {dagbag.py:545} INFO - Filling up the DagBag from /usr/local/python/3.12.1/lib/python3.12/site-packages/airflow/example_dags/example_dag_decorator.py
[2026-05-06T23:23:10.741+0000] {processor.py:840} INFO - DAG(s) 'example_dag_decorator' retrieved from /usr/local/python/3.12.1/lib/python3.12/site-packages/airflow/example_dags/example_dag_decorator.py
[2026-05-06T23:23:10.756+0000] {logging_mixin.py:188} INFO - [2026-05-06T23:23:10.755+0000] {dag.py:3096} INFO - Sync 1 DAGs
[2026-05-06T23:23:10.765+0000] {logging_mixin.py:188} INFO - [2026-05-06T23:23:10.765+0000] {dag.py:3954} INFO - Setting next_dagrun for example_dag_decorator to None, run_after=None
[2026-05-06T23:23:10.783+0000] {processor.py:183} INFO - Processing /usr/local/python/3.12.1/lib/python3.12/site-packages/airflow/example_dags/example_dag_decorator.py took 0.114 seconds
[2026-05-06T23:24:05.985+0000] {processor.py:161} INFO - Started process (PID=16164) to work on /usr/local/python/3.12.1/lib/python3.12/site-packages/airflow/example_dags/example_dag_decorator.py
[2026-05-06T23:24:05.986+0000] {processor.py:830} INFO - Processing file /usr/local/python/3.12.1/lib/python3.12/site-packages/airflow/example_dags/example_dag_decorator.py for tasks to queue
[2026-05-06T23:24:05.987+0000] {logging_mixin.py:188} INFO - [2026-05-06T23:24:05.987+0000] {dagbag.py:545} INFO - Filling up the DagBag from /usr/local/python/3.12.1/lib/python3.12/site-packages/airflow/example_dags/example_dag_decorator.py
[2026-05-06T23:24:06.054+0000] {processor.py:840} INFO - DAG(s) 'example_dag_decorator' retrieved from /usr/local/python/3.12.1/lib/python3.12/site-packages/airflow/example_dags/example_dag_decorator.py
[2026-05-06T23:24:06.218+0000] {logging_mixin.py:188} INFO - [2026-05-06T23:24:06.217+0000] {dag.py:3096} INFO - Sync 1 DAGs
[2026-05-06T23:24:06.224+0000] {logging_mixin.py:188} INFO - [2026-05-06T23:24:06.223+0000] {dag.py:3954} INFO - Setting next_dagrun for example_dag_decorator to None, run_after=None
[2026-05-06T23:24:06.240+0000] {processor.py:183} INFO - Processing /usr/local/python/3.12.1/lib/python3.12/site-packages/airflow/example_dags/example_dag_decorator.py took 0.259 seconds
[2026-05-06T23:25:03.324+0000] {processor.py:161} INFO - Started process (PID=16958) to work on /usr/local/python/3.12.1/lib/python3.12/site-packages/airflow/example_dags/example_dag_decorator.py
[2026-05-06T23:25:03.325+0000] {processor.py:830} INFO - Processing file /usr/local/python/3.12.1/lib/python3.12/site-packages/airflow/example_dags/example_dag_decorator.py for tasks to queue
[2026-05-06T23:25:03.327+0000] {logging_mixin.py:188} INFO - [2026-05-06T23:25:03.326+0000] {dagbag.py:545} INFO - Filling up the DagBag from /usr/local/python/3.12.1/lib/python3.12/site-packages/airflow/example_dags/example_dag_decorator.py
[2026-05-06T23:25:03.483+0000] {processor.py:840} INFO - DAG(s) 'example_dag_decorator' retrieved from /usr/local/python/3.12.1/lib/python3.12/site-packages/airflow/example_dags/example_dag_decorator.py
[2026-05-06T23:25:03.547+0000] {logging_mixin.py:188} INFO - [2026-05-06T23:25:03.547+0000] {dag.py:3096} INFO - Sync 1 DAGs
[2026-05-06T23:25:03.553+0000] {logging_mixin.py:188} INFO - [2026-05-06T23:25:03.553+0000] {dag.py:3954} INFO - Setting next_dagrun for example_dag_decorator to None, run_after=None
[2026-05-06T23:25:03.567+0000] {processor.py:183} INFO - Processing /usr/local/python/3.12.1/lib/python3.12/site-packages/airflow/example_dags/example_dag_decorator.py took 0.247 seconds
[2026-05-06T23:26:03.848+0000] {processor.py:161} INFO - Started process (PID=17523) to work on /usr/local/python/3.12.1/lib/python3.12/site-packages/airflow/example_dags/example_dag_decorator.py
[2026-05-06T23:26:03.849+0000] {processor.py:830} INFO - Processing file /usr/local/python/3.12.1/lib/python3.12/site-packages/airflow/example_dags/example_dag_decorator.py for tasks to queue
[2026-05-06T23:26:03.851+0000] {logging_mixin.py:188} INFO - [2026-05-06T23:26:03.850+0000] {dagbag.py:545} INFO - Filling up the DagBag from /usr/local/python/3.12.1/lib/python3.12/site-packages/airflow/example_dags/example_dag_decorator.py
[2026-05-06T23:26:03.916+0000] {processor.py:840} INFO - DAG(s) 'example_dag_decorator' retrieved from /usr/local/python/3.12.1/lib/python3.12/site-packages/airflow/example_dags/example_dag_decorator.py
[2026-05-06T23:26:04.081+0000] {logging_mixin.py:188} INFO - [2026-05-06T23:26:04.081+0000] {dag.py:3096} INFO - Sync 1 DAGs
[2026-05-06T23:26:04.087+0000] {logging_mixin.py:188} INFO - [2026-05-06T23:26:04.087+0000] {dag.py:3954} INFO - Setting next_dagrun for example_dag_decorator to None, run_after=None
[2026-05-06T23:26:04.102+0000] {processor.py:183} INFO - Processing /usr/local/python/3.12.1/lib/python3.12/site-packages/airflow/example_dags/example_dag_decorator.py took 0.258 seconds
[2026-05-06T23:27:00.046+0000] {processor.py:161} INFO - Started process (PID=17994) to work on /usr/local/python/3.12.1/lib/python3.12/site-packages/airflow/example_dags/example_dag_decorator.py
[2026-05-06T23:27:00.047+0000] {processor.py:830} INFO - Processing file /usr/local/python/3.12.1/lib/python3.12/site-packages/airflow/example_dags/example_dag_decorator.py for tasks to queue
[2026-05-06T23:27:00.048+0000] {logging_mixin.py:188} INFO - [2026-05-06T23:27:00.048+0000] {dagbag.py:545} INFO - Filling up the DagBag from /usr/local/python/3.12.1/lib/python3.12/site-packages/airflow/example_dags/example_dag_decorator.py
[2026-05-06T23:27:00.272+0000] {processor.py:840} INFO - DAG(s) 'example_dag_decorator' retrieved from /usr/local/python/3.12.1/lib/python3.12/site-packages/airflow/example_dags/example_dag_decorator.py
[2026-05-06T23:27:00.337+0000] {logging_mixin.py:188} INFO - [2026-05-06T23:27:00.337+0000] {dag.py:3096} INFO - Sync 1 DAGs
[2026-05-06T23:27:00.355+0000] {logging_mixin.py:188} INFO - [2026-05-06T23:27:00.354+0000] {dag.py:3954} INFO - Setting next_dagrun for example_dag_decorator to None, run_after=None
[2026-05-06T23:27:00.374+0000] {processor.py:183} INFO - Processing /usr/local/python/3.12.1/lib/python3.12/site-packages/airflow/example_dags/example_dag_decorator.py took 0.334 seconds
[2026-05-06T23:27:58.221+0000] {processor.py:161} INFO - Started process (PID=18603) to work on /usr/local/python/3.12.1/lib/python3.12/site-packages/airflow/example_dags/example_dag_decorator.py
[2026-05-06T23:27:58.222+0000] {processor.py:830} INFO - Processing file /usr/local/python/3.12.1/lib/python3.12/site-packages/airflow/example_dags/example_dag_decorator.py for tasks to queue
[2026-05-06T23:27:58.223+0000] {logging_mixin.py:188} INFO - [2026-05-06T23:27:58.223+0000] {dagbag.py:545} INFO - Filling up the DagBag from /usr/local/python/3.12.1/lib/python3.12/site-packages/airflow/example_dags/example_dag_decorator.py
[2026-05-06T23:27:58.385+0000] {processor.py:840} INFO - DAG(s) 'example_dag_decorator' retrieved from /usr/local/python/3.12.1/lib/python3.12/site-packages/airflow/example_dags/example_dag_decorator.py
[2026-05-06T23:27:58.449+0000] {logging_mixin.py:188} INFO - [2026-05-06T23:27:58.449+0000] {dag.py:3096} INFO - Sync 1 DAGs
[2026-05-06T23:27:58.456+0000] {logging_mixin.py:188} INFO - [2026-05-06T23:27:58.455+0000] {dag.py:3954} INFO - Setting next_dagrun for example_dag_decorator to None, run_after=None
[2026-05-06T23:27:58.471+0000] {processor.py:183} INFO - Processing /usr/local/python/3.12.1/lib/python3.12/site-packages/airflow/example_dags/example_dag_decorator.py took 0.255 seconds
[2026-05-06T23:29:00.574+0000] {processor.py:161} INFO - Started process (PID=19146) to work on /usr/local/python/3.12.1/lib/python3.12/site-packages/airflow/example_dags/example_dag_decorator.py
[2026-05-06T23:29:00.575+0000] {processor.py:830} INFO - Processing file /usr/local/python/3.12.1/lib/python3.12/site-packages/airflow/example_dags/example_dag_decorator.py for tasks to queue
[2026-05-06T23:29:00.576+0000] {logging_mixin.py:188} INFO - [2026-05-06T23:29:00.576+0000] {dagbag.py:545} INFO - Filling up the DagBag from /usr/local/python/3.12.1/lib/python3.12/site-packages/airflow/example_dags/example_dag_decorator.py
[2026-05-06T23:29:00.762+0000] {processor.py:840} INFO - DAG(s) 'example_dag_decorator' retrieved from /usr/local/python/3.12.1/lib/python3.12/site-packages/airflow/example_dags/example_dag_decorator.py
[2026-05-06T23:29:00.836+0000] {logging_mixin.py:188} INFO - [2026-05-06T23:29:00.835+0000] {dag.py:3096} INFO - Sync 1 DAGs
[2026-05-06T23:29:00.846+0000] {logging_mixin.py:188} INFO - [2026-05-06T23:29:00.845+0000] {dag.py:3954} INFO - Setting next_dagrun for example_dag_decorator to None, run_after=None
[2026-05-06T23:29:00.888+0000] {processor.py:183} INFO - Processing /usr/local/python/3.12.1/lib/python3.12/site-packages/airflow/example_dags/example_dag_decorator.py took 0.319 seconds
[2026-05-06T23:32:02.458+0000] {processor.py:161} INFO - Started process (PID=20875) to work on /usr/local/python/3.12.1/lib/python3.12/site-packages/airflow/example_dags/example_dag_decorator.py
[2026-05-06T23:32:02.459+0000] {processor.py:830} INFO - Processing file /usr/local/python/3.12.1/lib/python3.12/site-packages/airflow/example_dags/example_dag_decorator.py for tasks to queue
[2026-05-06T23:32:02.460+0000] {logging_mixin.py:188} INFO - [2026-05-06T23:32:02.460+0000] {dagbag.py:545} INFO - Filling up the DagBag from /usr/local/python/3.12.1/lib/python3.12/site-packages/airflow/example_dags/example_dag_decorator.py
[2026-05-06T23:32:02.527+0000] {processor.py:840} INFO - DAG(s) 'example_dag_decorator' retrieved from /usr/local/python/3.12.1/lib/python3.12/site-packages/airflow/example_dags/example_dag_decorator.py
[2026-05-06T23:32:02.600+0000] {logging_mixin.py:188} INFO - [2026-05-06T23:32:02.600+0000] {dag.py:3096} INFO - Sync 1 DAGs
[2026-05-06T23:32:02.607+0000] {logging_mixin.py:188} INFO - [2026-05-06T23:32:02.607+0000] {dag.py:3954} INFO - Setting next_dagrun for example_dag_decorator to None, run_after=None
[2026-05-06T23:32:02.626+0000] {processor.py:183} INFO - Processing /usr/local/python/3.12.1/lib/python3.12/site-packages/airflow/example_dags/example_dag_decorator.py took 0.173 seconds
[2026-05-06T23:32:59.094+0000] {processor.py:161} INFO - Started process (PID=21324) to work on /usr/local/python/3.12.1/lib/python3.12/site-packages/airflow/example_dags/example_dag_decorator.py
[2026-05-06T23:32:59.095+0000] {processor.py:830} INFO - Processing file /usr/local/python/3.12.1/lib/python3.12/site-packages/airflow/example_dags/example_dag_decorator.py for tasks to queue
[2026-05-06T23:32:59.096+0000] {logging_mixin.py:188} INFO - [2026-05-06T23:32:59.096+0000] {dagbag.py:545} INFO - Filling up the DagBag from /usr/local/python/3.12.1/lib/python3.12/site-packages/airflow/example_dags/example_dag_decorator.py
[2026-05-06T23:32:59.180+0000] {processor.py:840} INFO - DAG(s) 'example_dag_decorator' retrieved from /usr/local/python/3.12.1/lib/python3.12/site-packages/airflow/example_dags/example_dag_decorator.py
[2026-05-06T23:32:59.253+0000] {logging_mixin.py:188} INFO - [2026-05-06T23:32:59.253+0000] {dag.py:3096} INFO - Sync 1 DAGs
[2026-05-06T23:32:59.260+0000] {logging_mixin.py:188} INFO - [2026-05-06T23:32:59.260+0000] {dag.py:3954} INFO - Setting next_dagrun for example_dag_decorator to None, run_after=None
[2026-05-06T23:32:59.278+0000] {processor.py:183} INFO - Processing /usr/local/python/3.12.1/lib/python3.12/site-packages/airflow/example_dags/example_dag_decorator.py took 0.188 seconds
[2026-05-06T23:33:45.863+0000] {processor.py:161} INFO - Started process (PID=21694) to work on /usr/local/python/3.12.1/lib/python3.12/site-packages/airflow/example_dags/example_dag_decorator.py
[2026-05-06T23:33:45.863+0000] {processor.py:830} INFO - Processing file /usr/local/python/3.12.1/lib/python3.12/site-packages/airflow/example_dags/example_dag_decorator.py for tasks to queue
[2026-05-06T23:33:45.865+0000] {logging_mixin.py:188} INFO - [2026-05-06T23:33:45.864+0000] {dagbag.py:545} INFO - Filling up the DagBag from /usr/local/python/3.12.1/lib/python3.12/site-packages/airflow/example_dags/example_dag_decorator.py
[2026-05-06T23:33:45.942+0000] {processor.py:840} INFO - DAG(s) 'example_dag_decorator' retrieved from /usr/local/python/3.12.1/lib/python3.12/site-packages/airflow/example_dags/example_dag_decorator.py
[2026-05-06T23:33:46.014+0000] {logging_mixin.py:188} INFO - [2026-05-06T23:33:46.014+0000] {dag.py:3096} INFO - Sync 1 DAGs
[2026-05-06T23:33:46.022+0000] {logging_mixin.py:188} INFO - [2026-05-06T23:33:46.021+0000] {dag.py:3954} INFO - Setting next_dagrun for example_dag_decorator to None, run_after=None
[2026-05-06T23:33:46.043+0000] {processor.py:183} INFO - Processing /usr/local/python/3.12.1/lib/python3.12/site-packages/airflow/example_dags/example_dag_decorator.py took 0.189 seconds
[2026-05-06T23:34:44.924+0000] {processor.py:161} INFO - Started process (PID=22166) to work on /usr/local/python/3.12.1/lib/python3.12/site-packages/airflow/example_dags/example_dag_decorator.py
[2026-05-06T23:34:44.924+0000] {processor.py:830} INFO - Processing file /usr/local/python/3.12.1/lib/python3.12/site-packages/airflow/example_dags/example_dag_decorator.py for tasks to queue
[2026-05-06T23:34:44.926+0000] {logging_mixin.py:188} INFO - [2026-05-06T23:34:44.925+0000] {dagbag.py:545} INFO - Filling up the DagBag from /usr/local/python/3.12.1/lib/python3.12/site-packages/airflow/example_dags/example_dag_decorator.py
[2026-05-06T23:34:44.993+0000] {processor.py:840} INFO - DAG(s) 'example_dag_decorator' retrieved from /usr/local/python/3.12.1/lib/python3.12/site-packages/airflow/example_dags/example_dag_decorator.py
[2026-05-06T23:34:45.073+0000] {logging_mixin.py:188} INFO - [2026-05-06T23:34:45.072+0000] {dag.py:3096} INFO - Sync 1 DAGs
[2026-05-06T23:34:45.080+0000] {logging_mixin.py:188} INFO - [2026-05-06T23:34:45.079+0000] {dag.py:3954} INFO - Setting next_dagrun for example_dag_decorator to None, run_after=None
[2026-05-06T23:34:45.096+0000] {processor.py:183} INFO - Processing /usr/local/python/3.12.1/lib/python3.12/site-packages/airflow/example_dags/example_dag_decorator.py took 0.177 seconds
[2026-05-06T23:35:40.375+0000] {processor.py:161} INFO - Started process (PID=22609) to work on /usr/local/python/3.12.1/lib/python3.12/site-packages/airflow/example_dags/example_dag_decorator.py
[2026-05-06T23:35:40.376+0000] {processor.py:830} INFO - Processing file /usr/local/python/3.12.1/lib/python3.12/site-packages/airflow/example_dags/example_dag_decorator.py for tasks to queue
[2026-05-06T23:35:40.377+0000] {logging_mixin.py:188} INFO - [2026-05-06T23:35:40.377+0000] {dagbag.py:545} INFO - Filling up the DagBag from /usr/local/python/3.12.1/lib/python3.12/site-packages/airflow/example_dags/example_dag_decorator.py
[2026-05-06T23:35:40.444+0000] {processor.py:840} INFO - DAG(s) 'example_dag_decorator' retrieved from /usr/local/python/3.12.1/lib/python3.12/site-packages/airflow/example_dags/example_dag_decorator.py
[2026-05-06T23:35:40.611+0000] {logging_mixin.py:188} INFO - [2026-05-06T23:35:40.611+0000] {dag.py:3096} INFO - Sync 1 DAGs
[2026-05-06T23:35:40.617+0000] {logging_mixin.py:188} INFO - [2026-05-06T23:35:40.617+0000] {dag.py:3954} INFO - Setting next_dagrun for example_dag_decorator to None, run_after=None
[2026-05-06T23:35:40.632+0000] {processor.py:183} INFO - Processing /usr/local/python/3.12.1/lib/python3.12/site-packages/airflow/example_dags/example_dag_decorator.py took 0.261 seconds
[2026-05-06T23:36:38.698+0000] {processor.py:161} INFO - Started process (PID=23068) to work on /usr/local/python/3.12.1/lib/python3.12/site-packages/airflow/example_dags/example_dag_decorator.py
[2026-05-06T23:36:38.699+0000] {processor.py:830} INFO - Processing file /usr/local/python/3.12.1/lib/python3.12/site-packages/airflow/example_dags/example_dag_decorator.py for tasks to queue
[2026-05-06T23:36:38.700+0000] {logging_mixin.py:188} INFO - [2026-05-06T23:36:38.700+0000] {dagbag.py:545} INFO - Filling up the DagBag from /usr/local/python/3.12.1/lib/python3.12/site-packages/airflow/example_dags/example_dag_decorator.py
[2026-05-06T23:36:38.768+0000] {processor.py:840} INFO - DAG(s) 'example_dag_decorator' retrieved from /usr/local/python/3.12.1/lib/python3.12/site-packages/airflow/example_dags/example_dag_decorator.py
[2026-05-06T23:36:38.935+0000] {logging_mixin.py:188} INFO - [2026-05-06T23:36:38.934+0000] {dag.py:3096} INFO - Sync 1 DAGs
[2026-05-06T23:36:38.942+0000] {logging_mixin.py:188} INFO - [2026-05-06T23:36:38.942+0000] {dag.py:3954} INFO - Setting next_dagrun for example_dag_decorator to None, run_after=None
[2026-05-06T23:36:38.958+0000] {processor.py:183} INFO - Processing /usr/local/python/3.12.1/lib/python3.12/site-packages/airflow/example_dags/example_dag_decorator.py took 0.265 seconds
[2026-05-06T23:37:37.227+0000] {processor.py:161} INFO - Started process (PID=23503) to work on /usr/local/python/3.12.1/lib/python3.12/site-packages/airflow/example_dags/example_dag_decorator.py
[2026-05-06T23:37:37.228+0000] {processor.py:830} INFO - Processing file /usr/local/python/3.12.1/lib/python3.12/site-packages/airflow/example_dags/example_dag_decorator.py for tasks to queue
[2026-05-06T23:37:37.229+0000] {logging_mixin.py:188} INFO - [2026-05-06T23:37:37.229+0000] {dagbag.py:545} INFO - Filling up the DagBag from /usr/local/python/3.12.1/lib/python3.12/site-packages/airflow/example_dags/example_dag_decorator.py
[2026-05-06T23:37:37.404+0000] {processor.py:840} INFO - DAG(s) 'example_dag_decorator' retrieved from /usr/local/python/3.12.1/lib/python3.12/site-packages/airflow/example_dags/example_dag_decorator.py
[2026-05-06T23:37:37.471+0000] {logging_mixin.py:188} INFO - [2026-05-06T23:37:37.471+0000] {dag.py:3096} INFO - Sync 1 DAGs
[2026-05-06T23:37:37.479+0000] {logging_mixin.py:188} INFO - [2026-05-06T23:37:37.479+0000] {dag.py:3954} INFO - Setting next_dagrun for example_dag_decorator to None, run_after=None
[2026-05-06T23:37:37.496+0000] {processor.py:183} INFO - Processing /usr/local/python/3.12.1/lib/python3.12/site-packages/airflow/example_dags/example_dag_decorator.py took 0.273 seconds
[2026-05-06T23:38:35.606+0000] {processor.py:161} INFO - Started process (PID=23968) to work on /usr/local/python/3.12.1/lib/python3.12/site-packages/airflow/example_dags/example_dag_decorator.py
[2026-05-06T23:38:35.607+0000] {processor.py:830} INFO - Processing file /usr/local/python/3.12.1/lib/python3.12/site-packages/airflow/example_dags/example_dag_decorator.py for tasks to queue
[2026-05-06T23:38:35.608+0000] {logging_mixin.py:188} INFO - [2026-05-06T23:38:35.608+0000] {dagbag.py:545} INFO - Filling up the DagBag from /usr/local/python/3.12.1/lib/python3.12/site-packages/airflow/example_dags/example_dag_decorator.py
[2026-05-06T23:38:35.778+0000] {processor.py:840} INFO - DAG(s) 'example_dag_decorator' retrieved from /usr/local/python/3.12.1/lib/python3.12/site-packages/airflow/example_dags/example_dag_decorator.py
[2026-05-06T23:38:35.846+0000] {logging_mixin.py:188} INFO - [2026-05-06T23:38:35.846+0000] {dag.py:3096} INFO - Sync 1 DAGs
[2026-05-06T23:38:35.852+0000] {logging_mixin.py:188} INFO - [2026-05-06T23:38:35.852+0000] {dag.py:3954} INFO - Setting next_dagrun for example_dag_decorator to None, run_after=None
[2026-05-06T23:38:35.869+0000] {processor.py:183} INFO - Processing /usr/local/python/3.12.1/lib/python3.12/site-packages/airflow/example_dags/example_dag_decorator.py took 0.268 seconds
[2026-05-06T23:39:33.804+0000] {processor.py:161} INFO - Started process (PID=24425) to work on /usr/local/python/3.12.1/lib/python3.12/site-packages/airflow/example_dags/example_dag_decorator.py
[2026-05-06T23:39:33.805+0000] {processor.py:830} INFO - Processing file /usr/local/python/3.12.1/lib/python3.12/site-packages/airflow/example_dags/example_dag_decorator.py for tasks to queue
[2026-05-06T23:39:33.806+0000] {logging_mixin.py:188} INFO - [2026-05-06T23:39:33.806+0000] {dagbag.py:545} INFO - Filling up the DagBag from /usr/local/python/3.12.1/lib/python3.12/site-packages/airflow/example_dags/example_dag_decorator.py
[2026-05-06T23:39:33.996+0000] {processor.py:840} INFO - DAG(s) 'example_dag_decorator' retrieved from /usr/local/python/3.12.1/lib/python3.12/site-packages/airflow/example_dags/example_dag_decorator.py
[2026-05-06T23:39:34.062+0000] {logging_mixin.py:188} INFO - [2026-05-06T23:39:34.062+0000] {dag.py:3096} INFO - Sync 1 DAGs
[2026-05-06T23:39:34.068+0000] {logging_mixin.py:188} INFO - [2026-05-06T23:39:34.068+0000] {dag.py:3954} INFO - Setting next_dagrun for example_dag_decorator to None, run_after=None
[2026-05-06T23:39:34.084+0000] {processor.py:183} INFO - Processing /usr/local/python/3.12.1/lib/python3.12/site-packages/airflow/example_dags/example_dag_decorator.py took 0.285 seconds
[2026-05-06T23:40:33.731+0000] {processor.py:161} INFO - Started process (PID=24897) to work on /usr/local/python/3.12.1/lib/python3.12/site-packages/airflow/example_dags/example_dag_decorator.py
[2026-05-06T23:40:33.732+0000] {processor.py:830} INFO - Processing file /usr/local/python/3.12.1/lib/python3.12/site-packages/airflow/example_dags/example_dag_decorator.py for tasks to queue
[2026-05-06T23:40:33.734+0000] {logging_mixin.py:188} INFO - [2026-05-06T23:40:33.733+0000] {dagbag.py:545} INFO - Filling up the DagBag from /usr/local/python/3.12.1/lib/python3.12/site-packages/airflow/example_dags/example_dag_decorator.py
[2026-05-06T23:40:33.904+0000] {processor.py:840} INFO - DAG(s) 'example_dag_decorator' retrieved from /usr/local/python/3.12.1/lib/python3.12/site-packages/airflow/example_dags/example_dag_decorator.py
[2026-05-06T23:40:33.972+0000] {logging_mixin.py:188} INFO - [2026-05-06T23:40:33.972+0000] {dag.py:3096} INFO - Sync 1 DAGs
[2026-05-06T23:40:33.978+0000] {logging_mixin.py:188} INFO - [2026-05-06T23:40:33.978+0000] {dag.py:3954} INFO - Setting next_dagrun for example_dag_decorator to None, run_after=None
[2026-05-06T23:40:33.994+0000] {processor.py:183} INFO - Processing /usr/local/python/3.12.1/lib/python3.12/site-packages/airflow/example_dags/example_dag_decorator.py took 0.268 seconds
[2026-05-06T23:41:31.084+0000] {processor.py:161} INFO - Started process (PID=25333) to work on /usr/local/python/3.12.1/lib/python3.12/site-packages/airflow/example_dags/example_dag_decorator.py
[2026-05-06T23:41:31.085+0000] {processor.py:830} INFO - Processing file /usr/local/python/3.12.1/lib/python3.12/site-packages/airflow/example_dags/example_dag_decorator.py for tasks to queue
[2026-05-06T23:41:31.087+0000] {logging_mixin.py:188} INFO - [2026-05-06T23:41:31.087+0000] {dagbag.py:545} INFO - Filling up the DagBag from /usr/local/python/3.12.1/lib/python3.12/site-packages/airflow/example_dags/example_dag_decorator.py
[2026-05-06T23:41:31.270+0000] {processor.py:840} INFO - DAG(s) 'example_dag_decorator' retrieved from /usr/local/python/3.12.1/lib/python3.12/site-packages/airflow/example_dags/example_dag_decorator.py
[2026-05-06T23:41:31.282+0000] {logging_mixin.py:188} INFO - [2026-05-06T23:41:31.282+0000] {dag.py:3096} INFO - Sync 1 DAGs
[2026-05-06T23:41:31.292+0000] {logging_mixin.py:188} INFO - [2026-05-06T23:41:31.292+0000] {dag.py:3954} INFO - Setting next_dagrun for example_dag_decorator to None, run_after=None
[2026-05-06T23:41:31.308+0000] {processor.py:183} INFO - Processing /usr/local/python/3.12.1/lib/python3.12/site-packages/airflow/example_dags/example_dag_decorator.py took 0.230 seconds
[2026-05-06T23:42:33.418+0000] {processor.py:161} INFO - Started process (PID=25824) to work on /usr/local/python/3.12.1/lib/python3.12/site-packages/airflow/example_dags/example_dag_decorator.py
[2026-05-06T23:42:33.419+0000] {processor.py:830} INFO - Processing file /usr/local/python/3.12.1/lib/python3.12/site-packages/airflow/example_dags/example_dag_decorator.py for tasks to queue
[2026-05-06T23:42:33.420+0000] {logging_mixin.py:188} INFO - [2026-05-06T23:42:33.420+0000] {dagbag.py:545} INFO - Filling up the DagBag from /usr/local/python/3.12.1/lib/python3.12/site-packages/airflow/example_dags/example_dag_decorator.py
[2026-05-06T23:42:33.491+0000] {processor.py:840} INFO - DAG(s) 'example_dag_decorator' retrieved from /usr/local/python/3.12.1/lib/python3.12/site-packages/airflow/example_dags/example_dag_decorator.py
[2026-05-06T23:42:33.572+0000] {logging_mixin.py:188} INFO - [2026-05-06T23:42:33.572+0000] {dag.py:3096} INFO - Sync 1 DAGs
[2026-05-06T23:42:33.580+0000] {logging_mixin.py:188} INFO - [2026-05-06T23:42:33.580+0000] {dag.py:3954} INFO - Setting next_dagrun for example_dag_decorator to None, run_after=None
[2026-05-06T23:42:33.598+0000] {processor.py:183} INFO - Processing /usr/local/python/3.12.1/lib/python3.12/site-packages/airflow/example_dags/example_dag_decorator.py took 0.185 seconds
[2026-05-06T23:43:35.278+0000] {processor.py:161} INFO - Started process (PID=26308) to work on /usr/local/python/3.12.1/lib/python3.12/site-packages/airflow/example_dags/example_dag_decorator.py
[2026-05-06T23:43:35.279+0000] {processor.py:830} INFO - Processing file /usr/local/python/3.12.1/lib/python3.12/site-packages/airflow/example_dags/example_dag_decorator.py for tasks to queue
[2026-05-06T23:43:35.280+0000] {logging_mixin.py:188} INFO - [2026-05-06T23:43:35.280+0000] {dagbag.py:545} INFO - Filling up the DagBag from /usr/local/python/3.12.1/lib/python3.12/site-packages/airflow/example_dags/example_dag_decorator.py
[2026-05-06T23:43:35.349+0000] {processor.py:840} INFO - DAG(s) 'example_dag_decorator' retrieved from /usr/local/python/3.12.1/lib/python3.12/site-packages/airflow/example_dags/example_dag_decorator.py
[2026-05-06T23:43:35.424+0000] {logging_mixin.py:188} INFO - [2026-05-06T23:43:35.424+0000] {dag.py:3096} INFO - Sync 1 DAGs
[2026-05-06T23:43:35.431+0000] {logging_mixin.py:188} INFO - [2026-05-06T23:43:35.431+0000] {dag.py:3954} INFO - Setting next_dagrun for example_dag_decorator to None, run_after=None
[2026-05-06T23:43:35.448+0000] {processor.py:183} INFO - Processing /usr/local/python/3.12.1/lib/python3.12/site-packages/airflow/example_dags/example_dag_decorator.py took 0.175 seconds
[2026-05-06T23:44:32.918+0000] {processor.py:161} INFO - Started process (PID=26745) to work on /usr/local/python/3.12.1/lib/python3.12/site-packages/airflow/example_dags/example_dag_decorator.py
[2026-05-06T23:44:32.919+0000] {processor.py:830} INFO - Processing file /usr/local/python/3.12.1/lib/python3.12/site-packages/airflow/example_dags/example_dag_decorator.py for tasks to queue
[2026-05-06T23:44:32.921+0000] {logging_mixin.py:188} INFO - [2026-05-06T23:44:32.920+0000] {dagbag.py:545} INFO - Filling up the DagBag from /usr/local/python/3.12.1/lib/python3.12/site-packages/airflow/example_dags/example_dag_decorator.py
[2026-05-06T23:44:32.990+0000] {processor.py:840} INFO - DAG(s) 'example_dag_decorator' retrieved from /usr/local/python/3.12.1/lib/python3.12/site-packages/airflow/example_dags/example_dag_decorator.py
[2026-05-06T23:44:33.063+0000] {logging_mixin.py:188} INFO - [2026-05-06T23:44:33.063+0000] {dag.py:3096} INFO - Sync 1 DAGs
[2026-05-06T23:44:33.070+0000] {logging_mixin.py:188} INFO - [2026-05-06T23:44:33.070+0000] {dag.py:3954} INFO - Setting next_dagrun for example_dag_decorator to None, run_after=None
[2026-05-06T23:44:33.089+0000] {processor.py:183} INFO - Processing /usr/local/python/3.12.1/lib/python3.12/site-packages/airflow/example_dags/example_dag_decorator.py took 0.175 seconds
[2026-05-06T23:45:29.438+0000] {processor.py:161} INFO - Started process (PID=27188) to work on /usr/local/python/3.12.1/lib/python3.12/site-packages/airflow/example_dags/example_dag_decorator.py
[2026-05-06T23:45:29.439+0000] {processor.py:830} INFO - Processing file /usr/local/python/3.12.1/lib/python3.12/site-packages/airflow/example_dags/example_dag_decorator.py for tasks to queue
[2026-05-06T23:45:29.440+0000] {logging_mixin.py:188} INFO - [2026-05-06T23:45:29.440+0000] {dagbag.py:545} INFO - Filling up the DagBag from /usr/local/python/3.12.1/lib/python3.12/site-packages/airflow/example_dags/example_dag_decorator.py
[2026-05-06T23:45:29.509+0000] {processor.py:840} INFO - DAG(s) 'example_dag_decorator' retrieved from /usr/local/python/3.12.1/lib/python3.12/site-packages/airflow/example_dags/example_dag_decorator.py
[2026-05-06T23:45:29.619+0000] {logging_mixin.py:188} INFO - [2026-05-06T23:45:29.619+0000] {dag.py:3096} INFO - Sync 1 DAGs
[2026-05-06T23:45:29.626+0000] {logging_mixin.py:188} INFO - [2026-05-06T23:45:29.626+0000] {dag.py:3954} INFO - Setting next_dagrun for example_dag_decorator to None, run_after=None
[2026-05-06T23:45:29.642+0000] {processor.py:183} INFO - Processing /usr/local/python/3.12.1/lib/python3.12/site-packages/airflow/example_dags/example_dag_decorator.py took 0.208 seconds
[2026-05-06T23:46:30.088+0000] {processor.py:161} INFO - Started process (PID=27661) to work on /usr/local/python/3.12.1/lib/python3.12/site-packages/airflow/example_dags/example_dag_decorator.py
[2026-05-06T23:46:30.089+0000] {processor.py:830} INFO - Processing file /usr/local/python/3.12.1/lib/python3.12/site-packages/airflow/example_dags/example_dag_decorator.py for tasks to queue
[2026-05-06T23:46:30.090+0000] {logging_mixin.py:188} INFO - [2026-05-06T23:46:30.090+0000] {dagbag.py:545} INFO - Filling up the DagBag from /usr/local/python/3.12.1/lib/python3.12/site-packages/airflow/example_dags/example_dag_decorator.py
[2026-05-06T23:46:30.173+0000] {processor.py:840} INFO - DAG(s) 'example_dag_decorator' retrieved from /usr/local/python/3.12.1/lib/python3.12/site-packages/airflow/example_dags/example_dag_decorator.py
[2026-05-06T23:46:30.256+0000] {logging_mixin.py:188} INFO - [2026-05-06T23:46:30.256+0000] {dag.py:3096} INFO - Sync 1 DAGs
[2026-05-06T23:46:30.265+0000] {logging_mixin.py:188} INFO - [2026-05-06T23:46:30.265+0000] {dag.py:3954} INFO - Setting next_dagrun for example_dag_decorator to None, run_after=None
[2026-05-06T23:46:30.286+0000] {processor.py:183} INFO - Processing /usr/local/python/3.12.1/lib/python3.12/site-packages/airflow/example_dags/example_dag_decorator.py took 0.205 seconds
[2026-05-06T23:47:28.346+0000] {processor.py:161} INFO - Started process (PID=28122) to work on /usr/local/python/3.12.1/lib/python3.12/site-packages/airflow/example_dags/example_dag_decorator.py
[2026-05-06T23:47:28.347+0000] {processor.py:830} INFO - Processing file /usr/local/python/3.12.1/lib/python3.12/site-packages/airflow/example_dags/example_dag_decorator.py for tasks to queue
[2026-05-06T23:47:28.349+0000] {logging_mixin.py:188} INFO - [2026-05-06T23:47:28.348+0000] {dagbag.py:545} INFO - Filling up the DagBag from /usr/local/python/3.12.1/lib/python3.12/site-packages/airflow/example_dags/example_dag_decorator.py
[2026-05-06T23:47:28.453+0000] {processor.py:840} INFO - DAG(s) 'example_dag_decorator' retrieved from /usr/local/python/3.12.1/lib/python3.12/site-packages/airflow/example_dags/example_dag_decorator.py
[2026-05-06T23:47:28.532+0000] {logging_mixin.py:188} INFO - [2026-05-06T23:47:28.532+0000] {dag.py:3096} INFO - Sync 1 DAGs
[2026-05-06T23:47:28.540+0000] {logging_mixin.py:188} INFO - [2026-05-06T23:47:28.539+0000] {dag.py:3954} INFO - Setting next_dagrun for example_dag_decorator to None, run_after=None
[2026-05-06T23:47:28.557+0000] {processor.py:183} INFO - Processing /usr/local/python/3.12.1/lib/python3.12/site-packages/airflow/example_dags/example_dag_decorator.py took 0.216 seconds
[2026-05-06T23:48:29.149+0000] {processor.py:161} INFO - Started process (PID=28600) to work on /usr/local/python/3.12.1/lib/python3.12/site-packages/airflow/example_dags/example_dag_decorator.py
[2026-05-06T23:48:29.150+0000] {processor.py:830} INFO - Processing file /usr/local/python/3.12.1/lib/python3.12/site-packages/airflow/example_dags/example_dag_decorator.py for tasks to queue
[2026-05-06T23:48:29.152+0000] {logging_mixin.py:188} INFO - [2026-05-06T23:48:29.151+0000] {dagbag.py:545} INFO - Filling up the DagBag from /usr/local/python/3.12.1/lib/python3.12/site-packages/airflow/example_dags/example_dag_decorator.py
[2026-05-06T23:48:29.223+0000] {processor.py:840} INFO - DAG(s) 'example_dag_decorator' retrieved from /usr/local/python/3.12.1/lib/python3.12/site-packages/airflow/example_dags/example_dag_decorator.py
[2026-05-06T23:48:29.241+0000] {logging_mixin.py:188} INFO - [2026-05-06T23:48:29.240+0000] {dag.py:3096} INFO - Sync 1 DAGs
[2026-05-06T23:48:29.250+0000] {logging_mixin.py:188} INFO - [2026-05-06T23:48:29.249+0000] {dag.py:3954} INFO - Setting next_dagrun for example_dag_decorator to None, run_after=None
[2026-05-06T23:48:29.267+0000] {processor.py:183} INFO - Processing /usr/local/python/3.12.1/lib/python3.12/site-packages/airflow/example_dags/example_dag_decorator.py took 0.124 seconds
[2026-05-06T23:49:26.990+0000] {processor.py:161} INFO - Started process (PID=29042) to work on /usr/local/python/3.12.1/lib/python3.12/site-packages/airflow/example_dags/example_dag_decorator.py
[2026-05-06T23:49:26.991+0000] {processor.py:830} INFO - Processing file /usr/local/python/3.12.1/lib/python3.12/site-packages/airflow/example_dags/example_dag_decorator.py for tasks to queue
[2026-05-06T23:49:26.993+0000] {logging_mixin.py:188} INFO - [2026-05-06T23:49:26.992+0000] {dagbag.py:545} INFO - Filling up the DagBag from /usr/local/python/3.12.1/lib/python3.12/site-packages/airflow/example_dags/example_dag_decorator.py
[2026-05-06T23:49:27.060+0000] {processor.py:840} INFO - DAG(s) 'example_dag_decorator' retrieved from /usr/local/python/3.12.1/lib/python3.12/site-packages/airflow/example_dags/example_dag_decorator.py
[2026-05-06T23:49:27.075+0000] {logging_mixin.py:188} INFO - [2026-05-06T23:49:27.075+0000] {dag.py:3096} INFO - Sync 1 DAGs
[2026-05-06T23:49:27.085+0000] {logging_mixin.py:188} INFO - [2026-05-06T23:49:27.085+0000] {dag.py:3954} INFO - Setting next_dagrun for example_dag_decorator to None, run_after=None
[2026-05-06T23:49:27.102+0000] {processor.py:183} INFO - Processing /usr/local/python/3.12.1/lib/python3.12/site-packages/airflow/example_dags/example_dag_decorator.py took 0.116 seconds
[2026-05-06T23:50:22.330+0000] {processor.py:161} INFO - Started process (PID=29486) to work on /usr/local/python/3.12.1/lib/python3.12/site-packages/airflow/example_dags/example_dag_decorator.py
[2026-05-06T23:50:22.331+0000] {processor.py:830} INFO - Processing file /usr/local/python/3.12.1/lib/python3.12/site-packages/airflow/example_dags/example_dag_decorator.py for tasks to queue
[2026-05-06T23:50:22.332+0000] {logging_mixin.py:188} INFO - [2026-05-06T23:50:22.332+0000] {dagbag.py:545} INFO - Filling up the DagBag from /usr/local/python/3.12.1/lib/python3.12/site-packages/airflow/example_dags/example_dag_decorator.py
[2026-05-06T23:50:22.400+0000] {processor.py:840} INFO - DAG(s) 'example_dag_decorator' retrieved from /usr/local/python/3.12.1/lib/python3.12/site-packages/airflow/example_dags/example_dag_decorator.py
[2026-05-06T23:50:22.415+0000] {logging_mixin.py:188} INFO - [2026-05-06T23:50:22.415+0000] {dag.py:3096} INFO - Sync 1 DAGs
[2026-05-06T23:50:22.424+0000] {logging_mixin.py:188} INFO - [2026-05-06T23:50:22.424+0000] {dag.py:3954} INFO - Setting next_dagrun for example_dag_decorator to None, run_after=None
[2026-05-06T23:50:22.440+0000] {processor.py:183} INFO - Processing /usr/local/python/3.12.1/lib/python3.12/site-packages/airflow/example_dags/example_dag_decorator.py took 0.115 seconds
[2026-05-06T23:51:21.548+0000] {processor.py:161} INFO - Started process (PID=29944) to work on /usr/local/python/3.12.1/lib/python3.12/site-packages/airflow/example_dags/example_dag_decorator.py
[2026-05-06T23:51:21.549+0000] {processor.py:830} INFO - Processing file /usr/local/python/3.12.1/lib/python3.12/site-packages/airflow/example_dags/example_dag_decorator.py for tasks to queue
[2026-05-06T23:51:21.551+0000] {logging_mixin.py:188} INFO - [2026-05-06T23:51:21.551+0000] {dagbag.py:545} INFO - Filling up the DagBag from /usr/local/python/3.12.1/lib/python3.12/site-packages/airflow/example_dags/example_dag_decorator.py
[2026-05-06T23:51:21.627+0000] {processor.py:840} INFO - DAG(s) 'example_dag_decorator' retrieved from /usr/local/python/3.12.1/lib/python3.12/site-packages/airflow/example_dags/example_dag_decorator.py
[2026-05-06T23:51:21.727+0000] {logging_mixin.py:188} INFO - [2026-05-06T23:51:21.727+0000] {dag.py:3096} INFO - Sync 1 DAGs
[2026-05-06T23:51:21.740+0000] {logging_mixin.py:188} INFO - [2026-05-06T23:51:21.739+0000] {dag.py:3954} INFO - Setting next_dagrun for example_dag_decorator to None, run_after=None
[2026-05-06T23:51:21.764+0000] {processor.py:183} INFO - Processing /usr/local/python/3.12.1/lib/python3.12/site-packages/airflow/example_dags/example_dag_decorator.py took 0.222 seconds
[2026-05-06T23:52:17.181+0000] {processor.py:161} INFO - Started process (PID=30372) to work on /usr/local/python/3.12.1/lib/python3.12/site-packages/airflow/example_dags/example_dag_decorator.py
[2026-05-06T23:52:17.181+0000] {processor.py:830} INFO - Processing file /usr/local/python/3.12.1/lib/python3.12/site-packages/airflow/example_dags/example_dag_decorator.py for tasks to queue
[2026-05-06T23:52:17.183+0000] {logging_mixin.py:188} INFO - [2026-05-06T23:52:17.183+0000] {dagbag.py:545} INFO - Filling up the DagBag from /usr/local/python/3.12.1/lib/python3.12/site-packages/airflow/example_dags/example_dag_decorator.py
[2026-05-06T23:52:17.260+0000] {processor.py:840} INFO - DAG(s) 'example_dag_decorator' retrieved from /usr/local/python/3.12.1/lib/python3.12/site-packages/airflow/example_dags/example_dag_decorator.py
[2026-05-06T23:52:17.335+0000] {logging_mixin.py:188} INFO - [2026-05-06T23:52:17.334+0000] {dag.py:3096} INFO - Sync 1 DAGs
[2026-05-06T23:52:17.346+0000] {logging_mixin.py:188} INFO - [2026-05-06T23:52:17.345+0000] {dag.py:3954} INFO - Setting next_dagrun for example_dag_decorator to None, run_after=None
[2026-05-06T23:52:17.367+0000] {processor.py:183} INFO - Processing /usr/local/python/3.12.1/lib/python3.12/site-packages/airflow/example_dags/example_dag_decorator.py took 0.191 seconds
[2026-05-06T23:53:16.130+0000] {processor.py:161} INFO - Started process (PID=30832) to work on /usr/local/python/3.12.1/lib/python3.12/site-packages/airflow/example_dags/example_dag_decorator.py
[2026-05-06T23:53:16.131+0000] {processor.py:830} INFO - Processing file /usr/local/python/3.12.1/lib/python3.12/site-packages/airflow/example_dags/example_dag_decorator.py for tasks to queue
[2026-05-06T23:53:16.132+0000] {logging_mixin.py:188} INFO - [2026-05-06T23:53:16.132+0000] {dagbag.py:545} INFO - Filling up the DagBag from /usr/local/python/3.12.1/lib/python3.12/site-packages/airflow/example_dags/example_dag_decorator.py
[2026-05-06T23:53:16.208+0000] {processor.py:840} INFO - DAG(s) 'example_dag_decorator' retrieved from /usr/local/python/3.12.1/lib/python3.12/site-packages/airflow/example_dags/example_dag_decorator.py
[2026-05-06T23:53:16.289+0000] {logging_mixin.py:188} INFO - [2026-05-06T23:53:16.289+0000] {dag.py:3096} INFO - Sync 1 DAGs
[2026-05-06T23:53:16.296+0000] {logging_mixin.py:188} INFO - [2026-05-06T23:53:16.296+0000] {dag.py:3954} INFO - Setting next_dagrun for example_dag_decorator to None, run_after=None
[2026-05-06T23:53:16.314+0000] {processor.py:183} INFO - Processing /usr/local/python/3.12.1/lib/python3.12/site-packages/airflow/example_dags/example_dag_decorator.py took 0.189 seconds
[2026-05-06T23:54:14.759+0000] {processor.py:161} INFO - Started process (PID=31292) to work on /usr/local/python/3.12.1/lib/python3.12/site-packages/airflow/example_dags/example_dag_decorator.py
[2026-05-06T23:54:14.759+0000] {processor.py:830} INFO - Processing file /usr/local/python/3.12.1/lib/python3.12/site-packages/airflow/example_dags/example_dag_decorator.py for tasks to queue
[2026-05-06T23:54:14.761+0000] {logging_mixin.py:188} INFO - [2026-05-06T23:54:14.760+0000] {dagbag.py:545} INFO - Filling up the DagBag from /usr/local/python/3.12.1/lib/python3.12/site-packages/airflow/example_dags/example_dag_decorator.py
[2026-05-06T23:54:14.829+0000] {processor.py:840} INFO - DAG(s) 'example_dag_decorator' retrieved from /usr/local/python/3.12.1/lib/python3.12/site-packages/airflow/example_dags/example_dag_decorator.py
[2026-05-06T23:54:14.908+0000] {logging_mixin.py:188} INFO - [2026-05-06T23:54:14.908+0000] {dag.py:3096} INFO - Sync 1 DAGs
[2026-05-06T23:54:14.918+0000] {logging_mixin.py:188} INFO - [2026-05-06T23:54:14.918+0000] {dag.py:3954} INFO - Setting next_dagrun for example_dag_decorator to None, run_after=None
[2026-05-06T23:54:14.935+0000] {processor.py:183} INFO - Processing /usr/local/python/3.12.1/lib/python3.12/site-packages/airflow/example_dags/example_dag_decorator.py took 0.182 seconds
[2026-05-06T23:55:12.321+0000] {processor.py:161} INFO - Started process (PID=31792) to work on /usr/local/python/3.12.1/lib/python3.12/site-packages/airflow/example_dags/example_dag_decorator.py
[2026-05-06T23:55:12.322+0000] {processor.py:830} INFO - Processing file /usr/local/python/3.12.1/lib/python3.12/site-packages/airflow/example_dags/example_dag_decorator.py for tasks to queue
[2026-05-06T23:55:12.323+0000] {logging_mixin.py:188} INFO - [2026-05-06T23:55:12.323+0000] {dagbag.py:545} INFO - Filling up the DagBag from /usr/local/python/3.12.1/lib/python3.12/site-packages/airflow/example_dags/example_dag_decorator.py
[2026-05-06T23:55:12.393+0000] {processor.py:840} INFO - DAG(s) 'example_dag_decorator' retrieved from /usr/local/python/3.12.1/lib/python3.12/site-packages/airflow/example_dags/example_dag_decorator.py
[2026-05-06T23:55:12.471+0000] {logging_mixin.py:188} INFO - [2026-05-06T23:55:12.471+0000] {dag.py:3096} INFO - Sync 1 DAGs
[2026-05-06T23:55:12.481+0000] {logging_mixin.py:188} INFO - [2026-05-06T23:55:12.480+0000] {dag.py:3954} INFO - Setting next_dagrun for example_dag_decorator to None, run_after=None
[2026-05-06T23:55:12.497+0000] {processor.py:183} INFO - Processing /usr/local/python/3.12.1/lib/python3.12/site-packages/airflow/example_dags/example_dag_decorator.py took 0.181 seconds
[2026-05-06T23:56:14.041+0000] {processor.py:161} INFO - Started process (PID=32267) to work on /usr/local/python/3.12.1/lib/python3.12/site-packages/airflow/example_dags/example_dag_decorator.py
[2026-05-06T23:56:14.042+0000] {processor.py:830} INFO - Processing file /usr/local/python/3.12.1/lib/python3.12/site-packages/airflow/example_dags/example_dag_decorator.py for tasks to queue
[2026-05-06T23:56:14.043+0000] {logging_mixin.py:188} INFO - [2026-05-06T23:56:14.043+0000] {dagbag.py:545} INFO - Filling up the DagBag from /usr/local/python/3.12.1/lib/python3.12/site-packages/airflow/example_dags/example_dag_decorator.py
[2026-05-06T23:56:14.112+0000] {processor.py:840} INFO - DAG(s) 'example_dag_decorator' retrieved from /usr/local/python/3.12.1/lib/python3.12/site-packages/airflow/example_dags/example_dag_decorator.py
[2026-05-06T23:56:14.186+0000] {logging_mixin.py:188} INFO - [2026-05-06T23:56:14.186+0000] {dag.py:3096} INFO - Sync 1 DAGs
[2026-05-06T23:56:14.194+0000] {logging_mixin.py:188} INFO - [2026-05-06T23:56:14.194+0000] {dag.py:3954} INFO - Setting next_dagrun for example_dag_decorator to None, run_after=None
[2026-05-06T23:56:14.211+0000] {processor.py:183} INFO - Processing /usr/local/python/3.12.1/lib/python3.12/site-packages/airflow/example_dags/example_dag_decorator.py took 0.175 seconds
[2026-05-06T23:57:09.160+0000] {processor.py:161} INFO - Started process (PID=32635) to work on /usr/local/python/3.12.1/lib/python3.12/site-packages/airflow/example_dags/example_dag_decorator.py
[2026-05-06T23:57:09.161+0000] {processor.py:830} INFO - Processing file /usr/local/python/3.12.1/lib/python3.12/site-packages/airflow/example_dags/example_dag_decorator.py for tasks to queue
[2026-05-06T23:57:09.162+0000] {logging_mixin.py:188} INFO - [2026-05-06T23:57:09.162+0000] {dagbag.py:545} INFO - Filling up the DagBag from /usr/local/python/3.12.1/lib/python3.12/site-packages/airflow/example_dags/example_dag_decorator.py
[2026-05-06T23:57:09.228+0000] {processor.py:840} INFO - DAG(s) 'example_dag_decorator' retrieved from /usr/local/python/3.12.1/lib/python3.12/site-packages/airflow/example_dags/example_dag_decorator.py
[2026-05-06T23:57:09.300+0000] {logging_mixin.py:188} INFO - [2026-05-06T23:57:09.300+0000] {dag.py:3096} INFO - Sync 1 DAGs
[2026-05-06T23:57:09.307+0000] {logging_mixin.py:188} INFO - [2026-05-06T23:57:09.307+0000] {dag.py:3954} INFO - Setting next_dagrun for example_dag_decorator to None, run_after=None
[2026-05-06T23:57:09.328+0000] {processor.py:183} INFO - Processing /usr/local/python/3.12.1/lib/python3.12/site-packages/airflow/example_dags/example_dag_decorator.py took 0.173 seconds
[2026-05-06T23:58:04.161+0000] {processor.py:161} INFO - Started process (PID=32897) to work on /usr/local/python/3.12.1/lib/python3.12/site-packages/airflow/example_dags/example_dag_decorator.py
[2026-05-06T23:58:04.162+0000] {processor.py:830} INFO - Processing file /usr/local/python/3.12.1/lib/python3.12/site-packages/airflow/example_dags/example_dag_decorator.py for tasks to queue
[2026-05-06T23:58:04.163+0000] {logging_mixin.py:188} INFO - [2026-05-06T23:58:04.163+0000] {dagbag.py:545} INFO - Filling up the DagBag from /usr/local/python/3.12.1/lib/python3.12/site-packages/airflow/example_dags/example_dag_decorator.py
[2026-05-06T23:58:04.232+0000] {processor.py:840} INFO - DAG(s) 'example_dag_decorator' retrieved from /usr/local/python/3.12.1/lib/python3.12/site-packages/airflow/example_dags/example_dag_decorator.py
[2026-05-06T23:58:04.313+0000] {logging_mixin.py:188} INFO - [2026-05-06T23:58:04.313+0000] {dag.py:3096} INFO - Sync 1 DAGs
[2026-05-06T23:58:04.320+0000] {logging_mixin.py:188} INFO - [2026-05-06T23:58:04.320+0000] {dag.py:3954} INFO - Setting next_dagrun for example_dag_decorator to None, run_after=None
[2026-05-06T23:58:04.341+0000] {processor.py:183} INFO - Processing /usr/local/python/3.12.1/lib/python3.12/site-packages/airflow/example_dags/example_dag_decorator.py took 0.185 seconds
[2026-05-06T23:59:05.049+0000] {processor.py:161} INFO - Started process (PID=33194) to work on /usr/local/python/3.12.1/lib/python3.12/site-packages/airflow/example_dags/example_dag_decorator.py
[2026-05-06T23:59:05.050+0000] {processor.py:830} INFO - Processing file /usr/local/python/3.12.1/lib/python3.12/site-packages/airflow/example_dags/example_dag_decorator.py for tasks to queue
[2026-05-06T23:59:05.052+0000] {logging_mixin.py:188} INFO - [2026-05-06T23:59:05.051+0000] {dagbag.py:545} INFO - Filling up the DagBag from /usr/local/python/3.12.1/lib/python3.12/site-packages/airflow/example_dags/example_dag_decorator.py
[2026-05-06T23:59:05.121+0000] {processor.py:840} INFO - DAG(s) 'example_dag_decorator' retrieved from /usr/local/python/3.12.1/lib/python3.12/site-packages/airflow/example_dags/example_dag_decorator.py
[2026-05-06T23:59:05.196+0000] {logging_mixin.py:188} INFO - [2026-05-06T23:59:05.195+0000] {dag.py:3096} INFO - Sync 1 DAGs
[2026-05-06T23:59:05.203+0000] {logging_mixin.py:188} INFO - [2026-05-06T23:59:05.203+0000] {dag.py:3954} INFO - Setting next_dagrun for example_dag_decorator to None, run_after=None
[2026-05-06T23:59:05.221+0000] {processor.py:183} INFO - Processing /usr/local/python/3.12.1/lib/python3.12/site-packages/airflow/example_dags/example_dag_decorator.py took 0.176 seconds
