[2026-05-06T23:19:03.827+0000] {processor.py:161} INFO - Started process (PID=13337) to work on /usr/local/python/3.12.1/lib/python3.12/site-packages/airflow/example_dags/example_task_group.py
[2026-05-06T23:19:03.828+0000] {processor.py:830} INFO - Processing file /usr/local/python/3.12.1/lib/python3.12/site-packages/airflow/example_dags/example_task_group.py for tasks to queue
[2026-05-06T23:19:03.829+0000] {logging_mixin.py:188} INFO - [2026-05-06T23:19:03.829+0000] {dagbag.py:545} INFO - Filling up the DagBag from /usr/local/python/3.12.1/lib/python3.12/site-packages/airflow/example_dags/example_task_group.py
[2026-05-06T23:19:03.835+0000] {processor.py:840} INFO - DAG(s) 'example_task_group' retrieved from /usr/local/python/3.12.1/lib/python3.12/site-packages/airflow/example_dags/example_task_group.py
[2026-05-06T23:19:03.918+0000] {logging_mixin.py:188} INFO - [2026-05-06T23:19:03.918+0000] {override.py:1829} INFO - Created Permission View: can delete on DAG:example_task_group
[2026-05-06T23:19:03.926+0000] {logging_mixin.py:188} INFO - [2026-05-06T23:19:03.926+0000] {override.py:1829} INFO - Created Permission View: can edit on DAG:example_task_group
[2026-05-06T23:19:03.932+0000] {logging_mixin.py:188} INFO - [2026-05-06T23:19:03.931+0000] {override.py:1829} INFO - Created Permission View: can read on DAG:example_task_group
[2026-05-06T23:19:03.932+0000] {logging_mixin.py:188} INFO - [2026-05-06T23:19:03.932+0000] {dag.py:3096} INFO - Sync 1 DAGs
[2026-05-06T23:19:03.939+0000] {logging_mixin.py:188} INFO - [2026-05-06T23:19:03.939+0000] {dag.py:3118} INFO - Creating ORM DAG for example_task_group
[2026-05-06T23:19:03.946+0000] {logging_mixin.py:188} INFO - [2026-05-06T23:19:03.946+0000] {dag.py:3954} INFO - Setting next_dagrun for example_task_group to 2026-05-05 00:00:00+00:00, run_after=2026-05-06 00:00:00+00:00
[2026-05-06T23:19:03.960+0000] {processor.py:183} INFO - Processing /usr/local/python/3.12.1/lib/python3.12/site-packages/airflow/example_dags/example_task_group.py took 0.137 seconds
[2026-05-06T23:19:54.981+0000] {processor.py:161} INFO - Started process (PID=13777) to work on /usr/local/python/3.12.1/lib/python3.12/site-packages/airflow/example_dags/example_task_group.py
[2026-05-06T23:19:54.982+0000] {processor.py:830} INFO - Processing file /usr/local/python/3.12.1/lib/python3.12/site-packages/airflow/example_dags/example_task_group.py for tasks to queue
[2026-05-06T23:19:54.984+0000] {logging_mixin.py:188} INFO - [2026-05-06T23:19:54.984+0000] {dagbag.py:545} INFO - Filling up the DagBag from /usr/local/python/3.12.1/lib/python3.12/site-packages/airflow/example_dags/example_task_group.py
[2026-05-06T23:19:54.992+0000] {processor.py:840} INFO - DAG(s) 'example_task_group' retrieved from /usr/local/python/3.12.1/lib/python3.12/site-packages/airflow/example_dags/example_task_group.py
[2026-05-06T23:19:55.013+0000] {logging_mixin.py:188} INFO - [2026-05-06T23:19:55.012+0000] {dag.py:3096} INFO - Sync 1 DAGs
[2026-05-06T23:19:55.032+0000] {logging_mixin.py:188} INFO - [2026-05-06T23:19:55.032+0000] {dag.py:3954} INFO - Setting next_dagrun for example_task_group to 2026-05-05 00:00:00+00:00, run_after=2026-05-06 00:00:00+00:00
[2026-05-06T23:19:55.047+0000] {processor.py:183} INFO - Processing /usr/local/python/3.12.1/lib/python3.12/site-packages/airflow/example_dags/example_task_group.py took 0.073 seconds
[2026-05-06T23:20:43.114+0000] {processor.py:161} INFO - Started process (PID=14199) to work on /usr/local/python/3.12.1/lib/python3.12/site-packages/airflow/example_dags/example_task_group.py
[2026-05-06T23:20:43.115+0000] {processor.py:830} INFO - Processing file /usr/local/python/3.12.1/lib/python3.12/site-packages/airflow/example_dags/example_task_group.py for tasks to queue
[2026-05-06T23:20:43.116+0000] {logging_mixin.py:188} INFO - [2026-05-06T23:20:43.116+0000] {dagbag.py:545} INFO - Filling up the DagBag from /usr/local/python/3.12.1/lib/python3.12/site-packages/airflow/example_dags/example_task_group.py
[2026-05-06T23:20:43.122+0000] {processor.py:840} INFO - DAG(s) 'example_task_group' retrieved from /usr/local/python/3.12.1/lib/python3.12/site-packages/airflow/example_dags/example_task_group.py
[2026-05-06T23:20:43.136+0000] {logging_mixin.py:188} INFO - [2026-05-06T23:20:43.136+0000] {dag.py:3096} INFO - Sync 1 DAGs
[2026-05-06T23:20:43.151+0000] {logging_mixin.py:188} INFO - [2026-05-06T23:20:43.151+0000] {dag.py:3954} INFO - Setting next_dagrun for example_task_group to 2026-05-05 00:00:00+00:00, run_after=2026-05-06 00:00:00+00:00
[2026-05-06T23:20:43.167+0000] {processor.py:183} INFO - Processing /usr/local/python/3.12.1/lib/python3.12/site-packages/airflow/example_dags/example_task_group.py took 0.057 seconds
[2026-05-06T23:21:43.038+0000] {processor.py:161} INFO - Started process (PID=14761) to work on /usr/local/python/3.12.1/lib/python3.12/site-packages/airflow/example_dags/example_task_group.py
[2026-05-06T23:21:43.039+0000] {processor.py:830} INFO - Processing file /usr/local/python/3.12.1/lib/python3.12/site-packages/airflow/example_dags/example_task_group.py for tasks to queue
[2026-05-06T23:21:43.040+0000] {logging_mixin.py:188} INFO - [2026-05-06T23:21:43.040+0000] {dagbag.py:545} INFO - Filling up the DagBag from /usr/local/python/3.12.1/lib/python3.12/site-packages/airflow/example_dags/example_task_group.py
[2026-05-06T23:21:43.046+0000] {processor.py:840} INFO - DAG(s) 'example_task_group' retrieved from /usr/local/python/3.12.1/lib/python3.12/site-packages/airflow/example_dags/example_task_group.py
[2026-05-06T23:21:43.059+0000] {logging_mixin.py:188} INFO - [2026-05-06T23:21:43.059+0000] {dag.py:3096} INFO - Sync 1 DAGs
[2026-05-06T23:21:43.074+0000] {logging_mixin.py:188} INFO - [2026-05-06T23:21:43.073+0000] {dag.py:3954} INFO - Setting next_dagrun for example_task_group to 2026-05-05 00:00:00+00:00, run_after=2026-05-06 00:00:00+00:00
[2026-05-06T23:21:43.092+0000] {processor.py:183} INFO - Processing /usr/local/python/3.12.1/lib/python3.12/site-packages/airflow/example_dags/example_task_group.py took 0.059 seconds
[2026-05-06T23:22:24.536+0000] {processor.py:161} INFO - Started process (PID=15089) to work on /usr/local/python/3.12.1/lib/python3.12/site-packages/airflow/example_dags/example_task_group.py
[2026-05-06T23:22:24.537+0000] {processor.py:830} INFO - Processing file /usr/local/python/3.12.1/lib/python3.12/site-packages/airflow/example_dags/example_task_group.py for tasks to queue
[2026-05-06T23:22:24.538+0000] {logging_mixin.py:188} INFO - [2026-05-06T23:22:24.538+0000] {dagbag.py:545} INFO - Filling up the DagBag from /usr/local/python/3.12.1/lib/python3.12/site-packages/airflow/example_dags/example_task_group.py
[2026-05-06T23:22:24.544+0000] {processor.py:840} INFO - DAG(s) 'example_task_group' retrieved from /usr/local/python/3.12.1/lib/python3.12/site-packages/airflow/example_dags/example_task_group.py
[2026-05-06T23:22:24.557+0000] {logging_mixin.py:188} INFO - [2026-05-06T23:22:24.557+0000] {dag.py:3096} INFO - Sync 1 DAGs
[2026-05-06T23:22:24.571+0000] {logging_mixin.py:188} INFO - [2026-05-06T23:22:24.571+0000] {dag.py:3954} INFO - Setting next_dagrun for example_task_group to 2026-05-05 00:00:00+00:00, run_after=2026-05-06 00:00:00+00:00
[2026-05-06T23:22:24.587+0000] {processor.py:183} INFO - Processing /usr/local/python/3.12.1/lib/python3.12/site-packages/airflow/example_dags/example_task_group.py took 0.056 seconds
[2026-05-06T23:23:04.107+0000] {processor.py:161} INFO - Started process (PID=15488) to work on /usr/local/python/3.12.1/lib/python3.12/site-packages/airflow/example_dags/example_task_group.py
[2026-05-06T23:23:04.108+0000] {processor.py:830} INFO - Processing file /usr/local/python/3.12.1/lib/python3.12/site-packages/airflow/example_dags/example_task_group.py for tasks to queue
[2026-05-06T23:23:04.109+0000] {logging_mixin.py:188} INFO - [2026-05-06T23:23:04.109+0000] {dagbag.py:545} INFO - Filling up the DagBag from /usr/local/python/3.12.1/lib/python3.12/site-packages/airflow/example_dags/example_task_group.py
[2026-05-06T23:23:04.115+0000] {processor.py:840} INFO - DAG(s) 'example_task_group' retrieved from /usr/local/python/3.12.1/lib/python3.12/site-packages/airflow/example_dags/example_task_group.py
[2026-05-06T23:23:04.129+0000] {logging_mixin.py:188} INFO - [2026-05-06T23:23:04.129+0000] {dag.py:3096} INFO - Sync 1 DAGs
[2026-05-06T23:23:04.143+0000] {logging_mixin.py:188} INFO - [2026-05-06T23:23:04.143+0000] {dag.py:3954} INFO - Setting next_dagrun for example_task_group to 2026-05-05 00:00:00+00:00, run_after=2026-05-06 00:00:00+00:00
[2026-05-06T23:23:04.161+0000] {processor.py:183} INFO - Processing /usr/local/python/3.12.1/lib/python3.12/site-packages/airflow/example_dags/example_task_group.py took 0.058 seconds
[2026-05-06T23:23:59.281+0000] {processor.py:161} INFO - Started process (PID=16089) to work on /usr/local/python/3.12.1/lib/python3.12/site-packages/airflow/example_dags/example_task_group.py
[2026-05-06T23:23:59.282+0000] {processor.py:830} INFO - Processing file /usr/local/python/3.12.1/lib/python3.12/site-packages/airflow/example_dags/example_task_group.py for tasks to queue
[2026-05-06T23:23:59.283+0000] {logging_mixin.py:188} INFO - [2026-05-06T23:23:59.283+0000] {dagbag.py:545} INFO - Filling up the DagBag from /usr/local/python/3.12.1/lib/python3.12/site-packages/airflow/example_dags/example_task_group.py
[2026-05-06T23:23:59.291+0000] {processor.py:840} INFO - DAG(s) 'example_task_group' retrieved from /usr/local/python/3.12.1/lib/python3.12/site-packages/airflow/example_dags/example_task_group.py
[2026-05-06T23:23:59.306+0000] {logging_mixin.py:188} INFO - [2026-05-06T23:23:59.306+0000] {dag.py:3096} INFO - Sync 1 DAGs
[2026-05-06T23:23:59.322+0000] {logging_mixin.py:188} INFO - [2026-05-06T23:23:59.321+0000] {dag.py:3954} INFO - Setting next_dagrun for example_task_group to 2026-05-05 00:00:00+00:00, run_after=2026-05-06 00:00:00+00:00
[2026-05-06T23:23:59.340+0000] {processor.py:183} INFO - Processing /usr/local/python/3.12.1/lib/python3.12/site-packages/airflow/example_dags/example_task_group.py took 0.064 seconds
[2026-05-06T23:24:55.920+0000] {processor.py:161} INFO - Started process (PID=16902) to work on /usr/local/python/3.12.1/lib/python3.12/site-packages/airflow/example_dags/example_task_group.py
[2026-05-06T23:24:55.921+0000] {processor.py:830} INFO - Processing file /usr/local/python/3.12.1/lib/python3.12/site-packages/airflow/example_dags/example_task_group.py for tasks to queue
[2026-05-06T23:24:55.923+0000] {logging_mixin.py:188} INFO - [2026-05-06T23:24:55.922+0000] {dagbag.py:545} INFO - Filling up the DagBag from /usr/local/python/3.12.1/lib/python3.12/site-packages/airflow/example_dags/example_task_group.py
[2026-05-06T23:24:55.928+0000] {processor.py:840} INFO - DAG(s) 'example_task_group' retrieved from /usr/local/python/3.12.1/lib/python3.12/site-packages/airflow/example_dags/example_task_group.py
[2026-05-06T23:24:55.941+0000] {logging_mixin.py:188} INFO - [2026-05-06T23:24:55.941+0000] {dag.py:3096} INFO - Sync 1 DAGs
[2026-05-06T23:24:55.955+0000] {logging_mixin.py:188} INFO - [2026-05-06T23:24:55.955+0000] {dag.py:3954} INFO - Setting next_dagrun for example_task_group to 2026-05-05 00:00:00+00:00, run_after=2026-05-06 00:00:00+00:00
[2026-05-06T23:24:55.971+0000] {processor.py:183} INFO - Processing /usr/local/python/3.12.1/lib/python3.12/site-packages/airflow/example_dags/example_task_group.py took 0.056 seconds
[2026-05-06T23:25:56.452+0000] {processor.py:161} INFO - Started process (PID=17461) to work on /usr/local/python/3.12.1/lib/python3.12/site-packages/airflow/example_dags/example_task_group.py
[2026-05-06T23:25:56.453+0000] {processor.py:830} INFO - Processing file /usr/local/python/3.12.1/lib/python3.12/site-packages/airflow/example_dags/example_task_group.py for tasks to queue
[2026-05-06T23:25:56.454+0000] {logging_mixin.py:188} INFO - [2026-05-06T23:25:56.454+0000] {dagbag.py:545} INFO - Filling up the DagBag from /usr/local/python/3.12.1/lib/python3.12/site-packages/airflow/example_dags/example_task_group.py
[2026-05-06T23:25:56.460+0000] {processor.py:840} INFO - DAG(s) 'example_task_group' retrieved from /usr/local/python/3.12.1/lib/python3.12/site-packages/airflow/example_dags/example_task_group.py
[2026-05-06T23:25:56.473+0000] {logging_mixin.py:188} INFO - [2026-05-06T23:25:56.473+0000] {dag.py:3096} INFO - Sync 1 DAGs
[2026-05-06T23:25:56.488+0000] {logging_mixin.py:188} INFO - [2026-05-06T23:25:56.488+0000] {dag.py:3954} INFO - Setting next_dagrun for example_task_group to 2026-05-05 00:00:00+00:00, run_after=2026-05-06 00:00:00+00:00
[2026-05-06T23:25:56.504+0000] {processor.py:183} INFO - Processing /usr/local/python/3.12.1/lib/python3.12/site-packages/airflow/example_dags/example_task_group.py took 0.056 seconds
[2026-05-06T23:26:36.276+0000] {processor.py:161} INFO - Started process (PID=17776) to work on /usr/local/python/3.12.1/lib/python3.12/site-packages/airflow/example_dags/example_task_group.py
[2026-05-06T23:26:36.276+0000] {processor.py:830} INFO - Processing file /usr/local/python/3.12.1/lib/python3.12/site-packages/airflow/example_dags/example_task_group.py for tasks to queue
[2026-05-06T23:26:36.278+0000] {logging_mixin.py:188} INFO - [2026-05-06T23:26:36.278+0000] {dagbag.py:545} INFO - Filling up the DagBag from /usr/local/python/3.12.1/lib/python3.12/site-packages/airflow/example_dags/example_task_group.py
[2026-05-06T23:26:36.284+0000] {processor.py:840} INFO - DAG(s) 'example_task_group' retrieved from /usr/local/python/3.12.1/lib/python3.12/site-packages/airflow/example_dags/example_task_group.py
[2026-05-06T23:26:36.302+0000] {logging_mixin.py:188} INFO - [2026-05-06T23:26:36.301+0000] {dag.py:3096} INFO - Sync 1 DAGs
[2026-05-06T23:26:36.316+0000] {logging_mixin.py:188} INFO - [2026-05-06T23:26:36.316+0000] {dag.py:3954} INFO - Setting next_dagrun for example_task_group to 2026-05-05 00:00:00+00:00, run_after=2026-05-06 00:00:00+00:00
[2026-05-06T23:26:36.332+0000] {processor.py:183} INFO - Processing /usr/local/python/3.12.1/lib/python3.12/site-packages/airflow/example_dags/example_task_group.py took 0.061 seconds
[2026-05-06T23:27:34.010+0000] {processor.py:161} INFO - Started process (PID=18408) to work on /usr/local/python/3.12.1/lib/python3.12/site-packages/airflow/example_dags/example_task_group.py
[2026-05-06T23:27:34.011+0000] {processor.py:830} INFO - Processing file /usr/local/python/3.12.1/lib/python3.12/site-packages/airflow/example_dags/example_task_group.py for tasks to queue
[2026-05-06T23:27:34.012+0000] {logging_mixin.py:188} INFO - [2026-05-06T23:27:34.012+0000] {dagbag.py:545} INFO - Filling up the DagBag from /usr/local/python/3.12.1/lib/python3.12/site-packages/airflow/example_dags/example_task_group.py
[2026-05-06T23:27:34.018+0000] {processor.py:840} INFO - DAG(s) 'example_task_group' retrieved from /usr/local/python/3.12.1/lib/python3.12/site-packages/airflow/example_dags/example_task_group.py
[2026-05-06T23:27:34.032+0000] {logging_mixin.py:188} INFO - [2026-05-06T23:27:34.032+0000] {dag.py:3096} INFO - Sync 1 DAGs
[2026-05-06T23:27:34.047+0000] {logging_mixin.py:188} INFO - [2026-05-06T23:27:34.047+0000] {dag.py:3954} INFO - Setting next_dagrun for example_task_group to 2026-05-05 00:00:00+00:00, run_after=2026-05-06 00:00:00+00:00
[2026-05-06T23:27:34.063+0000] {processor.py:183} INFO - Processing /usr/local/python/3.12.1/lib/python3.12/site-packages/airflow/example_dags/example_task_group.py took 0.058 seconds
[2026-05-06T23:28:36.134+0000] {processor.py:161} INFO - Started process (PID=18923) to work on /usr/local/python/3.12.1/lib/python3.12/site-packages/airflow/example_dags/example_task_group.py
[2026-05-06T23:28:36.135+0000] {processor.py:830} INFO - Processing file /usr/local/python/3.12.1/lib/python3.12/site-packages/airflow/example_dags/example_task_group.py for tasks to queue
[2026-05-06T23:28:36.138+0000] {logging_mixin.py:188} INFO - [2026-05-06T23:28:36.137+0000] {dagbag.py:545} INFO - Filling up the DagBag from /usr/local/python/3.12.1/lib/python3.12/site-packages/airflow/example_dags/example_task_group.py
[2026-05-06T23:28:36.155+0000] {processor.py:840} INFO - DAG(s) 'example_task_group' retrieved from /usr/local/python/3.12.1/lib/python3.12/site-packages/airflow/example_dags/example_task_group.py
[2026-05-06T23:28:36.171+0000] {logging_mixin.py:188} INFO - [2026-05-06T23:28:36.171+0000] {dag.py:3096} INFO - Sync 1 DAGs
[2026-05-06T23:28:36.279+0000] {logging_mixin.py:188} INFO - [2026-05-06T23:28:36.279+0000] {dag.py:3954} INFO - Setting next_dagrun for example_task_group to 2026-05-05 00:00:00+00:00, run_after=2026-05-06 00:00:00+00:00
[2026-05-06T23:28:36.294+0000] {processor.py:183} INFO - Processing /usr/local/python/3.12.1/lib/python3.12/site-packages/airflow/example_dags/example_task_group.py took 0.167 seconds
[2026-05-06T23:31:47.046+0000] {processor.py:161} INFO - Started process (PID=20766) to work on /usr/local/python/3.12.1/lib/python3.12/site-packages/airflow/example_dags/example_task_group.py
[2026-05-06T23:31:47.047+0000] {processor.py:830} INFO - Processing file /usr/local/python/3.12.1/lib/python3.12/site-packages/airflow/example_dags/example_task_group.py for tasks to queue
[2026-05-06T23:31:47.048+0000] {logging_mixin.py:188} INFO - [2026-05-06T23:31:47.048+0000] {dagbag.py:545} INFO - Filling up the DagBag from /usr/local/python/3.12.1/lib/python3.12/site-packages/airflow/example_dags/example_task_group.py
[2026-05-06T23:31:47.054+0000] {processor.py:840} INFO - DAG(s) 'example_task_group' retrieved from /usr/local/python/3.12.1/lib/python3.12/site-packages/airflow/example_dags/example_task_group.py
[2026-05-06T23:31:47.070+0000] {logging_mixin.py:188} INFO - [2026-05-06T23:31:47.069+0000] {dag.py:3096} INFO - Sync 1 DAGs
[2026-05-06T23:31:47.084+0000] {logging_mixin.py:188} INFO - [2026-05-06T23:31:47.084+0000] {dag.py:3954} INFO - Setting next_dagrun for example_task_group to 2026-05-05 00:00:00+00:00, run_after=2026-05-06 00:00:00+00:00
[2026-05-06T23:31:47.101+0000] {processor.py:183} INFO - Processing /usr/local/python/3.12.1/lib/python3.12/site-packages/airflow/example_dags/example_task_group.py took 0.059 seconds
[2026-05-06T23:32:35.129+0000] {processor.py:161} INFO - Started process (PID=21145) to work on /usr/local/python/3.12.1/lib/python3.12/site-packages/airflow/example_dags/example_task_group.py
[2026-05-06T23:32:35.130+0000] {processor.py:830} INFO - Processing file /usr/local/python/3.12.1/lib/python3.12/site-packages/airflow/example_dags/example_task_group.py for tasks to queue
[2026-05-06T23:32:35.131+0000] {logging_mixin.py:188} INFO - [2026-05-06T23:32:35.131+0000] {dagbag.py:545} INFO - Filling up the DagBag from /usr/local/python/3.12.1/lib/python3.12/site-packages/airflow/example_dags/example_task_group.py
[2026-05-06T23:32:35.137+0000] {processor.py:840} INFO - DAG(s) 'example_task_group' retrieved from /usr/local/python/3.12.1/lib/python3.12/site-packages/airflow/example_dags/example_task_group.py
[2026-05-06T23:32:35.151+0000] {logging_mixin.py:188} INFO - [2026-05-06T23:32:35.151+0000] {dag.py:3096} INFO - Sync 1 DAGs
[2026-05-06T23:32:35.166+0000] {logging_mixin.py:188} INFO - [2026-05-06T23:32:35.166+0000] {dag.py:3954} INFO - Setting next_dagrun for example_task_group to 2026-05-05 00:00:00+00:00, run_after=2026-05-06 00:00:00+00:00
[2026-05-06T23:32:35.183+0000] {processor.py:183} INFO - Processing /usr/local/python/3.12.1/lib/python3.12/site-packages/airflow/example_dags/example_task_group.py took 0.058 seconds
[2026-05-06T23:33:23.868+0000] {processor.py:161} INFO - Started process (PID=21512) to work on /usr/local/python/3.12.1/lib/python3.12/site-packages/airflow/example_dags/example_task_group.py
[2026-05-06T23:33:23.869+0000] {processor.py:830} INFO - Processing file /usr/local/python/3.12.1/lib/python3.12/site-packages/airflow/example_dags/example_task_group.py for tasks to queue
[2026-05-06T23:33:23.870+0000] {logging_mixin.py:188} INFO - [2026-05-06T23:33:23.870+0000] {dagbag.py:545} INFO - Filling up the DagBag from /usr/local/python/3.12.1/lib/python3.12/site-packages/airflow/example_dags/example_task_group.py
[2026-05-06T23:33:23.876+0000] {processor.py:840} INFO - DAG(s) 'example_task_group' retrieved from /usr/local/python/3.12.1/lib/python3.12/site-packages/airflow/example_dags/example_task_group.py
[2026-05-06T23:33:23.890+0000] {logging_mixin.py:188} INFO - [2026-05-06T23:33:23.890+0000] {dag.py:3096} INFO - Sync 1 DAGs
[2026-05-06T23:33:23.912+0000] {logging_mixin.py:188} INFO - [2026-05-06T23:33:23.912+0000] {dag.py:3954} INFO - Setting next_dagrun for example_task_group to 2026-05-05 00:00:00+00:00, run_after=2026-05-06 00:00:00+00:00
[2026-05-06T23:33:23.928+0000] {processor.py:183} INFO - Processing /usr/local/python/3.12.1/lib/python3.12/site-packages/airflow/example_dags/example_task_group.py took 0.065 seconds
[2026-05-06T23:34:21.935+0000] {processor.py:161} INFO - Started process (PID=21978) to work on /usr/local/python/3.12.1/lib/python3.12/site-packages/airflow/example_dags/example_task_group.py
[2026-05-06T23:34:21.936+0000] {processor.py:830} INFO - Processing file /usr/local/python/3.12.1/lib/python3.12/site-packages/airflow/example_dags/example_task_group.py for tasks to queue
[2026-05-06T23:34:21.937+0000] {logging_mixin.py:188} INFO - [2026-05-06T23:34:21.937+0000] {dagbag.py:545} INFO - Filling up the DagBag from /usr/local/python/3.12.1/lib/python3.12/site-packages/airflow/example_dags/example_task_group.py
[2026-05-06T23:34:21.943+0000] {processor.py:840} INFO - DAG(s) 'example_task_group' retrieved from /usr/local/python/3.12.1/lib/python3.12/site-packages/airflow/example_dags/example_task_group.py
[2026-05-06T23:34:21.956+0000] {logging_mixin.py:188} INFO - [2026-05-06T23:34:21.956+0000] {dag.py:3096} INFO - Sync 1 DAGs
[2026-05-06T23:34:21.971+0000] {logging_mixin.py:188} INFO - [2026-05-06T23:34:21.971+0000] {dag.py:3954} INFO - Setting next_dagrun for example_task_group to 2026-05-05 00:00:00+00:00, run_after=2026-05-06 00:00:00+00:00
[2026-05-06T23:34:21.989+0000] {processor.py:183} INFO - Processing /usr/local/python/3.12.1/lib/python3.12/site-packages/airflow/example_dags/example_task_group.py took 0.059 seconds
[2026-05-06T23:35:19.533+0000] {processor.py:161} INFO - Started process (PID=22443) to work on /usr/local/python/3.12.1/lib/python3.12/site-packages/airflow/example_dags/example_task_group.py
[2026-05-06T23:35:19.534+0000] {processor.py:830} INFO - Processing file /usr/local/python/3.12.1/lib/python3.12/site-packages/airflow/example_dags/example_task_group.py for tasks to queue
[2026-05-06T23:35:19.535+0000] {logging_mixin.py:188} INFO - [2026-05-06T23:35:19.535+0000] {dagbag.py:545} INFO - Filling up the DagBag from /usr/local/python/3.12.1/lib/python3.12/site-packages/airflow/example_dags/example_task_group.py
[2026-05-06T23:35:19.541+0000] {processor.py:840} INFO - DAG(s) 'example_task_group' retrieved from /usr/local/python/3.12.1/lib/python3.12/site-packages/airflow/example_dags/example_task_group.py
[2026-05-06T23:35:19.555+0000] {logging_mixin.py:188} INFO - [2026-05-06T23:35:19.554+0000] {dag.py:3096} INFO - Sync 1 DAGs
[2026-05-06T23:35:19.569+0000] {logging_mixin.py:188} INFO - [2026-05-06T23:35:19.569+0000] {dag.py:3954} INFO - Setting next_dagrun for example_task_group to 2026-05-05 00:00:00+00:00, run_after=2026-05-06 00:00:00+00:00
[2026-05-06T23:35:19.585+0000] {processor.py:183} INFO - Processing /usr/local/python/3.12.1/lib/python3.12/site-packages/airflow/example_dags/example_task_group.py took 0.057 seconds
[2026-05-06T23:36:15.861+0000] {processor.py:161} INFO - Started process (PID=22870) to work on /usr/local/python/3.12.1/lib/python3.12/site-packages/airflow/example_dags/example_task_group.py
[2026-05-06T23:36:15.862+0000] {processor.py:830} INFO - Processing file /usr/local/python/3.12.1/lib/python3.12/site-packages/airflow/example_dags/example_task_group.py for tasks to queue
[2026-05-06T23:36:15.864+0000] {logging_mixin.py:188} INFO - [2026-05-06T23:36:15.863+0000] {dagbag.py:545} INFO - Filling up the DagBag from /usr/local/python/3.12.1/lib/python3.12/site-packages/airflow/example_dags/example_task_group.py
[2026-05-06T23:36:15.869+0000] {processor.py:840} INFO - DAG(s) 'example_task_group' retrieved from /usr/local/python/3.12.1/lib/python3.12/site-packages/airflow/example_dags/example_task_group.py
[2026-05-06T23:36:15.883+0000] {logging_mixin.py:188} INFO - [2026-05-06T23:36:15.883+0000] {dag.py:3096} INFO - Sync 1 DAGs
[2026-05-06T23:36:15.898+0000] {logging_mixin.py:188} INFO - [2026-05-06T23:36:15.898+0000] {dag.py:3954} INFO - Setting next_dagrun for example_task_group to 2026-05-05 00:00:00+00:00, run_after=2026-05-06 00:00:00+00:00
[2026-05-06T23:36:15.914+0000] {processor.py:183} INFO - Processing /usr/local/python/3.12.1/lib/python3.12/site-packages/airflow/example_dags/example_task_group.py took 0.058 seconds
[2026-05-06T23:37:11.276+0000] {processor.py:161} INFO - Started process (PID=23315) to work on /usr/local/python/3.12.1/lib/python3.12/site-packages/airflow/example_dags/example_task_group.py
[2026-05-06T23:37:11.279+0000] {processor.py:830} INFO - Processing file /usr/local/python/3.12.1/lib/python3.12/site-packages/airflow/example_dags/example_task_group.py for tasks to queue
[2026-05-06T23:37:11.287+0000] {logging_mixin.py:188} INFO - [2026-05-06T23:37:11.286+0000] {dagbag.py:545} INFO - Filling up the DagBag from /usr/local/python/3.12.1/lib/python3.12/site-packages/airflow/example_dags/example_task_group.py
[2026-05-06T23:37:11.294+0000] {processor.py:840} INFO - DAG(s) 'example_task_group' retrieved from /usr/local/python/3.12.1/lib/python3.12/site-packages/airflow/example_dags/example_task_group.py
[2026-05-06T23:37:11.308+0000] {logging_mixin.py:188} INFO - [2026-05-06T23:37:11.308+0000] {dag.py:3096} INFO - Sync 1 DAGs
[2026-05-06T23:37:11.324+0000] {logging_mixin.py:188} INFO - [2026-05-06T23:37:11.324+0000] {dag.py:3954} INFO - Setting next_dagrun for example_task_group to 2026-05-05 00:00:00+00:00, run_after=2026-05-06 00:00:00+00:00
[2026-05-06T23:37:11.343+0000] {processor.py:183} INFO - Processing /usr/local/python/3.12.1/lib/python3.12/site-packages/airflow/example_dags/example_task_group.py took 0.075 seconds
[2026-05-06T23:38:09.051+0000] {processor.py:161} INFO - Started process (PID=23751) to work on /usr/local/python/3.12.1/lib/python3.12/site-packages/airflow/example_dags/example_task_group.py
[2026-05-06T23:38:09.052+0000] {processor.py:830} INFO - Processing file /usr/local/python/3.12.1/lib/python3.12/site-packages/airflow/example_dags/example_task_group.py for tasks to queue
[2026-05-06T23:38:09.054+0000] {logging_mixin.py:188} INFO - [2026-05-06T23:38:09.053+0000] {dagbag.py:545} INFO - Filling up the DagBag from /usr/local/python/3.12.1/lib/python3.12/site-packages/airflow/example_dags/example_task_group.py
[2026-05-06T23:38:09.060+0000] {processor.py:840} INFO - DAG(s) 'example_task_group' retrieved from /usr/local/python/3.12.1/lib/python3.12/site-packages/airflow/example_dags/example_task_group.py
[2026-05-06T23:38:09.074+0000] {logging_mixin.py:188} INFO - [2026-05-06T23:38:09.074+0000] {dag.py:3096} INFO - Sync 1 DAGs
[2026-05-06T23:38:09.090+0000] {logging_mixin.py:188} INFO - [2026-05-06T23:38:09.090+0000] {dag.py:3954} INFO - Setting next_dagrun for example_task_group to 2026-05-05 00:00:00+00:00, run_after=2026-05-06 00:00:00+00:00
[2026-05-06T23:38:09.108+0000] {processor.py:183} INFO - Processing /usr/local/python/3.12.1/lib/python3.12/site-packages/airflow/example_dags/example_task_group.py took 0.061 seconds
[2026-05-06T23:39:06.934+0000] {processor.py:161} INFO - Started process (PID=24210) to work on /usr/local/python/3.12.1/lib/python3.12/site-packages/airflow/example_dags/example_task_group.py
[2026-05-06T23:39:06.935+0000] {processor.py:830} INFO - Processing file /usr/local/python/3.12.1/lib/python3.12/site-packages/airflow/example_dags/example_task_group.py for tasks to queue
[2026-05-06T23:39:06.936+0000] {logging_mixin.py:188} INFO - [2026-05-06T23:39:06.936+0000] {dagbag.py:545} INFO - Filling up the DagBag from /usr/local/python/3.12.1/lib/python3.12/site-packages/airflow/example_dags/example_task_group.py
[2026-05-06T23:39:06.943+0000] {processor.py:840} INFO - DAG(s) 'example_task_group' retrieved from /usr/local/python/3.12.1/lib/python3.12/site-packages/airflow/example_dags/example_task_group.py
[2026-05-06T23:39:06.957+0000] {logging_mixin.py:188} INFO - [2026-05-06T23:39:06.956+0000] {dag.py:3096} INFO - Sync 1 DAGs
[2026-05-06T23:39:07.069+0000] {logging_mixin.py:188} INFO - [2026-05-06T23:39:07.069+0000] {dag.py:3954} INFO - Setting next_dagrun for example_task_group to 2026-05-05 00:00:00+00:00, run_after=2026-05-06 00:00:00+00:00
[2026-05-06T23:39:07.085+0000] {processor.py:183} INFO - Processing /usr/local/python/3.12.1/lib/python3.12/site-packages/airflow/example_dags/example_task_group.py took 0.156 seconds
[2026-05-06T23:40:04.635+0000] {processor.py:161} INFO - Started process (PID=24661) to work on /usr/local/python/3.12.1/lib/python3.12/site-packages/airflow/example_dags/example_task_group.py
[2026-05-06T23:40:04.636+0000] {processor.py:830} INFO - Processing file /usr/local/python/3.12.1/lib/python3.12/site-packages/airflow/example_dags/example_task_group.py for tasks to queue
[2026-05-06T23:40:04.637+0000] {logging_mixin.py:188} INFO - [2026-05-06T23:40:04.637+0000] {dagbag.py:545} INFO - Filling up the DagBag from /usr/local/python/3.12.1/lib/python3.12/site-packages/airflow/example_dags/example_task_group.py
[2026-05-06T23:40:04.644+0000] {processor.py:840} INFO - DAG(s) 'example_task_group' retrieved from /usr/local/python/3.12.1/lib/python3.12/site-packages/airflow/example_dags/example_task_group.py
[2026-05-06T23:40:04.658+0000] {logging_mixin.py:188} INFO - [2026-05-06T23:40:04.658+0000] {dag.py:3096} INFO - Sync 1 DAGs
[2026-05-06T23:40:04.673+0000] {logging_mixin.py:188} INFO - [2026-05-06T23:40:04.673+0000] {dag.py:3954} INFO - Setting next_dagrun for example_task_group to 2026-05-05 00:00:00+00:00, run_after=2026-05-06 00:00:00+00:00
[2026-05-06T23:40:04.692+0000] {processor.py:183} INFO - Processing /usr/local/python/3.12.1/lib/python3.12/site-packages/airflow/example_dags/example_task_group.py took 0.061 seconds
[2026-05-06T23:40:48.025+0000] {processor.py:161} INFO - Started process (PID=25000) to work on /usr/local/python/3.12.1/lib/python3.12/site-packages/airflow/example_dags/example_task_group.py
[2026-05-06T23:40:48.026+0000] {processor.py:830} INFO - Processing file /usr/local/python/3.12.1/lib/python3.12/site-packages/airflow/example_dags/example_task_group.py for tasks to queue
[2026-05-06T23:40:48.028+0000] {logging_mixin.py:188} INFO - [2026-05-06T23:40:48.028+0000] {dagbag.py:545} INFO - Filling up the DagBag from /usr/local/python/3.12.1/lib/python3.12/site-packages/airflow/example_dags/example_task_group.py
[2026-05-06T23:40:48.037+0000] {processor.py:840} INFO - DAG(s) 'example_task_group' retrieved from /usr/local/python/3.12.1/lib/python3.12/site-packages/airflow/example_dags/example_task_group.py
[2026-05-06T23:40:48.053+0000] {logging_mixin.py:188} INFO - [2026-05-06T23:40:48.053+0000] {dag.py:3096} INFO - Sync 1 DAGs
[2026-05-06T23:40:48.069+0000] {logging_mixin.py:188} INFO - [2026-05-06T23:40:48.069+0000] {dag.py:3954} INFO - Setting next_dagrun for example_task_group to 2026-05-05 00:00:00+00:00, run_after=2026-05-06 00:00:00+00:00
[2026-05-06T23:40:48.086+0000] {processor.py:183} INFO - Processing /usr/local/python/3.12.1/lib/python3.12/site-packages/airflow/example_dags/example_task_group.py took 0.068 seconds
[2026-05-06T23:41:42.651+0000] {processor.py:161} INFO - Started process (PID=25430) to work on /usr/local/python/3.12.1/lib/python3.12/site-packages/airflow/example_dags/example_task_group.py
[2026-05-06T23:41:42.652+0000] {processor.py:830} INFO - Processing file /usr/local/python/3.12.1/lib/python3.12/site-packages/airflow/example_dags/example_task_group.py for tasks to queue
[2026-05-06T23:41:42.653+0000] {logging_mixin.py:188} INFO - [2026-05-06T23:41:42.653+0000] {dagbag.py:545} INFO - Filling up the DagBag from /usr/local/python/3.12.1/lib/python3.12/site-packages/airflow/example_dags/example_task_group.py
[2026-05-06T23:41:42.659+0000] {processor.py:840} INFO - DAG(s) 'example_task_group' retrieved from /usr/local/python/3.12.1/lib/python3.12/site-packages/airflow/example_dags/example_task_group.py
[2026-05-06T23:41:42.771+0000] {logging_mixin.py:188} INFO - [2026-05-06T23:41:42.771+0000] {dag.py:3096} INFO - Sync 1 DAGs
[2026-05-06T23:41:42.784+0000] {logging_mixin.py:188} INFO - [2026-05-06T23:41:42.783+0000] {dag.py:3954} INFO - Setting next_dagrun for example_task_group to 2026-05-05 00:00:00+00:00, run_after=2026-05-06 00:00:00+00:00
[2026-05-06T23:41:42.799+0000] {processor.py:183} INFO - Processing /usr/local/python/3.12.1/lib/python3.12/site-packages/airflow/example_dags/example_task_group.py took 0.153 seconds
[2026-05-06T23:42:25.965+0000] {processor.py:161} INFO - Started process (PID=25762) to work on /usr/local/python/3.12.1/lib/python3.12/site-packages/airflow/example_dags/example_task_group.py
[2026-05-06T23:42:25.966+0000] {processor.py:830} INFO - Processing file /usr/local/python/3.12.1/lib/python3.12/site-packages/airflow/example_dags/example_task_group.py for tasks to queue
[2026-05-06T23:42:25.967+0000] {logging_mixin.py:188} INFO - [2026-05-06T23:42:25.967+0000] {dagbag.py:545} INFO - Filling up the DagBag from /usr/local/python/3.12.1/lib/python3.12/site-packages/airflow/example_dags/example_task_group.py
[2026-05-06T23:42:25.974+0000] {processor.py:840} INFO - DAG(s) 'example_task_group' retrieved from /usr/local/python/3.12.1/lib/python3.12/site-packages/airflow/example_dags/example_task_group.py
[2026-05-06T23:42:25.990+0000] {logging_mixin.py:188} INFO - [2026-05-06T23:42:25.990+0000] {dag.py:3096} INFO - Sync 1 DAGs
[2026-05-06T23:42:26.005+0000] {logging_mixin.py:188} INFO - [2026-05-06T23:42:26.005+0000] {dag.py:3954} INFO - Setting next_dagrun for example_task_group to 2026-05-05 00:00:00+00:00, run_after=2026-05-06 00:00:00+00:00
[2026-05-06T23:42:26.022+0000] {processor.py:183} INFO - Processing /usr/local/python/3.12.1/lib/python3.12/site-packages/airflow/example_dags/example_task_group.py took 0.062 seconds
[2026-05-06T23:43:08.450+0000] {processor.py:161} INFO - Started process (PID=26086) to work on /usr/local/python/3.12.1/lib/python3.12/site-packages/airflow/example_dags/example_task_group.py
[2026-05-06T23:43:08.451+0000] {processor.py:830} INFO - Processing file /usr/local/python/3.12.1/lib/python3.12/site-packages/airflow/example_dags/example_task_group.py for tasks to queue
[2026-05-06T23:43:08.452+0000] {logging_mixin.py:188} INFO - [2026-05-06T23:43:08.452+0000] {dagbag.py:545} INFO - Filling up the DagBag from /usr/local/python/3.12.1/lib/python3.12/site-packages/airflow/example_dags/example_task_group.py
[2026-05-06T23:43:08.458+0000] {processor.py:840} INFO - DAG(s) 'example_task_group' retrieved from /usr/local/python/3.12.1/lib/python3.12/site-packages/airflow/example_dags/example_task_group.py
[2026-05-06T23:43:08.474+0000] {logging_mixin.py:188} INFO - [2026-05-06T23:43:08.474+0000] {dag.py:3096} INFO - Sync 1 DAGs
[2026-05-06T23:43:08.490+0000] {logging_mixin.py:188} INFO - [2026-05-06T23:43:08.490+0000] {dag.py:3954} INFO - Setting next_dagrun for example_task_group to 2026-05-05 00:00:00+00:00, run_after=2026-05-06 00:00:00+00:00
[2026-05-06T23:43:08.508+0000] {processor.py:183} INFO - Processing /usr/local/python/3.12.1/lib/python3.12/site-packages/airflow/example_dags/example_task_group.py took 0.063 seconds
[2026-05-06T23:44:04.953+0000] {processor.py:161} INFO - Started process (PID=26533) to work on /usr/local/python/3.12.1/lib/python3.12/site-packages/airflow/example_dags/example_task_group.py
[2026-05-06T23:44:04.953+0000] {processor.py:830} INFO - Processing file /usr/local/python/3.12.1/lib/python3.12/site-packages/airflow/example_dags/example_task_group.py for tasks to queue
[2026-05-06T23:44:04.955+0000] {logging_mixin.py:188} INFO - [2026-05-06T23:44:04.955+0000] {dagbag.py:545} INFO - Filling up the DagBag from /usr/local/python/3.12.1/lib/python3.12/site-packages/airflow/example_dags/example_task_group.py
[2026-05-06T23:44:04.962+0000] {processor.py:840} INFO - DAG(s) 'example_task_group' retrieved from /usr/local/python/3.12.1/lib/python3.12/site-packages/airflow/example_dags/example_task_group.py
[2026-05-06T23:44:04.980+0000] {logging_mixin.py:188} INFO - [2026-05-06T23:44:04.980+0000] {dag.py:3096} INFO - Sync 1 DAGs
[2026-05-06T23:44:04.996+0000] {logging_mixin.py:188} INFO - [2026-05-06T23:44:04.996+0000] {dag.py:3954} INFO - Setting next_dagrun for example_task_group to 2026-05-05 00:00:00+00:00, run_after=2026-05-06 00:00:00+00:00
[2026-05-06T23:44:05.014+0000] {processor.py:183} INFO - Processing /usr/local/python/3.12.1/lib/python3.12/site-packages/airflow/example_dags/example_task_group.py took 0.066 seconds
[2026-05-06T23:44:46.158+0000] {processor.py:161} INFO - Started process (PID=26855) to work on /usr/local/python/3.12.1/lib/python3.12/site-packages/airflow/example_dags/example_task_group.py
[2026-05-06T23:44:46.159+0000] {processor.py:830} INFO - Processing file /usr/local/python/3.12.1/lib/python3.12/site-packages/airflow/example_dags/example_task_group.py for tasks to queue
[2026-05-06T23:44:46.160+0000] {logging_mixin.py:188} INFO - [2026-05-06T23:44:46.160+0000] {dagbag.py:545} INFO - Filling up the DagBag from /usr/local/python/3.12.1/lib/python3.12/site-packages/airflow/example_dags/example_task_group.py
[2026-05-06T23:44:46.167+0000] {processor.py:840} INFO - DAG(s) 'example_task_group' retrieved from /usr/local/python/3.12.1/lib/python3.12/site-packages/airflow/example_dags/example_task_group.py
[2026-05-06T23:44:46.181+0000] {logging_mixin.py:188} INFO - [2026-05-06T23:44:46.180+0000] {dag.py:3096} INFO - Sync 1 DAGs
[2026-05-06T23:44:46.196+0000] {logging_mixin.py:188} INFO - [2026-05-06T23:44:46.196+0000] {dag.py:3954} INFO - Setting next_dagrun for example_task_group to 2026-05-05 00:00:00+00:00, run_after=2026-05-06 00:00:00+00:00
[2026-05-06T23:44:46.212+0000] {processor.py:183} INFO - Processing /usr/local/python/3.12.1/lib/python3.12/site-packages/airflow/example_dags/example_task_group.py took 0.059 seconds
[2026-05-06T23:45:42.589+0000] {processor.py:161} INFO - Started process (PID=27286) to work on /usr/local/python/3.12.1/lib/python3.12/site-packages/airflow/example_dags/example_task_group.py
[2026-05-06T23:45:42.589+0000] {processor.py:830} INFO - Processing file /usr/local/python/3.12.1/lib/python3.12/site-packages/airflow/example_dags/example_task_group.py for tasks to queue
[2026-05-06T23:45:42.591+0000] {logging_mixin.py:188} INFO - [2026-05-06T23:45:42.591+0000] {dagbag.py:545} INFO - Filling up the DagBag from /usr/local/python/3.12.1/lib/python3.12/site-packages/airflow/example_dags/example_task_group.py
[2026-05-06T23:45:42.597+0000] {processor.py:840} INFO - DAG(s) 'example_task_group' retrieved from /usr/local/python/3.12.1/lib/python3.12/site-packages/airflow/example_dags/example_task_group.py
[2026-05-06T23:45:42.611+0000] {logging_mixin.py:188} INFO - [2026-05-06T23:45:42.611+0000] {dag.py:3096} INFO - Sync 1 DAGs
[2026-05-06T23:45:42.626+0000] {logging_mixin.py:188} INFO - [2026-05-06T23:45:42.626+0000] {dag.py:3954} INFO - Setting next_dagrun for example_task_group to 2026-05-05 00:00:00+00:00, run_after=2026-05-06 00:00:00+00:00
[2026-05-06T23:45:42.643+0000] {processor.py:183} INFO - Processing /usr/local/python/3.12.1/lib/python3.12/site-packages/airflow/example_dags/example_task_group.py took 0.060 seconds
[2026-05-06T23:46:25.088+0000] {processor.py:161} INFO - Started process (PID=27615) to work on /usr/local/python/3.12.1/lib/python3.12/site-packages/airflow/example_dags/example_task_group.py
[2026-05-06T23:46:25.089+0000] {processor.py:830} INFO - Processing file /usr/local/python/3.12.1/lib/python3.12/site-packages/airflow/example_dags/example_task_group.py for tasks to queue
[2026-05-06T23:46:25.090+0000] {logging_mixin.py:188} INFO - [2026-05-06T23:46:25.090+0000] {dagbag.py:545} INFO - Filling up the DagBag from /usr/local/python/3.12.1/lib/python3.12/site-packages/airflow/example_dags/example_task_group.py
[2026-05-06T23:46:25.097+0000] {processor.py:840} INFO - DAG(s) 'example_task_group' retrieved from /usr/local/python/3.12.1/lib/python3.12/site-packages/airflow/example_dags/example_task_group.py
[2026-05-06T23:46:25.111+0000] {logging_mixin.py:188} INFO - [2026-05-06T23:46:25.111+0000] {dag.py:3096} INFO - Sync 1 DAGs
[2026-05-06T23:46:25.128+0000] {logging_mixin.py:188} INFO - [2026-05-06T23:46:25.128+0000] {dag.py:3954} INFO - Setting next_dagrun for example_task_group to 2026-05-05 00:00:00+00:00, run_after=2026-05-06 00:00:00+00:00
[2026-05-06T23:46:25.150+0000] {processor.py:183} INFO - Processing /usr/local/python/3.12.1/lib/python3.12/site-packages/airflow/example_dags/example_task_group.py took 0.067 seconds
[2026-05-06T23:47:22.683+0000] {processor.py:161} INFO - Started process (PID=28075) to work on /usr/local/python/3.12.1/lib/python3.12/site-packages/airflow/example_dags/example_task_group.py
[2026-05-06T23:47:22.684+0000] {processor.py:830} INFO - Processing file /usr/local/python/3.12.1/lib/python3.12/site-packages/airflow/example_dags/example_task_group.py for tasks to queue
[2026-05-06T23:47:22.686+0000] {logging_mixin.py:188} INFO - [2026-05-06T23:47:22.685+0000] {dagbag.py:545} INFO - Filling up the DagBag from /usr/local/python/3.12.1/lib/python3.12/site-packages/airflow/example_dags/example_task_group.py
[2026-05-06T23:47:22.692+0000] {processor.py:840} INFO - DAG(s) 'example_task_group' retrieved from /usr/local/python/3.12.1/lib/python3.12/site-packages/airflow/example_dags/example_task_group.py
[2026-05-06T23:47:22.708+0000] {logging_mixin.py:188} INFO - [2026-05-06T23:47:22.707+0000] {dag.py:3096} INFO - Sync 1 DAGs
[2026-05-06T23:47:22.726+0000] {logging_mixin.py:188} INFO - [2026-05-06T23:47:22.726+0000] {dag.py:3954} INFO - Setting next_dagrun for example_task_group to 2026-05-05 00:00:00+00:00, run_after=2026-05-06 00:00:00+00:00
[2026-05-06T23:47:22.744+0000] {processor.py:183} INFO - Processing /usr/local/python/3.12.1/lib/python3.12/site-packages/airflow/example_dags/example_task_group.py took 0.065 seconds
[2026-05-06T23:48:23.303+0000] {processor.py:161} INFO - Started process (PID=28543) to work on /usr/local/python/3.12.1/lib/python3.12/site-packages/airflow/example_dags/example_task_group.py
[2026-05-06T23:48:23.304+0000] {processor.py:830} INFO - Processing file /usr/local/python/3.12.1/lib/python3.12/site-packages/airflow/example_dags/example_task_group.py for tasks to queue
[2026-05-06T23:48:23.306+0000] {logging_mixin.py:188} INFO - [2026-05-06T23:48:23.305+0000] {dagbag.py:545} INFO - Filling up the DagBag from /usr/local/python/3.12.1/lib/python3.12/site-packages/airflow/example_dags/example_task_group.py
[2026-05-06T23:48:23.312+0000] {processor.py:840} INFO - DAG(s) 'example_task_group' retrieved from /usr/local/python/3.12.1/lib/python3.12/site-packages/airflow/example_dags/example_task_group.py
[2026-05-06T23:48:23.326+0000] {logging_mixin.py:188} INFO - [2026-05-06T23:48:23.326+0000] {dag.py:3096} INFO - Sync 1 DAGs
[2026-05-06T23:48:23.342+0000] {logging_mixin.py:188} INFO - [2026-05-06T23:48:23.342+0000] {dag.py:3954} INFO - Setting next_dagrun for example_task_group to 2026-05-05 00:00:00+00:00, run_after=2026-05-06 00:00:00+00:00
[2026-05-06T23:48:23.360+0000] {processor.py:183} INFO - Processing /usr/local/python/3.12.1/lib/python3.12/site-packages/airflow/example_dags/example_task_group.py took 0.061 seconds
[2026-05-06T23:49:20.949+0000] {processor.py:161} INFO - Started process (PID=29005) to work on /usr/local/python/3.12.1/lib/python3.12/site-packages/airflow/example_dags/example_task_group.py
[2026-05-06T23:49:20.949+0000] {processor.py:830} INFO - Processing file /usr/local/python/3.12.1/lib/python3.12/site-packages/airflow/example_dags/example_task_group.py for tasks to queue
[2026-05-06T23:49:20.951+0000] {logging_mixin.py:188} INFO - [2026-05-06T23:49:20.950+0000] {dagbag.py:545} INFO - Filling up the DagBag from /usr/local/python/3.12.1/lib/python3.12/site-packages/airflow/example_dags/example_task_group.py
[2026-05-06T23:49:20.957+0000] {processor.py:840} INFO - DAG(s) 'example_task_group' retrieved from /usr/local/python/3.12.1/lib/python3.12/site-packages/airflow/example_dags/example_task_group.py
[2026-05-06T23:49:20.971+0000] {logging_mixin.py:188} INFO - [2026-05-06T23:49:20.971+0000] {dag.py:3096} INFO - Sync 1 DAGs
[2026-05-06T23:49:20.986+0000] {logging_mixin.py:188} INFO - [2026-05-06T23:49:20.986+0000] {dag.py:3954} INFO - Setting next_dagrun for example_task_group to 2026-05-05 00:00:00+00:00, run_after=2026-05-06 00:00:00+00:00
[2026-05-06T23:49:21.003+0000] {processor.py:183} INFO - Processing /usr/local/python/3.12.1/lib/python3.12/site-packages/airflow/example_dags/example_task_group.py took 0.059 seconds
[2026-05-06T23:50:14.923+0000] {processor.py:161} INFO - Started process (PID=29419) to work on /usr/local/python/3.12.1/lib/python3.12/site-packages/airflow/example_dags/example_task_group.py
[2026-05-06T23:50:14.923+0000] {processor.py:830} INFO - Processing file /usr/local/python/3.12.1/lib/python3.12/site-packages/airflow/example_dags/example_task_group.py for tasks to queue
[2026-05-06T23:50:14.925+0000] {logging_mixin.py:188} INFO - [2026-05-06T23:50:14.924+0000] {dagbag.py:545} INFO - Filling up the DagBag from /usr/local/python/3.12.1/lib/python3.12/site-packages/airflow/example_dags/example_task_group.py
[2026-05-06T23:50:14.931+0000] {processor.py:840} INFO - DAG(s) 'example_task_group' retrieved from /usr/local/python/3.12.1/lib/python3.12/site-packages/airflow/example_dags/example_task_group.py
[2026-05-06T23:50:14.945+0000] {logging_mixin.py:188} INFO - [2026-05-06T23:50:14.945+0000] {dag.py:3096} INFO - Sync 1 DAGs
[2026-05-06T23:50:14.960+0000] {logging_mixin.py:188} INFO - [2026-05-06T23:50:14.960+0000] {dag.py:3954} INFO - Setting next_dagrun for example_task_group to 2026-05-05 00:00:00+00:00, run_after=2026-05-06 00:00:00+00:00
[2026-05-06T23:50:14.977+0000] {processor.py:183} INFO - Processing /usr/local/python/3.12.1/lib/python3.12/site-packages/airflow/example_dags/example_task_group.py took 0.062 seconds
[2026-05-06T23:51:14.662+0000] {processor.py:161} INFO - Started process (PID=29879) to work on /usr/local/python/3.12.1/lib/python3.12/site-packages/airflow/example_dags/example_task_group.py
[2026-05-06T23:51:14.663+0000] {processor.py:830} INFO - Processing file /usr/local/python/3.12.1/lib/python3.12/site-packages/airflow/example_dags/example_task_group.py for tasks to queue
[2026-05-06T23:51:14.664+0000] {logging_mixin.py:188} INFO - [2026-05-06T23:51:14.664+0000] {dagbag.py:545} INFO - Filling up the DagBag from /usr/local/python/3.12.1/lib/python3.12/site-packages/airflow/example_dags/example_task_group.py
[2026-05-06T23:51:14.670+0000] {processor.py:840} INFO - DAG(s) 'example_task_group' retrieved from /usr/local/python/3.12.1/lib/python3.12/site-packages/airflow/example_dags/example_task_group.py
[2026-05-06T23:51:14.684+0000] {logging_mixin.py:188} INFO - [2026-05-06T23:51:14.684+0000] {dag.py:3096} INFO - Sync 1 DAGs
[2026-05-06T23:51:14.699+0000] {logging_mixin.py:188} INFO - [2026-05-06T23:51:14.699+0000] {dag.py:3954} INFO - Setting next_dagrun for example_task_group to 2026-05-05 00:00:00+00:00, run_after=2026-05-06 00:00:00+00:00
[2026-05-06T23:51:14.716+0000] {processor.py:183} INFO - Processing /usr/local/python/3.12.1/lib/python3.12/site-packages/airflow/example_dags/example_task_group.py took 0.059 seconds
[2026-05-06T23:52:08.037+0000] {processor.py:161} INFO - Started process (PID=30293) to work on /usr/local/python/3.12.1/lib/python3.12/site-packages/airflow/example_dags/example_task_group.py
[2026-05-06T23:52:08.038+0000] {processor.py:830} INFO - Processing file /usr/local/python/3.12.1/lib/python3.12/site-packages/airflow/example_dags/example_task_group.py for tasks to queue
[2026-05-06T23:52:08.040+0000] {logging_mixin.py:188} INFO - [2026-05-06T23:52:08.040+0000] {dagbag.py:545} INFO - Filling up the DagBag from /usr/local/python/3.12.1/lib/python3.12/site-packages/airflow/example_dags/example_task_group.py
[2026-05-06T23:52:08.051+0000] {processor.py:840} INFO - DAG(s) 'example_task_group' retrieved from /usr/local/python/3.12.1/lib/python3.12/site-packages/airflow/example_dags/example_task_group.py
[2026-05-06T23:52:08.069+0000] {logging_mixin.py:188} INFO - [2026-05-06T23:52:08.069+0000] {dag.py:3096} INFO - Sync 1 DAGs
[2026-05-06T23:52:08.085+0000] {logging_mixin.py:188} INFO - [2026-05-06T23:52:08.085+0000] {dag.py:3954} INFO - Setting next_dagrun for example_task_group to 2026-05-05 00:00:00+00:00, run_after=2026-05-06 00:00:00+00:00
[2026-05-06T23:52:08.101+0000] {processor.py:183} INFO - Processing /usr/local/python/3.12.1/lib/python3.12/site-packages/airflow/example_dags/example_task_group.py took 0.068 seconds
[2026-05-06T23:52:49.672+0000] {processor.py:161} INFO - Started process (PID=30624) to work on /usr/local/python/3.12.1/lib/python3.12/site-packages/airflow/example_dags/example_task_group.py
[2026-05-06T23:52:49.673+0000] {processor.py:830} INFO - Processing file /usr/local/python/3.12.1/lib/python3.12/site-packages/airflow/example_dags/example_task_group.py for tasks to queue
[2026-05-06T23:52:49.674+0000] {logging_mixin.py:188} INFO - [2026-05-06T23:52:49.674+0000] {dagbag.py:545} INFO - Filling up the DagBag from /usr/local/python/3.12.1/lib/python3.12/site-packages/airflow/example_dags/example_task_group.py
[2026-05-06T23:52:49.680+0000] {processor.py:840} INFO - DAG(s) 'example_task_group' retrieved from /usr/local/python/3.12.1/lib/python3.12/site-packages/airflow/example_dags/example_task_group.py
[2026-05-06T23:52:49.694+0000] {logging_mixin.py:188} INFO - [2026-05-06T23:52:49.694+0000] {dag.py:3096} INFO - Sync 1 DAGs
[2026-05-06T23:52:49.710+0000] {logging_mixin.py:188} INFO - [2026-05-06T23:52:49.710+0000] {dag.py:3954} INFO - Setting next_dagrun for example_task_group to 2026-05-05 00:00:00+00:00, run_after=2026-05-06 00:00:00+00:00
[2026-05-06T23:52:49.726+0000] {processor.py:183} INFO - Processing /usr/local/python/3.12.1/lib/python3.12/site-packages/airflow/example_dags/example_task_group.py took 0.058 seconds
[2026-05-06T23:53:48.225+0000] {processor.py:161} INFO - Started process (PID=31076) to work on /usr/local/python/3.12.1/lib/python3.12/site-packages/airflow/example_dags/example_task_group.py
[2026-05-06T23:53:48.226+0000] {processor.py:830} INFO - Processing file /usr/local/python/3.12.1/lib/python3.12/site-packages/airflow/example_dags/example_task_group.py for tasks to queue
[2026-05-06T23:53:48.227+0000] {logging_mixin.py:188} INFO - [2026-05-06T23:53:48.227+0000] {dagbag.py:545} INFO - Filling up the DagBag from /usr/local/python/3.12.1/lib/python3.12/site-packages/airflow/example_dags/example_task_group.py
[2026-05-06T23:53:48.233+0000] {processor.py:840} INFO - DAG(s) 'example_task_group' retrieved from /usr/local/python/3.12.1/lib/python3.12/site-packages/airflow/example_dags/example_task_group.py
[2026-05-06T23:53:48.252+0000] {logging_mixin.py:188} INFO - [2026-05-06T23:53:48.252+0000] {dag.py:3096} INFO - Sync 1 DAGs
[2026-05-06T23:53:48.270+0000] {logging_mixin.py:188} INFO - [2026-05-06T23:53:48.270+0000] {dag.py:3954} INFO - Setting next_dagrun for example_task_group to 2026-05-05 00:00:00+00:00, run_after=2026-05-06 00:00:00+00:00
[2026-05-06T23:53:48.287+0000] {processor.py:183} INFO - Processing /usr/local/python/3.12.1/lib/python3.12/site-packages/airflow/example_dags/example_task_group.py took 0.068 seconds
[2026-05-06T23:54:46.727+0000] {processor.py:161} INFO - Started process (PID=31542) to work on /usr/local/python/3.12.1/lib/python3.12/site-packages/airflow/example_dags/example_task_group.py
[2026-05-06T23:54:46.727+0000] {processor.py:830} INFO - Processing file /usr/local/python/3.12.1/lib/python3.12/site-packages/airflow/example_dags/example_task_group.py for tasks to queue
[2026-05-06T23:54:46.729+0000] {logging_mixin.py:188} INFO - [2026-05-06T23:54:46.728+0000] {dagbag.py:545} INFO - Filling up the DagBag from /usr/local/python/3.12.1/lib/python3.12/site-packages/airflow/example_dags/example_task_group.py
[2026-05-06T23:54:46.735+0000] {processor.py:840} INFO - DAG(s) 'example_task_group' retrieved from /usr/local/python/3.12.1/lib/python3.12/site-packages/airflow/example_dags/example_task_group.py
[2026-05-06T23:54:46.760+0000] {logging_mixin.py:188} INFO - [2026-05-06T23:54:46.759+0000] {dag.py:3096} INFO - Sync 1 DAGs
[2026-05-06T23:54:46.777+0000] {logging_mixin.py:188} INFO - [2026-05-06T23:54:46.777+0000] {dag.py:3954} INFO - Setting next_dagrun for example_task_group to 2026-05-05 00:00:00+00:00, run_after=2026-05-06 00:00:00+00:00
[2026-05-06T23:54:46.794+0000] {processor.py:183} INFO - Processing /usr/local/python/3.12.1/lib/python3.12/site-packages/airflow/example_dags/example_task_group.py took 0.072 seconds
[2026-05-06T23:55:47.771+0000] {processor.py:161} INFO - Started process (PID=32076) to work on /usr/local/python/3.12.1/lib/python3.12/site-packages/airflow/example_dags/example_task_group.py
[2026-05-06T23:55:47.772+0000] {processor.py:830} INFO - Processing file /usr/local/python/3.12.1/lib/python3.12/site-packages/airflow/example_dags/example_task_group.py for tasks to queue
[2026-05-06T23:55:47.774+0000] {logging_mixin.py:188} INFO - [2026-05-06T23:55:47.773+0000] {dagbag.py:545} INFO - Filling up the DagBag from /usr/local/python/3.12.1/lib/python3.12/site-packages/airflow/example_dags/example_task_group.py
[2026-05-06T23:55:47.780+0000] {processor.py:840} INFO - DAG(s) 'example_task_group' retrieved from /usr/local/python/3.12.1/lib/python3.12/site-packages/airflow/example_dags/example_task_group.py
[2026-05-06T23:55:47.794+0000] {logging_mixin.py:188} INFO - [2026-05-06T23:55:47.794+0000] {dag.py:3096} INFO - Sync 1 DAGs
[2026-05-06T23:55:47.810+0000] {logging_mixin.py:188} INFO - [2026-05-06T23:55:47.810+0000] {dag.py:3954} INFO - Setting next_dagrun for example_task_group to 2026-05-05 00:00:00+00:00, run_after=2026-05-06 00:00:00+00:00
[2026-05-06T23:55:47.829+0000] {processor.py:183} INFO - Processing /usr/local/python/3.12.1/lib/python3.12/site-packages/airflow/example_dags/example_task_group.py took 0.063 seconds
[2026-05-06T23:56:43.167+0000] {processor.py:161} INFO - Started process (PID=32497) to work on /usr/local/python/3.12.1/lib/python3.12/site-packages/airflow/example_dags/example_task_group.py
[2026-05-06T23:56:43.168+0000] {processor.py:830} INFO - Processing file /usr/local/python/3.12.1/lib/python3.12/site-packages/airflow/example_dags/example_task_group.py for tasks to queue
[2026-05-06T23:56:43.169+0000] {logging_mixin.py:188} INFO - [2026-05-06T23:56:43.169+0000] {dagbag.py:545} INFO - Filling up the DagBag from /usr/local/python/3.12.1/lib/python3.12/site-packages/airflow/example_dags/example_task_group.py
[2026-05-06T23:56:43.175+0000] {processor.py:840} INFO - DAG(s) 'example_task_group' retrieved from /usr/local/python/3.12.1/lib/python3.12/site-packages/airflow/example_dags/example_task_group.py
[2026-05-06T23:56:43.189+0000] {logging_mixin.py:188} INFO - [2026-05-06T23:56:43.189+0000] {dag.py:3096} INFO - Sync 1 DAGs
[2026-05-06T23:56:43.204+0000] {logging_mixin.py:188} INFO - [2026-05-06T23:56:43.204+0000] {dag.py:3954} INFO - Setting next_dagrun for example_task_group to 2026-05-05 00:00:00+00:00, run_after=2026-05-06 00:00:00+00:00
[2026-05-06T23:56:43.220+0000] {processor.py:183} INFO - Processing /usr/local/python/3.12.1/lib/python3.12/site-packages/airflow/example_dags/example_task_group.py took 0.058 seconds
[2026-05-06T23:57:39.727+0000] {processor.py:161} INFO - Started process (PID=32788) to work on /usr/local/python/3.12.1/lib/python3.12/site-packages/airflow/example_dags/example_task_group.py
[2026-05-06T23:57:39.728+0000] {processor.py:830} INFO - Processing file /usr/local/python/3.12.1/lib/python3.12/site-packages/airflow/example_dags/example_task_group.py for tasks to queue
[2026-05-06T23:57:39.730+0000] {logging_mixin.py:188} INFO - [2026-05-06T23:57:39.729+0000] {dagbag.py:545} INFO - Filling up the DagBag from /usr/local/python/3.12.1/lib/python3.12/site-packages/airflow/example_dags/example_task_group.py
[2026-05-06T23:57:39.736+0000] {processor.py:840} INFO - DAG(s) 'example_task_group' retrieved from /usr/local/python/3.12.1/lib/python3.12/site-packages/airflow/example_dags/example_task_group.py
[2026-05-06T23:57:39.755+0000] {logging_mixin.py:188} INFO - [2026-05-06T23:57:39.755+0000] {dag.py:3096} INFO - Sync 1 DAGs
[2026-05-06T23:57:39.774+0000] {logging_mixin.py:188} INFO - [2026-05-06T23:57:39.774+0000] {dag.py:3954} INFO - Setting next_dagrun for example_task_group to 2026-05-05 00:00:00+00:00, run_after=2026-05-06 00:00:00+00:00
[2026-05-06T23:57:39.791+0000] {processor.py:183} INFO - Processing /usr/local/python/3.12.1/lib/python3.12/site-packages/airflow/example_dags/example_task_group.py took 0.069 seconds
[2026-05-06T23:58:38.121+0000] {processor.py:161} INFO - Started process (PID=33073) to work on /usr/local/python/3.12.1/lib/python3.12/site-packages/airflow/example_dags/example_task_group.py
[2026-05-06T23:58:38.122+0000] {processor.py:830} INFO - Processing file /usr/local/python/3.12.1/lib/python3.12/site-packages/airflow/example_dags/example_task_group.py for tasks to queue
[2026-05-06T23:58:38.123+0000] {logging_mixin.py:188} INFO - [2026-05-06T23:58:38.123+0000] {dagbag.py:545} INFO - Filling up the DagBag from /usr/local/python/3.12.1/lib/python3.12/site-packages/airflow/example_dags/example_task_group.py
[2026-05-06T23:58:38.129+0000] {processor.py:840} INFO - DAG(s) 'example_task_group' retrieved from /usr/local/python/3.12.1/lib/python3.12/site-packages/airflow/example_dags/example_task_group.py
[2026-05-06T23:58:38.147+0000] {logging_mixin.py:188} INFO - [2026-05-06T23:58:38.147+0000] {dag.py:3096} INFO - Sync 1 DAGs
[2026-05-06T23:58:38.165+0000] {logging_mixin.py:188} INFO - [2026-05-06T23:58:38.165+0000] {dag.py:3954} INFO - Setting next_dagrun for example_task_group to 2026-05-05 00:00:00+00:00, run_after=2026-05-06 00:00:00+00:00
[2026-05-06T23:58:38.182+0000] {processor.py:183} INFO - Processing /usr/local/python/3.12.1/lib/python3.12/site-packages/airflow/example_dags/example_task_group.py took 0.066 seconds
[2026-05-06T23:59:37.146+0000] {processor.py:161} INFO - Started process (PID=33349) to work on /usr/local/python/3.12.1/lib/python3.12/site-packages/airflow/example_dags/example_task_group.py
[2026-05-06T23:59:37.147+0000] {processor.py:830} INFO - Processing file /usr/local/python/3.12.1/lib/python3.12/site-packages/airflow/example_dags/example_task_group.py for tasks to queue
[2026-05-06T23:59:37.149+0000] {logging_mixin.py:188} INFO - [2026-05-06T23:59:37.149+0000] {dagbag.py:545} INFO - Filling up the DagBag from /usr/local/python/3.12.1/lib/python3.12/site-packages/airflow/example_dags/example_task_group.py
[2026-05-06T23:59:37.158+0000] {processor.py:840} INFO - DAG(s) 'example_task_group' retrieved from /usr/local/python/3.12.1/lib/python3.12/site-packages/airflow/example_dags/example_task_group.py
[2026-05-06T23:59:37.172+0000] {logging_mixin.py:188} INFO - [2026-05-06T23:59:37.172+0000] {dag.py:3096} INFO - Sync 1 DAGs
[2026-05-06T23:59:37.188+0000] {logging_mixin.py:188} INFO - [2026-05-06T23:59:37.188+0000] {dag.py:3954} INFO - Setting next_dagrun for example_task_group to 2026-05-05 00:00:00+00:00, run_after=2026-05-06 00:00:00+00:00
[2026-05-06T23:59:37.205+0000] {processor.py:183} INFO - Processing /usr/local/python/3.12.1/lib/python3.12/site-packages/airflow/example_dags/example_task_group.py took 0.066 seconds
