[2026-05-06T23:19:12.667+0000] {processor.py:161} INFO - Started process (PID=13397) to work on /usr/local/python/3.12.1/lib/python3.12/site-packages/airflow/example_dags/example_latest_only.py
[2026-05-06T23:19:12.667+0000] {processor.py:830} INFO - Processing file /usr/local/python/3.12.1/lib/python3.12/site-packages/airflow/example_dags/example_latest_only.py for tasks to queue
[2026-05-06T23:19:12.669+0000] {logging_mixin.py:188} INFO - [2026-05-06T23:19:12.668+0000] {dagbag.py:545} INFO - Filling up the DagBag from /usr/local/python/3.12.1/lib/python3.12/site-packages/airflow/example_dags/example_latest_only.py
[2026-05-06T23:19:12.673+0000] {processor.py:840} INFO - DAG(s) 'latest_only' retrieved from /usr/local/python/3.12.1/lib/python3.12/site-packages/airflow/example_dags/example_latest_only.py
[2026-05-06T23:19:12.750+0000] {logging_mixin.py:188} INFO - [2026-05-06T23:19:12.750+0000] {override.py:1829} INFO - Created Permission View: can delete on DAG:latest_only
[2026-05-06T23:19:12.758+0000] {logging_mixin.py:188} INFO - [2026-05-06T23:19:12.757+0000] {override.py:1829} INFO - Created Permission View: can edit on DAG:latest_only
[2026-05-06T23:19:12.763+0000] {logging_mixin.py:188} INFO - [2026-05-06T23:19:12.763+0000] {override.py:1829} INFO - Created Permission View: can read on DAG:latest_only
[2026-05-06T23:19:12.763+0000] {logging_mixin.py:188} INFO - [2026-05-06T23:19:12.763+0000] {dag.py:3096} INFO - Sync 1 DAGs
[2026-05-06T23:19:12.771+0000] {logging_mixin.py:188} INFO - [2026-05-06T23:19:12.770+0000] {dag.py:3118} INFO - Creating ORM DAG for latest_only
[2026-05-06T23:19:12.777+0000] {logging_mixin.py:188} INFO - [2026-05-06T23:19:12.777+0000] {dag.py:3954} INFO - Setting next_dagrun for latest_only to 2026-05-06 16:00:00+00:00, run_after=2026-05-06 20:00:00+00:00
[2026-05-06T23:19:12.792+0000] {processor.py:183} INFO - Processing /usr/local/python/3.12.1/lib/python3.12/site-packages/airflow/example_dags/example_latest_only.py took 0.130 seconds
[2026-05-06T23:20:03.004+0000] {processor.py:161} INFO - Started process (PID=13855) to work on /usr/local/python/3.12.1/lib/python3.12/site-packages/airflow/example_dags/example_latest_only.py
[2026-05-06T23:20:03.004+0000] {processor.py:830} INFO - Processing file /usr/local/python/3.12.1/lib/python3.12/site-packages/airflow/example_dags/example_latest_only.py for tasks to queue
[2026-05-06T23:20:03.006+0000] {logging_mixin.py:188} INFO - [2026-05-06T23:20:03.005+0000] {dagbag.py:545} INFO - Filling up the DagBag from /usr/local/python/3.12.1/lib/python3.12/site-packages/airflow/example_dags/example_latest_only.py
[2026-05-06T23:20:03.009+0000] {processor.py:840} INFO - DAG(s) 'latest_only' retrieved from /usr/local/python/3.12.1/lib/python3.12/site-packages/airflow/example_dags/example_latest_only.py
[2026-05-06T23:20:03.023+0000] {logging_mixin.py:188} INFO - [2026-05-06T23:20:03.023+0000] {dag.py:3096} INFO - Sync 1 DAGs
[2026-05-06T23:20:03.038+0000] {logging_mixin.py:188} INFO - [2026-05-06T23:20:03.037+0000] {dag.py:3954} INFO - Setting next_dagrun for latest_only to 2026-05-06 16:00:00+00:00, run_after=2026-05-06 20:00:00+00:00
[2026-05-06T23:20:03.053+0000] {processor.py:183} INFO - Processing /usr/local/python/3.12.1/lib/python3.12/site-packages/airflow/example_dags/example_latest_only.py took 0.054 seconds
[2026-05-06T23:21:02.486+0000] {processor.py:161} INFO - Started process (PID=14352) to work on /usr/local/python/3.12.1/lib/python3.12/site-packages/airflow/example_dags/example_latest_only.py
[2026-05-06T23:21:02.487+0000] {processor.py:830} INFO - Processing file /usr/local/python/3.12.1/lib/python3.12/site-packages/airflow/example_dags/example_latest_only.py for tasks to queue
[2026-05-06T23:21:02.489+0000] {logging_mixin.py:188} INFO - [2026-05-06T23:21:02.488+0000] {dagbag.py:545} INFO - Filling up the DagBag from /usr/local/python/3.12.1/lib/python3.12/site-packages/airflow/example_dags/example_latest_only.py
[2026-05-06T23:21:02.493+0000] {processor.py:840} INFO - DAG(s) 'latest_only' retrieved from /usr/local/python/3.12.1/lib/python3.12/site-packages/airflow/example_dags/example_latest_only.py
[2026-05-06T23:21:02.506+0000] {logging_mixin.py:188} INFO - [2026-05-06T23:21:02.505+0000] {dag.py:3096} INFO - Sync 1 DAGs
[2026-05-06T23:21:02.537+0000] {logging_mixin.py:188} INFO - [2026-05-06T23:21:02.537+0000] {dag.py:3954} INFO - Setting next_dagrun for latest_only to 2026-05-06 16:00:00+00:00, run_after=2026-05-06 20:00:00+00:00
[2026-05-06T23:21:02.563+0000] {processor.py:183} INFO - Processing /usr/local/python/3.12.1/lib/python3.12/site-packages/airflow/example_dags/example_latest_only.py took 0.081 seconds
[2026-05-06T23:21:51.972+0000] {processor.py:161} INFO - Started process (PID=14839) to work on /usr/local/python/3.12.1/lib/python3.12/site-packages/airflow/example_dags/example_latest_only.py
[2026-05-06T23:21:51.973+0000] {processor.py:830} INFO - Processing file /usr/local/python/3.12.1/lib/python3.12/site-packages/airflow/example_dags/example_latest_only.py for tasks to queue
[2026-05-06T23:21:51.974+0000] {logging_mixin.py:188} INFO - [2026-05-06T23:21:51.974+0000] {dagbag.py:545} INFO - Filling up the DagBag from /usr/local/python/3.12.1/lib/python3.12/site-packages/airflow/example_dags/example_latest_only.py
[2026-05-06T23:21:51.978+0000] {processor.py:840} INFO - DAG(s) 'latest_only' retrieved from /usr/local/python/3.12.1/lib/python3.12/site-packages/airflow/example_dags/example_latest_only.py
[2026-05-06T23:21:51.991+0000] {logging_mixin.py:188} INFO - [2026-05-06T23:21:51.991+0000] {dag.py:3096} INFO - Sync 1 DAGs
[2026-05-06T23:21:52.006+0000] {logging_mixin.py:188} INFO - [2026-05-06T23:21:52.005+0000] {dag.py:3954} INFO - Setting next_dagrun for latest_only to 2026-05-06 16:00:00+00:00, run_after=2026-05-06 20:00:00+00:00
[2026-05-06T23:21:52.021+0000] {processor.py:183} INFO - Processing /usr/local/python/3.12.1/lib/python3.12/site-packages/airflow/example_dags/example_latest_only.py took 0.054 seconds
[2026-05-06T23:22:54.054+0000] {processor.py:161} INFO - Started process (PID=15403) to work on /usr/local/python/3.12.1/lib/python3.12/site-packages/airflow/example_dags/example_latest_only.py
[2026-05-06T23:22:54.055+0000] {processor.py:830} INFO - Processing file /usr/local/python/3.12.1/lib/python3.12/site-packages/airflow/example_dags/example_latest_only.py for tasks to queue
[2026-05-06T23:22:54.057+0000] {logging_mixin.py:188} INFO - [2026-05-06T23:22:54.056+0000] {dagbag.py:545} INFO - Filling up the DagBag from /usr/local/python/3.12.1/lib/python3.12/site-packages/airflow/example_dags/example_latest_only.py
[2026-05-06T23:22:54.061+0000] {processor.py:840} INFO - DAG(s) 'latest_only' retrieved from /usr/local/python/3.12.1/lib/python3.12/site-packages/airflow/example_dags/example_latest_only.py
[2026-05-06T23:22:54.073+0000] {logging_mixin.py:188} INFO - [2026-05-06T23:22:54.073+0000] {dag.py:3096} INFO - Sync 1 DAGs
[2026-05-06T23:22:54.088+0000] {logging_mixin.py:188} INFO - [2026-05-06T23:22:54.087+0000] {dag.py:3954} INFO - Setting next_dagrun for latest_only to 2026-05-06 16:00:00+00:00, run_after=2026-05-06 20:00:00+00:00
[2026-05-06T23:22:54.107+0000] {processor.py:183} INFO - Processing /usr/local/python/3.12.1/lib/python3.12/site-packages/airflow/example_dags/example_latest_only.py took 0.058 seconds
[2026-05-06T23:23:49.013+0000] {processor.py:161} INFO - Started process (PID=15998) to work on /usr/local/python/3.12.1/lib/python3.12/site-packages/airflow/example_dags/example_latest_only.py
[2026-05-06T23:23:49.013+0000] {processor.py:830} INFO - Processing file /usr/local/python/3.12.1/lib/python3.12/site-packages/airflow/example_dags/example_latest_only.py for tasks to queue
[2026-05-06T23:23:49.015+0000] {logging_mixin.py:188} INFO - [2026-05-06T23:23:49.015+0000] {dagbag.py:545} INFO - Filling up the DagBag from /usr/local/python/3.12.1/lib/python3.12/site-packages/airflow/example_dags/example_latest_only.py
[2026-05-06T23:23:49.019+0000] {processor.py:840} INFO - DAG(s) 'latest_only' retrieved from /usr/local/python/3.12.1/lib/python3.12/site-packages/airflow/example_dags/example_latest_only.py
[2026-05-06T23:23:49.032+0000] {logging_mixin.py:188} INFO - [2026-05-06T23:23:49.032+0000] {dag.py:3096} INFO - Sync 1 DAGs
[2026-05-06T23:23:49.050+0000] {logging_mixin.py:188} INFO - [2026-05-06T23:23:49.050+0000] {dag.py:3954} INFO - Setting next_dagrun for latest_only to 2026-05-06 16:00:00+00:00, run_after=2026-05-06 20:00:00+00:00
[2026-05-06T23:23:49.065+0000] {processor.py:183} INFO - Processing /usr/local/python/3.12.1/lib/python3.12/site-packages/airflow/example_dags/example_latest_only.py took 0.057 seconds
[2026-05-06T23:24:45.649+0000] {processor.py:161} INFO - Started process (PID=16791) to work on /usr/local/python/3.12.1/lib/python3.12/site-packages/airflow/example_dags/example_latest_only.py
[2026-05-06T23:24:45.650+0000] {processor.py:830} INFO - Processing file /usr/local/python/3.12.1/lib/python3.12/site-packages/airflow/example_dags/example_latest_only.py for tasks to queue
[2026-05-06T23:24:45.651+0000] {logging_mixin.py:188} INFO - [2026-05-06T23:24:45.651+0000] {dagbag.py:545} INFO - Filling up the DagBag from /usr/local/python/3.12.1/lib/python3.12/site-packages/airflow/example_dags/example_latest_only.py
[2026-05-06T23:24:45.655+0000] {processor.py:840} INFO - DAG(s) 'latest_only' retrieved from /usr/local/python/3.12.1/lib/python3.12/site-packages/airflow/example_dags/example_latest_only.py
[2026-05-06T23:24:45.667+0000] {logging_mixin.py:188} INFO - [2026-05-06T23:24:45.667+0000] {dag.py:3096} INFO - Sync 1 DAGs
[2026-05-06T23:24:45.681+0000] {logging_mixin.py:188} INFO - [2026-05-06T23:24:45.681+0000] {dag.py:3954} INFO - Setting next_dagrun for latest_only to 2026-05-06 16:00:00+00:00, run_after=2026-05-06 20:00:00+00:00
[2026-05-06T23:24:45.697+0000] {processor.py:183} INFO - Processing /usr/local/python/3.12.1/lib/python3.12/site-packages/airflow/example_dags/example_latest_only.py took 0.052 seconds
[2026-05-06T23:25:44.051+0000] {processor.py:161} INFO - Started process (PID=17341) to work on /usr/local/python/3.12.1/lib/python3.12/site-packages/airflow/example_dags/example_latest_only.py
[2026-05-06T23:25:44.052+0000] {processor.py:830} INFO - Processing file /usr/local/python/3.12.1/lib/python3.12/site-packages/airflow/example_dags/example_latest_only.py for tasks to queue
[2026-05-06T23:25:44.053+0000] {logging_mixin.py:188} INFO - [2026-05-06T23:25:44.053+0000] {dagbag.py:545} INFO - Filling up the DagBag from /usr/local/python/3.12.1/lib/python3.12/site-packages/airflow/example_dags/example_latest_only.py
[2026-05-06T23:25:44.057+0000] {processor.py:840} INFO - DAG(s) 'latest_only' retrieved from /usr/local/python/3.12.1/lib/python3.12/site-packages/airflow/example_dags/example_latest_only.py
[2026-05-06T23:25:44.069+0000] {logging_mixin.py:188} INFO - [2026-05-06T23:25:44.069+0000] {dag.py:3096} INFO - Sync 1 DAGs
[2026-05-06T23:25:44.084+0000] {logging_mixin.py:188} INFO - [2026-05-06T23:25:44.084+0000] {dag.py:3954} INFO - Setting next_dagrun for latest_only to 2026-05-06 16:00:00+00:00, run_after=2026-05-06 20:00:00+00:00
[2026-05-06T23:25:44.100+0000] {processor.py:183} INFO - Processing /usr/local/python/3.12.1/lib/python3.12/site-packages/airflow/example_dags/example_latest_only.py took 0.053 seconds
[2026-05-06T23:26:43.708+0000] {processor.py:161} INFO - Started process (PID=17834) to work on /usr/local/python/3.12.1/lib/python3.12/site-packages/airflow/example_dags/example_latest_only.py
[2026-05-06T23:26:43.709+0000] {processor.py:830} INFO - Processing file /usr/local/python/3.12.1/lib/python3.12/site-packages/airflow/example_dags/example_latest_only.py for tasks to queue
[2026-05-06T23:26:43.711+0000] {logging_mixin.py:188} INFO - [2026-05-06T23:26:43.711+0000] {dagbag.py:545} INFO - Filling up the DagBag from /usr/local/python/3.12.1/lib/python3.12/site-packages/airflow/example_dags/example_latest_only.py
[2026-05-06T23:26:43.728+0000] {processor.py:840} INFO - DAG(s) 'latest_only' retrieved from /usr/local/python/3.12.1/lib/python3.12/site-packages/airflow/example_dags/example_latest_only.py
[2026-05-06T23:26:43.750+0000] {logging_mixin.py:188} INFO - [2026-05-06T23:26:43.750+0000] {dag.py:3096} INFO - Sync 1 DAGs
[2026-05-06T23:26:43.776+0000] {logging_mixin.py:188} INFO - [2026-05-06T23:26:43.776+0000] {dag.py:3954} INFO - Setting next_dagrun for latest_only to 2026-05-06 16:00:00+00:00, run_after=2026-05-06 20:00:00+00:00
[2026-05-06T23:26:43.796+0000] {processor.py:183} INFO - Processing /usr/local/python/3.12.1/lib/python3.12/site-packages/airflow/example_dags/example_latest_only.py took 0.098 seconds
[2026-05-06T23:27:41.500+0000] {processor.py:161} INFO - Started process (PID=18472) to work on /usr/local/python/3.12.1/lib/python3.12/site-packages/airflow/example_dags/example_latest_only.py
[2026-05-06T23:27:41.501+0000] {processor.py:830} INFO - Processing file /usr/local/python/3.12.1/lib/python3.12/site-packages/airflow/example_dags/example_latest_only.py for tasks to queue
[2026-05-06T23:27:41.502+0000] {logging_mixin.py:188} INFO - [2026-05-06T23:27:41.502+0000] {dagbag.py:545} INFO - Filling up the DagBag from /usr/local/python/3.12.1/lib/python3.12/site-packages/airflow/example_dags/example_latest_only.py
[2026-05-06T23:27:41.506+0000] {processor.py:840} INFO - DAG(s) 'latest_only' retrieved from /usr/local/python/3.12.1/lib/python3.12/site-packages/airflow/example_dags/example_latest_only.py
[2026-05-06T23:27:41.519+0000] {logging_mixin.py:188} INFO - [2026-05-06T23:27:41.518+0000] {dag.py:3096} INFO - Sync 1 DAGs
[2026-05-06T23:27:41.533+0000] {logging_mixin.py:188} INFO - [2026-05-06T23:27:41.533+0000] {dag.py:3954} INFO - Setting next_dagrun for latest_only to 2026-05-06 16:00:00+00:00, run_after=2026-05-06 20:00:00+00:00
[2026-05-06T23:27:41.551+0000] {processor.py:183} INFO - Processing /usr/local/python/3.12.1/lib/python3.12/site-packages/airflow/example_dags/example_latest_only.py took 0.056 seconds
[2026-05-06T23:28:42.505+0000] {processor.py:161} INFO - Started process (PID=18987) to work on /usr/local/python/3.12.1/lib/python3.12/site-packages/airflow/example_dags/example_latest_only.py
[2026-05-06T23:28:42.506+0000] {processor.py:830} INFO - Processing file /usr/local/python/3.12.1/lib/python3.12/site-packages/airflow/example_dags/example_latest_only.py for tasks to queue
[2026-05-06T23:28:42.507+0000] {logging_mixin.py:188} INFO - [2026-05-06T23:28:42.507+0000] {dagbag.py:545} INFO - Filling up the DagBag from /usr/local/python/3.12.1/lib/python3.12/site-packages/airflow/example_dags/example_latest_only.py
[2026-05-06T23:28:42.511+0000] {processor.py:840} INFO - DAG(s) 'latest_only' retrieved from /usr/local/python/3.12.1/lib/python3.12/site-packages/airflow/example_dags/example_latest_only.py
[2026-05-06T23:28:42.523+0000] {logging_mixin.py:188} INFO - [2026-05-06T23:28:42.523+0000] {dag.py:3096} INFO - Sync 1 DAGs
[2026-05-06T23:28:42.538+0000] {logging_mixin.py:188} INFO - [2026-05-06T23:28:42.538+0000] {dag.py:3954} INFO - Setting next_dagrun for latest_only to 2026-05-06 16:00:00+00:00, run_after=2026-05-06 20:00:00+00:00
[2026-05-06T23:28:42.554+0000] {processor.py:183} INFO - Processing /usr/local/python/3.12.1/lib/python3.12/site-packages/airflow/example_dags/example_latest_only.py took 0.054 seconds
[2026-05-06T23:31:55.053+0000] {processor.py:161} INFO - Started process (PID=20837) to work on /usr/local/python/3.12.1/lib/python3.12/site-packages/airflow/example_dags/example_latest_only.py
[2026-05-06T23:31:55.054+0000] {processor.py:830} INFO - Processing file /usr/local/python/3.12.1/lib/python3.12/site-packages/airflow/example_dags/example_latest_only.py for tasks to queue
[2026-05-06T23:31:55.055+0000] {logging_mixin.py:188} INFO - [2026-05-06T23:31:55.055+0000] {dagbag.py:545} INFO - Filling up the DagBag from /usr/local/python/3.12.1/lib/python3.12/site-packages/airflow/example_dags/example_latest_only.py
[2026-05-06T23:31:55.059+0000] {processor.py:840} INFO - DAG(s) 'latest_only' retrieved from /usr/local/python/3.12.1/lib/python3.12/site-packages/airflow/example_dags/example_latest_only.py
[2026-05-06T23:31:55.073+0000] {logging_mixin.py:188} INFO - [2026-05-06T23:31:55.073+0000] {dag.py:3096} INFO - Sync 1 DAGs
[2026-05-06T23:31:55.088+0000] {logging_mixin.py:188} INFO - [2026-05-06T23:31:55.088+0000] {dag.py:3954} INFO - Setting next_dagrun for latest_only to 2026-05-06 16:00:00+00:00, run_after=2026-05-06 20:00:00+00:00
[2026-05-06T23:31:55.104+0000] {processor.py:183} INFO - Processing /usr/local/python/3.12.1/lib/python3.12/site-packages/airflow/example_dags/example_latest_only.py took 0.055 seconds
[2026-05-06T23:32:43.337+0000] {processor.py:161} INFO - Started process (PID=21192) to work on /usr/local/python/3.12.1/lib/python3.12/site-packages/airflow/example_dags/example_latest_only.py
[2026-05-06T23:32:43.338+0000] {processor.py:830} INFO - Processing file /usr/local/python/3.12.1/lib/python3.12/site-packages/airflow/example_dags/example_latest_only.py for tasks to queue
[2026-05-06T23:32:43.339+0000] {logging_mixin.py:188} INFO - [2026-05-06T23:32:43.339+0000] {dagbag.py:545} INFO - Filling up the DagBag from /usr/local/python/3.12.1/lib/python3.12/site-packages/airflow/example_dags/example_latest_only.py
[2026-05-06T23:32:43.343+0000] {processor.py:840} INFO - DAG(s) 'latest_only' retrieved from /usr/local/python/3.12.1/lib/python3.12/site-packages/airflow/example_dags/example_latest_only.py
[2026-05-06T23:32:43.356+0000] {logging_mixin.py:188} INFO - [2026-05-06T23:32:43.356+0000] {dag.py:3096} INFO - Sync 1 DAGs
[2026-05-06T23:32:43.371+0000] {logging_mixin.py:188} INFO - [2026-05-06T23:32:43.370+0000] {dag.py:3954} INFO - Setting next_dagrun for latest_only to 2026-05-06 16:00:00+00:00, run_after=2026-05-06 20:00:00+00:00
[2026-05-06T23:32:43.387+0000] {processor.py:183} INFO - Processing /usr/local/python/3.12.1/lib/python3.12/site-packages/airflow/example_dags/example_latest_only.py took 0.055 seconds
[2026-05-06T23:33:39.339+0000] {processor.py:161} INFO - Started process (PID=21646) to work on /usr/local/python/3.12.1/lib/python3.12/site-packages/airflow/example_dags/example_latest_only.py
[2026-05-06T23:33:39.340+0000] {processor.py:830} INFO - Processing file /usr/local/python/3.12.1/lib/python3.12/site-packages/airflow/example_dags/example_latest_only.py for tasks to queue
[2026-05-06T23:33:39.341+0000] {logging_mixin.py:188} INFO - [2026-05-06T23:33:39.341+0000] {dagbag.py:545} INFO - Filling up the DagBag from /usr/local/python/3.12.1/lib/python3.12/site-packages/airflow/example_dags/example_latest_only.py
[2026-05-06T23:33:39.345+0000] {processor.py:840} INFO - DAG(s) 'latest_only' retrieved from /usr/local/python/3.12.1/lib/python3.12/site-packages/airflow/example_dags/example_latest_only.py
[2026-05-06T23:33:39.358+0000] {logging_mixin.py:188} INFO - [2026-05-06T23:33:39.358+0000] {dag.py:3096} INFO - Sync 1 DAGs
[2026-05-06T23:33:39.373+0000] {logging_mixin.py:188} INFO - [2026-05-06T23:33:39.373+0000] {dag.py:3954} INFO - Setting next_dagrun for latest_only to 2026-05-06 16:00:00+00:00, run_after=2026-05-06 20:00:00+00:00
[2026-05-06T23:33:39.390+0000] {processor.py:183} INFO - Processing /usr/local/python/3.12.1/lib/python3.12/site-packages/airflow/example_dags/example_latest_only.py took 0.055 seconds
[2026-05-06T23:34:38.738+0000] {processor.py:161} INFO - Started process (PID=22130) to work on /usr/local/python/3.12.1/lib/python3.12/site-packages/airflow/example_dags/example_latest_only.py
[2026-05-06T23:34:38.739+0000] {processor.py:830} INFO - Processing file /usr/local/python/3.12.1/lib/python3.12/site-packages/airflow/example_dags/example_latest_only.py for tasks to queue
[2026-05-06T23:34:38.740+0000] {logging_mixin.py:188} INFO - [2026-05-06T23:34:38.740+0000] {dagbag.py:545} INFO - Filling up the DagBag from /usr/local/python/3.12.1/lib/python3.12/site-packages/airflow/example_dags/example_latest_only.py
[2026-05-06T23:34:38.744+0000] {processor.py:840} INFO - DAG(s) 'latest_only' retrieved from /usr/local/python/3.12.1/lib/python3.12/site-packages/airflow/example_dags/example_latest_only.py
[2026-05-06T23:34:38.756+0000] {logging_mixin.py:188} INFO - [2026-05-06T23:34:38.756+0000] {dag.py:3096} INFO - Sync 1 DAGs
[2026-05-06T23:34:38.775+0000] {logging_mixin.py:188} INFO - [2026-05-06T23:34:38.775+0000] {dag.py:3954} INFO - Setting next_dagrun for latest_only to 2026-05-06 16:00:00+00:00, run_after=2026-05-06 20:00:00+00:00
[2026-05-06T23:34:38.790+0000] {processor.py:183} INFO - Processing /usr/local/python/3.12.1/lib/python3.12/site-packages/airflow/example_dags/example_latest_only.py took 0.057 seconds
[2026-05-06T23:35:33.807+0000] {processor.py:161} INFO - Started process (PID=22553) to work on /usr/local/python/3.12.1/lib/python3.12/site-packages/airflow/example_dags/example_latest_only.py
[2026-05-06T23:35:33.808+0000] {processor.py:830} INFO - Processing file /usr/local/python/3.12.1/lib/python3.12/site-packages/airflow/example_dags/example_latest_only.py for tasks to queue
[2026-05-06T23:35:33.810+0000] {logging_mixin.py:188} INFO - [2026-05-06T23:35:33.809+0000] {dagbag.py:545} INFO - Filling up the DagBag from /usr/local/python/3.12.1/lib/python3.12/site-packages/airflow/example_dags/example_latest_only.py
[2026-05-06T23:35:33.814+0000] {processor.py:840} INFO - DAG(s) 'latest_only' retrieved from /usr/local/python/3.12.1/lib/python3.12/site-packages/airflow/example_dags/example_latest_only.py
[2026-05-06T23:35:33.827+0000] {logging_mixin.py:188} INFO - [2026-05-06T23:35:33.826+0000] {dag.py:3096} INFO - Sync 1 DAGs
[2026-05-06T23:35:33.842+0000] {logging_mixin.py:188} INFO - [2026-05-06T23:35:33.842+0000] {dag.py:3954} INFO - Setting next_dagrun for latest_only to 2026-05-06 16:00:00+00:00, run_after=2026-05-06 20:00:00+00:00
[2026-05-06T23:35:33.859+0000] {processor.py:183} INFO - Processing /usr/local/python/3.12.1/lib/python3.12/site-packages/airflow/example_dags/example_latest_only.py took 0.056 seconds
[2026-05-06T23:36:22.791+0000] {processor.py:161} INFO - Started process (PID=22936) to work on /usr/local/python/3.12.1/lib/python3.12/site-packages/airflow/example_dags/example_latest_only.py
[2026-05-06T23:36:22.792+0000] {processor.py:830} INFO - Processing file /usr/local/python/3.12.1/lib/python3.12/site-packages/airflow/example_dags/example_latest_only.py for tasks to queue
[2026-05-06T23:36:22.793+0000] {logging_mixin.py:188} INFO - [2026-05-06T23:36:22.793+0000] {dagbag.py:545} INFO - Filling up the DagBag from /usr/local/python/3.12.1/lib/python3.12/site-packages/airflow/example_dags/example_latest_only.py
[2026-05-06T23:36:22.797+0000] {processor.py:840} INFO - DAG(s) 'latest_only' retrieved from /usr/local/python/3.12.1/lib/python3.12/site-packages/airflow/example_dags/example_latest_only.py
[2026-05-06T23:36:22.810+0000] {logging_mixin.py:188} INFO - [2026-05-06T23:36:22.810+0000] {dag.py:3096} INFO - Sync 1 DAGs
[2026-05-06T23:36:22.828+0000] {logging_mixin.py:188} INFO - [2026-05-06T23:36:22.828+0000] {dag.py:3954} INFO - Setting next_dagrun for latest_only to 2026-05-06 16:00:00+00:00, run_after=2026-05-06 20:00:00+00:00
[2026-05-06T23:36:22.846+0000] {processor.py:183} INFO - Processing /usr/local/python/3.12.1/lib/python3.12/site-packages/airflow/example_dags/example_latest_only.py took 0.060 seconds
[2026-05-06T23:37:20.372+0000] {processor.py:161} INFO - Started process (PID=23385) to work on /usr/local/python/3.12.1/lib/python3.12/site-packages/airflow/example_dags/example_latest_only.py
[2026-05-06T23:37:20.373+0000] {processor.py:830} INFO - Processing file /usr/local/python/3.12.1/lib/python3.12/site-packages/airflow/example_dags/example_latest_only.py for tasks to queue
[2026-05-06T23:37:20.374+0000] {logging_mixin.py:188} INFO - [2026-05-06T23:37:20.374+0000] {dagbag.py:545} INFO - Filling up the DagBag from /usr/local/python/3.12.1/lib/python3.12/site-packages/airflow/example_dags/example_latest_only.py
[2026-05-06T23:37:20.378+0000] {processor.py:840} INFO - DAG(s) 'latest_only' retrieved from /usr/local/python/3.12.1/lib/python3.12/site-packages/airflow/example_dags/example_latest_only.py
[2026-05-06T23:37:20.392+0000] {logging_mixin.py:188} INFO - [2026-05-06T23:37:20.392+0000] {dag.py:3096} INFO - Sync 1 DAGs
[2026-05-06T23:37:20.408+0000] {logging_mixin.py:188} INFO - [2026-05-06T23:37:20.408+0000] {dag.py:3954} INFO - Setting next_dagrun for latest_only to 2026-05-06 16:00:00+00:00, run_after=2026-05-06 20:00:00+00:00
[2026-05-06T23:37:20.426+0000] {processor.py:183} INFO - Processing /usr/local/python/3.12.1/lib/python3.12/site-packages/airflow/example_dags/example_latest_only.py took 0.059 seconds
[2026-05-06T23:38:17.679+0000] {processor.py:161} INFO - Started process (PID=23823) to work on /usr/local/python/3.12.1/lib/python3.12/site-packages/airflow/example_dags/example_latest_only.py
[2026-05-06T23:38:17.680+0000] {processor.py:830} INFO - Processing file /usr/local/python/3.12.1/lib/python3.12/site-packages/airflow/example_dags/example_latest_only.py for tasks to queue
[2026-05-06T23:38:17.682+0000] {logging_mixin.py:188} INFO - [2026-05-06T23:38:17.681+0000] {dagbag.py:545} INFO - Filling up the DagBag from /usr/local/python/3.12.1/lib/python3.12/site-packages/airflow/example_dags/example_latest_only.py
[2026-05-06T23:38:17.686+0000] {processor.py:840} INFO - DAG(s) 'latest_only' retrieved from /usr/local/python/3.12.1/lib/python3.12/site-packages/airflow/example_dags/example_latest_only.py
[2026-05-06T23:38:17.699+0000] {logging_mixin.py:188} INFO - [2026-05-06T23:38:17.699+0000] {dag.py:3096} INFO - Sync 1 DAGs
[2026-05-06T23:38:17.714+0000] {logging_mixin.py:188} INFO - [2026-05-06T23:38:17.714+0000] {dag.py:3954} INFO - Setting next_dagrun for latest_only to 2026-05-06 16:00:00+00:00, run_after=2026-05-06 20:00:00+00:00
[2026-05-06T23:38:17.731+0000] {processor.py:183} INFO - Processing /usr/local/python/3.12.1/lib/python3.12/site-packages/airflow/example_dags/example_latest_only.py took 0.056 seconds
[2026-05-06T23:39:16.106+0000] {processor.py:161} INFO - Started process (PID=24281) to work on /usr/local/python/3.12.1/lib/python3.12/site-packages/airflow/example_dags/example_latest_only.py
[2026-05-06T23:39:16.107+0000] {processor.py:830} INFO - Processing file /usr/local/python/3.12.1/lib/python3.12/site-packages/airflow/example_dags/example_latest_only.py for tasks to queue
[2026-05-06T23:39:16.108+0000] {logging_mixin.py:188} INFO - [2026-05-06T23:39:16.108+0000] {dagbag.py:545} INFO - Filling up the DagBag from /usr/local/python/3.12.1/lib/python3.12/site-packages/airflow/example_dags/example_latest_only.py
[2026-05-06T23:39:16.112+0000] {processor.py:840} INFO - DAG(s) 'latest_only' retrieved from /usr/local/python/3.12.1/lib/python3.12/site-packages/airflow/example_dags/example_latest_only.py
[2026-05-06T23:39:16.127+0000] {logging_mixin.py:188} INFO - [2026-05-06T23:39:16.126+0000] {dag.py:3096} INFO - Sync 1 DAGs
[2026-05-06T23:39:16.142+0000] {logging_mixin.py:188} INFO - [2026-05-06T23:39:16.142+0000] {dag.py:3954} INFO - Setting next_dagrun for latest_only to 2026-05-06 16:00:00+00:00, run_after=2026-05-06 20:00:00+00:00
[2026-05-06T23:39:16.164+0000] {processor.py:183} INFO - Processing /usr/local/python/3.12.1/lib/python3.12/site-packages/airflow/example_dags/example_latest_only.py took 0.063 seconds
[2026-05-06T23:40:13.987+0000] {processor.py:161} INFO - Started process (PID=24739) to work on /usr/local/python/3.12.1/lib/python3.12/site-packages/airflow/example_dags/example_latest_only.py
[2026-05-06T23:40:13.988+0000] {processor.py:830} INFO - Processing file /usr/local/python/3.12.1/lib/python3.12/site-packages/airflow/example_dags/example_latest_only.py for tasks to queue
[2026-05-06T23:40:13.989+0000] {logging_mixin.py:188} INFO - [2026-05-06T23:40:13.989+0000] {dagbag.py:545} INFO - Filling up the DagBag from /usr/local/python/3.12.1/lib/python3.12/site-packages/airflow/example_dags/example_latest_only.py
[2026-05-06T23:40:13.993+0000] {processor.py:840} INFO - DAG(s) 'latest_only' retrieved from /usr/local/python/3.12.1/lib/python3.12/site-packages/airflow/example_dags/example_latest_only.py
[2026-05-06T23:40:14.007+0000] {logging_mixin.py:188} INFO - [2026-05-06T23:40:14.006+0000] {dag.py:3096} INFO - Sync 1 DAGs
[2026-05-06T23:40:14.121+0000] {logging_mixin.py:188} INFO - [2026-05-06T23:40:14.120+0000] {dag.py:3954} INFO - Setting next_dagrun for latest_only to 2026-05-06 16:00:00+00:00, run_after=2026-05-06 20:00:00+00:00
[2026-05-06T23:40:14.137+0000] {processor.py:183} INFO - Processing /usr/local/python/3.12.1/lib/python3.12/site-packages/airflow/example_dags/example_latest_only.py took 0.155 seconds
[2026-05-06T23:41:14.814+0000] {processor.py:161} INFO - Started process (PID=25214) to work on /usr/local/python/3.12.1/lib/python3.12/site-packages/airflow/example_dags/example_latest_only.py
[2026-05-06T23:41:14.815+0000] {processor.py:830} INFO - Processing file /usr/local/python/3.12.1/lib/python3.12/site-packages/airflow/example_dags/example_latest_only.py for tasks to queue
[2026-05-06T23:41:14.816+0000] {logging_mixin.py:188} INFO - [2026-05-06T23:41:14.816+0000] {dagbag.py:545} INFO - Filling up the DagBag from /usr/local/python/3.12.1/lib/python3.12/site-packages/airflow/example_dags/example_latest_only.py
[2026-05-06T23:41:14.820+0000] {processor.py:840} INFO - DAG(s) 'latest_only' retrieved from /usr/local/python/3.12.1/lib/python3.12/site-packages/airflow/example_dags/example_latest_only.py
[2026-05-06T23:41:14.833+0000] {logging_mixin.py:188} INFO - [2026-05-06T23:41:14.833+0000] {dag.py:3096} INFO - Sync 1 DAGs
[2026-05-06T23:41:14.854+0000] {logging_mixin.py:188} INFO - [2026-05-06T23:41:14.854+0000] {dag.py:3954} INFO - Setting next_dagrun for latest_only to 2026-05-06 16:00:00+00:00, run_after=2026-05-06 20:00:00+00:00
[2026-05-06T23:41:14.872+0000] {processor.py:183} INFO - Processing /usr/local/python/3.12.1/lib/python3.12/site-packages/airflow/example_dags/example_latest_only.py took 0.062 seconds
[2026-05-06T23:42:14.078+0000] {processor.py:161} INFO - Started process (PID=25673) to work on /usr/local/python/3.12.1/lib/python3.12/site-packages/airflow/example_dags/example_latest_only.py
[2026-05-06T23:42:14.079+0000] {processor.py:830} INFO - Processing file /usr/local/python/3.12.1/lib/python3.12/site-packages/airflow/example_dags/example_latest_only.py for tasks to queue
[2026-05-06T23:42:14.080+0000] {logging_mixin.py:188} INFO - [2026-05-06T23:42:14.080+0000] {dagbag.py:545} INFO - Filling up the DagBag from /usr/local/python/3.12.1/lib/python3.12/site-packages/airflow/example_dags/example_latest_only.py
[2026-05-06T23:42:14.084+0000] {processor.py:840} INFO - DAG(s) 'latest_only' retrieved from /usr/local/python/3.12.1/lib/python3.12/site-packages/airflow/example_dags/example_latest_only.py
[2026-05-06T23:42:14.098+0000] {logging_mixin.py:188} INFO - [2026-05-06T23:42:14.098+0000] {dag.py:3096} INFO - Sync 1 DAGs
[2026-05-06T23:42:14.113+0000] {logging_mixin.py:188} INFO - [2026-05-06T23:42:14.113+0000] {dag.py:3954} INFO - Setting next_dagrun for latest_only to 2026-05-06 16:00:00+00:00, run_after=2026-05-06 20:00:00+00:00
[2026-05-06T23:42:14.131+0000] {processor.py:183} INFO - Processing /usr/local/python/3.12.1/lib/python3.12/site-packages/airflow/example_dags/example_latest_only.py took 0.059 seconds
[2026-05-06T23:43:17.103+0000] {processor.py:161} INFO - Started process (PID=26164) to work on /usr/local/python/3.12.1/lib/python3.12/site-packages/airflow/example_dags/example_latest_only.py
[2026-05-06T23:43:17.104+0000] {processor.py:830} INFO - Processing file /usr/local/python/3.12.1/lib/python3.12/site-packages/airflow/example_dags/example_latest_only.py for tasks to queue
[2026-05-06T23:43:17.105+0000] {logging_mixin.py:188} INFO - [2026-05-06T23:43:17.105+0000] {dagbag.py:545} INFO - Filling up the DagBag from /usr/local/python/3.12.1/lib/python3.12/site-packages/airflow/example_dags/example_latest_only.py
[2026-05-06T23:43:17.109+0000] {processor.py:840} INFO - DAG(s) 'latest_only' retrieved from /usr/local/python/3.12.1/lib/python3.12/site-packages/airflow/example_dags/example_latest_only.py
[2026-05-06T23:43:17.123+0000] {logging_mixin.py:188} INFO - [2026-05-06T23:43:17.123+0000] {dag.py:3096} INFO - Sync 1 DAGs
[2026-05-06T23:43:17.139+0000] {logging_mixin.py:188} INFO - [2026-05-06T23:43:17.139+0000] {dag.py:3954} INFO - Setting next_dagrun for latest_only to 2026-05-06 16:00:00+00:00, run_after=2026-05-06 20:00:00+00:00
[2026-05-06T23:43:17.157+0000] {processor.py:183} INFO - Processing /usr/local/python/3.12.1/lib/python3.12/site-packages/airflow/example_dags/example_latest_only.py took 0.059 seconds
[2026-05-06T23:44:14.093+0000] {processor.py:161} INFO - Started process (PID=26593) to work on /usr/local/python/3.12.1/lib/python3.12/site-packages/airflow/example_dags/example_latest_only.py
[2026-05-06T23:44:14.094+0000] {processor.py:830} INFO - Processing file /usr/local/python/3.12.1/lib/python3.12/site-packages/airflow/example_dags/example_latest_only.py for tasks to queue
[2026-05-06T23:44:14.095+0000] {logging_mixin.py:188} INFO - [2026-05-06T23:44:14.095+0000] {dagbag.py:545} INFO - Filling up the DagBag from /usr/local/python/3.12.1/lib/python3.12/site-packages/airflow/example_dags/example_latest_only.py
[2026-05-06T23:44:14.099+0000] {processor.py:840} INFO - DAG(s) 'latest_only' retrieved from /usr/local/python/3.12.1/lib/python3.12/site-packages/airflow/example_dags/example_latest_only.py
[2026-05-06T23:44:14.113+0000] {logging_mixin.py:188} INFO - [2026-05-06T23:44:14.112+0000] {dag.py:3096} INFO - Sync 1 DAGs
[2026-05-06T23:44:14.128+0000] {logging_mixin.py:188} INFO - [2026-05-06T23:44:14.128+0000] {dag.py:3954} INFO - Setting next_dagrun for latest_only to 2026-05-06 16:00:00+00:00, run_after=2026-05-06 20:00:00+00:00
[2026-05-06T23:44:14.146+0000] {processor.py:183} INFO - Processing /usr/local/python/3.12.1/lib/python3.12/site-packages/airflow/example_dags/example_latest_only.py took 0.058 seconds
[2026-05-06T23:45:11.846+0000] {processor.py:161} INFO - Started process (PID=27051) to work on /usr/local/python/3.12.1/lib/python3.12/site-packages/airflow/example_dags/example_latest_only.py
[2026-05-06T23:45:11.847+0000] {processor.py:830} INFO - Processing file /usr/local/python/3.12.1/lib/python3.12/site-packages/airflow/example_dags/example_latest_only.py for tasks to queue
[2026-05-06T23:45:11.848+0000] {logging_mixin.py:188} INFO - [2026-05-06T23:45:11.848+0000] {dagbag.py:545} INFO - Filling up the DagBag from /usr/local/python/3.12.1/lib/python3.12/site-packages/airflow/example_dags/example_latest_only.py
[2026-05-06T23:45:11.852+0000] {processor.py:840} INFO - DAG(s) 'latest_only' retrieved from /usr/local/python/3.12.1/lib/python3.12/site-packages/airflow/example_dags/example_latest_only.py
[2026-05-06T23:45:11.866+0000] {logging_mixin.py:188} INFO - [2026-05-06T23:45:11.866+0000] {dag.py:3096} INFO - Sync 1 DAGs
[2026-05-06T23:45:11.881+0000] {logging_mixin.py:188} INFO - [2026-05-06T23:45:11.881+0000] {dag.py:3954} INFO - Setting next_dagrun for latest_only to 2026-05-06 16:00:00+00:00, run_after=2026-05-06 20:00:00+00:00
[2026-05-06T23:45:11.898+0000] {processor.py:183} INFO - Processing /usr/local/python/3.12.1/lib/python3.12/site-packages/airflow/example_dags/example_latest_only.py took 0.057 seconds
[2026-05-06T23:46:11.780+0000] {processor.py:161} INFO - Started process (PID=27515) to work on /usr/local/python/3.12.1/lib/python3.12/site-packages/airflow/example_dags/example_latest_only.py
[2026-05-06T23:46:11.780+0000] {processor.py:830} INFO - Processing file /usr/local/python/3.12.1/lib/python3.12/site-packages/airflow/example_dags/example_latest_only.py for tasks to queue
[2026-05-06T23:46:11.782+0000] {logging_mixin.py:188} INFO - [2026-05-06T23:46:11.781+0000] {dagbag.py:545} INFO - Filling up the DagBag from /usr/local/python/3.12.1/lib/python3.12/site-packages/airflow/example_dags/example_latest_only.py
[2026-05-06T23:46:11.786+0000] {processor.py:840} INFO - DAG(s) 'latest_only' retrieved from /usr/local/python/3.12.1/lib/python3.12/site-packages/airflow/example_dags/example_latest_only.py
[2026-05-06T23:46:11.800+0000] {logging_mixin.py:188} INFO - [2026-05-06T23:46:11.800+0000] {dag.py:3096} INFO - Sync 1 DAGs
[2026-05-06T23:46:11.816+0000] {logging_mixin.py:188} INFO - [2026-05-06T23:46:11.816+0000] {dag.py:3954} INFO - Setting next_dagrun for latest_only to 2026-05-06 16:00:00+00:00, run_after=2026-05-06 20:00:00+00:00
[2026-05-06T23:46:11.834+0000] {processor.py:183} INFO - Processing /usr/local/python/3.12.1/lib/python3.12/site-packages/airflow/example_dags/example_latest_only.py took 0.060 seconds
[2026-05-06T23:47:08.163+0000] {processor.py:161} INFO - Started process (PID=27967) to work on /usr/local/python/3.12.1/lib/python3.12/site-packages/airflow/example_dags/example_latest_only.py
[2026-05-06T23:47:08.164+0000] {processor.py:830} INFO - Processing file /usr/local/python/3.12.1/lib/python3.12/site-packages/airflow/example_dags/example_latest_only.py for tasks to queue
[2026-05-06T23:47:08.165+0000] {logging_mixin.py:188} INFO - [2026-05-06T23:47:08.165+0000] {dagbag.py:545} INFO - Filling up the DagBag from /usr/local/python/3.12.1/lib/python3.12/site-packages/airflow/example_dags/example_latest_only.py
[2026-05-06T23:47:08.169+0000] {processor.py:840} INFO - DAG(s) 'latest_only' retrieved from /usr/local/python/3.12.1/lib/python3.12/site-packages/airflow/example_dags/example_latest_only.py
[2026-05-06T23:47:08.188+0000] {logging_mixin.py:188} INFO - [2026-05-06T23:47:08.188+0000] {dag.py:3096} INFO - Sync 1 DAGs
[2026-05-06T23:47:08.205+0000] {logging_mixin.py:188} INFO - [2026-05-06T23:47:08.205+0000] {dag.py:3954} INFO - Setting next_dagrun for latest_only to 2026-05-06 16:00:00+00:00, run_after=2026-05-06 20:00:00+00:00
[2026-05-06T23:47:08.225+0000] {processor.py:183} INFO - Processing /usr/local/python/3.12.1/lib/python3.12/site-packages/airflow/example_dags/example_latest_only.py took 0.067 seconds
[2026-05-06T23:48:10.759+0000] {processor.py:161} INFO - Started process (PID=28446) to work on /usr/local/python/3.12.1/lib/python3.12/site-packages/airflow/example_dags/example_latest_only.py
[2026-05-06T23:48:10.760+0000] {processor.py:830} INFO - Processing file /usr/local/python/3.12.1/lib/python3.12/site-packages/airflow/example_dags/example_latest_only.py for tasks to queue
[2026-05-06T23:48:10.762+0000] {logging_mixin.py:188} INFO - [2026-05-06T23:48:10.761+0000] {dagbag.py:545} INFO - Filling up the DagBag from /usr/local/python/3.12.1/lib/python3.12/site-packages/airflow/example_dags/example_latest_only.py
[2026-05-06T23:48:10.766+0000] {processor.py:840} INFO - DAG(s) 'latest_only' retrieved from /usr/local/python/3.12.1/lib/python3.12/site-packages/airflow/example_dags/example_latest_only.py
[2026-05-06T23:48:10.782+0000] {logging_mixin.py:188} INFO - [2026-05-06T23:48:10.782+0000] {dag.py:3096} INFO - Sync 1 DAGs
[2026-05-06T23:48:10.810+0000] {logging_mixin.py:188} INFO - [2026-05-06T23:48:10.809+0000] {dag.py:3954} INFO - Setting next_dagrun for latest_only to 2026-05-06 16:00:00+00:00, run_after=2026-05-06 20:00:00+00:00
[2026-05-06T23:48:10.837+0000] {processor.py:183} INFO - Processing /usr/local/python/3.12.1/lib/python3.12/site-packages/airflow/example_dags/example_latest_only.py took 0.083 seconds
[2026-05-06T23:49:09.681+0000] {processor.py:161} INFO - Started process (PID=28914) to work on /usr/local/python/3.12.1/lib/python3.12/site-packages/airflow/example_dags/example_latest_only.py
[2026-05-06T23:49:09.681+0000] {processor.py:830} INFO - Processing file /usr/local/python/3.12.1/lib/python3.12/site-packages/airflow/example_dags/example_latest_only.py for tasks to queue
[2026-05-06T23:49:09.683+0000] {logging_mixin.py:188} INFO - [2026-05-06T23:49:09.683+0000] {dagbag.py:545} INFO - Filling up the DagBag from /usr/local/python/3.12.1/lib/python3.12/site-packages/airflow/example_dags/example_latest_only.py
[2026-05-06T23:49:09.687+0000] {processor.py:840} INFO - DAG(s) 'latest_only' retrieved from /usr/local/python/3.12.1/lib/python3.12/site-packages/airflow/example_dags/example_latest_only.py
[2026-05-06T23:49:09.700+0000] {logging_mixin.py:188} INFO - [2026-05-06T23:49:09.700+0000] {dag.py:3096} INFO - Sync 1 DAGs
[2026-05-06T23:49:09.715+0000] {logging_mixin.py:188} INFO - [2026-05-06T23:49:09.715+0000] {dag.py:3954} INFO - Setting next_dagrun for latest_only to 2026-05-06 16:00:00+00:00, run_after=2026-05-06 20:00:00+00:00
[2026-05-06T23:49:09.732+0000] {processor.py:183} INFO - Processing /usr/local/python/3.12.1/lib/python3.12/site-packages/airflow/example_dags/example_latest_only.py took 0.056 seconds
[2026-05-06T23:50:04.635+0000] {processor.py:161} INFO - Started process (PID=29340) to work on /usr/local/python/3.12.1/lib/python3.12/site-packages/airflow/example_dags/example_latest_only.py
[2026-05-06T23:50:04.636+0000] {processor.py:830} INFO - Processing file /usr/local/python/3.12.1/lib/python3.12/site-packages/airflow/example_dags/example_latest_only.py for tasks to queue
[2026-05-06T23:50:04.637+0000] {logging_mixin.py:188} INFO - [2026-05-06T23:50:04.637+0000] {dagbag.py:545} INFO - Filling up the DagBag from /usr/local/python/3.12.1/lib/python3.12/site-packages/airflow/example_dags/example_latest_only.py
[2026-05-06T23:50:04.641+0000] {processor.py:840} INFO - DAG(s) 'latest_only' retrieved from /usr/local/python/3.12.1/lib/python3.12/site-packages/airflow/example_dags/example_latest_only.py
[2026-05-06T23:50:04.655+0000] {logging_mixin.py:188} INFO - [2026-05-06T23:50:04.655+0000] {dag.py:3096} INFO - Sync 1 DAGs
[2026-05-06T23:50:04.670+0000] {logging_mixin.py:188} INFO - [2026-05-06T23:50:04.670+0000] {dag.py:3954} INFO - Setting next_dagrun for latest_only to 2026-05-06 16:00:00+00:00, run_after=2026-05-06 20:00:00+00:00
[2026-05-06T23:50:04.687+0000] {processor.py:183} INFO - Processing /usr/local/python/3.12.1/lib/python3.12/site-packages/airflow/example_dags/example_latest_only.py took 0.057 seconds
[2026-05-06T23:51:03.722+0000] {processor.py:161} INFO - Started process (PID=29799) to work on /usr/local/python/3.12.1/lib/python3.12/site-packages/airflow/example_dags/example_latest_only.py
[2026-05-06T23:51:03.722+0000] {processor.py:830} INFO - Processing file /usr/local/python/3.12.1/lib/python3.12/site-packages/airflow/example_dags/example_latest_only.py for tasks to queue
[2026-05-06T23:51:03.724+0000] {logging_mixin.py:188} INFO - [2026-05-06T23:51:03.724+0000] {dagbag.py:545} INFO - Filling up the DagBag from /usr/local/python/3.12.1/lib/python3.12/site-packages/airflow/example_dags/example_latest_only.py
[2026-05-06T23:51:03.729+0000] {processor.py:840} INFO - DAG(s) 'latest_only' retrieved from /usr/local/python/3.12.1/lib/python3.12/site-packages/airflow/example_dags/example_latest_only.py
[2026-05-06T23:51:03.750+0000] {logging_mixin.py:188} INFO - [2026-05-06T23:51:03.750+0000] {dag.py:3096} INFO - Sync 1 DAGs
[2026-05-06T23:51:03.778+0000] {logging_mixin.py:188} INFO - [2026-05-06T23:51:03.778+0000] {dag.py:3954} INFO - Setting next_dagrun for latest_only to 2026-05-06 16:00:00+00:00, run_after=2026-05-06 20:00:00+00:00
[2026-05-06T23:51:03.797+0000] {processor.py:183} INFO - Processing /usr/local/python/3.12.1/lib/python3.12/site-packages/airflow/example_dags/example_latest_only.py took 0.080 seconds
[2026-05-06T23:51:57.764+0000] {processor.py:161} INFO - Started process (PID=30212) to work on /usr/local/python/3.12.1/lib/python3.12/site-packages/airflow/example_dags/example_latest_only.py
[2026-05-06T23:51:57.764+0000] {processor.py:830} INFO - Processing file /usr/local/python/3.12.1/lib/python3.12/site-packages/airflow/example_dags/example_latest_only.py for tasks to queue
[2026-05-06T23:51:57.766+0000] {logging_mixin.py:188} INFO - [2026-05-06T23:51:57.766+0000] {dagbag.py:545} INFO - Filling up the DagBag from /usr/local/python/3.12.1/lib/python3.12/site-packages/airflow/example_dags/example_latest_only.py
[2026-05-06T23:51:57.771+0000] {processor.py:840} INFO - DAG(s) 'latest_only' retrieved from /usr/local/python/3.12.1/lib/python3.12/site-packages/airflow/example_dags/example_latest_only.py
[2026-05-06T23:51:57.785+0000] {logging_mixin.py:188} INFO - [2026-05-06T23:51:57.784+0000] {dag.py:3096} INFO - Sync 1 DAGs
[2026-05-06T23:51:57.800+0000] {logging_mixin.py:188} INFO - [2026-05-06T23:51:57.800+0000] {dag.py:3954} INFO - Setting next_dagrun for latest_only to 2026-05-06 16:00:00+00:00, run_after=2026-05-06 20:00:00+00:00
[2026-05-06T23:51:57.817+0000] {processor.py:183} INFO - Processing /usr/local/python/3.12.1/lib/python3.12/site-packages/airflow/example_dags/example_latest_only.py took 0.064 seconds
[2026-05-06T23:52:55.559+0000] {processor.py:161} INFO - Started process (PID=30678) to work on /usr/local/python/3.12.1/lib/python3.12/site-packages/airflow/example_dags/example_latest_only.py
[2026-05-06T23:52:55.560+0000] {processor.py:830} INFO - Processing file /usr/local/python/3.12.1/lib/python3.12/site-packages/airflow/example_dags/example_latest_only.py for tasks to queue
[2026-05-06T23:52:55.562+0000] {logging_mixin.py:188} INFO - [2026-05-06T23:52:55.562+0000] {dagbag.py:545} INFO - Filling up the DagBag from /usr/local/python/3.12.1/lib/python3.12/site-packages/airflow/example_dags/example_latest_only.py
[2026-05-06T23:52:55.567+0000] {processor.py:840} INFO - DAG(s) 'latest_only' retrieved from /usr/local/python/3.12.1/lib/python3.12/site-packages/airflow/example_dags/example_latest_only.py
[2026-05-06T23:52:55.581+0000] {logging_mixin.py:188} INFO - [2026-05-06T23:52:55.580+0000] {dag.py:3096} INFO - Sync 1 DAGs
[2026-05-06T23:52:55.598+0000] {logging_mixin.py:188} INFO - [2026-05-06T23:52:55.597+0000] {dag.py:3954} INFO - Setting next_dagrun for latest_only to 2026-05-06 16:00:00+00:00, run_after=2026-05-06 20:00:00+00:00
[2026-05-06T23:52:55.615+0000] {processor.py:183} INFO - Processing /usr/local/python/3.12.1/lib/python3.12/site-packages/airflow/example_dags/example_latest_only.py took 0.065 seconds
[2026-05-06T23:53:56.363+0000] {processor.py:161} INFO - Started process (PID=31146) to work on /usr/local/python/3.12.1/lib/python3.12/site-packages/airflow/example_dags/example_latest_only.py
[2026-05-06T23:53:56.363+0000] {processor.py:830} INFO - Processing file /usr/local/python/3.12.1/lib/python3.12/site-packages/airflow/example_dags/example_latest_only.py for tasks to queue
[2026-05-06T23:53:56.365+0000] {logging_mixin.py:188} INFO - [2026-05-06T23:53:56.364+0000] {dagbag.py:545} INFO - Filling up the DagBag from /usr/local/python/3.12.1/lib/python3.12/site-packages/airflow/example_dags/example_latest_only.py
[2026-05-06T23:53:56.369+0000] {processor.py:840} INFO - DAG(s) 'latest_only' retrieved from /usr/local/python/3.12.1/lib/python3.12/site-packages/airflow/example_dags/example_latest_only.py
[2026-05-06T23:53:56.382+0000] {logging_mixin.py:188} INFO - [2026-05-06T23:53:56.382+0000] {dag.py:3096} INFO - Sync 1 DAGs
[2026-05-06T23:53:56.400+0000] {logging_mixin.py:188} INFO - [2026-05-06T23:53:56.400+0000] {dag.py:3954} INFO - Setting next_dagrun for latest_only to 2026-05-06 16:00:00+00:00, run_after=2026-05-06 20:00:00+00:00
[2026-05-06T23:53:56.416+0000] {processor.py:183} INFO - Processing /usr/local/python/3.12.1/lib/python3.12/site-packages/airflow/example_dags/example_latest_only.py took 0.059 seconds
[2026-05-06T23:54:55.208+0000] {processor.py:161} INFO - Started process (PID=31610) to work on /usr/local/python/3.12.1/lib/python3.12/site-packages/airflow/example_dags/example_latest_only.py
[2026-05-06T23:54:55.209+0000] {processor.py:830} INFO - Processing file /usr/local/python/3.12.1/lib/python3.12/site-packages/airflow/example_dags/example_latest_only.py for tasks to queue
[2026-05-06T23:54:55.211+0000] {logging_mixin.py:188} INFO - [2026-05-06T23:54:55.210+0000] {dagbag.py:545} INFO - Filling up the DagBag from /usr/local/python/3.12.1/lib/python3.12/site-packages/airflow/example_dags/example_latest_only.py
[2026-05-06T23:54:55.215+0000] {processor.py:840} INFO - DAG(s) 'latest_only' retrieved from /usr/local/python/3.12.1/lib/python3.12/site-packages/airflow/example_dags/example_latest_only.py
[2026-05-06T23:54:55.228+0000] {logging_mixin.py:188} INFO - [2026-05-06T23:54:55.228+0000] {dag.py:3096} INFO - Sync 1 DAGs
[2026-05-06T23:54:55.262+0000] {logging_mixin.py:188} INFO - [2026-05-06T23:54:55.261+0000] {dag.py:3954} INFO - Setting next_dagrun for latest_only to 2026-05-06 16:00:00+00:00, run_after=2026-05-06 20:00:00+00:00
[2026-05-06T23:54:55.302+0000] {processor.py:183} INFO - Processing /usr/local/python/3.12.1/lib/python3.12/site-packages/airflow/example_dags/example_latest_only.py took 0.099 seconds
[2026-05-06T23:55:54.649+0000] {processor.py:161} INFO - Started process (PID=32120) to work on /usr/local/python/3.12.1/lib/python3.12/site-packages/airflow/example_dags/example_latest_only.py
[2026-05-06T23:55:54.650+0000] {processor.py:830} INFO - Processing file /usr/local/python/3.12.1/lib/python3.12/site-packages/airflow/example_dags/example_latest_only.py for tasks to queue
[2026-05-06T23:55:54.652+0000] {logging_mixin.py:188} INFO - [2026-05-06T23:55:54.652+0000] {dagbag.py:545} INFO - Filling up the DagBag from /usr/local/python/3.12.1/lib/python3.12/site-packages/airflow/example_dags/example_latest_only.py
[2026-05-06T23:55:54.659+0000] {processor.py:840} INFO - DAG(s) 'latest_only' retrieved from /usr/local/python/3.12.1/lib/python3.12/site-packages/airflow/example_dags/example_latest_only.py
[2026-05-06T23:55:54.680+0000] {logging_mixin.py:188} INFO - [2026-05-06T23:55:54.680+0000] {dag.py:3096} INFO - Sync 1 DAGs
[2026-05-06T23:55:54.710+0000] {logging_mixin.py:188} INFO - [2026-05-06T23:55:54.710+0000] {dag.py:3954} INFO - Setting next_dagrun for latest_only to 2026-05-06 16:00:00+00:00, run_after=2026-05-06 20:00:00+00:00
[2026-05-06T23:55:54.736+0000] {processor.py:183} INFO - Processing /usr/local/python/3.12.1/lib/python3.12/site-packages/airflow/example_dags/example_latest_only.py took 0.101 seconds
[2026-05-06T23:56:50.634+0000] {processor.py:161} INFO - Started process (PID=32542) to work on /usr/local/python/3.12.1/lib/python3.12/site-packages/airflow/example_dags/example_latest_only.py
[2026-05-06T23:56:50.635+0000] {processor.py:830} INFO - Processing file /usr/local/python/3.12.1/lib/python3.12/site-packages/airflow/example_dags/example_latest_only.py for tasks to queue
[2026-05-06T23:56:50.637+0000] {logging_mixin.py:188} INFO - [2026-05-06T23:56:50.636+0000] {dagbag.py:545} INFO - Filling up the DagBag from /usr/local/python/3.12.1/lib/python3.12/site-packages/airflow/example_dags/example_latest_only.py
[2026-05-06T23:56:50.641+0000] {processor.py:840} INFO - DAG(s) 'latest_only' retrieved from /usr/local/python/3.12.1/lib/python3.12/site-packages/airflow/example_dags/example_latest_only.py
[2026-05-06T23:56:50.655+0000] {logging_mixin.py:188} INFO - [2026-05-06T23:56:50.654+0000] {dag.py:3096} INFO - Sync 1 DAGs
[2026-05-06T23:56:50.670+0000] {logging_mixin.py:188} INFO - [2026-05-06T23:56:50.670+0000] {dag.py:3954} INFO - Setting next_dagrun for latest_only to 2026-05-06 16:00:00+00:00, run_after=2026-05-06 20:00:00+00:00
[2026-05-06T23:56:50.688+0000] {processor.py:183} INFO - Processing /usr/local/python/3.12.1/lib/python3.12/site-packages/airflow/example_dags/example_latest_only.py took 0.058 seconds
[2026-05-06T23:57:46.606+0000] {processor.py:161} INFO - Started process (PID=32827) to work on /usr/local/python/3.12.1/lib/python3.12/site-packages/airflow/example_dags/example_latest_only.py
[2026-05-06T23:57:46.607+0000] {processor.py:830} INFO - Processing file /usr/local/python/3.12.1/lib/python3.12/site-packages/airflow/example_dags/example_latest_only.py for tasks to queue
[2026-05-06T23:57:46.610+0000] {logging_mixin.py:188} INFO - [2026-05-06T23:57:46.609+0000] {dagbag.py:545} INFO - Filling up the DagBag from /usr/local/python/3.12.1/lib/python3.12/site-packages/airflow/example_dags/example_latest_only.py
[2026-05-06T23:57:46.616+0000] {processor.py:840} INFO - DAG(s) 'latest_only' retrieved from /usr/local/python/3.12.1/lib/python3.12/site-packages/airflow/example_dags/example_latest_only.py
[2026-05-06T23:57:46.629+0000] {logging_mixin.py:188} INFO - [2026-05-06T23:57:46.629+0000] {dag.py:3096} INFO - Sync 1 DAGs
[2026-05-06T23:57:46.654+0000] {logging_mixin.py:188} INFO - [2026-05-06T23:57:46.654+0000] {dag.py:3954} INFO - Setting next_dagrun for latest_only to 2026-05-06 16:00:00+00:00, run_after=2026-05-06 20:00:00+00:00
[2026-05-06T23:57:46.673+0000] {processor.py:183} INFO - Processing /usr/local/python/3.12.1/lib/python3.12/site-packages/airflow/example_dags/example_latest_only.py took 0.071 seconds
[2026-05-06T23:58:45.930+0000] {processor.py:161} INFO - Started process (PID=33100) to work on /usr/local/python/3.12.1/lib/python3.12/site-packages/airflow/example_dags/example_latest_only.py
[2026-05-06T23:58:45.930+0000] {processor.py:830} INFO - Processing file /usr/local/python/3.12.1/lib/python3.12/site-packages/airflow/example_dags/example_latest_only.py for tasks to queue
[2026-05-06T23:58:45.932+0000] {logging_mixin.py:188} INFO - [2026-05-06T23:58:45.931+0000] {dagbag.py:545} INFO - Filling up the DagBag from /usr/local/python/3.12.1/lib/python3.12/site-packages/airflow/example_dags/example_latest_only.py
[2026-05-06T23:58:45.936+0000] {processor.py:840} INFO - DAG(s) 'latest_only' retrieved from /usr/local/python/3.12.1/lib/python3.12/site-packages/airflow/example_dags/example_latest_only.py
[2026-05-06T23:58:45.953+0000] {logging_mixin.py:188} INFO - [2026-05-06T23:58:45.952+0000] {dag.py:3096} INFO - Sync 1 DAGs
[2026-05-06T23:58:45.969+0000] {logging_mixin.py:188} INFO - [2026-05-06T23:58:45.969+0000] {dag.py:3954} INFO - Setting next_dagrun for latest_only to 2026-05-06 16:00:00+00:00, run_after=2026-05-06 20:00:00+00:00
[2026-05-06T23:58:45.986+0000] {processor.py:183} INFO - Processing /usr/local/python/3.12.1/lib/python3.12/site-packages/airflow/example_dags/example_latest_only.py took 0.061 seconds
[2026-05-06T23:59:45.064+0000] {processor.py:161} INFO - Started process (PID=33393) to work on /usr/local/python/3.12.1/lib/python3.12/site-packages/airflow/example_dags/example_latest_only.py
[2026-05-06T23:59:45.065+0000] {processor.py:830} INFO - Processing file /usr/local/python/3.12.1/lib/python3.12/site-packages/airflow/example_dags/example_latest_only.py for tasks to queue
[2026-05-06T23:59:45.066+0000] {logging_mixin.py:188} INFO - [2026-05-06T23:59:45.066+0000] {dagbag.py:545} INFO - Filling up the DagBag from /usr/local/python/3.12.1/lib/python3.12/site-packages/airflow/example_dags/example_latest_only.py
[2026-05-06T23:59:45.070+0000] {processor.py:840} INFO - DAG(s) 'latest_only' retrieved from /usr/local/python/3.12.1/lib/python3.12/site-packages/airflow/example_dags/example_latest_only.py
[2026-05-06T23:59:45.084+0000] {logging_mixin.py:188} INFO - [2026-05-06T23:59:45.083+0000] {dag.py:3096} INFO - Sync 1 DAGs
[2026-05-06T23:59:45.099+0000] {logging_mixin.py:188} INFO - [2026-05-06T23:59:45.099+0000] {dag.py:3954} INFO - Setting next_dagrun for latest_only to 2026-05-06 16:00:00+00:00, run_after=2026-05-06 20:00:00+00:00
[2026-05-06T23:59:45.119+0000] {processor.py:183} INFO - Processing /usr/local/python/3.12.1/lib/python3.12/site-packages/airflow/example_dags/example_latest_only.py took 0.060 seconds
