[2026-05-06T23:19:13.898+0000] {processor.py:161} INFO - Started process (PID=13417) to work on /usr/local/python/3.12.1/lib/python3.12/site-packages/airflow/example_dags/example_nested_branch_dag.py
[2026-05-06T23:19:13.899+0000] {processor.py:830} INFO - Processing file /usr/local/python/3.12.1/lib/python3.12/site-packages/airflow/example_dags/example_nested_branch_dag.py for tasks to queue
[2026-05-06T23:19:13.900+0000] {logging_mixin.py:188} INFO - [2026-05-06T23:19:13.900+0000] {dagbag.py:545} INFO - Filling up the DagBag from /usr/local/python/3.12.1/lib/python3.12/site-packages/airflow/example_dags/example_nested_branch_dag.py
[2026-05-06T23:19:13.908+0000] {processor.py:840} INFO - DAG(s) 'example_nested_branch_dag' retrieved from /usr/local/python/3.12.1/lib/python3.12/site-packages/airflow/example_dags/example_nested_branch_dag.py
[2026-05-06T23:19:13.985+0000] {logging_mixin.py:188} INFO - [2026-05-06T23:19:13.985+0000] {override.py:1829} INFO - Created Permission View: can delete on DAG:example_nested_branch_dag
[2026-05-06T23:19:13.993+0000] {logging_mixin.py:188} INFO - [2026-05-06T23:19:13.993+0000] {override.py:1829} INFO - Created Permission View: can edit on DAG:example_nested_branch_dag
[2026-05-06T23:19:13.999+0000] {logging_mixin.py:188} INFO - [2026-05-06T23:19:13.998+0000] {override.py:1829} INFO - Created Permission View: can read on DAG:example_nested_branch_dag
[2026-05-06T23:19:13.999+0000] {logging_mixin.py:188} INFO - [2026-05-06T23:19:13.999+0000] {dag.py:3096} INFO - Sync 1 DAGs
[2026-05-06T23:19:14.006+0000] {logging_mixin.py:188} INFO - [2026-05-06T23:19:14.006+0000] {dag.py:3118} INFO - Creating ORM DAG for example_nested_branch_dag
[2026-05-06T23:19:14.013+0000] {logging_mixin.py:188} INFO - [2026-05-06T23:19:14.013+0000] {dag.py:3954} INFO - Setting next_dagrun for example_nested_branch_dag to 2026-05-05 00:00:00+00:00, run_after=2026-05-06 00:00:00+00:00
[2026-05-06T23:19:14.028+0000] {processor.py:183} INFO - Processing /usr/local/python/3.12.1/lib/python3.12/site-packages/airflow/example_dags/example_nested_branch_dag.py took 0.135 seconds
[2026-05-06T23:20:04.135+0000] {processor.py:161} INFO - Started process (PID=13863) to work on /usr/local/python/3.12.1/lib/python3.12/site-packages/airflow/example_dags/example_nested_branch_dag.py
[2026-05-06T23:20:04.136+0000] {processor.py:830} INFO - Processing file /usr/local/python/3.12.1/lib/python3.12/site-packages/airflow/example_dags/example_nested_branch_dag.py for tasks to queue
[2026-05-06T23:20:04.137+0000] {logging_mixin.py:188} INFO - [2026-05-06T23:20:04.137+0000] {dagbag.py:545} INFO - Filling up the DagBag from /usr/local/python/3.12.1/lib/python3.12/site-packages/airflow/example_dags/example_nested_branch_dag.py
[2026-05-06T23:20:04.145+0000] {processor.py:840} INFO - DAG(s) 'example_nested_branch_dag' retrieved from /usr/local/python/3.12.1/lib/python3.12/site-packages/airflow/example_dags/example_nested_branch_dag.py
[2026-05-06T23:20:04.158+0000] {logging_mixin.py:188} INFO - [2026-05-06T23:20:04.158+0000] {dag.py:3096} INFO - Sync 1 DAGs
[2026-05-06T23:20:04.173+0000] {logging_mixin.py:188} INFO - [2026-05-06T23:20:04.173+0000] {dag.py:3954} INFO - Setting next_dagrun for example_nested_branch_dag to 2026-05-05 00:00:00+00:00, run_after=2026-05-06 00:00:00+00:00
[2026-05-06T23:20:04.189+0000] {processor.py:183} INFO - Processing /usr/local/python/3.12.1/lib/python3.12/site-packages/airflow/example_dags/example_nested_branch_dag.py took 0.058 seconds
[2026-05-06T23:21:03.622+0000] {processor.py:161} INFO - Started process (PID=14360) to work on /usr/local/python/3.12.1/lib/python3.12/site-packages/airflow/example_dags/example_nested_branch_dag.py
[2026-05-06T23:21:03.623+0000] {processor.py:830} INFO - Processing file /usr/local/python/3.12.1/lib/python3.12/site-packages/airflow/example_dags/example_nested_branch_dag.py for tasks to queue
[2026-05-06T23:21:03.624+0000] {logging_mixin.py:188} INFO - [2026-05-06T23:21:03.624+0000] {dagbag.py:545} INFO - Filling up the DagBag from /usr/local/python/3.12.1/lib/python3.12/site-packages/airflow/example_dags/example_nested_branch_dag.py
[2026-05-06T23:21:03.632+0000] {processor.py:840} INFO - DAG(s) 'example_nested_branch_dag' retrieved from /usr/local/python/3.12.1/lib/python3.12/site-packages/airflow/example_dags/example_nested_branch_dag.py
[2026-05-06T23:21:03.645+0000] {logging_mixin.py:188} INFO - [2026-05-06T23:21:03.644+0000] {dag.py:3096} INFO - Sync 1 DAGs
[2026-05-06T23:21:03.659+0000] {logging_mixin.py:188} INFO - [2026-05-06T23:21:03.659+0000] {dag.py:3954} INFO - Setting next_dagrun for example_nested_branch_dag to 2026-05-05 00:00:00+00:00, run_after=2026-05-06 00:00:00+00:00
[2026-05-06T23:21:03.675+0000] {processor.py:183} INFO - Processing /usr/local/python/3.12.1/lib/python3.12/site-packages/airflow/example_dags/example_nested_branch_dag.py took 0.057 seconds
[2026-05-06T23:22:05.119+0000] {processor.py:161} INFO - Started process (PID=14931) to work on /usr/local/python/3.12.1/lib/python3.12/site-packages/airflow/example_dags/example_nested_branch_dag.py
[2026-05-06T23:22:05.120+0000] {processor.py:830} INFO - Processing file /usr/local/python/3.12.1/lib/python3.12/site-packages/airflow/example_dags/example_nested_branch_dag.py for tasks to queue
[2026-05-06T23:22:05.122+0000] {logging_mixin.py:188} INFO - [2026-05-06T23:22:05.121+0000] {dagbag.py:545} INFO - Filling up the DagBag from /usr/local/python/3.12.1/lib/python3.12/site-packages/airflow/example_dags/example_nested_branch_dag.py
[2026-05-06T23:22:05.130+0000] {processor.py:840} INFO - DAG(s) 'example_nested_branch_dag' retrieved from /usr/local/python/3.12.1/lib/python3.12/site-packages/airflow/example_dags/example_nested_branch_dag.py
[2026-05-06T23:22:05.144+0000] {logging_mixin.py:188} INFO - [2026-05-06T23:22:05.143+0000] {dag.py:3096} INFO - Sync 1 DAGs
[2026-05-06T23:22:05.159+0000] {logging_mixin.py:188} INFO - [2026-05-06T23:22:05.159+0000] {dag.py:3954} INFO - Setting next_dagrun for example_nested_branch_dag to 2026-05-05 00:00:00+00:00, run_after=2026-05-06 00:00:00+00:00
[2026-05-06T23:22:05.175+0000] {processor.py:183} INFO - Processing /usr/local/python/3.12.1/lib/python3.12/site-packages/airflow/example_dags/example_nested_branch_dag.py took 0.060 seconds
[2026-05-06T23:23:05.236+0000] {processor.py:161} INFO - Started process (PID=15496) to work on /usr/local/python/3.12.1/lib/python3.12/site-packages/airflow/example_dags/example_nested_branch_dag.py
[2026-05-06T23:23:05.236+0000] {processor.py:830} INFO - Processing file /usr/local/python/3.12.1/lib/python3.12/site-packages/airflow/example_dags/example_nested_branch_dag.py for tasks to queue
[2026-05-06T23:23:05.238+0000] {logging_mixin.py:188} INFO - [2026-05-06T23:23:05.237+0000] {dagbag.py:545} INFO - Filling up the DagBag from /usr/local/python/3.12.1/lib/python3.12/site-packages/airflow/example_dags/example_nested_branch_dag.py
[2026-05-06T23:23:05.246+0000] {processor.py:840} INFO - DAG(s) 'example_nested_branch_dag' retrieved from /usr/local/python/3.12.1/lib/python3.12/site-packages/airflow/example_dags/example_nested_branch_dag.py
[2026-05-06T23:23:05.259+0000] {logging_mixin.py:188} INFO - [2026-05-06T23:23:05.259+0000] {dag.py:3096} INFO - Sync 1 DAGs
[2026-05-06T23:23:05.274+0000] {logging_mixin.py:188} INFO - [2026-05-06T23:23:05.274+0000] {dag.py:3954} INFO - Setting next_dagrun for example_nested_branch_dag to 2026-05-05 00:00:00+00:00, run_after=2026-05-06 00:00:00+00:00
[2026-05-06T23:23:05.291+0000] {processor.py:183} INFO - Processing /usr/local/python/3.12.1/lib/python3.12/site-packages/airflow/example_dags/example_nested_branch_dag.py took 0.060 seconds
[2026-05-06T23:24:00.441+0000] {processor.py:161} INFO - Started process (PID=16102) to work on /usr/local/python/3.12.1/lib/python3.12/site-packages/airflow/example_dags/example_nested_branch_dag.py
[2026-05-06T23:24:00.442+0000] {processor.py:830} INFO - Processing file /usr/local/python/3.12.1/lib/python3.12/site-packages/airflow/example_dags/example_nested_branch_dag.py for tasks to queue
[2026-05-06T23:24:00.444+0000] {logging_mixin.py:188} INFO - [2026-05-06T23:24:00.443+0000] {dagbag.py:545} INFO - Filling up the DagBag from /usr/local/python/3.12.1/lib/python3.12/site-packages/airflow/example_dags/example_nested_branch_dag.py
[2026-05-06T23:24:00.456+0000] {processor.py:840} INFO - DAG(s) 'example_nested_branch_dag' retrieved from /usr/local/python/3.12.1/lib/python3.12/site-packages/airflow/example_dags/example_nested_branch_dag.py
[2026-05-06T23:24:00.473+0000] {logging_mixin.py:188} INFO - [2026-05-06T23:24:00.473+0000] {dag.py:3096} INFO - Sync 1 DAGs
[2026-05-06T23:24:00.488+0000] {logging_mixin.py:188} INFO - [2026-05-06T23:24:00.488+0000] {dag.py:3954} INFO - Setting next_dagrun for example_nested_branch_dag to 2026-05-05 00:00:00+00:00, run_after=2026-05-06 00:00:00+00:00
[2026-05-06T23:24:00.504+0000] {processor.py:183} INFO - Processing /usr/local/python/3.12.1/lib/python3.12/site-packages/airflow/example_dags/example_nested_branch_dag.py took 0.070 seconds
[2026-05-06T23:24:56.637+0000] {processor.py:161} INFO - Started process (PID=16904) to work on /usr/local/python/3.12.1/lib/python3.12/site-packages/airflow/example_dags/example_nested_branch_dag.py
[2026-05-06T23:24:56.637+0000] {processor.py:830} INFO - Processing file /usr/local/python/3.12.1/lib/python3.12/site-packages/airflow/example_dags/example_nested_branch_dag.py for tasks to queue
[2026-05-06T23:24:56.639+0000] {logging_mixin.py:188} INFO - [2026-05-06T23:24:56.639+0000] {dagbag.py:545} INFO - Filling up the DagBag from /usr/local/python/3.12.1/lib/python3.12/site-packages/airflow/example_dags/example_nested_branch_dag.py
[2026-05-06T23:24:56.647+0000] {processor.py:840} INFO - DAG(s) 'example_nested_branch_dag' retrieved from /usr/local/python/3.12.1/lib/python3.12/site-packages/airflow/example_dags/example_nested_branch_dag.py
[2026-05-06T23:24:56.660+0000] {logging_mixin.py:188} INFO - [2026-05-06T23:24:56.660+0000] {dag.py:3096} INFO - Sync 1 DAGs
[2026-05-06T23:24:56.675+0000] {logging_mixin.py:188} INFO - [2026-05-06T23:24:56.675+0000] {dag.py:3954} INFO - Setting next_dagrun for example_nested_branch_dag to 2026-05-05 00:00:00+00:00, run_after=2026-05-06 00:00:00+00:00
[2026-05-06T23:24:56.691+0000] {processor.py:183} INFO - Processing /usr/local/python/3.12.1/lib/python3.12/site-packages/airflow/example_dags/example_nested_branch_dag.py took 0.059 seconds
[2026-05-06T23:25:57.267+0000] {processor.py:161} INFO - Started process (PID=17469) to work on /usr/local/python/3.12.1/lib/python3.12/site-packages/airflow/example_dags/example_nested_branch_dag.py
[2026-05-06T23:25:57.268+0000] {processor.py:830} INFO - Processing file /usr/local/python/3.12.1/lib/python3.12/site-packages/airflow/example_dags/example_nested_branch_dag.py for tasks to queue
[2026-05-06T23:25:57.269+0000] {logging_mixin.py:188} INFO - [2026-05-06T23:25:57.269+0000] {dagbag.py:545} INFO - Filling up the DagBag from /usr/local/python/3.12.1/lib/python3.12/site-packages/airflow/example_dags/example_nested_branch_dag.py
[2026-05-06T23:25:57.277+0000] {processor.py:840} INFO - DAG(s) 'example_nested_branch_dag' retrieved from /usr/local/python/3.12.1/lib/python3.12/site-packages/airflow/example_dags/example_nested_branch_dag.py
[2026-05-06T23:25:57.291+0000] {logging_mixin.py:188} INFO - [2026-05-06T23:25:57.291+0000] {dag.py:3096} INFO - Sync 1 DAGs
[2026-05-06T23:25:57.308+0000] {logging_mixin.py:188} INFO - [2026-05-06T23:25:57.307+0000] {dag.py:3954} INFO - Setting next_dagrun for example_nested_branch_dag to 2026-05-05 00:00:00+00:00, run_after=2026-05-06 00:00:00+00:00
[2026-05-06T23:25:57.324+0000] {processor.py:183} INFO - Processing /usr/local/python/3.12.1/lib/python3.12/site-packages/airflow/example_dags/example_nested_branch_dag.py took 0.062 seconds
[2026-05-06T23:26:54.051+0000] {processor.py:161} INFO - Started process (PID=17946) to work on /usr/local/python/3.12.1/lib/python3.12/site-packages/airflow/example_dags/example_nested_branch_dag.py
[2026-05-06T23:26:54.052+0000] {processor.py:830} INFO - Processing file /usr/local/python/3.12.1/lib/python3.12/site-packages/airflow/example_dags/example_nested_branch_dag.py for tasks to queue
[2026-05-06T23:26:54.054+0000] {logging_mixin.py:188} INFO - [2026-05-06T23:26:54.053+0000] {dagbag.py:545} INFO - Filling up the DagBag from /usr/local/python/3.12.1/lib/python3.12/site-packages/airflow/example_dags/example_nested_branch_dag.py
[2026-05-06T23:26:54.062+0000] {processor.py:840} INFO - DAG(s) 'example_nested_branch_dag' retrieved from /usr/local/python/3.12.1/lib/python3.12/site-packages/airflow/example_dags/example_nested_branch_dag.py
[2026-05-06T23:26:54.075+0000] {logging_mixin.py:188} INFO - [2026-05-06T23:26:54.075+0000] {dag.py:3096} INFO - Sync 1 DAGs
[2026-05-06T23:26:54.090+0000] {logging_mixin.py:188} INFO - [2026-05-06T23:26:54.090+0000] {dag.py:3954} INFO - Setting next_dagrun for example_nested_branch_dag to 2026-05-05 00:00:00+00:00, run_after=2026-05-06 00:00:00+00:00
[2026-05-06T23:26:54.199+0000] {processor.py:183} INFO - Processing /usr/local/python/3.12.1/lib/python3.12/site-packages/airflow/example_dags/example_nested_branch_dag.py took 0.153 seconds
[2026-05-06T23:27:52.755+0000] {processor.py:161} INFO - Started process (PID=18553) to work on /usr/local/python/3.12.1/lib/python3.12/site-packages/airflow/example_dags/example_nested_branch_dag.py
[2026-05-06T23:27:52.756+0000] {processor.py:830} INFO - Processing file /usr/local/python/3.12.1/lib/python3.12/site-packages/airflow/example_dags/example_nested_branch_dag.py for tasks to queue
[2026-05-06T23:27:52.757+0000] {logging_mixin.py:188} INFO - [2026-05-06T23:27:52.757+0000] {dagbag.py:545} INFO - Filling up the DagBag from /usr/local/python/3.12.1/lib/python3.12/site-packages/airflow/example_dags/example_nested_branch_dag.py
[2026-05-06T23:27:52.766+0000] {processor.py:840} INFO - DAG(s) 'example_nested_branch_dag' retrieved from /usr/local/python/3.12.1/lib/python3.12/site-packages/airflow/example_dags/example_nested_branch_dag.py
[2026-05-06T23:27:52.779+0000] {logging_mixin.py:188} INFO - [2026-05-06T23:27:52.779+0000] {dag.py:3096} INFO - Sync 1 DAGs
[2026-05-06T23:27:52.793+0000] {logging_mixin.py:188} INFO - [2026-05-06T23:27:52.793+0000] {dag.py:3954} INFO - Setting next_dagrun for example_nested_branch_dag to 2026-05-05 00:00:00+00:00, run_after=2026-05-06 00:00:00+00:00
[2026-05-06T23:27:52.809+0000] {processor.py:183} INFO - Processing /usr/local/python/3.12.1/lib/python3.12/site-packages/airflow/example_dags/example_nested_branch_dag.py took 0.058 seconds
[2026-05-06T23:28:43.633+0000] {processor.py:161} INFO - Started process (PID=18989) to work on /usr/local/python/3.12.1/lib/python3.12/site-packages/airflow/example_dags/example_nested_branch_dag.py
[2026-05-06T23:28:43.634+0000] {processor.py:830} INFO - Processing file /usr/local/python/3.12.1/lib/python3.12/site-packages/airflow/example_dags/example_nested_branch_dag.py for tasks to queue
[2026-05-06T23:28:43.636+0000] {logging_mixin.py:188} INFO - [2026-05-06T23:28:43.635+0000] {dagbag.py:545} INFO - Filling up the DagBag from /usr/local/python/3.12.1/lib/python3.12/site-packages/airflow/example_dags/example_nested_branch_dag.py
[2026-05-06T23:28:43.643+0000] {processor.py:840} INFO - DAG(s) 'example_nested_branch_dag' retrieved from /usr/local/python/3.12.1/lib/python3.12/site-packages/airflow/example_dags/example_nested_branch_dag.py
[2026-05-06T23:28:43.657+0000] {logging_mixin.py:188} INFO - [2026-05-06T23:28:43.656+0000] {dag.py:3096} INFO - Sync 1 DAGs
[2026-05-06T23:28:43.671+0000] {logging_mixin.py:188} INFO - [2026-05-06T23:28:43.671+0000] {dag.py:3954} INFO - Setting next_dagrun for example_nested_branch_dag to 2026-05-05 00:00:00+00:00, run_after=2026-05-06 00:00:00+00:00
[2026-05-06T23:28:43.687+0000] {processor.py:183} INFO - Processing /usr/local/python/3.12.1/lib/python3.12/site-packages/airflow/example_dags/example_nested_branch_dag.py took 0.058 seconds
[2026-05-06T23:31:56.183+0000] {processor.py:161} INFO - Started process (PID=20839) to work on /usr/local/python/3.12.1/lib/python3.12/site-packages/airflow/example_dags/example_nested_branch_dag.py
[2026-05-06T23:31:56.183+0000] {processor.py:830} INFO - Processing file /usr/local/python/3.12.1/lib/python3.12/site-packages/airflow/example_dags/example_nested_branch_dag.py for tasks to queue
[2026-05-06T23:31:56.185+0000] {logging_mixin.py:188} INFO - [2026-05-06T23:31:56.184+0000] {dagbag.py:545} INFO - Filling up the DagBag from /usr/local/python/3.12.1/lib/python3.12/site-packages/airflow/example_dags/example_nested_branch_dag.py
[2026-05-06T23:31:56.194+0000] {processor.py:840} INFO - DAG(s) 'example_nested_branch_dag' retrieved from /usr/local/python/3.12.1/lib/python3.12/site-packages/airflow/example_dags/example_nested_branch_dag.py
[2026-05-06T23:31:56.209+0000] {logging_mixin.py:188} INFO - [2026-05-06T23:31:56.209+0000] {dag.py:3096} INFO - Sync 1 DAGs
[2026-05-06T23:31:56.225+0000] {logging_mixin.py:188} INFO - [2026-05-06T23:31:56.225+0000] {dag.py:3954} INFO - Setting next_dagrun for example_nested_branch_dag to 2026-05-05 00:00:00+00:00, run_after=2026-05-06 00:00:00+00:00
[2026-05-06T23:31:56.242+0000] {processor.py:183} INFO - Processing /usr/local/python/3.12.1/lib/python3.12/site-packages/airflow/example_dags/example_nested_branch_dag.py took 0.064 seconds
[2026-05-06T23:32:44.266+0000] {processor.py:161} INFO - Started process (PID=21206) to work on /usr/local/python/3.12.1/lib/python3.12/site-packages/airflow/example_dags/example_nested_branch_dag.py
[2026-05-06T23:32:44.267+0000] {processor.py:830} INFO - Processing file /usr/local/python/3.12.1/lib/python3.12/site-packages/airflow/example_dags/example_nested_branch_dag.py for tasks to queue
[2026-05-06T23:32:44.269+0000] {logging_mixin.py:188} INFO - [2026-05-06T23:32:44.268+0000] {dagbag.py:545} INFO - Filling up the DagBag from /usr/local/python/3.12.1/lib/python3.12/site-packages/airflow/example_dags/example_nested_branch_dag.py
[2026-05-06T23:32:44.277+0000] {processor.py:840} INFO - DAG(s) 'example_nested_branch_dag' retrieved from /usr/local/python/3.12.1/lib/python3.12/site-packages/airflow/example_dags/example_nested_branch_dag.py
[2026-05-06T23:32:44.291+0000] {logging_mixin.py:188} INFO - [2026-05-06T23:32:44.291+0000] {dag.py:3096} INFO - Sync 1 DAGs
[2026-05-06T23:32:44.307+0000] {logging_mixin.py:188} INFO - [2026-05-06T23:32:44.307+0000] {dag.py:3954} INFO - Setting next_dagrun for example_nested_branch_dag to 2026-05-05 00:00:00+00:00, run_after=2026-05-06 00:00:00+00:00
[2026-05-06T23:32:44.323+0000] {processor.py:183} INFO - Processing /usr/local/python/3.12.1/lib/python3.12/site-packages/airflow/example_dags/example_nested_branch_dag.py took 0.063 seconds
[2026-05-06T23:33:40.468+0000] {processor.py:161} INFO - Started process (PID=21648) to work on /usr/local/python/3.12.1/lib/python3.12/site-packages/airflow/example_dags/example_nested_branch_dag.py
[2026-05-06T23:33:40.469+0000] {processor.py:830} INFO - Processing file /usr/local/python/3.12.1/lib/python3.12/site-packages/airflow/example_dags/example_nested_branch_dag.py for tasks to queue
[2026-05-06T23:33:40.470+0000] {logging_mixin.py:188} INFO - [2026-05-06T23:33:40.470+0000] {dagbag.py:545} INFO - Filling up the DagBag from /usr/local/python/3.12.1/lib/python3.12/site-packages/airflow/example_dags/example_nested_branch_dag.py
[2026-05-06T23:33:40.479+0000] {processor.py:840} INFO - DAG(s) 'example_nested_branch_dag' retrieved from /usr/local/python/3.12.1/lib/python3.12/site-packages/airflow/example_dags/example_nested_branch_dag.py
[2026-05-06T23:33:40.493+0000] {logging_mixin.py:188} INFO - [2026-05-06T23:33:40.492+0000] {dag.py:3096} INFO - Sync 1 DAGs
[2026-05-06T23:33:40.508+0000] {logging_mixin.py:188} INFO - [2026-05-06T23:33:40.508+0000] {dag.py:3954} INFO - Setting next_dagrun for example_nested_branch_dag to 2026-05-05 00:00:00+00:00, run_after=2026-05-06 00:00:00+00:00
[2026-05-06T23:33:40.524+0000] {processor.py:183} INFO - Processing /usr/local/python/3.12.1/lib/python3.12/site-packages/airflow/example_dags/example_nested_branch_dag.py took 0.060 seconds
[2026-05-06T23:34:39.869+0000] {processor.py:161} INFO - Started process (PID=22132) to work on /usr/local/python/3.12.1/lib/python3.12/site-packages/airflow/example_dags/example_nested_branch_dag.py
[2026-05-06T23:34:39.870+0000] {processor.py:830} INFO - Processing file /usr/local/python/3.12.1/lib/python3.12/site-packages/airflow/example_dags/example_nested_branch_dag.py for tasks to queue
[2026-05-06T23:34:39.872+0000] {logging_mixin.py:188} INFO - [2026-05-06T23:34:39.871+0000] {dagbag.py:545} INFO - Filling up the DagBag from /usr/local/python/3.12.1/lib/python3.12/site-packages/airflow/example_dags/example_nested_branch_dag.py
[2026-05-06T23:34:39.879+0000] {processor.py:840} INFO - DAG(s) 'example_nested_branch_dag' retrieved from /usr/local/python/3.12.1/lib/python3.12/site-packages/airflow/example_dags/example_nested_branch_dag.py
[2026-05-06T23:34:39.893+0000] {logging_mixin.py:188} INFO - [2026-05-06T23:34:39.893+0000] {dag.py:3096} INFO - Sync 1 DAGs
[2026-05-06T23:34:39.908+0000] {logging_mixin.py:188} INFO - [2026-05-06T23:34:39.908+0000] {dag.py:3954} INFO - Setting next_dagrun for example_nested_branch_dag to 2026-05-05 00:00:00+00:00, run_after=2026-05-06 00:00:00+00:00
[2026-05-06T23:34:39.925+0000] {processor.py:183} INFO - Processing /usr/local/python/3.12.1/lib/python3.12/site-packages/airflow/example_dags/example_nested_branch_dag.py took 0.060 seconds
[2026-05-06T23:35:34.945+0000] {processor.py:161} INFO - Started process (PID=22555) to work on /usr/local/python/3.12.1/lib/python3.12/site-packages/airflow/example_dags/example_nested_branch_dag.py
[2026-05-06T23:35:34.946+0000] {processor.py:830} INFO - Processing file /usr/local/python/3.12.1/lib/python3.12/site-packages/airflow/example_dags/example_nested_branch_dag.py for tasks to queue
[2026-05-06T23:35:34.947+0000] {logging_mixin.py:188} INFO - [2026-05-06T23:35:34.947+0000] {dagbag.py:545} INFO - Filling up the DagBag from /usr/local/python/3.12.1/lib/python3.12/site-packages/airflow/example_dags/example_nested_branch_dag.py
[2026-05-06T23:35:34.955+0000] {processor.py:840} INFO - DAG(s) 'example_nested_branch_dag' retrieved from /usr/local/python/3.12.1/lib/python3.12/site-packages/airflow/example_dags/example_nested_branch_dag.py
[2026-05-06T23:35:34.969+0000] {logging_mixin.py:188} INFO - [2026-05-06T23:35:34.969+0000] {dag.py:3096} INFO - Sync 1 DAGs
[2026-05-06T23:35:34.985+0000] {logging_mixin.py:188} INFO - [2026-05-06T23:35:34.984+0000] {dag.py:3954} INFO - Setting next_dagrun for example_nested_branch_dag to 2026-05-05 00:00:00+00:00, run_after=2026-05-06 00:00:00+00:00
[2026-05-06T23:35:35.001+0000] {processor.py:183} INFO - Processing /usr/local/python/3.12.1/lib/python3.12/site-packages/airflow/example_dags/example_nested_branch_dag.py took 0.061 seconds
[2026-05-06T23:36:32.406+0000] {processor.py:161} INFO - Started process (PID=23004) to work on /usr/local/python/3.12.1/lib/python3.12/site-packages/airflow/example_dags/example_nested_branch_dag.py
[2026-05-06T23:36:32.407+0000] {processor.py:830} INFO - Processing file /usr/local/python/3.12.1/lib/python3.12/site-packages/airflow/example_dags/example_nested_branch_dag.py for tasks to queue
[2026-05-06T23:36:32.408+0000] {logging_mixin.py:188} INFO - [2026-05-06T23:36:32.408+0000] {dagbag.py:545} INFO - Filling up the DagBag from /usr/local/python/3.12.1/lib/python3.12/site-packages/airflow/example_dags/example_nested_branch_dag.py
[2026-05-06T23:36:32.417+0000] {processor.py:840} INFO - DAG(s) 'example_nested_branch_dag' retrieved from /usr/local/python/3.12.1/lib/python3.12/site-packages/airflow/example_dags/example_nested_branch_dag.py
[2026-05-06T23:36:32.432+0000] {logging_mixin.py:188} INFO - [2026-05-06T23:36:32.431+0000] {dag.py:3096} INFO - Sync 1 DAGs
[2026-05-06T23:36:32.480+0000] {logging_mixin.py:188} INFO - [2026-05-06T23:36:32.480+0000] {dag.py:3954} INFO - Setting next_dagrun for example_nested_branch_dag to 2026-05-05 00:00:00+00:00, run_after=2026-05-06 00:00:00+00:00
[2026-05-06T23:36:32.505+0000] {processor.py:183} INFO - Processing /usr/local/python/3.12.1/lib/python3.12/site-packages/airflow/example_dags/example_nested_branch_dag.py took 0.103 seconds
[2026-05-06T23:37:31.780+0000] {processor.py:161} INFO - Started process (PID=23474) to work on /usr/local/python/3.12.1/lib/python3.12/site-packages/airflow/example_dags/example_nested_branch_dag.py
[2026-05-06T23:37:31.781+0000] {processor.py:830} INFO - Processing file /usr/local/python/3.12.1/lib/python3.12/site-packages/airflow/example_dags/example_nested_branch_dag.py for tasks to queue
[2026-05-06T23:37:31.783+0000] {logging_mixin.py:188} INFO - [2026-05-06T23:37:31.782+0000] {dagbag.py:545} INFO - Filling up the DagBag from /usr/local/python/3.12.1/lib/python3.12/site-packages/airflow/example_dags/example_nested_branch_dag.py
[2026-05-06T23:37:31.791+0000] {processor.py:840} INFO - DAG(s) 'example_nested_branch_dag' retrieved from /usr/local/python/3.12.1/lib/python3.12/site-packages/airflow/example_dags/example_nested_branch_dag.py
[2026-05-06T23:37:31.806+0000] {logging_mixin.py:188} INFO - [2026-05-06T23:37:31.805+0000] {dag.py:3096} INFO - Sync 1 DAGs
[2026-05-06T23:37:31.822+0000] {logging_mixin.py:188} INFO - [2026-05-06T23:37:31.822+0000] {dag.py:3954} INFO - Setting next_dagrun for example_nested_branch_dag to 2026-05-05 00:00:00+00:00, run_after=2026-05-06 00:00:00+00:00
[2026-05-06T23:37:31.840+0000] {processor.py:183} INFO - Processing /usr/local/python/3.12.1/lib/python3.12/site-packages/airflow/example_dags/example_nested_branch_dag.py took 0.065 seconds
[2026-05-06T23:38:29.332+0000] {processor.py:161} INFO - Started process (PID=23913) to work on /usr/local/python/3.12.1/lib/python3.12/site-packages/airflow/example_dags/example_nested_branch_dag.py
[2026-05-06T23:38:29.332+0000] {processor.py:830} INFO - Processing file /usr/local/python/3.12.1/lib/python3.12/site-packages/airflow/example_dags/example_nested_branch_dag.py for tasks to queue
[2026-05-06T23:38:29.334+0000] {logging_mixin.py:188} INFO - [2026-05-06T23:38:29.333+0000] {dagbag.py:545} INFO - Filling up the DagBag from /usr/local/python/3.12.1/lib/python3.12/site-packages/airflow/example_dags/example_nested_branch_dag.py
[2026-05-06T23:38:29.342+0000] {processor.py:840} INFO - DAG(s) 'example_nested_branch_dag' retrieved from /usr/local/python/3.12.1/lib/python3.12/site-packages/airflow/example_dags/example_nested_branch_dag.py
[2026-05-06T23:38:29.357+0000] {logging_mixin.py:188} INFO - [2026-05-06T23:38:29.356+0000] {dag.py:3096} INFO - Sync 1 DAGs
[2026-05-06T23:38:29.373+0000] {logging_mixin.py:188} INFO - [2026-05-06T23:38:29.373+0000] {dag.py:3954} INFO - Setting next_dagrun for example_nested_branch_dag to 2026-05-05 00:00:00+00:00, run_after=2026-05-06 00:00:00+00:00
[2026-05-06T23:38:29.390+0000] {processor.py:183} INFO - Processing /usr/local/python/3.12.1/lib/python3.12/site-packages/airflow/example_dags/example_nested_branch_dag.py took 0.063 seconds
[2026-05-06T23:39:28.464+0000] {processor.py:161} INFO - Started process (PID=24377) to work on /usr/local/python/3.12.1/lib/python3.12/site-packages/airflow/example_dags/example_nested_branch_dag.py
[2026-05-06T23:39:28.465+0000] {processor.py:830} INFO - Processing file /usr/local/python/3.12.1/lib/python3.12/site-packages/airflow/example_dags/example_nested_branch_dag.py for tasks to queue
[2026-05-06T23:39:28.466+0000] {logging_mixin.py:188} INFO - [2026-05-06T23:39:28.466+0000] {dagbag.py:545} INFO - Filling up the DagBag from /usr/local/python/3.12.1/lib/python3.12/site-packages/airflow/example_dags/example_nested_branch_dag.py
[2026-05-06T23:39:28.474+0000] {processor.py:840} INFO - DAG(s) 'example_nested_branch_dag' retrieved from /usr/local/python/3.12.1/lib/python3.12/site-packages/airflow/example_dags/example_nested_branch_dag.py
[2026-05-06T23:39:28.489+0000] {logging_mixin.py:188} INFO - [2026-05-06T23:39:28.489+0000] {dag.py:3096} INFO - Sync 1 DAGs
[2026-05-06T23:39:28.505+0000] {logging_mixin.py:188} INFO - [2026-05-06T23:39:28.505+0000] {dag.py:3954} INFO - Setting next_dagrun for example_nested_branch_dag to 2026-05-05 00:00:00+00:00, run_after=2026-05-06 00:00:00+00:00
[2026-05-06T23:39:28.523+0000] {processor.py:183} INFO - Processing /usr/local/python/3.12.1/lib/python3.12/site-packages/airflow/example_dags/example_nested_branch_dag.py took 0.064 seconds
[2026-05-06T23:40:27.231+0000] {processor.py:161} INFO - Started process (PID=24838) to work on /usr/local/python/3.12.1/lib/python3.12/site-packages/airflow/example_dags/example_nested_branch_dag.py
[2026-05-06T23:40:27.231+0000] {processor.py:830} INFO - Processing file /usr/local/python/3.12.1/lib/python3.12/site-packages/airflow/example_dags/example_nested_branch_dag.py for tasks to queue
[2026-05-06T23:40:27.233+0000] {logging_mixin.py:188} INFO - [2026-05-06T23:40:27.233+0000] {dagbag.py:545} INFO - Filling up the DagBag from /usr/local/python/3.12.1/lib/python3.12/site-packages/airflow/example_dags/example_nested_branch_dag.py
[2026-05-06T23:40:27.242+0000] {processor.py:840} INFO - DAG(s) 'example_nested_branch_dag' retrieved from /usr/local/python/3.12.1/lib/python3.12/site-packages/airflow/example_dags/example_nested_branch_dag.py
[2026-05-06T23:40:27.256+0000] {logging_mixin.py:188} INFO - [2026-05-06T23:40:27.256+0000] {dag.py:3096} INFO - Sync 1 DAGs
[2026-05-06T23:40:27.410+0000] {logging_mixin.py:188} INFO - [2026-05-06T23:40:27.410+0000] {dag.py:3954} INFO - Setting next_dagrun for example_nested_branch_dag to 2026-05-05 00:00:00+00:00, run_after=2026-05-06 00:00:00+00:00
[2026-05-06T23:40:27.429+0000] {processor.py:183} INFO - Processing /usr/local/python/3.12.1/lib/python3.12/site-packages/airflow/example_dags/example_nested_branch_dag.py took 0.203 seconds
[2026-05-06T23:41:15.947+0000] {processor.py:161} INFO - Started process (PID=25217) to work on /usr/local/python/3.12.1/lib/python3.12/site-packages/airflow/example_dags/example_nested_branch_dag.py
[2026-05-06T23:41:15.947+0000] {processor.py:830} INFO - Processing file /usr/local/python/3.12.1/lib/python3.12/site-packages/airflow/example_dags/example_nested_branch_dag.py for tasks to queue
[2026-05-06T23:41:15.949+0000] {logging_mixin.py:188} INFO - [2026-05-06T23:41:15.948+0000] {dagbag.py:545} INFO - Filling up the DagBag from /usr/local/python/3.12.1/lib/python3.12/site-packages/airflow/example_dags/example_nested_branch_dag.py
[2026-05-06T23:41:15.957+0000] {processor.py:840} INFO - DAG(s) 'example_nested_branch_dag' retrieved from /usr/local/python/3.12.1/lib/python3.12/site-packages/airflow/example_dags/example_nested_branch_dag.py
[2026-05-06T23:41:15.971+0000] {logging_mixin.py:188} INFO - [2026-05-06T23:41:15.971+0000] {dag.py:3096} INFO - Sync 1 DAGs
[2026-05-06T23:41:15.987+0000] {logging_mixin.py:188} INFO - [2026-05-06T23:41:15.987+0000] {dag.py:3954} INFO - Setting next_dagrun for example_nested_branch_dag to 2026-05-05 00:00:00+00:00, run_after=2026-05-06 00:00:00+00:00
[2026-05-06T23:41:16.006+0000] {processor.py:183} INFO - Processing /usr/local/python/3.12.1/lib/python3.12/site-packages/airflow/example_dags/example_nested_branch_dag.py took 0.064 seconds
[2026-05-06T23:42:15.209+0000] {processor.py:161} INFO - Started process (PID=25675) to work on /usr/local/python/3.12.1/lib/python3.12/site-packages/airflow/example_dags/example_nested_branch_dag.py
[2026-05-06T23:42:15.210+0000] {processor.py:830} INFO - Processing file /usr/local/python/3.12.1/lib/python3.12/site-packages/airflow/example_dags/example_nested_branch_dag.py for tasks to queue
[2026-05-06T23:42:15.212+0000] {logging_mixin.py:188} INFO - [2026-05-06T23:42:15.211+0000] {dagbag.py:545} INFO - Filling up the DagBag from /usr/local/python/3.12.1/lib/python3.12/site-packages/airflow/example_dags/example_nested_branch_dag.py
[2026-05-06T23:42:15.220+0000] {processor.py:840} INFO - DAG(s) 'example_nested_branch_dag' retrieved from /usr/local/python/3.12.1/lib/python3.12/site-packages/airflow/example_dags/example_nested_branch_dag.py
[2026-05-06T23:42:15.234+0000] {logging_mixin.py:188} INFO - [2026-05-06T23:42:15.234+0000] {dag.py:3096} INFO - Sync 1 DAGs
[2026-05-06T23:42:15.250+0000] {logging_mixin.py:188} INFO - [2026-05-06T23:42:15.250+0000] {dag.py:3954} INFO - Setting next_dagrun for example_nested_branch_dag to 2026-05-05 00:00:00+00:00, run_after=2026-05-06 00:00:00+00:00
[2026-05-06T23:42:15.268+0000] {processor.py:183} INFO - Processing /usr/local/python/3.12.1/lib/python3.12/site-packages/airflow/example_dags/example_nested_branch_dag.py took 0.064 seconds
[2026-05-06T23:43:17.590+0000] {processor.py:161} INFO - Started process (PID=26165) to work on /usr/local/python/3.12.1/lib/python3.12/site-packages/airflow/example_dags/example_nested_branch_dag.py
[2026-05-06T23:43:17.590+0000] {processor.py:830} INFO - Processing file /usr/local/python/3.12.1/lib/python3.12/site-packages/airflow/example_dags/example_nested_branch_dag.py for tasks to queue
[2026-05-06T23:43:17.592+0000] {logging_mixin.py:188} INFO - [2026-05-06T23:43:17.591+0000] {dagbag.py:545} INFO - Filling up the DagBag from /usr/local/python/3.12.1/lib/python3.12/site-packages/airflow/example_dags/example_nested_branch_dag.py
[2026-05-06T23:43:17.600+0000] {processor.py:840} INFO - DAG(s) 'example_nested_branch_dag' retrieved from /usr/local/python/3.12.1/lib/python3.12/site-packages/airflow/example_dags/example_nested_branch_dag.py
[2026-05-06T23:43:17.615+0000] {logging_mixin.py:188} INFO - [2026-05-06T23:43:17.614+0000] {dag.py:3096} INFO - Sync 1 DAGs
[2026-05-06T23:43:17.631+0000] {logging_mixin.py:188} INFO - [2026-05-06T23:43:17.630+0000] {dag.py:3954} INFO - Setting next_dagrun for example_nested_branch_dag to 2026-05-05 00:00:00+00:00, run_after=2026-05-06 00:00:00+00:00
[2026-05-06T23:43:17.649+0000] {processor.py:183} INFO - Processing /usr/local/python/3.12.1/lib/python3.12/site-packages/airflow/example_dags/example_nested_branch_dag.py took 0.064 seconds
[2026-05-06T23:44:15.234+0000] {processor.py:161} INFO - Started process (PID=26613) to work on /usr/local/python/3.12.1/lib/python3.12/site-packages/airflow/example_dags/example_nested_branch_dag.py
[2026-05-06T23:44:15.235+0000] {processor.py:830} INFO - Processing file /usr/local/python/3.12.1/lib/python3.12/site-packages/airflow/example_dags/example_nested_branch_dag.py for tasks to queue
[2026-05-06T23:44:15.237+0000] {logging_mixin.py:188} INFO - [2026-05-06T23:44:15.236+0000] {dagbag.py:545} INFO - Filling up the DagBag from /usr/local/python/3.12.1/lib/python3.12/site-packages/airflow/example_dags/example_nested_branch_dag.py
[2026-05-06T23:44:15.245+0000] {processor.py:840} INFO - DAG(s) 'example_nested_branch_dag' retrieved from /usr/local/python/3.12.1/lib/python3.12/site-packages/airflow/example_dags/example_nested_branch_dag.py
[2026-05-06T23:44:15.259+0000] {logging_mixin.py:188} INFO - [2026-05-06T23:44:15.259+0000] {dag.py:3096} INFO - Sync 1 DAGs
[2026-05-06T23:44:15.276+0000] {logging_mixin.py:188} INFO - [2026-05-06T23:44:15.275+0000] {dag.py:3954} INFO - Setting next_dagrun for example_nested_branch_dag to 2026-05-05 00:00:00+00:00, run_after=2026-05-06 00:00:00+00:00
[2026-05-06T23:44:15.293+0000] {processor.py:183} INFO - Processing /usr/local/python/3.12.1/lib/python3.12/site-packages/airflow/example_dags/example_nested_branch_dag.py took 0.063 seconds
[2026-05-06T23:45:12.975+0000] {processor.py:161} INFO - Started process (PID=27053) to work on /usr/local/python/3.12.1/lib/python3.12/site-packages/airflow/example_dags/example_nested_branch_dag.py
[2026-05-06T23:45:12.976+0000] {processor.py:830} INFO - Processing file /usr/local/python/3.12.1/lib/python3.12/site-packages/airflow/example_dags/example_nested_branch_dag.py for tasks to queue
[2026-05-06T23:45:12.978+0000] {logging_mixin.py:188} INFO - [2026-05-06T23:45:12.977+0000] {dagbag.py:545} INFO - Filling up the DagBag from /usr/local/python/3.12.1/lib/python3.12/site-packages/airflow/example_dags/example_nested_branch_dag.py
[2026-05-06T23:45:12.986+0000] {processor.py:840} INFO - DAG(s) 'example_nested_branch_dag' retrieved from /usr/local/python/3.12.1/lib/python3.12/site-packages/airflow/example_dags/example_nested_branch_dag.py
[2026-05-06T23:45:13.000+0000] {logging_mixin.py:188} INFO - [2026-05-06T23:45:13.000+0000] {dag.py:3096} INFO - Sync 1 DAGs
[2026-05-06T23:45:13.015+0000] {logging_mixin.py:188} INFO - [2026-05-06T23:45:13.015+0000] {dag.py:3954} INFO - Setting next_dagrun for example_nested_branch_dag to 2026-05-05 00:00:00+00:00, run_after=2026-05-06 00:00:00+00:00
[2026-05-06T23:45:13.032+0000] {processor.py:183} INFO - Processing /usr/local/python/3.12.1/lib/python3.12/site-packages/airflow/example_dags/example_nested_branch_dag.py took 0.061 seconds
[2026-05-06T23:46:12.290+0000] {processor.py:161} INFO - Started process (PID=27516) to work on /usr/local/python/3.12.1/lib/python3.12/site-packages/airflow/example_dags/example_nested_branch_dag.py
[2026-05-06T23:46:12.291+0000] {processor.py:830} INFO - Processing file /usr/local/python/3.12.1/lib/python3.12/site-packages/airflow/example_dags/example_nested_branch_dag.py for tasks to queue
[2026-05-06T23:46:12.293+0000] {logging_mixin.py:188} INFO - [2026-05-06T23:46:12.292+0000] {dagbag.py:545} INFO - Filling up the DagBag from /usr/local/python/3.12.1/lib/python3.12/site-packages/airflow/example_dags/example_nested_branch_dag.py
[2026-05-06T23:46:12.304+0000] {processor.py:840} INFO - DAG(s) 'example_nested_branch_dag' retrieved from /usr/local/python/3.12.1/lib/python3.12/site-packages/airflow/example_dags/example_nested_branch_dag.py
[2026-05-06T23:46:12.320+0000] {logging_mixin.py:188} INFO - [2026-05-06T23:46:12.320+0000] {dag.py:3096} INFO - Sync 1 DAGs
[2026-05-06T23:46:12.336+0000] {logging_mixin.py:188} INFO - [2026-05-06T23:46:12.336+0000] {dag.py:3954} INFO - Setting next_dagrun for example_nested_branch_dag to 2026-05-05 00:00:00+00:00, run_after=2026-05-06 00:00:00+00:00
[2026-05-06T23:46:12.354+0000] {processor.py:183} INFO - Processing /usr/local/python/3.12.1/lib/python3.12/site-packages/airflow/example_dags/example_nested_branch_dag.py took 0.069 seconds
[2026-05-06T23:47:08.726+0000] {processor.py:161} INFO - Started process (PID=27969) to work on /usr/local/python/3.12.1/lib/python3.12/site-packages/airflow/example_dags/example_nested_branch_dag.py
[2026-05-06T23:47:08.727+0000] {processor.py:830} INFO - Processing file /usr/local/python/3.12.1/lib/python3.12/site-packages/airflow/example_dags/example_nested_branch_dag.py for tasks to queue
[2026-05-06T23:47:08.729+0000] {logging_mixin.py:188} INFO - [2026-05-06T23:47:08.728+0000] {dagbag.py:545} INFO - Filling up the DagBag from /usr/local/python/3.12.1/lib/python3.12/site-packages/airflow/example_dags/example_nested_branch_dag.py
[2026-05-06T23:47:08.741+0000] {processor.py:840} INFO - DAG(s) 'example_nested_branch_dag' retrieved from /usr/local/python/3.12.1/lib/python3.12/site-packages/airflow/example_dags/example_nested_branch_dag.py
[2026-05-06T23:47:08.763+0000] {logging_mixin.py:188} INFO - [2026-05-06T23:47:08.763+0000] {dag.py:3096} INFO - Sync 1 DAGs
[2026-05-06T23:47:08.780+0000] {logging_mixin.py:188} INFO - [2026-05-06T23:47:08.780+0000] {dag.py:3954} INFO - Setting next_dagrun for example_nested_branch_dag to 2026-05-05 00:00:00+00:00, run_after=2026-05-06 00:00:00+00:00
[2026-05-06T23:47:08.806+0000] {processor.py:183} INFO - Processing /usr/local/python/3.12.1/lib/python3.12/site-packages/airflow/example_dags/example_nested_branch_dag.py took 0.085 seconds
[2026-05-06T23:48:11.897+0000] {processor.py:161} INFO - Started process (PID=28460) to work on /usr/local/python/3.12.1/lib/python3.12/site-packages/airflow/example_dags/example_nested_branch_dag.py
[2026-05-06T23:48:11.898+0000] {processor.py:830} INFO - Processing file /usr/local/python/3.12.1/lib/python3.12/site-packages/airflow/example_dags/example_nested_branch_dag.py for tasks to queue
[2026-05-06T23:48:11.899+0000] {logging_mixin.py:188} INFO - [2026-05-06T23:48:11.899+0000] {dagbag.py:545} INFO - Filling up the DagBag from /usr/local/python/3.12.1/lib/python3.12/site-packages/airflow/example_dags/example_nested_branch_dag.py
[2026-05-06T23:48:11.907+0000] {processor.py:840} INFO - DAG(s) 'example_nested_branch_dag' retrieved from /usr/local/python/3.12.1/lib/python3.12/site-packages/airflow/example_dags/example_nested_branch_dag.py
[2026-05-06T23:48:11.921+0000] {logging_mixin.py:188} INFO - [2026-05-06T23:48:11.921+0000] {dag.py:3096} INFO - Sync 1 DAGs
[2026-05-06T23:48:11.938+0000] {logging_mixin.py:188} INFO - [2026-05-06T23:48:11.937+0000] {dag.py:3954} INFO - Setting next_dagrun for example_nested_branch_dag to 2026-05-05 00:00:00+00:00, run_after=2026-05-06 00:00:00+00:00
[2026-05-06T23:48:11.954+0000] {processor.py:183} INFO - Processing /usr/local/python/3.12.1/lib/python3.12/site-packages/airflow/example_dags/example_nested_branch_dag.py took 0.063 seconds
[2026-05-06T23:49:10.819+0000] {processor.py:161} INFO - Started process (PID=28923) to work on /usr/local/python/3.12.1/lib/python3.12/site-packages/airflow/example_dags/example_nested_branch_dag.py
[2026-05-06T23:49:10.820+0000] {processor.py:830} INFO - Processing file /usr/local/python/3.12.1/lib/python3.12/site-packages/airflow/example_dags/example_nested_branch_dag.py for tasks to queue
[2026-05-06T23:49:10.822+0000] {logging_mixin.py:188} INFO - [2026-05-06T23:49:10.822+0000] {dagbag.py:545} INFO - Filling up the DagBag from /usr/local/python/3.12.1/lib/python3.12/site-packages/airflow/example_dags/example_nested_branch_dag.py
[2026-05-06T23:49:10.835+0000] {processor.py:840} INFO - DAG(s) 'example_nested_branch_dag' retrieved from /usr/local/python/3.12.1/lib/python3.12/site-packages/airflow/example_dags/example_nested_branch_dag.py
[2026-05-06T23:49:10.850+0000] {logging_mixin.py:188} INFO - [2026-05-06T23:49:10.849+0000] {dag.py:3096} INFO - Sync 1 DAGs
[2026-05-06T23:49:10.866+0000] {logging_mixin.py:188} INFO - [2026-05-06T23:49:10.865+0000] {dag.py:3954} INFO - Setting next_dagrun for example_nested_branch_dag to 2026-05-05 00:00:00+00:00, run_after=2026-05-06 00:00:00+00:00
[2026-05-06T23:49:10.882+0000] {processor.py:183} INFO - Processing /usr/local/python/3.12.1/lib/python3.12/site-packages/airflow/example_dags/example_nested_branch_dag.py took 0.069 seconds
[2026-05-06T23:50:05.772+0000] {processor.py:161} INFO - Started process (PID=29353) to work on /usr/local/python/3.12.1/lib/python3.12/site-packages/airflow/example_dags/example_nested_branch_dag.py
[2026-05-06T23:50:05.773+0000] {processor.py:830} INFO - Processing file /usr/local/python/3.12.1/lib/python3.12/site-packages/airflow/example_dags/example_nested_branch_dag.py for tasks to queue
[2026-05-06T23:50:05.775+0000] {logging_mixin.py:188} INFO - [2026-05-06T23:50:05.774+0000] {dagbag.py:545} INFO - Filling up the DagBag from /usr/local/python/3.12.1/lib/python3.12/site-packages/airflow/example_dags/example_nested_branch_dag.py
[2026-05-06T23:50:05.783+0000] {processor.py:840} INFO - DAG(s) 'example_nested_branch_dag' retrieved from /usr/local/python/3.12.1/lib/python3.12/site-packages/airflow/example_dags/example_nested_branch_dag.py
[2026-05-06T23:50:05.797+0000] {logging_mixin.py:188} INFO - [2026-05-06T23:50:05.797+0000] {dag.py:3096} INFO - Sync 1 DAGs
[2026-05-06T23:50:05.813+0000] {logging_mixin.py:188} INFO - [2026-05-06T23:50:05.813+0000] {dag.py:3954} INFO - Setting next_dagrun for example_nested_branch_dag to 2026-05-05 00:00:00+00:00, run_after=2026-05-06 00:00:00+00:00
[2026-05-06T23:50:05.830+0000] {processor.py:183} INFO - Processing /usr/local/python/3.12.1/lib/python3.12/site-packages/airflow/example_dags/example_nested_branch_dag.py took 0.063 seconds
[2026-05-06T23:51:04.853+0000] {processor.py:161} INFO - Started process (PID=29801) to work on /usr/local/python/3.12.1/lib/python3.12/site-packages/airflow/example_dags/example_nested_branch_dag.py
[2026-05-06T23:51:04.853+0000] {processor.py:830} INFO - Processing file /usr/local/python/3.12.1/lib/python3.12/site-packages/airflow/example_dags/example_nested_branch_dag.py for tasks to queue
[2026-05-06T23:51:04.855+0000] {logging_mixin.py:188} INFO - [2026-05-06T23:51:04.854+0000] {dagbag.py:545} INFO - Filling up the DagBag from /usr/local/python/3.12.1/lib/python3.12/site-packages/airflow/example_dags/example_nested_branch_dag.py
[2026-05-06T23:51:04.863+0000] {processor.py:840} INFO - DAG(s) 'example_nested_branch_dag' retrieved from /usr/local/python/3.12.1/lib/python3.12/site-packages/airflow/example_dags/example_nested_branch_dag.py
[2026-05-06T23:51:04.878+0000] {logging_mixin.py:188} INFO - [2026-05-06T23:51:04.878+0000] {dag.py:3096} INFO - Sync 1 DAGs
[2026-05-06T23:51:04.894+0000] {logging_mixin.py:188} INFO - [2026-05-06T23:51:04.894+0000] {dag.py:3954} INFO - Setting next_dagrun for example_nested_branch_dag to 2026-05-05 00:00:00+00:00, run_after=2026-05-06 00:00:00+00:00
[2026-05-06T23:51:04.910+0000] {processor.py:183} INFO - Processing /usr/local/python/3.12.1/lib/python3.12/site-packages/airflow/example_dags/example_nested_branch_dag.py took 0.062 seconds
[2026-05-06T23:51:58.894+0000] {processor.py:161} INFO - Started process (PID=30220) to work on /usr/local/python/3.12.1/lib/python3.12/site-packages/airflow/example_dags/example_nested_branch_dag.py
[2026-05-06T23:51:58.895+0000] {processor.py:830} INFO - Processing file /usr/local/python/3.12.1/lib/python3.12/site-packages/airflow/example_dags/example_nested_branch_dag.py for tasks to queue
[2026-05-06T23:51:58.897+0000] {logging_mixin.py:188} INFO - [2026-05-06T23:51:58.896+0000] {dagbag.py:545} INFO - Filling up the DagBag from /usr/local/python/3.12.1/lib/python3.12/site-packages/airflow/example_dags/example_nested_branch_dag.py
[2026-05-06T23:51:58.905+0000] {processor.py:840} INFO - DAG(s) 'example_nested_branch_dag' retrieved from /usr/local/python/3.12.1/lib/python3.12/site-packages/airflow/example_dags/example_nested_branch_dag.py
[2026-05-06T23:51:58.919+0000] {logging_mixin.py:188} INFO - [2026-05-06T23:51:58.919+0000] {dag.py:3096} INFO - Sync 1 DAGs
[2026-05-06T23:51:58.935+0000] {logging_mixin.py:188} INFO - [2026-05-06T23:51:58.935+0000] {dag.py:3954} INFO - Setting next_dagrun for example_nested_branch_dag to 2026-05-05 00:00:00+00:00, run_after=2026-05-06 00:00:00+00:00
[2026-05-06T23:51:58.965+0000] {processor.py:183} INFO - Processing /usr/local/python/3.12.1/lib/python3.12/site-packages/airflow/example_dags/example_nested_branch_dag.py took 0.075 seconds
[2026-05-06T23:52:56.691+0000] {processor.py:161} INFO - Started process (PID=30680) to work on /usr/local/python/3.12.1/lib/python3.12/site-packages/airflow/example_dags/example_nested_branch_dag.py
[2026-05-06T23:52:56.692+0000] {processor.py:830} INFO - Processing file /usr/local/python/3.12.1/lib/python3.12/site-packages/airflow/example_dags/example_nested_branch_dag.py for tasks to queue
[2026-05-06T23:52:56.694+0000] {logging_mixin.py:188} INFO - [2026-05-06T23:52:56.693+0000] {dagbag.py:545} INFO - Filling up the DagBag from /usr/local/python/3.12.1/lib/python3.12/site-packages/airflow/example_dags/example_nested_branch_dag.py
[2026-05-06T23:52:56.702+0000] {processor.py:840} INFO - DAG(s) 'example_nested_branch_dag' retrieved from /usr/local/python/3.12.1/lib/python3.12/site-packages/airflow/example_dags/example_nested_branch_dag.py
[2026-05-06T23:52:56.717+0000] {logging_mixin.py:188} INFO - [2026-05-06T23:52:56.717+0000] {dag.py:3096} INFO - Sync 1 DAGs
[2026-05-06T23:52:56.733+0000] {logging_mixin.py:188} INFO - [2026-05-06T23:52:56.733+0000] {dag.py:3954} INFO - Setting next_dagrun for example_nested_branch_dag to 2026-05-05 00:00:00+00:00, run_after=2026-05-06 00:00:00+00:00
[2026-05-06T23:52:56.752+0000] {processor.py:183} INFO - Processing /usr/local/python/3.12.1/lib/python3.12/site-packages/airflow/example_dags/example_nested_branch_dag.py took 0.067 seconds
[2026-05-06T23:53:57.492+0000] {processor.py:161} INFO - Started process (PID=31155) to work on /usr/local/python/3.12.1/lib/python3.12/site-packages/airflow/example_dags/example_nested_branch_dag.py
[2026-05-06T23:53:57.493+0000] {processor.py:830} INFO - Processing file /usr/local/python/3.12.1/lib/python3.12/site-packages/airflow/example_dags/example_nested_branch_dag.py for tasks to queue
[2026-05-06T23:53:57.494+0000] {logging_mixin.py:188} INFO - [2026-05-06T23:53:57.494+0000] {dagbag.py:545} INFO - Filling up the DagBag from /usr/local/python/3.12.1/lib/python3.12/site-packages/airflow/example_dags/example_nested_branch_dag.py
[2026-05-06T23:53:57.503+0000] {processor.py:840} INFO - DAG(s) 'example_nested_branch_dag' retrieved from /usr/local/python/3.12.1/lib/python3.12/site-packages/airflow/example_dags/example_nested_branch_dag.py
[2026-05-06T23:53:57.517+0000] {logging_mixin.py:188} INFO - [2026-05-06T23:53:57.517+0000] {dag.py:3096} INFO - Sync 1 DAGs
[2026-05-06T23:53:57.533+0000] {logging_mixin.py:188} INFO - [2026-05-06T23:53:57.532+0000] {dag.py:3954} INFO - Setting next_dagrun for example_nested_branch_dag to 2026-05-05 00:00:00+00:00, run_after=2026-05-06 00:00:00+00:00
[2026-05-06T23:53:57.549+0000] {processor.py:183} INFO - Processing /usr/local/python/3.12.1/lib/python3.12/site-packages/airflow/example_dags/example_nested_branch_dag.py took 0.062 seconds
[2026-05-06T23:54:56.441+0000] {processor.py:161} INFO - Started process (PID=31612) to work on /usr/local/python/3.12.1/lib/python3.12/site-packages/airflow/example_dags/example_nested_branch_dag.py
[2026-05-06T23:54:56.442+0000] {processor.py:830} INFO - Processing file /usr/local/python/3.12.1/lib/python3.12/site-packages/airflow/example_dags/example_nested_branch_dag.py for tasks to queue
[2026-05-06T23:54:56.444+0000] {logging_mixin.py:188} INFO - [2026-05-06T23:54:56.443+0000] {dagbag.py:545} INFO - Filling up the DagBag from /usr/local/python/3.12.1/lib/python3.12/site-packages/airflow/example_dags/example_nested_branch_dag.py
[2026-05-06T23:54:56.477+0000] {processor.py:840} INFO - DAG(s) 'example_nested_branch_dag' retrieved from /usr/local/python/3.12.1/lib/python3.12/site-packages/airflow/example_dags/example_nested_branch_dag.py
[2026-05-06T23:54:56.503+0000] {logging_mixin.py:188} INFO - [2026-05-06T23:54:56.503+0000] {dag.py:3096} INFO - Sync 1 DAGs
[2026-05-06T23:54:56.522+0000] {logging_mixin.py:188} INFO - [2026-05-06T23:54:56.522+0000] {dag.py:3954} INFO - Setting next_dagrun for example_nested_branch_dag to 2026-05-05 00:00:00+00:00, run_after=2026-05-06 00:00:00+00:00
[2026-05-06T23:54:56.542+0000] {processor.py:183} INFO - Processing /usr/local/python/3.12.1/lib/python3.12/site-packages/airflow/example_dags/example_nested_branch_dag.py took 0.108 seconds
[2026-05-06T23:55:55.870+0000] {processor.py:161} INFO - Started process (PID=32141) to work on /usr/local/python/3.12.1/lib/python3.12/site-packages/airflow/example_dags/example_nested_branch_dag.py
[2026-05-06T23:55:55.871+0000] {processor.py:830} INFO - Processing file /usr/local/python/3.12.1/lib/python3.12/site-packages/airflow/example_dags/example_nested_branch_dag.py for tasks to queue
[2026-05-06T23:55:55.872+0000] {logging_mixin.py:188} INFO - [2026-05-06T23:55:55.872+0000] {dagbag.py:545} INFO - Filling up the DagBag from /usr/local/python/3.12.1/lib/python3.12/site-packages/airflow/example_dags/example_nested_branch_dag.py
[2026-05-06T23:55:55.882+0000] {processor.py:840} INFO - DAG(s) 'example_nested_branch_dag' retrieved from /usr/local/python/3.12.1/lib/python3.12/site-packages/airflow/example_dags/example_nested_branch_dag.py
[2026-05-06T23:55:55.927+0000] {logging_mixin.py:188} INFO - [2026-05-06T23:55:55.927+0000] {dag.py:3096} INFO - Sync 1 DAGs
[2026-05-06T23:55:55.945+0000] {logging_mixin.py:188} INFO - [2026-05-06T23:55:55.944+0000] {dag.py:3954} INFO - Setting next_dagrun for example_nested_branch_dag to 2026-05-05 00:00:00+00:00, run_after=2026-05-06 00:00:00+00:00
[2026-05-06T23:55:55.961+0000] {processor.py:183} INFO - Processing /usr/local/python/3.12.1/lib/python3.12/site-packages/airflow/example_dags/example_nested_branch_dag.py took 0.096 seconds
[2026-05-06T23:56:51.769+0000] {processor.py:161} INFO - Started process (PID=32545) to work on /usr/local/python/3.12.1/lib/python3.12/site-packages/airflow/example_dags/example_nested_branch_dag.py
[2026-05-06T23:56:51.769+0000] {processor.py:830} INFO - Processing file /usr/local/python/3.12.1/lib/python3.12/site-packages/airflow/example_dags/example_nested_branch_dag.py for tasks to queue
[2026-05-06T23:56:51.771+0000] {logging_mixin.py:188} INFO - [2026-05-06T23:56:51.770+0000] {dagbag.py:545} INFO - Filling up the DagBag from /usr/local/python/3.12.1/lib/python3.12/site-packages/airflow/example_dags/example_nested_branch_dag.py
[2026-05-06T23:56:51.780+0000] {processor.py:840} INFO - DAG(s) 'example_nested_branch_dag' retrieved from /usr/local/python/3.12.1/lib/python3.12/site-packages/airflow/example_dags/example_nested_branch_dag.py
[2026-05-06T23:56:51.794+0000] {logging_mixin.py:188} INFO - [2026-05-06T23:56:51.794+0000] {dag.py:3096} INFO - Sync 1 DAGs
[2026-05-06T23:56:51.810+0000] {logging_mixin.py:188} INFO - [2026-05-06T23:56:51.810+0000] {dag.py:3954} INFO - Setting next_dagrun for example_nested_branch_dag to 2026-05-05 00:00:00+00:00, run_after=2026-05-06 00:00:00+00:00
[2026-05-06T23:56:51.827+0000] {processor.py:183} INFO - Processing /usr/local/python/3.12.1/lib/python3.12/site-packages/airflow/example_dags/example_nested_branch_dag.py took 0.063 seconds
[2026-05-06T23:57:47.755+0000] {processor.py:161} INFO - Started process (PID=32829) to work on /usr/local/python/3.12.1/lib/python3.12/site-packages/airflow/example_dags/example_nested_branch_dag.py
[2026-05-06T23:57:47.757+0000] {processor.py:830} INFO - Processing file /usr/local/python/3.12.1/lib/python3.12/site-packages/airflow/example_dags/example_nested_branch_dag.py for tasks to queue
[2026-05-06T23:57:47.759+0000] {logging_mixin.py:188} INFO - [2026-05-06T23:57:47.759+0000] {dagbag.py:545} INFO - Filling up the DagBag from /usr/local/python/3.12.1/lib/python3.12/site-packages/airflow/example_dags/example_nested_branch_dag.py
[2026-05-06T23:57:47.772+0000] {processor.py:840} INFO - DAG(s) 'example_nested_branch_dag' retrieved from /usr/local/python/3.12.1/lib/python3.12/site-packages/airflow/example_dags/example_nested_branch_dag.py
[2026-05-06T23:57:47.795+0000] {logging_mixin.py:188} INFO - [2026-05-06T23:57:47.795+0000] {dag.py:3096} INFO - Sync 1 DAGs
[2026-05-06T23:57:47.820+0000] {logging_mixin.py:188} INFO - [2026-05-06T23:57:47.820+0000] {dag.py:3954} INFO - Setting next_dagrun for example_nested_branch_dag to 2026-05-05 00:00:00+00:00, run_after=2026-05-06 00:00:00+00:00
[2026-05-06T23:57:47.854+0000] {processor.py:183} INFO - Processing /usr/local/python/3.12.1/lib/python3.12/site-packages/airflow/example_dags/example_nested_branch_dag.py took 0.111 seconds
[2026-05-06T23:58:47.059+0000] {processor.py:161} INFO - Started process (PID=33103) to work on /usr/local/python/3.12.1/lib/python3.12/site-packages/airflow/example_dags/example_nested_branch_dag.py
[2026-05-06T23:58:47.060+0000] {processor.py:830} INFO - Processing file /usr/local/python/3.12.1/lib/python3.12/site-packages/airflow/example_dags/example_nested_branch_dag.py for tasks to queue
[2026-05-06T23:58:47.061+0000] {logging_mixin.py:188} INFO - [2026-05-06T23:58:47.061+0000] {dagbag.py:545} INFO - Filling up the DagBag from /usr/local/python/3.12.1/lib/python3.12/site-packages/airflow/example_dags/example_nested_branch_dag.py
[2026-05-06T23:58:47.070+0000] {processor.py:840} INFO - DAG(s) 'example_nested_branch_dag' retrieved from /usr/local/python/3.12.1/lib/python3.12/site-packages/airflow/example_dags/example_nested_branch_dag.py
[2026-05-06T23:58:47.084+0000] {logging_mixin.py:188} INFO - [2026-05-06T23:58:47.084+0000] {dag.py:3096} INFO - Sync 1 DAGs
[2026-05-06T23:58:47.100+0000] {logging_mixin.py:188} INFO - [2026-05-06T23:58:47.100+0000] {dag.py:3954} INFO - Setting next_dagrun for example_nested_branch_dag to 2026-05-05 00:00:00+00:00, run_after=2026-05-06 00:00:00+00:00
[2026-05-06T23:58:47.119+0000] {processor.py:183} INFO - Processing /usr/local/python/3.12.1/lib/python3.12/site-packages/airflow/example_dags/example_nested_branch_dag.py took 0.064 seconds
[2026-05-06T23:59:45.693+0000] {processor.py:161} INFO - Started process (PID=33395) to work on /usr/local/python/3.12.1/lib/python3.12/site-packages/airflow/example_dags/example_nested_branch_dag.py
[2026-05-06T23:59:45.693+0000] {processor.py:830} INFO - Processing file /usr/local/python/3.12.1/lib/python3.12/site-packages/airflow/example_dags/example_nested_branch_dag.py for tasks to queue
[2026-05-06T23:59:45.695+0000] {logging_mixin.py:188} INFO - [2026-05-06T23:59:45.694+0000] {dagbag.py:545} INFO - Filling up the DagBag from /usr/local/python/3.12.1/lib/python3.12/site-packages/airflow/example_dags/example_nested_branch_dag.py
[2026-05-06T23:59:45.703+0000] {processor.py:840} INFO - DAG(s) 'example_nested_branch_dag' retrieved from /usr/local/python/3.12.1/lib/python3.12/site-packages/airflow/example_dags/example_nested_branch_dag.py
[2026-05-06T23:59:45.718+0000] {logging_mixin.py:188} INFO - [2026-05-06T23:59:45.717+0000] {dag.py:3096} INFO - Sync 1 DAGs
[2026-05-06T23:59:45.733+0000] {logging_mixin.py:188} INFO - [2026-05-06T23:59:45.733+0000] {dag.py:3954} INFO - Setting next_dagrun for example_nested_branch_dag to 2026-05-05 00:00:00+00:00, run_after=2026-05-06 00:00:00+00:00
[2026-05-06T23:59:45.756+0000] {processor.py:183} INFO - Processing /usr/local/python/3.12.1/lib/python3.12/site-packages/airflow/example_dags/example_nested_branch_dag.py took 0.068 seconds
