[2026-05-06T23:19:07.525+0000] {processor.py:161} INFO - Started process (PID=13362) to work on /usr/local/python/3.12.1/lib/python3.12/site-packages/airflow/example_dags/example_latest_only_with_trigger.py
[2026-05-06T23:19:07.526+0000] {processor.py:830} INFO - Processing file /usr/local/python/3.12.1/lib/python3.12/site-packages/airflow/example_dags/example_latest_only_with_trigger.py for tasks to queue
[2026-05-06T23:19:07.527+0000] {logging_mixin.py:188} INFO - [2026-05-06T23:19:07.527+0000] {dagbag.py:545} INFO - Filling up the DagBag from /usr/local/python/3.12.1/lib/python3.12/site-packages/airflow/example_dags/example_latest_only_with_trigger.py
[2026-05-06T23:19:07.532+0000] {processor.py:840} INFO - DAG(s) 'latest_only_with_trigger' retrieved from /usr/local/python/3.12.1/lib/python3.12/site-packages/airflow/example_dags/example_latest_only_with_trigger.py
[2026-05-06T23:19:07.621+0000] {logging_mixin.py:188} INFO - [2026-05-06T23:19:07.620+0000] {override.py:1829} INFO - Created Permission View: can delete on DAG:latest_only_with_trigger
[2026-05-06T23:19:07.632+0000] {logging_mixin.py:188} INFO - [2026-05-06T23:19:07.631+0000] {override.py:1829} INFO - Created Permission View: can edit on DAG:latest_only_with_trigger
[2026-05-06T23:19:07.637+0000] {logging_mixin.py:188} INFO - [2026-05-06T23:19:07.637+0000] {override.py:1829} INFO - Created Permission View: can read on DAG:latest_only_with_trigger
[2026-05-06T23:19:07.637+0000] {logging_mixin.py:188} INFO - [2026-05-06T23:19:07.637+0000] {dag.py:3096} INFO - Sync 1 DAGs
[2026-05-06T23:19:07.645+0000] {logging_mixin.py:188} INFO - [2026-05-06T23:19:07.644+0000] {dag.py:3118} INFO - Creating ORM DAG for latest_only_with_trigger
[2026-05-06T23:19:07.651+0000] {logging_mixin.py:188} INFO - [2026-05-06T23:19:07.651+0000] {dag.py:3954} INFO - Setting next_dagrun for latest_only_with_trigger to 2026-05-06 16:00:00+00:00, run_after=2026-05-06 20:00:00+00:00
[2026-05-06T23:19:07.664+0000] {processor.py:183} INFO - Processing /usr/local/python/3.12.1/lib/python3.12/site-packages/airflow/example_dags/example_latest_only_with_trigger.py took 0.144 seconds
[2026-05-06T23:19:57.868+0000] {processor.py:161} INFO - Started process (PID=13825) to work on /usr/local/python/3.12.1/lib/python3.12/site-packages/airflow/example_dags/example_latest_only_with_trigger.py
[2026-05-06T23:19:57.868+0000] {processor.py:830} INFO - Processing file /usr/local/python/3.12.1/lib/python3.12/site-packages/airflow/example_dags/example_latest_only_with_trigger.py for tasks to queue
[2026-05-06T23:19:57.870+0000] {logging_mixin.py:188} INFO - [2026-05-06T23:19:57.870+0000] {dagbag.py:545} INFO - Filling up the DagBag from /usr/local/python/3.12.1/lib/python3.12/site-packages/airflow/example_dags/example_latest_only_with_trigger.py
[2026-05-06T23:19:57.874+0000] {processor.py:840} INFO - DAG(s) 'latest_only_with_trigger' retrieved from /usr/local/python/3.12.1/lib/python3.12/site-packages/airflow/example_dags/example_latest_only_with_trigger.py
[2026-05-06T23:19:57.887+0000] {logging_mixin.py:188} INFO - [2026-05-06T23:19:57.887+0000] {dag.py:3096} INFO - Sync 1 DAGs
[2026-05-06T23:19:57.902+0000] {logging_mixin.py:188} INFO - [2026-05-06T23:19:57.902+0000] {dag.py:3954} INFO - Setting next_dagrun for latest_only_with_trigger to 2026-05-06 16:00:00+00:00, run_after=2026-05-06 20:00:00+00:00
[2026-05-06T23:19:57.919+0000] {processor.py:183} INFO - Processing /usr/local/python/3.12.1/lib/python3.12/site-packages/airflow/example_dags/example_latest_only_with_trigger.py took 0.056 seconds
[2026-05-06T23:20:46.503+0000] {processor.py:161} INFO - Started process (PID=14242) to work on /usr/local/python/3.12.1/lib/python3.12/site-packages/airflow/example_dags/example_latest_only_with_trigger.py
[2026-05-06T23:20:46.503+0000] {processor.py:830} INFO - Processing file /usr/local/python/3.12.1/lib/python3.12/site-packages/airflow/example_dags/example_latest_only_with_trigger.py for tasks to queue
[2026-05-06T23:20:46.505+0000] {logging_mixin.py:188} INFO - [2026-05-06T23:20:46.504+0000] {dagbag.py:545} INFO - Filling up the DagBag from /usr/local/python/3.12.1/lib/python3.12/site-packages/airflow/example_dags/example_latest_only_with_trigger.py
[2026-05-06T23:20:46.509+0000] {processor.py:840} INFO - DAG(s) 'latest_only_with_trigger' retrieved from /usr/local/python/3.12.1/lib/python3.12/site-packages/airflow/example_dags/example_latest_only_with_trigger.py
[2026-05-06T23:20:46.522+0000] {logging_mixin.py:188} INFO - [2026-05-06T23:20:46.522+0000] {dag.py:3096} INFO - Sync 1 DAGs
[2026-05-06T23:20:46.537+0000] {logging_mixin.py:188} INFO - [2026-05-06T23:20:46.537+0000] {dag.py:3954} INFO - Setting next_dagrun for latest_only_with_trigger to 2026-05-06 16:00:00+00:00, run_after=2026-05-06 20:00:00+00:00
[2026-05-06T23:20:46.553+0000] {processor.py:183} INFO - Processing /usr/local/python/3.12.1/lib/python3.12/site-packages/airflow/example_dags/example_latest_only_with_trigger.py took 0.054 seconds
[2026-05-06T23:21:45.699+0000] {processor.py:161} INFO - Started process (PID=14803) to work on /usr/local/python/3.12.1/lib/python3.12/site-packages/airflow/example_dags/example_latest_only_with_trigger.py
[2026-05-06T23:21:45.700+0000] {processor.py:830} INFO - Processing file /usr/local/python/3.12.1/lib/python3.12/site-packages/airflow/example_dags/example_latest_only_with_trigger.py for tasks to queue
[2026-05-06T23:21:45.701+0000] {logging_mixin.py:188} INFO - [2026-05-06T23:21:45.701+0000] {dagbag.py:545} INFO - Filling up the DagBag from /usr/local/python/3.12.1/lib/python3.12/site-packages/airflow/example_dags/example_latest_only_with_trigger.py
[2026-05-06T23:21:45.705+0000] {processor.py:840} INFO - DAG(s) 'latest_only_with_trigger' retrieved from /usr/local/python/3.12.1/lib/python3.12/site-packages/airflow/example_dags/example_latest_only_with_trigger.py
[2026-05-06T23:21:45.719+0000] {logging_mixin.py:188} INFO - [2026-05-06T23:21:45.718+0000] {dag.py:3096} INFO - Sync 1 DAGs
[2026-05-06T23:21:45.732+0000] {logging_mixin.py:188} INFO - [2026-05-06T23:21:45.732+0000] {dag.py:3954} INFO - Setting next_dagrun for latest_only_with_trigger to 2026-05-06 16:00:00+00:00, run_after=2026-05-06 20:00:00+00:00
[2026-05-06T23:21:45.748+0000] {processor.py:183} INFO - Processing /usr/local/python/3.12.1/lib/python3.12/site-packages/airflow/example_dags/example_latest_only_with_trigger.py took 0.054 seconds
[2026-05-06T23:22:48.478+0000] {processor.py:161} INFO - Started process (PID=15367) to work on /usr/local/python/3.12.1/lib/python3.12/site-packages/airflow/example_dags/example_latest_only_with_trigger.py
[2026-05-06T23:22:48.479+0000] {processor.py:830} INFO - Processing file /usr/local/python/3.12.1/lib/python3.12/site-packages/airflow/example_dags/example_latest_only_with_trigger.py for tasks to queue
[2026-05-06T23:22:48.480+0000] {logging_mixin.py:188} INFO - [2026-05-06T23:22:48.480+0000] {dagbag.py:545} INFO - Filling up the DagBag from /usr/local/python/3.12.1/lib/python3.12/site-packages/airflow/example_dags/example_latest_only_with_trigger.py
[2026-05-06T23:22:48.485+0000] {processor.py:840} INFO - DAG(s) 'latest_only_with_trigger' retrieved from /usr/local/python/3.12.1/lib/python3.12/site-packages/airflow/example_dags/example_latest_only_with_trigger.py
[2026-05-06T23:22:48.498+0000] {logging_mixin.py:188} INFO - [2026-05-06T23:22:48.498+0000] {dag.py:3096} INFO - Sync 1 DAGs
[2026-05-06T23:22:48.512+0000] {logging_mixin.py:188} INFO - [2026-05-06T23:22:48.512+0000] {dag.py:3954} INFO - Setting next_dagrun for latest_only_with_trigger to 2026-05-06 16:00:00+00:00, run_after=2026-05-06 20:00:00+00:00
[2026-05-06T23:22:48.528+0000] {processor.py:183} INFO - Processing /usr/local/python/3.12.1/lib/python3.12/site-packages/airflow/example_dags/example_latest_only_with_trigger.py took 0.054 seconds
[2026-05-06T23:23:42.325+0000] {processor.py:161} INFO - Started process (PID=15898) to work on /usr/local/python/3.12.1/lib/python3.12/site-packages/airflow/example_dags/example_latest_only_with_trigger.py
[2026-05-06T23:23:42.326+0000] {processor.py:830} INFO - Processing file /usr/local/python/3.12.1/lib/python3.12/site-packages/airflow/example_dags/example_latest_only_with_trigger.py for tasks to queue
[2026-05-06T23:23:42.327+0000] {logging_mixin.py:188} INFO - [2026-05-06T23:23:42.327+0000] {dagbag.py:545} INFO - Filling up the DagBag from /usr/local/python/3.12.1/lib/python3.12/site-packages/airflow/example_dags/example_latest_only_with_trigger.py
[2026-05-06T23:23:42.331+0000] {processor.py:840} INFO - DAG(s) 'latest_only_with_trigger' retrieved from /usr/local/python/3.12.1/lib/python3.12/site-packages/airflow/example_dags/example_latest_only_with_trigger.py
[2026-05-06T23:23:42.345+0000] {logging_mixin.py:188} INFO - [2026-05-06T23:23:42.344+0000] {dag.py:3096} INFO - Sync 1 DAGs
[2026-05-06T23:23:42.359+0000] {logging_mixin.py:188} INFO - [2026-05-06T23:23:42.359+0000] {dag.py:3954} INFO - Setting next_dagrun for latest_only_with_trigger to 2026-05-06 16:00:00+00:00, run_after=2026-05-06 20:00:00+00:00
[2026-05-06T23:23:42.375+0000] {processor.py:183} INFO - Processing /usr/local/python/3.12.1/lib/python3.12/site-packages/airflow/example_dags/example_latest_only_with_trigger.py took 0.055 seconds
[2026-05-06T23:24:40.979+0000] {processor.py:161} INFO - Started process (PID=16743) to work on /usr/local/python/3.12.1/lib/python3.12/site-packages/airflow/example_dags/example_latest_only_with_trigger.py
[2026-05-06T23:24:40.980+0000] {processor.py:830} INFO - Processing file /usr/local/python/3.12.1/lib/python3.12/site-packages/airflow/example_dags/example_latest_only_with_trigger.py for tasks to queue
[2026-05-06T23:24:40.982+0000] {logging_mixin.py:188} INFO - [2026-05-06T23:24:40.981+0000] {dagbag.py:545} INFO - Filling up the DagBag from /usr/local/python/3.12.1/lib/python3.12/site-packages/airflow/example_dags/example_latest_only_with_trigger.py
[2026-05-06T23:24:40.986+0000] {processor.py:840} INFO - DAG(s) 'latest_only_with_trigger' retrieved from /usr/local/python/3.12.1/lib/python3.12/site-packages/airflow/example_dags/example_latest_only_with_trigger.py
[2026-05-06T23:24:40.999+0000] {logging_mixin.py:188} INFO - [2026-05-06T23:24:40.999+0000] {dag.py:3096} INFO - Sync 1 DAGs
[2026-05-06T23:24:41.014+0000] {logging_mixin.py:188} INFO - [2026-05-06T23:24:41.014+0000] {dag.py:3954} INFO - Setting next_dagrun for latest_only_with_trigger to 2026-05-06 16:00:00+00:00, run_after=2026-05-06 20:00:00+00:00
[2026-05-06T23:24:41.031+0000] {processor.py:183} INFO - Processing /usr/local/python/3.12.1/lib/python3.12/site-packages/airflow/example_dags/example_latest_only_with_trigger.py took 0.057 seconds
[2026-05-06T23:25:38.139+0000] {processor.py:161} INFO - Started process (PID=17280) to work on /usr/local/python/3.12.1/lib/python3.12/site-packages/airflow/example_dags/example_latest_only_with_trigger.py
[2026-05-06T23:25:38.140+0000] {processor.py:830} INFO - Processing file /usr/local/python/3.12.1/lib/python3.12/site-packages/airflow/example_dags/example_latest_only_with_trigger.py for tasks to queue
[2026-05-06T23:25:38.141+0000] {logging_mixin.py:188} INFO - [2026-05-06T23:25:38.141+0000] {dagbag.py:545} INFO - Filling up the DagBag from /usr/local/python/3.12.1/lib/python3.12/site-packages/airflow/example_dags/example_latest_only_with_trigger.py
[2026-05-06T23:25:38.145+0000] {processor.py:840} INFO - DAG(s) 'latest_only_with_trigger' retrieved from /usr/local/python/3.12.1/lib/python3.12/site-packages/airflow/example_dags/example_latest_only_with_trigger.py
[2026-05-06T23:25:38.159+0000] {logging_mixin.py:188} INFO - [2026-05-06T23:25:38.159+0000] {dag.py:3096} INFO - Sync 1 DAGs
[2026-05-06T23:25:38.174+0000] {logging_mixin.py:188} INFO - [2026-05-06T23:25:38.173+0000] {dag.py:3954} INFO - Setting next_dagrun for latest_only_with_trigger to 2026-05-06 16:00:00+00:00, run_after=2026-05-06 20:00:00+00:00
[2026-05-06T23:25:38.309+0000] {processor.py:183} INFO - Processing /usr/local/python/3.12.1/lib/python3.12/site-packages/airflow/example_dags/example_latest_only_with_trigger.py took 0.175 seconds
[2026-05-06T23:26:38.378+0000] {processor.py:161} INFO - Started process (PID=17792) to work on /usr/local/python/3.12.1/lib/python3.12/site-packages/airflow/example_dags/example_latest_only_with_trigger.py
[2026-05-06T23:26:38.379+0000] {processor.py:830} INFO - Processing file /usr/local/python/3.12.1/lib/python3.12/site-packages/airflow/example_dags/example_latest_only_with_trigger.py for tasks to queue
[2026-05-06T23:26:38.380+0000] {logging_mixin.py:188} INFO - [2026-05-06T23:26:38.380+0000] {dagbag.py:545} INFO - Filling up the DagBag from /usr/local/python/3.12.1/lib/python3.12/site-packages/airflow/example_dags/example_latest_only_with_trigger.py
[2026-05-06T23:26:38.385+0000] {processor.py:840} INFO - DAG(s) 'latest_only_with_trigger' retrieved from /usr/local/python/3.12.1/lib/python3.12/site-packages/airflow/example_dags/example_latest_only_with_trigger.py
[2026-05-06T23:26:38.398+0000] {logging_mixin.py:188} INFO - [2026-05-06T23:26:38.398+0000] {dag.py:3096} INFO - Sync 1 DAGs
[2026-05-06T23:26:38.413+0000] {logging_mixin.py:188} INFO - [2026-05-06T23:26:38.413+0000] {dag.py:3954} INFO - Setting next_dagrun for latest_only_with_trigger to 2026-05-06 16:00:00+00:00, run_after=2026-05-06 20:00:00+00:00
[2026-05-06T23:26:38.429+0000] {processor.py:183} INFO - Processing /usr/local/python/3.12.1/lib/python3.12/site-packages/airflow/example_dags/example_latest_only_with_trigger.py took 0.055 seconds
[2026-05-06T23:27:35.599+0000] {processor.py:161} INFO - Started process (PID=18418) to work on /usr/local/python/3.12.1/lib/python3.12/site-packages/airflow/example_dags/example_latest_only_with_trigger.py
[2026-05-06T23:27:35.600+0000] {processor.py:830} INFO - Processing file /usr/local/python/3.12.1/lib/python3.12/site-packages/airflow/example_dags/example_latest_only_with_trigger.py for tasks to queue
[2026-05-06T23:27:35.601+0000] {logging_mixin.py:188} INFO - [2026-05-06T23:27:35.601+0000] {dagbag.py:545} INFO - Filling up the DagBag from /usr/local/python/3.12.1/lib/python3.12/site-packages/airflow/example_dags/example_latest_only_with_trigger.py
[2026-05-06T23:27:35.606+0000] {processor.py:840} INFO - DAG(s) 'latest_only_with_trigger' retrieved from /usr/local/python/3.12.1/lib/python3.12/site-packages/airflow/example_dags/example_latest_only_with_trigger.py
[2026-05-06T23:27:35.619+0000] {logging_mixin.py:188} INFO - [2026-05-06T23:27:35.619+0000] {dag.py:3096} INFO - Sync 1 DAGs
[2026-05-06T23:27:35.634+0000] {logging_mixin.py:188} INFO - [2026-05-06T23:27:35.634+0000] {dag.py:3954} INFO - Setting next_dagrun for latest_only_with_trigger to 2026-05-06 16:00:00+00:00, run_after=2026-05-06 20:00:00+00:00
[2026-05-06T23:27:35.650+0000] {processor.py:183} INFO - Processing /usr/local/python/3.12.1/lib/python3.12/site-packages/airflow/example_dags/example_latest_only_with_trigger.py took 0.056 seconds
[2026-05-06T23:28:37.662+0000] {processor.py:161} INFO - Started process (PID=18930) to work on /usr/local/python/3.12.1/lib/python3.12/site-packages/airflow/example_dags/example_latest_only_with_trigger.py
[2026-05-06T23:28:37.663+0000] {processor.py:830} INFO - Processing file /usr/local/python/3.12.1/lib/python3.12/site-packages/airflow/example_dags/example_latest_only_with_trigger.py for tasks to queue
[2026-05-06T23:28:37.665+0000] {logging_mixin.py:188} INFO - [2026-05-06T23:28:37.664+0000] {dagbag.py:545} INFO - Filling up the DagBag from /usr/local/python/3.12.1/lib/python3.12/site-packages/airflow/example_dags/example_latest_only_with_trigger.py
[2026-05-06T23:28:37.669+0000] {processor.py:840} INFO - DAG(s) 'latest_only_with_trigger' retrieved from /usr/local/python/3.12.1/lib/python3.12/site-packages/airflow/example_dags/example_latest_only_with_trigger.py
[2026-05-06T23:28:37.682+0000] {logging_mixin.py:188} INFO - [2026-05-06T23:28:37.682+0000] {dag.py:3096} INFO - Sync 1 DAGs
[2026-05-06T23:28:37.697+0000] {logging_mixin.py:188} INFO - [2026-05-06T23:28:37.697+0000] {dag.py:3954} INFO - Setting next_dagrun for latest_only_with_trigger to 2026-05-06 16:00:00+00:00, run_after=2026-05-06 20:00:00+00:00
[2026-05-06T23:28:37.713+0000] {processor.py:183} INFO - Processing /usr/local/python/3.12.1/lib/python3.12/site-packages/airflow/example_dags/example_latest_only_with_trigger.py took 0.055 seconds
[2026-05-06T23:31:50.027+0000] {processor.py:161} INFO - Started process (PID=20784) to work on /usr/local/python/3.12.1/lib/python3.12/site-packages/airflow/example_dags/example_latest_only_with_trigger.py
[2026-05-06T23:31:50.028+0000] {processor.py:830} INFO - Processing file /usr/local/python/3.12.1/lib/python3.12/site-packages/airflow/example_dags/example_latest_only_with_trigger.py for tasks to queue
[2026-05-06T23:31:50.029+0000] {logging_mixin.py:188} INFO - [2026-05-06T23:31:50.029+0000] {dagbag.py:545} INFO - Filling up the DagBag from /usr/local/python/3.12.1/lib/python3.12/site-packages/airflow/example_dags/example_latest_only_with_trigger.py
[2026-05-06T23:31:50.034+0000] {processor.py:840} INFO - DAG(s) 'latest_only_with_trigger' retrieved from /usr/local/python/3.12.1/lib/python3.12/site-packages/airflow/example_dags/example_latest_only_with_trigger.py
[2026-05-06T23:31:50.048+0000] {logging_mixin.py:188} INFO - [2026-05-06T23:31:50.048+0000] {dag.py:3096} INFO - Sync 1 DAGs
[2026-05-06T23:31:50.062+0000] {logging_mixin.py:188} INFO - [2026-05-06T23:31:50.062+0000] {dag.py:3954} INFO - Setting next_dagrun for latest_only_with_trigger to 2026-05-06 16:00:00+00:00, run_after=2026-05-06 20:00:00+00:00
[2026-05-06T23:31:50.078+0000] {processor.py:183} INFO - Processing /usr/local/python/3.12.1/lib/python3.12/site-packages/airflow/example_dags/example_latest_only_with_trigger.py took 0.056 seconds
[2026-05-06T23:32:37.787+0000] {processor.py:161} INFO - Started process (PID=21162) to work on /usr/local/python/3.12.1/lib/python3.12/site-packages/airflow/example_dags/example_latest_only_with_trigger.py
[2026-05-06T23:32:37.788+0000] {processor.py:830} INFO - Processing file /usr/local/python/3.12.1/lib/python3.12/site-packages/airflow/example_dags/example_latest_only_with_trigger.py for tasks to queue
[2026-05-06T23:32:37.789+0000] {logging_mixin.py:188} INFO - [2026-05-06T23:32:37.789+0000] {dagbag.py:545} INFO - Filling up the DagBag from /usr/local/python/3.12.1/lib/python3.12/site-packages/airflow/example_dags/example_latest_only_with_trigger.py
[2026-05-06T23:32:37.793+0000] {processor.py:840} INFO - DAG(s) 'latest_only_with_trigger' retrieved from /usr/local/python/3.12.1/lib/python3.12/site-packages/airflow/example_dags/example_latest_only_with_trigger.py
[2026-05-06T23:32:37.807+0000] {logging_mixin.py:188} INFO - [2026-05-06T23:32:37.807+0000] {dag.py:3096} INFO - Sync 1 DAGs
[2026-05-06T23:32:37.823+0000] {logging_mixin.py:188} INFO - [2026-05-06T23:32:37.823+0000] {dag.py:3954} INFO - Setting next_dagrun for latest_only_with_trigger to 2026-05-06 16:00:00+00:00, run_after=2026-05-06 20:00:00+00:00
[2026-05-06T23:32:37.839+0000] {processor.py:183} INFO - Processing /usr/local/python/3.12.1/lib/python3.12/site-packages/airflow/example_dags/example_latest_only_with_trigger.py took 0.057 seconds
[2026-05-06T23:33:26.437+0000] {processor.py:161} INFO - Started process (PID=21541) to work on /usr/local/python/3.12.1/lib/python3.12/site-packages/airflow/example_dags/example_latest_only_with_trigger.py
[2026-05-06T23:33:26.438+0000] {processor.py:830} INFO - Processing file /usr/local/python/3.12.1/lib/python3.12/site-packages/airflow/example_dags/example_latest_only_with_trigger.py for tasks to queue
[2026-05-06T23:33:26.439+0000] {logging_mixin.py:188} INFO - [2026-05-06T23:33:26.439+0000] {dagbag.py:545} INFO - Filling up the DagBag from /usr/local/python/3.12.1/lib/python3.12/site-packages/airflow/example_dags/example_latest_only_with_trigger.py
[2026-05-06T23:33:26.443+0000] {processor.py:840} INFO - DAG(s) 'latest_only_with_trigger' retrieved from /usr/local/python/3.12.1/lib/python3.12/site-packages/airflow/example_dags/example_latest_only_with_trigger.py
[2026-05-06T23:33:26.457+0000] {logging_mixin.py:188} INFO - [2026-05-06T23:33:26.456+0000] {dag.py:3096} INFO - Sync 1 DAGs
[2026-05-06T23:33:26.471+0000] {logging_mixin.py:188} INFO - [2026-05-06T23:33:26.471+0000] {dag.py:3954} INFO - Setting next_dagrun for latest_only_with_trigger to 2026-05-06 16:00:00+00:00, run_after=2026-05-06 20:00:00+00:00
[2026-05-06T23:33:26.488+0000] {processor.py:183} INFO - Processing /usr/local/python/3.12.1/lib/python3.12/site-packages/airflow/example_dags/example_latest_only_with_trigger.py took 0.056 seconds
[2026-05-06T23:34:24.657+0000] {processor.py:161} INFO - Started process (PID=21995) to work on /usr/local/python/3.12.1/lib/python3.12/site-packages/airflow/example_dags/example_latest_only_with_trigger.py
[2026-05-06T23:34:24.658+0000] {processor.py:830} INFO - Processing file /usr/local/python/3.12.1/lib/python3.12/site-packages/airflow/example_dags/example_latest_only_with_trigger.py for tasks to queue
[2026-05-06T23:34:24.660+0000] {logging_mixin.py:188} INFO - [2026-05-06T23:34:24.659+0000] {dagbag.py:545} INFO - Filling up the DagBag from /usr/local/python/3.12.1/lib/python3.12/site-packages/airflow/example_dags/example_latest_only_with_trigger.py
[2026-05-06T23:34:24.666+0000] {processor.py:840} INFO - DAG(s) 'latest_only_with_trigger' retrieved from /usr/local/python/3.12.1/lib/python3.12/site-packages/airflow/example_dags/example_latest_only_with_trigger.py
[2026-05-06T23:34:24.683+0000] {logging_mixin.py:188} INFO - [2026-05-06T23:34:24.683+0000] {dag.py:3096} INFO - Sync 1 DAGs
[2026-05-06T23:34:24.698+0000] {logging_mixin.py:188} INFO - [2026-05-06T23:34:24.698+0000] {dag.py:3954} INFO - Setting next_dagrun for latest_only_with_trigger to 2026-05-06 16:00:00+00:00, run_after=2026-05-06 20:00:00+00:00
[2026-05-06T23:34:24.715+0000] {processor.py:183} INFO - Processing /usr/local/python/3.12.1/lib/python3.12/site-packages/airflow/example_dags/example_latest_only_with_trigger.py took 0.063 seconds
[2026-05-06T23:35:22.503+0000] {processor.py:161} INFO - Started process (PID=22463) to work on /usr/local/python/3.12.1/lib/python3.12/site-packages/airflow/example_dags/example_latest_only_with_trigger.py
[2026-05-06T23:35:22.504+0000] {processor.py:830} INFO - Processing file /usr/local/python/3.12.1/lib/python3.12/site-packages/airflow/example_dags/example_latest_only_with_trigger.py for tasks to queue
[2026-05-06T23:35:22.505+0000] {logging_mixin.py:188} INFO - [2026-05-06T23:35:22.505+0000] {dagbag.py:545} INFO - Filling up the DagBag from /usr/local/python/3.12.1/lib/python3.12/site-packages/airflow/example_dags/example_latest_only_with_trigger.py
[2026-05-06T23:35:22.510+0000] {processor.py:840} INFO - DAG(s) 'latest_only_with_trigger' retrieved from /usr/local/python/3.12.1/lib/python3.12/site-packages/airflow/example_dags/example_latest_only_with_trigger.py
[2026-05-06T23:35:22.524+0000] {logging_mixin.py:188} INFO - [2026-05-06T23:35:22.523+0000] {dag.py:3096} INFO - Sync 1 DAGs
[2026-05-06T23:35:22.539+0000] {logging_mixin.py:188} INFO - [2026-05-06T23:35:22.539+0000] {dag.py:3954} INFO - Setting next_dagrun for latest_only_with_trigger to 2026-05-06 16:00:00+00:00, run_after=2026-05-06 20:00:00+00:00
[2026-05-06T23:35:22.555+0000] {processor.py:183} INFO - Processing /usr/local/python/3.12.1/lib/python3.12/site-packages/airflow/example_dags/example_latest_only_with_trigger.py took 0.057 seconds
[2026-05-06T23:36:18.446+0000] {processor.py:161} INFO - Started process (PID=22909) to work on /usr/local/python/3.12.1/lib/python3.12/site-packages/airflow/example_dags/example_latest_only_with_trigger.py
[2026-05-06T23:36:18.446+0000] {processor.py:830} INFO - Processing file /usr/local/python/3.12.1/lib/python3.12/site-packages/airflow/example_dags/example_latest_only_with_trigger.py for tasks to queue
[2026-05-06T23:36:18.448+0000] {logging_mixin.py:188} INFO - [2026-05-06T23:36:18.447+0000] {dagbag.py:545} INFO - Filling up the DagBag from /usr/local/python/3.12.1/lib/python3.12/site-packages/airflow/example_dags/example_latest_only_with_trigger.py
[2026-05-06T23:36:18.452+0000] {processor.py:840} INFO - DAG(s) 'latest_only_with_trigger' retrieved from /usr/local/python/3.12.1/lib/python3.12/site-packages/airflow/example_dags/example_latest_only_with_trigger.py
[2026-05-06T23:36:18.468+0000] {logging_mixin.py:188} INFO - [2026-05-06T23:36:18.468+0000] {dag.py:3096} INFO - Sync 1 DAGs
[2026-05-06T23:36:18.484+0000] {logging_mixin.py:188} INFO - [2026-05-06T23:36:18.484+0000] {dag.py:3954} INFO - Setting next_dagrun for latest_only_with_trigger to 2026-05-06 16:00:00+00:00, run_after=2026-05-06 20:00:00+00:00
[2026-05-06T23:36:18.502+0000] {processor.py:183} INFO - Processing /usr/local/python/3.12.1/lib/python3.12/site-packages/airflow/example_dags/example_latest_only_with_trigger.py took 0.061 seconds
[2026-05-06T23:37:14.666+0000] {processor.py:161} INFO - Started process (PID=23331) to work on /usr/local/python/3.12.1/lib/python3.12/site-packages/airflow/example_dags/example_latest_only_with_trigger.py
[2026-05-06T23:37:14.667+0000] {processor.py:830} INFO - Processing file /usr/local/python/3.12.1/lib/python3.12/site-packages/airflow/example_dags/example_latest_only_with_trigger.py for tasks to queue
[2026-05-06T23:37:14.668+0000] {logging_mixin.py:188} INFO - [2026-05-06T23:37:14.668+0000] {dagbag.py:545} INFO - Filling up the DagBag from /usr/local/python/3.12.1/lib/python3.12/site-packages/airflow/example_dags/example_latest_only_with_trigger.py
[2026-05-06T23:37:14.673+0000] {processor.py:840} INFO - DAG(s) 'latest_only_with_trigger' retrieved from /usr/local/python/3.12.1/lib/python3.12/site-packages/airflow/example_dags/example_latest_only_with_trigger.py
[2026-05-06T23:37:14.688+0000] {logging_mixin.py:188} INFO - [2026-05-06T23:37:14.688+0000] {dag.py:3096} INFO - Sync 1 DAGs
[2026-05-06T23:37:14.704+0000] {logging_mixin.py:188} INFO - [2026-05-06T23:37:14.704+0000] {dag.py:3954} INFO - Setting next_dagrun for latest_only_with_trigger to 2026-05-06 16:00:00+00:00, run_after=2026-05-06 20:00:00+00:00
[2026-05-06T23:37:14.722+0000] {processor.py:183} INFO - Processing /usr/local/python/3.12.1/lib/python3.12/site-packages/airflow/example_dags/example_latest_only_with_trigger.py took 0.061 seconds
[2026-05-06T23:38:11.697+0000] {processor.py:161} INFO - Started process (PID=23787) to work on /usr/local/python/3.12.1/lib/python3.12/site-packages/airflow/example_dags/example_latest_only_with_trigger.py
[2026-05-06T23:38:11.697+0000] {processor.py:830} INFO - Processing file /usr/local/python/3.12.1/lib/python3.12/site-packages/airflow/example_dags/example_latest_only_with_trigger.py for tasks to queue
[2026-05-06T23:38:11.699+0000] {logging_mixin.py:188} INFO - [2026-05-06T23:38:11.699+0000] {dagbag.py:545} INFO - Filling up the DagBag from /usr/local/python/3.12.1/lib/python3.12/site-packages/airflow/example_dags/example_latest_only_with_trigger.py
[2026-05-06T23:38:11.704+0000] {processor.py:840} INFO - DAG(s) 'latest_only_with_trigger' retrieved from /usr/local/python/3.12.1/lib/python3.12/site-packages/airflow/example_dags/example_latest_only_with_trigger.py
[2026-05-06T23:38:11.718+0000] {logging_mixin.py:188} INFO - [2026-05-06T23:38:11.718+0000] {dag.py:3096} INFO - Sync 1 DAGs
[2026-05-06T23:38:11.733+0000] {logging_mixin.py:188} INFO - [2026-05-06T23:38:11.733+0000] {dag.py:3954} INFO - Setting next_dagrun for latest_only_with_trigger to 2026-05-06 16:00:00+00:00, run_after=2026-05-06 20:00:00+00:00
[2026-05-06T23:38:11.751+0000] {processor.py:183} INFO - Processing /usr/local/python/3.12.1/lib/python3.12/site-packages/airflow/example_dags/example_latest_only_with_trigger.py took 0.059 seconds
[2026-05-06T23:39:09.729+0000] {processor.py:161} INFO - Started process (PID=24228) to work on /usr/local/python/3.12.1/lib/python3.12/site-packages/airflow/example_dags/example_latest_only_with_trigger.py
[2026-05-06T23:39:09.730+0000] {processor.py:830} INFO - Processing file /usr/local/python/3.12.1/lib/python3.12/site-packages/airflow/example_dags/example_latest_only_with_trigger.py for tasks to queue
[2026-05-06T23:39:09.731+0000] {logging_mixin.py:188} INFO - [2026-05-06T23:39:09.731+0000] {dagbag.py:545} INFO - Filling up the DagBag from /usr/local/python/3.12.1/lib/python3.12/site-packages/airflow/example_dags/example_latest_only_with_trigger.py
[2026-05-06T23:39:09.736+0000] {processor.py:840} INFO - DAG(s) 'latest_only_with_trigger' retrieved from /usr/local/python/3.12.1/lib/python3.12/site-packages/airflow/example_dags/example_latest_only_with_trigger.py
[2026-05-06T23:39:09.750+0000] {logging_mixin.py:188} INFO - [2026-05-06T23:39:09.750+0000] {dag.py:3096} INFO - Sync 1 DAGs
[2026-05-06T23:39:09.869+0000] {logging_mixin.py:188} INFO - [2026-05-06T23:39:09.869+0000] {dag.py:3954} INFO - Setting next_dagrun for latest_only_with_trigger to 2026-05-06 16:00:00+00:00, run_after=2026-05-06 20:00:00+00:00
[2026-05-06T23:39:09.902+0000] {processor.py:183} INFO - Processing /usr/local/python/3.12.1/lib/python3.12/site-packages/airflow/example_dags/example_latest_only_with_trigger.py took 0.178 seconds
[2026-05-06T23:40:07.514+0000] {processor.py:161} INFO - Started process (PID=24684) to work on /usr/local/python/3.12.1/lib/python3.12/site-packages/airflow/example_dags/example_latest_only_with_trigger.py
[2026-05-06T23:40:07.514+0000] {processor.py:830} INFO - Processing file /usr/local/python/3.12.1/lib/python3.12/site-packages/airflow/example_dags/example_latest_only_with_trigger.py for tasks to queue
[2026-05-06T23:40:07.516+0000] {logging_mixin.py:188} INFO - [2026-05-06T23:40:07.516+0000] {dagbag.py:545} INFO - Filling up the DagBag from /usr/local/python/3.12.1/lib/python3.12/site-packages/airflow/example_dags/example_latest_only_with_trigger.py
[2026-05-06T23:40:07.520+0000] {processor.py:840} INFO - DAG(s) 'latest_only_with_trigger' retrieved from /usr/local/python/3.12.1/lib/python3.12/site-packages/airflow/example_dags/example_latest_only_with_trigger.py
[2026-05-06T23:40:07.534+0000] {logging_mixin.py:188} INFO - [2026-05-06T23:40:07.534+0000] {dag.py:3096} INFO - Sync 1 DAGs
[2026-05-06T23:40:07.550+0000] {logging_mixin.py:188} INFO - [2026-05-06T23:40:07.550+0000] {dag.py:3954} INFO - Setting next_dagrun for latest_only_with_trigger to 2026-05-06 16:00:00+00:00, run_after=2026-05-06 20:00:00+00:00
[2026-05-06T23:40:07.666+0000] {processor.py:183} INFO - Processing /usr/local/python/3.12.1/lib/python3.12/site-packages/airflow/example_dags/example_latest_only_with_trigger.py took 0.157 seconds
[2026-05-06T23:41:09.676+0000] {processor.py:161} INFO - Started process (PID=25162) to work on /usr/local/python/3.12.1/lib/python3.12/site-packages/airflow/example_dags/example_latest_only_with_trigger.py
[2026-05-06T23:41:09.677+0000] {processor.py:830} INFO - Processing file /usr/local/python/3.12.1/lib/python3.12/site-packages/airflow/example_dags/example_latest_only_with_trigger.py for tasks to queue
[2026-05-06T23:41:09.679+0000] {logging_mixin.py:188} INFO - [2026-05-06T23:41:09.678+0000] {dagbag.py:545} INFO - Filling up the DagBag from /usr/local/python/3.12.1/lib/python3.12/site-packages/airflow/example_dags/example_latest_only_with_trigger.py
[2026-05-06T23:41:09.684+0000] {processor.py:840} INFO - DAG(s) 'latest_only_with_trigger' retrieved from /usr/local/python/3.12.1/lib/python3.12/site-packages/airflow/example_dags/example_latest_only_with_trigger.py
[2026-05-06T23:41:09.698+0000] {logging_mixin.py:188} INFO - [2026-05-06T23:41:09.697+0000] {dag.py:3096} INFO - Sync 1 DAGs
[2026-05-06T23:41:09.713+0000] {logging_mixin.py:188} INFO - [2026-05-06T23:41:09.713+0000] {dag.py:3954} INFO - Setting next_dagrun for latest_only_with_trigger to 2026-05-06 16:00:00+00:00, run_after=2026-05-06 20:00:00+00:00
[2026-05-06T23:41:09.733+0000] {processor.py:183} INFO - Processing /usr/local/python/3.12.1/lib/python3.12/site-packages/airflow/example_dags/example_latest_only_with_trigger.py took 0.061 seconds
[2026-05-06T23:42:07.991+0000] {processor.py:161} INFO - Started process (PID=25621) to work on /usr/local/python/3.12.1/lib/python3.12/site-packages/airflow/example_dags/example_latest_only_with_trigger.py
[2026-05-06T23:42:07.992+0000] {processor.py:830} INFO - Processing file /usr/local/python/3.12.1/lib/python3.12/site-packages/airflow/example_dags/example_latest_only_with_trigger.py for tasks to queue
[2026-05-06T23:42:07.993+0000] {logging_mixin.py:188} INFO - [2026-05-06T23:42:07.993+0000] {dagbag.py:545} INFO - Filling up the DagBag from /usr/local/python/3.12.1/lib/python3.12/site-packages/airflow/example_dags/example_latest_only_with_trigger.py
[2026-05-06T23:42:07.998+0000] {processor.py:840} INFO - DAG(s) 'latest_only_with_trigger' retrieved from /usr/local/python/3.12.1/lib/python3.12/site-packages/airflow/example_dags/example_latest_only_with_trigger.py
[2026-05-06T23:42:08.012+0000] {logging_mixin.py:188} INFO - [2026-05-06T23:42:08.011+0000] {dag.py:3096} INFO - Sync 1 DAGs
[2026-05-06T23:42:08.027+0000] {logging_mixin.py:188} INFO - [2026-05-06T23:42:08.027+0000] {dag.py:3954} INFO - Setting next_dagrun for latest_only_with_trigger to 2026-05-06 16:00:00+00:00, run_after=2026-05-06 20:00:00+00:00
[2026-05-06T23:42:08.045+0000] {processor.py:183} INFO - Processing /usr/local/python/3.12.1/lib/python3.12/site-packages/airflow/example_dags/example_latest_only_with_trigger.py took 0.059 seconds
[2026-05-06T23:43:11.850+0000] {processor.py:161} INFO - Started process (PID=26110) to work on /usr/local/python/3.12.1/lib/python3.12/site-packages/airflow/example_dags/example_latest_only_with_trigger.py
[2026-05-06T23:43:11.851+0000] {processor.py:830} INFO - Processing file /usr/local/python/3.12.1/lib/python3.12/site-packages/airflow/example_dags/example_latest_only_with_trigger.py for tasks to queue
[2026-05-06T23:43:11.852+0000] {logging_mixin.py:188} INFO - [2026-05-06T23:43:11.852+0000] {dagbag.py:545} INFO - Filling up the DagBag from /usr/local/python/3.12.1/lib/python3.12/site-packages/airflow/example_dags/example_latest_only_with_trigger.py
[2026-05-06T23:43:11.857+0000] {processor.py:840} INFO - DAG(s) 'latest_only_with_trigger' retrieved from /usr/local/python/3.12.1/lib/python3.12/site-packages/airflow/example_dags/example_latest_only_with_trigger.py
[2026-05-06T23:43:11.871+0000] {logging_mixin.py:188} INFO - [2026-05-06T23:43:11.871+0000] {dag.py:3096} INFO - Sync 1 DAGs
[2026-05-06T23:43:11.886+0000] {logging_mixin.py:188} INFO - [2026-05-06T23:43:11.886+0000] {dag.py:3954} INFO - Setting next_dagrun for latest_only_with_trigger to 2026-05-06 16:00:00+00:00, run_after=2026-05-06 20:00:00+00:00
[2026-05-06T23:43:11.904+0000] {processor.py:183} INFO - Processing /usr/local/python/3.12.1/lib/python3.12/site-packages/airflow/example_dags/example_latest_only_with_trigger.py took 0.059 seconds
[2026-05-06T23:44:08.345+0000] {processor.py:161} INFO - Started process (PID=26558) to work on /usr/local/python/3.12.1/lib/python3.12/site-packages/airflow/example_dags/example_latest_only_with_trigger.py
[2026-05-06T23:44:08.346+0000] {processor.py:830} INFO - Processing file /usr/local/python/3.12.1/lib/python3.12/site-packages/airflow/example_dags/example_latest_only_with_trigger.py for tasks to queue
[2026-05-06T23:44:08.347+0000] {logging_mixin.py:188} INFO - [2026-05-06T23:44:08.347+0000] {dagbag.py:545} INFO - Filling up the DagBag from /usr/local/python/3.12.1/lib/python3.12/site-packages/airflow/example_dags/example_latest_only_with_trigger.py
[2026-05-06T23:44:08.352+0000] {processor.py:840} INFO - DAG(s) 'latest_only_with_trigger' retrieved from /usr/local/python/3.12.1/lib/python3.12/site-packages/airflow/example_dags/example_latest_only_with_trigger.py
[2026-05-06T23:44:08.366+0000] {logging_mixin.py:188} INFO - [2026-05-06T23:44:08.366+0000] {dag.py:3096} INFO - Sync 1 DAGs
[2026-05-06T23:44:08.381+0000] {logging_mixin.py:188} INFO - [2026-05-06T23:44:08.381+0000] {dag.py:3954} INFO - Setting next_dagrun for latest_only_with_trigger to 2026-05-06 16:00:00+00:00, run_after=2026-05-06 20:00:00+00:00
[2026-05-06T23:44:08.398+0000] {processor.py:183} INFO - Processing /usr/local/python/3.12.1/lib/python3.12/site-packages/airflow/example_dags/example_latest_only_with_trigger.py took 0.057 seconds
[2026-05-06T23:45:05.573+0000] {processor.py:161} INFO - Started process (PID=27015) to work on /usr/local/python/3.12.1/lib/python3.12/site-packages/airflow/example_dags/example_latest_only_with_trigger.py
[2026-05-06T23:45:05.574+0000] {processor.py:830} INFO - Processing file /usr/local/python/3.12.1/lib/python3.12/site-packages/airflow/example_dags/example_latest_only_with_trigger.py for tasks to queue
[2026-05-06T23:45:05.575+0000] {logging_mixin.py:188} INFO - [2026-05-06T23:45:05.575+0000] {dagbag.py:545} INFO - Filling up the DagBag from /usr/local/python/3.12.1/lib/python3.12/site-packages/airflow/example_dags/example_latest_only_with_trigger.py
[2026-05-06T23:45:05.580+0000] {processor.py:840} INFO - DAG(s) 'latest_only_with_trigger' retrieved from /usr/local/python/3.12.1/lib/python3.12/site-packages/airflow/example_dags/example_latest_only_with_trigger.py
[2026-05-06T23:45:05.595+0000] {logging_mixin.py:188} INFO - [2026-05-06T23:45:05.595+0000] {dag.py:3096} INFO - Sync 1 DAGs
[2026-05-06T23:45:05.618+0000] {logging_mixin.py:188} INFO - [2026-05-06T23:45:05.618+0000] {dag.py:3954} INFO - Setting next_dagrun for latest_only_with_trigger to 2026-05-06 16:00:00+00:00, run_after=2026-05-06 20:00:00+00:00
[2026-05-06T23:45:05.642+0000] {processor.py:183} INFO - Processing /usr/local/python/3.12.1/lib/python3.12/site-packages/airflow/example_dags/example_latest_only_with_trigger.py took 0.074 seconds
[2026-05-06T23:46:04.945+0000] {processor.py:161} INFO - Started process (PID=27454) to work on /usr/local/python/3.12.1/lib/python3.12/site-packages/airflow/example_dags/example_latest_only_with_trigger.py
[2026-05-06T23:46:04.946+0000] {processor.py:830} INFO - Processing file /usr/local/python/3.12.1/lib/python3.12/site-packages/airflow/example_dags/example_latest_only_with_trigger.py for tasks to queue
[2026-05-06T23:46:04.947+0000] {logging_mixin.py:188} INFO - [2026-05-06T23:46:04.947+0000] {dagbag.py:545} INFO - Filling up the DagBag from /usr/local/python/3.12.1/lib/python3.12/site-packages/airflow/example_dags/example_latest_only_with_trigger.py
[2026-05-06T23:46:04.952+0000] {processor.py:840} INFO - DAG(s) 'latest_only_with_trigger' retrieved from /usr/local/python/3.12.1/lib/python3.12/site-packages/airflow/example_dags/example_latest_only_with_trigger.py
[2026-05-06T23:46:04.966+0000] {logging_mixin.py:188} INFO - [2026-05-06T23:46:04.965+0000] {dag.py:3096} INFO - Sync 1 DAGs
[2026-05-06T23:46:04.982+0000] {logging_mixin.py:188} INFO - [2026-05-06T23:46:04.982+0000] {dag.py:3954} INFO - Setting next_dagrun for latest_only_with_trigger to 2026-05-06 16:00:00+00:00, run_after=2026-05-06 20:00:00+00:00
[2026-05-06T23:46:04.999+0000] {processor.py:183} INFO - Processing /usr/local/python/3.12.1/lib/python3.12/site-packages/airflow/example_dags/example_latest_only_with_trigger.py took 0.059 seconds
[2026-05-06T23:47:01.582+0000] {processor.py:161} INFO - Started process (PID=27906) to work on /usr/local/python/3.12.1/lib/python3.12/site-packages/airflow/example_dags/example_latest_only_with_trigger.py
[2026-05-06T23:47:01.583+0000] {processor.py:830} INFO - Processing file /usr/local/python/3.12.1/lib/python3.12/site-packages/airflow/example_dags/example_latest_only_with_trigger.py for tasks to queue
[2026-05-06T23:47:01.584+0000] {logging_mixin.py:188} INFO - [2026-05-06T23:47:01.584+0000] {dagbag.py:545} INFO - Filling up the DagBag from /usr/local/python/3.12.1/lib/python3.12/site-packages/airflow/example_dags/example_latest_only_with_trigger.py
[2026-05-06T23:47:01.589+0000] {processor.py:840} INFO - DAG(s) 'latest_only_with_trigger' retrieved from /usr/local/python/3.12.1/lib/python3.12/site-packages/airflow/example_dags/example_latest_only_with_trigger.py
[2026-05-06T23:47:01.603+0000] {logging_mixin.py:188} INFO - [2026-05-06T23:47:01.603+0000] {dag.py:3096} INFO - Sync 1 DAGs
[2026-05-06T23:47:01.620+0000] {logging_mixin.py:188} INFO - [2026-05-06T23:47:01.620+0000] {dag.py:3954} INFO - Setting next_dagrun for latest_only_with_trigger to 2026-05-06 16:00:00+00:00, run_after=2026-05-06 20:00:00+00:00
[2026-05-06T23:47:01.637+0000] {processor.py:183} INFO - Processing /usr/local/python/3.12.1/lib/python3.12/site-packages/airflow/example_dags/example_latest_only_with_trigger.py took 0.060 seconds
[2026-05-06T23:47:44.498+0000] {processor.py:161} INFO - Started process (PID=28237) to work on /usr/local/python/3.12.1/lib/python3.12/site-packages/airflow/example_dags/example_latest_only_with_trigger.py
[2026-05-06T23:47:44.499+0000] {processor.py:830} INFO - Processing file /usr/local/python/3.12.1/lib/python3.12/site-packages/airflow/example_dags/example_latest_only_with_trigger.py for tasks to queue
[2026-05-06T23:47:44.500+0000] {logging_mixin.py:188} INFO - [2026-05-06T23:47:44.500+0000] {dagbag.py:545} INFO - Filling up the DagBag from /usr/local/python/3.12.1/lib/python3.12/site-packages/airflow/example_dags/example_latest_only_with_trigger.py
[2026-05-06T23:47:44.505+0000] {processor.py:840} INFO - DAG(s) 'latest_only_with_trigger' retrieved from /usr/local/python/3.12.1/lib/python3.12/site-packages/airflow/example_dags/example_latest_only_with_trigger.py
[2026-05-06T23:47:44.519+0000] {logging_mixin.py:188} INFO - [2026-05-06T23:47:44.519+0000] {dag.py:3096} INFO - Sync 1 DAGs
[2026-05-06T23:47:44.534+0000] {logging_mixin.py:188} INFO - [2026-05-06T23:47:44.534+0000] {dag.py:3954} INFO - Setting next_dagrun for latest_only_with_trigger to 2026-05-06 16:00:00+00:00, run_after=2026-05-06 20:00:00+00:00
[2026-05-06T23:47:44.551+0000] {processor.py:183} INFO - Processing /usr/local/python/3.12.1/lib/python3.12/site-packages/airflow/example_dags/example_latest_only_with_trigger.py took 0.058 seconds
[2026-05-06T23:48:44.963+0000] {processor.py:161} INFO - Started process (PID=28715) to work on /usr/local/python/3.12.1/lib/python3.12/site-packages/airflow/example_dags/example_latest_only_with_trigger.py
[2026-05-06T23:48:44.964+0000] {processor.py:830} INFO - Processing file /usr/local/python/3.12.1/lib/python3.12/site-packages/airflow/example_dags/example_latest_only_with_trigger.py for tasks to queue
[2026-05-06T23:48:44.965+0000] {logging_mixin.py:188} INFO - [2026-05-06T23:48:44.965+0000] {dagbag.py:545} INFO - Filling up the DagBag from /usr/local/python/3.12.1/lib/python3.12/site-packages/airflow/example_dags/example_latest_only_with_trigger.py
[2026-05-06T23:48:44.969+0000] {processor.py:840} INFO - DAG(s) 'latest_only_with_trigger' retrieved from /usr/local/python/3.12.1/lib/python3.12/site-packages/airflow/example_dags/example_latest_only_with_trigger.py
[2026-05-06T23:48:44.983+0000] {logging_mixin.py:188} INFO - [2026-05-06T23:48:44.983+0000] {dag.py:3096} INFO - Sync 1 DAGs
[2026-05-06T23:48:44.999+0000] {logging_mixin.py:188} INFO - [2026-05-06T23:48:44.999+0000] {dag.py:3954} INFO - Setting next_dagrun for latest_only_with_trigger to 2026-05-06 16:00:00+00:00, run_after=2026-05-06 20:00:00+00:00
[2026-05-06T23:48:45.016+0000] {processor.py:183} INFO - Processing /usr/local/python/3.12.1/lib/python3.12/site-packages/airflow/example_dags/example_latest_only_with_trigger.py took 0.058 seconds
[2026-05-06T23:49:40.058+0000] {processor.py:161} INFO - Started process (PID=29157) to work on /usr/local/python/3.12.1/lib/python3.12/site-packages/airflow/example_dags/example_latest_only_with_trigger.py
[2026-05-06T23:49:40.059+0000] {processor.py:830} INFO - Processing file /usr/local/python/3.12.1/lib/python3.12/site-packages/airflow/example_dags/example_latest_only_with_trigger.py for tasks to queue
[2026-05-06T23:49:40.061+0000] {logging_mixin.py:188} INFO - [2026-05-06T23:49:40.060+0000] {dagbag.py:545} INFO - Filling up the DagBag from /usr/local/python/3.12.1/lib/python3.12/site-packages/airflow/example_dags/example_latest_only_with_trigger.py
[2026-05-06T23:49:40.065+0000] {processor.py:840} INFO - DAG(s) 'latest_only_with_trigger' retrieved from /usr/local/python/3.12.1/lib/python3.12/site-packages/airflow/example_dags/example_latest_only_with_trigger.py
[2026-05-06T23:49:40.079+0000] {logging_mixin.py:188} INFO - [2026-05-06T23:49:40.079+0000] {dag.py:3096} INFO - Sync 1 DAGs
[2026-05-06T23:49:40.094+0000] {logging_mixin.py:188} INFO - [2026-05-06T23:49:40.094+0000] {dag.py:3954} INFO - Setting next_dagrun for latest_only_with_trigger to 2026-05-06 16:00:00+00:00, run_after=2026-05-06 20:00:00+00:00
[2026-05-06T23:49:40.111+0000] {processor.py:183} INFO - Processing /usr/local/python/3.12.1/lib/python3.12/site-packages/airflow/example_dags/example_latest_only_with_trigger.py took 0.057 seconds
[2026-05-06T23:50:34.341+0000] {processor.py:161} INFO - Started process (PID=29575) to work on /usr/local/python/3.12.1/lib/python3.12/site-packages/airflow/example_dags/example_latest_only_with_trigger.py
[2026-05-06T23:50:34.342+0000] {processor.py:830} INFO - Processing file /usr/local/python/3.12.1/lib/python3.12/site-packages/airflow/example_dags/example_latest_only_with_trigger.py for tasks to queue
[2026-05-06T23:50:34.343+0000] {logging_mixin.py:188} INFO - [2026-05-06T23:50:34.343+0000] {dagbag.py:545} INFO - Filling up the DagBag from /usr/local/python/3.12.1/lib/python3.12/site-packages/airflow/example_dags/example_latest_only_with_trigger.py
[2026-05-06T23:50:34.348+0000] {processor.py:840} INFO - DAG(s) 'latest_only_with_trigger' retrieved from /usr/local/python/3.12.1/lib/python3.12/site-packages/airflow/example_dags/example_latest_only_with_trigger.py
[2026-05-06T23:50:34.362+0000] {logging_mixin.py:188} INFO - [2026-05-06T23:50:34.362+0000] {dag.py:3096} INFO - Sync 1 DAGs
[2026-05-06T23:50:34.378+0000] {logging_mixin.py:188} INFO - [2026-05-06T23:50:34.378+0000] {dag.py:3954} INFO - Setting next_dagrun for latest_only_with_trigger to 2026-05-06 16:00:00+00:00, run_after=2026-05-06 20:00:00+00:00
[2026-05-06T23:50:34.396+0000] {processor.py:183} INFO - Processing /usr/local/python/3.12.1/lib/python3.12/site-packages/airflow/example_dags/example_latest_only_with_trigger.py took 0.060 seconds
[2026-05-06T23:51:17.539+0000] {processor.py:161} INFO - Started process (PID=29903) to work on /usr/local/python/3.12.1/lib/python3.12/site-packages/airflow/example_dags/example_latest_only_with_trigger.py
[2026-05-06T23:51:17.540+0000] {processor.py:830} INFO - Processing file /usr/local/python/3.12.1/lib/python3.12/site-packages/airflow/example_dags/example_latest_only_with_trigger.py for tasks to queue
[2026-05-06T23:51:17.542+0000] {logging_mixin.py:188} INFO - [2026-05-06T23:51:17.542+0000] {dagbag.py:545} INFO - Filling up the DagBag from /usr/local/python/3.12.1/lib/python3.12/site-packages/airflow/example_dags/example_latest_only_with_trigger.py
[2026-05-06T23:51:17.550+0000] {processor.py:840} INFO - DAG(s) 'latest_only_with_trigger' retrieved from /usr/local/python/3.12.1/lib/python3.12/site-packages/airflow/example_dags/example_latest_only_with_trigger.py
[2026-05-06T23:51:17.567+0000] {logging_mixin.py:188} INFO - [2026-05-06T23:51:17.567+0000] {dag.py:3096} INFO - Sync 1 DAGs
[2026-05-06T23:51:17.583+0000] {logging_mixin.py:188} INFO - [2026-05-06T23:51:17.583+0000] {dag.py:3954} INFO - Setting next_dagrun for latest_only_with_trigger to 2026-05-06 16:00:00+00:00, run_after=2026-05-06 20:00:00+00:00
[2026-05-06T23:51:17.602+0000] {processor.py:183} INFO - Processing /usr/local/python/3.12.1/lib/python3.12/site-packages/airflow/example_dags/example_latest_only_with_trigger.py took 0.068 seconds
[2026-05-06T23:52:10.909+0000] {processor.py:161} INFO - Started process (PID=30311) to work on /usr/local/python/3.12.1/lib/python3.12/site-packages/airflow/example_dags/example_latest_only_with_trigger.py
[2026-05-06T23:52:10.911+0000] {processor.py:830} INFO - Processing file /usr/local/python/3.12.1/lib/python3.12/site-packages/airflow/example_dags/example_latest_only_with_trigger.py for tasks to queue
[2026-05-06T23:52:10.913+0000] {logging_mixin.py:188} INFO - [2026-05-06T23:52:10.912+0000] {dagbag.py:545} INFO - Filling up the DagBag from /usr/local/python/3.12.1/lib/python3.12/site-packages/airflow/example_dags/example_latest_only_with_trigger.py
[2026-05-06T23:52:10.919+0000] {processor.py:840} INFO - DAG(s) 'latest_only_with_trigger' retrieved from /usr/local/python/3.12.1/lib/python3.12/site-packages/airflow/example_dags/example_latest_only_with_trigger.py
[2026-05-06T23:52:10.937+0000] {logging_mixin.py:188} INFO - [2026-05-06T23:52:10.937+0000] {dag.py:3096} INFO - Sync 1 DAGs
[2026-05-06T23:52:10.958+0000] {logging_mixin.py:188} INFO - [2026-05-06T23:52:10.958+0000] {dag.py:3954} INFO - Setting next_dagrun for latest_only_with_trigger to 2026-05-06 16:00:00+00:00, run_after=2026-05-06 20:00:00+00:00
[2026-05-06T23:52:10.975+0000] {processor.py:183} INFO - Processing /usr/local/python/3.12.1/lib/python3.12/site-packages/airflow/example_dags/example_latest_only_with_trigger.py took 0.076 seconds
[2026-05-06T23:53:09.861+0000] {processor.py:161} INFO - Started process (PID=30778) to work on /usr/local/python/3.12.1/lib/python3.12/site-packages/airflow/example_dags/example_latest_only_with_trigger.py
[2026-05-06T23:53:09.862+0000] {processor.py:830} INFO - Processing file /usr/local/python/3.12.1/lib/python3.12/site-packages/airflow/example_dags/example_latest_only_with_trigger.py for tasks to queue
[2026-05-06T23:53:09.864+0000] {logging_mixin.py:188} INFO - [2026-05-06T23:53:09.864+0000] {dagbag.py:545} INFO - Filling up the DagBag from /usr/local/python/3.12.1/lib/python3.12/site-packages/airflow/example_dags/example_latest_only_with_trigger.py
[2026-05-06T23:53:09.870+0000] {processor.py:840} INFO - DAG(s) 'latest_only_with_trigger' retrieved from /usr/local/python/3.12.1/lib/python3.12/site-packages/airflow/example_dags/example_latest_only_with_trigger.py
[2026-05-06T23:53:09.884+0000] {logging_mixin.py:188} INFO - [2026-05-06T23:53:09.884+0000] {dag.py:3096} INFO - Sync 1 DAGs
[2026-05-06T23:53:09.900+0000] {logging_mixin.py:188} INFO - [2026-05-06T23:53:09.900+0000] {dag.py:3954} INFO - Setting next_dagrun for latest_only_with_trigger to 2026-05-06 16:00:00+00:00, run_after=2026-05-06 20:00:00+00:00
[2026-05-06T23:53:09.917+0000] {processor.py:183} INFO - Processing /usr/local/python/3.12.1/lib/python3.12/site-packages/airflow/example_dags/example_latest_only_with_trigger.py took 0.063 seconds
[2026-05-06T23:54:08.911+0000] {processor.py:161} INFO - Started process (PID=31238) to work on /usr/local/python/3.12.1/lib/python3.12/site-packages/airflow/example_dags/example_latest_only_with_trigger.py
[2026-05-06T23:54:08.912+0000] {processor.py:830} INFO - Processing file /usr/local/python/3.12.1/lib/python3.12/site-packages/airflow/example_dags/example_latest_only_with_trigger.py for tasks to queue
[2026-05-06T23:54:08.913+0000] {logging_mixin.py:188} INFO - [2026-05-06T23:54:08.913+0000] {dagbag.py:545} INFO - Filling up the DagBag from /usr/local/python/3.12.1/lib/python3.12/site-packages/airflow/example_dags/example_latest_only_with_trigger.py
[2026-05-06T23:54:08.920+0000] {processor.py:840} INFO - DAG(s) 'latest_only_with_trigger' retrieved from /usr/local/python/3.12.1/lib/python3.12/site-packages/airflow/example_dags/example_latest_only_with_trigger.py
[2026-05-06T23:54:08.935+0000] {logging_mixin.py:188} INFO - [2026-05-06T23:54:08.935+0000] {dag.py:3096} INFO - Sync 1 DAGs
[2026-05-06T23:54:08.958+0000] {logging_mixin.py:188} INFO - [2026-05-06T23:54:08.958+0000] {dag.py:3954} INFO - Setting next_dagrun for latest_only_with_trigger to 2026-05-06 16:00:00+00:00, run_after=2026-05-06 20:00:00+00:00
[2026-05-06T23:54:08.976+0000] {processor.py:183} INFO - Processing /usr/local/python/3.12.1/lib/python3.12/site-packages/airflow/example_dags/example_latest_only_with_trigger.py took 0.069 seconds
[2026-05-06T23:55:07.135+0000] {processor.py:161} INFO - Started process (PID=31701) to work on /usr/local/python/3.12.1/lib/python3.12/site-packages/airflow/example_dags/example_latest_only_with_trigger.py
[2026-05-06T23:55:07.135+0000] {processor.py:830} INFO - Processing file /usr/local/python/3.12.1/lib/python3.12/site-packages/airflow/example_dags/example_latest_only_with_trigger.py for tasks to queue
[2026-05-06T23:55:07.137+0000] {logging_mixin.py:188} INFO - [2026-05-06T23:55:07.137+0000] {dagbag.py:545} INFO - Filling up the DagBag from /usr/local/python/3.12.1/lib/python3.12/site-packages/airflow/example_dags/example_latest_only_with_trigger.py
[2026-05-06T23:55:07.144+0000] {processor.py:840} INFO - DAG(s) 'latest_only_with_trigger' retrieved from /usr/local/python/3.12.1/lib/python3.12/site-packages/airflow/example_dags/example_latest_only_with_trigger.py
[2026-05-06T23:55:07.158+0000] {logging_mixin.py:188} INFO - [2026-05-06T23:55:07.157+0000] {dag.py:3096} INFO - Sync 1 DAGs
[2026-05-06T23:55:07.177+0000] {logging_mixin.py:188} INFO - [2026-05-06T23:55:07.177+0000] {dag.py:3954} INFO - Setting next_dagrun for latest_only_with_trigger to 2026-05-06 16:00:00+00:00, run_after=2026-05-06 20:00:00+00:00
[2026-05-06T23:55:07.215+0000] {processor.py:183} INFO - Processing /usr/local/python/3.12.1/lib/python3.12/site-packages/airflow/example_dags/example_latest_only_with_trigger.py took 0.085 seconds
[2026-05-06T23:56:08.903+0000] {processor.py:161} INFO - Started process (PID=32239) to work on /usr/local/python/3.12.1/lib/python3.12/site-packages/airflow/example_dags/example_latest_only_with_trigger.py
[2026-05-06T23:56:08.904+0000] {processor.py:830} INFO - Processing file /usr/local/python/3.12.1/lib/python3.12/site-packages/airflow/example_dags/example_latest_only_with_trigger.py for tasks to queue
[2026-05-06T23:56:08.906+0000] {logging_mixin.py:188} INFO - [2026-05-06T23:56:08.905+0000] {dagbag.py:545} INFO - Filling up the DagBag from /usr/local/python/3.12.1/lib/python3.12/site-packages/airflow/example_dags/example_latest_only_with_trigger.py
[2026-05-06T23:56:08.910+0000] {processor.py:840} INFO - DAG(s) 'latest_only_with_trigger' retrieved from /usr/local/python/3.12.1/lib/python3.12/site-packages/airflow/example_dags/example_latest_only_with_trigger.py
[2026-05-06T23:56:08.924+0000] {logging_mixin.py:188} INFO - [2026-05-06T23:56:08.924+0000] {dag.py:3096} INFO - Sync 1 DAGs
[2026-05-06T23:56:08.939+0000] {logging_mixin.py:188} INFO - [2026-05-06T23:56:08.939+0000] {dag.py:3954} INFO - Setting next_dagrun for latest_only_with_trigger to 2026-05-06 16:00:00+00:00, run_after=2026-05-06 20:00:00+00:00
[2026-05-06T23:56:08.955+0000] {processor.py:183} INFO - Processing /usr/local/python/3.12.1/lib/python3.12/site-packages/airflow/example_dags/example_latest_only_with_trigger.py took 0.057 seconds
[2026-05-06T23:57:03.435+0000] {processor.py:161} INFO - Started process (PID=32598) to work on /usr/local/python/3.12.1/lib/python3.12/site-packages/airflow/example_dags/example_latest_only_with_trigger.py
[2026-05-06T23:57:03.436+0000] {processor.py:830} INFO - Processing file /usr/local/python/3.12.1/lib/python3.12/site-packages/airflow/example_dags/example_latest_only_with_trigger.py for tasks to queue
[2026-05-06T23:57:03.438+0000] {logging_mixin.py:188} INFO - [2026-05-06T23:57:03.437+0000] {dagbag.py:545} INFO - Filling up the DagBag from /usr/local/python/3.12.1/lib/python3.12/site-packages/airflow/example_dags/example_latest_only_with_trigger.py
[2026-05-06T23:57:03.442+0000] {processor.py:840} INFO - DAG(s) 'latest_only_with_trigger' retrieved from /usr/local/python/3.12.1/lib/python3.12/site-packages/airflow/example_dags/example_latest_only_with_trigger.py
[2026-05-06T23:57:03.456+0000] {logging_mixin.py:188} INFO - [2026-05-06T23:57:03.456+0000] {dag.py:3096} INFO - Sync 1 DAGs
[2026-05-06T23:57:03.471+0000] {logging_mixin.py:188} INFO - [2026-05-06T23:57:03.471+0000] {dag.py:3954} INFO - Setting next_dagrun for latest_only_with_trigger to 2026-05-06 16:00:00+00:00, run_after=2026-05-06 20:00:00+00:00
[2026-05-06T23:57:03.487+0000] {processor.py:183} INFO - Processing /usr/local/python/3.12.1/lib/python3.12/site-packages/airflow/example_dags/example_latest_only_with_trigger.py took 0.057 seconds
[2026-05-06T23:57:58.027+0000] {processor.py:161} INFO - Started process (PID=32879) to work on /usr/local/python/3.12.1/lib/python3.12/site-packages/airflow/example_dags/example_latest_only_with_trigger.py
[2026-05-06T23:57:58.027+0000] {processor.py:830} INFO - Processing file /usr/local/python/3.12.1/lib/python3.12/site-packages/airflow/example_dags/example_latest_only_with_trigger.py for tasks to queue
[2026-05-06T23:57:58.029+0000] {logging_mixin.py:188} INFO - [2026-05-06T23:57:58.028+0000] {dagbag.py:545} INFO - Filling up the DagBag from /usr/local/python/3.12.1/lib/python3.12/site-packages/airflow/example_dags/example_latest_only_with_trigger.py
[2026-05-06T23:57:58.033+0000] {processor.py:840} INFO - DAG(s) 'latest_only_with_trigger' retrieved from /usr/local/python/3.12.1/lib/python3.12/site-packages/airflow/example_dags/example_latest_only_with_trigger.py
[2026-05-06T23:57:58.052+0000] {logging_mixin.py:188} INFO - [2026-05-06T23:57:58.051+0000] {dag.py:3096} INFO - Sync 1 DAGs
[2026-05-06T23:57:58.071+0000] {logging_mixin.py:188} INFO - [2026-05-06T23:57:58.071+0000] {dag.py:3954} INFO - Setting next_dagrun for latest_only_with_trigger to 2026-05-06 16:00:00+00:00, run_after=2026-05-06 20:00:00+00:00
[2026-05-06T23:57:58.087+0000] {processor.py:183} INFO - Processing /usr/local/python/3.12.1/lib/python3.12/site-packages/airflow/example_dags/example_latest_only_with_trigger.py took 0.065 seconds
[2026-05-06T23:58:58.807+0000] {processor.py:161} INFO - Started process (PID=33175) to work on /usr/local/python/3.12.1/lib/python3.12/site-packages/airflow/example_dags/example_latest_only_with_trigger.py
[2026-05-06T23:58:58.808+0000] {processor.py:830} INFO - Processing file /usr/local/python/3.12.1/lib/python3.12/site-packages/airflow/example_dags/example_latest_only_with_trigger.py for tasks to queue
[2026-05-06T23:58:58.809+0000] {logging_mixin.py:188} INFO - [2026-05-06T23:58:58.809+0000] {dagbag.py:545} INFO - Filling up the DagBag from /usr/local/python/3.12.1/lib/python3.12/site-packages/airflow/example_dags/example_latest_only_with_trigger.py
[2026-05-06T23:58:58.816+0000] {processor.py:840} INFO - DAG(s) 'latest_only_with_trigger' retrieved from /usr/local/python/3.12.1/lib/python3.12/site-packages/airflow/example_dags/example_latest_only_with_trigger.py
[2026-05-06T23:58:58.834+0000] {logging_mixin.py:188} INFO - [2026-05-06T23:58:58.834+0000] {dag.py:3096} INFO - Sync 1 DAGs
[2026-05-06T23:58:58.855+0000] {logging_mixin.py:188} INFO - [2026-05-06T23:58:58.855+0000] {dag.py:3954} INFO - Setting next_dagrun for latest_only_with_trigger to 2026-05-06 16:00:00+00:00, run_after=2026-05-06 20:00:00+00:00
[2026-05-06T23:58:58.878+0000] {processor.py:183} INFO - Processing /usr/local/python/3.12.1/lib/python3.12/site-packages/airflow/example_dags/example_latest_only_with_trigger.py took 0.078 seconds
[2026-05-06T23:59:56.964+0000] {processor.py:161} INFO - Started process (PID=33446) to work on /usr/local/python/3.12.1/lib/python3.12/site-packages/airflow/example_dags/example_latest_only_with_trigger.py
[2026-05-06T23:59:56.964+0000] {processor.py:830} INFO - Processing file /usr/local/python/3.12.1/lib/python3.12/site-packages/airflow/example_dags/example_latest_only_with_trigger.py for tasks to queue
[2026-05-06T23:59:56.966+0000] {logging_mixin.py:188} INFO - [2026-05-06T23:59:56.966+0000] {dagbag.py:545} INFO - Filling up the DagBag from /usr/local/python/3.12.1/lib/python3.12/site-packages/airflow/example_dags/example_latest_only_with_trigger.py
[2026-05-06T23:59:56.971+0000] {processor.py:840} INFO - DAG(s) 'latest_only_with_trigger' retrieved from /usr/local/python/3.12.1/lib/python3.12/site-packages/airflow/example_dags/example_latest_only_with_trigger.py
[2026-05-06T23:59:56.985+0000] {logging_mixin.py:188} INFO - [2026-05-06T23:59:56.984+0000] {dag.py:3096} INFO - Sync 1 DAGs
[2026-05-06T23:59:57.000+0000] {logging_mixin.py:188} INFO - [2026-05-06T23:59:57.000+0000] {dag.py:3954} INFO - Setting next_dagrun for latest_only_with_trigger to 2026-05-06 16:00:00+00:00, run_after=2026-05-06 20:00:00+00:00
[2026-05-06T23:59:57.018+0000] {processor.py:183} INFO - Processing /usr/local/python/3.12.1/lib/python3.12/site-packages/airflow/example_dags/example_latest_only_with_trigger.py took 0.059 seconds
