[2026-05-06T23:19:28.402+0000] {processor.py:161} INFO - Started process (PID=13523) to work on /usr/local/python/3.12.1/lib/python3.12/site-packages/airflow/example_dags/example_branch_labels.py
[2026-05-06T23:19:28.403+0000] {processor.py:830} INFO - Processing file /usr/local/python/3.12.1/lib/python3.12/site-packages/airflow/example_dags/example_branch_labels.py for tasks to queue
[2026-05-06T23:19:28.404+0000] {logging_mixin.py:188} INFO - [2026-05-06T23:19:28.404+0000] {dagbag.py:545} INFO - Filling up the DagBag from /usr/local/python/3.12.1/lib/python3.12/site-packages/airflow/example_dags/example_branch_labels.py
[2026-05-06T23:19:28.410+0000] {processor.py:840} INFO - DAG(s) 'example_branch_labels' retrieved from /usr/local/python/3.12.1/lib/python3.12/site-packages/airflow/example_dags/example_branch_labels.py
[2026-05-06T23:19:28.489+0000] {logging_mixin.py:188} INFO - [2026-05-06T23:19:28.489+0000] {override.py:1829} INFO - Created Permission View: can delete on DAG:example_branch_labels
[2026-05-06T23:19:28.498+0000] {logging_mixin.py:188} INFO - [2026-05-06T23:19:28.497+0000] {override.py:1829} INFO - Created Permission View: can edit on DAG:example_branch_labels
[2026-05-06T23:19:28.503+0000] {logging_mixin.py:188} INFO - [2026-05-06T23:19:28.503+0000] {override.py:1829} INFO - Created Permission View: can read on DAG:example_branch_labels
[2026-05-06T23:19:28.503+0000] {logging_mixin.py:188} INFO - [2026-05-06T23:19:28.503+0000] {dag.py:3096} INFO - Sync 1 DAGs
[2026-05-06T23:19:28.512+0000] {logging_mixin.py:188} INFO - [2026-05-06T23:19:28.512+0000] {dag.py:3118} INFO - Creating ORM DAG for example_branch_labels
[2026-05-06T23:19:28.519+0000] {logging_mixin.py:188} INFO - [2026-05-06T23:19:28.519+0000] {dag.py:3954} INFO - Setting next_dagrun for example_branch_labels to 2026-05-05 00:00:00+00:00, run_after=2026-05-06 00:00:00+00:00
[2026-05-06T23:19:28.533+0000] {processor.py:183} INFO - Processing /usr/local/python/3.12.1/lib/python3.12/site-packages/airflow/example_dags/example_branch_labels.py took 0.136 seconds
[2026-05-06T23:20:27.710+0000] {processor.py:161} INFO - Started process (PID=14091) to work on /usr/local/python/3.12.1/lib/python3.12/site-packages/airflow/example_dags/example_branch_labels.py
[2026-05-06T23:20:27.711+0000] {processor.py:830} INFO - Processing file /usr/local/python/3.12.1/lib/python3.12/site-packages/airflow/example_dags/example_branch_labels.py for tasks to queue
[2026-05-06T23:20:27.713+0000] {logging_mixin.py:188} INFO - [2026-05-06T23:20:27.713+0000] {dagbag.py:545} INFO - Filling up the DagBag from /usr/local/python/3.12.1/lib/python3.12/site-packages/airflow/example_dags/example_branch_labels.py
[2026-05-06T23:20:27.722+0000] {processor.py:840} INFO - DAG(s) 'example_branch_labels' retrieved from /usr/local/python/3.12.1/lib/python3.12/site-packages/airflow/example_dags/example_branch_labels.py
[2026-05-06T23:20:27.742+0000] {logging_mixin.py:188} INFO - [2026-05-06T23:20:27.742+0000] {dag.py:3096} INFO - Sync 1 DAGs
[2026-05-06T23:20:27.770+0000] {logging_mixin.py:188} INFO - [2026-05-06T23:20:27.770+0000] {dag.py:3954} INFO - Setting next_dagrun for example_branch_labels to 2026-05-05 00:00:00+00:00, run_after=2026-05-06 00:00:00+00:00
[2026-05-06T23:20:27.788+0000] {processor.py:183} INFO - Processing /usr/local/python/3.12.1/lib/python3.12/site-packages/airflow/example_dags/example_branch_labels.py took 0.084 seconds
[2026-05-06T23:21:30.321+0000] {processor.py:161} INFO - Started process (PID=14669) to work on /usr/local/python/3.12.1/lib/python3.12/site-packages/airflow/example_dags/example_branch_labels.py
[2026-05-06T23:21:30.322+0000] {processor.py:830} INFO - Processing file /usr/local/python/3.12.1/lib/python3.12/site-packages/airflow/example_dags/example_branch_labels.py for tasks to queue
[2026-05-06T23:21:30.323+0000] {logging_mixin.py:188} INFO - [2026-05-06T23:21:30.323+0000] {dagbag.py:545} INFO - Filling up the DagBag from /usr/local/python/3.12.1/lib/python3.12/site-packages/airflow/example_dags/example_branch_labels.py
[2026-05-06T23:21:30.330+0000] {processor.py:840} INFO - DAG(s) 'example_branch_labels' retrieved from /usr/local/python/3.12.1/lib/python3.12/site-packages/airflow/example_dags/example_branch_labels.py
[2026-05-06T23:21:30.343+0000] {logging_mixin.py:188} INFO - [2026-05-06T23:21:30.343+0000] {dag.py:3096} INFO - Sync 1 DAGs
[2026-05-06T23:21:30.358+0000] {logging_mixin.py:188} INFO - [2026-05-06T23:21:30.358+0000] {dag.py:3954} INFO - Setting next_dagrun for example_branch_labels to 2026-05-05 00:00:00+00:00, run_after=2026-05-06 00:00:00+00:00
[2026-05-06T23:21:30.374+0000] {processor.py:183} INFO - Processing /usr/local/python/3.12.1/lib/python3.12/site-packages/airflow/example_dags/example_branch_labels.py took 0.057 seconds
[2026-05-06T23:22:31.467+0000] {processor.py:161} INFO - Started process (PID=15172) to work on /usr/local/python/3.12.1/lib/python3.12/site-packages/airflow/example_dags/example_branch_labels.py
[2026-05-06T23:22:31.468+0000] {processor.py:830} INFO - Processing file /usr/local/python/3.12.1/lib/python3.12/site-packages/airflow/example_dags/example_branch_labels.py for tasks to queue
[2026-05-06T23:22:31.469+0000] {logging_mixin.py:188} INFO - [2026-05-06T23:22:31.469+0000] {dagbag.py:545} INFO - Filling up the DagBag from /usr/local/python/3.12.1/lib/python3.12/site-packages/airflow/example_dags/example_branch_labels.py
[2026-05-06T23:22:31.475+0000] {processor.py:840} INFO - DAG(s) 'example_branch_labels' retrieved from /usr/local/python/3.12.1/lib/python3.12/site-packages/airflow/example_dags/example_branch_labels.py
[2026-05-06T23:22:31.492+0000] {logging_mixin.py:188} INFO - [2026-05-06T23:22:31.491+0000] {dag.py:3096} INFO - Sync 1 DAGs
[2026-05-06T23:22:31.513+0000] {logging_mixin.py:188} INFO - [2026-05-06T23:22:31.512+0000] {dag.py:3954} INFO - Setting next_dagrun for example_branch_labels to 2026-05-05 00:00:00+00:00, run_after=2026-05-06 00:00:00+00:00
[2026-05-06T23:22:31.528+0000] {processor.py:183} INFO - Processing /usr/local/python/3.12.1/lib/python3.12/site-packages/airflow/example_dags/example_branch_labels.py took 0.066 seconds
[2026-05-06T23:23:28.460+0000] {processor.py:161} INFO - Started process (PID=15751) to work on /usr/local/python/3.12.1/lib/python3.12/site-packages/airflow/example_dags/example_branch_labels.py
[2026-05-06T23:23:28.461+0000] {processor.py:830} INFO - Processing file /usr/local/python/3.12.1/lib/python3.12/site-packages/airflow/example_dags/example_branch_labels.py for tasks to queue
[2026-05-06T23:23:28.463+0000] {logging_mixin.py:188} INFO - [2026-05-06T23:23:28.462+0000] {dagbag.py:545} INFO - Filling up the DagBag from /usr/local/python/3.12.1/lib/python3.12/site-packages/airflow/example_dags/example_branch_labels.py
[2026-05-06T23:23:28.469+0000] {processor.py:840} INFO - DAG(s) 'example_branch_labels' retrieved from /usr/local/python/3.12.1/lib/python3.12/site-packages/airflow/example_dags/example_branch_labels.py
[2026-05-06T23:23:28.483+0000] {logging_mixin.py:188} INFO - [2026-05-06T23:23:28.482+0000] {dag.py:3096} INFO - Sync 1 DAGs
[2026-05-06T23:23:28.498+0000] {logging_mixin.py:188} INFO - [2026-05-06T23:23:28.498+0000] {dag.py:3954} INFO - Setting next_dagrun for example_branch_labels to 2026-05-05 00:00:00+00:00, run_after=2026-05-06 00:00:00+00:00
[2026-05-06T23:23:28.513+0000] {processor.py:183} INFO - Processing /usr/local/python/3.12.1/lib/python3.12/site-packages/airflow/example_dags/example_branch_labels.py took 0.057 seconds
[2026-05-06T23:24:25.243+0000] {processor.py:161} INFO - Started process (PID=16534) to work on /usr/local/python/3.12.1/lib/python3.12/site-packages/airflow/example_dags/example_branch_labels.py
[2026-05-06T23:24:25.243+0000] {processor.py:830} INFO - Processing file /usr/local/python/3.12.1/lib/python3.12/site-packages/airflow/example_dags/example_branch_labels.py for tasks to queue
[2026-05-06T23:24:25.245+0000] {logging_mixin.py:188} INFO - [2026-05-06T23:24:25.244+0000] {dagbag.py:545} INFO - Filling up the DagBag from /usr/local/python/3.12.1/lib/python3.12/site-packages/airflow/example_dags/example_branch_labels.py
[2026-05-06T23:24:25.251+0000] {processor.py:840} INFO - DAG(s) 'example_branch_labels' retrieved from /usr/local/python/3.12.1/lib/python3.12/site-packages/airflow/example_dags/example_branch_labels.py
[2026-05-06T23:24:25.267+0000] {logging_mixin.py:188} INFO - [2026-05-06T23:24:25.267+0000] {dag.py:3096} INFO - Sync 1 DAGs
[2026-05-06T23:24:25.282+0000] {logging_mixin.py:188} INFO - [2026-05-06T23:24:25.282+0000] {dag.py:3954} INFO - Setting next_dagrun for example_branch_labels to 2026-05-05 00:00:00+00:00, run_after=2026-05-06 00:00:00+00:00
[2026-05-06T23:24:25.297+0000] {processor.py:183} INFO - Processing /usr/local/python/3.12.1/lib/python3.12/site-packages/airflow/example_dags/example_branch_labels.py took 0.059 seconds
[2026-05-06T23:25:20.471+0000] {processor.py:161} INFO - Started process (PID=17161) to work on /usr/local/python/3.12.1/lib/python3.12/site-packages/airflow/example_dags/example_branch_labels.py
[2026-05-06T23:25:20.472+0000] {processor.py:830} INFO - Processing file /usr/local/python/3.12.1/lib/python3.12/site-packages/airflow/example_dags/example_branch_labels.py for tasks to queue
[2026-05-06T23:25:20.473+0000] {logging_mixin.py:188} INFO - [2026-05-06T23:25:20.473+0000] {dagbag.py:545} INFO - Filling up the DagBag from /usr/local/python/3.12.1/lib/python3.12/site-packages/airflow/example_dags/example_branch_labels.py
[2026-05-06T23:25:20.479+0000] {processor.py:840} INFO - DAG(s) 'example_branch_labels' retrieved from /usr/local/python/3.12.1/lib/python3.12/site-packages/airflow/example_dags/example_branch_labels.py
[2026-05-06T23:25:20.492+0000] {logging_mixin.py:188} INFO - [2026-05-06T23:25:20.492+0000] {dag.py:3096} INFO - Sync 1 DAGs
[2026-05-06T23:25:20.507+0000] {logging_mixin.py:188} INFO - [2026-05-06T23:25:20.507+0000] {dag.py:3954} INFO - Setting next_dagrun for example_branch_labels to 2026-05-05 00:00:00+00:00, run_after=2026-05-06 00:00:00+00:00
[2026-05-06T23:25:20.522+0000] {processor.py:183} INFO - Processing /usr/local/python/3.12.1/lib/python3.12/site-packages/airflow/example_dags/example_branch_labels.py took 0.056 seconds
[2026-05-06T23:26:24.579+0000] {processor.py:161} INFO - Started process (PID=17685) to work on /usr/local/python/3.12.1/lib/python3.12/site-packages/airflow/example_dags/example_branch_labels.py
[2026-05-06T23:26:24.580+0000] {processor.py:830} INFO - Processing file /usr/local/python/3.12.1/lib/python3.12/site-packages/airflow/example_dags/example_branch_labels.py for tasks to queue
[2026-05-06T23:26:24.582+0000] {logging_mixin.py:188} INFO - [2026-05-06T23:26:24.581+0000] {dagbag.py:545} INFO - Filling up the DagBag from /usr/local/python/3.12.1/lib/python3.12/site-packages/airflow/example_dags/example_branch_labels.py
[2026-05-06T23:26:24.588+0000] {processor.py:840} INFO - DAG(s) 'example_branch_labels' retrieved from /usr/local/python/3.12.1/lib/python3.12/site-packages/airflow/example_dags/example_branch_labels.py
[2026-05-06T23:26:24.601+0000] {logging_mixin.py:188} INFO - [2026-05-06T23:26:24.601+0000] {dag.py:3096} INFO - Sync 1 DAGs
[2026-05-06T23:26:24.616+0000] {logging_mixin.py:188} INFO - [2026-05-06T23:26:24.616+0000] {dag.py:3954} INFO - Setting next_dagrun for example_branch_labels to 2026-05-05 00:00:00+00:00, run_after=2026-05-06 00:00:00+00:00
[2026-05-06T23:26:24.631+0000] {processor.py:183} INFO - Processing /usr/local/python/3.12.1/lib/python3.12/site-packages/airflow/example_dags/example_branch_labels.py took 0.056 seconds
[2026-05-06T23:27:19.645+0000] {processor.py:161} INFO - Started process (PID=18195) to work on /usr/local/python/3.12.1/lib/python3.12/site-packages/airflow/example_dags/example_branch_labels.py
[2026-05-06T23:27:19.646+0000] {processor.py:830} INFO - Processing file /usr/local/python/3.12.1/lib/python3.12/site-packages/airflow/example_dags/example_branch_labels.py for tasks to queue
[2026-05-06T23:27:19.647+0000] {logging_mixin.py:188} INFO - [2026-05-06T23:27:19.647+0000] {dagbag.py:545} INFO - Filling up the DagBag from /usr/local/python/3.12.1/lib/python3.12/site-packages/airflow/example_dags/example_branch_labels.py
[2026-05-06T23:27:19.654+0000] {processor.py:840} INFO - DAG(s) 'example_branch_labels' retrieved from /usr/local/python/3.12.1/lib/python3.12/site-packages/airflow/example_dags/example_branch_labels.py
[2026-05-06T23:27:19.667+0000] {logging_mixin.py:188} INFO - [2026-05-06T23:27:19.667+0000] {dag.py:3096} INFO - Sync 1 DAGs
[2026-05-06T23:27:19.682+0000] {logging_mixin.py:188} INFO - [2026-05-06T23:27:19.682+0000] {dag.py:3954} INFO - Setting next_dagrun for example_branch_labels to 2026-05-05 00:00:00+00:00, run_after=2026-05-06 00:00:00+00:00
[2026-05-06T23:27:19.698+0000] {processor.py:183} INFO - Processing /usr/local/python/3.12.1/lib/python3.12/site-packages/airflow/example_dags/example_branch_labels.py took 0.057 seconds
[2026-05-06T23:28:19.169+0000] {processor.py:161} INFO - Started process (PID=18777) to work on /usr/local/python/3.12.1/lib/python3.12/site-packages/airflow/example_dags/example_branch_labels.py
[2026-05-06T23:28:19.170+0000] {processor.py:830} INFO - Processing file /usr/local/python/3.12.1/lib/python3.12/site-packages/airflow/example_dags/example_branch_labels.py for tasks to queue
[2026-05-06T23:28:19.171+0000] {logging_mixin.py:188} INFO - [2026-05-06T23:28:19.171+0000] {dagbag.py:545} INFO - Filling up the DagBag from /usr/local/python/3.12.1/lib/python3.12/site-packages/airflow/example_dags/example_branch_labels.py
[2026-05-06T23:28:19.178+0000] {processor.py:840} INFO - DAG(s) 'example_branch_labels' retrieved from /usr/local/python/3.12.1/lib/python3.12/site-packages/airflow/example_dags/example_branch_labels.py
[2026-05-06T23:28:19.192+0000] {logging_mixin.py:188} INFO - [2026-05-06T23:28:19.191+0000] {dag.py:3096} INFO - Sync 1 DAGs
[2026-05-06T23:28:19.301+0000] {logging_mixin.py:188} INFO - [2026-05-06T23:28:19.301+0000] {dag.py:3954} INFO - Setting next_dagrun for example_branch_labels to 2026-05-05 00:00:00+00:00, run_after=2026-05-06 00:00:00+00:00
[2026-05-06T23:28:19.317+0000] {processor.py:183} INFO - Processing /usr/local/python/3.12.1/lib/python3.12/site-packages/airflow/example_dags/example_branch_labels.py took 0.153 seconds
[2026-05-06T23:32:09.443+0000] {processor.py:161} INFO - Started process (PID=20937) to work on /usr/local/python/3.12.1/lib/python3.12/site-packages/airflow/example_dags/example_branch_labels.py
[2026-05-06T23:32:09.444+0000] {processor.py:830} INFO - Processing file /usr/local/python/3.12.1/lib/python3.12/site-packages/airflow/example_dags/example_branch_labels.py for tasks to queue
[2026-05-06T23:32:09.445+0000] {logging_mixin.py:188} INFO - [2026-05-06T23:32:09.445+0000] {dagbag.py:545} INFO - Filling up the DagBag from /usr/local/python/3.12.1/lib/python3.12/site-packages/airflow/example_dags/example_branch_labels.py
[2026-05-06T23:32:09.452+0000] {processor.py:840} INFO - DAG(s) 'example_branch_labels' retrieved from /usr/local/python/3.12.1/lib/python3.12/site-packages/airflow/example_dags/example_branch_labels.py
[2026-05-06T23:32:09.466+0000] {logging_mixin.py:188} INFO - [2026-05-06T23:32:09.465+0000] {dag.py:3096} INFO - Sync 1 DAGs
[2026-05-06T23:32:09.482+0000] {logging_mixin.py:188} INFO - [2026-05-06T23:32:09.482+0000] {dag.py:3954} INFO - Setting next_dagrun for example_branch_labels to 2026-05-05 00:00:00+00:00, run_after=2026-05-06 00:00:00+00:00
[2026-05-06T23:32:09.499+0000] {processor.py:183} INFO - Processing /usr/local/python/3.12.1/lib/python3.12/site-packages/airflow/example_dags/example_branch_labels.py took 0.061 seconds
[2026-05-06T23:33:07.007+0000] {processor.py:161} INFO - Started process (PID=21395) to work on /usr/local/python/3.12.1/lib/python3.12/site-packages/airflow/example_dags/example_branch_labels.py
[2026-05-06T23:33:07.007+0000] {processor.py:830} INFO - Processing file /usr/local/python/3.12.1/lib/python3.12/site-packages/airflow/example_dags/example_branch_labels.py for tasks to queue
[2026-05-06T23:33:07.009+0000] {logging_mixin.py:188} INFO - [2026-05-06T23:33:07.009+0000] {dagbag.py:545} INFO - Filling up the DagBag from /usr/local/python/3.12.1/lib/python3.12/site-packages/airflow/example_dags/example_branch_labels.py
[2026-05-06T23:33:07.015+0000] {processor.py:840} INFO - DAG(s) 'example_branch_labels' retrieved from /usr/local/python/3.12.1/lib/python3.12/site-packages/airflow/example_dags/example_branch_labels.py
[2026-05-06T23:33:07.029+0000] {logging_mixin.py:188} INFO - [2026-05-06T23:33:07.029+0000] {dag.py:3096} INFO - Sync 1 DAGs
[2026-05-06T23:33:07.045+0000] {logging_mixin.py:188} INFO - [2026-05-06T23:33:07.045+0000] {dag.py:3954} INFO - Setting next_dagrun for example_branch_labels to 2026-05-05 00:00:00+00:00, run_after=2026-05-06 00:00:00+00:00
[2026-05-06T23:33:07.062+0000] {processor.py:183} INFO - Processing /usr/local/python/3.12.1/lib/python3.12/site-packages/airflow/example_dags/example_branch_labels.py took 0.060 seconds
[2026-05-06T23:34:03.658+0000] {processor.py:161} INFO - Started process (PID=21825) to work on /usr/local/python/3.12.1/lib/python3.12/site-packages/airflow/example_dags/example_branch_labels.py
[2026-05-06T23:34:03.659+0000] {processor.py:830} INFO - Processing file /usr/local/python/3.12.1/lib/python3.12/site-packages/airflow/example_dags/example_branch_labels.py for tasks to queue
[2026-05-06T23:34:03.660+0000] {logging_mixin.py:188} INFO - [2026-05-06T23:34:03.660+0000] {dagbag.py:545} INFO - Filling up the DagBag from /usr/local/python/3.12.1/lib/python3.12/site-packages/airflow/example_dags/example_branch_labels.py
[2026-05-06T23:34:03.666+0000] {processor.py:840} INFO - DAG(s) 'example_branch_labels' retrieved from /usr/local/python/3.12.1/lib/python3.12/site-packages/airflow/example_dags/example_branch_labels.py
[2026-05-06T23:34:03.680+0000] {logging_mixin.py:188} INFO - [2026-05-06T23:34:03.679+0000] {dag.py:3096} INFO - Sync 1 DAGs
[2026-05-06T23:34:03.695+0000] {logging_mixin.py:188} INFO - [2026-05-06T23:34:03.695+0000] {dag.py:3954} INFO - Setting next_dagrun for example_branch_labels to 2026-05-05 00:00:00+00:00, run_after=2026-05-06 00:00:00+00:00
[2026-05-06T23:34:03.711+0000] {processor.py:183} INFO - Processing /usr/local/python/3.12.1/lib/python3.12/site-packages/airflow/example_dags/example_branch_labels.py took 0.058 seconds
[2026-05-06T23:35:02.981+0000] {processor.py:161} INFO - Started process (PID=22308) to work on /usr/local/python/3.12.1/lib/python3.12/site-packages/airflow/example_dags/example_branch_labels.py
[2026-05-06T23:35:02.982+0000] {processor.py:830} INFO - Processing file /usr/local/python/3.12.1/lib/python3.12/site-packages/airflow/example_dags/example_branch_labels.py for tasks to queue
[2026-05-06T23:35:02.983+0000] {logging_mixin.py:188} INFO - [2026-05-06T23:35:02.983+0000] {dagbag.py:545} INFO - Filling up the DagBag from /usr/local/python/3.12.1/lib/python3.12/site-packages/airflow/example_dags/example_branch_labels.py
[2026-05-06T23:35:02.989+0000] {processor.py:840} INFO - DAG(s) 'example_branch_labels' retrieved from /usr/local/python/3.12.1/lib/python3.12/site-packages/airflow/example_dags/example_branch_labels.py
[2026-05-06T23:35:03.003+0000] {logging_mixin.py:188} INFO - [2026-05-06T23:35:03.002+0000] {dag.py:3096} INFO - Sync 1 DAGs
[2026-05-06T23:35:03.018+0000] {logging_mixin.py:188} INFO - [2026-05-06T23:35:03.018+0000] {dag.py:3954} INFO - Setting next_dagrun for example_branch_labels to 2026-05-05 00:00:00+00:00, run_after=2026-05-06 00:00:00+00:00
[2026-05-06T23:35:03.034+0000] {processor.py:183} INFO - Processing /usr/local/python/3.12.1/lib/python3.12/site-packages/airflow/example_dags/example_branch_labels.py took 0.058 seconds
[2026-05-06T23:36:01.579+0000] {processor.py:161} INFO - Started process (PID=22768) to work on /usr/local/python/3.12.1/lib/python3.12/site-packages/airflow/example_dags/example_branch_labels.py
[2026-05-06T23:36:01.580+0000] {processor.py:830} INFO - Processing file /usr/local/python/3.12.1/lib/python3.12/site-packages/airflow/example_dags/example_branch_labels.py for tasks to queue
[2026-05-06T23:36:01.582+0000] {logging_mixin.py:188} INFO - [2026-05-06T23:36:01.581+0000] {dagbag.py:545} INFO - Filling up the DagBag from /usr/local/python/3.12.1/lib/python3.12/site-packages/airflow/example_dags/example_branch_labels.py
[2026-05-06T23:36:01.588+0000] {processor.py:840} INFO - DAG(s) 'example_branch_labels' retrieved from /usr/local/python/3.12.1/lib/python3.12/site-packages/airflow/example_dags/example_branch_labels.py
[2026-05-06T23:36:01.603+0000] {logging_mixin.py:188} INFO - [2026-05-06T23:36:01.602+0000] {dag.py:3096} INFO - Sync 1 DAGs
[2026-05-06T23:36:01.619+0000] {logging_mixin.py:188} INFO - [2026-05-06T23:36:01.619+0000] {dag.py:3954} INFO - Setting next_dagrun for example_branch_labels to 2026-05-05 00:00:00+00:00, run_after=2026-05-06 00:00:00+00:00
[2026-05-06T23:36:01.637+0000] {processor.py:183} INFO - Processing /usr/local/python/3.12.1/lib/python3.12/site-packages/airflow/example_dags/example_branch_labels.py took 0.063 seconds
[2026-05-06T23:36:56.687+0000] {processor.py:161} INFO - Started process (PID=23187) to work on /usr/local/python/3.12.1/lib/python3.12/site-packages/airflow/example_dags/example_branch_labels.py
[2026-05-06T23:36:56.688+0000] {processor.py:830} INFO - Processing file /usr/local/python/3.12.1/lib/python3.12/site-packages/airflow/example_dags/example_branch_labels.py for tasks to queue
[2026-05-06T23:36:56.690+0000] {logging_mixin.py:188} INFO - [2026-05-06T23:36:56.689+0000] {dagbag.py:545} INFO - Filling up the DagBag from /usr/local/python/3.12.1/lib/python3.12/site-packages/airflow/example_dags/example_branch_labels.py
[2026-05-06T23:36:56.696+0000] {processor.py:840} INFO - DAG(s) 'example_branch_labels' retrieved from /usr/local/python/3.12.1/lib/python3.12/site-packages/airflow/example_dags/example_branch_labels.py
[2026-05-06T23:36:56.710+0000] {logging_mixin.py:188} INFO - [2026-05-06T23:36:56.710+0000] {dag.py:3096} INFO - Sync 1 DAGs
[2026-05-06T23:36:56.726+0000] {logging_mixin.py:188} INFO - [2026-05-06T23:36:56.726+0000] {dag.py:3954} INFO - Setting next_dagrun for example_branch_labels to 2026-05-05 00:00:00+00:00, run_after=2026-05-06 00:00:00+00:00
[2026-05-06T23:36:56.744+0000] {processor.py:183} INFO - Processing /usr/local/python/3.12.1/lib/python3.12/site-packages/airflow/example_dags/example_branch_labels.py took 0.061 seconds
[2026-05-06T23:37:56.564+0000] {processor.py:161} INFO - Started process (PID=23660) to work on /usr/local/python/3.12.1/lib/python3.12/site-packages/airflow/example_dags/example_branch_labels.py
[2026-05-06T23:37:56.565+0000] {processor.py:830} INFO - Processing file /usr/local/python/3.12.1/lib/python3.12/site-packages/airflow/example_dags/example_branch_labels.py for tasks to queue
[2026-05-06T23:37:56.566+0000] {logging_mixin.py:188} INFO - [2026-05-06T23:37:56.566+0000] {dagbag.py:545} INFO - Filling up the DagBag from /usr/local/python/3.12.1/lib/python3.12/site-packages/airflow/example_dags/example_branch_labels.py
[2026-05-06T23:37:56.572+0000] {processor.py:840} INFO - DAG(s) 'example_branch_labels' retrieved from /usr/local/python/3.12.1/lib/python3.12/site-packages/airflow/example_dags/example_branch_labels.py
[2026-05-06T23:37:56.587+0000] {logging_mixin.py:188} INFO - [2026-05-06T23:37:56.586+0000] {dag.py:3096} INFO - Sync 1 DAGs
[2026-05-06T23:37:56.603+0000] {logging_mixin.py:188} INFO - [2026-05-06T23:37:56.603+0000] {dag.py:3954} INFO - Setting next_dagrun for example_branch_labels to 2026-05-05 00:00:00+00:00, run_after=2026-05-06 00:00:00+00:00
[2026-05-06T23:37:56.620+0000] {processor.py:183} INFO - Processing /usr/local/python/3.12.1/lib/python3.12/site-packages/airflow/example_dags/example_branch_labels.py took 0.060 seconds
[2026-05-06T23:38:53.988+0000] {processor.py:161} INFO - Started process (PID=24113) to work on /usr/local/python/3.12.1/lib/python3.12/site-packages/airflow/example_dags/example_branch_labels.py
[2026-05-06T23:38:53.989+0000] {processor.py:830} INFO - Processing file /usr/local/python/3.12.1/lib/python3.12/site-packages/airflow/example_dags/example_branch_labels.py for tasks to queue
[2026-05-06T23:38:53.991+0000] {logging_mixin.py:188} INFO - [2026-05-06T23:38:53.990+0000] {dagbag.py:545} INFO - Filling up the DagBag from /usr/local/python/3.12.1/lib/python3.12/site-packages/airflow/example_dags/example_branch_labels.py
[2026-05-06T23:38:53.997+0000] {processor.py:840} INFO - DAG(s) 'example_branch_labels' retrieved from /usr/local/python/3.12.1/lib/python3.12/site-packages/airflow/example_dags/example_branch_labels.py
[2026-05-06T23:38:54.011+0000] {logging_mixin.py:188} INFO - [2026-05-06T23:38:54.011+0000] {dag.py:3096} INFO - Sync 1 DAGs
[2026-05-06T23:38:54.028+0000] {logging_mixin.py:188} INFO - [2026-05-06T23:38:54.028+0000] {dag.py:3954} INFO - Setting next_dagrun for example_branch_labels to 2026-05-05 00:00:00+00:00, run_after=2026-05-06 00:00:00+00:00
[2026-05-06T23:38:54.140+0000] {processor.py:183} INFO - Processing /usr/local/python/3.12.1/lib/python3.12/site-packages/airflow/example_dags/example_branch_labels.py took 0.156 seconds
[2026-05-06T23:39:52.098+0000] {processor.py:161} INFO - Started process (PID=24571) to work on /usr/local/python/3.12.1/lib/python3.12/site-packages/airflow/example_dags/example_branch_labels.py
[2026-05-06T23:39:52.099+0000] {processor.py:830} INFO - Processing file /usr/local/python/3.12.1/lib/python3.12/site-packages/airflow/example_dags/example_branch_labels.py for tasks to queue
[2026-05-06T23:39:52.100+0000] {logging_mixin.py:188} INFO - [2026-05-06T23:39:52.100+0000] {dagbag.py:545} INFO - Filling up the DagBag from /usr/local/python/3.12.1/lib/python3.12/site-packages/airflow/example_dags/example_branch_labels.py
[2026-05-06T23:39:52.107+0000] {processor.py:840} INFO - DAG(s) 'example_branch_labels' retrieved from /usr/local/python/3.12.1/lib/python3.12/site-packages/airflow/example_dags/example_branch_labels.py
[2026-05-06T23:39:52.125+0000] {logging_mixin.py:188} INFO - [2026-05-06T23:39:52.124+0000] {dag.py:3096} INFO - Sync 1 DAGs
[2026-05-06T23:39:52.141+0000] {logging_mixin.py:188} INFO - [2026-05-06T23:39:52.141+0000] {dag.py:3954} INFO - Setting next_dagrun for example_branch_labels to 2026-05-05 00:00:00+00:00, run_after=2026-05-06 00:00:00+00:00
[2026-05-06T23:39:52.158+0000] {processor.py:183} INFO - Processing /usr/local/python/3.12.1/lib/python3.12/site-packages/airflow/example_dags/example_branch_labels.py took 0.065 seconds
[2026-05-06T23:40:55.529+0000] {processor.py:161} INFO - Started process (PID=25061) to work on /usr/local/python/3.12.1/lib/python3.12/site-packages/airflow/example_dags/example_branch_labels.py
[2026-05-06T23:40:55.530+0000] {processor.py:830} INFO - Processing file /usr/local/python/3.12.1/lib/python3.12/site-packages/airflow/example_dags/example_branch_labels.py for tasks to queue
[2026-05-06T23:40:55.531+0000] {logging_mixin.py:188} INFO - [2026-05-06T23:40:55.531+0000] {dagbag.py:545} INFO - Filling up the DagBag from /usr/local/python/3.12.1/lib/python3.12/site-packages/airflow/example_dags/example_branch_labels.py
[2026-05-06T23:40:55.538+0000] {processor.py:840} INFO - DAG(s) 'example_branch_labels' retrieved from /usr/local/python/3.12.1/lib/python3.12/site-packages/airflow/example_dags/example_branch_labels.py
[2026-05-06T23:40:55.552+0000] {logging_mixin.py:188} INFO - [2026-05-06T23:40:55.552+0000] {dag.py:3096} INFO - Sync 1 DAGs
[2026-05-06T23:40:55.568+0000] {logging_mixin.py:188} INFO - [2026-05-06T23:40:55.568+0000] {dag.py:3954} INFO - Setting next_dagrun for example_branch_labels to 2026-05-05 00:00:00+00:00, run_after=2026-05-06 00:00:00+00:00
[2026-05-06T23:40:55.585+0000] {processor.py:183} INFO - Processing /usr/local/python/3.12.1/lib/python3.12/site-packages/airflow/example_dags/example_branch_labels.py took 0.060 seconds
[2026-05-06T23:41:51.287+0000] {processor.py:161} INFO - Started process (PID=25488) to work on /usr/local/python/3.12.1/lib/python3.12/site-packages/airflow/example_dags/example_branch_labels.py
[2026-05-06T23:41:51.288+0000] {processor.py:830} INFO - Processing file /usr/local/python/3.12.1/lib/python3.12/site-packages/airflow/example_dags/example_branch_labels.py for tasks to queue
[2026-05-06T23:41:51.289+0000] {logging_mixin.py:188} INFO - [2026-05-06T23:41:51.289+0000] {dagbag.py:545} INFO - Filling up the DagBag from /usr/local/python/3.12.1/lib/python3.12/site-packages/airflow/example_dags/example_branch_labels.py
[2026-05-06T23:41:51.295+0000] {processor.py:840} INFO - DAG(s) 'example_branch_labels' retrieved from /usr/local/python/3.12.1/lib/python3.12/site-packages/airflow/example_dags/example_branch_labels.py
[2026-05-06T23:41:51.432+0000] {logging_mixin.py:188} INFO - [2026-05-06T23:41:51.432+0000] {dag.py:3096} INFO - Sync 1 DAGs
[2026-05-06T23:41:51.446+0000] {logging_mixin.py:188} INFO - [2026-05-06T23:41:51.445+0000] {dag.py:3954} INFO - Setting next_dagrun for example_branch_labels to 2026-05-05 00:00:00+00:00, run_after=2026-05-06 00:00:00+00:00
[2026-05-06T23:41:51.460+0000] {processor.py:183} INFO - Processing /usr/local/python/3.12.1/lib/python3.12/site-packages/airflow/example_dags/example_branch_labels.py took 0.179 seconds
[2026-05-06T23:42:54.815+0000] {processor.py:161} INFO - Started process (PID=25992) to work on /usr/local/python/3.12.1/lib/python3.12/site-packages/airflow/example_dags/example_branch_labels.py
[2026-05-06T23:42:54.816+0000] {processor.py:830} INFO - Processing file /usr/local/python/3.12.1/lib/python3.12/site-packages/airflow/example_dags/example_branch_labels.py for tasks to queue
[2026-05-06T23:42:54.817+0000] {logging_mixin.py:188} INFO - [2026-05-06T23:42:54.817+0000] {dagbag.py:545} INFO - Filling up the DagBag from /usr/local/python/3.12.1/lib/python3.12/site-packages/airflow/example_dags/example_branch_labels.py
[2026-05-06T23:42:54.825+0000] {processor.py:840} INFO - DAG(s) 'example_branch_labels' retrieved from /usr/local/python/3.12.1/lib/python3.12/site-packages/airflow/example_dags/example_branch_labels.py
[2026-05-06T23:42:54.840+0000] {logging_mixin.py:188} INFO - [2026-05-06T23:42:54.839+0000] {dag.py:3096} INFO - Sync 1 DAGs
[2026-05-06T23:42:54.856+0000] {logging_mixin.py:188} INFO - [2026-05-06T23:42:54.856+0000] {dag.py:3954} INFO - Setting next_dagrun for example_branch_labels to 2026-05-05 00:00:00+00:00, run_after=2026-05-06 00:00:00+00:00
[2026-05-06T23:42:54.874+0000] {processor.py:183} INFO - Processing /usr/local/python/3.12.1/lib/python3.12/site-packages/airflow/example_dags/example_branch_labels.py took 0.065 seconds
[2026-05-06T23:43:53.537+0000] {processor.py:161} INFO - Started process (PID=26428) to work on /usr/local/python/3.12.1/lib/python3.12/site-packages/airflow/example_dags/example_branch_labels.py
[2026-05-06T23:43:53.538+0000] {processor.py:830} INFO - Processing file /usr/local/python/3.12.1/lib/python3.12/site-packages/airflow/example_dags/example_branch_labels.py for tasks to queue
[2026-05-06T23:43:53.540+0000] {logging_mixin.py:188} INFO - [2026-05-06T23:43:53.539+0000] {dagbag.py:545} INFO - Filling up the DagBag from /usr/local/python/3.12.1/lib/python3.12/site-packages/airflow/example_dags/example_branch_labels.py
[2026-05-06T23:43:53.546+0000] {processor.py:840} INFO - DAG(s) 'example_branch_labels' retrieved from /usr/local/python/3.12.1/lib/python3.12/site-packages/airflow/example_dags/example_branch_labels.py
[2026-05-06T23:43:53.560+0000] {logging_mixin.py:188} INFO - [2026-05-06T23:43:53.560+0000] {dag.py:3096} INFO - Sync 1 DAGs
[2026-05-06T23:43:53.577+0000] {logging_mixin.py:188} INFO - [2026-05-06T23:43:53.576+0000] {dag.py:3954} INFO - Setting next_dagrun for example_branch_labels to 2026-05-05 00:00:00+00:00, run_after=2026-05-06 00:00:00+00:00
[2026-05-06T23:43:53.592+0000] {processor.py:183} INFO - Processing /usr/local/python/3.12.1/lib/python3.12/site-packages/airflow/example_dags/example_branch_labels.py took 0.060 seconds
[2026-05-06T23:44:52.428+0000] {processor.py:161} INFO - Started process (PID=26892) to work on /usr/local/python/3.12.1/lib/python3.12/site-packages/airflow/example_dags/example_branch_labels.py
[2026-05-06T23:44:52.429+0000] {processor.py:830} INFO - Processing file /usr/local/python/3.12.1/lib/python3.12/site-packages/airflow/example_dags/example_branch_labels.py for tasks to queue
[2026-05-06T23:44:52.430+0000] {logging_mixin.py:188} INFO - [2026-05-06T23:44:52.430+0000] {dagbag.py:545} INFO - Filling up the DagBag from /usr/local/python/3.12.1/lib/python3.12/site-packages/airflow/example_dags/example_branch_labels.py
[2026-05-06T23:44:52.436+0000] {processor.py:840} INFO - DAG(s) 'example_branch_labels' retrieved from /usr/local/python/3.12.1/lib/python3.12/site-packages/airflow/example_dags/example_branch_labels.py
[2026-05-06T23:44:52.450+0000] {logging_mixin.py:188} INFO - [2026-05-06T23:44:52.450+0000] {dag.py:3096} INFO - Sync 1 DAGs
[2026-05-06T23:44:52.467+0000] {logging_mixin.py:188} INFO - [2026-05-06T23:44:52.466+0000] {dag.py:3954} INFO - Setting next_dagrun for example_branch_labels to 2026-05-05 00:00:00+00:00, run_after=2026-05-06 00:00:00+00:00
[2026-05-06T23:44:52.484+0000] {processor.py:183} INFO - Processing /usr/local/python/3.12.1/lib/python3.12/site-packages/airflow/example_dags/example_branch_labels.py took 0.061 seconds
[2026-05-06T23:45:48.860+0000] {processor.py:161} INFO - Started process (PID=27344) to work on /usr/local/python/3.12.1/lib/python3.12/site-packages/airflow/example_dags/example_branch_labels.py
[2026-05-06T23:45:48.860+0000] {processor.py:830} INFO - Processing file /usr/local/python/3.12.1/lib/python3.12/site-packages/airflow/example_dags/example_branch_labels.py for tasks to queue
[2026-05-06T23:45:48.862+0000] {logging_mixin.py:188} INFO - [2026-05-06T23:45:48.862+0000] {dagbag.py:545} INFO - Filling up the DagBag from /usr/local/python/3.12.1/lib/python3.12/site-packages/airflow/example_dags/example_branch_labels.py
[2026-05-06T23:45:48.869+0000] {processor.py:840} INFO - DAG(s) 'example_branch_labels' retrieved from /usr/local/python/3.12.1/lib/python3.12/site-packages/airflow/example_dags/example_branch_labels.py
[2026-05-06T23:45:48.883+0000] {logging_mixin.py:188} INFO - [2026-05-06T23:45:48.883+0000] {dag.py:3096} INFO - Sync 1 DAGs
[2026-05-06T23:45:48.899+0000] {logging_mixin.py:188} INFO - [2026-05-06T23:45:48.899+0000] {dag.py:3954} INFO - Setting next_dagrun for example_branch_labels to 2026-05-05 00:00:00+00:00, run_after=2026-05-06 00:00:00+00:00
[2026-05-06T23:45:48.917+0000] {processor.py:183} INFO - Processing /usr/local/python/3.12.1/lib/python3.12/site-packages/airflow/example_dags/example_branch_labels.py took 0.062 seconds
[2026-05-06T23:46:48.165+0000] {processor.py:161} INFO - Started process (PID=27807) to work on /usr/local/python/3.12.1/lib/python3.12/site-packages/airflow/example_dags/example_branch_labels.py
[2026-05-06T23:46:48.166+0000] {processor.py:830} INFO - Processing file /usr/local/python/3.12.1/lib/python3.12/site-packages/airflow/example_dags/example_branch_labels.py for tasks to queue
[2026-05-06T23:46:48.167+0000] {logging_mixin.py:188} INFO - [2026-05-06T23:46:48.167+0000] {dagbag.py:545} INFO - Filling up the DagBag from /usr/local/python/3.12.1/lib/python3.12/site-packages/airflow/example_dags/example_branch_labels.py
[2026-05-06T23:46:48.174+0000] {processor.py:840} INFO - DAG(s) 'example_branch_labels' retrieved from /usr/local/python/3.12.1/lib/python3.12/site-packages/airflow/example_dags/example_branch_labels.py
[2026-05-06T23:46:48.190+0000] {logging_mixin.py:188} INFO - [2026-05-06T23:46:48.190+0000] {dag.py:3096} INFO - Sync 1 DAGs
[2026-05-06T23:46:48.208+0000] {logging_mixin.py:188} INFO - [2026-05-06T23:46:48.208+0000] {dag.py:3954} INFO - Setting next_dagrun for example_branch_labels to 2026-05-05 00:00:00+00:00, run_after=2026-05-06 00:00:00+00:00
[2026-05-06T23:46:48.229+0000] {processor.py:183} INFO - Processing /usr/local/python/3.12.1/lib/python3.12/site-packages/airflow/example_dags/example_branch_labels.py took 0.070 seconds
[2026-05-06T23:47:49.741+0000] {processor.py:161} INFO - Started process (PID=28292) to work on /usr/local/python/3.12.1/lib/python3.12/site-packages/airflow/example_dags/example_branch_labels.py
[2026-05-06T23:47:49.742+0000] {processor.py:830} INFO - Processing file /usr/local/python/3.12.1/lib/python3.12/site-packages/airflow/example_dags/example_branch_labels.py for tasks to queue
[2026-05-06T23:47:49.743+0000] {logging_mixin.py:188} INFO - [2026-05-06T23:47:49.743+0000] {dagbag.py:545} INFO - Filling up the DagBag from /usr/local/python/3.12.1/lib/python3.12/site-packages/airflow/example_dags/example_branch_labels.py
[2026-05-06T23:47:49.749+0000] {processor.py:840} INFO - DAG(s) 'example_branch_labels' retrieved from /usr/local/python/3.12.1/lib/python3.12/site-packages/airflow/example_dags/example_branch_labels.py
[2026-05-06T23:47:49.763+0000] {logging_mixin.py:188} INFO - [2026-05-06T23:47:49.763+0000] {dag.py:3096} INFO - Sync 1 DAGs
[2026-05-06T23:47:49.779+0000] {logging_mixin.py:188} INFO - [2026-05-06T23:47:49.779+0000] {dag.py:3954} INFO - Setting next_dagrun for example_branch_labels to 2026-05-05 00:00:00+00:00, run_after=2026-05-06 00:00:00+00:00
[2026-05-06T23:47:49.796+0000] {processor.py:183} INFO - Processing /usr/local/python/3.12.1/lib/python3.12/site-packages/airflow/example_dags/example_branch_labels.py took 0.060 seconds
[2026-05-06T23:48:49.427+0000] {processor.py:161} INFO - Started process (PID=28761) to work on /usr/local/python/3.12.1/lib/python3.12/site-packages/airflow/example_dags/example_branch_labels.py
[2026-05-06T23:48:49.428+0000] {processor.py:830} INFO - Processing file /usr/local/python/3.12.1/lib/python3.12/site-packages/airflow/example_dags/example_branch_labels.py for tasks to queue
[2026-05-06T23:48:49.429+0000] {logging_mixin.py:188} INFO - [2026-05-06T23:48:49.429+0000] {dagbag.py:545} INFO - Filling up the DagBag from /usr/local/python/3.12.1/lib/python3.12/site-packages/airflow/example_dags/example_branch_labels.py
[2026-05-06T23:48:49.435+0000] {processor.py:840} INFO - DAG(s) 'example_branch_labels' retrieved from /usr/local/python/3.12.1/lib/python3.12/site-packages/airflow/example_dags/example_branch_labels.py
[2026-05-06T23:48:49.450+0000] {logging_mixin.py:188} INFO - [2026-05-06T23:48:49.449+0000] {dag.py:3096} INFO - Sync 1 DAGs
[2026-05-06T23:48:49.466+0000] {logging_mixin.py:188} INFO - [2026-05-06T23:48:49.466+0000] {dag.py:3954} INFO - Setting next_dagrun for example_branch_labels to 2026-05-05 00:00:00+00:00, run_after=2026-05-06 00:00:00+00:00
[2026-05-06T23:48:49.482+0000] {processor.py:183} INFO - Processing /usr/local/python/3.12.1/lib/python3.12/site-packages/airflow/example_dags/example_branch_labels.py took 0.062 seconds
[2026-05-06T23:49:46.426+0000] {processor.py:161} INFO - Started process (PID=29193) to work on /usr/local/python/3.12.1/lib/python3.12/site-packages/airflow/example_dags/example_branch_labels.py
[2026-05-06T23:49:46.427+0000] {processor.py:830} INFO - Processing file /usr/local/python/3.12.1/lib/python3.12/site-packages/airflow/example_dags/example_branch_labels.py for tasks to queue
[2026-05-06T23:49:46.428+0000] {logging_mixin.py:188} INFO - [2026-05-06T23:49:46.428+0000] {dagbag.py:545} INFO - Filling up the DagBag from /usr/local/python/3.12.1/lib/python3.12/site-packages/airflow/example_dags/example_branch_labels.py
[2026-05-06T23:49:46.434+0000] {processor.py:840} INFO - DAG(s) 'example_branch_labels' retrieved from /usr/local/python/3.12.1/lib/python3.12/site-packages/airflow/example_dags/example_branch_labels.py
[2026-05-06T23:49:46.448+0000] {logging_mixin.py:188} INFO - [2026-05-06T23:49:46.448+0000] {dag.py:3096} INFO - Sync 1 DAGs
[2026-05-06T23:49:46.463+0000] {logging_mixin.py:188} INFO - [2026-05-06T23:49:46.463+0000] {dag.py:3954} INFO - Setting next_dagrun for example_branch_labels to 2026-05-05 00:00:00+00:00, run_after=2026-05-06 00:00:00+00:00
[2026-05-06T23:49:46.483+0000] {processor.py:183} INFO - Processing /usr/local/python/3.12.1/lib/python3.12/site-packages/airflow/example_dags/example_branch_labels.py took 0.062 seconds
[2026-05-06T23:50:40.617+0000] {processor.py:161} INFO - Started process (PID=29629) to work on /usr/local/python/3.12.1/lib/python3.12/site-packages/airflow/example_dags/example_branch_labels.py
[2026-05-06T23:50:40.617+0000] {processor.py:830} INFO - Processing file /usr/local/python/3.12.1/lib/python3.12/site-packages/airflow/example_dags/example_branch_labels.py for tasks to queue
[2026-05-06T23:50:40.619+0000] {logging_mixin.py:188} INFO - [2026-05-06T23:50:40.618+0000] {dagbag.py:545} INFO - Filling up the DagBag from /usr/local/python/3.12.1/lib/python3.12/site-packages/airflow/example_dags/example_branch_labels.py
[2026-05-06T23:50:40.625+0000] {processor.py:840} INFO - DAG(s) 'example_branch_labels' retrieved from /usr/local/python/3.12.1/lib/python3.12/site-packages/airflow/example_dags/example_branch_labels.py
[2026-05-06T23:50:40.638+0000] {logging_mixin.py:188} INFO - [2026-05-06T23:50:40.638+0000] {dag.py:3096} INFO - Sync 1 DAGs
[2026-05-06T23:50:40.659+0000] {logging_mixin.py:188} INFO - [2026-05-06T23:50:40.659+0000] {dag.py:3954} INFO - Setting next_dagrun for example_branch_labels to 2026-05-05 00:00:00+00:00, run_after=2026-05-06 00:00:00+00:00
[2026-05-06T23:50:40.679+0000] {processor.py:183} INFO - Processing /usr/local/python/3.12.1/lib/python3.12/site-packages/airflow/example_dags/example_branch_labels.py took 0.068 seconds
[2026-05-06T23:51:39.357+0000] {processor.py:161} INFO - Started process (PID=30069) to work on /usr/local/python/3.12.1/lib/python3.12/site-packages/airflow/example_dags/example_branch_labels.py
[2026-05-06T23:51:39.358+0000] {processor.py:830} INFO - Processing file /usr/local/python/3.12.1/lib/python3.12/site-packages/airflow/example_dags/example_branch_labels.py for tasks to queue
[2026-05-06T23:51:39.360+0000] {logging_mixin.py:188} INFO - [2026-05-06T23:51:39.359+0000] {dagbag.py:545} INFO - Filling up the DagBag from /usr/local/python/3.12.1/lib/python3.12/site-packages/airflow/example_dags/example_branch_labels.py
[2026-05-06T23:51:39.366+0000] {processor.py:840} INFO - DAG(s) 'example_branch_labels' retrieved from /usr/local/python/3.12.1/lib/python3.12/site-packages/airflow/example_dags/example_branch_labels.py
[2026-05-06T23:51:39.380+0000] {logging_mixin.py:188} INFO - [2026-05-06T23:51:39.380+0000] {dag.py:3096} INFO - Sync 1 DAGs
[2026-05-06T23:51:39.397+0000] {logging_mixin.py:188} INFO - [2026-05-06T23:51:39.397+0000] {dag.py:3954} INFO - Setting next_dagrun for example_branch_labels to 2026-05-05 00:00:00+00:00, run_after=2026-05-06 00:00:00+00:00
[2026-05-06T23:51:39.416+0000] {processor.py:183} INFO - Processing /usr/local/python/3.12.1/lib/python3.12/site-packages/airflow/example_dags/example_branch_labels.py took 0.067 seconds
[2026-05-06T23:52:35.667+0000] {processor.py:161} INFO - Started process (PID=30519) to work on /usr/local/python/3.12.1/lib/python3.12/site-packages/airflow/example_dags/example_branch_labels.py
[2026-05-06T23:52:35.668+0000] {processor.py:830} INFO - Processing file /usr/local/python/3.12.1/lib/python3.12/site-packages/airflow/example_dags/example_branch_labels.py for tasks to queue
[2026-05-06T23:52:35.670+0000] {logging_mixin.py:188} INFO - [2026-05-06T23:52:35.669+0000] {dagbag.py:545} INFO - Filling up the DagBag from /usr/local/python/3.12.1/lib/python3.12/site-packages/airflow/example_dags/example_branch_labels.py
[2026-05-06T23:52:35.676+0000] {processor.py:840} INFO - DAG(s) 'example_branch_labels' retrieved from /usr/local/python/3.12.1/lib/python3.12/site-packages/airflow/example_dags/example_branch_labels.py
[2026-05-06T23:52:35.690+0000] {logging_mixin.py:188} INFO - [2026-05-06T23:52:35.690+0000] {dag.py:3096} INFO - Sync 1 DAGs
[2026-05-06T23:52:35.706+0000] {logging_mixin.py:188} INFO - [2026-05-06T23:52:35.706+0000] {dag.py:3954} INFO - Setting next_dagrun for example_branch_labels to 2026-05-05 00:00:00+00:00, run_after=2026-05-06 00:00:00+00:00
[2026-05-06T23:52:35.723+0000] {processor.py:183} INFO - Processing /usr/local/python/3.12.1/lib/python3.12/site-packages/airflow/example_dags/example_branch_labels.py took 0.060 seconds
[2026-05-06T23:53:35.564+0000] {processor.py:161} INFO - Started process (PID=30985) to work on /usr/local/python/3.12.1/lib/python3.12/site-packages/airflow/example_dags/example_branch_labels.py
[2026-05-06T23:53:35.565+0000] {processor.py:830} INFO - Processing file /usr/local/python/3.12.1/lib/python3.12/site-packages/airflow/example_dags/example_branch_labels.py for tasks to queue
[2026-05-06T23:53:35.566+0000] {logging_mixin.py:188} INFO - [2026-05-06T23:53:35.566+0000] {dagbag.py:545} INFO - Filling up the DagBag from /usr/local/python/3.12.1/lib/python3.12/site-packages/airflow/example_dags/example_branch_labels.py
[2026-05-06T23:53:35.574+0000] {processor.py:840} INFO - DAG(s) 'example_branch_labels' retrieved from /usr/local/python/3.12.1/lib/python3.12/site-packages/airflow/example_dags/example_branch_labels.py
[2026-05-06T23:53:35.590+0000] {logging_mixin.py:188} INFO - [2026-05-06T23:53:35.590+0000] {dag.py:3096} INFO - Sync 1 DAGs
[2026-05-06T23:53:35.606+0000] {logging_mixin.py:188} INFO - [2026-05-06T23:53:35.606+0000] {dag.py:3954} INFO - Setting next_dagrun for example_branch_labels to 2026-05-05 00:00:00+00:00, run_after=2026-05-06 00:00:00+00:00
[2026-05-06T23:53:35.623+0000] {processor.py:183} INFO - Processing /usr/local/python/3.12.1/lib/python3.12/site-packages/airflow/example_dags/example_branch_labels.py took 0.064 seconds
[2026-05-06T23:54:34.385+0000] {processor.py:161} INFO - Started process (PID=31451) to work on /usr/local/python/3.12.1/lib/python3.12/site-packages/airflow/example_dags/example_branch_labels.py
[2026-05-06T23:54:34.386+0000] {processor.py:830} INFO - Processing file /usr/local/python/3.12.1/lib/python3.12/site-packages/airflow/example_dags/example_branch_labels.py for tasks to queue
[2026-05-06T23:54:34.387+0000] {logging_mixin.py:188} INFO - [2026-05-06T23:54:34.387+0000] {dagbag.py:545} INFO - Filling up the DagBag from /usr/local/python/3.12.1/lib/python3.12/site-packages/airflow/example_dags/example_branch_labels.py
[2026-05-06T23:54:34.394+0000] {processor.py:840} INFO - DAG(s) 'example_branch_labels' retrieved from /usr/local/python/3.12.1/lib/python3.12/site-packages/airflow/example_dags/example_branch_labels.py
[2026-05-06T23:54:34.407+0000] {logging_mixin.py:188} INFO - [2026-05-06T23:54:34.407+0000] {dag.py:3096} INFO - Sync 1 DAGs
[2026-05-06T23:54:34.424+0000] {logging_mixin.py:188} INFO - [2026-05-06T23:54:34.424+0000] {dag.py:3954} INFO - Setting next_dagrun for example_branch_labels to 2026-05-05 00:00:00+00:00, run_after=2026-05-06 00:00:00+00:00
[2026-05-06T23:54:34.442+0000] {processor.py:183} INFO - Processing /usr/local/python/3.12.1/lib/python3.12/site-packages/airflow/example_dags/example_branch_labels.py took 0.062 seconds
[2026-05-06T23:55:32.948+0000] {processor.py:161} INFO - Started process (PID=31946) to work on /usr/local/python/3.12.1/lib/python3.12/site-packages/airflow/example_dags/example_branch_labels.py
[2026-05-06T23:55:32.949+0000] {processor.py:830} INFO - Processing file /usr/local/python/3.12.1/lib/python3.12/site-packages/airflow/example_dags/example_branch_labels.py for tasks to queue
[2026-05-06T23:55:32.951+0000] {logging_mixin.py:188} INFO - [2026-05-06T23:55:32.950+0000] {dagbag.py:545} INFO - Filling up the DagBag from /usr/local/python/3.12.1/lib/python3.12/site-packages/airflow/example_dags/example_branch_labels.py
[2026-05-06T23:55:32.957+0000] {processor.py:840} INFO - DAG(s) 'example_branch_labels' retrieved from /usr/local/python/3.12.1/lib/python3.12/site-packages/airflow/example_dags/example_branch_labels.py
[2026-05-06T23:55:32.971+0000] {logging_mixin.py:188} INFO - [2026-05-06T23:55:32.971+0000] {dag.py:3096} INFO - Sync 1 DAGs
[2026-05-06T23:55:32.987+0000] {logging_mixin.py:188} INFO - [2026-05-06T23:55:32.987+0000] {dag.py:3954} INFO - Setting next_dagrun for example_branch_labels to 2026-05-05 00:00:00+00:00, run_after=2026-05-06 00:00:00+00:00
[2026-05-06T23:55:33.004+0000] {processor.py:183} INFO - Processing /usr/local/python/3.12.1/lib/python3.12/site-packages/airflow/example_dags/example_branch_labels.py took 0.060 seconds
[2026-05-06T23:56:31.836+0000] {processor.py:161} INFO - Started process (PID=32410) to work on /usr/local/python/3.12.1/lib/python3.12/site-packages/airflow/example_dags/example_branch_labels.py
[2026-05-06T23:56:31.836+0000] {processor.py:830} INFO - Processing file /usr/local/python/3.12.1/lib/python3.12/site-packages/airflow/example_dags/example_branch_labels.py for tasks to queue
[2026-05-06T23:56:31.838+0000] {logging_mixin.py:188} INFO - [2026-05-06T23:56:31.838+0000] {dagbag.py:545} INFO - Filling up the DagBag from /usr/local/python/3.12.1/lib/python3.12/site-packages/airflow/example_dags/example_branch_labels.py
[2026-05-06T23:56:31.844+0000] {processor.py:840} INFO - DAG(s) 'example_branch_labels' retrieved from /usr/local/python/3.12.1/lib/python3.12/site-packages/airflow/example_dags/example_branch_labels.py
[2026-05-06T23:56:31.865+0000] {logging_mixin.py:188} INFO - [2026-05-06T23:56:31.865+0000] {dag.py:3096} INFO - Sync 1 DAGs
[2026-05-06T23:56:31.891+0000] {logging_mixin.py:188} INFO - [2026-05-06T23:56:31.891+0000] {dag.py:3954} INFO - Setting next_dagrun for example_branch_labels to 2026-05-05 00:00:00+00:00, run_after=2026-05-06 00:00:00+00:00
[2026-05-06T23:56:31.930+0000] {processor.py:183} INFO - Processing /usr/local/python/3.12.1/lib/python3.12/site-packages/airflow/example_dags/example_branch_labels.py took 0.099 seconds
[2026-05-06T23:57:27.189+0000] {processor.py:161} INFO - Started process (PID=32727) to work on /usr/local/python/3.12.1/lib/python3.12/site-packages/airflow/example_dags/example_branch_labels.py
[2026-05-06T23:57:27.190+0000] {processor.py:830} INFO - Processing file /usr/local/python/3.12.1/lib/python3.12/site-packages/airflow/example_dags/example_branch_labels.py for tasks to queue
[2026-05-06T23:57:27.191+0000] {logging_mixin.py:188} INFO - [2026-05-06T23:57:27.191+0000] {dagbag.py:545} INFO - Filling up the DagBag from /usr/local/python/3.12.1/lib/python3.12/site-packages/airflow/example_dags/example_branch_labels.py
[2026-05-06T23:57:27.198+0000] {processor.py:840} INFO - DAG(s) 'example_branch_labels' retrieved from /usr/local/python/3.12.1/lib/python3.12/site-packages/airflow/example_dags/example_branch_labels.py
[2026-05-06T23:57:27.212+0000] {logging_mixin.py:188} INFO - [2026-05-06T23:57:27.212+0000] {dag.py:3096} INFO - Sync 1 DAGs
[2026-05-06T23:57:27.229+0000] {logging_mixin.py:188} INFO - [2026-05-06T23:57:27.228+0000] {dag.py:3954} INFO - Setting next_dagrun for example_branch_labels to 2026-05-05 00:00:00+00:00, run_after=2026-05-06 00:00:00+00:00
[2026-05-06T23:57:27.249+0000] {processor.py:183} INFO - Processing /usr/local/python/3.12.1/lib/python3.12/site-packages/airflow/example_dags/example_branch_labels.py took 0.065 seconds
[2026-05-06T23:58:25.665+0000] {processor.py:161} INFO - Started process (PID=32999) to work on /usr/local/python/3.12.1/lib/python3.12/site-packages/airflow/example_dags/example_branch_labels.py
[2026-05-06T23:58:25.666+0000] {processor.py:830} INFO - Processing file /usr/local/python/3.12.1/lib/python3.12/site-packages/airflow/example_dags/example_branch_labels.py for tasks to queue
[2026-05-06T23:58:25.668+0000] {logging_mixin.py:188} INFO - [2026-05-06T23:58:25.667+0000] {dagbag.py:545} INFO - Filling up the DagBag from /usr/local/python/3.12.1/lib/python3.12/site-packages/airflow/example_dags/example_branch_labels.py
[2026-05-06T23:58:25.674+0000] {processor.py:840} INFO - DAG(s) 'example_branch_labels' retrieved from /usr/local/python/3.12.1/lib/python3.12/site-packages/airflow/example_dags/example_branch_labels.py
[2026-05-06T23:58:25.687+0000] {logging_mixin.py:188} INFO - [2026-05-06T23:58:25.687+0000] {dag.py:3096} INFO - Sync 1 DAGs
[2026-05-06T23:58:25.703+0000] {logging_mixin.py:188} INFO - [2026-05-06T23:58:25.703+0000] {dag.py:3954} INFO - Setting next_dagrun for example_branch_labels to 2026-05-05 00:00:00+00:00, run_after=2026-05-06 00:00:00+00:00
[2026-05-06T23:58:25.719+0000] {processor.py:183} INFO - Processing /usr/local/python/3.12.1/lib/python3.12/site-packages/airflow/example_dags/example_branch_labels.py took 0.059 seconds
[2026-05-06T23:59:25.421+0000] {processor.py:161} INFO - Started process (PID=33295) to work on /usr/local/python/3.12.1/lib/python3.12/site-packages/airflow/example_dags/example_branch_labels.py
[2026-05-06T23:59:25.422+0000] {processor.py:830} INFO - Processing file /usr/local/python/3.12.1/lib/python3.12/site-packages/airflow/example_dags/example_branch_labels.py for tasks to queue
[2026-05-06T23:59:25.423+0000] {logging_mixin.py:188} INFO - [2026-05-06T23:59:25.423+0000] {dagbag.py:545} INFO - Filling up the DagBag from /usr/local/python/3.12.1/lib/python3.12/site-packages/airflow/example_dags/example_branch_labels.py
[2026-05-06T23:59:25.430+0000] {processor.py:840} INFO - DAG(s) 'example_branch_labels' retrieved from /usr/local/python/3.12.1/lib/python3.12/site-packages/airflow/example_dags/example_branch_labels.py
[2026-05-06T23:59:25.447+0000] {logging_mixin.py:188} INFO - [2026-05-06T23:59:25.447+0000] {dag.py:3096} INFO - Sync 1 DAGs
[2026-05-06T23:59:25.470+0000] {logging_mixin.py:188} INFO - [2026-05-06T23:59:25.469+0000] {dag.py:3954} INFO - Setting next_dagrun for example_branch_labels to 2026-05-05 00:00:00+00:00, run_after=2026-05-06 00:00:00+00:00
[2026-05-06T23:59:25.487+0000] {processor.py:183} INFO - Processing /usr/local/python/3.12.1/lib/python3.12/site-packages/airflow/example_dags/example_branch_labels.py took 0.071 seconds
