[2026-05-06T23:19:20.775+0000] {processor.py:161} INFO - Started process (PID=13461) to work on /usr/local/python/3.12.1/lib/python3.12/site-packages/airflow/example_dags/example_external_task_marker_dag.py
[2026-05-06T23:19:20.775+0000] {processor.py:830} INFO - Processing file /usr/local/python/3.12.1/lib/python3.12/site-packages/airflow/example_dags/example_external_task_marker_dag.py for tasks to queue
[2026-05-06T23:19:20.776+0000] {logging_mixin.py:188} INFO - [2026-05-06T23:19:20.776+0000] {dagbag.py:545} INFO - Filling up the DagBag from /usr/local/python/3.12.1/lib/python3.12/site-packages/airflow/example_dags/example_external_task_marker_dag.py
[2026-05-06T23:19:20.782+0000] {processor.py:840} INFO - DAG(s) 'example_external_task_marker_parent', 'example_external_task_marker_child' retrieved from /usr/local/python/3.12.1/lib/python3.12/site-packages/airflow/example_dags/example_external_task_marker_dag.py
[2026-05-06T23:19:20.855+0000] {logging_mixin.py:188} INFO - [2026-05-06T23:19:20.855+0000] {override.py:1829} INFO - Created Permission View: can delete on DAG:example_external_task_marker_parent
[2026-05-06T23:19:20.863+0000] {logging_mixin.py:188} INFO - [2026-05-06T23:19:20.862+0000] {override.py:1829} INFO - Created Permission View: can edit on DAG:example_external_task_marker_parent
[2026-05-06T23:19:20.868+0000] {logging_mixin.py:188} INFO - [2026-05-06T23:19:20.868+0000] {override.py:1829} INFO - Created Permission View: can read on DAG:example_external_task_marker_parent
[2026-05-06T23:19:20.881+0000] {logging_mixin.py:188} INFO - [2026-05-06T23:19:20.881+0000] {override.py:1829} INFO - Created Permission View: can delete on DAG:example_external_task_marker_child
[2026-05-06T23:19:20.886+0000] {logging_mixin.py:188} INFO - [2026-05-06T23:19:20.886+0000] {override.py:1829} INFO - Created Permission View: can edit on DAG:example_external_task_marker_child
[2026-05-06T23:19:20.892+0000] {logging_mixin.py:188} INFO - [2026-05-06T23:19:20.892+0000] {override.py:1829} INFO - Created Permission View: can read on DAG:example_external_task_marker_child
[2026-05-06T23:19:20.892+0000] {logging_mixin.py:188} INFO - [2026-05-06T23:19:20.892+0000] {dag.py:3096} INFO - Sync 2 DAGs
[2026-05-06T23:19:20.900+0000] {logging_mixin.py:188} INFO - [2026-05-06T23:19:20.899+0000] {dag.py:3118} INFO - Creating ORM DAG for example_external_task_marker_parent
[2026-05-06T23:19:20.900+0000] {logging_mixin.py:188} INFO - [2026-05-06T23:19:20.900+0000] {dag.py:3118} INFO - Creating ORM DAG for example_external_task_marker_child
[2026-05-06T23:19:20.900+0000] {logging_mixin.py:188} INFO - [2026-05-06T23:19:20.900+0000] {dag.py:3954} INFO - Setting next_dagrun for example_external_task_marker_child to None, run_after=None
[2026-05-06T23:19:20.901+0000] {logging_mixin.py:188} INFO - [2026-05-06T23:19:20.901+0000] {dag.py:3954} INFO - Setting next_dagrun for example_external_task_marker_parent to None, run_after=None
[2026-05-06T23:19:20.916+0000] {processor.py:183} INFO - Processing /usr/local/python/3.12.1/lib/python3.12/site-packages/airflow/example_dags/example_external_task_marker_dag.py took 0.146 seconds
[2026-05-06T23:20:10.807+0000] {processor.py:161} INFO - Started process (PID=13919) to work on /usr/local/python/3.12.1/lib/python3.12/site-packages/airflow/example_dags/example_external_task_marker_dag.py
[2026-05-06T23:20:10.808+0000] {processor.py:830} INFO - Processing file /usr/local/python/3.12.1/lib/python3.12/site-packages/airflow/example_dags/example_external_task_marker_dag.py for tasks to queue
[2026-05-06T23:20:10.810+0000] {logging_mixin.py:188} INFO - [2026-05-06T23:20:10.809+0000] {dagbag.py:545} INFO - Filling up the DagBag from /usr/local/python/3.12.1/lib/python3.12/site-packages/airflow/example_dags/example_external_task_marker_dag.py
[2026-05-06T23:20:10.815+0000] {processor.py:840} INFO - DAG(s) 'example_external_task_marker_child', 'example_external_task_marker_parent' retrieved from /usr/local/python/3.12.1/lib/python3.12/site-packages/airflow/example_dags/example_external_task_marker_dag.py
[2026-05-06T23:20:10.839+0000] {logging_mixin.py:188} INFO - [2026-05-06T23:20:10.839+0000] {dag.py:3096} INFO - Sync 2 DAGs
[2026-05-06T23:20:10.855+0000] {logging_mixin.py:188} INFO - [2026-05-06T23:20:10.855+0000] {dag.py:3954} INFO - Setting next_dagrun for example_external_task_marker_child to None, run_after=None
[2026-05-06T23:20:10.858+0000] {logging_mixin.py:188} INFO - [2026-05-06T23:20:10.858+0000] {dag.py:3954} INFO - Setting next_dagrun for example_external_task_marker_parent to None, run_after=None
[2026-05-06T23:20:10.872+0000] {processor.py:183} INFO - Processing /usr/local/python/3.12.1/lib/python3.12/site-packages/airflow/example_dags/example_external_task_marker_dag.py took 0.069 seconds
[2026-05-06T23:21:10.357+0000] {processor.py:161} INFO - Started process (PID=14420) to work on /usr/local/python/3.12.1/lib/python3.12/site-packages/airflow/example_dags/example_external_task_marker_dag.py
[2026-05-06T23:21:10.358+0000] {processor.py:830} INFO - Processing file /usr/local/python/3.12.1/lib/python3.12/site-packages/airflow/example_dags/example_external_task_marker_dag.py for tasks to queue
[2026-05-06T23:21:10.360+0000] {logging_mixin.py:188} INFO - [2026-05-06T23:21:10.360+0000] {dagbag.py:545} INFO - Filling up the DagBag from /usr/local/python/3.12.1/lib/python3.12/site-packages/airflow/example_dags/example_external_task_marker_dag.py
[2026-05-06T23:21:10.367+0000] {processor.py:840} INFO - DAG(s) 'example_external_task_marker_child', 'example_external_task_marker_parent' retrieved from /usr/local/python/3.12.1/lib/python3.12/site-packages/airflow/example_dags/example_external_task_marker_dag.py
[2026-05-06T23:21:10.389+0000] {logging_mixin.py:188} INFO - [2026-05-06T23:21:10.389+0000] {dag.py:3096} INFO - Sync 2 DAGs
[2026-05-06T23:21:10.402+0000] {logging_mixin.py:188} INFO - [2026-05-06T23:21:10.402+0000] {dag.py:3954} INFO - Setting next_dagrun for example_external_task_marker_child to None, run_after=None
[2026-05-06T23:21:10.410+0000] {logging_mixin.py:188} INFO - [2026-05-06T23:21:10.409+0000] {dag.py:3954} INFO - Setting next_dagrun for example_external_task_marker_parent to None, run_after=None
[2026-05-06T23:21:10.427+0000] {processor.py:183} INFO - Processing /usr/local/python/3.12.1/lib/python3.12/site-packages/airflow/example_dags/example_external_task_marker_dag.py took 0.076 seconds
[2026-05-06T23:22:12.348+0000] {processor.py:161} INFO - Started process (PID=14998) to work on /usr/local/python/3.12.1/lib/python3.12/site-packages/airflow/example_dags/example_external_task_marker_dag.py
[2026-05-06T23:22:12.349+0000] {processor.py:830} INFO - Processing file /usr/local/python/3.12.1/lib/python3.12/site-packages/airflow/example_dags/example_external_task_marker_dag.py for tasks to queue
[2026-05-06T23:22:12.351+0000] {logging_mixin.py:188} INFO - [2026-05-06T23:22:12.350+0000] {dagbag.py:545} INFO - Filling up the DagBag from /usr/local/python/3.12.1/lib/python3.12/site-packages/airflow/example_dags/example_external_task_marker_dag.py
[2026-05-06T23:22:12.359+0000] {processor.py:840} INFO - DAG(s) 'example_external_task_marker_child', 'example_external_task_marker_parent' retrieved from /usr/local/python/3.12.1/lib/python3.12/site-packages/airflow/example_dags/example_external_task_marker_dag.py
[2026-05-06T23:22:12.392+0000] {logging_mixin.py:188} INFO - [2026-05-06T23:22:12.392+0000] {dag.py:3096} INFO - Sync 2 DAGs
[2026-05-06T23:22:12.401+0000] {logging_mixin.py:188} INFO - [2026-05-06T23:22:12.401+0000] {dag.py:3954} INFO - Setting next_dagrun for example_external_task_marker_child to None, run_after=None
[2026-05-06T23:22:12.404+0000] {logging_mixin.py:188} INFO - [2026-05-06T23:22:12.404+0000] {dag.py:3954} INFO - Setting next_dagrun for example_external_task_marker_parent to None, run_after=None
[2026-05-06T23:22:12.418+0000] {processor.py:183} INFO - Processing /usr/local/python/3.12.1/lib/python3.12/site-packages/airflow/example_dags/example_external_task_marker_dag.py took 0.079 seconds
[2026-05-06T23:23:11.921+0000] {processor.py:161} INFO - Started process (PID=15557) to work on /usr/local/python/3.12.1/lib/python3.12/site-packages/airflow/example_dags/example_external_task_marker_dag.py
[2026-05-06T23:23:11.921+0000] {processor.py:830} INFO - Processing file /usr/local/python/3.12.1/lib/python3.12/site-packages/airflow/example_dags/example_external_task_marker_dag.py for tasks to queue
[2026-05-06T23:23:11.923+0000] {logging_mixin.py:188} INFO - [2026-05-06T23:23:11.922+0000] {dagbag.py:545} INFO - Filling up the DagBag from /usr/local/python/3.12.1/lib/python3.12/site-packages/airflow/example_dags/example_external_task_marker_dag.py
[2026-05-06T23:23:11.928+0000] {processor.py:840} INFO - DAG(s) 'example_external_task_marker_parent', 'example_external_task_marker_child' retrieved from /usr/local/python/3.12.1/lib/python3.12/site-packages/airflow/example_dags/example_external_task_marker_dag.py
[2026-05-06T23:23:11.942+0000] {logging_mixin.py:188} INFO - [2026-05-06T23:23:11.942+0000] {dag.py:3096} INFO - Sync 2 DAGs
[2026-05-06T23:23:11.951+0000] {logging_mixin.py:188} INFO - [2026-05-06T23:23:11.951+0000] {dag.py:3954} INFO - Setting next_dagrun for example_external_task_marker_child to None, run_after=None
[2026-05-06T23:23:11.954+0000] {logging_mixin.py:188} INFO - [2026-05-06T23:23:11.954+0000] {dag.py:3954} INFO - Setting next_dagrun for example_external_task_marker_parent to None, run_after=None
[2026-05-06T23:23:11.971+0000] {processor.py:183} INFO - Processing /usr/local/python/3.12.1/lib/python3.12/site-packages/airflow/example_dags/example_external_task_marker_dag.py took 0.055 seconds
[2026-05-06T23:24:07.288+0000] {processor.py:161} INFO - Started process (PID=16187) to work on /usr/local/python/3.12.1/lib/python3.12/site-packages/airflow/example_dags/example_external_task_marker_dag.py
[2026-05-06T23:24:07.289+0000] {processor.py:830} INFO - Processing file /usr/local/python/3.12.1/lib/python3.12/site-packages/airflow/example_dags/example_external_task_marker_dag.py for tasks to queue
[2026-05-06T23:24:07.290+0000] {logging_mixin.py:188} INFO - [2026-05-06T23:24:07.290+0000] {dagbag.py:545} INFO - Filling up the DagBag from /usr/local/python/3.12.1/lib/python3.12/site-packages/airflow/example_dags/example_external_task_marker_dag.py
[2026-05-06T23:24:07.295+0000] {processor.py:840} INFO - DAG(s) 'example_external_task_marker_parent', 'example_external_task_marker_child' retrieved from /usr/local/python/3.12.1/lib/python3.12/site-packages/airflow/example_dags/example_external_task_marker_dag.py
[2026-05-06T23:24:07.311+0000] {logging_mixin.py:188} INFO - [2026-05-06T23:24:07.310+0000] {dag.py:3096} INFO - Sync 2 DAGs
[2026-05-06T23:24:07.320+0000] {logging_mixin.py:188} INFO - [2026-05-06T23:24:07.320+0000] {dag.py:3954} INFO - Setting next_dagrun for example_external_task_marker_child to None, run_after=None
[2026-05-06T23:24:07.323+0000] {logging_mixin.py:188} INFO - [2026-05-06T23:24:07.322+0000] {dag.py:3954} INFO - Setting next_dagrun for example_external_task_marker_parent to None, run_after=None
[2026-05-06T23:24:07.337+0000] {processor.py:183} INFO - Processing /usr/local/python/3.12.1/lib/python3.12/site-packages/airflow/example_dags/example_external_task_marker_dag.py took 0.054 seconds
[2026-05-06T23:25:03.926+0000] {processor.py:161} INFO - Started process (PID=16980) to work on /usr/local/python/3.12.1/lib/python3.12/site-packages/airflow/example_dags/example_external_task_marker_dag.py
[2026-05-06T23:25:03.927+0000] {processor.py:830} INFO - Processing file /usr/local/python/3.12.1/lib/python3.12/site-packages/airflow/example_dags/example_external_task_marker_dag.py for tasks to queue
[2026-05-06T23:25:03.929+0000] {logging_mixin.py:188} INFO - [2026-05-06T23:25:03.928+0000] {dagbag.py:545} INFO - Filling up the DagBag from /usr/local/python/3.12.1/lib/python3.12/site-packages/airflow/example_dags/example_external_task_marker_dag.py
[2026-05-06T23:25:03.935+0000] {processor.py:840} INFO - DAG(s) 'example_external_task_marker_child', 'example_external_task_marker_parent' retrieved from /usr/local/python/3.12.1/lib/python3.12/site-packages/airflow/example_dags/example_external_task_marker_dag.py
[2026-05-06T23:25:03.950+0000] {logging_mixin.py:188} INFO - [2026-05-06T23:25:03.949+0000] {dag.py:3096} INFO - Sync 2 DAGs
[2026-05-06T23:25:03.958+0000] {logging_mixin.py:188} INFO - [2026-05-06T23:25:03.958+0000] {dag.py:3954} INFO - Setting next_dagrun for example_external_task_marker_child to None, run_after=None
[2026-05-06T23:25:03.961+0000] {logging_mixin.py:188} INFO - [2026-05-06T23:25:03.961+0000] {dag.py:3954} INFO - Setting next_dagrun for example_external_task_marker_parent to None, run_after=None
[2026-05-06T23:25:03.975+0000] {processor.py:183} INFO - Processing /usr/local/python/3.12.1/lib/python3.12/site-packages/airflow/example_dags/example_external_task_marker_dag.py took 0.054 seconds
[2026-05-06T23:26:04.316+0000] {processor.py:161} INFO - Started process (PID=17525) to work on /usr/local/python/3.12.1/lib/python3.12/site-packages/airflow/example_dags/example_external_task_marker_dag.py
[2026-05-06T23:26:04.317+0000] {processor.py:830} INFO - Processing file /usr/local/python/3.12.1/lib/python3.12/site-packages/airflow/example_dags/example_external_task_marker_dag.py for tasks to queue
[2026-05-06T23:26:04.319+0000] {logging_mixin.py:188} INFO - [2026-05-06T23:26:04.319+0000] {dagbag.py:545} INFO - Filling up the DagBag from /usr/local/python/3.12.1/lib/python3.12/site-packages/airflow/example_dags/example_external_task_marker_dag.py
[2026-05-06T23:26:04.324+0000] {processor.py:840} INFO - DAG(s) 'example_external_task_marker_child', 'example_external_task_marker_parent' retrieved from /usr/local/python/3.12.1/lib/python3.12/site-packages/airflow/example_dags/example_external_task_marker_dag.py
[2026-05-06T23:26:04.340+0000] {logging_mixin.py:188} INFO - [2026-05-06T23:26:04.340+0000] {dag.py:3096} INFO - Sync 2 DAGs
[2026-05-06T23:26:04.349+0000] {logging_mixin.py:188} INFO - [2026-05-06T23:26:04.349+0000] {dag.py:3954} INFO - Setting next_dagrun for example_external_task_marker_child to None, run_after=None
[2026-05-06T23:26:04.351+0000] {logging_mixin.py:188} INFO - [2026-05-06T23:26:04.351+0000] {dag.py:3954} INFO - Setting next_dagrun for example_external_task_marker_parent to None, run_after=None
[2026-05-06T23:26:04.365+0000] {processor.py:183} INFO - Processing /usr/local/python/3.12.1/lib/python3.12/site-packages/airflow/example_dags/example_external_task_marker_dag.py took 0.053 seconds
[2026-05-06T23:27:01.481+0000] {processor.py:161} INFO - Started process (PID=18009) to work on /usr/local/python/3.12.1/lib/python3.12/site-packages/airflow/example_dags/example_external_task_marker_dag.py
[2026-05-06T23:27:01.482+0000] {processor.py:830} INFO - Processing file /usr/local/python/3.12.1/lib/python3.12/site-packages/airflow/example_dags/example_external_task_marker_dag.py for tasks to queue
[2026-05-06T23:27:01.483+0000] {logging_mixin.py:188} INFO - [2026-05-06T23:27:01.483+0000] {dagbag.py:545} INFO - Filling up the DagBag from /usr/local/python/3.12.1/lib/python3.12/site-packages/airflow/example_dags/example_external_task_marker_dag.py
[2026-05-06T23:27:01.489+0000] {processor.py:840} INFO - DAG(s) 'example_external_task_marker_parent', 'example_external_task_marker_child' retrieved from /usr/local/python/3.12.1/lib/python3.12/site-packages/airflow/example_dags/example_external_task_marker_dag.py
[2026-05-06T23:27:01.504+0000] {logging_mixin.py:188} INFO - [2026-05-06T23:27:01.504+0000] {dag.py:3096} INFO - Sync 2 DAGs
[2026-05-06T23:27:01.607+0000] {logging_mixin.py:188} INFO - [2026-05-06T23:27:01.607+0000] {dag.py:3954} INFO - Setting next_dagrun for example_external_task_marker_child to None, run_after=None
[2026-05-06T23:27:01.610+0000] {logging_mixin.py:188} INFO - [2026-05-06T23:27:01.609+0000] {dag.py:3954} INFO - Setting next_dagrun for example_external_task_marker_parent to None, run_after=None
[2026-05-06T23:27:01.624+0000] {processor.py:183} INFO - Processing /usr/local/python/3.12.1/lib/python3.12/site-packages/airflow/example_dags/example_external_task_marker_dag.py took 0.148 seconds
[2026-05-06T23:27:59.559+0000] {processor.py:161} INFO - Started process (PID=18627) to work on /usr/local/python/3.12.1/lib/python3.12/site-packages/airflow/example_dags/example_external_task_marker_dag.py
[2026-05-06T23:27:59.559+0000] {processor.py:830} INFO - Processing file /usr/local/python/3.12.1/lib/python3.12/site-packages/airflow/example_dags/example_external_task_marker_dag.py for tasks to queue
[2026-05-06T23:27:59.561+0000] {logging_mixin.py:188} INFO - [2026-05-06T23:27:59.561+0000] {dagbag.py:545} INFO - Filling up the DagBag from /usr/local/python/3.12.1/lib/python3.12/site-packages/airflow/example_dags/example_external_task_marker_dag.py
[2026-05-06T23:27:59.566+0000] {processor.py:840} INFO - DAG(s) 'example_external_task_marker_parent', 'example_external_task_marker_child' retrieved from /usr/local/python/3.12.1/lib/python3.12/site-packages/airflow/example_dags/example_external_task_marker_dag.py
[2026-05-06T23:27:59.581+0000] {logging_mixin.py:188} INFO - [2026-05-06T23:27:59.580+0000] {dag.py:3096} INFO - Sync 2 DAGs
[2026-05-06T23:27:59.591+0000] {logging_mixin.py:188} INFO - [2026-05-06T23:27:59.591+0000] {dag.py:3954} INFO - Setting next_dagrun for example_external_task_marker_child to None, run_after=None
[2026-05-06T23:27:59.594+0000] {logging_mixin.py:188} INFO - [2026-05-06T23:27:59.593+0000] {dag.py:3954} INFO - Setting next_dagrun for example_external_task_marker_parent to None, run_after=None
[2026-05-06T23:27:59.608+0000] {processor.py:183} INFO - Processing /usr/local/python/3.12.1/lib/python3.12/site-packages/airflow/example_dags/example_external_task_marker_dag.py took 0.054 seconds
[2026-05-06T23:32:02.793+0000] {processor.py:161} INFO - Started process (PID=20877) to work on /usr/local/python/3.12.1/lib/python3.12/site-packages/airflow/example_dags/example_external_task_marker_dag.py
[2026-05-06T23:32:02.794+0000] {processor.py:830} INFO - Processing file /usr/local/python/3.12.1/lib/python3.12/site-packages/airflow/example_dags/example_external_task_marker_dag.py for tasks to queue
[2026-05-06T23:32:02.795+0000] {logging_mixin.py:188} INFO - [2026-05-06T23:32:02.795+0000] {dagbag.py:545} INFO - Filling up the DagBag from /usr/local/python/3.12.1/lib/python3.12/site-packages/airflow/example_dags/example_external_task_marker_dag.py
[2026-05-06T23:32:02.802+0000] {processor.py:840} INFO - DAG(s) 'example_external_task_marker_child', 'example_external_task_marker_parent' retrieved from /usr/local/python/3.12.1/lib/python3.12/site-packages/airflow/example_dags/example_external_task_marker_dag.py
[2026-05-06T23:32:02.822+0000] {logging_mixin.py:188} INFO - [2026-05-06T23:32:02.822+0000] {dag.py:3096} INFO - Sync 2 DAGs
[2026-05-06T23:32:02.835+0000] {logging_mixin.py:188} INFO - [2026-05-06T23:32:02.835+0000] {dag.py:3954} INFO - Setting next_dagrun for example_external_task_marker_child to None, run_after=None
[2026-05-06T23:32:02.839+0000] {logging_mixin.py:188} INFO - [2026-05-06T23:32:02.839+0000] {dag.py:3954} INFO - Setting next_dagrun for example_external_task_marker_parent to None, run_after=None
[2026-05-06T23:32:02.882+0000] {processor.py:183} INFO - Processing /usr/local/python/3.12.1/lib/python3.12/site-packages/airflow/example_dags/example_external_task_marker_dag.py took 0.095 seconds
[2026-05-06T23:32:59.692+0000] {processor.py:161} INFO - Started process (PID=21325) to work on /usr/local/python/3.12.1/lib/python3.12/site-packages/airflow/example_dags/example_external_task_marker_dag.py
[2026-05-06T23:32:59.692+0000] {processor.py:830} INFO - Processing file /usr/local/python/3.12.1/lib/python3.12/site-packages/airflow/example_dags/example_external_task_marker_dag.py for tasks to queue
[2026-05-06T23:32:59.694+0000] {logging_mixin.py:188} INFO - [2026-05-06T23:32:59.693+0000] {dagbag.py:545} INFO - Filling up the DagBag from /usr/local/python/3.12.1/lib/python3.12/site-packages/airflow/example_dags/example_external_task_marker_dag.py
[2026-05-06T23:32:59.699+0000] {processor.py:840} INFO - DAG(s) 'example_external_task_marker_parent', 'example_external_task_marker_child' retrieved from /usr/local/python/3.12.1/lib/python3.12/site-packages/airflow/example_dags/example_external_task_marker_dag.py
[2026-05-06T23:32:59.714+0000] {logging_mixin.py:188} INFO - [2026-05-06T23:32:59.714+0000] {dag.py:3096} INFO - Sync 2 DAGs
[2026-05-06T23:32:59.723+0000] {logging_mixin.py:188} INFO - [2026-05-06T23:32:59.723+0000] {dag.py:3954} INFO - Setting next_dagrun for example_external_task_marker_child to None, run_after=None
[2026-05-06T23:32:59.725+0000] {logging_mixin.py:188} INFO - [2026-05-06T23:32:59.725+0000] {dag.py:3954} INFO - Setting next_dagrun for example_external_task_marker_parent to None, run_after=None
[2026-05-06T23:32:59.741+0000] {processor.py:183} INFO - Processing /usr/local/python/3.12.1/lib/python3.12/site-packages/airflow/example_dags/example_external_task_marker_dag.py took 0.054 seconds
[2026-05-06T23:33:47.103+0000] {processor.py:161} INFO - Started process (PID=21709) to work on /usr/local/python/3.12.1/lib/python3.12/site-packages/airflow/example_dags/example_external_task_marker_dag.py
[2026-05-06T23:33:47.104+0000] {processor.py:830} INFO - Processing file /usr/local/python/3.12.1/lib/python3.12/site-packages/airflow/example_dags/example_external_task_marker_dag.py for tasks to queue
[2026-05-06T23:33:47.105+0000] {logging_mixin.py:188} INFO - [2026-05-06T23:33:47.105+0000] {dagbag.py:545} INFO - Filling up the DagBag from /usr/local/python/3.12.1/lib/python3.12/site-packages/airflow/example_dags/example_external_task_marker_dag.py
[2026-05-06T23:33:47.111+0000] {processor.py:840} INFO - DAG(s) 'example_external_task_marker_child', 'example_external_task_marker_parent' retrieved from /usr/local/python/3.12.1/lib/python3.12/site-packages/airflow/example_dags/example_external_task_marker_dag.py
[2026-05-06T23:33:47.127+0000] {logging_mixin.py:188} INFO - [2026-05-06T23:33:47.127+0000] {dag.py:3096} INFO - Sync 2 DAGs
[2026-05-06T23:33:47.136+0000] {logging_mixin.py:188} INFO - [2026-05-06T23:33:47.136+0000] {dag.py:3954} INFO - Setting next_dagrun for example_external_task_marker_child to None, run_after=None
[2026-05-06T23:33:47.138+0000] {logging_mixin.py:188} INFO - [2026-05-06T23:33:47.138+0000] {dag.py:3954} INFO - Setting next_dagrun for example_external_task_marker_parent to None, run_after=None
[2026-05-06T23:33:47.153+0000] {processor.py:183} INFO - Processing /usr/local/python/3.12.1/lib/python3.12/site-packages/airflow/example_dags/example_external_task_marker_dag.py took 0.055 seconds
[2026-05-06T23:34:46.162+0000] {processor.py:161} INFO - Started process (PID=22169) to work on /usr/local/python/3.12.1/lib/python3.12/site-packages/airflow/example_dags/example_external_task_marker_dag.py
[2026-05-06T23:34:46.163+0000] {processor.py:830} INFO - Processing file /usr/local/python/3.12.1/lib/python3.12/site-packages/airflow/example_dags/example_external_task_marker_dag.py for tasks to queue
[2026-05-06T23:34:46.165+0000] {logging_mixin.py:188} INFO - [2026-05-06T23:34:46.165+0000] {dagbag.py:545} INFO - Filling up the DagBag from /usr/local/python/3.12.1/lib/python3.12/site-packages/airflow/example_dags/example_external_task_marker_dag.py
[2026-05-06T23:34:46.171+0000] {processor.py:840} INFO - DAG(s) 'example_external_task_marker_parent', 'example_external_task_marker_child' retrieved from /usr/local/python/3.12.1/lib/python3.12/site-packages/airflow/example_dags/example_external_task_marker_dag.py
[2026-05-06T23:34:46.186+0000] {logging_mixin.py:188} INFO - [2026-05-06T23:34:46.186+0000] {dag.py:3096} INFO - Sync 2 DAGs
[2026-05-06T23:34:46.195+0000] {logging_mixin.py:188} INFO - [2026-05-06T23:34:46.195+0000] {dag.py:3954} INFO - Setting next_dagrun for example_external_task_marker_child to None, run_after=None
[2026-05-06T23:34:46.198+0000] {logging_mixin.py:188} INFO - [2026-05-06T23:34:46.198+0000] {dag.py:3954} INFO - Setting next_dagrun for example_external_task_marker_parent to None, run_after=None
[2026-05-06T23:34:46.213+0000] {processor.py:183} INFO - Processing /usr/local/python/3.12.1/lib/python3.12/site-packages/airflow/example_dags/example_external_task_marker_dag.py took 0.057 seconds
[2026-05-06T23:35:41.705+0000] {processor.py:161} INFO - Started process (PID=22617) to work on /usr/local/python/3.12.1/lib/python3.12/site-packages/airflow/example_dags/example_external_task_marker_dag.py
[2026-05-06T23:35:41.706+0000] {processor.py:830} INFO - Processing file /usr/local/python/3.12.1/lib/python3.12/site-packages/airflow/example_dags/example_external_task_marker_dag.py for tasks to queue
[2026-05-06T23:35:41.707+0000] {logging_mixin.py:188} INFO - [2026-05-06T23:35:41.707+0000] {dagbag.py:545} INFO - Filling up the DagBag from /usr/local/python/3.12.1/lib/python3.12/site-packages/airflow/example_dags/example_external_task_marker_dag.py
[2026-05-06T23:35:41.712+0000] {processor.py:840} INFO - DAG(s) 'example_external_task_marker_parent', 'example_external_task_marker_child' retrieved from /usr/local/python/3.12.1/lib/python3.12/site-packages/airflow/example_dags/example_external_task_marker_dag.py
[2026-05-06T23:35:41.728+0000] {logging_mixin.py:188} INFO - [2026-05-06T23:35:41.728+0000] {dag.py:3096} INFO - Sync 2 DAGs
[2026-05-06T23:35:41.738+0000] {logging_mixin.py:188} INFO - [2026-05-06T23:35:41.738+0000] {dag.py:3954} INFO - Setting next_dagrun for example_external_task_marker_child to None, run_after=None
[2026-05-06T23:35:41.741+0000] {logging_mixin.py:188} INFO - [2026-05-06T23:35:41.741+0000] {dag.py:3954} INFO - Setting next_dagrun for example_external_task_marker_parent to None, run_after=None
[2026-05-06T23:35:41.756+0000] {processor.py:183} INFO - Processing /usr/local/python/3.12.1/lib/python3.12/site-packages/airflow/example_dags/example_external_task_marker_dag.py took 0.056 seconds
[2026-05-06T23:36:39.653+0000] {processor.py:161} INFO - Started process (PID=23070) to work on /usr/local/python/3.12.1/lib/python3.12/site-packages/airflow/example_dags/example_external_task_marker_dag.py
[2026-05-06T23:36:39.653+0000] {processor.py:830} INFO - Processing file /usr/local/python/3.12.1/lib/python3.12/site-packages/airflow/example_dags/example_external_task_marker_dag.py for tasks to queue
[2026-05-06T23:36:39.655+0000] {logging_mixin.py:188} INFO - [2026-05-06T23:36:39.654+0000] {dagbag.py:545} INFO - Filling up the DagBag from /usr/local/python/3.12.1/lib/python3.12/site-packages/airflow/example_dags/example_external_task_marker_dag.py
[2026-05-06T23:36:39.660+0000] {processor.py:840} INFO - DAG(s) 'example_external_task_marker_parent', 'example_external_task_marker_child' retrieved from /usr/local/python/3.12.1/lib/python3.12/site-packages/airflow/example_dags/example_external_task_marker_dag.py
[2026-05-06T23:36:39.676+0000] {logging_mixin.py:188} INFO - [2026-05-06T23:36:39.676+0000] {dag.py:3096} INFO - Sync 2 DAGs
[2026-05-06T23:36:39.686+0000] {logging_mixin.py:188} INFO - [2026-05-06T23:36:39.686+0000] {dag.py:3954} INFO - Setting next_dagrun for example_external_task_marker_child to None, run_after=None
[2026-05-06T23:36:39.689+0000] {logging_mixin.py:188} INFO - [2026-05-06T23:36:39.689+0000] {dag.py:3954} INFO - Setting next_dagrun for example_external_task_marker_parent to None, run_after=None
[2026-05-06T23:36:39.705+0000] {processor.py:183} INFO - Processing /usr/local/python/3.12.1/lib/python3.12/site-packages/airflow/example_dags/example_external_task_marker_dag.py took 0.057 seconds
[2026-05-06T23:37:38.561+0000] {processor.py:161} INFO - Started process (PID=23518) to work on /usr/local/python/3.12.1/lib/python3.12/site-packages/airflow/example_dags/example_external_task_marker_dag.py
[2026-05-06T23:37:38.562+0000] {processor.py:830} INFO - Processing file /usr/local/python/3.12.1/lib/python3.12/site-packages/airflow/example_dags/example_external_task_marker_dag.py for tasks to queue
[2026-05-06T23:37:38.564+0000] {logging_mixin.py:188} INFO - [2026-05-06T23:37:38.563+0000] {dagbag.py:545} INFO - Filling up the DagBag from /usr/local/python/3.12.1/lib/python3.12/site-packages/airflow/example_dags/example_external_task_marker_dag.py
[2026-05-06T23:37:38.569+0000] {processor.py:840} INFO - DAG(s) 'example_external_task_marker_child', 'example_external_task_marker_parent' retrieved from /usr/local/python/3.12.1/lib/python3.12/site-packages/airflow/example_dags/example_external_task_marker_dag.py
[2026-05-06T23:37:38.585+0000] {logging_mixin.py:188} INFO - [2026-05-06T23:37:38.585+0000] {dag.py:3096} INFO - Sync 2 DAGs
[2026-05-06T23:37:38.595+0000] {logging_mixin.py:188} INFO - [2026-05-06T23:37:38.595+0000] {dag.py:3954} INFO - Setting next_dagrun for example_external_task_marker_child to None, run_after=None
[2026-05-06T23:37:38.598+0000] {logging_mixin.py:188} INFO - [2026-05-06T23:37:38.598+0000] {dag.py:3954} INFO - Setting next_dagrun for example_external_task_marker_parent to None, run_after=None
[2026-05-06T23:37:38.614+0000] {processor.py:183} INFO - Processing /usr/local/python/3.12.1/lib/python3.12/site-packages/airflow/example_dags/example_external_task_marker_dag.py took 0.058 seconds
[2026-05-06T23:38:36.936+0000] {processor.py:161} INFO - Started process (PID=23970) to work on /usr/local/python/3.12.1/lib/python3.12/site-packages/airflow/example_dags/example_external_task_marker_dag.py
[2026-05-06T23:38:36.936+0000] {processor.py:830} INFO - Processing file /usr/local/python/3.12.1/lib/python3.12/site-packages/airflow/example_dags/example_external_task_marker_dag.py for tasks to queue
[2026-05-06T23:38:36.938+0000] {logging_mixin.py:188} INFO - [2026-05-06T23:38:36.937+0000] {dagbag.py:545} INFO - Filling up the DagBag from /usr/local/python/3.12.1/lib/python3.12/site-packages/airflow/example_dags/example_external_task_marker_dag.py
[2026-05-06T23:38:36.943+0000] {processor.py:840} INFO - DAG(s) 'example_external_task_marker_child', 'example_external_task_marker_parent' retrieved from /usr/local/python/3.12.1/lib/python3.12/site-packages/airflow/example_dags/example_external_task_marker_dag.py
[2026-05-06T23:38:36.959+0000] {logging_mixin.py:188} INFO - [2026-05-06T23:38:36.959+0000] {dag.py:3096} INFO - Sync 2 DAGs
[2026-05-06T23:38:36.968+0000] {logging_mixin.py:188} INFO - [2026-05-06T23:38:36.968+0000] {dag.py:3954} INFO - Setting next_dagrun for example_external_task_marker_child to None, run_after=None
[2026-05-06T23:38:36.971+0000] {logging_mixin.py:188} INFO - [2026-05-06T23:38:36.971+0000] {dag.py:3954} INFO - Setting next_dagrun for example_external_task_marker_parent to None, run_after=None
[2026-05-06T23:38:36.987+0000] {processor.py:183} INFO - Processing /usr/local/python/3.12.1/lib/python3.12/site-packages/airflow/example_dags/example_external_task_marker_dag.py took 0.056 seconds
[2026-05-06T23:39:35.135+0000] {processor.py:161} INFO - Started process (PID=24433) to work on /usr/local/python/3.12.1/lib/python3.12/site-packages/airflow/example_dags/example_external_task_marker_dag.py
[2026-05-06T23:39:35.135+0000] {processor.py:830} INFO - Processing file /usr/local/python/3.12.1/lib/python3.12/site-packages/airflow/example_dags/example_external_task_marker_dag.py for tasks to queue
[2026-05-06T23:39:35.137+0000] {logging_mixin.py:188} INFO - [2026-05-06T23:39:35.137+0000] {dagbag.py:545} INFO - Filling up the DagBag from /usr/local/python/3.12.1/lib/python3.12/site-packages/airflow/example_dags/example_external_task_marker_dag.py
[2026-05-06T23:39:35.142+0000] {processor.py:840} INFO - DAG(s) 'example_external_task_marker_parent', 'example_external_task_marker_child' retrieved from /usr/local/python/3.12.1/lib/python3.12/site-packages/airflow/example_dags/example_external_task_marker_dag.py
[2026-05-06T23:39:35.158+0000] {logging_mixin.py:188} INFO - [2026-05-06T23:39:35.158+0000] {dag.py:3096} INFO - Sync 2 DAGs
[2026-05-06T23:39:35.168+0000] {logging_mixin.py:188} INFO - [2026-05-06T23:39:35.167+0000] {dag.py:3954} INFO - Setting next_dagrun for example_external_task_marker_child to None, run_after=None
[2026-05-06T23:39:35.171+0000] {logging_mixin.py:188} INFO - [2026-05-06T23:39:35.170+0000] {dag.py:3954} INFO - Setting next_dagrun for example_external_task_marker_parent to None, run_after=None
[2026-05-06T23:39:35.187+0000] {processor.py:183} INFO - Processing /usr/local/python/3.12.1/lib/python3.12/site-packages/airflow/example_dags/example_external_task_marker_dag.py took 0.057 seconds
[2026-05-06T23:40:35.062+0000] {processor.py:161} INFO - Started process (PID=24900) to work on /usr/local/python/3.12.1/lib/python3.12/site-packages/airflow/example_dags/example_external_task_marker_dag.py
[2026-05-06T23:40:35.063+0000] {processor.py:830} INFO - Processing file /usr/local/python/3.12.1/lib/python3.12/site-packages/airflow/example_dags/example_external_task_marker_dag.py for tasks to queue
[2026-05-06T23:40:35.064+0000] {logging_mixin.py:188} INFO - [2026-05-06T23:40:35.064+0000] {dagbag.py:545} INFO - Filling up the DagBag from /usr/local/python/3.12.1/lib/python3.12/site-packages/airflow/example_dags/example_external_task_marker_dag.py
[2026-05-06T23:40:35.069+0000] {processor.py:840} INFO - DAG(s) 'example_external_task_marker_child', 'example_external_task_marker_parent' retrieved from /usr/local/python/3.12.1/lib/python3.12/site-packages/airflow/example_dags/example_external_task_marker_dag.py
[2026-05-06T23:40:35.186+0000] {logging_mixin.py:188} INFO - [2026-05-06T23:40:35.186+0000] {dag.py:3096} INFO - Sync 2 DAGs
[2026-05-06T23:40:35.194+0000] {logging_mixin.py:188} INFO - [2026-05-06T23:40:35.194+0000] {dag.py:3954} INFO - Setting next_dagrun for example_external_task_marker_child to None, run_after=None
[2026-05-06T23:40:35.197+0000] {logging_mixin.py:188} INFO - [2026-05-06T23:40:35.197+0000] {dag.py:3954} INFO - Setting next_dagrun for example_external_task_marker_parent to None, run_after=None
[2026-05-06T23:40:35.211+0000] {processor.py:183} INFO - Processing /usr/local/python/3.12.1/lib/python3.12/site-packages/airflow/example_dags/example_external_task_marker_dag.py took 0.154 seconds
[2026-05-06T23:41:32.418+0000] {processor.py:161} INFO - Started process (PID=25352) to work on /usr/local/python/3.12.1/lib/python3.12/site-packages/airflow/example_dags/example_external_task_marker_dag.py
[2026-05-06T23:41:32.419+0000] {processor.py:830} INFO - Processing file /usr/local/python/3.12.1/lib/python3.12/site-packages/airflow/example_dags/example_external_task_marker_dag.py for tasks to queue
[2026-05-06T23:41:32.420+0000] {logging_mixin.py:188} INFO - [2026-05-06T23:41:32.420+0000] {dagbag.py:545} INFO - Filling up the DagBag from /usr/local/python/3.12.1/lib/python3.12/site-packages/airflow/example_dags/example_external_task_marker_dag.py
[2026-05-06T23:41:32.425+0000] {processor.py:840} INFO - DAG(s) 'example_external_task_marker_parent', 'example_external_task_marker_child' retrieved from /usr/local/python/3.12.1/lib/python3.12/site-packages/airflow/example_dags/example_external_task_marker_dag.py
[2026-05-06T23:41:32.441+0000] {logging_mixin.py:188} INFO - [2026-05-06T23:41:32.441+0000] {dag.py:3096} INFO - Sync 2 DAGs
[2026-05-06T23:41:32.555+0000] {logging_mixin.py:188} INFO - [2026-05-06T23:41:32.554+0000] {dag.py:3954} INFO - Setting next_dagrun for example_external_task_marker_child to None, run_after=None
[2026-05-06T23:41:32.560+0000] {logging_mixin.py:188} INFO - [2026-05-06T23:41:32.560+0000] {dag.py:3954} INFO - Setting next_dagrun for example_external_task_marker_parent to None, run_after=None
[2026-05-06T23:41:32.584+0000] {processor.py:183} INFO - Processing /usr/local/python/3.12.1/lib/python3.12/site-packages/airflow/example_dags/example_external_task_marker_dag.py took 0.170 seconds
[2026-05-06T23:42:34.649+0000] {processor.py:161} INFO - Started process (PID=25832) to work on /usr/local/python/3.12.1/lib/python3.12/site-packages/airflow/example_dags/example_external_task_marker_dag.py
[2026-05-06T23:42:34.650+0000] {processor.py:830} INFO - Processing file /usr/local/python/3.12.1/lib/python3.12/site-packages/airflow/example_dags/example_external_task_marker_dag.py for tasks to queue
[2026-05-06T23:42:34.652+0000] {logging_mixin.py:188} INFO - [2026-05-06T23:42:34.651+0000] {dagbag.py:545} INFO - Filling up the DagBag from /usr/local/python/3.12.1/lib/python3.12/site-packages/airflow/example_dags/example_external_task_marker_dag.py
[2026-05-06T23:42:34.657+0000] {processor.py:840} INFO - DAG(s) 'example_external_task_marker_child', 'example_external_task_marker_parent' retrieved from /usr/local/python/3.12.1/lib/python3.12/site-packages/airflow/example_dags/example_external_task_marker_dag.py
[2026-05-06T23:42:34.674+0000] {logging_mixin.py:188} INFO - [2026-05-06T23:42:34.673+0000] {dag.py:3096} INFO - Sync 2 DAGs
[2026-05-06T23:42:34.684+0000] {logging_mixin.py:188} INFO - [2026-05-06T23:42:34.684+0000] {dag.py:3954} INFO - Setting next_dagrun for example_external_task_marker_child to None, run_after=None
[2026-05-06T23:42:34.687+0000] {logging_mixin.py:188} INFO - [2026-05-06T23:42:34.687+0000] {dag.py:3954} INFO - Setting next_dagrun for example_external_task_marker_parent to None, run_after=None
[2026-05-06T23:42:34.702+0000] {processor.py:183} INFO - Processing /usr/local/python/3.12.1/lib/python3.12/site-packages/airflow/example_dags/example_external_task_marker_dag.py took 0.058 seconds
[2026-05-06T23:43:36.508+0000] {processor.py:161} INFO - Started process (PID=26310) to work on /usr/local/python/3.12.1/lib/python3.12/site-packages/airflow/example_dags/example_external_task_marker_dag.py
[2026-05-06T23:43:36.508+0000] {processor.py:830} INFO - Processing file /usr/local/python/3.12.1/lib/python3.12/site-packages/airflow/example_dags/example_external_task_marker_dag.py for tasks to queue
[2026-05-06T23:43:36.510+0000] {logging_mixin.py:188} INFO - [2026-05-06T23:43:36.510+0000] {dagbag.py:545} INFO - Filling up the DagBag from /usr/local/python/3.12.1/lib/python3.12/site-packages/airflow/example_dags/example_external_task_marker_dag.py
[2026-05-06T23:43:36.515+0000] {processor.py:840} INFO - DAG(s) 'example_external_task_marker_child', 'example_external_task_marker_parent' retrieved from /usr/local/python/3.12.1/lib/python3.12/site-packages/airflow/example_dags/example_external_task_marker_dag.py
[2026-05-06T23:43:36.531+0000] {logging_mixin.py:188} INFO - [2026-05-06T23:43:36.531+0000] {dag.py:3096} INFO - Sync 2 DAGs
[2026-05-06T23:43:36.540+0000] {logging_mixin.py:188} INFO - [2026-05-06T23:43:36.540+0000] {dag.py:3954} INFO - Setting next_dagrun for example_external_task_marker_child to None, run_after=None
[2026-05-06T23:43:36.543+0000] {logging_mixin.py:188} INFO - [2026-05-06T23:43:36.543+0000] {dag.py:3954} INFO - Setting next_dagrun for example_external_task_marker_parent to None, run_after=None
[2026-05-06T23:43:36.558+0000] {processor.py:183} INFO - Processing /usr/local/python/3.12.1/lib/python3.12/site-packages/airflow/example_dags/example_external_task_marker_dag.py took 0.055 seconds
[2026-05-06T23:44:33.749+0000] {processor.py:161} INFO - Started process (PID=26747) to work on /usr/local/python/3.12.1/lib/python3.12/site-packages/airflow/example_dags/example_external_task_marker_dag.py
[2026-05-06T23:44:33.749+0000] {processor.py:830} INFO - Processing file /usr/local/python/3.12.1/lib/python3.12/site-packages/airflow/example_dags/example_external_task_marker_dag.py for tasks to queue
[2026-05-06T23:44:33.751+0000] {logging_mixin.py:188} INFO - [2026-05-06T23:44:33.750+0000] {dagbag.py:545} INFO - Filling up the DagBag from /usr/local/python/3.12.1/lib/python3.12/site-packages/airflow/example_dags/example_external_task_marker_dag.py
[2026-05-06T23:44:33.756+0000] {processor.py:840} INFO - DAG(s) 'example_external_task_marker_parent', 'example_external_task_marker_child' retrieved from /usr/local/python/3.12.1/lib/python3.12/site-packages/airflow/example_dags/example_external_task_marker_dag.py
[2026-05-06T23:44:33.771+0000] {logging_mixin.py:188} INFO - [2026-05-06T23:44:33.770+0000] {dag.py:3096} INFO - Sync 2 DAGs
[2026-05-06T23:44:33.780+0000] {logging_mixin.py:188} INFO - [2026-05-06T23:44:33.780+0000] {dag.py:3954} INFO - Setting next_dagrun for example_external_task_marker_child to None, run_after=None
[2026-05-06T23:44:33.783+0000] {logging_mixin.py:188} INFO - [2026-05-06T23:44:33.782+0000] {dag.py:3954} INFO - Setting next_dagrun for example_external_task_marker_parent to None, run_after=None
[2026-05-06T23:44:33.797+0000] {processor.py:183} INFO - Processing /usr/local/python/3.12.1/lib/python3.12/site-packages/airflow/example_dags/example_external_task_marker_dag.py took 0.054 seconds
[2026-05-06T23:45:30.771+0000] {processor.py:161} INFO - Started process (PID=27196) to work on /usr/local/python/3.12.1/lib/python3.12/site-packages/airflow/example_dags/example_external_task_marker_dag.py
[2026-05-06T23:45:30.772+0000] {processor.py:830} INFO - Processing file /usr/local/python/3.12.1/lib/python3.12/site-packages/airflow/example_dags/example_external_task_marker_dag.py for tasks to queue
[2026-05-06T23:45:30.773+0000] {logging_mixin.py:188} INFO - [2026-05-06T23:45:30.773+0000] {dagbag.py:545} INFO - Filling up the DagBag from /usr/local/python/3.12.1/lib/python3.12/site-packages/airflow/example_dags/example_external_task_marker_dag.py
[2026-05-06T23:45:30.779+0000] {processor.py:840} INFO - DAG(s) 'example_external_task_marker_child', 'example_external_task_marker_parent' retrieved from /usr/local/python/3.12.1/lib/python3.12/site-packages/airflow/example_dags/example_external_task_marker_dag.py
[2026-05-06T23:45:30.795+0000] {logging_mixin.py:188} INFO - [2026-05-06T23:45:30.794+0000] {dag.py:3096} INFO - Sync 2 DAGs
[2026-05-06T23:45:30.804+0000] {logging_mixin.py:188} INFO - [2026-05-06T23:45:30.804+0000] {dag.py:3954} INFO - Setting next_dagrun for example_external_task_marker_child to None, run_after=None
[2026-05-06T23:45:30.807+0000] {logging_mixin.py:188} INFO - [2026-05-06T23:45:30.807+0000] {dag.py:3954} INFO - Setting next_dagrun for example_external_task_marker_parent to None, run_after=None
[2026-05-06T23:45:30.822+0000] {processor.py:183} INFO - Processing /usr/local/python/3.12.1/lib/python3.12/site-packages/airflow/example_dags/example_external_task_marker_dag.py took 0.056 seconds
[2026-05-06T23:46:31.421+0000] {processor.py:161} INFO - Started process (PID=27669) to work on /usr/local/python/3.12.1/lib/python3.12/site-packages/airflow/example_dags/example_external_task_marker_dag.py
[2026-05-06T23:46:31.422+0000] {processor.py:830} INFO - Processing file /usr/local/python/3.12.1/lib/python3.12/site-packages/airflow/example_dags/example_external_task_marker_dag.py for tasks to queue
[2026-05-06T23:46:31.423+0000] {logging_mixin.py:188} INFO - [2026-05-06T23:46:31.423+0000] {dagbag.py:545} INFO - Filling up the DagBag from /usr/local/python/3.12.1/lib/python3.12/site-packages/airflow/example_dags/example_external_task_marker_dag.py
[2026-05-06T23:46:31.429+0000] {processor.py:840} INFO - DAG(s) 'example_external_task_marker_child', 'example_external_task_marker_parent' retrieved from /usr/local/python/3.12.1/lib/python3.12/site-packages/airflow/example_dags/example_external_task_marker_dag.py
[2026-05-06T23:46:31.447+0000] {logging_mixin.py:188} INFO - [2026-05-06T23:46:31.447+0000] {dag.py:3096} INFO - Sync 2 DAGs
[2026-05-06T23:46:31.460+0000] {logging_mixin.py:188} INFO - [2026-05-06T23:46:31.460+0000] {dag.py:3954} INFO - Setting next_dagrun for example_external_task_marker_child to None, run_after=None
[2026-05-06T23:46:31.465+0000] {logging_mixin.py:188} INFO - [2026-05-06T23:46:31.465+0000] {dag.py:3954} INFO - Setting next_dagrun for example_external_task_marker_parent to None, run_after=None
[2026-05-06T23:46:31.483+0000] {processor.py:183} INFO - Processing /usr/local/python/3.12.1/lib/python3.12/site-packages/airflow/example_dags/example_external_task_marker_dag.py took 0.067 seconds
[2026-05-06T23:47:29.593+0000] {processor.py:161} INFO - Started process (PID=28130) to work on /usr/local/python/3.12.1/lib/python3.12/site-packages/airflow/example_dags/example_external_task_marker_dag.py
[2026-05-06T23:47:29.594+0000] {processor.py:830} INFO - Processing file /usr/local/python/3.12.1/lib/python3.12/site-packages/airflow/example_dags/example_external_task_marker_dag.py for tasks to queue
[2026-05-06T23:47:29.595+0000] {logging_mixin.py:188} INFO - [2026-05-06T23:47:29.595+0000] {dagbag.py:545} INFO - Filling up the DagBag from /usr/local/python/3.12.1/lib/python3.12/site-packages/airflow/example_dags/example_external_task_marker_dag.py
[2026-05-06T23:47:29.601+0000] {processor.py:840} INFO - DAG(s) 'example_external_task_marker_child', 'example_external_task_marker_parent' retrieved from /usr/local/python/3.12.1/lib/python3.12/site-packages/airflow/example_dags/example_external_task_marker_dag.py
[2026-05-06T23:47:29.618+0000] {logging_mixin.py:188} INFO - [2026-05-06T23:47:29.618+0000] {dag.py:3096} INFO - Sync 2 DAGs
[2026-05-06T23:47:29.627+0000] {logging_mixin.py:188} INFO - [2026-05-06T23:47:29.627+0000] {dag.py:3954} INFO - Setting next_dagrun for example_external_task_marker_child to None, run_after=None
[2026-05-06T23:47:29.630+0000] {logging_mixin.py:188} INFO - [2026-05-06T23:47:29.630+0000] {dag.py:3954} INFO - Setting next_dagrun for example_external_task_marker_parent to None, run_after=None
[2026-05-06T23:47:29.702+0000] {processor.py:183} INFO - Processing /usr/local/python/3.12.1/lib/python3.12/site-packages/airflow/example_dags/example_external_task_marker_dag.py took 0.114 seconds
[2026-05-06T23:48:30.379+0000] {processor.py:161} INFO - Started process (PID=28608) to work on /usr/local/python/3.12.1/lib/python3.12/site-packages/airflow/example_dags/example_external_task_marker_dag.py
[2026-05-06T23:48:30.380+0000] {processor.py:830} INFO - Processing file /usr/local/python/3.12.1/lib/python3.12/site-packages/airflow/example_dags/example_external_task_marker_dag.py for tasks to queue
[2026-05-06T23:48:30.381+0000] {logging_mixin.py:188} INFO - [2026-05-06T23:48:30.381+0000] {dagbag.py:545} INFO - Filling up the DagBag from /usr/local/python/3.12.1/lib/python3.12/site-packages/airflow/example_dags/example_external_task_marker_dag.py
[2026-05-06T23:48:30.387+0000] {processor.py:840} INFO - DAG(s) 'example_external_task_marker_child', 'example_external_task_marker_parent' retrieved from /usr/local/python/3.12.1/lib/python3.12/site-packages/airflow/example_dags/example_external_task_marker_dag.py
[2026-05-06T23:48:30.403+0000] {logging_mixin.py:188} INFO - [2026-05-06T23:48:30.403+0000] {dag.py:3096} INFO - Sync 2 DAGs
[2026-05-06T23:48:30.412+0000] {logging_mixin.py:188} INFO - [2026-05-06T23:48:30.412+0000] {dag.py:3954} INFO - Setting next_dagrun for example_external_task_marker_child to None, run_after=None
[2026-05-06T23:48:30.415+0000] {logging_mixin.py:188} INFO - [2026-05-06T23:48:30.415+0000] {dag.py:3954} INFO - Setting next_dagrun for example_external_task_marker_parent to None, run_after=None
[2026-05-06T23:48:30.431+0000] {processor.py:183} INFO - Processing /usr/local/python/3.12.1/lib/python3.12/site-packages/airflow/example_dags/example_external_task_marker_dag.py took 0.057 seconds
[2026-05-06T23:49:27.650+0000] {processor.py:161} INFO - Started process (PID=29049) to work on /usr/local/python/3.12.1/lib/python3.12/site-packages/airflow/example_dags/example_external_task_marker_dag.py
[2026-05-06T23:49:27.651+0000] {processor.py:830} INFO - Processing file /usr/local/python/3.12.1/lib/python3.12/site-packages/airflow/example_dags/example_external_task_marker_dag.py for tasks to queue
[2026-05-06T23:49:27.652+0000] {logging_mixin.py:188} INFO - [2026-05-06T23:49:27.652+0000] {dagbag.py:545} INFO - Filling up the DagBag from /usr/local/python/3.12.1/lib/python3.12/site-packages/airflow/example_dags/example_external_task_marker_dag.py
[2026-05-06T23:49:27.658+0000] {processor.py:840} INFO - DAG(s) 'example_external_task_marker_parent', 'example_external_task_marker_child' retrieved from /usr/local/python/3.12.1/lib/python3.12/site-packages/airflow/example_dags/example_external_task_marker_dag.py
[2026-05-06T23:49:27.673+0000] {logging_mixin.py:188} INFO - [2026-05-06T23:49:27.672+0000] {dag.py:3096} INFO - Sync 2 DAGs
[2026-05-06T23:49:27.682+0000] {logging_mixin.py:188} INFO - [2026-05-06T23:49:27.682+0000] {dag.py:3954} INFO - Setting next_dagrun for example_external_task_marker_child to None, run_after=None
[2026-05-06T23:49:27.685+0000] {logging_mixin.py:188} INFO - [2026-05-06T23:49:27.685+0000] {dag.py:3954} INFO - Setting next_dagrun for example_external_task_marker_parent to None, run_after=None
[2026-05-06T23:49:27.700+0000] {processor.py:183} INFO - Processing /usr/local/python/3.12.1/lib/python3.12/site-packages/airflow/example_dags/example_external_task_marker_dag.py took 0.055 seconds
[2026-05-06T23:50:23.559+0000] {processor.py:161} INFO - Started process (PID=29488) to work on /usr/local/python/3.12.1/lib/python3.12/site-packages/airflow/example_dags/example_external_task_marker_dag.py
[2026-05-06T23:50:23.560+0000] {processor.py:830} INFO - Processing file /usr/local/python/3.12.1/lib/python3.12/site-packages/airflow/example_dags/example_external_task_marker_dag.py for tasks to queue
[2026-05-06T23:50:23.561+0000] {logging_mixin.py:188} INFO - [2026-05-06T23:50:23.561+0000] {dagbag.py:545} INFO - Filling up the DagBag from /usr/local/python/3.12.1/lib/python3.12/site-packages/airflow/example_dags/example_external_task_marker_dag.py
[2026-05-06T23:50:23.567+0000] {processor.py:840} INFO - DAG(s) 'example_external_task_marker_parent', 'example_external_task_marker_child' retrieved from /usr/local/python/3.12.1/lib/python3.12/site-packages/airflow/example_dags/example_external_task_marker_dag.py
[2026-05-06T23:50:23.581+0000] {logging_mixin.py:188} INFO - [2026-05-06T23:50:23.581+0000] {dag.py:3096} INFO - Sync 2 DAGs
[2026-05-06T23:50:23.591+0000] {logging_mixin.py:188} INFO - [2026-05-06T23:50:23.590+0000] {dag.py:3954} INFO - Setting next_dagrun for example_external_task_marker_child to None, run_after=None
[2026-05-06T23:50:23.593+0000] {logging_mixin.py:188} INFO - [2026-05-06T23:50:23.593+0000] {dag.py:3954} INFO - Setting next_dagrun for example_external_task_marker_parent to None, run_after=None
[2026-05-06T23:50:23.608+0000] {processor.py:183} INFO - Processing /usr/local/python/3.12.1/lib/python3.12/site-packages/airflow/example_dags/example_external_task_marker_dag.py took 0.054 seconds
[2026-05-06T23:51:22.873+0000] {processor.py:161} INFO - Started process (PID=29952) to work on /usr/local/python/3.12.1/lib/python3.12/site-packages/airflow/example_dags/example_external_task_marker_dag.py
[2026-05-06T23:51:22.874+0000] {processor.py:830} INFO - Processing file /usr/local/python/3.12.1/lib/python3.12/site-packages/airflow/example_dags/example_external_task_marker_dag.py for tasks to queue
[2026-05-06T23:51:22.876+0000] {logging_mixin.py:188} INFO - [2026-05-06T23:51:22.876+0000] {dagbag.py:545} INFO - Filling up the DagBag from /usr/local/python/3.12.1/lib/python3.12/site-packages/airflow/example_dags/example_external_task_marker_dag.py
[2026-05-06T23:51:22.883+0000] {processor.py:840} INFO - DAG(s) 'example_external_task_marker_parent', 'example_external_task_marker_child' retrieved from /usr/local/python/3.12.1/lib/python3.12/site-packages/airflow/example_dags/example_external_task_marker_dag.py
[2026-05-06T23:51:22.902+0000] {logging_mixin.py:188} INFO - [2026-05-06T23:51:22.901+0000] {dag.py:3096} INFO - Sync 2 DAGs
[2026-05-06T23:51:22.911+0000] {logging_mixin.py:188} INFO - [2026-05-06T23:51:22.911+0000] {dag.py:3954} INFO - Setting next_dagrun for example_external_task_marker_child to None, run_after=None
[2026-05-06T23:51:22.914+0000] {logging_mixin.py:188} INFO - [2026-05-06T23:51:22.914+0000] {dag.py:3954} INFO - Setting next_dagrun for example_external_task_marker_parent to None, run_after=None
[2026-05-06T23:51:22.929+0000] {processor.py:183} INFO - Processing /usr/local/python/3.12.1/lib/python3.12/site-packages/airflow/example_dags/example_external_task_marker_dag.py took 0.061 seconds
[2026-05-06T23:52:18.269+0000] {processor.py:161} INFO - Started process (PID=30374) to work on /usr/local/python/3.12.1/lib/python3.12/site-packages/airflow/example_dags/example_external_task_marker_dag.py
[2026-05-06T23:52:18.270+0000] {processor.py:830} INFO - Processing file /usr/local/python/3.12.1/lib/python3.12/site-packages/airflow/example_dags/example_external_task_marker_dag.py for tasks to queue
[2026-05-06T23:52:18.271+0000] {logging_mixin.py:188} INFO - [2026-05-06T23:52:18.271+0000] {dagbag.py:545} INFO - Filling up the DagBag from /usr/local/python/3.12.1/lib/python3.12/site-packages/airflow/example_dags/example_external_task_marker_dag.py
[2026-05-06T23:52:18.277+0000] {processor.py:840} INFO - DAG(s) 'example_external_task_marker_parent', 'example_external_task_marker_child' retrieved from /usr/local/python/3.12.1/lib/python3.12/site-packages/airflow/example_dags/example_external_task_marker_dag.py
[2026-05-06T23:52:18.292+0000] {logging_mixin.py:188} INFO - [2026-05-06T23:52:18.292+0000] {dag.py:3096} INFO - Sync 2 DAGs
[2026-05-06T23:52:18.302+0000] {logging_mixin.py:188} INFO - [2026-05-06T23:52:18.302+0000] {dag.py:3954} INFO - Setting next_dagrun for example_external_task_marker_child to None, run_after=None
[2026-05-06T23:52:18.305+0000] {logging_mixin.py:188} INFO - [2026-05-06T23:52:18.305+0000] {dag.py:3954} INFO - Setting next_dagrun for example_external_task_marker_parent to None, run_after=None
[2026-05-06T23:52:18.321+0000] {processor.py:183} INFO - Processing /usr/local/python/3.12.1/lib/python3.12/site-packages/airflow/example_dags/example_external_task_marker_dag.py took 0.057 seconds
[2026-05-06T23:53:17.362+0000] {processor.py:161} INFO - Started process (PID=30841) to work on /usr/local/python/3.12.1/lib/python3.12/site-packages/airflow/example_dags/example_external_task_marker_dag.py
[2026-05-06T23:53:17.363+0000] {processor.py:830} INFO - Processing file /usr/local/python/3.12.1/lib/python3.12/site-packages/airflow/example_dags/example_external_task_marker_dag.py for tasks to queue
[2026-05-06T23:53:17.364+0000] {logging_mixin.py:188} INFO - [2026-05-06T23:53:17.364+0000] {dagbag.py:545} INFO - Filling up the DagBag from /usr/local/python/3.12.1/lib/python3.12/site-packages/airflow/example_dags/example_external_task_marker_dag.py
[2026-05-06T23:53:17.370+0000] {processor.py:840} INFO - DAG(s) 'example_external_task_marker_child', 'example_external_task_marker_parent' retrieved from /usr/local/python/3.12.1/lib/python3.12/site-packages/airflow/example_dags/example_external_task_marker_dag.py
[2026-05-06T23:53:17.385+0000] {logging_mixin.py:188} INFO - [2026-05-06T23:53:17.385+0000] {dag.py:3096} INFO - Sync 2 DAGs
[2026-05-06T23:53:17.394+0000] {logging_mixin.py:188} INFO - [2026-05-06T23:53:17.394+0000] {dag.py:3954} INFO - Setting next_dagrun for example_external_task_marker_child to None, run_after=None
[2026-05-06T23:53:17.397+0000] {logging_mixin.py:188} INFO - [2026-05-06T23:53:17.397+0000] {dag.py:3954} INFO - Setting next_dagrun for example_external_task_marker_parent to None, run_after=None
[2026-05-06T23:53:17.413+0000] {processor.py:183} INFO - Processing /usr/local/python/3.12.1/lib/python3.12/site-packages/airflow/example_dags/example_external_task_marker_dag.py took 0.056 seconds
[2026-05-06T23:54:15.894+0000] {processor.py:161} INFO - Started process (PID=31300) to work on /usr/local/python/3.12.1/lib/python3.12/site-packages/airflow/example_dags/example_external_task_marker_dag.py
[2026-05-06T23:54:15.895+0000] {processor.py:830} INFO - Processing file /usr/local/python/3.12.1/lib/python3.12/site-packages/airflow/example_dags/example_external_task_marker_dag.py for tasks to queue
[2026-05-06T23:54:15.896+0000] {logging_mixin.py:188} INFO - [2026-05-06T23:54:15.896+0000] {dagbag.py:545} INFO - Filling up the DagBag from /usr/local/python/3.12.1/lib/python3.12/site-packages/airflow/example_dags/example_external_task_marker_dag.py
[2026-05-06T23:54:15.902+0000] {processor.py:840} INFO - DAG(s) 'example_external_task_marker_parent', 'example_external_task_marker_child' retrieved from /usr/local/python/3.12.1/lib/python3.12/site-packages/airflow/example_dags/example_external_task_marker_dag.py
[2026-05-06T23:54:15.919+0000] {logging_mixin.py:188} INFO - [2026-05-06T23:54:15.919+0000] {dag.py:3096} INFO - Sync 2 DAGs
[2026-05-06T23:54:15.928+0000] {logging_mixin.py:188} INFO - [2026-05-06T23:54:15.928+0000] {dag.py:3954} INFO - Setting next_dagrun for example_external_task_marker_child to None, run_after=None
[2026-05-06T23:54:15.931+0000] {logging_mixin.py:188} INFO - [2026-05-06T23:54:15.931+0000] {dag.py:3954} INFO - Setting next_dagrun for example_external_task_marker_parent to None, run_after=None
[2026-05-06T23:54:15.949+0000] {processor.py:183} INFO - Processing /usr/local/python/3.12.1/lib/python3.12/site-packages/airflow/example_dags/example_external_task_marker_dag.py took 0.060 seconds
[2026-05-06T23:55:13.561+0000] {processor.py:161} INFO - Started process (PID=31800) to work on /usr/local/python/3.12.1/lib/python3.12/site-packages/airflow/example_dags/example_external_task_marker_dag.py
[2026-05-06T23:55:13.561+0000] {processor.py:830} INFO - Processing file /usr/local/python/3.12.1/lib/python3.12/site-packages/airflow/example_dags/example_external_task_marker_dag.py for tasks to queue
[2026-05-06T23:55:13.563+0000] {logging_mixin.py:188} INFO - [2026-05-06T23:55:13.563+0000] {dagbag.py:545} INFO - Filling up the DagBag from /usr/local/python/3.12.1/lib/python3.12/site-packages/airflow/example_dags/example_external_task_marker_dag.py
[2026-05-06T23:55:13.568+0000] {processor.py:840} INFO - DAG(s) 'example_external_task_marker_parent', 'example_external_task_marker_child' retrieved from /usr/local/python/3.12.1/lib/python3.12/site-packages/airflow/example_dags/example_external_task_marker_dag.py
[2026-05-06T23:55:13.584+0000] {logging_mixin.py:188} INFO - [2026-05-06T23:55:13.584+0000] {dag.py:3096} INFO - Sync 2 DAGs
[2026-05-06T23:55:13.594+0000] {logging_mixin.py:188} INFO - [2026-05-06T23:55:13.594+0000] {dag.py:3954} INFO - Setting next_dagrun for example_external_task_marker_child to None, run_after=None
[2026-05-06T23:55:13.597+0000] {logging_mixin.py:188} INFO - [2026-05-06T23:55:13.597+0000] {dag.py:3954} INFO - Setting next_dagrun for example_external_task_marker_parent to None, run_after=None
[2026-05-06T23:55:13.613+0000] {processor.py:183} INFO - Processing /usr/local/python/3.12.1/lib/python3.12/site-packages/airflow/example_dags/example_external_task_marker_dag.py took 0.059 seconds
[2026-05-06T23:56:15.278+0000] {processor.py:161} INFO - Started process (PID=32291) to work on /usr/local/python/3.12.1/lib/python3.12/site-packages/airflow/example_dags/example_external_task_marker_dag.py
[2026-05-06T23:56:15.279+0000] {processor.py:830} INFO - Processing file /usr/local/python/3.12.1/lib/python3.12/site-packages/airflow/example_dags/example_external_task_marker_dag.py for tasks to queue
[2026-05-06T23:56:15.280+0000] {logging_mixin.py:188} INFO - [2026-05-06T23:56:15.280+0000] {dagbag.py:545} INFO - Filling up the DagBag from /usr/local/python/3.12.1/lib/python3.12/site-packages/airflow/example_dags/example_external_task_marker_dag.py
[2026-05-06T23:56:15.286+0000] {processor.py:840} INFO - DAG(s) 'example_external_task_marker_parent', 'example_external_task_marker_child' retrieved from /usr/local/python/3.12.1/lib/python3.12/site-packages/airflow/example_dags/example_external_task_marker_dag.py
[2026-05-06T23:56:15.301+0000] {logging_mixin.py:188} INFO - [2026-05-06T23:56:15.301+0000] {dag.py:3096} INFO - Sync 2 DAGs
[2026-05-06T23:56:15.310+0000] {logging_mixin.py:188} INFO - [2026-05-06T23:56:15.310+0000] {dag.py:3954} INFO - Setting next_dagrun for example_external_task_marker_child to None, run_after=None
[2026-05-06T23:56:15.313+0000] {logging_mixin.py:188} INFO - [2026-05-06T23:56:15.313+0000] {dag.py:3954} INFO - Setting next_dagrun for example_external_task_marker_parent to None, run_after=None
[2026-05-06T23:56:15.328+0000] {processor.py:183} INFO - Processing /usr/local/python/3.12.1/lib/python3.12/site-packages/airflow/example_dags/example_external_task_marker_dag.py took 0.055 seconds
[2026-05-06T23:57:10.389+0000] {processor.py:161} INFO - Started process (PID=32637) to work on /usr/local/python/3.12.1/lib/python3.12/site-packages/airflow/example_dags/example_external_task_marker_dag.py
[2026-05-06T23:57:10.390+0000] {processor.py:830} INFO - Processing file /usr/local/python/3.12.1/lib/python3.12/site-packages/airflow/example_dags/example_external_task_marker_dag.py for tasks to queue
[2026-05-06T23:57:10.392+0000] {logging_mixin.py:188} INFO - [2026-05-06T23:57:10.391+0000] {dagbag.py:545} INFO - Filling up the DagBag from /usr/local/python/3.12.1/lib/python3.12/site-packages/airflow/example_dags/example_external_task_marker_dag.py
[2026-05-06T23:57:10.397+0000] {processor.py:840} INFO - DAG(s) 'example_external_task_marker_child', 'example_external_task_marker_parent' retrieved from /usr/local/python/3.12.1/lib/python3.12/site-packages/airflow/example_dags/example_external_task_marker_dag.py
[2026-05-06T23:57:10.413+0000] {logging_mixin.py:188} INFO - [2026-05-06T23:57:10.413+0000] {dag.py:3096} INFO - Sync 2 DAGs
[2026-05-06T23:57:10.423+0000] {logging_mixin.py:188} INFO - [2026-05-06T23:57:10.422+0000] {dag.py:3954} INFO - Setting next_dagrun for example_external_task_marker_child to None, run_after=None
[2026-05-06T23:57:10.425+0000] {logging_mixin.py:188} INFO - [2026-05-06T23:57:10.425+0000] {dag.py:3954} INFO - Setting next_dagrun for example_external_task_marker_parent to None, run_after=None
[2026-05-06T23:57:10.441+0000] {processor.py:183} INFO - Processing /usr/local/python/3.12.1/lib/python3.12/site-packages/airflow/example_dags/example_external_task_marker_dag.py took 0.057 seconds
[2026-05-06T23:58:05.394+0000] {processor.py:161} INFO - Started process (PID=32899) to work on /usr/local/python/3.12.1/lib/python3.12/site-packages/airflow/example_dags/example_external_task_marker_dag.py
[2026-05-06T23:58:05.395+0000] {processor.py:830} INFO - Processing file /usr/local/python/3.12.1/lib/python3.12/site-packages/airflow/example_dags/example_external_task_marker_dag.py for tasks to queue
[2026-05-06T23:58:05.397+0000] {logging_mixin.py:188} INFO - [2026-05-06T23:58:05.396+0000] {dagbag.py:545} INFO - Filling up the DagBag from /usr/local/python/3.12.1/lib/python3.12/site-packages/airflow/example_dags/example_external_task_marker_dag.py
[2026-05-06T23:58:05.402+0000] {processor.py:840} INFO - DAG(s) 'example_external_task_marker_parent', 'example_external_task_marker_child' retrieved from /usr/local/python/3.12.1/lib/python3.12/site-packages/airflow/example_dags/example_external_task_marker_dag.py
[2026-05-06T23:58:05.417+0000] {logging_mixin.py:188} INFO - [2026-05-06T23:58:05.417+0000] {dag.py:3096} INFO - Sync 2 DAGs
[2026-05-06T23:58:05.427+0000] {logging_mixin.py:188} INFO - [2026-05-06T23:58:05.427+0000] {dag.py:3954} INFO - Setting next_dagrun for example_external_task_marker_child to None, run_after=None
[2026-05-06T23:58:05.430+0000] {logging_mixin.py:188} INFO - [2026-05-06T23:58:05.430+0000] {dag.py:3954} INFO - Setting next_dagrun for example_external_task_marker_parent to None, run_after=None
[2026-05-06T23:58:05.448+0000] {processor.py:183} INFO - Processing /usr/local/python/3.12.1/lib/python3.12/site-packages/airflow/example_dags/example_external_task_marker_dag.py took 0.059 seconds
[2026-05-06T23:59:06.290+0000] {processor.py:161} INFO - Started process (PID=33202) to work on /usr/local/python/3.12.1/lib/python3.12/site-packages/airflow/example_dags/example_external_task_marker_dag.py
[2026-05-06T23:59:06.291+0000] {processor.py:830} INFO - Processing file /usr/local/python/3.12.1/lib/python3.12/site-packages/airflow/example_dags/example_external_task_marker_dag.py for tasks to queue
[2026-05-06T23:59:06.293+0000] {logging_mixin.py:188} INFO - [2026-05-06T23:59:06.292+0000] {dagbag.py:545} INFO - Filling up the DagBag from /usr/local/python/3.12.1/lib/python3.12/site-packages/airflow/example_dags/example_external_task_marker_dag.py
[2026-05-06T23:59:06.301+0000] {processor.py:840} INFO - DAG(s) 'example_external_task_marker_child', 'example_external_task_marker_parent' retrieved from /usr/local/python/3.12.1/lib/python3.12/site-packages/airflow/example_dags/example_external_task_marker_dag.py
[2026-05-06T23:59:06.320+0000] {logging_mixin.py:188} INFO - [2026-05-06T23:59:06.320+0000] {dag.py:3096} INFO - Sync 2 DAGs
[2026-05-06T23:59:06.330+0000] {logging_mixin.py:188} INFO - [2026-05-06T23:59:06.329+0000] {dag.py:3954} INFO - Setting next_dagrun for example_external_task_marker_child to None, run_after=None
[2026-05-06T23:59:06.333+0000] {logging_mixin.py:188} INFO - [2026-05-06T23:59:06.332+0000] {dag.py:3954} INFO - Setting next_dagrun for example_external_task_marker_parent to None, run_after=None
[2026-05-06T23:59:06.348+0000] {processor.py:183} INFO - Processing /usr/local/python/3.12.1/lib/python3.12/site-packages/airflow/example_dags/example_external_task_marker_dag.py took 0.068 seconds
