[2026-05-06T23:19:25.943+0000] {processor.py:161} INFO - Started process (PID=13506) to work on /usr/local/python/3.12.1/lib/python3.12/site-packages/airflow/example_dags/example_branch_day_of_week_operator.py
[2026-05-06T23:19:25.944+0000] {processor.py:830} INFO - Processing file /usr/local/python/3.12.1/lib/python3.12/site-packages/airflow/example_dags/example_branch_day_of_week_operator.py for tasks to queue
[2026-05-06T23:19:25.945+0000] {logging_mixin.py:188} INFO - [2026-05-06T23:19:25.945+0000] {dagbag.py:545} INFO - Filling up the DagBag from /usr/local/python/3.12.1/lib/python3.12/site-packages/airflow/example_dags/example_branch_day_of_week_operator.py
[2026-05-06T23:19:25.951+0000] {processor.py:840} INFO - DAG(s) 'example_weekday_branch_operator' retrieved from /usr/local/python/3.12.1/lib/python3.12/site-packages/airflow/example_dags/example_branch_day_of_week_operator.py
[2026-05-06T23:19:26.028+0000] {logging_mixin.py:188} INFO - [2026-05-06T23:19:26.028+0000] {override.py:1829} INFO - Created Permission View: can delete on DAG:example_weekday_branch_operator
[2026-05-06T23:19:26.036+0000] {logging_mixin.py:188} INFO - [2026-05-06T23:19:26.035+0000] {override.py:1829} INFO - Created Permission View: can edit on DAG:example_weekday_branch_operator
[2026-05-06T23:19:26.042+0000] {logging_mixin.py:188} INFO - [2026-05-06T23:19:26.041+0000] {override.py:1829} INFO - Created Permission View: can read on DAG:example_weekday_branch_operator
[2026-05-06T23:19:26.042+0000] {logging_mixin.py:188} INFO - [2026-05-06T23:19:26.042+0000] {dag.py:3096} INFO - Sync 1 DAGs
[2026-05-06T23:19:26.050+0000] {logging_mixin.py:188} INFO - [2026-05-06T23:19:26.050+0000] {dag.py:3118} INFO - Creating ORM DAG for example_weekday_branch_operator
[2026-05-06T23:19:26.057+0000] {logging_mixin.py:188} INFO - [2026-05-06T23:19:26.057+0000] {dag.py:3954} INFO - Setting next_dagrun for example_weekday_branch_operator to 2026-05-05 00:00:00+00:00, run_after=2026-05-06 00:00:00+00:00
[2026-05-06T23:19:26.072+0000] {processor.py:183} INFO - Processing /usr/local/python/3.12.1/lib/python3.12/site-packages/airflow/example_dags/example_branch_day_of_week_operator.py took 0.133 seconds
[2026-05-06T23:20:26.370+0000] {processor.py:161} INFO - Started process (PID=14081) to work on /usr/local/python/3.12.1/lib/python3.12/site-packages/airflow/example_dags/example_branch_day_of_week_operator.py
[2026-05-06T23:20:26.371+0000] {processor.py:830} INFO - Processing file /usr/local/python/3.12.1/lib/python3.12/site-packages/airflow/example_dags/example_branch_day_of_week_operator.py for tasks to queue
[2026-05-06T23:20:26.373+0000] {logging_mixin.py:188} INFO - [2026-05-06T23:20:26.372+0000] {dagbag.py:545} INFO - Filling up the DagBag from /usr/local/python/3.12.1/lib/python3.12/site-packages/airflow/example_dags/example_branch_day_of_week_operator.py
[2026-05-06T23:20:26.379+0000] {processor.py:840} INFO - DAG(s) 'example_weekday_branch_operator' retrieved from /usr/local/python/3.12.1/lib/python3.12/site-packages/airflow/example_dags/example_branch_day_of_week_operator.py
[2026-05-06T23:20:26.394+0000] {logging_mixin.py:188} INFO - [2026-05-06T23:20:26.394+0000] {dag.py:3096} INFO - Sync 1 DAGs
[2026-05-06T23:20:26.410+0000] {logging_mixin.py:188} INFO - [2026-05-06T23:20:26.410+0000] {dag.py:3954} INFO - Setting next_dagrun for example_weekday_branch_operator to 2026-05-05 00:00:00+00:00, run_after=2026-05-06 00:00:00+00:00
[2026-05-06T23:20:26.427+0000] {processor.py:183} INFO - Processing /usr/local/python/3.12.1/lib/python3.12/site-packages/airflow/example_dags/example_branch_day_of_week_operator.py took 0.061 seconds
[2026-05-06T23:21:28.054+0000] {processor.py:161} INFO - Started process (PID=14659) to work on /usr/local/python/3.12.1/lib/python3.12/site-packages/airflow/example_dags/example_branch_day_of_week_operator.py
[2026-05-06T23:21:28.055+0000] {processor.py:830} INFO - Processing file /usr/local/python/3.12.1/lib/python3.12/site-packages/airflow/example_dags/example_branch_day_of_week_operator.py for tasks to queue
[2026-05-06T23:21:28.056+0000] {logging_mixin.py:188} INFO - [2026-05-06T23:21:28.056+0000] {dagbag.py:545} INFO - Filling up the DagBag from /usr/local/python/3.12.1/lib/python3.12/site-packages/airflow/example_dags/example_branch_day_of_week_operator.py
[2026-05-06T23:21:28.062+0000] {processor.py:840} INFO - DAG(s) 'example_weekday_branch_operator' retrieved from /usr/local/python/3.12.1/lib/python3.12/site-packages/airflow/example_dags/example_branch_day_of_week_operator.py
[2026-05-06T23:21:28.076+0000] {logging_mixin.py:188} INFO - [2026-05-06T23:21:28.075+0000] {dag.py:3096} INFO - Sync 1 DAGs
[2026-05-06T23:21:28.091+0000] {logging_mixin.py:188} INFO - [2026-05-06T23:21:28.091+0000] {dag.py:3954} INFO - Setting next_dagrun for example_weekday_branch_operator to 2026-05-05 00:00:00+00:00, run_after=2026-05-06 00:00:00+00:00
[2026-05-06T23:21:28.107+0000] {processor.py:183} INFO - Processing /usr/local/python/3.12.1/lib/python3.12/site-packages/airflow/example_dags/example_branch_day_of_week_operator.py took 0.057 seconds
[2026-05-06T23:22:29.672+0000] {processor.py:161} INFO - Started process (PID=15133) to work on /usr/local/python/3.12.1/lib/python3.12/site-packages/airflow/example_dags/example_branch_day_of_week_operator.py
[2026-05-06T23:22:29.673+0000] {processor.py:830} INFO - Processing file /usr/local/python/3.12.1/lib/python3.12/site-packages/airflow/example_dags/example_branch_day_of_week_operator.py for tasks to queue
[2026-05-06T23:22:29.674+0000] {logging_mixin.py:188} INFO - [2026-05-06T23:22:29.674+0000] {dagbag.py:545} INFO - Filling up the DagBag from /usr/local/python/3.12.1/lib/python3.12/site-packages/airflow/example_dags/example_branch_day_of_week_operator.py
[2026-05-06T23:22:29.680+0000] {processor.py:840} INFO - DAG(s) 'example_weekday_branch_operator' retrieved from /usr/local/python/3.12.1/lib/python3.12/site-packages/airflow/example_dags/example_branch_day_of_week_operator.py
[2026-05-06T23:22:29.694+0000] {logging_mixin.py:188} INFO - [2026-05-06T23:22:29.694+0000] {dag.py:3096} INFO - Sync 1 DAGs
[2026-05-06T23:22:29.708+0000] {logging_mixin.py:188} INFO - [2026-05-06T23:22:29.708+0000] {dag.py:3954} INFO - Setting next_dagrun for example_weekday_branch_operator to 2026-05-05 00:00:00+00:00, run_after=2026-05-06 00:00:00+00:00
[2026-05-06T23:22:29.725+0000] {processor.py:183} INFO - Processing /usr/local/python/3.12.1/lib/python3.12/site-packages/airflow/example_dags/example_branch_day_of_week_operator.py took 0.057 seconds
[2026-05-06T23:23:26.193+0000] {processor.py:161} INFO - Started process (PID=15688) to work on /usr/local/python/3.12.1/lib/python3.12/site-packages/airflow/example_dags/example_branch_day_of_week_operator.py
[2026-05-06T23:23:26.194+0000] {processor.py:830} INFO - Processing file /usr/local/python/3.12.1/lib/python3.12/site-packages/airflow/example_dags/example_branch_day_of_week_operator.py for tasks to queue
[2026-05-06T23:23:26.195+0000] {logging_mixin.py:188} INFO - [2026-05-06T23:23:26.195+0000] {dagbag.py:545} INFO - Filling up the DagBag from /usr/local/python/3.12.1/lib/python3.12/site-packages/airflow/example_dags/example_branch_day_of_week_operator.py
[2026-05-06T23:23:26.201+0000] {processor.py:840} INFO - DAG(s) 'example_weekday_branch_operator' retrieved from /usr/local/python/3.12.1/lib/python3.12/site-packages/airflow/example_dags/example_branch_day_of_week_operator.py
[2026-05-06T23:23:26.214+0000] {logging_mixin.py:188} INFO - [2026-05-06T23:23:26.214+0000] {dag.py:3096} INFO - Sync 1 DAGs
[2026-05-06T23:23:26.230+0000] {logging_mixin.py:188} INFO - [2026-05-06T23:23:26.230+0000] {dag.py:3954} INFO - Setting next_dagrun for example_weekday_branch_operator to 2026-05-05 00:00:00+00:00, run_after=2026-05-06 00:00:00+00:00
[2026-05-06T23:23:26.270+0000] {processor.py:183} INFO - Processing /usr/local/python/3.12.1/lib/python3.12/site-packages/airflow/example_dags/example_branch_day_of_week_operator.py took 0.082 seconds
[2026-05-06T23:24:22.877+0000] {processor.py:161} INFO - Started process (PID=16518) to work on /usr/local/python/3.12.1/lib/python3.12/site-packages/airflow/example_dags/example_branch_day_of_week_operator.py
[2026-05-06T23:24:22.878+0000] {processor.py:830} INFO - Processing file /usr/local/python/3.12.1/lib/python3.12/site-packages/airflow/example_dags/example_branch_day_of_week_operator.py for tasks to queue
[2026-05-06T23:24:22.879+0000] {logging_mixin.py:188} INFO - [2026-05-06T23:24:22.879+0000] {dagbag.py:545} INFO - Filling up the DagBag from /usr/local/python/3.12.1/lib/python3.12/site-packages/airflow/example_dags/example_branch_day_of_week_operator.py
[2026-05-06T23:24:22.886+0000] {processor.py:840} INFO - DAG(s) 'example_weekday_branch_operator' retrieved from /usr/local/python/3.12.1/lib/python3.12/site-packages/airflow/example_dags/example_branch_day_of_week_operator.py
[2026-05-06T23:24:22.900+0000] {logging_mixin.py:188} INFO - [2026-05-06T23:24:22.899+0000] {dag.py:3096} INFO - Sync 1 DAGs
[2026-05-06T23:24:22.934+0000] {logging_mixin.py:188} INFO - [2026-05-06T23:24:22.933+0000] {dag.py:3954} INFO - Setting next_dagrun for example_weekday_branch_operator to 2026-05-05 00:00:00+00:00, run_after=2026-05-06 00:00:00+00:00
[2026-05-06T23:24:22.959+0000] {processor.py:183} INFO - Processing /usr/local/python/3.12.1/lib/python3.12/site-packages/airflow/example_dags/example_branch_day_of_week_operator.py took 0.087 seconds
[2026-05-06T23:25:18.733+0000] {processor.py:161} INFO - Started process (PID=17151) to work on /usr/local/python/3.12.1/lib/python3.12/site-packages/airflow/example_dags/example_branch_day_of_week_operator.py
[2026-05-06T23:25:18.737+0000] {processor.py:830} INFO - Processing file /usr/local/python/3.12.1/lib/python3.12/site-packages/airflow/example_dags/example_branch_day_of_week_operator.py for tasks to queue
[2026-05-06T23:25:18.739+0000] {logging_mixin.py:188} INFO - [2026-05-06T23:25:18.739+0000] {dagbag.py:545} INFO - Filling up the DagBag from /usr/local/python/3.12.1/lib/python3.12/site-packages/airflow/example_dags/example_branch_day_of_week_operator.py
[2026-05-06T23:25:18.748+0000] {processor.py:840} INFO - DAG(s) 'example_weekday_branch_operator' retrieved from /usr/local/python/3.12.1/lib/python3.12/site-packages/airflow/example_dags/example_branch_day_of_week_operator.py
[2026-05-06T23:25:18.761+0000] {logging_mixin.py:188} INFO - [2026-05-06T23:25:18.761+0000] {dag.py:3096} INFO - Sync 1 DAGs
[2026-05-06T23:25:18.776+0000] {logging_mixin.py:188} INFO - [2026-05-06T23:25:18.776+0000] {dag.py:3954} INFO - Setting next_dagrun for example_weekday_branch_operator to 2026-05-05 00:00:00+00:00, run_after=2026-05-06 00:00:00+00:00
[2026-05-06T23:25:18.791+0000] {processor.py:183} INFO - Processing /usr/local/python/3.12.1/lib/python3.12/site-packages/airflow/example_dags/example_branch_day_of_week_operator.py took 0.068 seconds
[2026-05-06T23:26:23.129+0000] {processor.py:161} INFO - Started process (PID=17676) to work on /usr/local/python/3.12.1/lib/python3.12/site-packages/airflow/example_dags/example_branch_day_of_week_operator.py
[2026-05-06T23:26:23.130+0000] {processor.py:830} INFO - Processing file /usr/local/python/3.12.1/lib/python3.12/site-packages/airflow/example_dags/example_branch_day_of_week_operator.py for tasks to queue
[2026-05-06T23:26:23.132+0000] {logging_mixin.py:188} INFO - [2026-05-06T23:26:23.131+0000] {dagbag.py:545} INFO - Filling up the DagBag from /usr/local/python/3.12.1/lib/python3.12/site-packages/airflow/example_dags/example_branch_day_of_week_operator.py
[2026-05-06T23:26:23.138+0000] {processor.py:840} INFO - DAG(s) 'example_weekday_branch_operator' retrieved from /usr/local/python/3.12.1/lib/python3.12/site-packages/airflow/example_dags/example_branch_day_of_week_operator.py
[2026-05-06T23:26:23.151+0000] {logging_mixin.py:188} INFO - [2026-05-06T23:26:23.151+0000] {dag.py:3096} INFO - Sync 1 DAGs
[2026-05-06T23:26:23.166+0000] {logging_mixin.py:188} INFO - [2026-05-06T23:26:23.166+0000] {dag.py:3954} INFO - Setting next_dagrun for example_weekday_branch_operator to 2026-05-05 00:00:00+00:00, run_after=2026-05-06 00:00:00+00:00
[2026-05-06T23:26:23.182+0000] {processor.py:183} INFO - Processing /usr/local/python/3.12.1/lib/python3.12/site-packages/airflow/example_dags/example_branch_day_of_week_operator.py took 0.057 seconds
[2026-05-06T23:27:17.367+0000] {processor.py:161} INFO - Started process (PID=18185) to work on /usr/local/python/3.12.1/lib/python3.12/site-packages/airflow/example_dags/example_branch_day_of_week_operator.py
[2026-05-06T23:27:17.368+0000] {processor.py:830} INFO - Processing file /usr/local/python/3.12.1/lib/python3.12/site-packages/airflow/example_dags/example_branch_day_of_week_operator.py for tasks to queue
[2026-05-06T23:27:17.370+0000] {logging_mixin.py:188} INFO - [2026-05-06T23:27:17.369+0000] {dagbag.py:545} INFO - Filling up the DagBag from /usr/local/python/3.12.1/lib/python3.12/site-packages/airflow/example_dags/example_branch_day_of_week_operator.py
[2026-05-06T23:27:17.376+0000] {processor.py:840} INFO - DAG(s) 'example_weekday_branch_operator' retrieved from /usr/local/python/3.12.1/lib/python3.12/site-packages/airflow/example_dags/example_branch_day_of_week_operator.py
[2026-05-06T23:27:17.391+0000] {logging_mixin.py:188} INFO - [2026-05-06T23:27:17.391+0000] {dag.py:3096} INFO - Sync 1 DAGs
[2026-05-06T23:27:17.406+0000] {logging_mixin.py:188} INFO - [2026-05-06T23:27:17.405+0000] {dag.py:3954} INFO - Setting next_dagrun for example_weekday_branch_operator to 2026-05-05 00:00:00+00:00, run_after=2026-05-06 00:00:00+00:00
[2026-05-06T23:27:17.421+0000] {processor.py:183} INFO - Processing /usr/local/python/3.12.1/lib/python3.12/site-packages/airflow/example_dags/example_branch_day_of_week_operator.py took 0.058 seconds
[2026-05-06T23:28:17.197+0000] {processor.py:161} INFO - Started process (PID=18767) to work on /usr/local/python/3.12.1/lib/python3.12/site-packages/airflow/example_dags/example_branch_day_of_week_operator.py
[2026-05-06T23:28:17.198+0000] {processor.py:830} INFO - Processing file /usr/local/python/3.12.1/lib/python3.12/site-packages/airflow/example_dags/example_branch_day_of_week_operator.py for tasks to queue
[2026-05-06T23:28:17.199+0000] {logging_mixin.py:188} INFO - [2026-05-06T23:28:17.199+0000] {dagbag.py:545} INFO - Filling up the DagBag from /usr/local/python/3.12.1/lib/python3.12/site-packages/airflow/example_dags/example_branch_day_of_week_operator.py
[2026-05-06T23:28:17.205+0000] {processor.py:840} INFO - DAG(s) 'example_weekday_branch_operator' retrieved from /usr/local/python/3.12.1/lib/python3.12/site-packages/airflow/example_dags/example_branch_day_of_week_operator.py
[2026-05-06T23:28:17.219+0000] {logging_mixin.py:188} INFO - [2026-05-06T23:28:17.219+0000] {dag.py:3096} INFO - Sync 1 DAGs
[2026-05-06T23:28:17.330+0000] {logging_mixin.py:188} INFO - [2026-05-06T23:28:17.330+0000] {dag.py:3954} INFO - Setting next_dagrun for example_weekday_branch_operator to 2026-05-05 00:00:00+00:00, run_after=2026-05-06 00:00:00+00:00
[2026-05-06T23:28:17.345+0000] {processor.py:183} INFO - Processing /usr/local/python/3.12.1/lib/python3.12/site-packages/airflow/example_dags/example_branch_day_of_week_operator.py took 0.153 seconds
[2026-05-06T23:32:07.520+0000] {processor.py:161} INFO - Started process (PID=20927) to work on /usr/local/python/3.12.1/lib/python3.12/site-packages/airflow/example_dags/example_branch_day_of_week_operator.py
[2026-05-06T23:32:07.521+0000] {processor.py:830} INFO - Processing file /usr/local/python/3.12.1/lib/python3.12/site-packages/airflow/example_dags/example_branch_day_of_week_operator.py for tasks to queue
[2026-05-06T23:32:07.522+0000] {logging_mixin.py:188} INFO - [2026-05-06T23:32:07.522+0000] {dagbag.py:545} INFO - Filling up the DagBag from /usr/local/python/3.12.1/lib/python3.12/site-packages/airflow/example_dags/example_branch_day_of_week_operator.py
[2026-05-06T23:32:07.528+0000] {processor.py:840} INFO - DAG(s) 'example_weekday_branch_operator' retrieved from /usr/local/python/3.12.1/lib/python3.12/site-packages/airflow/example_dags/example_branch_day_of_week_operator.py
[2026-05-06T23:32:07.542+0000] {logging_mixin.py:188} INFO - [2026-05-06T23:32:07.542+0000] {dag.py:3096} INFO - Sync 1 DAGs
[2026-05-06T23:32:07.558+0000] {logging_mixin.py:188} INFO - [2026-05-06T23:32:07.557+0000] {dag.py:3954} INFO - Setting next_dagrun for example_weekday_branch_operator to 2026-05-05 00:00:00+00:00, run_after=2026-05-06 00:00:00+00:00
[2026-05-06T23:32:07.575+0000] {processor.py:183} INFO - Processing /usr/local/python/3.12.1/lib/python3.12/site-packages/airflow/example_dags/example_branch_day_of_week_operator.py took 0.060 seconds
[2026-05-06T23:33:04.737+0000] {processor.py:161} INFO - Started process (PID=21360) to work on /usr/local/python/3.12.1/lib/python3.12/site-packages/airflow/example_dags/example_branch_day_of_week_operator.py
[2026-05-06T23:33:04.738+0000] {processor.py:830} INFO - Processing file /usr/local/python/3.12.1/lib/python3.12/site-packages/airflow/example_dags/example_branch_day_of_week_operator.py for tasks to queue
[2026-05-06T23:33:04.739+0000] {logging_mixin.py:188} INFO - [2026-05-06T23:33:04.739+0000] {dagbag.py:545} INFO - Filling up the DagBag from /usr/local/python/3.12.1/lib/python3.12/site-packages/airflow/example_dags/example_branch_day_of_week_operator.py
[2026-05-06T23:33:04.745+0000] {processor.py:840} INFO - DAG(s) 'example_weekday_branch_operator' retrieved from /usr/local/python/3.12.1/lib/python3.12/site-packages/airflow/example_dags/example_branch_day_of_week_operator.py
[2026-05-06T23:33:04.759+0000] {logging_mixin.py:188} INFO - [2026-05-06T23:33:04.759+0000] {dag.py:3096} INFO - Sync 1 DAGs
[2026-05-06T23:33:04.775+0000] {logging_mixin.py:188} INFO - [2026-05-06T23:33:04.775+0000] {dag.py:3954} INFO - Setting next_dagrun for example_weekday_branch_operator to 2026-05-05 00:00:00+00:00, run_after=2026-05-06 00:00:00+00:00
[2026-05-06T23:33:04.793+0000] {processor.py:183} INFO - Processing /usr/local/python/3.12.1/lib/python3.12/site-packages/airflow/example_dags/example_branch_day_of_week_operator.py took 0.061 seconds
[2026-05-06T23:34:01.390+0000] {processor.py:161} INFO - Started process (PID=21815) to work on /usr/local/python/3.12.1/lib/python3.12/site-packages/airflow/example_dags/example_branch_day_of_week_operator.py
[2026-05-06T23:34:01.391+0000] {processor.py:830} INFO - Processing file /usr/local/python/3.12.1/lib/python3.12/site-packages/airflow/example_dags/example_branch_day_of_week_operator.py for tasks to queue
[2026-05-06T23:34:01.392+0000] {logging_mixin.py:188} INFO - [2026-05-06T23:34:01.392+0000] {dagbag.py:545} INFO - Filling up the DagBag from /usr/local/python/3.12.1/lib/python3.12/site-packages/airflow/example_dags/example_branch_day_of_week_operator.py
[2026-05-06T23:34:01.399+0000] {processor.py:840} INFO - DAG(s) 'example_weekday_branch_operator' retrieved from /usr/local/python/3.12.1/lib/python3.12/site-packages/airflow/example_dags/example_branch_day_of_week_operator.py
[2026-05-06T23:34:01.413+0000] {logging_mixin.py:188} INFO - [2026-05-06T23:34:01.413+0000] {dag.py:3096} INFO - Sync 1 DAGs
[2026-05-06T23:34:01.429+0000] {logging_mixin.py:188} INFO - [2026-05-06T23:34:01.429+0000] {dag.py:3954} INFO - Setting next_dagrun for example_weekday_branch_operator to 2026-05-05 00:00:00+00:00, run_after=2026-05-06 00:00:00+00:00
[2026-05-06T23:34:01.446+0000] {processor.py:183} INFO - Processing /usr/local/python/3.12.1/lib/python3.12/site-packages/airflow/example_dags/example_branch_day_of_week_operator.py took 0.061 seconds
[2026-05-06T23:35:01.239+0000] {processor.py:161} INFO - Started process (PID=22299) to work on /usr/local/python/3.12.1/lib/python3.12/site-packages/airflow/example_dags/example_branch_day_of_week_operator.py
[2026-05-06T23:35:01.240+0000] {processor.py:830} INFO - Processing file /usr/local/python/3.12.1/lib/python3.12/site-packages/airflow/example_dags/example_branch_day_of_week_operator.py for tasks to queue
[2026-05-06T23:35:01.241+0000] {logging_mixin.py:188} INFO - [2026-05-06T23:35:01.241+0000] {dagbag.py:545} INFO - Filling up the DagBag from /usr/local/python/3.12.1/lib/python3.12/site-packages/airflow/example_dags/example_branch_day_of_week_operator.py
[2026-05-06T23:35:01.248+0000] {processor.py:840} INFO - DAG(s) 'example_weekday_branch_operator' retrieved from /usr/local/python/3.12.1/lib/python3.12/site-packages/airflow/example_dags/example_branch_day_of_week_operator.py
[2026-05-06T23:35:01.262+0000] {logging_mixin.py:188} INFO - [2026-05-06T23:35:01.261+0000] {dag.py:3096} INFO - Sync 1 DAGs
[2026-05-06T23:35:01.285+0000] {logging_mixin.py:188} INFO - [2026-05-06T23:35:01.284+0000] {dag.py:3954} INFO - Setting next_dagrun for example_weekday_branch_operator to 2026-05-05 00:00:00+00:00, run_after=2026-05-06 00:00:00+00:00
[2026-05-06T23:35:01.319+0000] {processor.py:183} INFO - Processing /usr/local/python/3.12.1/lib/python3.12/site-packages/airflow/example_dags/example_branch_day_of_week_operator.py took 0.084 seconds
[2026-05-06T23:35:59.311+0000] {processor.py:161} INFO - Started process (PID=22753) to work on /usr/local/python/3.12.1/lib/python3.12/site-packages/airflow/example_dags/example_branch_day_of_week_operator.py
[2026-05-06T23:35:59.311+0000] {processor.py:830} INFO - Processing file /usr/local/python/3.12.1/lib/python3.12/site-packages/airflow/example_dags/example_branch_day_of_week_operator.py for tasks to queue
[2026-05-06T23:35:59.313+0000] {logging_mixin.py:188} INFO - [2026-05-06T23:35:59.312+0000] {dagbag.py:545} INFO - Filling up the DagBag from /usr/local/python/3.12.1/lib/python3.12/site-packages/airflow/example_dags/example_branch_day_of_week_operator.py
[2026-05-06T23:35:59.320+0000] {processor.py:840} INFO - DAG(s) 'example_weekday_branch_operator' retrieved from /usr/local/python/3.12.1/lib/python3.12/site-packages/airflow/example_dags/example_branch_day_of_week_operator.py
[2026-05-06T23:35:59.338+0000] {logging_mixin.py:188} INFO - [2026-05-06T23:35:59.338+0000] {dag.py:3096} INFO - Sync 1 DAGs
[2026-05-06T23:35:59.354+0000] {logging_mixin.py:188} INFO - [2026-05-06T23:35:59.354+0000] {dag.py:3954} INFO - Setting next_dagrun for example_weekday_branch_operator to 2026-05-05 00:00:00+00:00, run_after=2026-05-06 00:00:00+00:00
[2026-05-06T23:35:59.372+0000] {processor.py:183} INFO - Processing /usr/local/python/3.12.1/lib/python3.12/site-packages/airflow/example_dags/example_branch_day_of_week_operator.py took 0.066 seconds
[2026-05-06T23:36:54.784+0000] {processor.py:161} INFO - Started process (PID=23177) to work on /usr/local/python/3.12.1/lib/python3.12/site-packages/airflow/example_dags/example_branch_day_of_week_operator.py
[2026-05-06T23:36:54.785+0000] {processor.py:830} INFO - Processing file /usr/local/python/3.12.1/lib/python3.12/site-packages/airflow/example_dags/example_branch_day_of_week_operator.py for tasks to queue
[2026-05-06T23:36:54.786+0000] {logging_mixin.py:188} INFO - [2026-05-06T23:36:54.786+0000] {dagbag.py:545} INFO - Filling up the DagBag from /usr/local/python/3.12.1/lib/python3.12/site-packages/airflow/example_dags/example_branch_day_of_week_operator.py
[2026-05-06T23:36:54.792+0000] {processor.py:840} INFO - DAG(s) 'example_weekday_branch_operator' retrieved from /usr/local/python/3.12.1/lib/python3.12/site-packages/airflow/example_dags/example_branch_day_of_week_operator.py
[2026-05-06T23:36:54.807+0000] {logging_mixin.py:188} INFO - [2026-05-06T23:36:54.806+0000] {dag.py:3096} INFO - Sync 1 DAGs
[2026-05-06T23:36:54.823+0000] {logging_mixin.py:188} INFO - [2026-05-06T23:36:54.822+0000] {dag.py:3954} INFO - Setting next_dagrun for example_weekday_branch_operator to 2026-05-05 00:00:00+00:00, run_after=2026-05-06 00:00:00+00:00
[2026-05-06T23:36:54.839+0000] {processor.py:183} INFO - Processing /usr/local/python/3.12.1/lib/python3.12/site-packages/airflow/example_dags/example_branch_day_of_week_operator.py took 0.060 seconds
[2026-05-06T23:37:54.761+0000] {processor.py:161} INFO - Started process (PID=23650) to work on /usr/local/python/3.12.1/lib/python3.12/site-packages/airflow/example_dags/example_branch_day_of_week_operator.py
[2026-05-06T23:37:54.762+0000] {processor.py:830} INFO - Processing file /usr/local/python/3.12.1/lib/python3.12/site-packages/airflow/example_dags/example_branch_day_of_week_operator.py for tasks to queue
[2026-05-06T23:37:54.763+0000] {logging_mixin.py:188} INFO - [2026-05-06T23:37:54.763+0000] {dagbag.py:545} INFO - Filling up the DagBag from /usr/local/python/3.12.1/lib/python3.12/site-packages/airflow/example_dags/example_branch_day_of_week_operator.py
[2026-05-06T23:37:54.770+0000] {processor.py:840} INFO - DAG(s) 'example_weekday_branch_operator' retrieved from /usr/local/python/3.12.1/lib/python3.12/site-packages/airflow/example_dags/example_branch_day_of_week_operator.py
[2026-05-06T23:37:54.784+0000] {logging_mixin.py:188} INFO - [2026-05-06T23:37:54.784+0000] {dag.py:3096} INFO - Sync 1 DAGs
[2026-05-06T23:37:54.800+0000] {logging_mixin.py:188} INFO - [2026-05-06T23:37:54.800+0000] {dag.py:3954} INFO - Setting next_dagrun for example_weekday_branch_operator to 2026-05-05 00:00:00+00:00, run_after=2026-05-06 00:00:00+00:00
[2026-05-06T23:37:54.817+0000] {processor.py:183} INFO - Processing /usr/local/python/3.12.1/lib/python3.12/site-packages/airflow/example_dags/example_branch_day_of_week_operator.py took 0.061 seconds
[2026-05-06T23:38:52.552+0000] {processor.py:161} INFO - Started process (PID=24104) to work on /usr/local/python/3.12.1/lib/python3.12/site-packages/airflow/example_dags/example_branch_day_of_week_operator.py
[2026-05-06T23:38:52.552+0000] {processor.py:830} INFO - Processing file /usr/local/python/3.12.1/lib/python3.12/site-packages/airflow/example_dags/example_branch_day_of_week_operator.py for tasks to queue
[2026-05-06T23:38:52.554+0000] {logging_mixin.py:188} INFO - [2026-05-06T23:38:52.554+0000] {dagbag.py:545} INFO - Filling up the DagBag from /usr/local/python/3.12.1/lib/python3.12/site-packages/airflow/example_dags/example_branch_day_of_week_operator.py
[2026-05-06T23:38:52.560+0000] {processor.py:840} INFO - DAG(s) 'example_weekday_branch_operator' retrieved from /usr/local/python/3.12.1/lib/python3.12/site-packages/airflow/example_dags/example_branch_day_of_week_operator.py
[2026-05-06T23:38:52.576+0000] {logging_mixin.py:188} INFO - [2026-05-06T23:38:52.576+0000] {dag.py:3096} INFO - Sync 1 DAGs
[2026-05-06T23:38:52.593+0000] {logging_mixin.py:188} INFO - [2026-05-06T23:38:52.593+0000] {dag.py:3954} INFO - Setting next_dagrun for example_weekday_branch_operator to 2026-05-05 00:00:00+00:00, run_after=2026-05-06 00:00:00+00:00
[2026-05-06T23:38:52.611+0000] {processor.py:183} INFO - Processing /usr/local/python/3.12.1/lib/python3.12/site-packages/airflow/example_dags/example_branch_day_of_week_operator.py took 0.064 seconds
[2026-05-06T23:39:50.510+0000] {processor.py:161} INFO - Started process (PID=24543) to work on /usr/local/python/3.12.1/lib/python3.12/site-packages/airflow/example_dags/example_branch_day_of_week_operator.py
[2026-05-06T23:39:50.510+0000] {processor.py:830} INFO - Processing file /usr/local/python/3.12.1/lib/python3.12/site-packages/airflow/example_dags/example_branch_day_of_week_operator.py for tasks to queue
[2026-05-06T23:39:50.512+0000] {logging_mixin.py:188} INFO - [2026-05-06T23:39:50.512+0000] {dagbag.py:545} INFO - Filling up the DagBag from /usr/local/python/3.12.1/lib/python3.12/site-packages/airflow/example_dags/example_branch_day_of_week_operator.py
[2026-05-06T23:39:50.519+0000] {processor.py:840} INFO - DAG(s) 'example_weekday_branch_operator' retrieved from /usr/local/python/3.12.1/lib/python3.12/site-packages/airflow/example_dags/example_branch_day_of_week_operator.py
[2026-05-06T23:39:50.562+0000] {logging_mixin.py:188} INFO - [2026-05-06T23:39:50.561+0000] {dag.py:3096} INFO - Sync 1 DAGs
[2026-05-06T23:39:50.579+0000] {logging_mixin.py:188} INFO - [2026-05-06T23:39:50.579+0000] {dag.py:3954} INFO - Setting next_dagrun for example_weekday_branch_operator to 2026-05-05 00:00:00+00:00, run_after=2026-05-06 00:00:00+00:00
[2026-05-06T23:39:50.596+0000] {processor.py:183} INFO - Processing /usr/local/python/3.12.1/lib/python3.12/site-packages/airflow/example_dags/example_branch_day_of_week_operator.py took 0.092 seconds
[2026-05-06T23:40:53.160+0000] {processor.py:161} INFO - Started process (PID=25045) to work on /usr/local/python/3.12.1/lib/python3.12/site-packages/airflow/example_dags/example_branch_day_of_week_operator.py
[2026-05-06T23:40:53.161+0000] {processor.py:830} INFO - Processing file /usr/local/python/3.12.1/lib/python3.12/site-packages/airflow/example_dags/example_branch_day_of_week_operator.py for tasks to queue
[2026-05-06T23:40:53.162+0000] {logging_mixin.py:188} INFO - [2026-05-06T23:40:53.162+0000] {dagbag.py:545} INFO - Filling up the DagBag from /usr/local/python/3.12.1/lib/python3.12/site-packages/airflow/example_dags/example_branch_day_of_week_operator.py
[2026-05-06T23:40:53.169+0000] {processor.py:840} INFO - DAG(s) 'example_weekday_branch_operator' retrieved from /usr/local/python/3.12.1/lib/python3.12/site-packages/airflow/example_dags/example_branch_day_of_week_operator.py
[2026-05-06T23:40:53.183+0000] {logging_mixin.py:188} INFO - [2026-05-06T23:40:53.183+0000] {dag.py:3096} INFO - Sync 1 DAGs
[2026-05-06T23:40:53.199+0000] {logging_mixin.py:188} INFO - [2026-05-06T23:40:53.199+0000] {dag.py:3954} INFO - Setting next_dagrun for example_weekday_branch_operator to 2026-05-05 00:00:00+00:00, run_after=2026-05-06 00:00:00+00:00
[2026-05-06T23:40:53.216+0000] {processor.py:183} INFO - Processing /usr/local/python/3.12.1/lib/python3.12/site-packages/airflow/example_dags/example_branch_day_of_week_operator.py took 0.061 seconds
[2026-05-06T23:41:49.739+0000] {processor.py:161} INFO - Started process (PID=25478) to work on /usr/local/python/3.12.1/lib/python3.12/site-packages/airflow/example_dags/example_branch_day_of_week_operator.py
[2026-05-06T23:41:49.740+0000] {processor.py:830} INFO - Processing file /usr/local/python/3.12.1/lib/python3.12/site-packages/airflow/example_dags/example_branch_day_of_week_operator.py for tasks to queue
[2026-05-06T23:41:49.741+0000] {logging_mixin.py:188} INFO - [2026-05-06T23:41:49.741+0000] {dagbag.py:545} INFO - Filling up the DagBag from /usr/local/python/3.12.1/lib/python3.12/site-packages/airflow/example_dags/example_branch_day_of_week_operator.py
[2026-05-06T23:41:49.748+0000] {processor.py:840} INFO - DAG(s) 'example_weekday_branch_operator' retrieved from /usr/local/python/3.12.1/lib/python3.12/site-packages/airflow/example_dags/example_branch_day_of_week_operator.py
[2026-05-06T23:41:49.858+0000] {logging_mixin.py:188} INFO - [2026-05-06T23:41:49.858+0000] {dag.py:3096} INFO - Sync 1 DAGs
[2026-05-06T23:41:49.871+0000] {logging_mixin.py:188} INFO - [2026-05-06T23:41:49.871+0000] {dag.py:3954} INFO - Setting next_dagrun for example_weekday_branch_operator to 2026-05-05 00:00:00+00:00, run_after=2026-05-06 00:00:00+00:00
[2026-05-06T23:41:49.889+0000] {processor.py:183} INFO - Processing /usr/local/python/3.12.1/lib/python3.12/site-packages/airflow/example_dags/example_branch_day_of_week_operator.py took 0.155 seconds
[2026-05-06T23:42:52.551+0000] {processor.py:161} INFO - Started process (PID=25958) to work on /usr/local/python/3.12.1/lib/python3.12/site-packages/airflow/example_dags/example_branch_day_of_week_operator.py
[2026-05-06T23:42:52.552+0000] {processor.py:830} INFO - Processing file /usr/local/python/3.12.1/lib/python3.12/site-packages/airflow/example_dags/example_branch_day_of_week_operator.py for tasks to queue
[2026-05-06T23:42:52.553+0000] {logging_mixin.py:188} INFO - [2026-05-06T23:42:52.553+0000] {dagbag.py:545} INFO - Filling up the DagBag from /usr/local/python/3.12.1/lib/python3.12/site-packages/airflow/example_dags/example_branch_day_of_week_operator.py
[2026-05-06T23:42:52.560+0000] {processor.py:840} INFO - DAG(s) 'example_weekday_branch_operator' retrieved from /usr/local/python/3.12.1/lib/python3.12/site-packages/airflow/example_dags/example_branch_day_of_week_operator.py
[2026-05-06T23:42:52.575+0000] {logging_mixin.py:188} INFO - [2026-05-06T23:42:52.574+0000] {dag.py:3096} INFO - Sync 1 DAGs
[2026-05-06T23:42:52.591+0000] {logging_mixin.py:188} INFO - [2026-05-06T23:42:52.591+0000] {dag.py:3954} INFO - Setting next_dagrun for example_weekday_branch_operator to 2026-05-05 00:00:00+00:00, run_after=2026-05-06 00:00:00+00:00
[2026-05-06T23:42:52.608+0000] {processor.py:183} INFO - Processing /usr/local/python/3.12.1/lib/python3.12/site-packages/airflow/example_dags/example_branch_day_of_week_operator.py took 0.062 seconds
[2026-05-06T23:43:52.935+0000] {processor.py:161} INFO - Started process (PID=26425) to work on /usr/local/python/3.12.1/lib/python3.12/site-packages/airflow/example_dags/example_branch_day_of_week_operator.py
[2026-05-06T23:43:52.936+0000] {processor.py:830} INFO - Processing file /usr/local/python/3.12.1/lib/python3.12/site-packages/airflow/example_dags/example_branch_day_of_week_operator.py for tasks to queue
[2026-05-06T23:43:52.937+0000] {logging_mixin.py:188} INFO - [2026-05-06T23:43:52.937+0000] {dagbag.py:545} INFO - Filling up the DagBag from /usr/local/python/3.12.1/lib/python3.12/site-packages/airflow/example_dags/example_branch_day_of_week_operator.py
[2026-05-06T23:43:52.944+0000] {processor.py:840} INFO - DAG(s) 'example_weekday_branch_operator' retrieved from /usr/local/python/3.12.1/lib/python3.12/site-packages/airflow/example_dags/example_branch_day_of_week_operator.py
[2026-05-06T23:43:52.958+0000] {logging_mixin.py:188} INFO - [2026-05-06T23:43:52.958+0000] {dag.py:3096} INFO - Sync 1 DAGs
[2026-05-06T23:43:52.974+0000] {logging_mixin.py:188} INFO - [2026-05-06T23:43:52.974+0000] {dag.py:3954} INFO - Setting next_dagrun for example_weekday_branch_operator to 2026-05-05 00:00:00+00:00, run_after=2026-05-06 00:00:00+00:00
[2026-05-06T23:43:52.990+0000] {processor.py:183} INFO - Processing /usr/local/python/3.12.1/lib/python3.12/site-packages/airflow/example_dags/example_branch_day_of_week_operator.py took 0.060 seconds
[2026-05-06T23:44:50.158+0000] {processor.py:161} INFO - Started process (PID=26881) to work on /usr/local/python/3.12.1/lib/python3.12/site-packages/airflow/example_dags/example_branch_day_of_week_operator.py
[2026-05-06T23:44:50.159+0000] {processor.py:830} INFO - Processing file /usr/local/python/3.12.1/lib/python3.12/site-packages/airflow/example_dags/example_branch_day_of_week_operator.py for tasks to queue
[2026-05-06T23:44:50.160+0000] {logging_mixin.py:188} INFO - [2026-05-06T23:44:50.160+0000] {dagbag.py:545} INFO - Filling up the DagBag from /usr/local/python/3.12.1/lib/python3.12/site-packages/airflow/example_dags/example_branch_day_of_week_operator.py
[2026-05-06T23:44:50.167+0000] {processor.py:840} INFO - DAG(s) 'example_weekday_branch_operator' retrieved from /usr/local/python/3.12.1/lib/python3.12/site-packages/airflow/example_dags/example_branch_day_of_week_operator.py
[2026-05-06T23:44:50.180+0000] {logging_mixin.py:188} INFO - [2026-05-06T23:44:50.180+0000] {dag.py:3096} INFO - Sync 1 DAGs
[2026-05-06T23:44:50.196+0000] {logging_mixin.py:188} INFO - [2026-05-06T23:44:50.196+0000] {dag.py:3954} INFO - Setting next_dagrun for example_weekday_branch_operator to 2026-05-05 00:00:00+00:00, run_after=2026-05-06 00:00:00+00:00
[2026-05-06T23:44:50.213+0000] {processor.py:183} INFO - Processing /usr/local/python/3.12.1/lib/python3.12/site-packages/airflow/example_dags/example_branch_day_of_week_operator.py took 0.060 seconds
[2026-05-06T23:45:46.589+0000] {processor.py:161} INFO - Started process (PID=27328) to work on /usr/local/python/3.12.1/lib/python3.12/site-packages/airflow/example_dags/example_branch_day_of_week_operator.py
[2026-05-06T23:45:46.590+0000] {processor.py:830} INFO - Processing file /usr/local/python/3.12.1/lib/python3.12/site-packages/airflow/example_dags/example_branch_day_of_week_operator.py for tasks to queue
[2026-05-06T23:45:46.591+0000] {logging_mixin.py:188} INFO - [2026-05-06T23:45:46.591+0000] {dagbag.py:545} INFO - Filling up the DagBag from /usr/local/python/3.12.1/lib/python3.12/site-packages/airflow/example_dags/example_branch_day_of_week_operator.py
[2026-05-06T23:45:46.597+0000] {processor.py:840} INFO - DAG(s) 'example_weekday_branch_operator' retrieved from /usr/local/python/3.12.1/lib/python3.12/site-packages/airflow/example_dags/example_branch_day_of_week_operator.py
[2026-05-06T23:45:46.612+0000] {logging_mixin.py:188} INFO - [2026-05-06T23:45:46.611+0000] {dag.py:3096} INFO - Sync 1 DAGs
[2026-05-06T23:45:46.627+0000] {logging_mixin.py:188} INFO - [2026-05-06T23:45:46.627+0000] {dag.py:3954} INFO - Setting next_dagrun for example_weekday_branch_operator to 2026-05-05 00:00:00+00:00, run_after=2026-05-06 00:00:00+00:00
[2026-05-06T23:45:46.644+0000] {processor.py:183} INFO - Processing /usr/local/python/3.12.1/lib/python3.12/site-packages/airflow/example_dags/example_branch_day_of_week_operator.py took 0.061 seconds
[2026-05-06T23:46:46.446+0000] {processor.py:161} INFO - Started process (PID=27779) to work on /usr/local/python/3.12.1/lib/python3.12/site-packages/airflow/example_dags/example_branch_day_of_week_operator.py
[2026-05-06T23:46:46.447+0000] {processor.py:830} INFO - Processing file /usr/local/python/3.12.1/lib/python3.12/site-packages/airflow/example_dags/example_branch_day_of_week_operator.py for tasks to queue
[2026-05-06T23:46:46.449+0000] {logging_mixin.py:188} INFO - [2026-05-06T23:46:46.448+0000] {dagbag.py:545} INFO - Filling up the DagBag from /usr/local/python/3.12.1/lib/python3.12/site-packages/airflow/example_dags/example_branch_day_of_week_operator.py
[2026-05-06T23:46:46.455+0000] {processor.py:840} INFO - DAG(s) 'example_weekday_branch_operator' retrieved from /usr/local/python/3.12.1/lib/python3.12/site-packages/airflow/example_dags/example_branch_day_of_week_operator.py
[2026-05-06T23:46:46.470+0000] {logging_mixin.py:188} INFO - [2026-05-06T23:46:46.470+0000] {dag.py:3096} INFO - Sync 1 DAGs
[2026-05-06T23:46:46.489+0000] {logging_mixin.py:188} INFO - [2026-05-06T23:46:46.488+0000] {dag.py:3954} INFO - Setting next_dagrun for example_weekday_branch_operator to 2026-05-05 00:00:00+00:00, run_after=2026-05-06 00:00:00+00:00
[2026-05-06T23:46:46.508+0000] {processor.py:183} INFO - Processing /usr/local/python/3.12.1/lib/python3.12/site-packages/airflow/example_dags/example_branch_day_of_week_operator.py took 0.067 seconds
[2026-05-06T23:47:47.481+0000] {processor.py:161} INFO - Started process (PID=28256) to work on /usr/local/python/3.12.1/lib/python3.12/site-packages/airflow/example_dags/example_branch_day_of_week_operator.py
[2026-05-06T23:47:47.482+0000] {processor.py:830} INFO - Processing file /usr/local/python/3.12.1/lib/python3.12/site-packages/airflow/example_dags/example_branch_day_of_week_operator.py for tasks to queue
[2026-05-06T23:47:47.483+0000] {logging_mixin.py:188} INFO - [2026-05-06T23:47:47.483+0000] {dagbag.py:545} INFO - Filling up the DagBag from /usr/local/python/3.12.1/lib/python3.12/site-packages/airflow/example_dags/example_branch_day_of_week_operator.py
[2026-05-06T23:47:47.489+0000] {processor.py:840} INFO - DAG(s) 'example_weekday_branch_operator' retrieved from /usr/local/python/3.12.1/lib/python3.12/site-packages/airflow/example_dags/example_branch_day_of_week_operator.py
[2026-05-06T23:47:47.503+0000] {logging_mixin.py:188} INFO - [2026-05-06T23:47:47.503+0000] {dag.py:3096} INFO - Sync 1 DAGs
[2026-05-06T23:47:47.519+0000] {logging_mixin.py:188} INFO - [2026-05-06T23:47:47.519+0000] {dag.py:3954} INFO - Setting next_dagrun for example_weekday_branch_operator to 2026-05-05 00:00:00+00:00, run_after=2026-05-06 00:00:00+00:00
[2026-05-06T23:47:47.536+0000] {processor.py:183} INFO - Processing /usr/local/python/3.12.1/lib/python3.12/site-packages/airflow/example_dags/example_branch_day_of_week_operator.py took 0.060 seconds
[2026-05-06T23:48:47.153+0000] {processor.py:161} INFO - Started process (PID=28727) to work on /usr/local/python/3.12.1/lib/python3.12/site-packages/airflow/example_dags/example_branch_day_of_week_operator.py
[2026-05-06T23:48:47.153+0000] {processor.py:830} INFO - Processing file /usr/local/python/3.12.1/lib/python3.12/site-packages/airflow/example_dags/example_branch_day_of_week_operator.py for tasks to queue
[2026-05-06T23:48:47.155+0000] {logging_mixin.py:188} INFO - [2026-05-06T23:48:47.155+0000] {dagbag.py:545} INFO - Filling up the DagBag from /usr/local/python/3.12.1/lib/python3.12/site-packages/airflow/example_dags/example_branch_day_of_week_operator.py
[2026-05-06T23:48:47.161+0000] {processor.py:840} INFO - DAG(s) 'example_weekday_branch_operator' retrieved from /usr/local/python/3.12.1/lib/python3.12/site-packages/airflow/example_dags/example_branch_day_of_week_operator.py
[2026-05-06T23:48:47.175+0000] {logging_mixin.py:188} INFO - [2026-05-06T23:48:47.175+0000] {dag.py:3096} INFO - Sync 1 DAGs
[2026-05-06T23:48:47.191+0000] {logging_mixin.py:188} INFO - [2026-05-06T23:48:47.191+0000] {dag.py:3954} INFO - Setting next_dagrun for example_weekday_branch_operator to 2026-05-05 00:00:00+00:00, run_after=2026-05-06 00:00:00+00:00
[2026-05-06T23:48:47.209+0000] {processor.py:183} INFO - Processing /usr/local/python/3.12.1/lib/python3.12/site-packages/airflow/example_dags/example_branch_day_of_week_operator.py took 0.061 seconds
[2026-05-06T23:49:44.065+0000] {processor.py:161} INFO - Started process (PID=29183) to work on /usr/local/python/3.12.1/lib/python3.12/site-packages/airflow/example_dags/example_branch_day_of_week_operator.py
[2026-05-06T23:49:44.066+0000] {processor.py:830} INFO - Processing file /usr/local/python/3.12.1/lib/python3.12/site-packages/airflow/example_dags/example_branch_day_of_week_operator.py for tasks to queue
[2026-05-06T23:49:44.067+0000] {logging_mixin.py:188} INFO - [2026-05-06T23:49:44.067+0000] {dagbag.py:545} INFO - Filling up the DagBag from /usr/local/python/3.12.1/lib/python3.12/site-packages/airflow/example_dags/example_branch_day_of_week_operator.py
[2026-05-06T23:49:44.073+0000] {processor.py:840} INFO - DAG(s) 'example_weekday_branch_operator' retrieved from /usr/local/python/3.12.1/lib/python3.12/site-packages/airflow/example_dags/example_branch_day_of_week_operator.py
[2026-05-06T23:49:44.087+0000] {logging_mixin.py:188} INFO - [2026-05-06T23:49:44.087+0000] {dag.py:3096} INFO - Sync 1 DAGs
[2026-05-06T23:49:44.103+0000] {logging_mixin.py:188} INFO - [2026-05-06T23:49:44.103+0000] {dag.py:3954} INFO - Setting next_dagrun for example_weekday_branch_operator to 2026-05-05 00:00:00+00:00, run_after=2026-05-06 00:00:00+00:00
[2026-05-06T23:49:44.120+0000] {processor.py:183} INFO - Processing /usr/local/python/3.12.1/lib/python3.12/site-packages/airflow/example_dags/example_branch_day_of_week_operator.py took 0.059 seconds
[2026-05-06T23:50:38.676+0000] {processor.py:161} INFO - Started process (PID=29601) to work on /usr/local/python/3.12.1/lib/python3.12/site-packages/airflow/example_dags/example_branch_day_of_week_operator.py
[2026-05-06T23:50:38.677+0000] {processor.py:830} INFO - Processing file /usr/local/python/3.12.1/lib/python3.12/site-packages/airflow/example_dags/example_branch_day_of_week_operator.py for tasks to queue
[2026-05-06T23:50:38.678+0000] {logging_mixin.py:188} INFO - [2026-05-06T23:50:38.678+0000] {dagbag.py:545} INFO - Filling up the DagBag from /usr/local/python/3.12.1/lib/python3.12/site-packages/airflow/example_dags/example_branch_day_of_week_operator.py
[2026-05-06T23:50:38.684+0000] {processor.py:840} INFO - DAG(s) 'example_weekday_branch_operator' retrieved from /usr/local/python/3.12.1/lib/python3.12/site-packages/airflow/example_dags/example_branch_day_of_week_operator.py
[2026-05-06T23:50:38.698+0000] {logging_mixin.py:188} INFO - [2026-05-06T23:50:38.698+0000] {dag.py:3096} INFO - Sync 1 DAGs
[2026-05-06T23:50:38.714+0000] {logging_mixin.py:188} INFO - [2026-05-06T23:50:38.714+0000] {dag.py:3954} INFO - Setting next_dagrun for example_weekday_branch_operator to 2026-05-05 00:00:00+00:00, run_after=2026-05-06 00:00:00+00:00
[2026-05-06T23:50:38.731+0000] {processor.py:183} INFO - Processing /usr/local/python/3.12.1/lib/python3.12/site-packages/airflow/example_dags/example_branch_day_of_week_operator.py took 0.060 seconds
[2026-05-06T23:51:36.978+0000] {processor.py:161} INFO - Started process (PID=30052) to work on /usr/local/python/3.12.1/lib/python3.12/site-packages/airflow/example_dags/example_branch_day_of_week_operator.py
[2026-05-06T23:51:36.979+0000] {processor.py:830} INFO - Processing file /usr/local/python/3.12.1/lib/python3.12/site-packages/airflow/example_dags/example_branch_day_of_week_operator.py for tasks to queue
[2026-05-06T23:51:36.980+0000] {logging_mixin.py:188} INFO - [2026-05-06T23:51:36.980+0000] {dagbag.py:545} INFO - Filling up the DagBag from /usr/local/python/3.12.1/lib/python3.12/site-packages/airflow/example_dags/example_branch_day_of_week_operator.py
[2026-05-06T23:51:36.987+0000] {processor.py:840} INFO - DAG(s) 'example_weekday_branch_operator' retrieved from /usr/local/python/3.12.1/lib/python3.12/site-packages/airflow/example_dags/example_branch_day_of_week_operator.py
[2026-05-06T23:51:37.001+0000] {logging_mixin.py:188} INFO - [2026-05-06T23:51:37.000+0000] {dag.py:3096} INFO - Sync 1 DAGs
[2026-05-06T23:51:37.017+0000] {logging_mixin.py:188} INFO - [2026-05-06T23:51:37.017+0000] {dag.py:3954} INFO - Setting next_dagrun for example_weekday_branch_operator to 2026-05-05 00:00:00+00:00, run_after=2026-05-06 00:00:00+00:00
[2026-05-06T23:51:37.035+0000] {processor.py:183} INFO - Processing /usr/local/python/3.12.1/lib/python3.12/site-packages/airflow/example_dags/example_branch_day_of_week_operator.py took 0.062 seconds
[2026-05-06T23:52:33.403+0000] {processor.py:161} INFO - Started process (PID=30509) to work on /usr/local/python/3.12.1/lib/python3.12/site-packages/airflow/example_dags/example_branch_day_of_week_operator.py
[2026-05-06T23:52:33.404+0000] {processor.py:830} INFO - Processing file /usr/local/python/3.12.1/lib/python3.12/site-packages/airflow/example_dags/example_branch_day_of_week_operator.py for tasks to queue
[2026-05-06T23:52:33.405+0000] {logging_mixin.py:188} INFO - [2026-05-06T23:52:33.405+0000] {dagbag.py:545} INFO - Filling up the DagBag from /usr/local/python/3.12.1/lib/python3.12/site-packages/airflow/example_dags/example_branch_day_of_week_operator.py
[2026-05-06T23:52:33.412+0000] {processor.py:840} INFO - DAG(s) 'example_weekday_branch_operator' retrieved from /usr/local/python/3.12.1/lib/python3.12/site-packages/airflow/example_dags/example_branch_day_of_week_operator.py
[2026-05-06T23:52:33.426+0000] {logging_mixin.py:188} INFO - [2026-05-06T23:52:33.426+0000] {dag.py:3096} INFO - Sync 1 DAGs
[2026-05-06T23:52:33.448+0000] {logging_mixin.py:188} INFO - [2026-05-06T23:52:33.448+0000] {dag.py:3954} INFO - Setting next_dagrun for example_weekday_branch_operator to 2026-05-05 00:00:00+00:00, run_after=2026-05-06 00:00:00+00:00
[2026-05-06T23:52:33.468+0000] {processor.py:183} INFO - Processing /usr/local/python/3.12.1/lib/python3.12/site-packages/airflow/example_dags/example_branch_day_of_week_operator.py took 0.070 seconds
[2026-05-06T23:53:33.846+0000] {processor.py:161} INFO - Started process (PID=30975) to work on /usr/local/python/3.12.1/lib/python3.12/site-packages/airflow/example_dags/example_branch_day_of_week_operator.py
[2026-05-06T23:53:33.847+0000] {processor.py:830} INFO - Processing file /usr/local/python/3.12.1/lib/python3.12/site-packages/airflow/example_dags/example_branch_day_of_week_operator.py for tasks to queue
[2026-05-06T23:53:33.849+0000] {logging_mixin.py:188} INFO - [2026-05-06T23:53:33.849+0000] {dagbag.py:545} INFO - Filling up the DagBag from /usr/local/python/3.12.1/lib/python3.12/site-packages/airflow/example_dags/example_branch_day_of_week_operator.py
[2026-05-06T23:53:33.858+0000] {processor.py:840} INFO - DAG(s) 'example_weekday_branch_operator' retrieved from /usr/local/python/3.12.1/lib/python3.12/site-packages/airflow/example_dags/example_branch_day_of_week_operator.py
[2026-05-06T23:53:33.872+0000] {logging_mixin.py:188} INFO - [2026-05-06T23:53:33.872+0000] {dag.py:3096} INFO - Sync 1 DAGs
[2026-05-06T23:53:33.888+0000] {logging_mixin.py:188} INFO - [2026-05-06T23:53:33.887+0000] {dag.py:3954} INFO - Setting next_dagrun for example_weekday_branch_operator to 2026-05-05 00:00:00+00:00, run_after=2026-05-06 00:00:00+00:00
[2026-05-06T23:53:33.906+0000] {processor.py:183} INFO - Processing /usr/local/python/3.12.1/lib/python3.12/site-packages/airflow/example_dags/example_branch_day_of_week_operator.py took 0.067 seconds
[2026-05-06T23:54:32.791+0000] {processor.py:161} INFO - Started process (PID=31418) to work on /usr/local/python/3.12.1/lib/python3.12/site-packages/airflow/example_dags/example_branch_day_of_week_operator.py
[2026-05-06T23:54:32.791+0000] {processor.py:830} INFO - Processing file /usr/local/python/3.12.1/lib/python3.12/site-packages/airflow/example_dags/example_branch_day_of_week_operator.py for tasks to queue
[2026-05-06T23:54:32.793+0000] {logging_mixin.py:188} INFO - [2026-05-06T23:54:32.793+0000] {dagbag.py:545} INFO - Filling up the DagBag from /usr/local/python/3.12.1/lib/python3.12/site-packages/airflow/example_dags/example_branch_day_of_week_operator.py
[2026-05-06T23:54:32.799+0000] {processor.py:840} INFO - DAG(s) 'example_weekday_branch_operator' retrieved from /usr/local/python/3.12.1/lib/python3.12/site-packages/airflow/example_dags/example_branch_day_of_week_operator.py
[2026-05-06T23:54:32.814+0000] {logging_mixin.py:188} INFO - [2026-05-06T23:54:32.814+0000] {dag.py:3096} INFO - Sync 1 DAGs
[2026-05-06T23:54:32.831+0000] {logging_mixin.py:188} INFO - [2026-05-06T23:54:32.830+0000] {dag.py:3954} INFO - Setting next_dagrun for example_weekday_branch_operator to 2026-05-05 00:00:00+00:00, run_after=2026-05-06 00:00:00+00:00
[2026-05-06T23:54:32.852+0000] {processor.py:183} INFO - Processing /usr/local/python/3.12.1/lib/python3.12/site-packages/airflow/example_dags/example_branch_day_of_week_operator.py took 0.066 seconds
[2026-05-06T23:55:31.217+0000] {processor.py:161} INFO - Started process (PID=31936) to work on /usr/local/python/3.12.1/lib/python3.12/site-packages/airflow/example_dags/example_branch_day_of_week_operator.py
[2026-05-06T23:55:31.218+0000] {processor.py:830} INFO - Processing file /usr/local/python/3.12.1/lib/python3.12/site-packages/airflow/example_dags/example_branch_day_of_week_operator.py for tasks to queue
[2026-05-06T23:55:31.220+0000] {logging_mixin.py:188} INFO - [2026-05-06T23:55:31.220+0000] {dagbag.py:545} INFO - Filling up the DagBag from /usr/local/python/3.12.1/lib/python3.12/site-packages/airflow/example_dags/example_branch_day_of_week_operator.py
[2026-05-06T23:55:31.230+0000] {processor.py:840} INFO - DAG(s) 'example_weekday_branch_operator' retrieved from /usr/local/python/3.12.1/lib/python3.12/site-packages/airflow/example_dags/example_branch_day_of_week_operator.py
[2026-05-06T23:55:31.250+0000] {logging_mixin.py:188} INFO - [2026-05-06T23:55:31.250+0000] {dag.py:3096} INFO - Sync 1 DAGs
[2026-05-06T23:55:31.267+0000] {logging_mixin.py:188} INFO - [2026-05-06T23:55:31.267+0000] {dag.py:3954} INFO - Setting next_dagrun for example_weekday_branch_operator to 2026-05-05 00:00:00+00:00, run_after=2026-05-06 00:00:00+00:00
[2026-05-06T23:55:31.286+0000] {processor.py:183} INFO - Processing /usr/local/python/3.12.1/lib/python3.12/site-packages/airflow/example_dags/example_branch_day_of_week_operator.py took 0.076 seconds
[2026-05-06T23:56:29.568+0000] {processor.py:161} INFO - Started process (PID=32399) to work on /usr/local/python/3.12.1/lib/python3.12/site-packages/airflow/example_dags/example_branch_day_of_week_operator.py
[2026-05-06T23:56:29.568+0000] {processor.py:830} INFO - Processing file /usr/local/python/3.12.1/lib/python3.12/site-packages/airflow/example_dags/example_branch_day_of_week_operator.py for tasks to queue
[2026-05-06T23:56:29.570+0000] {logging_mixin.py:188} INFO - [2026-05-06T23:56:29.569+0000] {dagbag.py:545} INFO - Filling up the DagBag from /usr/local/python/3.12.1/lib/python3.12/site-packages/airflow/example_dags/example_branch_day_of_week_operator.py
[2026-05-06T23:56:29.576+0000] {processor.py:840} INFO - DAG(s) 'example_weekday_branch_operator' retrieved from /usr/local/python/3.12.1/lib/python3.12/site-packages/airflow/example_dags/example_branch_day_of_week_operator.py
[2026-05-06T23:56:29.591+0000] {logging_mixin.py:188} INFO - [2026-05-06T23:56:29.590+0000] {dag.py:3096} INFO - Sync 1 DAGs
[2026-05-06T23:56:29.607+0000] {logging_mixin.py:188} INFO - [2026-05-06T23:56:29.607+0000] {dag.py:3954} INFO - Setting next_dagrun for example_weekday_branch_operator to 2026-05-05 00:00:00+00:00, run_after=2026-05-06 00:00:00+00:00
[2026-05-06T23:56:29.624+0000] {processor.py:183} INFO - Processing /usr/local/python/3.12.1/lib/python3.12/site-packages/airflow/example_dags/example_branch_day_of_week_operator.py took 0.062 seconds
[2026-05-06T23:57:25.720+0000] {processor.py:161} INFO - Started process (PID=32705) to work on /usr/local/python/3.12.1/lib/python3.12/site-packages/airflow/example_dags/example_branch_day_of_week_operator.py
[2026-05-06T23:57:25.721+0000] {processor.py:830} INFO - Processing file /usr/local/python/3.12.1/lib/python3.12/site-packages/airflow/example_dags/example_branch_day_of_week_operator.py for tasks to queue
[2026-05-06T23:57:25.722+0000] {logging_mixin.py:188} INFO - [2026-05-06T23:57:25.722+0000] {dagbag.py:545} INFO - Filling up the DagBag from /usr/local/python/3.12.1/lib/python3.12/site-packages/airflow/example_dags/example_branch_day_of_week_operator.py
[2026-05-06T23:57:25.729+0000] {processor.py:840} INFO - DAG(s) 'example_weekday_branch_operator' retrieved from /usr/local/python/3.12.1/lib/python3.12/site-packages/airflow/example_dags/example_branch_day_of_week_operator.py
[2026-05-06T23:57:25.747+0000] {logging_mixin.py:188} INFO - [2026-05-06T23:57:25.747+0000] {dag.py:3096} INFO - Sync 1 DAGs
[2026-05-06T23:57:25.767+0000] {logging_mixin.py:188} INFO - [2026-05-06T23:57:25.767+0000] {dag.py:3954} INFO - Setting next_dagrun for example_weekday_branch_operator to 2026-05-05 00:00:00+00:00, run_after=2026-05-06 00:00:00+00:00
[2026-05-06T23:57:25.784+0000] {processor.py:183} INFO - Processing /usr/local/python/3.12.1/lib/python3.12/site-packages/airflow/example_dags/example_branch_day_of_week_operator.py took 0.069 seconds
[2026-05-06T23:58:23.827+0000] {processor.py:161} INFO - Started process (PID=32995) to work on /usr/local/python/3.12.1/lib/python3.12/site-packages/airflow/example_dags/example_branch_day_of_week_operator.py
[2026-05-06T23:58:23.827+0000] {processor.py:830} INFO - Processing file /usr/local/python/3.12.1/lib/python3.12/site-packages/airflow/example_dags/example_branch_day_of_week_operator.py for tasks to queue
[2026-05-06T23:58:23.829+0000] {logging_mixin.py:188} INFO - [2026-05-06T23:58:23.828+0000] {dagbag.py:545} INFO - Filling up the DagBag from /usr/local/python/3.12.1/lib/python3.12/site-packages/airflow/example_dags/example_branch_day_of_week_operator.py
[2026-05-06T23:58:23.835+0000] {processor.py:840} INFO - DAG(s) 'example_weekday_branch_operator' retrieved from /usr/local/python/3.12.1/lib/python3.12/site-packages/airflow/example_dags/example_branch_day_of_week_operator.py
[2026-05-06T23:58:23.854+0000] {logging_mixin.py:188} INFO - [2026-05-06T23:58:23.854+0000] {dag.py:3096} INFO - Sync 1 DAGs
[2026-05-06T23:58:23.871+0000] {logging_mixin.py:188} INFO - [2026-05-06T23:58:23.870+0000] {dag.py:3954} INFO - Setting next_dagrun for example_weekday_branch_operator to 2026-05-05 00:00:00+00:00, run_after=2026-05-06 00:00:00+00:00
[2026-05-06T23:58:23.887+0000] {processor.py:183} INFO - Processing /usr/local/python/3.12.1/lib/python3.12/site-packages/airflow/example_dags/example_branch_day_of_week_operator.py took 0.066 seconds
[2026-05-06T23:59:24.028+0000] {processor.py:161} INFO - Started process (PID=33291) to work on /usr/local/python/3.12.1/lib/python3.12/site-packages/airflow/example_dags/example_branch_day_of_week_operator.py
[2026-05-06T23:59:24.030+0000] {processor.py:830} INFO - Processing file /usr/local/python/3.12.1/lib/python3.12/site-packages/airflow/example_dags/example_branch_day_of_week_operator.py for tasks to queue
[2026-05-06T23:59:24.032+0000] {logging_mixin.py:188} INFO - [2026-05-06T23:59:24.032+0000] {dagbag.py:545} INFO - Filling up the DagBag from /usr/local/python/3.12.1/lib/python3.12/site-packages/airflow/example_dags/example_branch_day_of_week_operator.py
[2026-05-06T23:59:24.043+0000] {processor.py:840} INFO - DAG(s) 'example_weekday_branch_operator' retrieved from /usr/local/python/3.12.1/lib/python3.12/site-packages/airflow/example_dags/example_branch_day_of_week_operator.py
[2026-05-06T23:59:24.064+0000] {logging_mixin.py:188} INFO - [2026-05-06T23:59:24.064+0000] {dag.py:3096} INFO - Sync 1 DAGs
[2026-05-06T23:59:24.094+0000] {logging_mixin.py:188} INFO - [2026-05-06T23:59:24.094+0000] {dag.py:3954} INFO - Setting next_dagrun for example_weekday_branch_operator to 2026-05-05 00:00:00+00:00, run_after=2026-05-06 00:00:00+00:00
[2026-05-06T23:59:24.122+0000] {processor.py:183} INFO - Processing /usr/local/python/3.12.1/lib/python3.12/site-packages/airflow/example_dags/example_branch_day_of_week_operator.py took 0.101 seconds
