[2026-05-06T23:19:05.064+0000] {processor.py:161} INFO - Started process (PID=13345) to work on /usr/local/python/3.12.1/lib/python3.12/site-packages/airflow/example_dags/example_sensor_decorator.py
[2026-05-06T23:19:05.064+0000] {processor.py:830} INFO - Processing file /usr/local/python/3.12.1/lib/python3.12/site-packages/airflow/example_dags/example_sensor_decorator.py for tasks to queue
[2026-05-06T23:19:05.066+0000] {logging_mixin.py:188} INFO - [2026-05-06T23:19:05.065+0000] {dagbag.py:545} INFO - Filling up the DagBag from /usr/local/python/3.12.1/lib/python3.12/site-packages/airflow/example_dags/example_sensor_decorator.py
[2026-05-06T23:19:05.070+0000] {processor.py:840} INFO - DAG(s) 'example_sensor_decorator' retrieved from /usr/local/python/3.12.1/lib/python3.12/site-packages/airflow/example_dags/example_sensor_decorator.py
[2026-05-06T23:19:05.151+0000] {logging_mixin.py:188} INFO - [2026-05-06T23:19:05.150+0000] {override.py:1829} INFO - Created Permission View: can delete on DAG:example_sensor_decorator
[2026-05-06T23:19:05.159+0000] {logging_mixin.py:188} INFO - [2026-05-06T23:19:05.159+0000] {override.py:1829} INFO - Created Permission View: can edit on DAG:example_sensor_decorator
[2026-05-06T23:19:05.164+0000] {logging_mixin.py:188} INFO - [2026-05-06T23:19:05.164+0000] {override.py:1829} INFO - Created Permission View: can read on DAG:example_sensor_decorator
[2026-05-06T23:19:05.165+0000] {logging_mixin.py:188} INFO - [2026-05-06T23:19:05.164+0000] {dag.py:3096} INFO - Sync 1 DAGs
[2026-05-06T23:19:05.172+0000] {logging_mixin.py:188} INFO - [2026-05-06T23:19:05.172+0000] {dag.py:3118} INFO - Creating ORM DAG for example_sensor_decorator
[2026-05-06T23:19:05.172+0000] {logging_mixin.py:188} INFO - [2026-05-06T23:19:05.172+0000] {dag.py:3954} INFO - Setting next_dagrun for example_sensor_decorator to None, run_after=None
[2026-05-06T23:19:05.186+0000] {processor.py:183} INFO - Processing /usr/local/python/3.12.1/lib/python3.12/site-packages/airflow/example_dags/example_sensor_decorator.py took 0.127 seconds
[2026-05-06T23:19:55.602+0000] {processor.py:161} INFO - Started process (PID=13785) to work on /usr/local/python/3.12.1/lib/python3.12/site-packages/airflow/example_dags/example_sensor_decorator.py
[2026-05-06T23:19:55.602+0000] {processor.py:830} INFO - Processing file /usr/local/python/3.12.1/lib/python3.12/site-packages/airflow/example_dags/example_sensor_decorator.py for tasks to queue
[2026-05-06T23:19:55.604+0000] {logging_mixin.py:188} INFO - [2026-05-06T23:19:55.603+0000] {dagbag.py:545} INFO - Filling up the DagBag from /usr/local/python/3.12.1/lib/python3.12/site-packages/airflow/example_dags/example_sensor_decorator.py
[2026-05-06T23:19:55.609+0000] {processor.py:840} INFO - DAG(s) 'example_sensor_decorator' retrieved from /usr/local/python/3.12.1/lib/python3.12/site-packages/airflow/example_dags/example_sensor_decorator.py
[2026-05-06T23:19:55.622+0000] {logging_mixin.py:188} INFO - [2026-05-06T23:19:55.621+0000] {dag.py:3096} INFO - Sync 1 DAGs
[2026-05-06T23:19:55.631+0000] {logging_mixin.py:188} INFO - [2026-05-06T23:19:55.630+0000] {dag.py:3954} INFO - Setting next_dagrun for example_sensor_decorator to None, run_after=None
[2026-05-06T23:19:55.646+0000] {processor.py:183} INFO - Processing /usr/local/python/3.12.1/lib/python3.12/site-packages/airflow/example_dags/example_sensor_decorator.py took 0.049 seconds
[2026-05-06T23:20:44.243+0000] {processor.py:161} INFO - Started process (PID=14213) to work on /usr/local/python/3.12.1/lib/python3.12/site-packages/airflow/example_dags/example_sensor_decorator.py
[2026-05-06T23:20:44.244+0000] {processor.py:830} INFO - Processing file /usr/local/python/3.12.1/lib/python3.12/site-packages/airflow/example_dags/example_sensor_decorator.py for tasks to queue
[2026-05-06T23:20:44.245+0000] {logging_mixin.py:188} INFO - [2026-05-06T23:20:44.245+0000] {dagbag.py:545} INFO - Filling up the DagBag from /usr/local/python/3.12.1/lib/python3.12/site-packages/airflow/example_dags/example_sensor_decorator.py
[2026-05-06T23:20:44.250+0000] {processor.py:840} INFO - DAG(s) 'example_sensor_decorator' retrieved from /usr/local/python/3.12.1/lib/python3.12/site-packages/airflow/example_dags/example_sensor_decorator.py
[2026-05-06T23:20:44.263+0000] {logging_mixin.py:188} INFO - [2026-05-06T23:20:44.262+0000] {dag.py:3096} INFO - Sync 1 DAGs
[2026-05-06T23:20:44.272+0000] {logging_mixin.py:188} INFO - [2026-05-06T23:20:44.272+0000] {dag.py:3954} INFO - Setting next_dagrun for example_sensor_decorator to None, run_after=None
[2026-05-06T23:20:44.288+0000] {processor.py:183} INFO - Processing /usr/local/python/3.12.1/lib/python3.12/site-packages/airflow/example_dags/example_sensor_decorator.py took 0.050 seconds
[2026-05-06T23:21:43.436+0000] {processor.py:161} INFO - Started process (PID=14765) to work on /usr/local/python/3.12.1/lib/python3.12/site-packages/airflow/example_dags/example_sensor_decorator.py
[2026-05-06T23:21:43.437+0000] {processor.py:830} INFO - Processing file /usr/local/python/3.12.1/lib/python3.12/site-packages/airflow/example_dags/example_sensor_decorator.py for tasks to queue
[2026-05-06T23:21:43.438+0000] {logging_mixin.py:188} INFO - [2026-05-06T23:21:43.438+0000] {dagbag.py:545} INFO - Filling up the DagBag from /usr/local/python/3.12.1/lib/python3.12/site-packages/airflow/example_dags/example_sensor_decorator.py
[2026-05-06T23:21:43.450+0000] {processor.py:840} INFO - DAG(s) 'example_sensor_decorator' retrieved from /usr/local/python/3.12.1/lib/python3.12/site-packages/airflow/example_dags/example_sensor_decorator.py
[2026-05-06T23:21:43.463+0000] {logging_mixin.py:188} INFO - [2026-05-06T23:21:43.462+0000] {dag.py:3096} INFO - Sync 1 DAGs
[2026-05-06T23:21:43.472+0000] {logging_mixin.py:188} INFO - [2026-05-06T23:21:43.471+0000] {dag.py:3954} INFO - Setting next_dagrun for example_sensor_decorator to None, run_after=None
[2026-05-06T23:21:43.488+0000] {processor.py:183} INFO - Processing /usr/local/python/3.12.1/lib/python3.12/site-packages/airflow/example_dags/example_sensor_decorator.py took 0.058 seconds
[2026-05-06T23:22:46.220+0000] {processor.py:161} INFO - Started process (PID=15324) to work on /usr/local/python/3.12.1/lib/python3.12/site-packages/airflow/example_dags/example_sensor_decorator.py
[2026-05-06T23:22:46.221+0000] {processor.py:830} INFO - Processing file /usr/local/python/3.12.1/lib/python3.12/site-packages/airflow/example_dags/example_sensor_decorator.py for tasks to queue
[2026-05-06T23:22:46.222+0000] {logging_mixin.py:188} INFO - [2026-05-06T23:22:46.222+0000] {dagbag.py:545} INFO - Filling up the DagBag from /usr/local/python/3.12.1/lib/python3.12/site-packages/airflow/example_dags/example_sensor_decorator.py
[2026-05-06T23:22:46.227+0000] {processor.py:840} INFO - DAG(s) 'example_sensor_decorator' retrieved from /usr/local/python/3.12.1/lib/python3.12/site-packages/airflow/example_dags/example_sensor_decorator.py
[2026-05-06T23:22:46.239+0000] {logging_mixin.py:188} INFO - [2026-05-06T23:22:46.239+0000] {dag.py:3096} INFO - Sync 1 DAGs
[2026-05-06T23:22:46.248+0000] {logging_mixin.py:188} INFO - [2026-05-06T23:22:46.248+0000] {dag.py:3954} INFO - Setting next_dagrun for example_sensor_decorator to None, run_after=None
[2026-05-06T23:22:46.264+0000] {processor.py:183} INFO - Processing /usr/local/python/3.12.1/lib/python3.12/site-packages/airflow/example_dags/example_sensor_decorator.py took 0.048 seconds
[2026-05-06T23:23:41.047+0000] {processor.py:161} INFO - Started process (PID=15874) to work on /usr/local/python/3.12.1/lib/python3.12/site-packages/airflow/example_dags/example_sensor_decorator.py
[2026-05-06T23:23:41.047+0000] {processor.py:830} INFO - Processing file /usr/local/python/3.12.1/lib/python3.12/site-packages/airflow/example_dags/example_sensor_decorator.py for tasks to queue
[2026-05-06T23:23:41.049+0000] {logging_mixin.py:188} INFO - [2026-05-06T23:23:41.049+0000] {dagbag.py:545} INFO - Filling up the DagBag from /usr/local/python/3.12.1/lib/python3.12/site-packages/airflow/example_dags/example_sensor_decorator.py
[2026-05-06T23:23:41.054+0000] {processor.py:840} INFO - DAG(s) 'example_sensor_decorator' retrieved from /usr/local/python/3.12.1/lib/python3.12/site-packages/airflow/example_dags/example_sensor_decorator.py
[2026-05-06T23:23:41.068+0000] {logging_mixin.py:188} INFO - [2026-05-06T23:23:41.068+0000] {dag.py:3096} INFO - Sync 1 DAGs
[2026-05-06T23:23:41.077+0000] {logging_mixin.py:188} INFO - [2026-05-06T23:23:41.077+0000] {dag.py:3954} INFO - Setting next_dagrun for example_sensor_decorator to None, run_after=None
[2026-05-06T23:23:41.093+0000] {processor.py:183} INFO - Processing /usr/local/python/3.12.1/lib/python3.12/site-packages/airflow/example_dags/example_sensor_decorator.py took 0.051 seconds
[2026-05-06T23:24:38.719+0000] {processor.py:161} INFO - Started process (PID=16717) to work on /usr/local/python/3.12.1/lib/python3.12/site-packages/airflow/example_dags/example_sensor_decorator.py
[2026-05-06T23:24:38.720+0000] {processor.py:830} INFO - Processing file /usr/local/python/3.12.1/lib/python3.12/site-packages/airflow/example_dags/example_sensor_decorator.py for tasks to queue
[2026-05-06T23:24:38.722+0000] {logging_mixin.py:188} INFO - [2026-05-06T23:24:38.721+0000] {dagbag.py:545} INFO - Filling up the DagBag from /usr/local/python/3.12.1/lib/python3.12/site-packages/airflow/example_dags/example_sensor_decorator.py
[2026-05-06T23:24:38.729+0000] {processor.py:840} INFO - DAG(s) 'example_sensor_decorator' retrieved from /usr/local/python/3.12.1/lib/python3.12/site-packages/airflow/example_dags/example_sensor_decorator.py
[2026-05-06T23:24:38.746+0000] {logging_mixin.py:188} INFO - [2026-05-06T23:24:38.746+0000] {dag.py:3096} INFO - Sync 1 DAGs
[2026-05-06T23:24:38.761+0000] {logging_mixin.py:188} INFO - [2026-05-06T23:24:38.760+0000] {dag.py:3954} INFO - Setting next_dagrun for example_sensor_decorator to None, run_after=None
[2026-05-06T23:24:38.778+0000] {processor.py:183} INFO - Processing /usr/local/python/3.12.1/lib/python3.12/site-packages/airflow/example_dags/example_sensor_decorator.py took 0.065 seconds
[2026-05-06T23:25:35.881+0000] {processor.py:161} INFO - Started process (PID=17269) to work on /usr/local/python/3.12.1/lib/python3.12/site-packages/airflow/example_dags/example_sensor_decorator.py
[2026-05-06T23:25:35.882+0000] {processor.py:830} INFO - Processing file /usr/local/python/3.12.1/lib/python3.12/site-packages/airflow/example_dags/example_sensor_decorator.py for tasks to queue
[2026-05-06T23:25:35.884+0000] {logging_mixin.py:188} INFO - [2026-05-06T23:25:35.883+0000] {dagbag.py:545} INFO - Filling up the DagBag from /usr/local/python/3.12.1/lib/python3.12/site-packages/airflow/example_dags/example_sensor_decorator.py
[2026-05-06T23:25:35.888+0000] {processor.py:840} INFO - DAG(s) 'example_sensor_decorator' retrieved from /usr/local/python/3.12.1/lib/python3.12/site-packages/airflow/example_dags/example_sensor_decorator.py
[2026-05-06T23:25:35.901+0000] {logging_mixin.py:188} INFO - [2026-05-06T23:25:35.901+0000] {dag.py:3096} INFO - Sync 1 DAGs
[2026-05-06T23:25:35.909+0000] {logging_mixin.py:188} INFO - [2026-05-06T23:25:35.909+0000] {dag.py:3954} INFO - Setting next_dagrun for example_sensor_decorator to None, run_after=None
[2026-05-06T23:25:35.925+0000] {processor.py:183} INFO - Processing /usr/local/python/3.12.1/lib/python3.12/site-packages/airflow/example_dags/example_sensor_decorator.py took 0.048 seconds
[2026-05-06T23:26:19.129+0000] {processor.py:161} INFO - Started process (PID=17633) to work on /usr/local/python/3.12.1/lib/python3.12/site-packages/airflow/example_dags/example_sensor_decorator.py
[2026-05-06T23:26:19.130+0000] {processor.py:830} INFO - Processing file /usr/local/python/3.12.1/lib/python3.12/site-packages/airflow/example_dags/example_sensor_decorator.py for tasks to queue
[2026-05-06T23:26:19.131+0000] {logging_mixin.py:188} INFO - [2026-05-06T23:26:19.131+0000] {dagbag.py:545} INFO - Filling up the DagBag from /usr/local/python/3.12.1/lib/python3.12/site-packages/airflow/example_dags/example_sensor_decorator.py
[2026-05-06T23:26:19.136+0000] {processor.py:840} INFO - DAG(s) 'example_sensor_decorator' retrieved from /usr/local/python/3.12.1/lib/python3.12/site-packages/airflow/example_dags/example_sensor_decorator.py
[2026-05-06T23:26:19.148+0000] {logging_mixin.py:188} INFO - [2026-05-06T23:26:19.148+0000] {dag.py:3096} INFO - Sync 1 DAGs
[2026-05-06T23:26:19.157+0000] {logging_mixin.py:188} INFO - [2026-05-06T23:26:19.157+0000] {dag.py:3954} INFO - Setting next_dagrun for example_sensor_decorator to None, run_after=None
[2026-05-06T23:26:19.176+0000] {processor.py:183} INFO - Processing /usr/local/python/3.12.1/lib/python3.12/site-packages/airflow/example_dags/example_sensor_decorator.py took 0.051 seconds
[2026-05-06T23:27:13.949+0000] {processor.py:161} INFO - Started process (PID=18159) to work on /usr/local/python/3.12.1/lib/python3.12/site-packages/airflow/example_dags/example_sensor_decorator.py
[2026-05-06T23:27:13.949+0000] {processor.py:830} INFO - Processing file /usr/local/python/3.12.1/lib/python3.12/site-packages/airflow/example_dags/example_sensor_decorator.py for tasks to queue
[2026-05-06T23:27:13.951+0000] {logging_mixin.py:188} INFO - [2026-05-06T23:27:13.950+0000] {dagbag.py:545} INFO - Filling up the DagBag from /usr/local/python/3.12.1/lib/python3.12/site-packages/airflow/example_dags/example_sensor_decorator.py
[2026-05-06T23:27:13.958+0000] {processor.py:840} INFO - DAG(s) 'example_sensor_decorator' retrieved from /usr/local/python/3.12.1/lib/python3.12/site-packages/airflow/example_dags/example_sensor_decorator.py
[2026-05-06T23:27:13.977+0000] {logging_mixin.py:188} INFO - [2026-05-06T23:27:13.976+0000] {dag.py:3096} INFO - Sync 1 DAGs
[2026-05-06T23:27:13.991+0000] {logging_mixin.py:188} INFO - [2026-05-06T23:27:13.991+0000] {dag.py:3954} INFO - Setting next_dagrun for example_sensor_decorator to None, run_after=None
[2026-05-06T23:27:14.012+0000] {processor.py:183} INFO - Processing /usr/local/python/3.12.1/lib/python3.12/site-packages/airflow/example_dags/example_sensor_decorator.py took 0.068 seconds
[2026-05-06T23:28:13.521+0000] {processor.py:161} INFO - Started process (PID=18742) to work on /usr/local/python/3.12.1/lib/python3.12/site-packages/airflow/example_dags/example_sensor_decorator.py
[2026-05-06T23:28:13.522+0000] {processor.py:830} INFO - Processing file /usr/local/python/3.12.1/lib/python3.12/site-packages/airflow/example_dags/example_sensor_decorator.py for tasks to queue
[2026-05-06T23:28:13.523+0000] {logging_mixin.py:188} INFO - [2026-05-06T23:28:13.523+0000] {dagbag.py:545} INFO - Filling up the DagBag from /usr/local/python/3.12.1/lib/python3.12/site-packages/airflow/example_dags/example_sensor_decorator.py
[2026-05-06T23:28:13.529+0000] {processor.py:840} INFO - DAG(s) 'example_sensor_decorator' retrieved from /usr/local/python/3.12.1/lib/python3.12/site-packages/airflow/example_dags/example_sensor_decorator.py
[2026-05-06T23:28:13.541+0000] {logging_mixin.py:188} INFO - [2026-05-06T23:28:13.541+0000] {dag.py:3096} INFO - Sync 1 DAGs
[2026-05-06T23:28:13.550+0000] {logging_mixin.py:188} INFO - [2026-05-06T23:28:13.549+0000] {dag.py:3954} INFO - Setting next_dagrun for example_sensor_decorator to None, run_after=None
[2026-05-06T23:28:13.681+0000] {processor.py:183} INFO - Processing /usr/local/python/3.12.1/lib/python3.12/site-packages/airflow/example_dags/example_sensor_decorator.py took 0.164 seconds
[2026-05-06T23:28:54.836+0000] {processor.py:161} INFO - Started process (PID=19084) to work on /usr/local/python/3.12.1/lib/python3.12/site-packages/airflow/example_dags/example_sensor_decorator.py
[2026-05-06T23:28:54.837+0000] {processor.py:830} INFO - Processing file /usr/local/python/3.12.1/lib/python3.12/site-packages/airflow/example_dags/example_sensor_decorator.py for tasks to queue
[2026-05-06T23:28:54.838+0000] {logging_mixin.py:188} INFO - [2026-05-06T23:28:54.838+0000] {dagbag.py:545} INFO - Filling up the DagBag from /usr/local/python/3.12.1/lib/python3.12/site-packages/airflow/example_dags/example_sensor_decorator.py
[2026-05-06T23:28:54.843+0000] {processor.py:840} INFO - DAG(s) 'example_sensor_decorator' retrieved from /usr/local/python/3.12.1/lib/python3.12/site-packages/airflow/example_dags/example_sensor_decorator.py
[2026-05-06T23:28:54.856+0000] {logging_mixin.py:188} INFO - [2026-05-06T23:28:54.856+0000] {dag.py:3096} INFO - Sync 1 DAGs
[2026-05-06T23:28:54.866+0000] {logging_mixin.py:188} INFO - [2026-05-06T23:28:54.866+0000] {dag.py:3954} INFO - Setting next_dagrun for example_sensor_decorator to None, run_after=None
[2026-05-06T23:28:54.882+0000] {processor.py:183} INFO - Processing /usr/local/python/3.12.1/lib/python3.12/site-packages/airflow/example_dags/example_sensor_decorator.py took 0.051 seconds
[2026-05-06T23:31:47.652+0000] {processor.py:161} INFO - Started process (PID=20767) to work on /usr/local/python/3.12.1/lib/python3.12/site-packages/airflow/example_dags/example_sensor_decorator.py
[2026-05-06T23:31:47.653+0000] {processor.py:830} INFO - Processing file /usr/local/python/3.12.1/lib/python3.12/site-packages/airflow/example_dags/example_sensor_decorator.py for tasks to queue
[2026-05-06T23:31:47.654+0000] {logging_mixin.py:188} INFO - [2026-05-06T23:31:47.654+0000] {dagbag.py:545} INFO - Filling up the DagBag from /usr/local/python/3.12.1/lib/python3.12/site-packages/airflow/example_dags/example_sensor_decorator.py
[2026-05-06T23:31:47.659+0000] {processor.py:840} INFO - DAG(s) 'example_sensor_decorator' retrieved from /usr/local/python/3.12.1/lib/python3.12/site-packages/airflow/example_dags/example_sensor_decorator.py
[2026-05-06T23:31:47.673+0000] {logging_mixin.py:188} INFO - [2026-05-06T23:31:47.673+0000] {dag.py:3096} INFO - Sync 1 DAGs
[2026-05-06T23:31:47.683+0000] {logging_mixin.py:188} INFO - [2026-05-06T23:31:47.682+0000] {dag.py:3954} INFO - Setting next_dagrun for example_sensor_decorator to None, run_after=None
[2026-05-06T23:31:47.699+0000] {processor.py:183} INFO - Processing /usr/local/python/3.12.1/lib/python3.12/site-packages/airflow/example_dags/example_sensor_decorator.py took 0.052 seconds
[2026-05-06T23:32:36.258+0000] {processor.py:161} INFO - Started process (PID=21153) to work on /usr/local/python/3.12.1/lib/python3.12/site-packages/airflow/example_dags/example_sensor_decorator.py
[2026-05-06T23:32:36.259+0000] {processor.py:830} INFO - Processing file /usr/local/python/3.12.1/lib/python3.12/site-packages/airflow/example_dags/example_sensor_decorator.py for tasks to queue
[2026-05-06T23:32:36.260+0000] {logging_mixin.py:188} INFO - [2026-05-06T23:32:36.260+0000] {dagbag.py:545} INFO - Filling up the DagBag from /usr/local/python/3.12.1/lib/python3.12/site-packages/airflow/example_dags/example_sensor_decorator.py
[2026-05-06T23:32:36.265+0000] {processor.py:840} INFO - DAG(s) 'example_sensor_decorator' retrieved from /usr/local/python/3.12.1/lib/python3.12/site-packages/airflow/example_dags/example_sensor_decorator.py
[2026-05-06T23:32:36.279+0000] {logging_mixin.py:188} INFO - [2026-05-06T23:32:36.278+0000] {dag.py:3096} INFO - Sync 1 DAGs
[2026-05-06T23:32:36.288+0000] {logging_mixin.py:188} INFO - [2026-05-06T23:32:36.287+0000] {dag.py:3954} INFO - Setting next_dagrun for example_sensor_decorator to None, run_after=None
[2026-05-06T23:32:36.304+0000] {processor.py:183} INFO - Processing /usr/local/python/3.12.1/lib/python3.12/site-packages/airflow/example_dags/example_sensor_decorator.py took 0.051 seconds
[2026-05-06T23:33:25.002+0000] {processor.py:161} INFO - Started process (PID=21521) to work on /usr/local/python/3.12.1/lib/python3.12/site-packages/airflow/example_dags/example_sensor_decorator.py
[2026-05-06T23:33:25.003+0000] {processor.py:830} INFO - Processing file /usr/local/python/3.12.1/lib/python3.12/site-packages/airflow/example_dags/example_sensor_decorator.py for tasks to queue
[2026-05-06T23:33:25.004+0000] {logging_mixin.py:188} INFO - [2026-05-06T23:33:25.004+0000] {dagbag.py:545} INFO - Filling up the DagBag from /usr/local/python/3.12.1/lib/python3.12/site-packages/airflow/example_dags/example_sensor_decorator.py
[2026-05-06T23:33:25.009+0000] {processor.py:840} INFO - DAG(s) 'example_sensor_decorator' retrieved from /usr/local/python/3.12.1/lib/python3.12/site-packages/airflow/example_dags/example_sensor_decorator.py
[2026-05-06T23:33:25.022+0000] {logging_mixin.py:188} INFO - [2026-05-06T23:33:25.022+0000] {dag.py:3096} INFO - Sync 1 DAGs
[2026-05-06T23:33:25.032+0000] {logging_mixin.py:188} INFO - [2026-05-06T23:33:25.031+0000] {dag.py:3954} INFO - Setting next_dagrun for example_sensor_decorator to None, run_after=None
[2026-05-06T23:33:25.049+0000] {processor.py:183} INFO - Processing /usr/local/python/3.12.1/lib/python3.12/site-packages/airflow/example_dags/example_sensor_decorator.py took 0.052 seconds
[2026-05-06T23:34:22.504+0000] {processor.py:161} INFO - Started process (PID=21980) to work on /usr/local/python/3.12.1/lib/python3.12/site-packages/airflow/example_dags/example_sensor_decorator.py
[2026-05-06T23:34:22.505+0000] {processor.py:830} INFO - Processing file /usr/local/python/3.12.1/lib/python3.12/site-packages/airflow/example_dags/example_sensor_decorator.py for tasks to queue
[2026-05-06T23:34:22.507+0000] {logging_mixin.py:188} INFO - [2026-05-06T23:34:22.506+0000] {dagbag.py:545} INFO - Filling up the DagBag from /usr/local/python/3.12.1/lib/python3.12/site-packages/airflow/example_dags/example_sensor_decorator.py
[2026-05-06T23:34:22.512+0000] {processor.py:840} INFO - DAG(s) 'example_sensor_decorator' retrieved from /usr/local/python/3.12.1/lib/python3.12/site-packages/airflow/example_dags/example_sensor_decorator.py
[2026-05-06T23:34:22.524+0000] {logging_mixin.py:188} INFO - [2026-05-06T23:34:22.524+0000] {dag.py:3096} INFO - Sync 1 DAGs
[2026-05-06T23:34:22.533+0000] {logging_mixin.py:188} INFO - [2026-05-06T23:34:22.533+0000] {dag.py:3954} INFO - Setting next_dagrun for example_sensor_decorator to None, run_after=None
[2026-05-06T23:34:22.550+0000] {processor.py:183} INFO - Processing /usr/local/python/3.12.1/lib/python3.12/site-packages/airflow/example_dags/example_sensor_decorator.py took 0.050 seconds
[2026-05-06T23:35:20.672+0000] {processor.py:161} INFO - Started process (PID=22446) to work on /usr/local/python/3.12.1/lib/python3.12/site-packages/airflow/example_dags/example_sensor_decorator.py
[2026-05-06T23:35:20.673+0000] {processor.py:830} INFO - Processing file /usr/local/python/3.12.1/lib/python3.12/site-packages/airflow/example_dags/example_sensor_decorator.py for tasks to queue
[2026-05-06T23:35:20.675+0000] {logging_mixin.py:188} INFO - [2026-05-06T23:35:20.674+0000] {dagbag.py:545} INFO - Filling up the DagBag from /usr/local/python/3.12.1/lib/python3.12/site-packages/airflow/example_dags/example_sensor_decorator.py
[2026-05-06T23:35:20.682+0000] {processor.py:840} INFO - DAG(s) 'example_sensor_decorator' retrieved from /usr/local/python/3.12.1/lib/python3.12/site-packages/airflow/example_dags/example_sensor_decorator.py
[2026-05-06T23:35:20.700+0000] {logging_mixin.py:188} INFO - [2026-05-06T23:35:20.700+0000] {dag.py:3096} INFO - Sync 1 DAGs
[2026-05-06T23:35:20.715+0000] {logging_mixin.py:188} INFO - [2026-05-06T23:35:20.715+0000] {dag.py:3954} INFO - Setting next_dagrun for example_sensor_decorator to None, run_after=None
[2026-05-06T23:35:20.742+0000] {processor.py:183} INFO - Processing /usr/local/python/3.12.1/lib/python3.12/site-packages/airflow/example_dags/example_sensor_decorator.py took 0.077 seconds
[2026-05-06T23:36:16.178+0000] {processor.py:161} INFO - Started process (PID=22882) to work on /usr/local/python/3.12.1/lib/python3.12/site-packages/airflow/example_dags/example_sensor_decorator.py
[2026-05-06T23:36:16.179+0000] {processor.py:830} INFO - Processing file /usr/local/python/3.12.1/lib/python3.12/site-packages/airflow/example_dags/example_sensor_decorator.py for tasks to queue
[2026-05-06T23:36:16.180+0000] {logging_mixin.py:188} INFO - [2026-05-06T23:36:16.180+0000] {dagbag.py:545} INFO - Filling up the DagBag from /usr/local/python/3.12.1/lib/python3.12/site-packages/airflow/example_dags/example_sensor_decorator.py
[2026-05-06T23:36:16.186+0000] {processor.py:840} INFO - DAG(s) 'example_sensor_decorator' retrieved from /usr/local/python/3.12.1/lib/python3.12/site-packages/airflow/example_dags/example_sensor_decorator.py
[2026-05-06T23:36:16.198+0000] {logging_mixin.py:188} INFO - [2026-05-06T23:36:16.198+0000] {dag.py:3096} INFO - Sync 1 DAGs
[2026-05-06T23:36:16.207+0000] {logging_mixin.py:188} INFO - [2026-05-06T23:36:16.207+0000] {dag.py:3954} INFO - Setting next_dagrun for example_sensor_decorator to None, run_after=None
[2026-05-06T23:36:16.224+0000] {processor.py:183} INFO - Processing /usr/local/python/3.12.1/lib/python3.12/site-packages/airflow/example_dags/example_sensor_decorator.py took 0.051 seconds
[2026-05-06T23:37:12.404+0000] {processor.py:161} INFO - Started process (PID=23321) to work on /usr/local/python/3.12.1/lib/python3.12/site-packages/airflow/example_dags/example_sensor_decorator.py
[2026-05-06T23:37:12.405+0000] {processor.py:830} INFO - Processing file /usr/local/python/3.12.1/lib/python3.12/site-packages/airflow/example_dags/example_sensor_decorator.py for tasks to queue
[2026-05-06T23:37:12.407+0000] {logging_mixin.py:188} INFO - [2026-05-06T23:37:12.406+0000] {dagbag.py:545} INFO - Filling up the DagBag from /usr/local/python/3.12.1/lib/python3.12/site-packages/airflow/example_dags/example_sensor_decorator.py
[2026-05-06T23:37:12.412+0000] {processor.py:840} INFO - DAG(s) 'example_sensor_decorator' retrieved from /usr/local/python/3.12.1/lib/python3.12/site-packages/airflow/example_dags/example_sensor_decorator.py
[2026-05-06T23:37:12.426+0000] {logging_mixin.py:188} INFO - [2026-05-06T23:37:12.426+0000] {dag.py:3096} INFO - Sync 1 DAGs
[2026-05-06T23:37:12.436+0000] {logging_mixin.py:188} INFO - [2026-05-06T23:37:12.435+0000] {dag.py:3954} INFO - Setting next_dagrun for example_sensor_decorator to None, run_after=None
[2026-05-06T23:37:12.454+0000] {processor.py:183} INFO - Processing /usr/local/python/3.12.1/lib/python3.12/site-packages/airflow/example_dags/example_sensor_decorator.py took 0.055 seconds
[2026-05-06T23:38:10.182+0000] {processor.py:161} INFO - Started process (PID=23771) to work on /usr/local/python/3.12.1/lib/python3.12/site-packages/airflow/example_dags/example_sensor_decorator.py
[2026-05-06T23:38:10.183+0000] {processor.py:830} INFO - Processing file /usr/local/python/3.12.1/lib/python3.12/site-packages/airflow/example_dags/example_sensor_decorator.py for tasks to queue
[2026-05-06T23:38:10.184+0000] {logging_mixin.py:188} INFO - [2026-05-06T23:38:10.184+0000] {dagbag.py:545} INFO - Filling up the DagBag from /usr/local/python/3.12.1/lib/python3.12/site-packages/airflow/example_dags/example_sensor_decorator.py
[2026-05-06T23:38:10.190+0000] {processor.py:840} INFO - DAG(s) 'example_sensor_decorator' retrieved from /usr/local/python/3.12.1/lib/python3.12/site-packages/airflow/example_dags/example_sensor_decorator.py
[2026-05-06T23:38:10.204+0000] {logging_mixin.py:188} INFO - [2026-05-06T23:38:10.203+0000] {dag.py:3096} INFO - Sync 1 DAGs
[2026-05-06T23:38:10.213+0000] {logging_mixin.py:188} INFO - [2026-05-06T23:38:10.213+0000] {dag.py:3954} INFO - Setting next_dagrun for example_sensor_decorator to None, run_after=None
[2026-05-06T23:38:10.231+0000] {processor.py:183} INFO - Processing /usr/local/python/3.12.1/lib/python3.12/site-packages/airflow/example_dags/example_sensor_decorator.py took 0.055 seconds
[2026-05-06T23:39:08.164+0000] {processor.py:161} INFO - Started process (PID=24218) to work on /usr/local/python/3.12.1/lib/python3.12/site-packages/airflow/example_dags/example_sensor_decorator.py
[2026-05-06T23:39:08.165+0000] {processor.py:830} INFO - Processing file /usr/local/python/3.12.1/lib/python3.12/site-packages/airflow/example_dags/example_sensor_decorator.py for tasks to queue
[2026-05-06T23:39:08.166+0000] {logging_mixin.py:188} INFO - [2026-05-06T23:39:08.166+0000] {dagbag.py:545} INFO - Filling up the DagBag from /usr/local/python/3.12.1/lib/python3.12/site-packages/airflow/example_dags/example_sensor_decorator.py
[2026-05-06T23:39:08.172+0000] {processor.py:840} INFO - DAG(s) 'example_sensor_decorator' retrieved from /usr/local/python/3.12.1/lib/python3.12/site-packages/airflow/example_dags/example_sensor_decorator.py
[2026-05-06T23:39:08.185+0000] {logging_mixin.py:188} INFO - [2026-05-06T23:39:08.185+0000] {dag.py:3096} INFO - Sync 1 DAGs
[2026-05-06T23:39:08.195+0000] {logging_mixin.py:188} INFO - [2026-05-06T23:39:08.195+0000] {dag.py:3954} INFO - Setting next_dagrun for example_sensor_decorator to None, run_after=None
[2026-05-06T23:39:08.312+0000] {processor.py:183} INFO - Processing /usr/local/python/3.12.1/lib/python3.12/site-packages/airflow/example_dags/example_sensor_decorator.py took 0.153 seconds
[2026-05-06T23:40:05.765+0000] {processor.py:161} INFO - Started process (PID=24675) to work on /usr/local/python/3.12.1/lib/python3.12/site-packages/airflow/example_dags/example_sensor_decorator.py
[2026-05-06T23:40:05.766+0000] {processor.py:830} INFO - Processing file /usr/local/python/3.12.1/lib/python3.12/site-packages/airflow/example_dags/example_sensor_decorator.py for tasks to queue
[2026-05-06T23:40:05.768+0000] {logging_mixin.py:188} INFO - [2026-05-06T23:40:05.767+0000] {dagbag.py:545} INFO - Filling up the DagBag from /usr/local/python/3.12.1/lib/python3.12/site-packages/airflow/example_dags/example_sensor_decorator.py
[2026-05-06T23:40:05.773+0000] {processor.py:840} INFO - DAG(s) 'example_sensor_decorator' retrieved from /usr/local/python/3.12.1/lib/python3.12/site-packages/airflow/example_dags/example_sensor_decorator.py
[2026-05-06T23:40:05.786+0000] {logging_mixin.py:188} INFO - [2026-05-06T23:40:05.786+0000] {dag.py:3096} INFO - Sync 1 DAGs
[2026-05-06T23:40:05.796+0000] {logging_mixin.py:188} INFO - [2026-05-06T23:40:05.795+0000] {dag.py:3954} INFO - Setting next_dagrun for example_sensor_decorator to None, run_after=None
[2026-05-06T23:40:05.813+0000] {processor.py:183} INFO - Processing /usr/local/python/3.12.1/lib/python3.12/site-packages/airflow/example_dags/example_sensor_decorator.py took 0.053 seconds
[2026-05-06T23:40:49.159+0000] {processor.py:161} INFO - Started process (PID=25007) to work on /usr/local/python/3.12.1/lib/python3.12/site-packages/airflow/example_dags/example_sensor_decorator.py
[2026-05-06T23:40:49.160+0000] {processor.py:830} INFO - Processing file /usr/local/python/3.12.1/lib/python3.12/site-packages/airflow/example_dags/example_sensor_decorator.py for tasks to queue
[2026-05-06T23:40:49.161+0000] {logging_mixin.py:188} INFO - [2026-05-06T23:40:49.161+0000] {dagbag.py:545} INFO - Filling up the DagBag from /usr/local/python/3.12.1/lib/python3.12/site-packages/airflow/example_dags/example_sensor_decorator.py
[2026-05-06T23:40:49.166+0000] {processor.py:840} INFO - DAG(s) 'example_sensor_decorator' retrieved from /usr/local/python/3.12.1/lib/python3.12/site-packages/airflow/example_dags/example_sensor_decorator.py
[2026-05-06T23:40:49.179+0000] {logging_mixin.py:188} INFO - [2026-05-06T23:40:49.179+0000] {dag.py:3096} INFO - Sync 1 DAGs
[2026-05-06T23:40:49.189+0000] {logging_mixin.py:188} INFO - [2026-05-06T23:40:49.189+0000] {dag.py:3954} INFO - Setting next_dagrun for example_sensor_decorator to None, run_after=None
[2026-05-06T23:40:49.206+0000] {processor.py:183} INFO - Processing /usr/local/python/3.12.1/lib/python3.12/site-packages/airflow/example_dags/example_sensor_decorator.py took 0.052 seconds
[2026-05-06T23:41:43.891+0000] {processor.py:161} INFO - Started process (PID=25443) to work on /usr/local/python/3.12.1/lib/python3.12/site-packages/airflow/example_dags/example_sensor_decorator.py
[2026-05-06T23:41:43.891+0000] {processor.py:830} INFO - Processing file /usr/local/python/3.12.1/lib/python3.12/site-packages/airflow/example_dags/example_sensor_decorator.py for tasks to queue
[2026-05-06T23:41:43.893+0000] {logging_mixin.py:188} INFO - [2026-05-06T23:41:43.892+0000] {dagbag.py:545} INFO - Filling up the DagBag from /usr/local/python/3.12.1/lib/python3.12/site-packages/airflow/example_dags/example_sensor_decorator.py
[2026-05-06T23:41:43.898+0000] {processor.py:840} INFO - DAG(s) 'example_sensor_decorator' retrieved from /usr/local/python/3.12.1/lib/python3.12/site-packages/airflow/example_dags/example_sensor_decorator.py
[2026-05-06T23:41:43.912+0000] {logging_mixin.py:188} INFO - [2026-05-06T23:41:43.912+0000] {dag.py:3096} INFO - Sync 1 DAGs
[2026-05-06T23:41:44.020+0000] {logging_mixin.py:188} INFO - [2026-05-06T23:41:44.020+0000] {dag.py:3954} INFO - Setting next_dagrun for example_sensor_decorator to None, run_after=None
[2026-05-06T23:41:44.035+0000] {processor.py:183} INFO - Processing /usr/local/python/3.12.1/lib/python3.12/site-packages/airflow/example_dags/example_sensor_decorator.py took 0.150 seconds
[2026-05-06T23:42:26.290+0000] {processor.py:161} INFO - Started process (PID=25764) to work on /usr/local/python/3.12.1/lib/python3.12/site-packages/airflow/example_dags/example_sensor_decorator.py
[2026-05-06T23:42:26.291+0000] {processor.py:830} INFO - Processing file /usr/local/python/3.12.1/lib/python3.12/site-packages/airflow/example_dags/example_sensor_decorator.py for tasks to queue
[2026-05-06T23:42:26.292+0000] {logging_mixin.py:188} INFO - [2026-05-06T23:42:26.292+0000] {dagbag.py:545} INFO - Filling up the DagBag from /usr/local/python/3.12.1/lib/python3.12/site-packages/airflow/example_dags/example_sensor_decorator.py
[2026-05-06T23:42:26.298+0000] {processor.py:840} INFO - DAG(s) 'example_sensor_decorator' retrieved from /usr/local/python/3.12.1/lib/python3.12/site-packages/airflow/example_dags/example_sensor_decorator.py
[2026-05-06T23:42:26.311+0000] {logging_mixin.py:188} INFO - [2026-05-06T23:42:26.311+0000] {dag.py:3096} INFO - Sync 1 DAGs
[2026-05-06T23:42:26.320+0000] {logging_mixin.py:188} INFO - [2026-05-06T23:42:26.320+0000] {dag.py:3954} INFO - Setting next_dagrun for example_sensor_decorator to None, run_after=None
[2026-05-06T23:42:26.338+0000] {processor.py:183} INFO - Processing /usr/local/python/3.12.1/lib/python3.12/site-packages/airflow/example_dags/example_sensor_decorator.py took 0.053 seconds
[2026-05-06T23:43:09.581+0000] {processor.py:161} INFO - Started process (PID=26094) to work on /usr/local/python/3.12.1/lib/python3.12/site-packages/airflow/example_dags/example_sensor_decorator.py
[2026-05-06T23:43:09.582+0000] {processor.py:830} INFO - Processing file /usr/local/python/3.12.1/lib/python3.12/site-packages/airflow/example_dags/example_sensor_decorator.py for tasks to queue
[2026-05-06T23:43:09.583+0000] {logging_mixin.py:188} INFO - [2026-05-06T23:43:09.583+0000] {dagbag.py:545} INFO - Filling up the DagBag from /usr/local/python/3.12.1/lib/python3.12/site-packages/airflow/example_dags/example_sensor_decorator.py
[2026-05-06T23:43:09.589+0000] {processor.py:840} INFO - DAG(s) 'example_sensor_decorator' retrieved from /usr/local/python/3.12.1/lib/python3.12/site-packages/airflow/example_dags/example_sensor_decorator.py
[2026-05-06T23:43:09.606+0000] {logging_mixin.py:188} INFO - [2026-05-06T23:43:09.606+0000] {dag.py:3096} INFO - Sync 1 DAGs
[2026-05-06T23:43:09.616+0000] {logging_mixin.py:188} INFO - [2026-05-06T23:43:09.615+0000] {dag.py:3954} INFO - Setting next_dagrun for example_sensor_decorator to None, run_after=None
[2026-05-06T23:43:09.634+0000] {processor.py:183} INFO - Processing /usr/local/python/3.12.1/lib/python3.12/site-packages/airflow/example_dags/example_sensor_decorator.py took 0.058 seconds
[2026-05-06T23:44:06.083+0000] {processor.py:161} INFO - Started process (PID=26547) to work on /usr/local/python/3.12.1/lib/python3.12/site-packages/airflow/example_dags/example_sensor_decorator.py
[2026-05-06T23:44:06.084+0000] {processor.py:830} INFO - Processing file /usr/local/python/3.12.1/lib/python3.12/site-packages/airflow/example_dags/example_sensor_decorator.py for tasks to queue
[2026-05-06T23:44:06.085+0000] {logging_mixin.py:188} INFO - [2026-05-06T23:44:06.085+0000] {dagbag.py:545} INFO - Filling up the DagBag from /usr/local/python/3.12.1/lib/python3.12/site-packages/airflow/example_dags/example_sensor_decorator.py
[2026-05-06T23:44:06.091+0000] {processor.py:840} INFO - DAG(s) 'example_sensor_decorator' retrieved from /usr/local/python/3.12.1/lib/python3.12/site-packages/airflow/example_dags/example_sensor_decorator.py
[2026-05-06T23:44:06.105+0000] {logging_mixin.py:188} INFO - [2026-05-06T23:44:06.104+0000] {dag.py:3096} INFO - Sync 1 DAGs
[2026-05-06T23:44:06.114+0000] {logging_mixin.py:188} INFO - [2026-05-06T23:44:06.114+0000] {dag.py:3954} INFO - Setting next_dagrun for example_sensor_decorator to None, run_after=None
[2026-05-06T23:44:06.132+0000] {processor.py:183} INFO - Processing /usr/local/python/3.12.1/lib/python3.12/site-packages/airflow/example_dags/example_sensor_decorator.py took 0.054 seconds
[2026-05-06T23:45:04.148+0000] {processor.py:161} INFO - Started process (PID=26981) to work on /usr/local/python/3.12.1/lib/python3.12/site-packages/airflow/example_dags/example_sensor_decorator.py
[2026-05-06T23:45:04.149+0000] {processor.py:830} INFO - Processing file /usr/local/python/3.12.1/lib/python3.12/site-packages/airflow/example_dags/example_sensor_decorator.py for tasks to queue
[2026-05-06T23:45:04.151+0000] {logging_mixin.py:188} INFO - [2026-05-06T23:45:04.151+0000] {dagbag.py:545} INFO - Filling up the DagBag from /usr/local/python/3.12.1/lib/python3.12/site-packages/airflow/example_dags/example_sensor_decorator.py
[2026-05-06T23:45:04.156+0000] {processor.py:840} INFO - DAG(s) 'example_sensor_decorator' retrieved from /usr/local/python/3.12.1/lib/python3.12/site-packages/airflow/example_dags/example_sensor_decorator.py
[2026-05-06T23:45:04.169+0000] {logging_mixin.py:188} INFO - [2026-05-06T23:45:04.169+0000] {dag.py:3096} INFO - Sync 1 DAGs
[2026-05-06T23:45:04.178+0000] {logging_mixin.py:188} INFO - [2026-05-06T23:45:04.178+0000] {dag.py:3954} INFO - Setting next_dagrun for example_sensor_decorator to None, run_after=None
[2026-05-06T23:45:04.194+0000] {processor.py:183} INFO - Processing /usr/local/python/3.12.1/lib/python3.12/site-packages/airflow/example_dags/example_sensor_decorator.py took 0.051 seconds
[2026-05-06T23:46:03.155+0000] {processor.py:161} INFO - Started process (PID=27444) to work on /usr/local/python/3.12.1/lib/python3.12/site-packages/airflow/example_dags/example_sensor_decorator.py
[2026-05-06T23:46:03.156+0000] {processor.py:830} INFO - Processing file /usr/local/python/3.12.1/lib/python3.12/site-packages/airflow/example_dags/example_sensor_decorator.py for tasks to queue
[2026-05-06T23:46:03.158+0000] {logging_mixin.py:188} INFO - [2026-05-06T23:46:03.158+0000] {dagbag.py:545} INFO - Filling up the DagBag from /usr/local/python/3.12.1/lib/python3.12/site-packages/airflow/example_dags/example_sensor_decorator.py
[2026-05-06T23:46:03.164+0000] {processor.py:840} INFO - DAG(s) 'example_sensor_decorator' retrieved from /usr/local/python/3.12.1/lib/python3.12/site-packages/airflow/example_dags/example_sensor_decorator.py
[2026-05-06T23:46:03.177+0000] {logging_mixin.py:188} INFO - [2026-05-06T23:46:03.176+0000] {dag.py:3096} INFO - Sync 1 DAGs
[2026-05-06T23:46:03.187+0000] {logging_mixin.py:188} INFO - [2026-05-06T23:46:03.186+0000] {dag.py:3954} INFO - Setting next_dagrun for example_sensor_decorator to None, run_after=None
[2026-05-06T23:46:03.204+0000] {processor.py:183} INFO - Processing /usr/local/python/3.12.1/lib/python3.12/site-packages/airflow/example_dags/example_sensor_decorator.py took 0.056 seconds
[2026-05-06T23:46:59.590+0000] {processor.py:161} INFO - Started process (PID=27890) to work on /usr/local/python/3.12.1/lib/python3.12/site-packages/airflow/example_dags/example_sensor_decorator.py
[2026-05-06T23:46:59.591+0000] {processor.py:830} INFO - Processing file /usr/local/python/3.12.1/lib/python3.12/site-packages/airflow/example_dags/example_sensor_decorator.py for tasks to queue
[2026-05-06T23:46:59.593+0000] {logging_mixin.py:188} INFO - [2026-05-06T23:46:59.592+0000] {dagbag.py:545} INFO - Filling up the DagBag from /usr/local/python/3.12.1/lib/python3.12/site-packages/airflow/example_dags/example_sensor_decorator.py
[2026-05-06T23:46:59.599+0000] {processor.py:840} INFO - DAG(s) 'example_sensor_decorator' retrieved from /usr/local/python/3.12.1/lib/python3.12/site-packages/airflow/example_dags/example_sensor_decorator.py
[2026-05-06T23:46:59.613+0000] {logging_mixin.py:188} INFO - [2026-05-06T23:46:59.612+0000] {dag.py:3096} INFO - Sync 1 DAGs
[2026-05-06T23:46:59.624+0000] {logging_mixin.py:188} INFO - [2026-05-06T23:46:59.624+0000] {dag.py:3954} INFO - Setting next_dagrun for example_sensor_decorator to None, run_after=None
[2026-05-06T23:46:59.659+0000] {processor.py:183} INFO - Processing /usr/local/python/3.12.1/lib/python3.12/site-packages/airflow/example_dags/example_sensor_decorator.py took 0.075 seconds
[2026-05-06T23:47:42.238+0000] {processor.py:161} INFO - Started process (PID=28221) to work on /usr/local/python/3.12.1/lib/python3.12/site-packages/airflow/example_dags/example_sensor_decorator.py
[2026-05-06T23:47:42.238+0000] {processor.py:830} INFO - Processing file /usr/local/python/3.12.1/lib/python3.12/site-packages/airflow/example_dags/example_sensor_decorator.py for tasks to queue
[2026-05-06T23:47:42.240+0000] {logging_mixin.py:188} INFO - [2026-05-06T23:47:42.239+0000] {dagbag.py:545} INFO - Filling up the DagBag from /usr/local/python/3.12.1/lib/python3.12/site-packages/airflow/example_dags/example_sensor_decorator.py
[2026-05-06T23:47:42.245+0000] {processor.py:840} INFO - DAG(s) 'example_sensor_decorator' retrieved from /usr/local/python/3.12.1/lib/python3.12/site-packages/airflow/example_dags/example_sensor_decorator.py
[2026-05-06T23:47:42.259+0000] {logging_mixin.py:188} INFO - [2026-05-06T23:47:42.258+0000] {dag.py:3096} INFO - Sync 1 DAGs
[2026-05-06T23:47:42.268+0000] {logging_mixin.py:188} INFO - [2026-05-06T23:47:42.268+0000] {dag.py:3954} INFO - Setting next_dagrun for example_sensor_decorator to None, run_after=None
[2026-05-06T23:47:42.285+0000] {processor.py:183} INFO - Processing /usr/local/python/3.12.1/lib/python3.12/site-packages/airflow/example_dags/example_sensor_decorator.py took 0.053 seconds
[2026-05-06T23:48:24.434+0000] {processor.py:161} INFO - Started process (PID=28551) to work on /usr/local/python/3.12.1/lib/python3.12/site-packages/airflow/example_dags/example_sensor_decorator.py
[2026-05-06T23:48:24.434+0000] {processor.py:830} INFO - Processing file /usr/local/python/3.12.1/lib/python3.12/site-packages/airflow/example_dags/example_sensor_decorator.py for tasks to queue
[2026-05-06T23:48:24.437+0000] {logging_mixin.py:188} INFO - [2026-05-06T23:48:24.436+0000] {dagbag.py:545} INFO - Filling up the DagBag from /usr/local/python/3.12.1/lib/python3.12/site-packages/airflow/example_dags/example_sensor_decorator.py
[2026-05-06T23:48:24.442+0000] {processor.py:840} INFO - DAG(s) 'example_sensor_decorator' retrieved from /usr/local/python/3.12.1/lib/python3.12/site-packages/airflow/example_dags/example_sensor_decorator.py
[2026-05-06T23:48:24.455+0000] {logging_mixin.py:188} INFO - [2026-05-06T23:48:24.454+0000] {dag.py:3096} INFO - Sync 1 DAGs
[2026-05-06T23:48:24.464+0000] {logging_mixin.py:188} INFO - [2026-05-06T23:48:24.464+0000] {dag.py:3954} INFO - Setting next_dagrun for example_sensor_decorator to None, run_after=None
[2026-05-06T23:48:24.482+0000] {processor.py:183} INFO - Processing /usr/local/python/3.12.1/lib/python3.12/site-packages/airflow/example_dags/example_sensor_decorator.py took 0.053 seconds
[2026-05-06T23:49:22.078+0000] {processor.py:161} INFO - Started process (PID=29013) to work on /usr/local/python/3.12.1/lib/python3.12/site-packages/airflow/example_dags/example_sensor_decorator.py
[2026-05-06T23:49:22.079+0000] {processor.py:830} INFO - Processing file /usr/local/python/3.12.1/lib/python3.12/site-packages/airflow/example_dags/example_sensor_decorator.py for tasks to queue
[2026-05-06T23:49:22.080+0000] {logging_mixin.py:188} INFO - [2026-05-06T23:49:22.080+0000] {dagbag.py:545} INFO - Filling up the DagBag from /usr/local/python/3.12.1/lib/python3.12/site-packages/airflow/example_dags/example_sensor_decorator.py
[2026-05-06T23:49:22.085+0000] {processor.py:840} INFO - DAG(s) 'example_sensor_decorator' retrieved from /usr/local/python/3.12.1/lib/python3.12/site-packages/airflow/example_dags/example_sensor_decorator.py
[2026-05-06T23:49:22.098+0000] {logging_mixin.py:188} INFO - [2026-05-06T23:49:22.098+0000] {dag.py:3096} INFO - Sync 1 DAGs
[2026-05-06T23:49:22.109+0000] {logging_mixin.py:188} INFO - [2026-05-06T23:49:22.109+0000] {dag.py:3954} INFO - Setting next_dagrun for example_sensor_decorator to None, run_after=None
[2026-05-06T23:49:22.144+0000] {processor.py:183} INFO - Processing /usr/local/python/3.12.1/lib/python3.12/site-packages/airflow/example_dags/example_sensor_decorator.py took 0.071 seconds
[2026-05-06T23:50:16.049+0000] {processor.py:161} INFO - Started process (PID=29428) to work on /usr/local/python/3.12.1/lib/python3.12/site-packages/airflow/example_dags/example_sensor_decorator.py
[2026-05-06T23:50:16.050+0000] {processor.py:830} INFO - Processing file /usr/local/python/3.12.1/lib/python3.12/site-packages/airflow/example_dags/example_sensor_decorator.py for tasks to queue
[2026-05-06T23:50:16.051+0000] {logging_mixin.py:188} INFO - [2026-05-06T23:50:16.051+0000] {dagbag.py:545} INFO - Filling up the DagBag from /usr/local/python/3.12.1/lib/python3.12/site-packages/airflow/example_dags/example_sensor_decorator.py
[2026-05-06T23:50:16.057+0000] {processor.py:840} INFO - DAG(s) 'example_sensor_decorator' retrieved from /usr/local/python/3.12.1/lib/python3.12/site-packages/airflow/example_dags/example_sensor_decorator.py
[2026-05-06T23:50:16.070+0000] {logging_mixin.py:188} INFO - [2026-05-06T23:50:16.069+0000] {dag.py:3096} INFO - Sync 1 DAGs
[2026-05-06T23:50:16.079+0000] {logging_mixin.py:188} INFO - [2026-05-06T23:50:16.079+0000] {dag.py:3954} INFO - Setting next_dagrun for example_sensor_decorator to None, run_after=None
[2026-05-06T23:50:16.096+0000] {processor.py:183} INFO - Processing /usr/local/python/3.12.1/lib/python3.12/site-packages/airflow/example_dags/example_sensor_decorator.py took 0.052 seconds
[2026-05-06T23:51:15.270+0000] {processor.py:161} INFO - Started process (PID=29887) to work on /usr/local/python/3.12.1/lib/python3.12/site-packages/airflow/example_dags/example_sensor_decorator.py
[2026-05-06T23:51:15.271+0000] {processor.py:830} INFO - Processing file /usr/local/python/3.12.1/lib/python3.12/site-packages/airflow/example_dags/example_sensor_decorator.py for tasks to queue
[2026-05-06T23:51:15.272+0000] {logging_mixin.py:188} INFO - [2026-05-06T23:51:15.272+0000] {dagbag.py:545} INFO - Filling up the DagBag from /usr/local/python/3.12.1/lib/python3.12/site-packages/airflow/example_dags/example_sensor_decorator.py
[2026-05-06T23:51:15.278+0000] {processor.py:840} INFO - DAG(s) 'example_sensor_decorator' retrieved from /usr/local/python/3.12.1/lib/python3.12/site-packages/airflow/example_dags/example_sensor_decorator.py
[2026-05-06T23:51:15.290+0000] {logging_mixin.py:188} INFO - [2026-05-06T23:51:15.290+0000] {dag.py:3096} INFO - Sync 1 DAGs
[2026-05-06T23:51:15.301+0000] {logging_mixin.py:188} INFO - [2026-05-06T23:51:15.301+0000] {dag.py:3954} INFO - Setting next_dagrun for example_sensor_decorator to None, run_after=None
[2026-05-06T23:51:15.317+0000] {processor.py:183} INFO - Processing /usr/local/python/3.12.1/lib/python3.12/site-packages/airflow/example_dags/example_sensor_decorator.py took 0.052 seconds
[2026-05-06T23:52:09.179+0000] {processor.py:161} INFO - Started process (PID=30302) to work on /usr/local/python/3.12.1/lib/python3.12/site-packages/airflow/example_dags/example_sensor_decorator.py
[2026-05-06T23:52:09.180+0000] {processor.py:830} INFO - Processing file /usr/local/python/3.12.1/lib/python3.12/site-packages/airflow/example_dags/example_sensor_decorator.py for tasks to queue
[2026-05-06T23:52:09.181+0000] {logging_mixin.py:188} INFO - [2026-05-06T23:52:09.181+0000] {dagbag.py:545} INFO - Filling up the DagBag from /usr/local/python/3.12.1/lib/python3.12/site-packages/airflow/example_dags/example_sensor_decorator.py
[2026-05-06T23:52:09.187+0000] {processor.py:840} INFO - DAG(s) 'example_sensor_decorator' retrieved from /usr/local/python/3.12.1/lib/python3.12/site-packages/airflow/example_dags/example_sensor_decorator.py
[2026-05-06T23:52:09.201+0000] {logging_mixin.py:188} INFO - [2026-05-06T23:52:09.200+0000] {dag.py:3096} INFO - Sync 1 DAGs
[2026-05-06T23:52:09.210+0000] {logging_mixin.py:188} INFO - [2026-05-06T23:52:09.210+0000] {dag.py:3954} INFO - Setting next_dagrun for example_sensor_decorator to None, run_after=None
[2026-05-06T23:52:09.227+0000] {processor.py:183} INFO - Processing /usr/local/python/3.12.1/lib/python3.12/site-packages/airflow/example_dags/example_sensor_decorator.py took 0.052 seconds
[2026-05-06T23:53:08.204+0000] {processor.py:161} INFO - Started process (PID=30768) to work on /usr/local/python/3.12.1/lib/python3.12/site-packages/airflow/example_dags/example_sensor_decorator.py
[2026-05-06T23:53:08.205+0000] {processor.py:830} INFO - Processing file /usr/local/python/3.12.1/lib/python3.12/site-packages/airflow/example_dags/example_sensor_decorator.py for tasks to queue
[2026-05-06T23:53:08.206+0000] {logging_mixin.py:188} INFO - [2026-05-06T23:53:08.206+0000] {dagbag.py:545} INFO - Filling up the DagBag from /usr/local/python/3.12.1/lib/python3.12/site-packages/airflow/example_dags/example_sensor_decorator.py
[2026-05-06T23:53:08.212+0000] {processor.py:840} INFO - DAG(s) 'example_sensor_decorator' retrieved from /usr/local/python/3.12.1/lib/python3.12/site-packages/airflow/example_dags/example_sensor_decorator.py
[2026-05-06T23:53:08.225+0000] {logging_mixin.py:188} INFO - [2026-05-06T23:53:08.225+0000] {dag.py:3096} INFO - Sync 1 DAGs
[2026-05-06T23:53:08.235+0000] {logging_mixin.py:188} INFO - [2026-05-06T23:53:08.234+0000] {dag.py:3954} INFO - Setting next_dagrun for example_sensor_decorator to None, run_after=None
[2026-05-06T23:53:08.258+0000] {processor.py:183} INFO - Processing /usr/local/python/3.12.1/lib/python3.12/site-packages/airflow/example_dags/example_sensor_decorator.py took 0.060 seconds
[2026-05-06T23:53:48.981+0000] {processor.py:161} INFO - Started process (PID=31084) to work on /usr/local/python/3.12.1/lib/python3.12/site-packages/airflow/example_dags/example_sensor_decorator.py
[2026-05-06T23:53:48.982+0000] {processor.py:830} INFO - Processing file /usr/local/python/3.12.1/lib/python3.12/site-packages/airflow/example_dags/example_sensor_decorator.py for tasks to queue
[2026-05-06T23:53:48.983+0000] {logging_mixin.py:188} INFO - [2026-05-06T23:53:48.983+0000] {dagbag.py:545} INFO - Filling up the DagBag from /usr/local/python/3.12.1/lib/python3.12/site-packages/airflow/example_dags/example_sensor_decorator.py
[2026-05-06T23:53:48.989+0000] {processor.py:840} INFO - DAG(s) 'example_sensor_decorator' retrieved from /usr/local/python/3.12.1/lib/python3.12/site-packages/airflow/example_dags/example_sensor_decorator.py
[2026-05-06T23:53:49.001+0000] {logging_mixin.py:188} INFO - [2026-05-06T23:53:49.001+0000] {dag.py:3096} INFO - Sync 1 DAGs
[2026-05-06T23:53:49.010+0000] {logging_mixin.py:188} INFO - [2026-05-06T23:53:49.010+0000] {dag.py:3954} INFO - Setting next_dagrun for example_sensor_decorator to None, run_after=None
[2026-05-06T23:53:49.028+0000] {processor.py:183} INFO - Processing /usr/local/python/3.12.1/lib/python3.12/site-packages/airflow/example_dags/example_sensor_decorator.py took 0.052 seconds
[2026-05-06T23:54:47.871+0000] {processor.py:161} INFO - Started process (PID=31544) to work on /usr/local/python/3.12.1/lib/python3.12/site-packages/airflow/example_dags/example_sensor_decorator.py
[2026-05-06T23:54:47.872+0000] {processor.py:830} INFO - Processing file /usr/local/python/3.12.1/lib/python3.12/site-packages/airflow/example_dags/example_sensor_decorator.py for tasks to queue
[2026-05-06T23:54:47.874+0000] {logging_mixin.py:188} INFO - [2026-05-06T23:54:47.873+0000] {dagbag.py:545} INFO - Filling up the DagBag from /usr/local/python/3.12.1/lib/python3.12/site-packages/airflow/example_dags/example_sensor_decorator.py
[2026-05-06T23:54:47.880+0000] {processor.py:840} INFO - DAG(s) 'example_sensor_decorator' retrieved from /usr/local/python/3.12.1/lib/python3.12/site-packages/airflow/example_dags/example_sensor_decorator.py
[2026-05-06T23:54:47.897+0000] {logging_mixin.py:188} INFO - [2026-05-06T23:54:47.897+0000] {dag.py:3096} INFO - Sync 1 DAGs
[2026-05-06T23:54:47.910+0000] {logging_mixin.py:188} INFO - [2026-05-06T23:54:47.910+0000] {dag.py:3954} INFO - Setting next_dagrun for example_sensor_decorator to None, run_after=None
[2026-05-06T23:54:47.934+0000] {processor.py:183} INFO - Processing /usr/local/python/3.12.1/lib/python3.12/site-packages/airflow/example_dags/example_sensor_decorator.py took 0.069 seconds
[2026-05-06T23:55:48.362+0000] {processor.py:161} INFO - Started process (PID=32077) to work on /usr/local/python/3.12.1/lib/python3.12/site-packages/airflow/example_dags/example_sensor_decorator.py
[2026-05-06T23:55:48.363+0000] {processor.py:830} INFO - Processing file /usr/local/python/3.12.1/lib/python3.12/site-packages/airflow/example_dags/example_sensor_decorator.py for tasks to queue
[2026-05-06T23:55:48.364+0000] {logging_mixin.py:188} INFO - [2026-05-06T23:55:48.364+0000] {dagbag.py:545} INFO - Filling up the DagBag from /usr/local/python/3.12.1/lib/python3.12/site-packages/airflow/example_dags/example_sensor_decorator.py
[2026-05-06T23:55:48.370+0000] {processor.py:840} INFO - DAG(s) 'example_sensor_decorator' retrieved from /usr/local/python/3.12.1/lib/python3.12/site-packages/airflow/example_dags/example_sensor_decorator.py
[2026-05-06T23:55:48.382+0000] {logging_mixin.py:188} INFO - [2026-05-06T23:55:48.382+0000] {dag.py:3096} INFO - Sync 1 DAGs
[2026-05-06T23:55:48.392+0000] {logging_mixin.py:188} INFO - [2026-05-06T23:55:48.391+0000] {dag.py:3954} INFO - Setting next_dagrun for example_sensor_decorator to None, run_after=None
[2026-05-06T23:55:48.409+0000] {processor.py:183} INFO - Processing /usr/local/python/3.12.1/lib/python3.12/site-packages/airflow/example_dags/example_sensor_decorator.py took 0.052 seconds
[2026-05-06T23:56:44.303+0000] {processor.py:161} INFO - Started process (PID=32505) to work on /usr/local/python/3.12.1/lib/python3.12/site-packages/airflow/example_dags/example_sensor_decorator.py
[2026-05-06T23:56:44.304+0000] {processor.py:830} INFO - Processing file /usr/local/python/3.12.1/lib/python3.12/site-packages/airflow/example_dags/example_sensor_decorator.py for tasks to queue
[2026-05-06T23:56:44.305+0000] {logging_mixin.py:188} INFO - [2026-05-06T23:56:44.305+0000] {dagbag.py:545} INFO - Filling up the DagBag from /usr/local/python/3.12.1/lib/python3.12/site-packages/airflow/example_dags/example_sensor_decorator.py
[2026-05-06T23:56:44.311+0000] {processor.py:840} INFO - DAG(s) 'example_sensor_decorator' retrieved from /usr/local/python/3.12.1/lib/python3.12/site-packages/airflow/example_dags/example_sensor_decorator.py
[2026-05-06T23:56:44.325+0000] {logging_mixin.py:188} INFO - [2026-05-06T23:56:44.324+0000] {dag.py:3096} INFO - Sync 1 DAGs
[2026-05-06T23:56:44.334+0000] {logging_mixin.py:188} INFO - [2026-05-06T23:56:44.334+0000] {dag.py:3954} INFO - Setting next_dagrun for example_sensor_decorator to None, run_after=None
[2026-05-06T23:56:44.352+0000] {processor.py:183} INFO - Processing /usr/local/python/3.12.1/lib/python3.12/site-packages/airflow/example_dags/example_sensor_decorator.py took 0.054 seconds
[2026-05-06T23:57:40.862+0000] {processor.py:161} INFO - Started process (PID=32791) to work on /usr/local/python/3.12.1/lib/python3.12/site-packages/airflow/example_dags/example_sensor_decorator.py
[2026-05-06T23:57:40.863+0000] {processor.py:830} INFO - Processing file /usr/local/python/3.12.1/lib/python3.12/site-packages/airflow/example_dags/example_sensor_decorator.py for tasks to queue
[2026-05-06T23:57:40.865+0000] {logging_mixin.py:188} INFO - [2026-05-06T23:57:40.864+0000] {dagbag.py:545} INFO - Filling up the DagBag from /usr/local/python/3.12.1/lib/python3.12/site-packages/airflow/example_dags/example_sensor_decorator.py
[2026-05-06T23:57:40.871+0000] {processor.py:840} INFO - DAG(s) 'example_sensor_decorator' retrieved from /usr/local/python/3.12.1/lib/python3.12/site-packages/airflow/example_dags/example_sensor_decorator.py
[2026-05-06T23:57:40.884+0000] {logging_mixin.py:188} INFO - [2026-05-06T23:57:40.884+0000] {dag.py:3096} INFO - Sync 1 DAGs
[2026-05-06T23:57:40.893+0000] {logging_mixin.py:188} INFO - [2026-05-06T23:57:40.893+0000] {dag.py:3954} INFO - Setting next_dagrun for example_sensor_decorator to None, run_after=None
[2026-05-06T23:57:40.910+0000] {processor.py:183} INFO - Processing /usr/local/python/3.12.1/lib/python3.12/site-packages/airflow/example_dags/example_sensor_decorator.py took 0.055 seconds
[2026-05-06T23:58:39.262+0000] {processor.py:161} INFO - Started process (PID=33081) to work on /usr/local/python/3.12.1/lib/python3.12/site-packages/airflow/example_dags/example_sensor_decorator.py
[2026-05-06T23:58:39.263+0000] {processor.py:830} INFO - Processing file /usr/local/python/3.12.1/lib/python3.12/site-packages/airflow/example_dags/example_sensor_decorator.py for tasks to queue
[2026-05-06T23:58:39.265+0000] {logging_mixin.py:188} INFO - [2026-05-06T23:58:39.264+0000] {dagbag.py:545} INFO - Filling up the DagBag from /usr/local/python/3.12.1/lib/python3.12/site-packages/airflow/example_dags/example_sensor_decorator.py
[2026-05-06T23:58:39.270+0000] {processor.py:840} INFO - DAG(s) 'example_sensor_decorator' retrieved from /usr/local/python/3.12.1/lib/python3.12/site-packages/airflow/example_dags/example_sensor_decorator.py
[2026-05-06T23:58:39.283+0000] {logging_mixin.py:188} INFO - [2026-05-06T23:58:39.283+0000] {dag.py:3096} INFO - Sync 1 DAGs
[2026-05-06T23:58:39.292+0000] {logging_mixin.py:188} INFO - [2026-05-06T23:58:39.292+0000] {dag.py:3954} INFO - Setting next_dagrun for example_sensor_decorator to None, run_after=None
[2026-05-06T23:58:39.309+0000] {processor.py:183} INFO - Processing /usr/local/python/3.12.1/lib/python3.12/site-packages/airflow/example_dags/example_sensor_decorator.py took 0.052 seconds
[2026-05-06T23:59:38.282+0000] {processor.py:161} INFO - Started process (PID=33368) to work on /usr/local/python/3.12.1/lib/python3.12/site-packages/airflow/example_dags/example_sensor_decorator.py
[2026-05-06T23:59:38.283+0000] {processor.py:830} INFO - Processing file /usr/local/python/3.12.1/lib/python3.12/site-packages/airflow/example_dags/example_sensor_decorator.py for tasks to queue
[2026-05-06T23:59:38.284+0000] {logging_mixin.py:188} INFO - [2026-05-06T23:59:38.284+0000] {dagbag.py:545} INFO - Filling up the DagBag from /usr/local/python/3.12.1/lib/python3.12/site-packages/airflow/example_dags/example_sensor_decorator.py
[2026-05-06T23:59:38.290+0000] {processor.py:840} INFO - DAG(s) 'example_sensor_decorator' retrieved from /usr/local/python/3.12.1/lib/python3.12/site-packages/airflow/example_dags/example_sensor_decorator.py
[2026-05-06T23:59:38.303+0000] {logging_mixin.py:188} INFO - [2026-05-06T23:59:38.303+0000] {dag.py:3096} INFO - Sync 1 DAGs
[2026-05-06T23:59:38.312+0000] {logging_mixin.py:188} INFO - [2026-05-06T23:59:38.312+0000] {dag.py:3954} INFO - Setting next_dagrun for example_sensor_decorator to None, run_after=None
[2026-05-06T23:59:38.330+0000] {processor.py:183} INFO - Processing /usr/local/python/3.12.1/lib/python3.12/site-packages/airflow/example_dags/example_sensor_decorator.py took 0.053 seconds
