[2026-05-06T23:18:46.417+0000] {processor.py:161} INFO - Started process (PID=13203) to work on /usr/local/python/3.12.1/lib/python3.12/site-packages/airflow/example_dags/example_xcomargs.py
[2026-05-06T23:18:46.418+0000] {processor.py:830} INFO - Processing file /usr/local/python/3.12.1/lib/python3.12/site-packages/airflow/example_dags/example_xcomargs.py for tasks to queue
[2026-05-06T23:18:46.419+0000] {logging_mixin.py:188} INFO - [2026-05-06T23:18:46.419+0000] {dagbag.py:545} INFO - Filling up the DagBag from /usr/local/python/3.12.1/lib/python3.12/site-packages/airflow/example_dags/example_xcomargs.py
[2026-05-06T23:18:46.427+0000] {processor.py:840} INFO - DAG(s) 'example_xcom_args', 'example_xcom_args_with_operators' retrieved from /usr/local/python/3.12.1/lib/python3.12/site-packages/airflow/example_dags/example_xcomargs.py
[2026-05-06T23:18:46.508+0000] {logging_mixin.py:188} INFO - [2026-05-06T23:18:46.507+0000] {override.py:1829} INFO - Created Permission View: can delete on DAG:example_xcom_args
[2026-05-06T23:18:46.516+0000] {logging_mixin.py:188} INFO - [2026-05-06T23:18:46.516+0000] {override.py:1829} INFO - Created Permission View: can edit on DAG:example_xcom_args
[2026-05-06T23:18:46.521+0000] {logging_mixin.py:188} INFO - [2026-05-06T23:18:46.521+0000] {override.py:1829} INFO - Created Permission View: can read on DAG:example_xcom_args
[2026-05-06T23:18:46.534+0000] {logging_mixin.py:188} INFO - [2026-05-06T23:18:46.534+0000] {override.py:1829} INFO - Created Permission View: can delete on DAG:example_xcom_args_with_operators
[2026-05-06T23:18:46.540+0000] {logging_mixin.py:188} INFO - [2026-05-06T23:18:46.539+0000] {override.py:1829} INFO - Created Permission View: can edit on DAG:example_xcom_args_with_operators
[2026-05-06T23:18:46.545+0000] {logging_mixin.py:188} INFO - [2026-05-06T23:18:46.544+0000] {override.py:1829} INFO - Created Permission View: can read on DAG:example_xcom_args_with_operators
[2026-05-06T23:18:46.545+0000] {logging_mixin.py:188} INFO - [2026-05-06T23:18:46.545+0000] {dag.py:3096} INFO - Sync 2 DAGs
[2026-05-06T23:18:46.552+0000] {logging_mixin.py:188} INFO - [2026-05-06T23:18:46.552+0000] {dag.py:3118} INFO - Creating ORM DAG for example_xcom_args
[2026-05-06T23:18:46.553+0000] {logging_mixin.py:188} INFO - [2026-05-06T23:18:46.553+0000] {dag.py:3118} INFO - Creating ORM DAG for example_xcom_args_with_operators
[2026-05-06T23:18:46.553+0000] {logging_mixin.py:188} INFO - [2026-05-06T23:18:46.553+0000] {dag.py:3954} INFO - Setting next_dagrun for example_xcom_args to None, run_after=None
[2026-05-06T23:18:46.554+0000] {logging_mixin.py:188} INFO - [2026-05-06T23:18:46.553+0000] {dag.py:3954} INFO - Setting next_dagrun for example_xcom_args_with_operators to None, run_after=None
[2026-05-06T23:18:46.568+0000] {processor.py:183} INFO - Processing /usr/local/python/3.12.1/lib/python3.12/site-packages/airflow/example_dags/example_xcomargs.py took 0.156 seconds
[2026-05-06T23:19:38.011+0000] {processor.py:161} INFO - Started process (PID=13596) to work on /usr/local/python/3.12.1/lib/python3.12/site-packages/airflow/example_dags/example_xcomargs.py
[2026-05-06T23:19:38.012+0000] {processor.py:830} INFO - Processing file /usr/local/python/3.12.1/lib/python3.12/site-packages/airflow/example_dags/example_xcomargs.py for tasks to queue
[2026-05-06T23:19:38.013+0000] {logging_mixin.py:188} INFO - [2026-05-06T23:19:38.013+0000] {dagbag.py:545} INFO - Filling up the DagBag from /usr/local/python/3.12.1/lib/python3.12/site-packages/airflow/example_dags/example_xcomargs.py
[2026-05-06T23:19:38.020+0000] {processor.py:840} INFO - DAG(s) 'example_xcom_args', 'example_xcom_args_with_operators' retrieved from /usr/local/python/3.12.1/lib/python3.12/site-packages/airflow/example_dags/example_xcomargs.py
[2026-05-06T23:19:38.034+0000] {logging_mixin.py:188} INFO - [2026-05-06T23:19:38.034+0000] {dag.py:3096} INFO - Sync 2 DAGs
[2026-05-06T23:19:38.043+0000] {logging_mixin.py:188} INFO - [2026-05-06T23:19:38.043+0000] {dag.py:3954} INFO - Setting next_dagrun for example_xcom_args to None, run_after=None
[2026-05-06T23:19:38.045+0000] {logging_mixin.py:188} INFO - [2026-05-06T23:19:38.045+0000] {dag.py:3954} INFO - Setting next_dagrun for example_xcom_args_with_operators to None, run_after=None
[2026-05-06T23:19:38.059+0000] {processor.py:183} INFO - Processing /usr/local/python/3.12.1/lib/python3.12/site-packages/airflow/example_dags/example_xcomargs.py took 0.052 seconds
[2026-05-06T23:20:18.566+0000] {processor.py:161} INFO - Started process (PID=14021) to work on /usr/local/python/3.12.1/lib/python3.12/site-packages/airflow/example_dags/example_xcomargs.py
[2026-05-06T23:20:18.567+0000] {processor.py:830} INFO - Processing file /usr/local/python/3.12.1/lib/python3.12/site-packages/airflow/example_dags/example_xcomargs.py for tasks to queue
[2026-05-06T23:20:18.568+0000] {logging_mixin.py:188} INFO - [2026-05-06T23:20:18.568+0000] {dagbag.py:545} INFO - Filling up the DagBag from /usr/local/python/3.12.1/lib/python3.12/site-packages/airflow/example_dags/example_xcomargs.py
[2026-05-06T23:20:18.575+0000] {processor.py:840} INFO - DAG(s) 'example_xcom_args_with_operators', 'example_xcom_args' retrieved from /usr/local/python/3.12.1/lib/python3.12/site-packages/airflow/example_dags/example_xcomargs.py
[2026-05-06T23:20:18.589+0000] {logging_mixin.py:188} INFO - [2026-05-06T23:20:18.589+0000] {dag.py:3096} INFO - Sync 2 DAGs
[2026-05-06T23:20:18.598+0000] {logging_mixin.py:188} INFO - [2026-05-06T23:20:18.598+0000] {dag.py:3954} INFO - Setting next_dagrun for example_xcom_args to None, run_after=None
[2026-05-06T23:20:18.601+0000] {logging_mixin.py:188} INFO - [2026-05-06T23:20:18.601+0000] {dag.py:3954} INFO - Setting next_dagrun for example_xcom_args_with_operators to None, run_after=None
[2026-05-06T23:20:18.615+0000] {processor.py:183} INFO - Processing /usr/local/python/3.12.1/lib/python3.12/site-packages/airflow/example_dags/example_xcomargs.py took 0.053 seconds
[2026-05-06T23:20:58.523+0000] {processor.py:161} INFO - Started process (PID=14332) to work on /usr/local/python/3.12.1/lib/python3.12/site-packages/airflow/example_dags/example_xcomargs.py
[2026-05-06T23:20:58.524+0000] {processor.py:830} INFO - Processing file /usr/local/python/3.12.1/lib/python3.12/site-packages/airflow/example_dags/example_xcomargs.py for tasks to queue
[2026-05-06T23:20:58.525+0000] {logging_mixin.py:188} INFO - [2026-05-06T23:20:58.525+0000] {dagbag.py:545} INFO - Filling up the DagBag from /usr/local/python/3.12.1/lib/python3.12/site-packages/airflow/example_dags/example_xcomargs.py
[2026-05-06T23:20:58.532+0000] {processor.py:840} INFO - DAG(s) 'example_xcom_args_with_operators', 'example_xcom_args' retrieved from /usr/local/python/3.12.1/lib/python3.12/site-packages/airflow/example_dags/example_xcomargs.py
[2026-05-06T23:20:58.547+0000] {logging_mixin.py:188} INFO - [2026-05-06T23:20:58.547+0000] {dag.py:3096} INFO - Sync 2 DAGs
[2026-05-06T23:20:58.556+0000] {logging_mixin.py:188} INFO - [2026-05-06T23:20:58.555+0000] {dag.py:3954} INFO - Setting next_dagrun for example_xcom_args to None, run_after=None
[2026-05-06T23:20:58.558+0000] {logging_mixin.py:188} INFO - [2026-05-06T23:20:58.558+0000] {dag.py:3954} INFO - Setting next_dagrun for example_xcom_args_with_operators to None, run_after=None
[2026-05-06T23:20:58.572+0000] {processor.py:183} INFO - Processing /usr/local/python/3.12.1/lib/python3.12/site-packages/airflow/example_dags/example_xcomargs.py took 0.054 seconds
[2026-05-06T23:21:39.424+0000] {processor.py:161} INFO - Started process (PID=14747) to work on /usr/local/python/3.12.1/lib/python3.12/site-packages/airflow/example_dags/example_xcomargs.py
[2026-05-06T23:21:39.425+0000] {processor.py:830} INFO - Processing file /usr/local/python/3.12.1/lib/python3.12/site-packages/airflow/example_dags/example_xcomargs.py for tasks to queue
[2026-05-06T23:21:39.426+0000] {logging_mixin.py:188} INFO - [2026-05-06T23:21:39.426+0000] {dagbag.py:545} INFO - Filling up the DagBag from /usr/local/python/3.12.1/lib/python3.12/site-packages/airflow/example_dags/example_xcomargs.py
[2026-05-06T23:21:39.433+0000] {processor.py:840} INFO - DAG(s) 'example_xcom_args', 'example_xcom_args_with_operators' retrieved from /usr/local/python/3.12.1/lib/python3.12/site-packages/airflow/example_dags/example_xcomargs.py
[2026-05-06T23:21:39.447+0000] {logging_mixin.py:188} INFO - [2026-05-06T23:21:39.447+0000] {dag.py:3096} INFO - Sync 2 DAGs
[2026-05-06T23:21:39.456+0000] {logging_mixin.py:188} INFO - [2026-05-06T23:21:39.455+0000] {dag.py:3954} INFO - Setting next_dagrun for example_xcom_args to None, run_after=None
[2026-05-06T23:21:39.458+0000] {logging_mixin.py:188} INFO - [2026-05-06T23:21:39.458+0000] {dag.py:3954} INFO - Setting next_dagrun for example_xcom_args_with_operators to None, run_after=None
[2026-05-06T23:21:39.473+0000] {processor.py:183} INFO - Processing /usr/local/python/3.12.1/lib/python3.12/site-packages/airflow/example_dags/example_xcomargs.py took 0.054 seconds
[2026-05-06T23:22:20.536+0000] {processor.py:161} INFO - Started process (PID=15063) to work on /usr/local/python/3.12.1/lib/python3.12/site-packages/airflow/example_dags/example_xcomargs.py
[2026-05-06T23:22:20.537+0000] {processor.py:830} INFO - Processing file /usr/local/python/3.12.1/lib/python3.12/site-packages/airflow/example_dags/example_xcomargs.py for tasks to queue
[2026-05-06T23:22:20.538+0000] {logging_mixin.py:188} INFO - [2026-05-06T23:22:20.538+0000] {dagbag.py:545} INFO - Filling up the DagBag from /usr/local/python/3.12.1/lib/python3.12/site-packages/airflow/example_dags/example_xcomargs.py
[2026-05-06T23:22:20.545+0000] {processor.py:840} INFO - DAG(s) 'example_xcom_args_with_operators', 'example_xcom_args' retrieved from /usr/local/python/3.12.1/lib/python3.12/site-packages/airflow/example_dags/example_xcomargs.py
[2026-05-06T23:22:20.559+0000] {logging_mixin.py:188} INFO - [2026-05-06T23:22:20.559+0000] {dag.py:3096} INFO - Sync 2 DAGs
[2026-05-06T23:22:20.568+0000] {logging_mixin.py:188} INFO - [2026-05-06T23:22:20.568+0000] {dag.py:3954} INFO - Setting next_dagrun for example_xcom_args to None, run_after=None
[2026-05-06T23:22:20.570+0000] {logging_mixin.py:188} INFO - [2026-05-06T23:22:20.570+0000] {dag.py:3954} INFO - Setting next_dagrun for example_xcom_args_with_operators to None, run_after=None
[2026-05-06T23:22:20.585+0000] {processor.py:183} INFO - Processing /usr/local/python/3.12.1/lib/python3.12/site-packages/airflow/example_dags/example_xcomargs.py took 0.053 seconds
[2026-05-06T23:23:00.493+0000] {processor.py:161} INFO - Started process (PID=15468) to work on /usr/local/python/3.12.1/lib/python3.12/site-packages/airflow/example_dags/example_xcomargs.py
[2026-05-06T23:23:00.494+0000] {processor.py:830} INFO - Processing file /usr/local/python/3.12.1/lib/python3.12/site-packages/airflow/example_dags/example_xcomargs.py for tasks to queue
[2026-05-06T23:23:00.495+0000] {logging_mixin.py:188} INFO - [2026-05-06T23:23:00.495+0000] {dagbag.py:545} INFO - Filling up the DagBag from /usr/local/python/3.12.1/lib/python3.12/site-packages/airflow/example_dags/example_xcomargs.py
[2026-05-06T23:23:00.502+0000] {processor.py:840} INFO - DAG(s) 'example_xcom_args_with_operators', 'example_xcom_args' retrieved from /usr/local/python/3.12.1/lib/python3.12/site-packages/airflow/example_dags/example_xcomargs.py
[2026-05-06T23:23:00.517+0000] {logging_mixin.py:188} INFO - [2026-05-06T23:23:00.517+0000] {dag.py:3096} INFO - Sync 2 DAGs
[2026-05-06T23:23:00.526+0000] {logging_mixin.py:188} INFO - [2026-05-06T23:23:00.526+0000] {dag.py:3954} INFO - Setting next_dagrun for example_xcom_args to None, run_after=None
[2026-05-06T23:23:00.529+0000] {logging_mixin.py:188} INFO - [2026-05-06T23:23:00.528+0000] {dag.py:3954} INFO - Setting next_dagrun for example_xcom_args_with_operators to None, run_after=None
[2026-05-06T23:23:00.544+0000] {processor.py:183} INFO - Processing /usr/local/python/3.12.1/lib/python3.12/site-packages/airflow/example_dags/example_xcomargs.py took 0.055 seconds
[2026-05-06T23:23:38.030+0000] {processor.py:161} INFO - Started process (PID=15855) to work on /usr/local/python/3.12.1/lib/python3.12/site-packages/airflow/example_dags/example_xcomargs.py
[2026-05-06T23:23:38.031+0000] {processor.py:830} INFO - Processing file /usr/local/python/3.12.1/lib/python3.12/site-packages/airflow/example_dags/example_xcomargs.py for tasks to queue
[2026-05-06T23:23:38.033+0000] {logging_mixin.py:188} INFO - [2026-05-06T23:23:38.032+0000] {dagbag.py:545} INFO - Filling up the DagBag from /usr/local/python/3.12.1/lib/python3.12/site-packages/airflow/example_dags/example_xcomargs.py
[2026-05-06T23:23:38.039+0000] {processor.py:840} INFO - DAG(s) 'example_xcom_args_with_operators', 'example_xcom_args' retrieved from /usr/local/python/3.12.1/lib/python3.12/site-packages/airflow/example_dags/example_xcomargs.py
[2026-05-06T23:23:38.053+0000] {logging_mixin.py:188} INFO - [2026-05-06T23:23:38.053+0000] {dag.py:3096} INFO - Sync 2 DAGs
[2026-05-06T23:23:38.062+0000] {logging_mixin.py:188} INFO - [2026-05-06T23:23:38.062+0000] {dag.py:3954} INFO - Setting next_dagrun for example_xcom_args to None, run_after=None
[2026-05-06T23:23:38.065+0000] {logging_mixin.py:188} INFO - [2026-05-06T23:23:38.065+0000] {dag.py:3954} INFO - Setting next_dagrun for example_xcom_args_with_operators to None, run_after=None
[2026-05-06T23:23:38.079+0000] {processor.py:183} INFO - Processing /usr/local/python/3.12.1/lib/python3.12/site-packages/airflow/example_dags/example_xcomargs.py took 0.053 seconds
[2026-05-06T23:24:15.008+0000] {processor.py:161} INFO - Started process (PID=16357) to work on /usr/local/python/3.12.1/lib/python3.12/site-packages/airflow/example_dags/example_xcomargs.py
[2026-05-06T23:24:15.009+0000] {processor.py:830} INFO - Processing file /usr/local/python/3.12.1/lib/python3.12/site-packages/airflow/example_dags/example_xcomargs.py for tasks to queue
[2026-05-06T23:24:15.014+0000] {logging_mixin.py:188} INFO - [2026-05-06T23:24:15.013+0000] {dagbag.py:545} INFO - Filling up the DagBag from /usr/local/python/3.12.1/lib/python3.12/site-packages/airflow/example_dags/example_xcomargs.py
[2026-05-06T23:24:15.026+0000] {processor.py:840} INFO - DAG(s) 'example_xcom_args', 'example_xcom_args_with_operators' retrieved from /usr/local/python/3.12.1/lib/python3.12/site-packages/airflow/example_dags/example_xcomargs.py
[2026-05-06T23:24:15.048+0000] {logging_mixin.py:188} INFO - [2026-05-06T23:24:15.047+0000] {dag.py:3096} INFO - Sync 2 DAGs
[2026-05-06T23:24:15.061+0000] {logging_mixin.py:188} INFO - [2026-05-06T23:24:15.061+0000] {dag.py:3954} INFO - Setting next_dagrun for example_xcom_args to None, run_after=None
[2026-05-06T23:24:15.065+0000] {logging_mixin.py:188} INFO - [2026-05-06T23:24:15.065+0000] {dag.py:3954} INFO - Setting next_dagrun for example_xcom_args_with_operators to None, run_after=None
[2026-05-06T23:24:15.091+0000] {processor.py:183} INFO - Processing /usr/local/python/3.12.1/lib/python3.12/site-packages/airflow/example_dags/example_xcomargs.py took 0.089 seconds
[2026-05-06T23:24:53.277+0000] {processor.py:161} INFO - Started process (PID=16879) to work on /usr/local/python/3.12.1/lib/python3.12/site-packages/airflow/example_dags/example_xcomargs.py
[2026-05-06T23:24:53.278+0000] {processor.py:830} INFO - Processing file /usr/local/python/3.12.1/lib/python3.12/site-packages/airflow/example_dags/example_xcomargs.py for tasks to queue
[2026-05-06T23:24:53.279+0000] {logging_mixin.py:188} INFO - [2026-05-06T23:24:53.279+0000] {dagbag.py:545} INFO - Filling up the DagBag from /usr/local/python/3.12.1/lib/python3.12/site-packages/airflow/example_dags/example_xcomargs.py
[2026-05-06T23:24:53.286+0000] {processor.py:840} INFO - DAG(s) 'example_xcom_args', 'example_xcom_args_with_operators' retrieved from /usr/local/python/3.12.1/lib/python3.12/site-packages/airflow/example_dags/example_xcomargs.py
[2026-05-06T23:24:53.300+0000] {logging_mixin.py:188} INFO - [2026-05-06T23:24:53.300+0000] {dag.py:3096} INFO - Sync 2 DAGs
[2026-05-06T23:24:53.310+0000] {logging_mixin.py:188} INFO - [2026-05-06T23:24:53.309+0000] {dag.py:3954} INFO - Setting next_dagrun for example_xcom_args to None, run_after=None
[2026-05-06T23:24:53.312+0000] {logging_mixin.py:188} INFO - [2026-05-06T23:24:53.312+0000] {dag.py:3954} INFO - Setting next_dagrun for example_xcom_args_with_operators to None, run_after=None
[2026-05-06T23:24:53.327+0000] {processor.py:183} INFO - Processing /usr/local/python/3.12.1/lib/python3.12/site-packages/airflow/example_dags/example_xcomargs.py took 0.054 seconds
[2026-05-06T23:25:29.607+0000] {processor.py:161} INFO - Started process (PID=17234) to work on /usr/local/python/3.12.1/lib/python3.12/site-packages/airflow/example_dags/example_xcomargs.py
[2026-05-06T23:25:29.608+0000] {processor.py:830} INFO - Processing file /usr/local/python/3.12.1/lib/python3.12/site-packages/airflow/example_dags/example_xcomargs.py for tasks to queue
[2026-05-06T23:25:29.609+0000] {logging_mixin.py:188} INFO - [2026-05-06T23:25:29.609+0000] {dagbag.py:545} INFO - Filling up the DagBag from /usr/local/python/3.12.1/lib/python3.12/site-packages/airflow/example_dags/example_xcomargs.py
[2026-05-06T23:25:29.616+0000] {processor.py:840} INFO - DAG(s) 'example_xcom_args_with_operators', 'example_xcom_args' retrieved from /usr/local/python/3.12.1/lib/python3.12/site-packages/airflow/example_dags/example_xcomargs.py
[2026-05-06T23:25:29.630+0000] {logging_mixin.py:188} INFO - [2026-05-06T23:25:29.630+0000] {dag.py:3096} INFO - Sync 2 DAGs
[2026-05-06T23:25:29.638+0000] {logging_mixin.py:188} INFO - [2026-05-06T23:25:29.638+0000] {dag.py:3954} INFO - Setting next_dagrun for example_xcom_args to None, run_after=None
[2026-05-06T23:25:29.641+0000] {logging_mixin.py:188} INFO - [2026-05-06T23:25:29.641+0000] {dag.py:3954} INFO - Setting next_dagrun for example_xcom_args_with_operators to None, run_after=None
[2026-05-06T23:25:29.655+0000] {processor.py:183} INFO - Processing /usr/local/python/3.12.1/lib/python3.12/site-packages/airflow/example_dags/example_xcomargs.py took 0.053 seconds
[2026-05-06T23:26:13.532+0000] {processor.py:161} INFO - Started process (PID=17603) to work on /usr/local/python/3.12.1/lib/python3.12/site-packages/airflow/example_dags/example_xcomargs.py
[2026-05-06T23:26:13.533+0000] {processor.py:830} INFO - Processing file /usr/local/python/3.12.1/lib/python3.12/site-packages/airflow/example_dags/example_xcomargs.py for tasks to queue
[2026-05-06T23:26:13.536+0000] {logging_mixin.py:188} INFO - [2026-05-06T23:26:13.535+0000] {dagbag.py:545} INFO - Filling up the DagBag from /usr/local/python/3.12.1/lib/python3.12/site-packages/airflow/example_dags/example_xcomargs.py
[2026-05-06T23:26:13.546+0000] {processor.py:840} INFO - DAG(s) 'example_xcom_args', 'example_xcom_args_with_operators' retrieved from /usr/local/python/3.12.1/lib/python3.12/site-packages/airflow/example_dags/example_xcomargs.py
[2026-05-06T23:26:13.569+0000] {logging_mixin.py:188} INFO - [2026-05-06T23:26:13.569+0000] {dag.py:3096} INFO - Sync 2 DAGs
[2026-05-06T23:26:13.583+0000] {logging_mixin.py:188} INFO - [2026-05-06T23:26:13.582+0000] {dag.py:3954} INFO - Setting next_dagrun for example_xcom_args to None, run_after=None
[2026-05-06T23:26:13.585+0000] {logging_mixin.py:188} INFO - [2026-05-06T23:26:13.585+0000] {dag.py:3954} INFO - Setting next_dagrun for example_xcom_args_with_operators to None, run_after=None
[2026-05-06T23:26:13.600+0000] {processor.py:183} INFO - Processing /usr/local/python/3.12.1/lib/python3.12/site-packages/airflow/example_dags/example_xcomargs.py took 0.072 seconds
[2026-05-06T23:26:51.685+0000] {processor.py:161} INFO - Started process (PID=17930) to work on /usr/local/python/3.12.1/lib/python3.12/site-packages/airflow/example_dags/example_xcomargs.py
[2026-05-06T23:26:51.686+0000] {processor.py:830} INFO - Processing file /usr/local/python/3.12.1/lib/python3.12/site-packages/airflow/example_dags/example_xcomargs.py for tasks to queue
[2026-05-06T23:26:51.687+0000] {logging_mixin.py:188} INFO - [2026-05-06T23:26:51.687+0000] {dagbag.py:545} INFO - Filling up the DagBag from /usr/local/python/3.12.1/lib/python3.12/site-packages/airflow/example_dags/example_xcomargs.py
[2026-05-06T23:26:51.694+0000] {processor.py:840} INFO - DAG(s) 'example_xcom_args_with_operators', 'example_xcom_args' retrieved from /usr/local/python/3.12.1/lib/python3.12/site-packages/airflow/example_dags/example_xcomargs.py
[2026-05-06T23:26:51.708+0000] {logging_mixin.py:188} INFO - [2026-05-06T23:26:51.708+0000] {dag.py:3096} INFO - Sync 2 DAGs
[2026-05-06T23:26:51.717+0000] {logging_mixin.py:188} INFO - [2026-05-06T23:26:51.717+0000] {dag.py:3954} INFO - Setting next_dagrun for example_xcom_args to None, run_after=None
[2026-05-06T23:26:51.720+0000] {logging_mixin.py:188} INFO - [2026-05-06T23:26:51.719+0000] {dag.py:3954} INFO - Setting next_dagrun for example_xcom_args_with_operators to None, run_after=None
[2026-05-06T23:26:51.735+0000] {processor.py:183} INFO - Processing /usr/local/python/3.12.1/lib/python3.12/site-packages/airflow/example_dags/example_xcomargs.py took 0.054 seconds
[2026-05-06T23:27:29.089+0000] {processor.py:161} INFO - Started process (PID=18332) to work on /usr/local/python/3.12.1/lib/python3.12/site-packages/airflow/example_dags/example_xcomargs.py
[2026-05-06T23:27:29.090+0000] {processor.py:830} INFO - Processing file /usr/local/python/3.12.1/lib/python3.12/site-packages/airflow/example_dags/example_xcomargs.py for tasks to queue
[2026-05-06T23:27:29.092+0000] {logging_mixin.py:188} INFO - [2026-05-06T23:27:29.092+0000] {dagbag.py:545} INFO - Filling up the DagBag from /usr/local/python/3.12.1/lib/python3.12/site-packages/airflow/example_dags/example_xcomargs.py
[2026-05-06T23:27:29.105+0000] {processor.py:840} INFO - DAG(s) 'example_xcom_args_with_operators', 'example_xcom_args' retrieved from /usr/local/python/3.12.1/lib/python3.12/site-packages/airflow/example_dags/example_xcomargs.py
[2026-05-06T23:27:29.122+0000] {logging_mixin.py:188} INFO - [2026-05-06T23:27:29.122+0000] {dag.py:3096} INFO - Sync 2 DAGs
[2026-05-06T23:27:29.132+0000] {logging_mixin.py:188} INFO - [2026-05-06T23:27:29.131+0000] {dag.py:3954} INFO - Setting next_dagrun for example_xcom_args to None, run_after=None
[2026-05-06T23:27:29.134+0000] {logging_mixin.py:188} INFO - [2026-05-06T23:27:29.134+0000] {dag.py:3954} INFO - Setting next_dagrun for example_xcom_args_with_operators to None, run_after=None
[2026-05-06T23:27:29.148+0000] {processor.py:183} INFO - Processing /usr/local/python/3.12.1/lib/python3.12/site-packages/airflow/example_dags/example_xcomargs.py took 0.066 seconds
[2026-05-06T23:28:08.696+0000] {processor.py:161} INFO - Started process (PID=18698) to work on /usr/local/python/3.12.1/lib/python3.12/site-packages/airflow/example_dags/example_xcomargs.py
[2026-05-06T23:28:08.697+0000] {processor.py:830} INFO - Processing file /usr/local/python/3.12.1/lib/python3.12/site-packages/airflow/example_dags/example_xcomargs.py for tasks to queue
[2026-05-06T23:28:08.698+0000] {logging_mixin.py:188} INFO - [2026-05-06T23:28:08.698+0000] {dagbag.py:545} INFO - Filling up the DagBag from /usr/local/python/3.12.1/lib/python3.12/site-packages/airflow/example_dags/example_xcomargs.py
[2026-05-06T23:28:08.705+0000] {processor.py:840} INFO - DAG(s) 'example_xcom_args', 'example_xcom_args_with_operators' retrieved from /usr/local/python/3.12.1/lib/python3.12/site-packages/airflow/example_dags/example_xcomargs.py
[2026-05-06T23:28:08.731+0000] {logging_mixin.py:188} INFO - [2026-05-06T23:28:08.731+0000] {dag.py:3096} INFO - Sync 2 DAGs
[2026-05-06T23:28:08.742+0000] {logging_mixin.py:188} INFO - [2026-05-06T23:28:08.742+0000] {dag.py:3954} INFO - Setting next_dagrun for example_xcom_args to None, run_after=None
[2026-05-06T23:28:08.744+0000] {logging_mixin.py:188} INFO - [2026-05-06T23:28:08.744+0000] {dag.py:3954} INFO - Setting next_dagrun for example_xcom_args_with_operators to None, run_after=None
[2026-05-06T23:28:08.844+0000] {processor.py:183} INFO - Processing /usr/local/python/3.12.1/lib/python3.12/site-packages/airflow/example_dags/example_xcomargs.py took 0.153 seconds
[2026-05-06T23:28:50.300+0000] {processor.py:161} INFO - Started process (PID=19033) to work on /usr/local/python/3.12.1/lib/python3.12/site-packages/airflow/example_dags/example_xcomargs.py
[2026-05-06T23:28:50.301+0000] {processor.py:830} INFO - Processing file /usr/local/python/3.12.1/lib/python3.12/site-packages/airflow/example_dags/example_xcomargs.py for tasks to queue
[2026-05-06T23:28:50.302+0000] {logging_mixin.py:188} INFO - [2026-05-06T23:28:50.302+0000] {dagbag.py:545} INFO - Filling up the DagBag from /usr/local/python/3.12.1/lib/python3.12/site-packages/airflow/example_dags/example_xcomargs.py
[2026-05-06T23:28:50.309+0000] {processor.py:840} INFO - DAG(s) 'example_xcom_args', 'example_xcom_args_with_operators' retrieved from /usr/local/python/3.12.1/lib/python3.12/site-packages/airflow/example_dags/example_xcomargs.py
[2026-05-06T23:28:50.324+0000] {logging_mixin.py:188} INFO - [2026-05-06T23:28:50.323+0000] {dag.py:3096} INFO - Sync 2 DAGs
[2026-05-06T23:28:50.332+0000] {logging_mixin.py:188} INFO - [2026-05-06T23:28:50.332+0000] {dag.py:3954} INFO - Setting next_dagrun for example_xcom_args to None, run_after=None
[2026-05-06T23:28:50.335+0000] {logging_mixin.py:188} INFO - [2026-05-06T23:28:50.335+0000] {dag.py:3954} INFO - Setting next_dagrun for example_xcom_args_with_operators to None, run_after=None
[2026-05-06T23:28:50.350+0000] {processor.py:183} INFO - Processing /usr/local/python/3.12.1/lib/python3.12/site-packages/airflow/example_dags/example_xcomargs.py took 0.055 seconds
[2026-05-06T23:31:30.675+0000] {processor.py:161} INFO - Started process (PID=20626) to work on /usr/local/python/3.12.1/lib/python3.12/site-packages/airflow/example_dags/example_xcomargs.py
[2026-05-06T23:31:30.676+0000] {processor.py:830} INFO - Processing file /usr/local/python/3.12.1/lib/python3.12/site-packages/airflow/example_dags/example_xcomargs.py for tasks to queue
[2026-05-06T23:31:30.678+0000] {logging_mixin.py:188} INFO - [2026-05-06T23:31:30.677+0000] {dagbag.py:545} INFO - Filling up the DagBag from /usr/local/python/3.12.1/lib/python3.12/site-packages/airflow/example_dags/example_xcomargs.py
[2026-05-06T23:31:30.693+0000] {processor.py:840} INFO - DAG(s) 'example_xcom_args_with_operators', 'example_xcom_args' retrieved from /usr/local/python/3.12.1/lib/python3.12/site-packages/airflow/example_dags/example_xcomargs.py
[2026-05-06T23:31:30.725+0000] {logging_mixin.py:188} INFO - [2026-05-06T23:31:30.724+0000] {dag.py:3096} INFO - Sync 2 DAGs
[2026-05-06T23:31:30.734+0000] {logging_mixin.py:188} INFO - [2026-05-06T23:31:30.733+0000] {dag.py:3954} INFO - Setting next_dagrun for example_xcom_args to None, run_after=None
[2026-05-06T23:31:30.736+0000] {logging_mixin.py:188} INFO - [2026-05-06T23:31:30.736+0000] {dag.py:3954} INFO - Setting next_dagrun for example_xcom_args_with_operators to None, run_after=None
[2026-05-06T23:31:30.751+0000] {processor.py:183} INFO - Processing /usr/local/python/3.12.1/lib/python3.12/site-packages/airflow/example_dags/example_xcomargs.py took 0.083 seconds
[2026-05-06T23:32:19.717+0000] {processor.py:161} INFO - Started process (PID=21017) to work on /usr/local/python/3.12.1/lib/python3.12/site-packages/airflow/example_dags/example_xcomargs.py
[2026-05-06T23:32:19.718+0000] {processor.py:830} INFO - Processing file /usr/local/python/3.12.1/lib/python3.12/site-packages/airflow/example_dags/example_xcomargs.py for tasks to queue
[2026-05-06T23:32:19.719+0000] {logging_mixin.py:188} INFO - [2026-05-06T23:32:19.719+0000] {dagbag.py:545} INFO - Filling up the DagBag from /usr/local/python/3.12.1/lib/python3.12/site-packages/airflow/example_dags/example_xcomargs.py
[2026-05-06T23:32:19.726+0000] {processor.py:840} INFO - DAG(s) 'example_xcom_args', 'example_xcom_args_with_operators' retrieved from /usr/local/python/3.12.1/lib/python3.12/site-packages/airflow/example_dags/example_xcomargs.py
[2026-05-06T23:32:19.744+0000] {logging_mixin.py:188} INFO - [2026-05-06T23:32:19.744+0000] {dag.py:3096} INFO - Sync 2 DAGs
[2026-05-06T23:32:19.754+0000] {logging_mixin.py:188} INFO - [2026-05-06T23:32:19.753+0000] {dag.py:3954} INFO - Setting next_dagrun for example_xcom_args to None, run_after=None
[2026-05-06T23:32:19.756+0000] {logging_mixin.py:188} INFO - [2026-05-06T23:32:19.756+0000] {dag.py:3954} INFO - Setting next_dagrun for example_xcom_args_with_operators to None, run_after=None
[2026-05-06T23:32:19.771+0000] {processor.py:183} INFO - Processing /usr/local/python/3.12.1/lib/python3.12/site-packages/airflow/example_dags/example_xcomargs.py took 0.058 seconds
[2026-05-06T23:32:57.952+0000] {processor.py:161} INFO - Started process (PID=21316) to work on /usr/local/python/3.12.1/lib/python3.12/site-packages/airflow/example_dags/example_xcomargs.py
[2026-05-06T23:32:57.953+0000] {processor.py:830} INFO - Processing file /usr/local/python/3.12.1/lib/python3.12/site-packages/airflow/example_dags/example_xcomargs.py for tasks to queue
[2026-05-06T23:32:57.955+0000] {logging_mixin.py:188} INFO - [2026-05-06T23:32:57.954+0000] {dagbag.py:545} INFO - Filling up the DagBag from /usr/local/python/3.12.1/lib/python3.12/site-packages/airflow/example_dags/example_xcomargs.py
[2026-05-06T23:32:57.961+0000] {processor.py:840} INFO - DAG(s) 'example_xcom_args', 'example_xcom_args_with_operators' retrieved from /usr/local/python/3.12.1/lib/python3.12/site-packages/airflow/example_dags/example_xcomargs.py
[2026-05-06T23:32:57.976+0000] {logging_mixin.py:188} INFO - [2026-05-06T23:32:57.976+0000] {dag.py:3096} INFO - Sync 2 DAGs
[2026-05-06T23:32:57.985+0000] {logging_mixin.py:188} INFO - [2026-05-06T23:32:57.985+0000] {dag.py:3954} INFO - Setting next_dagrun for example_xcom_args to None, run_after=None
[2026-05-06T23:32:57.988+0000] {logging_mixin.py:188} INFO - [2026-05-06T23:32:57.988+0000] {dag.py:3954} INFO - Setting next_dagrun for example_xcom_args_with_operators to None, run_after=None
[2026-05-06T23:32:58.003+0000] {processor.py:183} INFO - Processing /usr/local/python/3.12.1/lib/python3.12/site-packages/airflow/example_dags/example_xcomargs.py took 0.056 seconds
[2026-05-06T23:33:35.572+0000] {processor.py:161} INFO - Started process (PID=21602) to work on /usr/local/python/3.12.1/lib/python3.12/site-packages/airflow/example_dags/example_xcomargs.py
[2026-05-06T23:33:35.573+0000] {processor.py:830} INFO - Processing file /usr/local/python/3.12.1/lib/python3.12/site-packages/airflow/example_dags/example_xcomargs.py for tasks to queue
[2026-05-06T23:33:35.574+0000] {logging_mixin.py:188} INFO - [2026-05-06T23:33:35.574+0000] {dagbag.py:545} INFO - Filling up the DagBag from /usr/local/python/3.12.1/lib/python3.12/site-packages/airflow/example_dags/example_xcomargs.py
[2026-05-06T23:33:35.581+0000] {processor.py:840} INFO - DAG(s) 'example_xcom_args', 'example_xcom_args_with_operators' retrieved from /usr/local/python/3.12.1/lib/python3.12/site-packages/airflow/example_dags/example_xcomargs.py
[2026-05-06T23:33:35.596+0000] {logging_mixin.py:188} INFO - [2026-05-06T23:33:35.596+0000] {dag.py:3096} INFO - Sync 2 DAGs
[2026-05-06T23:33:35.606+0000] {logging_mixin.py:188} INFO - [2026-05-06T23:33:35.606+0000] {dag.py:3954} INFO - Setting next_dagrun for example_xcom_args to None, run_after=None
[2026-05-06T23:33:35.608+0000] {logging_mixin.py:188} INFO - [2026-05-06T23:33:35.608+0000] {dag.py:3954} INFO - Setting next_dagrun for example_xcom_args_with_operators to None, run_after=None
[2026-05-06T23:33:35.624+0000] {processor.py:183} INFO - Processing /usr/local/python/3.12.1/lib/python3.12/site-packages/airflow/example_dags/example_xcomargs.py took 0.056 seconds
[2026-05-06T23:34:13.941+0000] {processor.py:161} INFO - Started process (PID=21905) to work on /usr/local/python/3.12.1/lib/python3.12/site-packages/airflow/example_dags/example_xcomargs.py
[2026-05-06T23:34:13.942+0000] {processor.py:830} INFO - Processing file /usr/local/python/3.12.1/lib/python3.12/site-packages/airflow/example_dags/example_xcomargs.py for tasks to queue
[2026-05-06T23:34:13.943+0000] {logging_mixin.py:188} INFO - [2026-05-06T23:34:13.943+0000] {dagbag.py:545} INFO - Filling up the DagBag from /usr/local/python/3.12.1/lib/python3.12/site-packages/airflow/example_dags/example_xcomargs.py
[2026-05-06T23:34:13.950+0000] {processor.py:840} INFO - DAG(s) 'example_xcom_args_with_operators', 'example_xcom_args' retrieved from /usr/local/python/3.12.1/lib/python3.12/site-packages/airflow/example_dags/example_xcomargs.py
[2026-05-06T23:34:13.965+0000] {logging_mixin.py:188} INFO - [2026-05-06T23:34:13.965+0000] {dag.py:3096} INFO - Sync 2 DAGs
[2026-05-06T23:34:13.974+0000] {logging_mixin.py:188} INFO - [2026-05-06T23:34:13.974+0000] {dag.py:3954} INFO - Setting next_dagrun for example_xcom_args to None, run_after=None
[2026-05-06T23:34:13.977+0000] {logging_mixin.py:188} INFO - [2026-05-06T23:34:13.977+0000] {dag.py:3954} INFO - Setting next_dagrun for example_xcom_args_with_operators to None, run_after=None
[2026-05-06T23:34:13.993+0000] {processor.py:183} INFO - Processing /usr/local/python/3.12.1/lib/python3.12/site-packages/airflow/example_dags/example_xcomargs.py took 0.057 seconds
[2026-05-06T23:34:54.976+0000] {processor.py:161} INFO - Started process (PID=22244) to work on /usr/local/python/3.12.1/lib/python3.12/site-packages/airflow/example_dags/example_xcomargs.py
[2026-05-06T23:34:54.977+0000] {processor.py:830} INFO - Processing file /usr/local/python/3.12.1/lib/python3.12/site-packages/airflow/example_dags/example_xcomargs.py for tasks to queue
[2026-05-06T23:34:54.978+0000] {logging_mixin.py:188} INFO - [2026-05-06T23:34:54.978+0000] {dagbag.py:545} INFO - Filling up the DagBag from /usr/local/python/3.12.1/lib/python3.12/site-packages/airflow/example_dags/example_xcomargs.py
[2026-05-06T23:34:54.985+0000] {processor.py:840} INFO - DAG(s) 'example_xcom_args_with_operators', 'example_xcom_args' retrieved from /usr/local/python/3.12.1/lib/python3.12/site-packages/airflow/example_dags/example_xcomargs.py
[2026-05-06T23:34:55.001+0000] {logging_mixin.py:188} INFO - [2026-05-06T23:34:55.001+0000] {dag.py:3096} INFO - Sync 2 DAGs
[2026-05-06T23:34:55.010+0000] {logging_mixin.py:188} INFO - [2026-05-06T23:34:55.010+0000] {dag.py:3954} INFO - Setting next_dagrun for example_xcom_args to None, run_after=None
[2026-05-06T23:34:55.012+0000] {logging_mixin.py:188} INFO - [2026-05-06T23:34:55.012+0000] {dag.py:3954} INFO - Setting next_dagrun for example_xcom_args_with_operators to None, run_after=None
[2026-05-06T23:34:55.027+0000] {processor.py:183} INFO - Processing /usr/local/python/3.12.1/lib/python3.12/site-packages/airflow/example_dags/example_xcomargs.py took 0.055 seconds
[2026-05-06T23:35:43.965+0000] {processor.py:161} INFO - Started process (PID=22633) to work on /usr/local/python/3.12.1/lib/python3.12/site-packages/airflow/example_dags/example_xcomargs.py
[2026-05-06T23:35:43.966+0000] {processor.py:830} INFO - Processing file /usr/local/python/3.12.1/lib/python3.12/site-packages/airflow/example_dags/example_xcomargs.py for tasks to queue
[2026-05-06T23:35:43.968+0000] {logging_mixin.py:188} INFO - [2026-05-06T23:35:43.967+0000] {dagbag.py:545} INFO - Filling up the DagBag from /usr/local/python/3.12.1/lib/python3.12/site-packages/airflow/example_dags/example_xcomargs.py
[2026-05-06T23:35:43.974+0000] {processor.py:840} INFO - DAG(s) 'example_xcom_args', 'example_xcom_args_with_operators' retrieved from /usr/local/python/3.12.1/lib/python3.12/site-packages/airflow/example_dags/example_xcomargs.py
[2026-05-06T23:35:43.989+0000] {logging_mixin.py:188} INFO - [2026-05-06T23:35:43.989+0000] {dag.py:3096} INFO - Sync 2 DAGs
[2026-05-06T23:35:43.999+0000] {logging_mixin.py:188} INFO - [2026-05-06T23:35:43.998+0000] {dag.py:3954} INFO - Setting next_dagrun for example_xcom_args to None, run_after=None
[2026-05-06T23:35:44.001+0000] {logging_mixin.py:188} INFO - [2026-05-06T23:35:44.001+0000] {dag.py:3954} INFO - Setting next_dagrun for example_xcom_args_with_operators to None, run_after=None
[2026-05-06T23:35:44.017+0000] {processor.py:183} INFO - Processing /usr/local/python/3.12.1/lib/python3.12/site-packages/airflow/example_dags/example_xcomargs.py took 0.056 seconds
[2026-05-06T23:36:23.929+0000] {processor.py:161} INFO - Started process (PID=22938) to work on /usr/local/python/3.12.1/lib/python3.12/site-packages/airflow/example_dags/example_xcomargs.py
[2026-05-06T23:36:23.930+0000] {processor.py:830} INFO - Processing file /usr/local/python/3.12.1/lib/python3.12/site-packages/airflow/example_dags/example_xcomargs.py for tasks to queue
[2026-05-06T23:36:23.932+0000] {logging_mixin.py:188} INFO - [2026-05-06T23:36:23.931+0000] {dagbag.py:545} INFO - Filling up the DagBag from /usr/local/python/3.12.1/lib/python3.12/site-packages/airflow/example_dags/example_xcomargs.py
[2026-05-06T23:36:23.939+0000] {processor.py:840} INFO - DAG(s) 'example_xcom_args', 'example_xcom_args_with_operators' retrieved from /usr/local/python/3.12.1/lib/python3.12/site-packages/airflow/example_dags/example_xcomargs.py
[2026-05-06T23:36:23.954+0000] {logging_mixin.py:188} INFO - [2026-05-06T23:36:23.953+0000] {dag.py:3096} INFO - Sync 2 DAGs
[2026-05-06T23:36:23.963+0000] {logging_mixin.py:188} INFO - [2026-05-06T23:36:23.963+0000] {dag.py:3954} INFO - Setting next_dagrun for example_xcom_args to None, run_after=None
[2026-05-06T23:36:23.966+0000] {logging_mixin.py:188} INFO - [2026-05-06T23:36:23.965+0000] {dag.py:3954} INFO - Setting next_dagrun for example_xcom_args_with_operators to None, run_after=None
[2026-05-06T23:36:23.980+0000] {processor.py:183} INFO - Processing /usr/local/python/3.12.1/lib/python3.12/site-packages/airflow/example_dags/example_xcomargs.py took 0.056 seconds
[2026-05-06T23:37:00.089+0000] {processor.py:161} INFO - Started process (PID=23229) to work on /usr/local/python/3.12.1/lib/python3.12/site-packages/airflow/example_dags/example_xcomargs.py
[2026-05-06T23:37:00.090+0000] {processor.py:830} INFO - Processing file /usr/local/python/3.12.1/lib/python3.12/site-packages/airflow/example_dags/example_xcomargs.py for tasks to queue
[2026-05-06T23:37:00.092+0000] {logging_mixin.py:188} INFO - [2026-05-06T23:37:00.091+0000] {dagbag.py:545} INFO - Filling up the DagBag from /usr/local/python/3.12.1/lib/python3.12/site-packages/airflow/example_dags/example_xcomargs.py
[2026-05-06T23:37:00.099+0000] {processor.py:840} INFO - DAG(s) 'example_xcom_args', 'example_xcom_args_with_operators' retrieved from /usr/local/python/3.12.1/lib/python3.12/site-packages/airflow/example_dags/example_xcomargs.py
[2026-05-06T23:37:00.115+0000] {logging_mixin.py:188} INFO - [2026-05-06T23:37:00.114+0000] {dag.py:3096} INFO - Sync 2 DAGs
[2026-05-06T23:37:00.125+0000] {logging_mixin.py:188} INFO - [2026-05-06T23:37:00.124+0000] {dag.py:3954} INFO - Setting next_dagrun for example_xcom_args to None, run_after=None
[2026-05-06T23:37:00.128+0000] {logging_mixin.py:188} INFO - [2026-05-06T23:37:00.127+0000] {dag.py:3954} INFO - Setting next_dagrun for example_xcom_args_with_operators to None, run_after=None
[2026-05-06T23:37:00.144+0000] {processor.py:183} INFO - Processing /usr/local/python/3.12.1/lib/python3.12/site-packages/airflow/example_dags/example_xcomargs.py took 0.060 seconds
[2026-05-06T23:37:40.195+0000] {processor.py:161} INFO - Started process (PID=23545) to work on /usr/local/python/3.12.1/lib/python3.12/site-packages/airflow/example_dags/example_xcomargs.py
[2026-05-06T23:37:40.196+0000] {processor.py:830} INFO - Processing file /usr/local/python/3.12.1/lib/python3.12/site-packages/airflow/example_dags/example_xcomargs.py for tasks to queue
[2026-05-06T23:37:40.197+0000] {logging_mixin.py:188} INFO - [2026-05-06T23:37:40.197+0000] {dagbag.py:545} INFO - Filling up the DagBag from /usr/local/python/3.12.1/lib/python3.12/site-packages/airflow/example_dags/example_xcomargs.py
[2026-05-06T23:37:40.204+0000] {processor.py:840} INFO - DAG(s) 'example_xcom_args_with_operators', 'example_xcom_args' retrieved from /usr/local/python/3.12.1/lib/python3.12/site-packages/airflow/example_dags/example_xcomargs.py
[2026-05-06T23:37:40.220+0000] {logging_mixin.py:188} INFO - [2026-05-06T23:37:40.220+0000] {dag.py:3096} INFO - Sync 2 DAGs
[2026-05-06T23:37:40.231+0000] {logging_mixin.py:188} INFO - [2026-05-06T23:37:40.230+0000] {dag.py:3954} INFO - Setting next_dagrun for example_xcom_args to None, run_after=None
[2026-05-06T23:37:40.234+0000] {logging_mixin.py:188} INFO - [2026-05-06T23:37:40.233+0000] {dag.py:3954} INFO - Setting next_dagrun for example_xcom_args_with_operators to None, run_after=None
[2026-05-06T23:37:40.348+0000] {processor.py:183} INFO - Processing /usr/local/python/3.12.1/lib/python3.12/site-packages/airflow/example_dags/example_xcomargs.py took 0.158 seconds
[2026-05-06T23:38:18.052+0000] {processor.py:161} INFO - Started process (PID=23824) to work on /usr/local/python/3.12.1/lib/python3.12/site-packages/airflow/example_dags/example_xcomargs.py
[2026-05-06T23:38:18.053+0000] {processor.py:830} INFO - Processing file /usr/local/python/3.12.1/lib/python3.12/site-packages/airflow/example_dags/example_xcomargs.py for tasks to queue
[2026-05-06T23:38:18.054+0000] {logging_mixin.py:188} INFO - [2026-05-06T23:38:18.054+0000] {dagbag.py:545} INFO - Filling up the DagBag from /usr/local/python/3.12.1/lib/python3.12/site-packages/airflow/example_dags/example_xcomargs.py
[2026-05-06T23:38:18.061+0000] {processor.py:840} INFO - DAG(s) 'example_xcom_args', 'example_xcom_args_with_operators' retrieved from /usr/local/python/3.12.1/lib/python3.12/site-packages/airflow/example_dags/example_xcomargs.py
[2026-05-06T23:38:18.076+0000] {logging_mixin.py:188} INFO - [2026-05-06T23:38:18.076+0000] {dag.py:3096} INFO - Sync 2 DAGs
[2026-05-06T23:38:18.086+0000] {logging_mixin.py:188} INFO - [2026-05-06T23:38:18.085+0000] {dag.py:3954} INFO - Setting next_dagrun for example_xcom_args to None, run_after=None
[2026-05-06T23:38:18.088+0000] {logging_mixin.py:188} INFO - [2026-05-06T23:38:18.088+0000] {dag.py:3954} INFO - Setting next_dagrun for example_xcom_args_with_operators to None, run_after=None
[2026-05-06T23:38:18.104+0000] {processor.py:183} INFO - Processing /usr/local/python/3.12.1/lib/python3.12/site-packages/airflow/example_dags/example_xcomargs.py took 0.056 seconds
[2026-05-06T23:38:57.121+0000] {processor.py:161} INFO - Started process (PID=24131) to work on /usr/local/python/3.12.1/lib/python3.12/site-packages/airflow/example_dags/example_xcomargs.py
[2026-05-06T23:38:57.122+0000] {processor.py:830} INFO - Processing file /usr/local/python/3.12.1/lib/python3.12/site-packages/airflow/example_dags/example_xcomargs.py for tasks to queue
[2026-05-06T23:38:57.124+0000] {logging_mixin.py:188} INFO - [2026-05-06T23:38:57.123+0000] {dagbag.py:545} INFO - Filling up the DagBag from /usr/local/python/3.12.1/lib/python3.12/site-packages/airflow/example_dags/example_xcomargs.py
[2026-05-06T23:38:57.131+0000] {processor.py:840} INFO - DAG(s) 'example_xcom_args_with_operators', 'example_xcom_args' retrieved from /usr/local/python/3.12.1/lib/python3.12/site-packages/airflow/example_dags/example_xcomargs.py
[2026-05-06T23:38:57.147+0000] {logging_mixin.py:188} INFO - [2026-05-06T23:38:57.147+0000] {dag.py:3096} INFO - Sync 2 DAGs
[2026-05-06T23:38:57.157+0000] {logging_mixin.py:188} INFO - [2026-05-06T23:38:57.157+0000] {dag.py:3954} INFO - Setting next_dagrun for example_xcom_args to None, run_after=None
[2026-05-06T23:38:57.160+0000] {logging_mixin.py:188} INFO - [2026-05-06T23:38:57.160+0000] {dag.py:3954} INFO - Setting next_dagrun for example_xcom_args_with_operators to None, run_after=None
[2026-05-06T23:38:57.279+0000] {processor.py:183} INFO - Processing /usr/local/python/3.12.1/lib/python3.12/site-packages/airflow/example_dags/example_xcomargs.py took 0.163 seconds
[2026-05-06T23:39:36.683+0000] {processor.py:161} INFO - Started process (PID=24443) to work on /usr/local/python/3.12.1/lib/python3.12/site-packages/airflow/example_dags/example_xcomargs.py
[2026-05-06T23:39:36.684+0000] {processor.py:830} INFO - Processing file /usr/local/python/3.12.1/lib/python3.12/site-packages/airflow/example_dags/example_xcomargs.py for tasks to queue
[2026-05-06T23:39:36.686+0000] {logging_mixin.py:188} INFO - [2026-05-06T23:39:36.685+0000] {dagbag.py:545} INFO - Filling up the DagBag from /usr/local/python/3.12.1/lib/python3.12/site-packages/airflow/example_dags/example_xcomargs.py
[2026-05-06T23:39:36.693+0000] {processor.py:840} INFO - DAG(s) 'example_xcom_args', 'example_xcom_args_with_operators' retrieved from /usr/local/python/3.12.1/lib/python3.12/site-packages/airflow/example_dags/example_xcomargs.py
[2026-05-06T23:39:36.709+0000] {logging_mixin.py:188} INFO - [2026-05-06T23:39:36.708+0000] {dag.py:3096} INFO - Sync 2 DAGs
[2026-05-06T23:39:36.718+0000] {logging_mixin.py:188} INFO - [2026-05-06T23:39:36.718+0000] {dag.py:3954} INFO - Setting next_dagrun for example_xcom_args to None, run_after=None
[2026-05-06T23:39:36.721+0000] {logging_mixin.py:188} INFO - [2026-05-06T23:39:36.721+0000] {dag.py:3954} INFO - Setting next_dagrun for example_xcom_args_with_operators to None, run_after=None
[2026-05-06T23:39:36.736+0000] {processor.py:183} INFO - Processing /usr/local/python/3.12.1/lib/python3.12/site-packages/airflow/example_dags/example_xcomargs.py took 0.058 seconds
[2026-05-06T23:40:15.217+0000] {processor.py:161} INFO - Started process (PID=24747) to work on /usr/local/python/3.12.1/lib/python3.12/site-packages/airflow/example_dags/example_xcomargs.py
[2026-05-06T23:40:15.218+0000] {processor.py:830} INFO - Processing file /usr/local/python/3.12.1/lib/python3.12/site-packages/airflow/example_dags/example_xcomargs.py for tasks to queue
[2026-05-06T23:40:15.219+0000] {logging_mixin.py:188} INFO - [2026-05-06T23:40:15.219+0000] {dagbag.py:545} INFO - Filling up the DagBag from /usr/local/python/3.12.1/lib/python3.12/site-packages/airflow/example_dags/example_xcomargs.py
[2026-05-06T23:40:15.226+0000] {processor.py:840} INFO - DAG(s) 'example_xcom_args', 'example_xcom_args_with_operators' retrieved from /usr/local/python/3.12.1/lib/python3.12/site-packages/airflow/example_dags/example_xcomargs.py
[2026-05-06T23:40:15.242+0000] {logging_mixin.py:188} INFO - [2026-05-06T23:40:15.241+0000] {dag.py:3096} INFO - Sync 2 DAGs
[2026-05-06T23:40:15.352+0000] {logging_mixin.py:188} INFO - [2026-05-06T23:40:15.352+0000] {dag.py:3954} INFO - Setting next_dagrun for example_xcom_args to None, run_after=None
[2026-05-06T23:40:15.355+0000] {logging_mixin.py:188} INFO - [2026-05-06T23:40:15.355+0000] {dag.py:3954} INFO - Setting next_dagrun for example_xcom_args_with_operators to None, run_after=None
[2026-05-06T23:40:15.369+0000] {processor.py:183} INFO - Processing /usr/local/python/3.12.1/lib/python3.12/site-packages/airflow/example_dags/example_xcomargs.py took 0.157 seconds
[2026-05-06T23:40:58.261+0000] {processor.py:161} INFO - Started process (PID=25079) to work on /usr/local/python/3.12.1/lib/python3.12/site-packages/airflow/example_dags/example_xcomargs.py
[2026-05-06T23:40:58.262+0000] {processor.py:830} INFO - Processing file /usr/local/python/3.12.1/lib/python3.12/site-packages/airflow/example_dags/example_xcomargs.py for tasks to queue
[2026-05-06T23:40:58.263+0000] {logging_mixin.py:188} INFO - [2026-05-06T23:40:58.263+0000] {dagbag.py:545} INFO - Filling up the DagBag from /usr/local/python/3.12.1/lib/python3.12/site-packages/airflow/example_dags/example_xcomargs.py
[2026-05-06T23:40:58.271+0000] {processor.py:840} INFO - DAG(s) 'example_xcom_args', 'example_xcom_args_with_operators' retrieved from /usr/local/python/3.12.1/lib/python3.12/site-packages/airflow/example_dags/example_xcomargs.py
[2026-05-06T23:40:58.287+0000] {logging_mixin.py:188} INFO - [2026-05-06T23:40:58.286+0000] {dag.py:3096} INFO - Sync 2 DAGs
[2026-05-06T23:40:58.296+0000] {logging_mixin.py:188} INFO - [2026-05-06T23:40:58.296+0000] {dag.py:3954} INFO - Setting next_dagrun for example_xcom_args to None, run_after=None
[2026-05-06T23:40:58.299+0000] {logging_mixin.py:188} INFO - [2026-05-06T23:40:58.299+0000] {dag.py:3954} INFO - Setting next_dagrun for example_xcom_args_with_operators to None, run_after=None
[2026-05-06T23:40:58.316+0000] {processor.py:183} INFO - Processing /usr/local/python/3.12.1/lib/python3.12/site-packages/airflow/example_dags/example_xcomargs.py took 0.060 seconds
[2026-05-06T23:41:34.329+0000] {processor.py:161} INFO - Started process (PID=25368) to work on /usr/local/python/3.12.1/lib/python3.12/site-packages/airflow/example_dags/example_xcomargs.py
[2026-05-06T23:41:34.329+0000] {processor.py:830} INFO - Processing file /usr/local/python/3.12.1/lib/python3.12/site-packages/airflow/example_dags/example_xcomargs.py for tasks to queue
[2026-05-06T23:41:34.331+0000] {logging_mixin.py:188} INFO - [2026-05-06T23:41:34.331+0000] {dagbag.py:545} INFO - Filling up the DagBag from /usr/local/python/3.12.1/lib/python3.12/site-packages/airflow/example_dags/example_xcomargs.py
[2026-05-06T23:41:34.338+0000] {processor.py:840} INFO - DAG(s) 'example_xcom_args_with_operators', 'example_xcom_args' retrieved from /usr/local/python/3.12.1/lib/python3.12/site-packages/airflow/example_dags/example_xcomargs.py
[2026-05-06T23:41:34.449+0000] {logging_mixin.py:188} INFO - [2026-05-06T23:41:34.449+0000] {dag.py:3096} INFO - Sync 2 DAGs
[2026-05-06T23:41:34.457+0000] {logging_mixin.py:188} INFO - [2026-05-06T23:41:34.456+0000] {dag.py:3954} INFO - Setting next_dagrun for example_xcom_args to None, run_after=None
[2026-05-06T23:41:34.459+0000] {logging_mixin.py:188} INFO - [2026-05-06T23:41:34.459+0000] {dag.py:3954} INFO - Setting next_dagrun for example_xcom_args_with_operators to None, run_after=None
[2026-05-06T23:41:34.473+0000] {processor.py:183} INFO - Processing /usr/local/python/3.12.1/lib/python3.12/site-packages/airflow/example_dags/example_xcomargs.py took 0.149 seconds
[2026-05-06T23:42:16.013+0000] {processor.py:161} INFO - Started process (PID=25683) to work on /usr/local/python/3.12.1/lib/python3.12/site-packages/airflow/example_dags/example_xcomargs.py
[2026-05-06T23:42:16.013+0000] {processor.py:830} INFO - Processing file /usr/local/python/3.12.1/lib/python3.12/site-packages/airflow/example_dags/example_xcomargs.py for tasks to queue
[2026-05-06T23:42:16.015+0000] {logging_mixin.py:188} INFO - [2026-05-06T23:42:16.014+0000] {dagbag.py:545} INFO - Filling up the DagBag from /usr/local/python/3.12.1/lib/python3.12/site-packages/airflow/example_dags/example_xcomargs.py
[2026-05-06T23:42:16.022+0000] {processor.py:840} INFO - DAG(s) 'example_xcom_args_with_operators', 'example_xcom_args' retrieved from /usr/local/python/3.12.1/lib/python3.12/site-packages/airflow/example_dags/example_xcomargs.py
[2026-05-06T23:42:16.038+0000] {logging_mixin.py:188} INFO - [2026-05-06T23:42:16.038+0000] {dag.py:3096} INFO - Sync 2 DAGs
[2026-05-06T23:42:16.047+0000] {logging_mixin.py:188} INFO - [2026-05-06T23:42:16.047+0000] {dag.py:3954} INFO - Setting next_dagrun for example_xcom_args to None, run_after=None
[2026-05-06T23:42:16.050+0000] {logging_mixin.py:188} INFO - [2026-05-06T23:42:16.050+0000] {dag.py:3954} INFO - Setting next_dagrun for example_xcom_args_with_operators to None, run_after=None
[2026-05-06T23:42:16.066+0000] {processor.py:183} INFO - Processing /usr/local/python/3.12.1/lib/python3.12/site-packages/airflow/example_dags/example_xcomargs.py took 0.058 seconds
[2026-05-06T23:42:58.136+0000] {processor.py:161} INFO - Started process (PID=26005) to work on /usr/local/python/3.12.1/lib/python3.12/site-packages/airflow/example_dags/example_xcomargs.py
[2026-05-06T23:42:58.136+0000] {processor.py:830} INFO - Processing file /usr/local/python/3.12.1/lib/python3.12/site-packages/airflow/example_dags/example_xcomargs.py for tasks to queue
[2026-05-06T23:42:58.138+0000] {logging_mixin.py:188} INFO - [2026-05-06T23:42:58.138+0000] {dagbag.py:545} INFO - Filling up the DagBag from /usr/local/python/3.12.1/lib/python3.12/site-packages/airflow/example_dags/example_xcomargs.py
[2026-05-06T23:42:58.145+0000] {processor.py:840} INFO - DAG(s) 'example_xcom_args', 'example_xcom_args_with_operators' retrieved from /usr/local/python/3.12.1/lib/python3.12/site-packages/airflow/example_dags/example_xcomargs.py
[2026-05-06T23:42:58.161+0000] {logging_mixin.py:188} INFO - [2026-05-06T23:42:58.161+0000] {dag.py:3096} INFO - Sync 2 DAGs
[2026-05-06T23:42:58.171+0000] {logging_mixin.py:188} INFO - [2026-05-06T23:42:58.170+0000] {dag.py:3954} INFO - Setting next_dagrun for example_xcom_args to None, run_after=None
[2026-05-06T23:42:58.174+0000] {logging_mixin.py:188} INFO - [2026-05-06T23:42:58.173+0000] {dag.py:3954} INFO - Setting next_dagrun for example_xcom_args_with_operators to None, run_after=None
[2026-05-06T23:42:58.190+0000] {processor.py:183} INFO - Processing /usr/local/python/3.12.1/lib/python3.12/site-packages/airflow/example_dags/example_xcomargs.py took 0.059 seconds
[2026-05-06T23:43:38.148+0000] {processor.py:161} INFO - Started process (PID=26326) to work on /usr/local/python/3.12.1/lib/python3.12/site-packages/airflow/example_dags/example_xcomargs.py
[2026-05-06T23:43:38.149+0000] {processor.py:830} INFO - Processing file /usr/local/python/3.12.1/lib/python3.12/site-packages/airflow/example_dags/example_xcomargs.py for tasks to queue
[2026-05-06T23:43:38.150+0000] {logging_mixin.py:188} INFO - [2026-05-06T23:43:38.150+0000] {dagbag.py:545} INFO - Filling up the DagBag from /usr/local/python/3.12.1/lib/python3.12/site-packages/airflow/example_dags/example_xcomargs.py
[2026-05-06T23:43:38.158+0000] {processor.py:840} INFO - DAG(s) 'example_xcom_args_with_operators', 'example_xcom_args' retrieved from /usr/local/python/3.12.1/lib/python3.12/site-packages/airflow/example_dags/example_xcomargs.py
[2026-05-06T23:43:38.173+0000] {logging_mixin.py:188} INFO - [2026-05-06T23:43:38.173+0000] {dag.py:3096} INFO - Sync 2 DAGs
[2026-05-06T23:43:38.184+0000] {logging_mixin.py:188} INFO - [2026-05-06T23:43:38.183+0000] {dag.py:3954} INFO - Setting next_dagrun for example_xcom_args to None, run_after=None
[2026-05-06T23:43:38.187+0000] {logging_mixin.py:188} INFO - [2026-05-06T23:43:38.186+0000] {dag.py:3954} INFO - Setting next_dagrun for example_xcom_args_with_operators to None, run_after=None
[2026-05-06T23:43:38.202+0000] {processor.py:183} INFO - Processing /usr/local/python/3.12.1/lib/python3.12/site-packages/airflow/example_dags/example_xcomargs.py took 0.058 seconds
[2026-05-06T23:44:16.375+0000] {processor.py:161} INFO - Started process (PID=26627) to work on /usr/local/python/3.12.1/lib/python3.12/site-packages/airflow/example_dags/example_xcomargs.py
[2026-05-06T23:44:16.376+0000] {processor.py:830} INFO - Processing file /usr/local/python/3.12.1/lib/python3.12/site-packages/airflow/example_dags/example_xcomargs.py for tasks to queue
[2026-05-06T23:44:16.378+0000] {logging_mixin.py:188} INFO - [2026-05-06T23:44:16.378+0000] {dagbag.py:545} INFO - Filling up the DagBag from /usr/local/python/3.12.1/lib/python3.12/site-packages/airflow/example_dags/example_xcomargs.py
[2026-05-06T23:44:16.386+0000] {processor.py:840} INFO - DAG(s) 'example_xcom_args_with_operators', 'example_xcom_args' retrieved from /usr/local/python/3.12.1/lib/python3.12/site-packages/airflow/example_dags/example_xcomargs.py
[2026-05-06T23:44:16.403+0000] {logging_mixin.py:188} INFO - [2026-05-06T23:44:16.403+0000] {dag.py:3096} INFO - Sync 2 DAGs
[2026-05-06T23:44:16.414+0000] {logging_mixin.py:188} INFO - [2026-05-06T23:44:16.413+0000] {dag.py:3954} INFO - Setting next_dagrun for example_xcom_args to None, run_after=None
[2026-05-06T23:44:16.417+0000] {logging_mixin.py:188} INFO - [2026-05-06T23:44:16.417+0000] {dag.py:3954} INFO - Setting next_dagrun for example_xcom_args_with_operators to None, run_after=None
[2026-05-06T23:44:16.434+0000] {processor.py:183} INFO - Processing /usr/local/python/3.12.1/lib/python3.12/site-packages/airflow/example_dags/example_xcomargs.py took 0.066 seconds
[2026-05-06T23:44:55.149+0000] {processor.py:161} INFO - Started process (PID=26933) to work on /usr/local/python/3.12.1/lib/python3.12/site-packages/airflow/example_dags/example_xcomargs.py
[2026-05-06T23:44:55.150+0000] {processor.py:830} INFO - Processing file /usr/local/python/3.12.1/lib/python3.12/site-packages/airflow/example_dags/example_xcomargs.py for tasks to queue
[2026-05-06T23:44:55.151+0000] {logging_mixin.py:188} INFO - [2026-05-06T23:44:55.151+0000] {dagbag.py:545} INFO - Filling up the DagBag from /usr/local/python/3.12.1/lib/python3.12/site-packages/airflow/example_dags/example_xcomargs.py
[2026-05-06T23:44:55.158+0000] {processor.py:840} INFO - DAG(s) 'example_xcom_args_with_operators', 'example_xcom_args' retrieved from /usr/local/python/3.12.1/lib/python3.12/site-packages/airflow/example_dags/example_xcomargs.py
[2026-05-06T23:44:55.173+0000] {logging_mixin.py:188} INFO - [2026-05-06T23:44:55.173+0000] {dag.py:3096} INFO - Sync 2 DAGs
[2026-05-06T23:44:55.182+0000] {logging_mixin.py:188} INFO - [2026-05-06T23:44:55.182+0000] {dag.py:3954} INFO - Setting next_dagrun for example_xcom_args to None, run_after=None
[2026-05-06T23:44:55.185+0000] {logging_mixin.py:188} INFO - [2026-05-06T23:44:55.185+0000] {dag.py:3954} INFO - Setting next_dagrun for example_xcom_args_with_operators to None, run_after=None
[2026-05-06T23:44:55.200+0000] {processor.py:183} INFO - Processing /usr/local/python/3.12.1/lib/python3.12/site-packages/airflow/example_dags/example_xcomargs.py took 0.056 seconds
[2026-05-06T23:45:32.314+0000] {processor.py:161} INFO - Started process (PID=27205) to work on /usr/local/python/3.12.1/lib/python3.12/site-packages/airflow/example_dags/example_xcomargs.py
[2026-05-06T23:45:32.315+0000] {processor.py:830} INFO - Processing file /usr/local/python/3.12.1/lib/python3.12/site-packages/airflow/example_dags/example_xcomargs.py for tasks to queue
[2026-05-06T23:45:32.316+0000] {logging_mixin.py:188} INFO - [2026-05-06T23:45:32.316+0000] {dagbag.py:545} INFO - Filling up the DagBag from /usr/local/python/3.12.1/lib/python3.12/site-packages/airflow/example_dags/example_xcomargs.py
[2026-05-06T23:45:32.323+0000] {processor.py:840} INFO - DAG(s) 'example_xcom_args', 'example_xcom_args_with_operators' retrieved from /usr/local/python/3.12.1/lib/python3.12/site-packages/airflow/example_dags/example_xcomargs.py
[2026-05-06T23:45:32.338+0000] {logging_mixin.py:188} INFO - [2026-05-06T23:45:32.338+0000] {dag.py:3096} INFO - Sync 2 DAGs
[2026-05-06T23:45:32.349+0000] {logging_mixin.py:188} INFO - [2026-05-06T23:45:32.349+0000] {dag.py:3954} INFO - Setting next_dagrun for example_xcom_args to None, run_after=None
[2026-05-06T23:45:32.352+0000] {logging_mixin.py:188} INFO - [2026-05-06T23:45:32.352+0000] {dag.py:3954} INFO - Setting next_dagrun for example_xcom_args_with_operators to None, run_after=None
[2026-05-06T23:45:32.367+0000] {processor.py:183} INFO - Processing /usr/local/python/3.12.1/lib/python3.12/site-packages/airflow/example_dags/example_xcomargs.py took 0.058 seconds
[2026-05-06T23:46:13.426+0000] {processor.py:161} INFO - Started process (PID=27524) to work on /usr/local/python/3.12.1/lib/python3.12/site-packages/airflow/example_dags/example_xcomargs.py
[2026-05-06T23:46:13.427+0000] {processor.py:830} INFO - Processing file /usr/local/python/3.12.1/lib/python3.12/site-packages/airflow/example_dags/example_xcomargs.py for tasks to queue
[2026-05-06T23:46:13.429+0000] {logging_mixin.py:188} INFO - [2026-05-06T23:46:13.429+0000] {dagbag.py:545} INFO - Filling up the DagBag from /usr/local/python/3.12.1/lib/python3.12/site-packages/airflow/example_dags/example_xcomargs.py
[2026-05-06T23:46:13.436+0000] {processor.py:840} INFO - DAG(s) 'example_xcom_args_with_operators', 'example_xcom_args' retrieved from /usr/local/python/3.12.1/lib/python3.12/site-packages/airflow/example_dags/example_xcomargs.py
[2026-05-06T23:46:13.453+0000] {logging_mixin.py:188} INFO - [2026-05-06T23:46:13.453+0000] {dag.py:3096} INFO - Sync 2 DAGs
[2026-05-06T23:46:13.463+0000] {logging_mixin.py:188} INFO - [2026-05-06T23:46:13.462+0000] {dag.py:3954} INFO - Setting next_dagrun for example_xcom_args to None, run_after=None
[2026-05-06T23:46:13.466+0000] {logging_mixin.py:188} INFO - [2026-05-06T23:46:13.465+0000] {dag.py:3954} INFO - Setting next_dagrun for example_xcom_args_with_operators to None, run_after=None
[2026-05-06T23:46:13.482+0000] {processor.py:183} INFO - Processing /usr/local/python/3.12.1/lib/python3.12/site-packages/airflow/example_dags/example_xcomargs.py took 0.062 seconds
[2026-05-06T23:46:51.578+0000] {processor.py:161} INFO - Started process (PID=27832) to work on /usr/local/python/3.12.1/lib/python3.12/site-packages/airflow/example_dags/example_xcomargs.py
[2026-05-06T23:46:51.579+0000] {processor.py:830} INFO - Processing file /usr/local/python/3.12.1/lib/python3.12/site-packages/airflow/example_dags/example_xcomargs.py for tasks to queue
[2026-05-06T23:46:51.580+0000] {logging_mixin.py:188} INFO - [2026-05-06T23:46:51.580+0000] {dagbag.py:545} INFO - Filling up the DagBag from /usr/local/python/3.12.1/lib/python3.12/site-packages/airflow/example_dags/example_xcomargs.py
[2026-05-06T23:46:51.588+0000] {processor.py:840} INFO - DAG(s) 'example_xcom_args', 'example_xcom_args_with_operators' retrieved from /usr/local/python/3.12.1/lib/python3.12/site-packages/airflow/example_dags/example_xcomargs.py
[2026-05-06T23:46:51.606+0000] {logging_mixin.py:188} INFO - [2026-05-06T23:46:51.605+0000] {dag.py:3096} INFO - Sync 2 DAGs
[2026-05-06T23:46:51.616+0000] {logging_mixin.py:188} INFO - [2026-05-06T23:46:51.615+0000] {dag.py:3954} INFO - Setting next_dagrun for example_xcom_args to None, run_after=None
[2026-05-06T23:46:51.620+0000] {logging_mixin.py:188} INFO - [2026-05-06T23:46:51.619+0000] {dag.py:3954} INFO - Setting next_dagrun for example_xcom_args_with_operators to None, run_after=None
[2026-05-06T23:46:51.637+0000] {processor.py:183} INFO - Processing /usr/local/python/3.12.1/lib/python3.12/site-packages/airflow/example_dags/example_xcomargs.py took 0.064 seconds
[2026-05-06T23:47:31.855+0000] {processor.py:161} INFO - Started process (PID=28141) to work on /usr/local/python/3.12.1/lib/python3.12/site-packages/airflow/example_dags/example_xcomargs.py
[2026-05-06T23:47:31.856+0000] {processor.py:830} INFO - Processing file /usr/local/python/3.12.1/lib/python3.12/site-packages/airflow/example_dags/example_xcomargs.py for tasks to queue
[2026-05-06T23:47:31.857+0000] {logging_mixin.py:188} INFO - [2026-05-06T23:47:31.857+0000] {dagbag.py:545} INFO - Filling up the DagBag from /usr/local/python/3.12.1/lib/python3.12/site-packages/airflow/example_dags/example_xcomargs.py
[2026-05-06T23:47:31.864+0000] {processor.py:840} INFO - DAG(s) 'example_xcom_args_with_operators', 'example_xcom_args' retrieved from /usr/local/python/3.12.1/lib/python3.12/site-packages/airflow/example_dags/example_xcomargs.py
[2026-05-06T23:47:31.879+0000] {logging_mixin.py:188} INFO - [2026-05-06T23:47:31.879+0000] {dag.py:3096} INFO - Sync 2 DAGs
[2026-05-06T23:47:31.889+0000] {logging_mixin.py:188} INFO - [2026-05-06T23:47:31.889+0000] {dag.py:3954} INFO - Setting next_dagrun for example_xcom_args to None, run_after=None
[2026-05-06T23:47:31.892+0000] {logging_mixin.py:188} INFO - [2026-05-06T23:47:31.892+0000] {dag.py:3954} INFO - Setting next_dagrun for example_xcom_args_with_operators to None, run_after=None
[2026-05-06T23:47:31.908+0000] {processor.py:183} INFO - Processing /usr/local/python/3.12.1/lib/python3.12/site-packages/airflow/example_dags/example_xcomargs.py took 0.058 seconds
[2026-05-06T23:48:13.026+0000] {processor.py:161} INFO - Started process (PID=28462) to work on /usr/local/python/3.12.1/lib/python3.12/site-packages/airflow/example_dags/example_xcomargs.py
[2026-05-06T23:48:13.027+0000] {processor.py:830} INFO - Processing file /usr/local/python/3.12.1/lib/python3.12/site-packages/airflow/example_dags/example_xcomargs.py for tasks to queue
[2026-05-06T23:48:13.029+0000] {logging_mixin.py:188} INFO - [2026-05-06T23:48:13.028+0000] {dagbag.py:545} INFO - Filling up the DagBag from /usr/local/python/3.12.1/lib/python3.12/site-packages/airflow/example_dags/example_xcomargs.py
[2026-05-06T23:48:13.036+0000] {processor.py:840} INFO - DAG(s) 'example_xcom_args', 'example_xcom_args_with_operators' retrieved from /usr/local/python/3.12.1/lib/python3.12/site-packages/airflow/example_dags/example_xcomargs.py
[2026-05-06T23:48:13.051+0000] {logging_mixin.py:188} INFO - [2026-05-06T23:48:13.051+0000] {dag.py:3096} INFO - Sync 2 DAGs
[2026-05-06T23:48:13.061+0000] {logging_mixin.py:188} INFO - [2026-05-06T23:48:13.061+0000] {dag.py:3954} INFO - Setting next_dagrun for example_xcom_args to None, run_after=None
[2026-05-06T23:48:13.064+0000] {logging_mixin.py:188} INFO - [2026-05-06T23:48:13.064+0000] {dag.py:3954} INFO - Setting next_dagrun for example_xcom_args_with_operators to None, run_after=None
[2026-05-06T23:48:13.080+0000] {processor.py:183} INFO - Processing /usr/local/python/3.12.1/lib/python3.12/site-packages/airflow/example_dags/example_xcomargs.py took 0.058 seconds
[2026-05-06T23:48:52.831+0000] {processor.py:161} INFO - Started process (PID=28780) to work on /usr/local/python/3.12.1/lib/python3.12/site-packages/airflow/example_dags/example_xcomargs.py
[2026-05-06T23:48:52.832+0000] {processor.py:830} INFO - Processing file /usr/local/python/3.12.1/lib/python3.12/site-packages/airflow/example_dags/example_xcomargs.py for tasks to queue
[2026-05-06T23:48:52.834+0000] {logging_mixin.py:188} INFO - [2026-05-06T23:48:52.834+0000] {dagbag.py:545} INFO - Filling up the DagBag from /usr/local/python/3.12.1/lib/python3.12/site-packages/airflow/example_dags/example_xcomargs.py
[2026-05-06T23:48:52.845+0000] {processor.py:840} INFO - DAG(s) 'example_xcom_args_with_operators', 'example_xcom_args' retrieved from /usr/local/python/3.12.1/lib/python3.12/site-packages/airflow/example_dags/example_xcomargs.py
[2026-05-06T23:48:52.861+0000] {logging_mixin.py:188} INFO - [2026-05-06T23:48:52.861+0000] {dag.py:3096} INFO - Sync 2 DAGs
[2026-05-06T23:48:52.870+0000] {logging_mixin.py:188} INFO - [2026-05-06T23:48:52.870+0000] {dag.py:3954} INFO - Setting next_dagrun for example_xcom_args to None, run_after=None
[2026-05-06T23:48:52.873+0000] {logging_mixin.py:188} INFO - [2026-05-06T23:48:52.873+0000] {dag.py:3954} INFO - Setting next_dagrun for example_xcom_args_with_operators to None, run_after=None
[2026-05-06T23:48:52.888+0000] {processor.py:183} INFO - Processing /usr/local/python/3.12.1/lib/python3.12/site-packages/airflow/example_dags/example_xcomargs.py took 0.065 seconds
[2026-05-06T23:49:29.929+0000] {processor.py:161} INFO - Started process (PID=29077) to work on /usr/local/python/3.12.1/lib/python3.12/site-packages/airflow/example_dags/example_xcomargs.py
[2026-05-06T23:49:29.930+0000] {processor.py:830} INFO - Processing file /usr/local/python/3.12.1/lib/python3.12/site-packages/airflow/example_dags/example_xcomargs.py for tasks to queue
[2026-05-06T23:49:29.932+0000] {logging_mixin.py:188} INFO - [2026-05-06T23:49:29.931+0000] {dagbag.py:545} INFO - Filling up the DagBag from /usr/local/python/3.12.1/lib/python3.12/site-packages/airflow/example_dags/example_xcomargs.py
[2026-05-06T23:49:29.939+0000] {processor.py:840} INFO - DAG(s) 'example_xcom_args', 'example_xcom_args_with_operators' retrieved from /usr/local/python/3.12.1/lib/python3.12/site-packages/airflow/example_dags/example_xcomargs.py
[2026-05-06T23:49:29.953+0000] {logging_mixin.py:188} INFO - [2026-05-06T23:49:29.953+0000] {dag.py:3096} INFO - Sync 2 DAGs
[2026-05-06T23:49:29.963+0000] {logging_mixin.py:188} INFO - [2026-05-06T23:49:29.963+0000] {dag.py:3954} INFO - Setting next_dagrun for example_xcom_args to None, run_after=None
[2026-05-06T23:49:29.966+0000] {logging_mixin.py:188} INFO - [2026-05-06T23:49:29.965+0000] {dag.py:3954} INFO - Setting next_dagrun for example_xcom_args_with_operators to None, run_after=None
[2026-05-06T23:49:29.980+0000] {processor.py:183} INFO - Processing /usr/local/python/3.12.1/lib/python3.12/site-packages/airflow/example_dags/example_xcomargs.py took 0.055 seconds
[2026-05-06T23:50:06.905+0000] {processor.py:161} INFO - Started process (PID=29355) to work on /usr/local/python/3.12.1/lib/python3.12/site-packages/airflow/example_dags/example_xcomargs.py
[2026-05-06T23:50:06.906+0000] {processor.py:830} INFO - Processing file /usr/local/python/3.12.1/lib/python3.12/site-packages/airflow/example_dags/example_xcomargs.py for tasks to queue
[2026-05-06T23:50:06.907+0000] {logging_mixin.py:188} INFO - [2026-05-06T23:50:06.907+0000] {dagbag.py:545} INFO - Filling up the DagBag from /usr/local/python/3.12.1/lib/python3.12/site-packages/airflow/example_dags/example_xcomargs.py
[2026-05-06T23:50:06.919+0000] {processor.py:840} INFO - DAG(s) 'example_xcom_args_with_operators', 'example_xcom_args' retrieved from /usr/local/python/3.12.1/lib/python3.12/site-packages/airflow/example_dags/example_xcomargs.py
[2026-05-06T23:50:06.935+0000] {logging_mixin.py:188} INFO - [2026-05-06T23:50:06.934+0000] {dag.py:3096} INFO - Sync 2 DAGs
[2026-05-06T23:50:06.944+0000] {logging_mixin.py:188} INFO - [2026-05-06T23:50:06.944+0000] {dag.py:3954} INFO - Setting next_dagrun for example_xcom_args to None, run_after=None
[2026-05-06T23:50:06.947+0000] {logging_mixin.py:188} INFO - [2026-05-06T23:50:06.947+0000] {dag.py:3954} INFO - Setting next_dagrun for example_xcom_args_with_operators to None, run_after=None
[2026-05-06T23:50:06.962+0000] {processor.py:183} INFO - Processing /usr/local/python/3.12.1/lib/python3.12/site-packages/airflow/example_dags/example_xcomargs.py took 0.064 seconds
[2026-05-06T23:50:44.007+0000] {processor.py:161} INFO - Started process (PID=29648) to work on /usr/local/python/3.12.1/lib/python3.12/site-packages/airflow/example_dags/example_xcomargs.py
[2026-05-06T23:50:44.008+0000] {processor.py:830} INFO - Processing file /usr/local/python/3.12.1/lib/python3.12/site-packages/airflow/example_dags/example_xcomargs.py for tasks to queue
[2026-05-06T23:50:44.009+0000] {logging_mixin.py:188} INFO - [2026-05-06T23:50:44.009+0000] {dagbag.py:545} INFO - Filling up the DagBag from /usr/local/python/3.12.1/lib/python3.12/site-packages/airflow/example_dags/example_xcomargs.py
[2026-05-06T23:50:44.016+0000] {processor.py:840} INFO - DAG(s) 'example_xcom_args', 'example_xcom_args_with_operators' retrieved from /usr/local/python/3.12.1/lib/python3.12/site-packages/airflow/example_dags/example_xcomargs.py
[2026-05-06T23:50:44.031+0000] {logging_mixin.py:188} INFO - [2026-05-06T23:50:44.031+0000] {dag.py:3096} INFO - Sync 2 DAGs
[2026-05-06T23:50:44.041+0000] {logging_mixin.py:188} INFO - [2026-05-06T23:50:44.041+0000] {dag.py:3954} INFO - Setting next_dagrun for example_xcom_args to None, run_after=None
[2026-05-06T23:50:44.043+0000] {logging_mixin.py:188} INFO - [2026-05-06T23:50:44.043+0000] {dag.py:3954} INFO - Setting next_dagrun for example_xcom_args_with_operators to None, run_after=None
[2026-05-06T23:50:44.058+0000] {processor.py:183} INFO - Processing /usr/local/python/3.12.1/lib/python3.12/site-packages/airflow/example_dags/example_xcomargs.py took 0.057 seconds
[2026-05-06T23:51:24.652+0000] {processor.py:161} INFO - Started process (PID=29962) to work on /usr/local/python/3.12.1/lib/python3.12/site-packages/airflow/example_dags/example_xcomargs.py
[2026-05-06T23:51:24.653+0000] {processor.py:830} INFO - Processing file /usr/local/python/3.12.1/lib/python3.12/site-packages/airflow/example_dags/example_xcomargs.py for tasks to queue
[2026-05-06T23:51:24.655+0000] {logging_mixin.py:188} INFO - [2026-05-06T23:51:24.655+0000] {dagbag.py:545} INFO - Filling up the DagBag from /usr/local/python/3.12.1/lib/python3.12/site-packages/airflow/example_dags/example_xcomargs.py
[2026-05-06T23:51:24.663+0000] {processor.py:840} INFO - DAG(s) 'example_xcom_args', 'example_xcom_args_with_operators' retrieved from /usr/local/python/3.12.1/lib/python3.12/site-packages/airflow/example_dags/example_xcomargs.py
[2026-05-06T23:51:24.678+0000] {logging_mixin.py:188} INFO - [2026-05-06T23:51:24.678+0000] {dag.py:3096} INFO - Sync 2 DAGs
[2026-05-06T23:51:24.687+0000] {logging_mixin.py:188} INFO - [2026-05-06T23:51:24.687+0000] {dag.py:3954} INFO - Setting next_dagrun for example_xcom_args to None, run_after=None
[2026-05-06T23:51:24.690+0000] {logging_mixin.py:188} INFO - [2026-05-06T23:51:24.690+0000] {dag.py:3954} INFO - Setting next_dagrun for example_xcom_args_with_operators to None, run_after=None
[2026-05-06T23:51:24.705+0000] {processor.py:183} INFO - Processing /usr/local/python/3.12.1/lib/python3.12/site-packages/airflow/example_dags/example_xcomargs.py took 0.060 seconds
[2026-05-06T23:51:59.630+0000] {processor.py:161} INFO - Started process (PID=30222) to work on /usr/local/python/3.12.1/lib/python3.12/site-packages/airflow/example_dags/example_xcomargs.py
[2026-05-06T23:51:59.631+0000] {processor.py:830} INFO - Processing file /usr/local/python/3.12.1/lib/python3.12/site-packages/airflow/example_dags/example_xcomargs.py for tasks to queue
[2026-05-06T23:51:59.632+0000] {logging_mixin.py:188} INFO - [2026-05-06T23:51:59.632+0000] {dagbag.py:545} INFO - Filling up the DagBag from /usr/local/python/3.12.1/lib/python3.12/site-packages/airflow/example_dags/example_xcomargs.py
[2026-05-06T23:51:59.640+0000] {processor.py:840} INFO - DAG(s) 'example_xcom_args_with_operators', 'example_xcom_args' retrieved from /usr/local/python/3.12.1/lib/python3.12/site-packages/airflow/example_dags/example_xcomargs.py
[2026-05-06T23:51:59.659+0000] {logging_mixin.py:188} INFO - [2026-05-06T23:51:59.659+0000] {dag.py:3096} INFO - Sync 2 DAGs
[2026-05-06T23:51:59.677+0000] {logging_mixin.py:188} INFO - [2026-05-06T23:51:59.677+0000] {dag.py:3954} INFO - Setting next_dagrun for example_xcom_args to None, run_after=None
[2026-05-06T23:51:59.682+0000] {logging_mixin.py:188} INFO - [2026-05-06T23:51:59.682+0000] {dag.py:3954} INFO - Setting next_dagrun for example_xcom_args_with_operators to None, run_after=None
[2026-05-06T23:51:59.698+0000] {processor.py:183} INFO - Processing /usr/local/python/3.12.1/lib/python3.12/site-packages/airflow/example_dags/example_xcomargs.py took 0.074 seconds
[2026-05-06T23:52:38.993+0000] {processor.py:161} INFO - Started process (PID=30537) to work on /usr/local/python/3.12.1/lib/python3.12/site-packages/airflow/example_dags/example_xcomargs.py
[2026-05-06T23:52:38.994+0000] {processor.py:830} INFO - Processing file /usr/local/python/3.12.1/lib/python3.12/site-packages/airflow/example_dags/example_xcomargs.py for tasks to queue
[2026-05-06T23:52:38.996+0000] {logging_mixin.py:188} INFO - [2026-05-06T23:52:38.995+0000] {dagbag.py:545} INFO - Filling up the DagBag from /usr/local/python/3.12.1/lib/python3.12/site-packages/airflow/example_dags/example_xcomargs.py
[2026-05-06T23:52:39.003+0000] {processor.py:840} INFO - DAG(s) 'example_xcom_args_with_operators', 'example_xcom_args' retrieved from /usr/local/python/3.12.1/lib/python3.12/site-packages/airflow/example_dags/example_xcomargs.py
[2026-05-06T23:52:39.018+0000] {logging_mixin.py:188} INFO - [2026-05-06T23:52:39.018+0000] {dag.py:3096} INFO - Sync 2 DAGs
[2026-05-06T23:52:39.028+0000] {logging_mixin.py:188} INFO - [2026-05-06T23:52:39.028+0000] {dag.py:3954} INFO - Setting next_dagrun for example_xcom_args to None, run_after=None
[2026-05-06T23:52:39.031+0000] {logging_mixin.py:188} INFO - [2026-05-06T23:52:39.030+0000] {dag.py:3954} INFO - Setting next_dagrun for example_xcom_args_with_operators to None, run_after=None
[2026-05-06T23:52:39.051+0000] {processor.py:183} INFO - Processing /usr/local/python/3.12.1/lib/python3.12/site-packages/airflow/example_dags/example_xcomargs.py took 0.062 seconds
[2026-05-06T23:53:18.710+0000] {processor.py:161} INFO - Started process (PID=30850) to work on /usr/local/python/3.12.1/lib/python3.12/site-packages/airflow/example_dags/example_xcomargs.py
[2026-05-06T23:53:18.711+0000] {processor.py:830} INFO - Processing file /usr/local/python/3.12.1/lib/python3.12/site-packages/airflow/example_dags/example_xcomargs.py for tasks to queue
[2026-05-06T23:53:18.712+0000] {logging_mixin.py:188} INFO - [2026-05-06T23:53:18.712+0000] {dagbag.py:545} INFO - Filling up the DagBag from /usr/local/python/3.12.1/lib/python3.12/site-packages/airflow/example_dags/example_xcomargs.py
[2026-05-06T23:53:18.720+0000] {processor.py:840} INFO - DAG(s) 'example_xcom_args_with_operators', 'example_xcom_args' retrieved from /usr/local/python/3.12.1/lib/python3.12/site-packages/airflow/example_dags/example_xcomargs.py
[2026-05-06T23:53:18.735+0000] {logging_mixin.py:188} INFO - [2026-05-06T23:53:18.735+0000] {dag.py:3096} INFO - Sync 2 DAGs
[2026-05-06T23:53:18.749+0000] {logging_mixin.py:188} INFO - [2026-05-06T23:53:18.749+0000] {dag.py:3954} INFO - Setting next_dagrun for example_xcom_args to None, run_after=None
[2026-05-06T23:53:18.754+0000] {logging_mixin.py:188} INFO - [2026-05-06T23:53:18.753+0000] {dag.py:3954} INFO - Setting next_dagrun for example_xcom_args_with_operators to None, run_after=None
[2026-05-06T23:53:18.770+0000] {processor.py:183} INFO - Processing /usr/local/python/3.12.1/lib/python3.12/site-packages/airflow/example_dags/example_xcomargs.py took 0.066 seconds
[2026-05-06T23:53:58.622+0000] {processor.py:161} INFO - Started process (PID=31157) to work on /usr/local/python/3.12.1/lib/python3.12/site-packages/airflow/example_dags/example_xcomargs.py
[2026-05-06T23:53:58.623+0000] {processor.py:830} INFO - Processing file /usr/local/python/3.12.1/lib/python3.12/site-packages/airflow/example_dags/example_xcomargs.py for tasks to queue
[2026-05-06T23:53:58.624+0000] {logging_mixin.py:188} INFO - [2026-05-06T23:53:58.624+0000] {dagbag.py:545} INFO - Filling up the DagBag from /usr/local/python/3.12.1/lib/python3.12/site-packages/airflow/example_dags/example_xcomargs.py
[2026-05-06T23:53:58.631+0000] {processor.py:840} INFO - DAG(s) 'example_xcom_args_with_operators', 'example_xcom_args' retrieved from /usr/local/python/3.12.1/lib/python3.12/site-packages/airflow/example_dags/example_xcomargs.py
[2026-05-06T23:53:58.647+0000] {logging_mixin.py:188} INFO - [2026-05-06T23:53:58.646+0000] {dag.py:3096} INFO - Sync 2 DAGs
[2026-05-06T23:53:58.656+0000] {logging_mixin.py:188} INFO - [2026-05-06T23:53:58.656+0000] {dag.py:3954} INFO - Setting next_dagrun for example_xcom_args to None, run_after=None
[2026-05-06T23:53:58.659+0000] {logging_mixin.py:188} INFO - [2026-05-06T23:53:58.659+0000] {dag.py:3954} INFO - Setting next_dagrun for example_xcom_args_with_operators to None, run_after=None
[2026-05-06T23:53:58.674+0000] {processor.py:183} INFO - Processing /usr/local/python/3.12.1/lib/python3.12/site-packages/airflow/example_dags/example_xcomargs.py took 0.057 seconds
[2026-05-06T23:54:37.595+0000] {processor.py:161} INFO - Started process (PID=31464) to work on /usr/local/python/3.12.1/lib/python3.12/site-packages/airflow/example_dags/example_xcomargs.py
[2026-05-06T23:54:37.596+0000] {processor.py:830} INFO - Processing file /usr/local/python/3.12.1/lib/python3.12/site-packages/airflow/example_dags/example_xcomargs.py for tasks to queue
[2026-05-06T23:54:37.598+0000] {logging_mixin.py:188} INFO - [2026-05-06T23:54:37.597+0000] {dagbag.py:545} INFO - Filling up the DagBag from /usr/local/python/3.12.1/lib/python3.12/site-packages/airflow/example_dags/example_xcomargs.py
[2026-05-06T23:54:37.605+0000] {processor.py:840} INFO - DAG(s) 'example_xcom_args', 'example_xcom_args_with_operators' retrieved from /usr/local/python/3.12.1/lib/python3.12/site-packages/airflow/example_dags/example_xcomargs.py
[2026-05-06T23:54:37.621+0000] {logging_mixin.py:188} INFO - [2026-05-06T23:54:37.620+0000] {dag.py:3096} INFO - Sync 2 DAGs
[2026-05-06T23:54:37.630+0000] {logging_mixin.py:188} INFO - [2026-05-06T23:54:37.630+0000] {dag.py:3954} INFO - Setting next_dagrun for example_xcom_args to None, run_after=None
[2026-05-06T23:54:37.633+0000] {logging_mixin.py:188} INFO - [2026-05-06T23:54:37.633+0000] {dag.py:3954} INFO - Setting next_dagrun for example_xcom_args_with_operators to None, run_after=None
[2026-05-06T23:54:37.651+0000] {processor.py:183} INFO - Processing /usr/local/python/3.12.1/lib/python3.12/site-packages/airflow/example_dags/example_xcomargs.py took 0.063 seconds
[2026-05-06T23:55:15.820+0000] {processor.py:161} INFO - Started process (PID=31829) to work on /usr/local/python/3.12.1/lib/python3.12/site-packages/airflow/example_dags/example_xcomargs.py
[2026-05-06T23:55:15.821+0000] {processor.py:830} INFO - Processing file /usr/local/python/3.12.1/lib/python3.12/site-packages/airflow/example_dags/example_xcomargs.py for tasks to queue
[2026-05-06T23:55:15.823+0000] {logging_mixin.py:188} INFO - [2026-05-06T23:55:15.822+0000] {dagbag.py:545} INFO - Filling up the DagBag from /usr/local/python/3.12.1/lib/python3.12/site-packages/airflow/example_dags/example_xcomargs.py
[2026-05-06T23:55:15.830+0000] {processor.py:840} INFO - DAG(s) 'example_xcom_args', 'example_xcom_args_with_operators' retrieved from /usr/local/python/3.12.1/lib/python3.12/site-packages/airflow/example_dags/example_xcomargs.py
[2026-05-06T23:55:15.846+0000] {logging_mixin.py:188} INFO - [2026-05-06T23:55:15.845+0000] {dag.py:3096} INFO - Sync 2 DAGs
[2026-05-06T23:55:15.855+0000] {logging_mixin.py:188} INFO - [2026-05-06T23:55:15.855+0000] {dag.py:3954} INFO - Setting next_dagrun for example_xcom_args to None, run_after=None
[2026-05-06T23:55:15.858+0000] {logging_mixin.py:188} INFO - [2026-05-06T23:55:15.858+0000] {dag.py:3954} INFO - Setting next_dagrun for example_xcom_args_with_operators to None, run_after=None
[2026-05-06T23:55:15.873+0000] {processor.py:183} INFO - Processing /usr/local/python/3.12.1/lib/python3.12/site-packages/airflow/example_dags/example_xcomargs.py took 0.058 seconds
[2026-05-06T23:55:57.003+0000] {processor.py:161} INFO - Started process (PID=32149) to work on /usr/local/python/3.12.1/lib/python3.12/site-packages/airflow/example_dags/example_xcomargs.py
[2026-05-06T23:55:57.004+0000] {processor.py:830} INFO - Processing file /usr/local/python/3.12.1/lib/python3.12/site-packages/airflow/example_dags/example_xcomargs.py for tasks to queue
[2026-05-06T23:55:57.006+0000] {logging_mixin.py:188} INFO - [2026-05-06T23:55:57.005+0000] {dagbag.py:545} INFO - Filling up the DagBag from /usr/local/python/3.12.1/lib/python3.12/site-packages/airflow/example_dags/example_xcomargs.py
[2026-05-06T23:55:57.013+0000] {processor.py:840} INFO - DAG(s) 'example_xcom_args', 'example_xcom_args_with_operators' retrieved from /usr/local/python/3.12.1/lib/python3.12/site-packages/airflow/example_dags/example_xcomargs.py
[2026-05-06T23:55:57.028+0000] {logging_mixin.py:188} INFO - [2026-05-06T23:55:57.028+0000] {dag.py:3096} INFO - Sync 2 DAGs
[2026-05-06T23:55:57.038+0000] {logging_mixin.py:188} INFO - [2026-05-06T23:55:57.037+0000] {dag.py:3954} INFO - Setting next_dagrun for example_xcom_args to None, run_after=None
[2026-05-06T23:55:57.041+0000] {logging_mixin.py:188} INFO - [2026-05-06T23:55:57.041+0000] {dag.py:3954} INFO - Setting next_dagrun for example_xcom_args_with_operators to None, run_after=None
[2026-05-06T23:55:57.056+0000] {processor.py:183} INFO - Processing /usr/local/python/3.12.1/lib/python3.12/site-packages/airflow/example_dags/example_xcomargs.py took 0.058 seconds
[2026-05-06T23:56:34.706+0000] {processor.py:161} INFO - Started process (PID=32427) to work on /usr/local/python/3.12.1/lib/python3.12/site-packages/airflow/example_dags/example_xcomargs.py
[2026-05-06T23:56:34.706+0000] {processor.py:830} INFO - Processing file /usr/local/python/3.12.1/lib/python3.12/site-packages/airflow/example_dags/example_xcomargs.py for tasks to queue
[2026-05-06T23:56:34.708+0000] {logging_mixin.py:188} INFO - [2026-05-06T23:56:34.708+0000] {dagbag.py:545} INFO - Filling up the DagBag from /usr/local/python/3.12.1/lib/python3.12/site-packages/airflow/example_dags/example_xcomargs.py
[2026-05-06T23:56:34.715+0000] {processor.py:840} INFO - DAG(s) 'example_xcom_args_with_operators', 'example_xcom_args' retrieved from /usr/local/python/3.12.1/lib/python3.12/site-packages/airflow/example_dags/example_xcomargs.py
[2026-05-06T23:56:34.750+0000] {logging_mixin.py:188} INFO - [2026-05-06T23:56:34.750+0000] {dag.py:3096} INFO - Sync 2 DAGs
[2026-05-06T23:56:34.764+0000] {logging_mixin.py:188} INFO - [2026-05-06T23:56:34.763+0000] {dag.py:3954} INFO - Setting next_dagrun for example_xcom_args to None, run_after=None
[2026-05-06T23:56:34.772+0000] {logging_mixin.py:188} INFO - [2026-05-06T23:56:34.771+0000] {dag.py:3954} INFO - Setting next_dagrun for example_xcom_args_with_operators to None, run_after=None
[2026-05-06T23:56:34.790+0000] {processor.py:183} INFO - Processing /usr/local/python/3.12.1/lib/python3.12/site-packages/airflow/example_dags/example_xcomargs.py took 0.089 seconds
[2026-05-06T23:57:13.053+0000] {processor.py:161} INFO - Started process (PID=32649) to work on /usr/local/python/3.12.1/lib/python3.12/site-packages/airflow/example_dags/example_xcomargs.py
[2026-05-06T23:57:13.055+0000] {processor.py:830} INFO - Processing file /usr/local/python/3.12.1/lib/python3.12/site-packages/airflow/example_dags/example_xcomargs.py for tasks to queue
[2026-05-06T23:57:13.056+0000] {logging_mixin.py:188} INFO - [2026-05-06T23:57:13.056+0000] {dagbag.py:545} INFO - Filling up the DagBag from /usr/local/python/3.12.1/lib/python3.12/site-packages/airflow/example_dags/example_xcomargs.py
[2026-05-06T23:57:13.069+0000] {processor.py:840} INFO - DAG(s) 'example_xcom_args_with_operators', 'example_xcom_args' retrieved from /usr/local/python/3.12.1/lib/python3.12/site-packages/airflow/example_dags/example_xcomargs.py
[2026-05-06T23:57:13.097+0000] {logging_mixin.py:188} INFO - [2026-05-06T23:57:13.097+0000] {dag.py:3096} INFO - Sync 2 DAGs
[2026-05-06T23:57:13.112+0000] {logging_mixin.py:188} INFO - [2026-05-06T23:57:13.112+0000] {dag.py:3954} INFO - Setting next_dagrun for example_xcom_args to None, run_after=None
[2026-05-06T23:57:13.116+0000] {logging_mixin.py:188} INFO - [2026-05-06T23:57:13.116+0000] {dag.py:3954} INFO - Setting next_dagrun for example_xcom_args_with_operators to None, run_after=None
[2026-05-06T23:57:13.135+0000] {processor.py:183} INFO - Processing /usr/local/python/3.12.1/lib/python3.12/site-packages/airflow/example_dags/example_xcomargs.py took 0.092 seconds
[2026-05-06T23:57:50.112+0000] {processor.py:161} INFO - Started process (PID=32840) to work on /usr/local/python/3.12.1/lib/python3.12/site-packages/airflow/example_dags/example_xcomargs.py
[2026-05-06T23:57:50.112+0000] {processor.py:830} INFO - Processing file /usr/local/python/3.12.1/lib/python3.12/site-packages/airflow/example_dags/example_xcomargs.py for tasks to queue
[2026-05-06T23:57:50.114+0000] {logging_mixin.py:188} INFO - [2026-05-06T23:57:50.114+0000] {dagbag.py:545} INFO - Filling up the DagBag from /usr/local/python/3.12.1/lib/python3.12/site-packages/airflow/example_dags/example_xcomargs.py
[2026-05-06T23:57:50.121+0000] {processor.py:840} INFO - DAG(s) 'example_xcom_args_with_operators', 'example_xcom_args' retrieved from /usr/local/python/3.12.1/lib/python3.12/site-packages/airflow/example_dags/example_xcomargs.py
[2026-05-06T23:57:50.136+0000] {logging_mixin.py:188} INFO - [2026-05-06T23:57:50.136+0000] {dag.py:3096} INFO - Sync 2 DAGs
[2026-05-06T23:57:50.150+0000] {logging_mixin.py:188} INFO - [2026-05-06T23:57:50.149+0000] {dag.py:3954} INFO - Setting next_dagrun for example_xcom_args to None, run_after=None
[2026-05-06T23:57:50.154+0000] {logging_mixin.py:188} INFO - [2026-05-06T23:57:50.154+0000] {dag.py:3954} INFO - Setting next_dagrun for example_xcom_args_with_operators to None, run_after=None
[2026-05-06T23:57:50.170+0000] {processor.py:183} INFO - Processing /usr/local/python/3.12.1/lib/python3.12/site-packages/airflow/example_dags/example_xcomargs.py took 0.064 seconds
[2026-05-06T23:58:28.987+0000] {processor.py:161} INFO - Started process (PID=33031) to work on /usr/local/python/3.12.1/lib/python3.12/site-packages/airflow/example_dags/example_xcomargs.py
[2026-05-06T23:58:28.988+0000] {processor.py:830} INFO - Processing file /usr/local/python/3.12.1/lib/python3.12/site-packages/airflow/example_dags/example_xcomargs.py for tasks to queue
[2026-05-06T23:58:28.989+0000] {logging_mixin.py:188} INFO - [2026-05-06T23:58:28.989+0000] {dagbag.py:545} INFO - Filling up the DagBag from /usr/local/python/3.12.1/lib/python3.12/site-packages/airflow/example_dags/example_xcomargs.py
[2026-05-06T23:58:28.996+0000] {processor.py:840} INFO - DAG(s) 'example_xcom_args_with_operators', 'example_xcom_args' retrieved from /usr/local/python/3.12.1/lib/python3.12/site-packages/airflow/example_dags/example_xcomargs.py
[2026-05-06T23:58:29.012+0000] {logging_mixin.py:188} INFO - [2026-05-06T23:58:29.012+0000] {dag.py:3096} INFO - Sync 2 DAGs
[2026-05-06T23:58:29.022+0000] {logging_mixin.py:188} INFO - [2026-05-06T23:58:29.022+0000] {dag.py:3954} INFO - Setting next_dagrun for example_xcom_args to None, run_after=None
[2026-05-06T23:58:29.025+0000] {logging_mixin.py:188} INFO - [2026-05-06T23:58:29.025+0000] {dag.py:3954} INFO - Setting next_dagrun for example_xcom_args_with_operators to None, run_after=None
[2026-05-06T23:58:29.043+0000] {processor.py:183} INFO - Processing /usr/local/python/3.12.1/lib/python3.12/site-packages/airflow/example_dags/example_xcomargs.py took 0.061 seconds
[2026-05-06T23:59:09.087+0000] {processor.py:161} INFO - Started process (PID=33226) to work on /usr/local/python/3.12.1/lib/python3.12/site-packages/airflow/example_dags/example_xcomargs.py
[2026-05-06T23:59:09.088+0000] {processor.py:830} INFO - Processing file /usr/local/python/3.12.1/lib/python3.12/site-packages/airflow/example_dags/example_xcomargs.py for tasks to queue
[2026-05-06T23:59:09.089+0000] {logging_mixin.py:188} INFO - [2026-05-06T23:59:09.089+0000] {dagbag.py:545} INFO - Filling up the DagBag from /usr/local/python/3.12.1/lib/python3.12/site-packages/airflow/example_dags/example_xcomargs.py
[2026-05-06T23:59:09.096+0000] {processor.py:840} INFO - DAG(s) 'example_xcom_args', 'example_xcom_args_with_operators' retrieved from /usr/local/python/3.12.1/lib/python3.12/site-packages/airflow/example_dags/example_xcomargs.py
[2026-05-06T23:59:09.111+0000] {logging_mixin.py:188} INFO - [2026-05-06T23:59:09.111+0000] {dag.py:3096} INFO - Sync 2 DAGs
[2026-05-06T23:59:09.120+0000] {logging_mixin.py:188} INFO - [2026-05-06T23:59:09.120+0000] {dag.py:3954} INFO - Setting next_dagrun for example_xcom_args to None, run_after=None
[2026-05-06T23:59:09.123+0000] {logging_mixin.py:188} INFO - [2026-05-06T23:59:09.123+0000] {dag.py:3954} INFO - Setting next_dagrun for example_xcom_args_with_operators to None, run_after=None
[2026-05-06T23:59:09.141+0000] {processor.py:183} INFO - Processing /usr/local/python/3.12.1/lib/python3.12/site-packages/airflow/example_dags/example_xcomargs.py took 0.059 seconds
[2026-05-06T23:59:47.963+0000] {processor.py:161} INFO - Started process (PID=33399) to work on /usr/local/python/3.12.1/lib/python3.12/site-packages/airflow/example_dags/example_xcomargs.py
[2026-05-06T23:59:47.963+0000] {processor.py:830} INFO - Processing file /usr/local/python/3.12.1/lib/python3.12/site-packages/airflow/example_dags/example_xcomargs.py for tasks to queue
[2026-05-06T23:59:47.965+0000] {logging_mixin.py:188} INFO - [2026-05-06T23:59:47.965+0000] {dagbag.py:545} INFO - Filling up the DagBag from /usr/local/python/3.12.1/lib/python3.12/site-packages/airflow/example_dags/example_xcomargs.py
[2026-05-06T23:59:47.972+0000] {processor.py:840} INFO - DAG(s) 'example_xcom_args_with_operators', 'example_xcom_args' retrieved from /usr/local/python/3.12.1/lib/python3.12/site-packages/airflow/example_dags/example_xcomargs.py
[2026-05-06T23:59:47.987+0000] {logging_mixin.py:188} INFO - [2026-05-06T23:59:47.987+0000] {dag.py:3096} INFO - Sync 2 DAGs
[2026-05-06T23:59:47.996+0000] {logging_mixin.py:188} INFO - [2026-05-06T23:59:47.996+0000] {dag.py:3954} INFO - Setting next_dagrun for example_xcom_args to None, run_after=None
[2026-05-06T23:59:47.999+0000] {logging_mixin.py:188} INFO - [2026-05-06T23:59:47.999+0000] {dag.py:3954} INFO - Setting next_dagrun for example_xcom_args_with_operators to None, run_after=None
[2026-05-06T23:59:48.016+0000] {processor.py:183} INFO - Processing /usr/local/python/3.12.1/lib/python3.12/site-packages/airflow/example_dags/example_xcomargs.py took 0.058 seconds
