[2026-05-06T23:19:23.239+0000] {processor.py:161} INFO - Started process (PID=13476) to work on /usr/local/python/3.12.1/lib/python3.12/site-packages/airflow/example_dags/example_branch_operator.py
[2026-05-06T23:19:23.239+0000] {processor.py:830} INFO - Processing file /usr/local/python/3.12.1/lib/python3.12/site-packages/airflow/example_dags/example_branch_operator.py for tasks to queue
[2026-05-06T23:19:23.241+0000] {logging_mixin.py:188} INFO - [2026-05-06T23:19:23.240+0000] {dagbag.py:545} INFO - Filling up the DagBag from /usr/local/python/3.12.1/lib/python3.12/site-packages/airflow/example_dags/example_branch_operator.py
[2026-05-06T23:19:23.254+0000] {processor.py:840} INFO - DAG(s) 'example_branch_operator' retrieved from /usr/local/python/3.12.1/lib/python3.12/site-packages/airflow/example_dags/example_branch_operator.py
[2026-05-06T23:19:23.340+0000] {logging_mixin.py:188} INFO - [2026-05-06T23:19:23.340+0000] {override.py:1829} INFO - Created Permission View: can delete on DAG:example_branch_operator
[2026-05-06T23:19:23.348+0000] {logging_mixin.py:188} INFO - [2026-05-06T23:19:23.348+0000] {override.py:1829} INFO - Created Permission View: can edit on DAG:example_branch_operator
[2026-05-06T23:19:23.354+0000] {logging_mixin.py:188} INFO - [2026-05-06T23:19:23.354+0000] {override.py:1829} INFO - Created Permission View: can read on DAG:example_branch_operator
[2026-05-06T23:19:23.354+0000] {logging_mixin.py:188} INFO - [2026-05-06T23:19:23.354+0000] {dag.py:3096} INFO - Sync 1 DAGs
[2026-05-06T23:19:23.363+0000] {logging_mixin.py:188} INFO - [2026-05-06T23:19:23.362+0000] {dag.py:3118} INFO - Creating ORM DAG for example_branch_operator
[2026-05-06T23:19:23.370+0000] {logging_mixin.py:188} INFO - [2026-05-06T23:19:23.369+0000] {dag.py:3954} INFO - Setting next_dagrun for example_branch_operator to 2026-05-05 00:00:00+00:00, run_after=2026-05-06 00:00:00+00:00
[2026-05-06T23:19:23.385+0000] {processor.py:183} INFO - Processing /usr/local/python/3.12.1/lib/python3.12/site-packages/airflow/example_dags/example_branch_operator.py took 0.151 seconds
[2026-05-06T23:20:23.702+0000] {processor.py:161} INFO - Started process (PID=14048) to work on /usr/local/python/3.12.1/lib/python3.12/site-packages/airflow/example_dags/example_branch_operator.py
[2026-05-06T23:20:23.703+0000] {processor.py:830} INFO - Processing file /usr/local/python/3.12.1/lib/python3.12/site-packages/airflow/example_dags/example_branch_operator.py for tasks to queue
[2026-05-06T23:20:23.704+0000] {logging_mixin.py:188} INFO - [2026-05-06T23:20:23.704+0000] {dagbag.py:545} INFO - Filling up the DagBag from /usr/local/python/3.12.1/lib/python3.12/site-packages/airflow/example_dags/example_branch_operator.py
[2026-05-06T23:20:23.717+0000] {processor.py:840} INFO - DAG(s) 'example_branch_operator' retrieved from /usr/local/python/3.12.1/lib/python3.12/site-packages/airflow/example_dags/example_branch_operator.py
[2026-05-06T23:20:23.766+0000] {logging_mixin.py:188} INFO - [2026-05-06T23:20:23.766+0000] {dag.py:3096} INFO - Sync 1 DAGs
[2026-05-06T23:20:23.782+0000] {logging_mixin.py:188} INFO - [2026-05-06T23:20:23.781+0000] {dag.py:3954} INFO - Setting next_dagrun for example_branch_operator to 2026-05-05 00:00:00+00:00, run_after=2026-05-06 00:00:00+00:00
[2026-05-06T23:20:23.797+0000] {processor.py:183} INFO - Processing /usr/local/python/3.12.1/lib/python3.12/site-packages/airflow/example_dags/example_branch_operator.py took 0.099 seconds
[2026-05-06T23:21:24.747+0000] {processor.py:161} INFO - Started process (PID=14618) to work on /usr/local/python/3.12.1/lib/python3.12/site-packages/airflow/example_dags/example_branch_operator.py
[2026-05-06T23:21:24.748+0000] {processor.py:830} INFO - Processing file /usr/local/python/3.12.1/lib/python3.12/site-packages/airflow/example_dags/example_branch_operator.py for tasks to queue
[2026-05-06T23:21:24.749+0000] {logging_mixin.py:188} INFO - [2026-05-06T23:21:24.749+0000] {dagbag.py:545} INFO - Filling up the DagBag from /usr/local/python/3.12.1/lib/python3.12/site-packages/airflow/example_dags/example_branch_operator.py
[2026-05-06T23:21:24.762+0000] {processor.py:840} INFO - DAG(s) 'example_branch_operator' retrieved from /usr/local/python/3.12.1/lib/python3.12/site-packages/airflow/example_dags/example_branch_operator.py
[2026-05-06T23:21:24.779+0000] {logging_mixin.py:188} INFO - [2026-05-06T23:21:24.779+0000] {dag.py:3096} INFO - Sync 1 DAGs
[2026-05-06T23:21:24.794+0000] {logging_mixin.py:188} INFO - [2026-05-06T23:21:24.794+0000] {dag.py:3954} INFO - Setting next_dagrun for example_branch_operator to 2026-05-05 00:00:00+00:00, run_after=2026-05-06 00:00:00+00:00
[2026-05-06T23:21:24.809+0000] {processor.py:183} INFO - Processing /usr/local/python/3.12.1/lib/python3.12/site-packages/airflow/example_dags/example_branch_operator.py took 0.066 seconds
[2026-05-06T23:22:26.407+0000] {processor.py:161} INFO - Started process (PID=15115) to work on /usr/local/python/3.12.1/lib/python3.12/site-packages/airflow/example_dags/example_branch_operator.py
[2026-05-06T23:22:26.408+0000] {processor.py:830} INFO - Processing file /usr/local/python/3.12.1/lib/python3.12/site-packages/airflow/example_dags/example_branch_operator.py for tasks to queue
[2026-05-06T23:22:26.409+0000] {logging_mixin.py:188} INFO - [2026-05-06T23:22:26.409+0000] {dagbag.py:545} INFO - Filling up the DagBag from /usr/local/python/3.12.1/lib/python3.12/site-packages/airflow/example_dags/example_branch_operator.py
[2026-05-06T23:22:26.423+0000] {processor.py:840} INFO - DAG(s) 'example_branch_operator' retrieved from /usr/local/python/3.12.1/lib/python3.12/site-packages/airflow/example_dags/example_branch_operator.py
[2026-05-06T23:22:26.440+0000] {logging_mixin.py:188} INFO - [2026-05-06T23:22:26.440+0000] {dag.py:3096} INFO - Sync 1 DAGs
[2026-05-06T23:22:26.460+0000] {logging_mixin.py:188} INFO - [2026-05-06T23:22:26.459+0000] {dag.py:3954} INFO - Setting next_dagrun for example_branch_operator to 2026-05-05 00:00:00+00:00, run_after=2026-05-06 00:00:00+00:00
[2026-05-06T23:22:26.475+0000] {processor.py:183} INFO - Processing /usr/local/python/3.12.1/lib/python3.12/site-packages/airflow/example_dags/example_branch_operator.py took 0.072 seconds
[2026-05-06T23:23:24.334+0000] {processor.py:161} INFO - Started process (PID=15677) to work on /usr/local/python/3.12.1/lib/python3.12/site-packages/airflow/example_dags/example_branch_operator.py
[2026-05-06T23:23:24.334+0000] {processor.py:830} INFO - Processing file /usr/local/python/3.12.1/lib/python3.12/site-packages/airflow/example_dags/example_branch_operator.py for tasks to queue
[2026-05-06T23:23:24.336+0000] {logging_mixin.py:188} INFO - [2026-05-06T23:23:24.336+0000] {dagbag.py:545} INFO - Filling up the DagBag from /usr/local/python/3.12.1/lib/python3.12/site-packages/airflow/example_dags/example_branch_operator.py
[2026-05-06T23:23:24.349+0000] {processor.py:840} INFO - DAG(s) 'example_branch_operator' retrieved from /usr/local/python/3.12.1/lib/python3.12/site-packages/airflow/example_dags/example_branch_operator.py
[2026-05-06T23:23:24.367+0000] {logging_mixin.py:188} INFO - [2026-05-06T23:23:24.367+0000] {dag.py:3096} INFO - Sync 1 DAGs
[2026-05-06T23:23:24.382+0000] {logging_mixin.py:188} INFO - [2026-05-06T23:23:24.382+0000] {dag.py:3954} INFO - Setting next_dagrun for example_branch_operator to 2026-05-05 00:00:00+00:00, run_after=2026-05-06 00:00:00+00:00
[2026-05-06T23:23:24.398+0000] {processor.py:183} INFO - Processing /usr/local/python/3.12.1/lib/python3.12/site-packages/airflow/example_dags/example_branch_operator.py took 0.069 seconds
[2026-05-06T23:24:20.050+0000] {processor.py:161} INFO - Started process (PID=16465) to work on /usr/local/python/3.12.1/lib/python3.12/site-packages/airflow/example_dags/example_branch_operator.py
[2026-05-06T23:24:20.050+0000] {processor.py:830} INFO - Processing file /usr/local/python/3.12.1/lib/python3.12/site-packages/airflow/example_dags/example_branch_operator.py for tasks to queue
[2026-05-06T23:24:20.052+0000] {logging_mixin.py:188} INFO - [2026-05-06T23:24:20.052+0000] {dagbag.py:545} INFO - Filling up the DagBag from /usr/local/python/3.12.1/lib/python3.12/site-packages/airflow/example_dags/example_branch_operator.py
[2026-05-06T23:24:20.065+0000] {processor.py:840} INFO - DAG(s) 'example_branch_operator' retrieved from /usr/local/python/3.12.1/lib/python3.12/site-packages/airflow/example_dags/example_branch_operator.py
[2026-05-06T23:24:20.084+0000] {logging_mixin.py:188} INFO - [2026-05-06T23:24:20.083+0000] {dag.py:3096} INFO - Sync 1 DAGs
[2026-05-06T23:24:20.099+0000] {logging_mixin.py:188} INFO - [2026-05-06T23:24:20.099+0000] {dag.py:3954} INFO - Setting next_dagrun for example_branch_operator to 2026-05-05 00:00:00+00:00, run_after=2026-05-06 00:00:00+00:00
[2026-05-06T23:24:20.115+0000] {processor.py:183} INFO - Processing /usr/local/python/3.12.1/lib/python3.12/site-packages/airflow/example_dags/example_branch_operator.py took 0.070 seconds
[2026-05-06T23:25:15.335+0000] {processor.py:161} INFO - Started process (PID=17108) to work on /usr/local/python/3.12.1/lib/python3.12/site-packages/airflow/example_dags/example_branch_operator.py
[2026-05-06T23:25:15.336+0000] {processor.py:830} INFO - Processing file /usr/local/python/3.12.1/lib/python3.12/site-packages/airflow/example_dags/example_branch_operator.py for tasks to queue
[2026-05-06T23:25:15.337+0000] {logging_mixin.py:188} INFO - [2026-05-06T23:25:15.337+0000] {dagbag.py:545} INFO - Filling up the DagBag from /usr/local/python/3.12.1/lib/python3.12/site-packages/airflow/example_dags/example_branch_operator.py
[2026-05-06T23:25:15.350+0000] {processor.py:840} INFO - DAG(s) 'example_branch_operator' retrieved from /usr/local/python/3.12.1/lib/python3.12/site-packages/airflow/example_dags/example_branch_operator.py
[2026-05-06T23:25:15.368+0000] {logging_mixin.py:188} INFO - [2026-05-06T23:25:15.368+0000] {dag.py:3096} INFO - Sync 1 DAGs
[2026-05-06T23:25:15.383+0000] {logging_mixin.py:188} INFO - [2026-05-06T23:25:15.383+0000] {dag.py:3954} INFO - Setting next_dagrun for example_branch_operator to 2026-05-05 00:00:00+00:00, run_after=2026-05-06 00:00:00+00:00
[2026-05-06T23:25:15.399+0000] {processor.py:183} INFO - Processing /usr/local/python/3.12.1/lib/python3.12/site-packages/airflow/example_dags/example_branch_operator.py took 0.069 seconds
[2026-05-06T23:26:20.258+0000] {processor.py:161} INFO - Started process (PID=17658) to work on /usr/local/python/3.12.1/lib/python3.12/site-packages/airflow/example_dags/example_branch_operator.py
[2026-05-06T23:26:20.259+0000] {processor.py:830} INFO - Processing file /usr/local/python/3.12.1/lib/python3.12/site-packages/airflow/example_dags/example_branch_operator.py for tasks to queue
[2026-05-06T23:26:20.260+0000] {logging_mixin.py:188} INFO - [2026-05-06T23:26:20.260+0000] {dagbag.py:545} INFO - Filling up the DagBag from /usr/local/python/3.12.1/lib/python3.12/site-packages/airflow/example_dags/example_branch_operator.py
[2026-05-06T23:26:20.274+0000] {processor.py:840} INFO - DAG(s) 'example_branch_operator' retrieved from /usr/local/python/3.12.1/lib/python3.12/site-packages/airflow/example_dags/example_branch_operator.py
[2026-05-06T23:26:20.291+0000] {logging_mixin.py:188} INFO - [2026-05-06T23:26:20.291+0000] {dag.py:3096} INFO - Sync 1 DAGs
[2026-05-06T23:26:20.307+0000] {logging_mixin.py:188} INFO - [2026-05-06T23:26:20.306+0000] {dag.py:3954} INFO - Setting next_dagrun for example_branch_operator to 2026-05-05 00:00:00+00:00, run_after=2026-05-06 00:00:00+00:00
[2026-05-06T23:26:20.322+0000] {processor.py:183} INFO - Processing /usr/local/python/3.12.1/lib/python3.12/site-packages/airflow/example_dags/example_branch_operator.py took 0.069 seconds
[2026-05-06T23:27:15.079+0000] {processor.py:161} INFO - Started process (PID=18167) to work on /usr/local/python/3.12.1/lib/python3.12/site-packages/airflow/example_dags/example_branch_operator.py
[2026-05-06T23:27:15.079+0000] {processor.py:830} INFO - Processing file /usr/local/python/3.12.1/lib/python3.12/site-packages/airflow/example_dags/example_branch_operator.py for tasks to queue
[2026-05-06T23:27:15.081+0000] {logging_mixin.py:188} INFO - [2026-05-06T23:27:15.080+0000] {dagbag.py:545} INFO - Filling up the DagBag from /usr/local/python/3.12.1/lib/python3.12/site-packages/airflow/example_dags/example_branch_operator.py
[2026-05-06T23:27:15.094+0000] {processor.py:840} INFO - DAG(s) 'example_branch_operator' retrieved from /usr/local/python/3.12.1/lib/python3.12/site-packages/airflow/example_dags/example_branch_operator.py
[2026-05-06T23:27:15.112+0000] {logging_mixin.py:188} INFO - [2026-05-06T23:27:15.112+0000] {dag.py:3096} INFO - Sync 1 DAGs
[2026-05-06T23:27:15.128+0000] {logging_mixin.py:188} INFO - [2026-05-06T23:27:15.128+0000] {dag.py:3954} INFO - Setting next_dagrun for example_branch_operator to 2026-05-05 00:00:00+00:00, run_after=2026-05-06 00:00:00+00:00
[2026-05-06T23:27:15.145+0000] {processor.py:183} INFO - Processing /usr/local/python/3.12.1/lib/python3.12/site-packages/airflow/example_dags/example_branch_operator.py took 0.071 seconds
[2026-05-06T23:28:13.932+0000] {processor.py:161} INFO - Started process (PID=18749) to work on /usr/local/python/3.12.1/lib/python3.12/site-packages/airflow/example_dags/example_branch_operator.py
[2026-05-06T23:28:13.933+0000] {processor.py:830} INFO - Processing file /usr/local/python/3.12.1/lib/python3.12/site-packages/airflow/example_dags/example_branch_operator.py for tasks to queue
[2026-05-06T23:28:13.935+0000] {logging_mixin.py:188} INFO - [2026-05-06T23:28:13.934+0000] {dagbag.py:545} INFO - Filling up the DagBag from /usr/local/python/3.12.1/lib/python3.12/site-packages/airflow/example_dags/example_branch_operator.py
[2026-05-06T23:28:13.948+0000] {processor.py:840} INFO - DAG(s) 'example_branch_operator' retrieved from /usr/local/python/3.12.1/lib/python3.12/site-packages/airflow/example_dags/example_branch_operator.py
[2026-05-06T23:28:13.966+0000] {logging_mixin.py:188} INFO - [2026-05-06T23:28:13.966+0000] {dag.py:3096} INFO - Sync 1 DAGs
[2026-05-06T23:28:14.072+0000] {logging_mixin.py:188} INFO - [2026-05-06T23:28:14.071+0000] {dag.py:3954} INFO - Setting next_dagrun for example_branch_operator to 2026-05-05 00:00:00+00:00, run_after=2026-05-06 00:00:00+00:00
[2026-05-06T23:28:14.086+0000] {processor.py:183} INFO - Processing /usr/local/python/3.12.1/lib/python3.12/site-packages/airflow/example_dags/example_branch_operator.py took 0.158 seconds
[2026-05-06T23:32:04.205+0000] {processor.py:161} INFO - Started process (PID=20886) to work on /usr/local/python/3.12.1/lib/python3.12/site-packages/airflow/example_dags/example_branch_operator.py
[2026-05-06T23:32:04.206+0000] {processor.py:830} INFO - Processing file /usr/local/python/3.12.1/lib/python3.12/site-packages/airflow/example_dags/example_branch_operator.py for tasks to queue
[2026-05-06T23:32:04.208+0000] {logging_mixin.py:188} INFO - [2026-05-06T23:32:04.207+0000] {dagbag.py:545} INFO - Filling up the DagBag from /usr/local/python/3.12.1/lib/python3.12/site-packages/airflow/example_dags/example_branch_operator.py
[2026-05-06T23:32:04.221+0000] {processor.py:840} INFO - DAG(s) 'example_branch_operator' retrieved from /usr/local/python/3.12.1/lib/python3.12/site-packages/airflow/example_dags/example_branch_operator.py
[2026-05-06T23:32:04.327+0000] {logging_mixin.py:188} INFO - [2026-05-06T23:32:04.326+0000] {dag.py:3096} INFO - Sync 1 DAGs
[2026-05-06T23:32:04.341+0000] {logging_mixin.py:188} INFO - [2026-05-06T23:32:04.341+0000] {dag.py:3954} INFO - Setting next_dagrun for example_branch_operator to 2026-05-05 00:00:00+00:00, run_after=2026-05-06 00:00:00+00:00
[2026-05-06T23:32:04.358+0000] {processor.py:183} INFO - Processing /usr/local/python/3.12.1/lib/python3.12/site-packages/airflow/example_dags/example_branch_operator.py took 0.157 seconds
[2026-05-06T23:33:01.960+0000] {processor.py:161} INFO - Started process (PID=21343) to work on /usr/local/python/3.12.1/lib/python3.12/site-packages/airflow/example_dags/example_branch_operator.py
[2026-05-06T23:33:01.961+0000] {processor.py:830} INFO - Processing file /usr/local/python/3.12.1/lib/python3.12/site-packages/airflow/example_dags/example_branch_operator.py for tasks to queue
[2026-05-06T23:33:01.962+0000] {logging_mixin.py:188} INFO - [2026-05-06T23:33:01.962+0000] {dagbag.py:545} INFO - Filling up the DagBag from /usr/local/python/3.12.1/lib/python3.12/site-packages/airflow/example_dags/example_branch_operator.py
[2026-05-06T23:33:01.976+0000] {processor.py:840} INFO - DAG(s) 'example_branch_operator' retrieved from /usr/local/python/3.12.1/lib/python3.12/site-packages/airflow/example_dags/example_branch_operator.py
[2026-05-06T23:33:01.995+0000] {logging_mixin.py:188} INFO - [2026-05-06T23:33:01.995+0000] {dag.py:3096} INFO - Sync 1 DAGs
[2026-05-06T23:33:02.011+0000] {logging_mixin.py:188} INFO - [2026-05-06T23:33:02.011+0000] {dag.py:3954} INFO - Setting next_dagrun for example_branch_operator to 2026-05-05 00:00:00+00:00, run_after=2026-05-06 00:00:00+00:00
[2026-05-06T23:33:02.027+0000] {processor.py:183} INFO - Processing /usr/local/python/3.12.1/lib/python3.12/site-packages/airflow/example_dags/example_branch_operator.py took 0.072 seconds
[2026-05-06T23:33:58.521+0000] {processor.py:161} INFO - Started process (PID=21791) to work on /usr/local/python/3.12.1/lib/python3.12/site-packages/airflow/example_dags/example_branch_operator.py
[2026-05-06T23:33:58.522+0000] {processor.py:830} INFO - Processing file /usr/local/python/3.12.1/lib/python3.12/site-packages/airflow/example_dags/example_branch_operator.py for tasks to queue
[2026-05-06T23:33:58.523+0000] {logging_mixin.py:188} INFO - [2026-05-06T23:33:58.523+0000] {dagbag.py:545} INFO - Filling up the DagBag from /usr/local/python/3.12.1/lib/python3.12/site-packages/airflow/example_dags/example_branch_operator.py
[2026-05-06T23:33:58.537+0000] {processor.py:840} INFO - DAG(s) 'example_branch_operator' retrieved from /usr/local/python/3.12.1/lib/python3.12/site-packages/airflow/example_dags/example_branch_operator.py
[2026-05-06T23:33:58.555+0000] {logging_mixin.py:188} INFO - [2026-05-06T23:33:58.555+0000] {dag.py:3096} INFO - Sync 1 DAGs
[2026-05-06T23:33:58.571+0000] {logging_mixin.py:188} INFO - [2026-05-06T23:33:58.571+0000] {dag.py:3954} INFO - Setting next_dagrun for example_branch_operator to 2026-05-05 00:00:00+00:00, run_after=2026-05-06 00:00:00+00:00
[2026-05-06T23:33:58.587+0000] {processor.py:183} INFO - Processing /usr/local/python/3.12.1/lib/python3.12/site-packages/airflow/example_dags/example_branch_operator.py took 0.071 seconds
[2026-05-06T23:34:57.845+0000] {processor.py:161} INFO - Started process (PID=22275) to work on /usr/local/python/3.12.1/lib/python3.12/site-packages/airflow/example_dags/example_branch_operator.py
[2026-05-06T23:34:57.846+0000] {processor.py:830} INFO - Processing file /usr/local/python/3.12.1/lib/python3.12/site-packages/airflow/example_dags/example_branch_operator.py for tasks to queue
[2026-05-06T23:34:57.847+0000] {logging_mixin.py:188} INFO - [2026-05-06T23:34:57.847+0000] {dagbag.py:545} INFO - Filling up the DagBag from /usr/local/python/3.12.1/lib/python3.12/site-packages/airflow/example_dags/example_branch_operator.py
[2026-05-06T23:34:57.860+0000] {processor.py:840} INFO - DAG(s) 'example_branch_operator' retrieved from /usr/local/python/3.12.1/lib/python3.12/site-packages/airflow/example_dags/example_branch_operator.py
[2026-05-06T23:34:57.879+0000] {logging_mixin.py:188} INFO - [2026-05-06T23:34:57.879+0000] {dag.py:3096} INFO - Sync 1 DAGs
[2026-05-06T23:34:57.895+0000] {logging_mixin.py:188} INFO - [2026-05-06T23:34:57.895+0000] {dag.py:3954} INFO - Setting next_dagrun for example_branch_operator to 2026-05-05 00:00:00+00:00, run_after=2026-05-06 00:00:00+00:00
[2026-05-06T23:34:57.914+0000] {processor.py:183} INFO - Processing /usr/local/python/3.12.1/lib/python3.12/site-packages/airflow/example_dags/example_branch_operator.py took 0.074 seconds
[2026-05-06T23:35:55.911+0000] {processor.py:161} INFO - Started process (PID=22723) to work on /usr/local/python/3.12.1/lib/python3.12/site-packages/airflow/example_dags/example_branch_operator.py
[2026-05-06T23:35:55.912+0000] {processor.py:830} INFO - Processing file /usr/local/python/3.12.1/lib/python3.12/site-packages/airflow/example_dags/example_branch_operator.py for tasks to queue
[2026-05-06T23:35:55.913+0000] {logging_mixin.py:188} INFO - [2026-05-06T23:35:55.913+0000] {dagbag.py:545} INFO - Filling up the DagBag from /usr/local/python/3.12.1/lib/python3.12/site-packages/airflow/example_dags/example_branch_operator.py
[2026-05-06T23:35:55.927+0000] {processor.py:840} INFO - DAG(s) 'example_branch_operator' retrieved from /usr/local/python/3.12.1/lib/python3.12/site-packages/airflow/example_dags/example_branch_operator.py
[2026-05-06T23:35:55.945+0000] {logging_mixin.py:188} INFO - [2026-05-06T23:35:55.945+0000] {dag.py:3096} INFO - Sync 1 DAGs
[2026-05-06T23:35:55.961+0000] {logging_mixin.py:188} INFO - [2026-05-06T23:35:55.960+0000] {dag.py:3954} INFO - Setting next_dagrun for example_branch_operator to 2026-05-05 00:00:00+00:00, run_after=2026-05-06 00:00:00+00:00
[2026-05-06T23:35:55.976+0000] {processor.py:183} INFO - Processing /usr/local/python/3.12.1/lib/python3.12/site-packages/airflow/example_dags/example_branch_operator.py took 0.070 seconds
[2026-05-06T23:36:51.837+0000] {processor.py:161} INFO - Started process (PID=23159) to work on /usr/local/python/3.12.1/lib/python3.12/site-packages/airflow/example_dags/example_branch_operator.py
[2026-05-06T23:36:51.837+0000] {processor.py:830} INFO - Processing file /usr/local/python/3.12.1/lib/python3.12/site-packages/airflow/example_dags/example_branch_operator.py for tasks to queue
[2026-05-06T23:36:51.839+0000] {logging_mixin.py:188} INFO - [2026-05-06T23:36:51.838+0000] {dagbag.py:545} INFO - Filling up the DagBag from /usr/local/python/3.12.1/lib/python3.12/site-packages/airflow/example_dags/example_branch_operator.py
[2026-05-06T23:36:51.852+0000] {processor.py:840} INFO - DAG(s) 'example_branch_operator' retrieved from /usr/local/python/3.12.1/lib/python3.12/site-packages/airflow/example_dags/example_branch_operator.py
[2026-05-06T23:36:51.870+0000] {logging_mixin.py:188} INFO - [2026-05-06T23:36:51.870+0000] {dag.py:3096} INFO - Sync 1 DAGs
[2026-05-06T23:36:51.887+0000] {logging_mixin.py:188} INFO - [2026-05-06T23:36:51.886+0000] {dag.py:3954} INFO - Setting next_dagrun for example_branch_operator to 2026-05-05 00:00:00+00:00, run_after=2026-05-06 00:00:00+00:00
[2026-05-06T23:36:51.903+0000] {processor.py:183} INFO - Processing /usr/local/python/3.12.1/lib/python3.12/site-packages/airflow/example_dags/example_branch_operator.py took 0.071 seconds
[2026-05-06T23:37:51.264+0000] {processor.py:161} INFO - Started process (PID=23626) to work on /usr/local/python/3.12.1/lib/python3.12/site-packages/airflow/example_dags/example_branch_operator.py
[2026-05-06T23:37:51.264+0000] {processor.py:830} INFO - Processing file /usr/local/python/3.12.1/lib/python3.12/site-packages/airflow/example_dags/example_branch_operator.py for tasks to queue
[2026-05-06T23:37:51.266+0000] {logging_mixin.py:188} INFO - [2026-05-06T23:37:51.266+0000] {dagbag.py:545} INFO - Filling up the DagBag from /usr/local/python/3.12.1/lib/python3.12/site-packages/airflow/example_dags/example_branch_operator.py
[2026-05-06T23:37:51.280+0000] {processor.py:840} INFO - DAG(s) 'example_branch_operator' retrieved from /usr/local/python/3.12.1/lib/python3.12/site-packages/airflow/example_dags/example_branch_operator.py
[2026-05-06T23:37:51.299+0000] {logging_mixin.py:188} INFO - [2026-05-06T23:37:51.299+0000] {dag.py:3096} INFO - Sync 1 DAGs
[2026-05-06T23:37:51.315+0000] {logging_mixin.py:188} INFO - [2026-05-06T23:37:51.315+0000] {dag.py:3954} INFO - Setting next_dagrun for example_branch_operator to 2026-05-05 00:00:00+00:00, run_after=2026-05-06 00:00:00+00:00
[2026-05-06T23:37:51.332+0000] {processor.py:183} INFO - Processing /usr/local/python/3.12.1/lib/python3.12/site-packages/airflow/example_dags/example_branch_operator.py took 0.074 seconds
[2026-05-06T23:38:48.751+0000] {processor.py:161} INFO - Started process (PID=24061) to work on /usr/local/python/3.12.1/lib/python3.12/site-packages/airflow/example_dags/example_branch_operator.py
[2026-05-06T23:38:48.752+0000] {processor.py:830} INFO - Processing file /usr/local/python/3.12.1/lib/python3.12/site-packages/airflow/example_dags/example_branch_operator.py for tasks to queue
[2026-05-06T23:38:48.753+0000] {logging_mixin.py:188} INFO - [2026-05-06T23:38:48.753+0000] {dagbag.py:545} INFO - Filling up the DagBag from /usr/local/python/3.12.1/lib/python3.12/site-packages/airflow/example_dags/example_branch_operator.py
[2026-05-06T23:38:48.767+0000] {processor.py:840} INFO - DAG(s) 'example_branch_operator' retrieved from /usr/local/python/3.12.1/lib/python3.12/site-packages/airflow/example_dags/example_branch_operator.py
[2026-05-06T23:38:48.786+0000] {logging_mixin.py:188} INFO - [2026-05-06T23:38:48.786+0000] {dag.py:3096} INFO - Sync 1 DAGs
[2026-05-06T23:38:48.922+0000] {logging_mixin.py:188} INFO - [2026-05-06T23:38:48.922+0000] {dag.py:3954} INFO - Setting next_dagrun for example_branch_operator to 2026-05-05 00:00:00+00:00, run_after=2026-05-06 00:00:00+00:00
[2026-05-06T23:38:48.938+0000] {processor.py:183} INFO - Processing /usr/local/python/3.12.1/lib/python3.12/site-packages/airflow/example_dags/example_branch_operator.py took 0.191 seconds
[2026-05-06T23:39:48.092+0000] {processor.py:161} INFO - Started process (PID=24526) to work on /usr/local/python/3.12.1/lib/python3.12/site-packages/airflow/example_dags/example_branch_operator.py
[2026-05-06T23:39:48.093+0000] {processor.py:830} INFO - Processing file /usr/local/python/3.12.1/lib/python3.12/site-packages/airflow/example_dags/example_branch_operator.py for tasks to queue
[2026-05-06T23:39:48.095+0000] {logging_mixin.py:188} INFO - [2026-05-06T23:39:48.094+0000] {dagbag.py:545} INFO - Filling up the DagBag from /usr/local/python/3.12.1/lib/python3.12/site-packages/airflow/example_dags/example_branch_operator.py
[2026-05-06T23:39:48.108+0000] {processor.py:840} INFO - DAG(s) 'example_branch_operator' retrieved from /usr/local/python/3.12.1/lib/python3.12/site-packages/airflow/example_dags/example_branch_operator.py
[2026-05-06T23:39:48.128+0000] {logging_mixin.py:188} INFO - [2026-05-06T23:39:48.128+0000] {dag.py:3096} INFO - Sync 1 DAGs
[2026-05-06T23:39:48.144+0000] {logging_mixin.py:188} INFO - [2026-05-06T23:39:48.143+0000] {dag.py:3954} INFO - Setting next_dagrun for example_branch_operator to 2026-05-05 00:00:00+00:00, run_after=2026-05-06 00:00:00+00:00
[2026-05-06T23:39:48.161+0000] {processor.py:183} INFO - Processing /usr/local/python/3.12.1/lib/python3.12/site-packages/airflow/example_dags/example_branch_operator.py took 0.073 seconds
[2026-05-06T23:40:50.490+0000] {processor.py:161} INFO - Started process (PID=25016) to work on /usr/local/python/3.12.1/lib/python3.12/site-packages/airflow/example_dags/example_branch_operator.py
[2026-05-06T23:40:50.491+0000] {processor.py:830} INFO - Processing file /usr/local/python/3.12.1/lib/python3.12/site-packages/airflow/example_dags/example_branch_operator.py for tasks to queue
[2026-05-06T23:40:50.492+0000] {logging_mixin.py:188} INFO - [2026-05-06T23:40:50.492+0000] {dagbag.py:545} INFO - Filling up the DagBag from /usr/local/python/3.12.1/lib/python3.12/site-packages/airflow/example_dags/example_branch_operator.py
[2026-05-06T23:40:50.506+0000] {processor.py:840} INFO - DAG(s) 'example_branch_operator' retrieved from /usr/local/python/3.12.1/lib/python3.12/site-packages/airflow/example_dags/example_branch_operator.py
[2026-05-06T23:40:50.525+0000] {logging_mixin.py:188} INFO - [2026-05-06T23:40:50.525+0000] {dag.py:3096} INFO - Sync 1 DAGs
[2026-05-06T23:40:50.541+0000] {logging_mixin.py:188} INFO - [2026-05-06T23:40:50.541+0000] {dag.py:3954} INFO - Setting next_dagrun for example_branch_operator to 2026-05-05 00:00:00+00:00, run_after=2026-05-06 00:00:00+00:00
[2026-05-06T23:40:50.584+0000] {processor.py:183} INFO - Processing /usr/local/python/3.12.1/lib/python3.12/site-packages/airflow/example_dags/example_branch_operator.py took 0.099 seconds
[2026-05-06T23:41:46.049+0000] {processor.py:161} INFO - Started process (PID=25454) to work on /usr/local/python/3.12.1/lib/python3.12/site-packages/airflow/example_dags/example_branch_operator.py
[2026-05-06T23:41:46.050+0000] {processor.py:830} INFO - Processing file /usr/local/python/3.12.1/lib/python3.12/site-packages/airflow/example_dags/example_branch_operator.py for tasks to queue
[2026-05-06T23:41:46.051+0000] {logging_mixin.py:188} INFO - [2026-05-06T23:41:46.051+0000] {dagbag.py:545} INFO - Filling up the DagBag from /usr/local/python/3.12.1/lib/python3.12/site-packages/airflow/example_dags/example_branch_operator.py
[2026-05-06T23:41:46.165+0000] {processor.py:840} INFO - DAG(s) 'example_branch_operator' retrieved from /usr/local/python/3.12.1/lib/python3.12/site-packages/airflow/example_dags/example_branch_operator.py
[2026-05-06T23:41:46.180+0000] {logging_mixin.py:188} INFO - [2026-05-06T23:41:46.180+0000] {dag.py:3096} INFO - Sync 1 DAGs
[2026-05-06T23:41:46.194+0000] {logging_mixin.py:188} INFO - [2026-05-06T23:41:46.194+0000] {dag.py:3954} INFO - Setting next_dagrun for example_branch_operator to 2026-05-05 00:00:00+00:00, run_after=2026-05-06 00:00:00+00:00
[2026-05-06T23:41:46.210+0000] {processor.py:183} INFO - Processing /usr/local/python/3.12.1/lib/python3.12/site-packages/airflow/example_dags/example_branch_operator.py took 0.166 seconds
[2026-05-06T23:42:50.110+0000] {processor.py:161} INFO - Started process (PID=25941) to work on /usr/local/python/3.12.1/lib/python3.12/site-packages/airflow/example_dags/example_branch_operator.py
[2026-05-06T23:42:50.111+0000] {processor.py:830} INFO - Processing file /usr/local/python/3.12.1/lib/python3.12/site-packages/airflow/example_dags/example_branch_operator.py for tasks to queue
[2026-05-06T23:42:50.113+0000] {logging_mixin.py:188} INFO - [2026-05-06T23:42:50.112+0000] {dagbag.py:545} INFO - Filling up the DagBag from /usr/local/python/3.12.1/lib/python3.12/site-packages/airflow/example_dags/example_branch_operator.py
[2026-05-06T23:42:50.127+0000] {processor.py:840} INFO - DAG(s) 'example_branch_operator' retrieved from /usr/local/python/3.12.1/lib/python3.12/site-packages/airflow/example_dags/example_branch_operator.py
[2026-05-06T23:42:50.146+0000] {logging_mixin.py:188} INFO - [2026-05-06T23:42:50.146+0000] {dag.py:3096} INFO - Sync 1 DAGs
[2026-05-06T23:42:50.163+0000] {logging_mixin.py:188} INFO - [2026-05-06T23:42:50.163+0000] {dag.py:3954} INFO - Setting next_dagrun for example_branch_operator to 2026-05-05 00:00:00+00:00, run_after=2026-05-06 00:00:00+00:00
[2026-05-06T23:42:50.180+0000] {processor.py:183} INFO - Processing /usr/local/python/3.12.1/lib/python3.12/site-packages/airflow/example_dags/example_branch_operator.py took 0.075 seconds
[2026-05-06T23:43:49.550+0000] {processor.py:161} INFO - Started process (PID=26410) to work on /usr/local/python/3.12.1/lib/python3.12/site-packages/airflow/example_dags/example_branch_operator.py
[2026-05-06T23:43:49.551+0000] {processor.py:830} INFO - Processing file /usr/local/python/3.12.1/lib/python3.12/site-packages/airflow/example_dags/example_branch_operator.py for tasks to queue
[2026-05-06T23:43:49.555+0000] {logging_mixin.py:188} INFO - [2026-05-06T23:43:49.553+0000] {dagbag.py:545} INFO - Filling up the DagBag from /usr/local/python/3.12.1/lib/python3.12/site-packages/airflow/example_dags/example_branch_operator.py
[2026-05-06T23:43:49.574+0000] {processor.py:840} INFO - DAG(s) 'example_branch_operator' retrieved from /usr/local/python/3.12.1/lib/python3.12/site-packages/airflow/example_dags/example_branch_operator.py
[2026-05-06T23:43:49.593+0000] {logging_mixin.py:188} INFO - [2026-05-06T23:43:49.593+0000] {dag.py:3096} INFO - Sync 1 DAGs
[2026-05-06T23:43:49.610+0000] {logging_mixin.py:188} INFO - [2026-05-06T23:43:49.610+0000] {dag.py:3954} INFO - Setting next_dagrun for example_branch_operator to 2026-05-05 00:00:00+00:00, run_after=2026-05-06 00:00:00+00:00
[2026-05-06T23:43:49.627+0000] {processor.py:183} INFO - Processing /usr/local/python/3.12.1/lib/python3.12/site-packages/airflow/example_dags/example_branch_operator.py took 0.086 seconds
[2026-05-06T23:44:47.289+0000] {processor.py:161} INFO - Started process (PID=26864) to work on /usr/local/python/3.12.1/lib/python3.12/site-packages/airflow/example_dags/example_branch_operator.py
[2026-05-06T23:44:47.290+0000] {processor.py:830} INFO - Processing file /usr/local/python/3.12.1/lib/python3.12/site-packages/airflow/example_dags/example_branch_operator.py for tasks to queue
[2026-05-06T23:44:47.292+0000] {logging_mixin.py:188} INFO - [2026-05-06T23:44:47.291+0000] {dagbag.py:545} INFO - Filling up the DagBag from /usr/local/python/3.12.1/lib/python3.12/site-packages/airflow/example_dags/example_branch_operator.py
[2026-05-06T23:44:47.305+0000] {processor.py:840} INFO - DAG(s) 'example_branch_operator' retrieved from /usr/local/python/3.12.1/lib/python3.12/site-packages/airflow/example_dags/example_branch_operator.py
[2026-05-06T23:44:47.324+0000] {logging_mixin.py:188} INFO - [2026-05-06T23:44:47.324+0000] {dag.py:3096} INFO - Sync 1 DAGs
[2026-05-06T23:44:47.340+0000] {logging_mixin.py:188} INFO - [2026-05-06T23:44:47.340+0000] {dag.py:3954} INFO - Setting next_dagrun for example_branch_operator to 2026-05-05 00:00:00+00:00, run_after=2026-05-06 00:00:00+00:00
[2026-05-06T23:44:47.357+0000] {processor.py:183} INFO - Processing /usr/local/python/3.12.1/lib/python3.12/site-packages/airflow/example_dags/example_branch_operator.py took 0.072 seconds
[2026-05-06T23:45:43.719+0000] {processor.py:161} INFO - Started process (PID=27294) to work on /usr/local/python/3.12.1/lib/python3.12/site-packages/airflow/example_dags/example_branch_operator.py
[2026-05-06T23:45:43.720+0000] {processor.py:830} INFO - Processing file /usr/local/python/3.12.1/lib/python3.12/site-packages/airflow/example_dags/example_branch_operator.py for tasks to queue
[2026-05-06T23:45:43.721+0000] {logging_mixin.py:188} INFO - [2026-05-06T23:45:43.721+0000] {dagbag.py:545} INFO - Filling up the DagBag from /usr/local/python/3.12.1/lib/python3.12/site-packages/airflow/example_dags/example_branch_operator.py
[2026-05-06T23:45:43.741+0000] {processor.py:840} INFO - DAG(s) 'example_branch_operator' retrieved from /usr/local/python/3.12.1/lib/python3.12/site-packages/airflow/example_dags/example_branch_operator.py
[2026-05-06T23:45:43.772+0000] {logging_mixin.py:188} INFO - [2026-05-06T23:45:43.772+0000] {dag.py:3096} INFO - Sync 1 DAGs
[2026-05-06T23:45:43.793+0000] {logging_mixin.py:188} INFO - [2026-05-06T23:45:43.793+0000] {dag.py:3954} INFO - Setting next_dagrun for example_branch_operator to 2026-05-05 00:00:00+00:00, run_after=2026-05-06 00:00:00+00:00
[2026-05-06T23:45:43.810+0000] {processor.py:183} INFO - Processing /usr/local/python/3.12.1/lib/python3.12/site-packages/airflow/example_dags/example_branch_operator.py took 0.096 seconds
[2026-05-06T23:46:43.025+0000] {processor.py:161} INFO - Started process (PID=27755) to work on /usr/local/python/3.12.1/lib/python3.12/site-packages/airflow/example_dags/example_branch_operator.py
[2026-05-06T23:46:43.026+0000] {processor.py:830} INFO - Processing file /usr/local/python/3.12.1/lib/python3.12/site-packages/airflow/example_dags/example_branch_operator.py for tasks to queue
[2026-05-06T23:46:43.027+0000] {logging_mixin.py:188} INFO - [2026-05-06T23:46:43.027+0000] {dagbag.py:545} INFO - Filling up the DagBag from /usr/local/python/3.12.1/lib/python3.12/site-packages/airflow/example_dags/example_branch_operator.py
[2026-05-06T23:46:43.042+0000] {processor.py:840} INFO - DAG(s) 'example_branch_operator' retrieved from /usr/local/python/3.12.1/lib/python3.12/site-packages/airflow/example_dags/example_branch_operator.py
[2026-05-06T23:46:43.064+0000] {logging_mixin.py:188} INFO - [2026-05-06T23:46:43.063+0000] {dag.py:3096} INFO - Sync 1 DAGs
[2026-05-06T23:46:43.081+0000] {logging_mixin.py:188} INFO - [2026-05-06T23:46:43.081+0000] {dag.py:3954} INFO - Setting next_dagrun for example_branch_operator to 2026-05-05 00:00:00+00:00, run_after=2026-05-06 00:00:00+00:00
[2026-05-06T23:46:43.104+0000] {processor.py:183} INFO - Processing /usr/local/python/3.12.1/lib/python3.12/site-packages/airflow/example_dags/example_branch_operator.py took 0.084 seconds
[2026-05-06T23:47:45.108+0000] {processor.py:161} INFO - Started process (PID=28245) to work on /usr/local/python/3.12.1/lib/python3.12/site-packages/airflow/example_dags/example_branch_operator.py
[2026-05-06T23:47:45.109+0000] {processor.py:830} INFO - Processing file /usr/local/python/3.12.1/lib/python3.12/site-packages/airflow/example_dags/example_branch_operator.py for tasks to queue
[2026-05-06T23:47:45.111+0000] {logging_mixin.py:188} INFO - [2026-05-06T23:47:45.110+0000] {dagbag.py:545} INFO - Filling up the DagBag from /usr/local/python/3.12.1/lib/python3.12/site-packages/airflow/example_dags/example_branch_operator.py
[2026-05-06T23:47:45.125+0000] {processor.py:840} INFO - DAG(s) 'example_branch_operator' retrieved from /usr/local/python/3.12.1/lib/python3.12/site-packages/airflow/example_dags/example_branch_operator.py
[2026-05-06T23:47:45.144+0000] {logging_mixin.py:188} INFO - [2026-05-06T23:47:45.143+0000] {dag.py:3096} INFO - Sync 1 DAGs
[2026-05-06T23:47:45.159+0000] {logging_mixin.py:188} INFO - [2026-05-06T23:47:45.159+0000] {dag.py:3954} INFO - Setting next_dagrun for example_branch_operator to 2026-05-05 00:00:00+00:00, run_after=2026-05-06 00:00:00+00:00
[2026-05-06T23:47:45.175+0000] {processor.py:183} INFO - Processing /usr/local/python/3.12.1/lib/python3.12/site-packages/airflow/example_dags/example_branch_operator.py took 0.073 seconds
[2026-05-06T23:48:46.095+0000] {processor.py:161} INFO - Started process (PID=28723) to work on /usr/local/python/3.12.1/lib/python3.12/site-packages/airflow/example_dags/example_branch_operator.py
[2026-05-06T23:48:46.095+0000] {processor.py:830} INFO - Processing file /usr/local/python/3.12.1/lib/python3.12/site-packages/airflow/example_dags/example_branch_operator.py for tasks to queue
[2026-05-06T23:48:46.097+0000] {logging_mixin.py:188} INFO - [2026-05-06T23:48:46.097+0000] {dagbag.py:545} INFO - Filling up the DagBag from /usr/local/python/3.12.1/lib/python3.12/site-packages/airflow/example_dags/example_branch_operator.py
[2026-05-06T23:48:46.111+0000] {processor.py:840} INFO - DAG(s) 'example_branch_operator' retrieved from /usr/local/python/3.12.1/lib/python3.12/site-packages/airflow/example_dags/example_branch_operator.py
[2026-05-06T23:48:46.142+0000] {logging_mixin.py:188} INFO - [2026-05-06T23:48:46.141+0000] {dag.py:3096} INFO - Sync 1 DAGs
[2026-05-06T23:48:46.168+0000] {logging_mixin.py:188} INFO - [2026-05-06T23:48:46.168+0000] {dag.py:3954} INFO - Setting next_dagrun for example_branch_operator to 2026-05-05 00:00:00+00:00, run_after=2026-05-06 00:00:00+00:00
[2026-05-06T23:48:46.195+0000] {processor.py:183} INFO - Processing /usr/local/python/3.12.1/lib/python3.12/site-packages/airflow/example_dags/example_branch_operator.py took 0.105 seconds
[2026-05-06T23:49:41.189+0000] {processor.py:161} INFO - Started process (PID=29165) to work on /usr/local/python/3.12.1/lib/python3.12/site-packages/airflow/example_dags/example_branch_operator.py
[2026-05-06T23:49:41.189+0000] {processor.py:830} INFO - Processing file /usr/local/python/3.12.1/lib/python3.12/site-packages/airflow/example_dags/example_branch_operator.py for tasks to queue
[2026-05-06T23:49:41.191+0000] {logging_mixin.py:188} INFO - [2026-05-06T23:49:41.191+0000] {dagbag.py:545} INFO - Filling up the DagBag from /usr/local/python/3.12.1/lib/python3.12/site-packages/airflow/example_dags/example_branch_operator.py
[2026-05-06T23:49:41.205+0000] {processor.py:840} INFO - DAG(s) 'example_branch_operator' retrieved from /usr/local/python/3.12.1/lib/python3.12/site-packages/airflow/example_dags/example_branch_operator.py
[2026-05-06T23:49:41.237+0000] {logging_mixin.py:188} INFO - [2026-05-06T23:49:41.237+0000] {dag.py:3096} INFO - Sync 1 DAGs
[2026-05-06T23:49:41.253+0000] {logging_mixin.py:188} INFO - [2026-05-06T23:49:41.253+0000] {dag.py:3954} INFO - Setting next_dagrun for example_branch_operator to 2026-05-05 00:00:00+00:00, run_after=2026-05-06 00:00:00+00:00
[2026-05-06T23:49:41.272+0000] {processor.py:183} INFO - Processing /usr/local/python/3.12.1/lib/python3.12/site-packages/airflow/example_dags/example_branch_operator.py took 0.088 seconds
[2026-05-06T23:50:35.481+0000] {processor.py:161} INFO - Started process (PID=29577) to work on /usr/local/python/3.12.1/lib/python3.12/site-packages/airflow/example_dags/example_branch_operator.py
[2026-05-06T23:50:35.482+0000] {processor.py:830} INFO - Processing file /usr/local/python/3.12.1/lib/python3.12/site-packages/airflow/example_dags/example_branch_operator.py for tasks to queue
[2026-05-06T23:50:35.483+0000] {logging_mixin.py:188} INFO - [2026-05-06T23:50:35.483+0000] {dagbag.py:545} INFO - Filling up the DagBag from /usr/local/python/3.12.1/lib/python3.12/site-packages/airflow/example_dags/example_branch_operator.py
[2026-05-06T23:50:35.496+0000] {processor.py:840} INFO - DAG(s) 'example_branch_operator' retrieved from /usr/local/python/3.12.1/lib/python3.12/site-packages/airflow/example_dags/example_branch_operator.py
[2026-05-06T23:50:35.515+0000] {logging_mixin.py:188} INFO - [2026-05-06T23:50:35.515+0000] {dag.py:3096} INFO - Sync 1 DAGs
[2026-05-06T23:50:35.531+0000] {logging_mixin.py:188} INFO - [2026-05-06T23:50:35.531+0000] {dag.py:3954} INFO - Setting next_dagrun for example_branch_operator to 2026-05-05 00:00:00+00:00, run_after=2026-05-06 00:00:00+00:00
[2026-05-06T23:50:35.547+0000] {processor.py:183} INFO - Processing /usr/local/python/3.12.1/lib/python3.12/site-packages/airflow/example_dags/example_branch_operator.py took 0.072 seconds
[2026-05-06T23:51:34.002+0000] {processor.py:161} INFO - Started process (PID=30040) to work on /usr/local/python/3.12.1/lib/python3.12/site-packages/airflow/example_dags/example_branch_operator.py
[2026-05-06T23:51:34.004+0000] {processor.py:830} INFO - Processing file /usr/local/python/3.12.1/lib/python3.12/site-packages/airflow/example_dags/example_branch_operator.py for tasks to queue
[2026-05-06T23:51:34.006+0000] {logging_mixin.py:188} INFO - [2026-05-06T23:51:34.006+0000] {dagbag.py:545} INFO - Filling up the DagBag from /usr/local/python/3.12.1/lib/python3.12/site-packages/airflow/example_dags/example_branch_operator.py
[2026-05-06T23:51:34.032+0000] {processor.py:840} INFO - DAG(s) 'example_branch_operator' retrieved from /usr/local/python/3.12.1/lib/python3.12/site-packages/airflow/example_dags/example_branch_operator.py
[2026-05-06T23:51:34.067+0000] {logging_mixin.py:188} INFO - [2026-05-06T23:51:34.067+0000] {dag.py:3096} INFO - Sync 1 DAGs
[2026-05-06T23:51:34.087+0000] {logging_mixin.py:188} INFO - [2026-05-06T23:51:34.087+0000] {dag.py:3954} INFO - Setting next_dagrun for example_branch_operator to 2026-05-05 00:00:00+00:00, run_after=2026-05-06 00:00:00+00:00
[2026-05-06T23:51:34.104+0000] {processor.py:183} INFO - Processing /usr/local/python/3.12.1/lib/python3.12/site-packages/airflow/example_dags/example_branch_operator.py took 0.109 seconds
[2026-05-06T23:52:31.168+0000] {processor.py:161} INFO - Started process (PID=30473) to work on /usr/local/python/3.12.1/lib/python3.12/site-packages/airflow/example_dags/example_branch_operator.py
[2026-05-06T23:52:31.168+0000] {processor.py:830} INFO - Processing file /usr/local/python/3.12.1/lib/python3.12/site-packages/airflow/example_dags/example_branch_operator.py for tasks to queue
[2026-05-06T23:52:31.170+0000] {logging_mixin.py:188} INFO - [2026-05-06T23:52:31.169+0000] {dagbag.py:545} INFO - Filling up the DagBag from /usr/local/python/3.12.1/lib/python3.12/site-packages/airflow/example_dags/example_branch_operator.py
[2026-05-06T23:52:31.183+0000] {processor.py:840} INFO - DAG(s) 'example_branch_operator' retrieved from /usr/local/python/3.12.1/lib/python3.12/site-packages/airflow/example_dags/example_branch_operator.py
[2026-05-06T23:52:31.204+0000] {logging_mixin.py:188} INFO - [2026-05-06T23:52:31.204+0000] {dag.py:3096} INFO - Sync 1 DAGs
[2026-05-06T23:52:31.221+0000] {logging_mixin.py:188} INFO - [2026-05-06T23:52:31.221+0000] {dag.py:3954} INFO - Setting next_dagrun for example_branch_operator to 2026-05-05 00:00:00+00:00, run_after=2026-05-06 00:00:00+00:00
[2026-05-06T23:52:31.240+0000] {processor.py:183} INFO - Processing /usr/local/python/3.12.1/lib/python3.12/site-packages/airflow/example_dags/example_branch_operator.py took 0.078 seconds
[2026-05-06T23:53:30.825+0000] {processor.py:161} INFO - Started process (PID=30941) to work on /usr/local/python/3.12.1/lib/python3.12/site-packages/airflow/example_dags/example_branch_operator.py
[2026-05-06T23:53:30.825+0000] {processor.py:830} INFO - Processing file /usr/local/python/3.12.1/lib/python3.12/site-packages/airflow/example_dags/example_branch_operator.py for tasks to queue
[2026-05-06T23:53:30.827+0000] {logging_mixin.py:188} INFO - [2026-05-06T23:53:30.827+0000] {dagbag.py:545} INFO - Filling up the DagBag from /usr/local/python/3.12.1/lib/python3.12/site-packages/airflow/example_dags/example_branch_operator.py
[2026-05-06T23:53:30.844+0000] {processor.py:840} INFO - DAG(s) 'example_branch_operator' retrieved from /usr/local/python/3.12.1/lib/python3.12/site-packages/airflow/example_dags/example_branch_operator.py
[2026-05-06T23:53:30.867+0000] {logging_mixin.py:188} INFO - [2026-05-06T23:53:30.866+0000] {dag.py:3096} INFO - Sync 1 DAGs
[2026-05-06T23:53:30.883+0000] {logging_mixin.py:188} INFO - [2026-05-06T23:53:30.883+0000] {dag.py:3954} INFO - Setting next_dagrun for example_branch_operator to 2026-05-05 00:00:00+00:00, run_after=2026-05-06 00:00:00+00:00
[2026-05-06T23:53:30.902+0000] {processor.py:183} INFO - Processing /usr/local/python/3.12.1/lib/python3.12/site-packages/airflow/example_dags/example_branch_operator.py took 0.082 seconds
[2026-05-06T23:54:30.705+0000] {processor.py:161} INFO - Started process (PID=31407) to work on /usr/local/python/3.12.1/lib/python3.12/site-packages/airflow/example_dags/example_branch_operator.py
[2026-05-06T23:54:30.706+0000] {processor.py:830} INFO - Processing file /usr/local/python/3.12.1/lib/python3.12/site-packages/airflow/example_dags/example_branch_operator.py for tasks to queue
[2026-05-06T23:54:30.708+0000] {logging_mixin.py:188} INFO - [2026-05-06T23:54:30.707+0000] {dagbag.py:545} INFO - Filling up the DagBag from /usr/local/python/3.12.1/lib/python3.12/site-packages/airflow/example_dags/example_branch_operator.py
[2026-05-06T23:54:30.722+0000] {processor.py:840} INFO - DAG(s) 'example_branch_operator' retrieved from /usr/local/python/3.12.1/lib/python3.12/site-packages/airflow/example_dags/example_branch_operator.py
[2026-05-06T23:54:30.744+0000] {logging_mixin.py:188} INFO - [2026-05-06T23:54:30.744+0000] {dag.py:3096} INFO - Sync 1 DAGs
[2026-05-06T23:54:30.766+0000] {logging_mixin.py:188} INFO - [2026-05-06T23:54:30.766+0000] {dag.py:3954} INFO - Setting next_dagrun for example_branch_operator to 2026-05-05 00:00:00+00:00, run_after=2026-05-06 00:00:00+00:00
[2026-05-06T23:54:30.785+0000] {processor.py:183} INFO - Processing /usr/local/python/3.12.1/lib/python3.12/site-packages/airflow/example_dags/example_branch_operator.py took 0.084 seconds
[2026-05-06T23:55:27.799+0000] {processor.py:161} INFO - Started process (PID=31924) to work on /usr/local/python/3.12.1/lib/python3.12/site-packages/airflow/example_dags/example_branch_operator.py
[2026-05-06T23:55:27.800+0000] {processor.py:830} INFO - Processing file /usr/local/python/3.12.1/lib/python3.12/site-packages/airflow/example_dags/example_branch_operator.py for tasks to queue
[2026-05-06T23:55:27.801+0000] {logging_mixin.py:188} INFO - [2026-05-06T23:55:27.801+0000] {dagbag.py:545} INFO - Filling up the DagBag from /usr/local/python/3.12.1/lib/python3.12/site-packages/airflow/example_dags/example_branch_operator.py
[2026-05-06T23:55:27.816+0000] {processor.py:840} INFO - DAG(s) 'example_branch_operator' retrieved from /usr/local/python/3.12.1/lib/python3.12/site-packages/airflow/example_dags/example_branch_operator.py
[2026-05-06T23:55:27.835+0000] {logging_mixin.py:188} INFO - [2026-05-06T23:55:27.835+0000] {dag.py:3096} INFO - Sync 1 DAGs
[2026-05-06T23:55:27.851+0000] {logging_mixin.py:188} INFO - [2026-05-06T23:55:27.851+0000] {dag.py:3954} INFO - Setting next_dagrun for example_branch_operator to 2026-05-05 00:00:00+00:00, run_after=2026-05-06 00:00:00+00:00
[2026-05-06T23:55:27.869+0000] {processor.py:183} INFO - Processing /usr/local/python/3.12.1/lib/python3.12/site-packages/airflow/example_dags/example_branch_operator.py took 0.075 seconds
[2026-05-06T23:56:26.722+0000] {processor.py:161} INFO - Started process (PID=32382) to work on /usr/local/python/3.12.1/lib/python3.12/site-packages/airflow/example_dags/example_branch_operator.py
[2026-05-06T23:56:26.723+0000] {processor.py:830} INFO - Processing file /usr/local/python/3.12.1/lib/python3.12/site-packages/airflow/example_dags/example_branch_operator.py for tasks to queue
[2026-05-06T23:56:26.724+0000] {logging_mixin.py:188} INFO - [2026-05-06T23:56:26.724+0000] {dagbag.py:545} INFO - Filling up the DagBag from /usr/local/python/3.12.1/lib/python3.12/site-packages/airflow/example_dags/example_branch_operator.py
[2026-05-06T23:56:26.738+0000] {processor.py:840} INFO - DAG(s) 'example_branch_operator' retrieved from /usr/local/python/3.12.1/lib/python3.12/site-packages/airflow/example_dags/example_branch_operator.py
[2026-05-06T23:56:26.757+0000] {logging_mixin.py:188} INFO - [2026-05-06T23:56:26.757+0000] {dag.py:3096} INFO - Sync 1 DAGs
[2026-05-06T23:56:26.773+0000] {logging_mixin.py:188} INFO - [2026-05-06T23:56:26.773+0000] {dag.py:3954} INFO - Setting next_dagrun for example_branch_operator to 2026-05-05 00:00:00+00:00, run_after=2026-05-06 00:00:00+00:00
[2026-05-06T23:56:26.793+0000] {processor.py:183} INFO - Processing /usr/local/python/3.12.1/lib/python3.12/site-packages/airflow/example_dags/example_branch_operator.py took 0.076 seconds
[2026-05-06T23:57:23.703+0000] {processor.py:161} INFO - Started process (PID=32700) to work on /usr/local/python/3.12.1/lib/python3.12/site-packages/airflow/example_dags/example_branch_operator.py
[2026-05-06T23:57:23.704+0000] {processor.py:830} INFO - Processing file /usr/local/python/3.12.1/lib/python3.12/site-packages/airflow/example_dags/example_branch_operator.py for tasks to queue
[2026-05-06T23:57:23.705+0000] {logging_mixin.py:188} INFO - [2026-05-06T23:57:23.705+0000] {dagbag.py:545} INFO - Filling up the DagBag from /usr/local/python/3.12.1/lib/python3.12/site-packages/airflow/example_dags/example_branch_operator.py
[2026-05-06T23:57:23.720+0000] {processor.py:840} INFO - DAG(s) 'example_branch_operator' retrieved from /usr/local/python/3.12.1/lib/python3.12/site-packages/airflow/example_dags/example_branch_operator.py
[2026-05-06T23:57:23.740+0000] {logging_mixin.py:188} INFO - [2026-05-06T23:57:23.739+0000] {dag.py:3096} INFO - Sync 1 DAGs
[2026-05-06T23:57:23.762+0000] {logging_mixin.py:188} INFO - [2026-05-06T23:57:23.762+0000] {dag.py:3954} INFO - Setting next_dagrun for example_branch_operator to 2026-05-05 00:00:00+00:00, run_after=2026-05-06 00:00:00+00:00
[2026-05-06T23:57:23.778+0000] {processor.py:183} INFO - Processing /usr/local/python/3.12.1/lib/python3.12/site-packages/airflow/example_dags/example_branch_operator.py took 0.080 seconds
[2026-05-06T23:58:20.860+0000] {processor.py:161} INFO - Started process (PID=32983) to work on /usr/local/python/3.12.1/lib/python3.12/site-packages/airflow/example_dags/example_branch_operator.py
[2026-05-06T23:58:20.861+0000] {processor.py:830} INFO - Processing file /usr/local/python/3.12.1/lib/python3.12/site-packages/airflow/example_dags/example_branch_operator.py for tasks to queue
[2026-05-06T23:58:20.865+0000] {logging_mixin.py:188} INFO - [2026-05-06T23:58:20.863+0000] {dagbag.py:545} INFO - Filling up the DagBag from /usr/local/python/3.12.1/lib/python3.12/site-packages/airflow/example_dags/example_branch_operator.py
[2026-05-06T23:58:20.894+0000] {processor.py:840} INFO - DAG(s) 'example_branch_operator' retrieved from /usr/local/python/3.12.1/lib/python3.12/site-packages/airflow/example_dags/example_branch_operator.py
[2026-05-06T23:58:20.925+0000] {logging_mixin.py:188} INFO - [2026-05-06T23:58:20.925+0000] {dag.py:3096} INFO - Sync 1 DAGs
[2026-05-06T23:58:20.950+0000] {logging_mixin.py:188} INFO - [2026-05-06T23:58:20.950+0000] {dag.py:3954} INFO - Setting next_dagrun for example_branch_operator to 2026-05-05 00:00:00+00:00, run_after=2026-05-06 00:00:00+00:00
[2026-05-06T23:58:20.970+0000] {processor.py:183} INFO - Processing /usr/local/python/3.12.1/lib/python3.12/site-packages/airflow/example_dags/example_branch_operator.py took 0.118 seconds
[2026-05-06T23:59:21.636+0000] {processor.py:161} INFO - Started process (PID=33280) to work on /usr/local/python/3.12.1/lib/python3.12/site-packages/airflow/example_dags/example_branch_operator.py
[2026-05-06T23:59:21.637+0000] {processor.py:830} INFO - Processing file /usr/local/python/3.12.1/lib/python3.12/site-packages/airflow/example_dags/example_branch_operator.py for tasks to queue
[2026-05-06T23:59:21.639+0000] {logging_mixin.py:188} INFO - [2026-05-06T23:59:21.638+0000] {dagbag.py:545} INFO - Filling up the DagBag from /usr/local/python/3.12.1/lib/python3.12/site-packages/airflow/example_dags/example_branch_operator.py
[2026-05-06T23:59:21.662+0000] {processor.py:840} INFO - DAG(s) 'example_branch_operator' retrieved from /usr/local/python/3.12.1/lib/python3.12/site-packages/airflow/example_dags/example_branch_operator.py
[2026-05-06T23:59:21.681+0000] {logging_mixin.py:188} INFO - [2026-05-06T23:59:21.681+0000] {dag.py:3096} INFO - Sync 1 DAGs
[2026-05-06T23:59:21.698+0000] {logging_mixin.py:188} INFO - [2026-05-06T23:59:21.698+0000] {dag.py:3954} INFO - Setting next_dagrun for example_branch_operator to 2026-05-05 00:00:00+00:00, run_after=2026-05-06 00:00:00+00:00
[2026-05-06T23:59:21.715+0000] {processor.py:183} INFO - Processing /usr/local/python/3.12.1/lib/python3.12/site-packages/airflow/example_dags/example_branch_operator.py took 0.084 seconds
