[2026-05-06T23:18:48.012+0000] {processor.py:161} INFO - Started process (PID=13212) to work on /usr/local/python/3.12.1/lib/python3.12/site-packages/airflow/example_dags/example_time_delta_sensor_async.py
[2026-05-06T23:18:48.013+0000] {processor.py:830} INFO - Processing file /usr/local/python/3.12.1/lib/python3.12/site-packages/airflow/example_dags/example_time_delta_sensor_async.py for tasks to queue
[2026-05-06T23:18:48.014+0000] {logging_mixin.py:188} INFO - [2026-05-06T23:18:48.014+0000] {dagbag.py:545} INFO - Filling up the DagBag from /usr/local/python/3.12.1/lib/python3.12/site-packages/airflow/example_dags/example_time_delta_sensor_async.py
[2026-05-06T23:18:48.019+0000] {processor.py:840} INFO - DAG(s) 'example_time_delta_sensor_async' retrieved from /usr/local/python/3.12.1/lib/python3.12/site-packages/airflow/example_dags/example_time_delta_sensor_async.py
[2026-05-06T23:18:48.097+0000] {logging_mixin.py:188} INFO - [2026-05-06T23:18:48.097+0000] {override.py:1829} INFO - Created Permission View: can delete on DAG:example_time_delta_sensor_async
[2026-05-06T23:18:48.105+0000] {logging_mixin.py:188} INFO - [2026-05-06T23:18:48.105+0000] {override.py:1829} INFO - Created Permission View: can edit on DAG:example_time_delta_sensor_async
[2026-05-06T23:18:48.110+0000] {logging_mixin.py:188} INFO - [2026-05-06T23:18:48.110+0000] {override.py:1829} INFO - Created Permission View: can read on DAG:example_time_delta_sensor_async
[2026-05-06T23:18:48.111+0000] {logging_mixin.py:188} INFO - [2026-05-06T23:18:48.111+0000] {dag.py:3096} INFO - Sync 1 DAGs
[2026-05-06T23:18:48.118+0000] {logging_mixin.py:188} INFO - [2026-05-06T23:18:48.118+0000] {dag.py:3118} INFO - Creating ORM DAG for example_time_delta_sensor_async
[2026-05-06T23:18:48.118+0000] {logging_mixin.py:188} INFO - [2026-05-06T23:18:48.118+0000] {dag.py:3954} INFO - Setting next_dagrun for example_time_delta_sensor_async to None, run_after=None
[2026-05-06T23:18:48.132+0000] {processor.py:183} INFO - Processing /usr/local/python/3.12.1/lib/python3.12/site-packages/airflow/example_dags/example_time_delta_sensor_async.py took 0.124 seconds
[2026-05-06T23:19:39.185+0000] {processor.py:161} INFO - Started process (PID=13611) to work on /usr/local/python/3.12.1/lib/python3.12/site-packages/airflow/example_dags/example_time_delta_sensor_async.py
[2026-05-06T23:19:39.186+0000] {processor.py:830} INFO - Processing file /usr/local/python/3.12.1/lib/python3.12/site-packages/airflow/example_dags/example_time_delta_sensor_async.py for tasks to queue
[2026-05-06T23:19:39.187+0000] {logging_mixin.py:188} INFO - [2026-05-06T23:19:39.187+0000] {dagbag.py:545} INFO - Filling up the DagBag from /usr/local/python/3.12.1/lib/python3.12/site-packages/airflow/example_dags/example_time_delta_sensor_async.py
[2026-05-06T23:19:39.191+0000] {processor.py:840} INFO - DAG(s) 'example_time_delta_sensor_async' retrieved from /usr/local/python/3.12.1/lib/python3.12/site-packages/airflow/example_dags/example_time_delta_sensor_async.py
[2026-05-06T23:19:39.204+0000] {logging_mixin.py:188} INFO - [2026-05-06T23:19:39.203+0000] {dag.py:3096} INFO - Sync 1 DAGs
[2026-05-06T23:19:39.213+0000] {logging_mixin.py:188} INFO - [2026-05-06T23:19:39.213+0000] {dag.py:3954} INFO - Setting next_dagrun for example_time_delta_sensor_async to None, run_after=None
[2026-05-06T23:19:39.232+0000] {processor.py:183} INFO - Processing /usr/local/python/3.12.1/lib/python3.12/site-packages/airflow/example_dags/example_time_delta_sensor_async.py took 0.052 seconds
[2026-05-06T23:20:20.824+0000] {processor.py:161} INFO - Started process (PID=14031) to work on /usr/local/python/3.12.1/lib/python3.12/site-packages/airflow/example_dags/example_time_delta_sensor_async.py
[2026-05-06T23:20:20.825+0000] {processor.py:830} INFO - Processing file /usr/local/python/3.12.1/lib/python3.12/site-packages/airflow/example_dags/example_time_delta_sensor_async.py for tasks to queue
[2026-05-06T23:20:20.826+0000] {logging_mixin.py:188} INFO - [2026-05-06T23:20:20.826+0000] {dagbag.py:545} INFO - Filling up the DagBag from /usr/local/python/3.12.1/lib/python3.12/site-packages/airflow/example_dags/example_time_delta_sensor_async.py
[2026-05-06T23:20:20.830+0000] {processor.py:840} INFO - DAG(s) 'example_time_delta_sensor_async' retrieved from /usr/local/python/3.12.1/lib/python3.12/site-packages/airflow/example_dags/example_time_delta_sensor_async.py
[2026-05-06T23:20:20.842+0000] {logging_mixin.py:188} INFO - [2026-05-06T23:20:20.842+0000] {dag.py:3096} INFO - Sync 1 DAGs
[2026-05-06T23:20:20.851+0000] {logging_mixin.py:188} INFO - [2026-05-06T23:20:20.851+0000] {dag.py:3954} INFO - Setting next_dagrun for example_time_delta_sensor_async to None, run_after=None
[2026-05-06T23:20:20.867+0000] {processor.py:183} INFO - Processing /usr/local/python/3.12.1/lib/python3.12/site-packages/airflow/example_dags/example_time_delta_sensor_async.py took 0.047 seconds
[2026-05-06T23:21:00.219+0000] {processor.py:161} INFO - Started process (PID=14341) to work on /usr/local/python/3.12.1/lib/python3.12/site-packages/airflow/example_dags/example_time_delta_sensor_async.py
[2026-05-06T23:21:00.220+0000] {processor.py:830} INFO - Processing file /usr/local/python/3.12.1/lib/python3.12/site-packages/airflow/example_dags/example_time_delta_sensor_async.py for tasks to queue
[2026-05-06T23:21:00.221+0000] {logging_mixin.py:188} INFO - [2026-05-06T23:21:00.221+0000] {dagbag.py:545} INFO - Filling up the DagBag from /usr/local/python/3.12.1/lib/python3.12/site-packages/airflow/example_dags/example_time_delta_sensor_async.py
[2026-05-06T23:21:00.225+0000] {processor.py:840} INFO - DAG(s) 'example_time_delta_sensor_async' retrieved from /usr/local/python/3.12.1/lib/python3.12/site-packages/airflow/example_dags/example_time_delta_sensor_async.py
[2026-05-06T23:21:00.238+0000] {logging_mixin.py:188} INFO - [2026-05-06T23:21:00.238+0000] {dag.py:3096} INFO - Sync 1 DAGs
[2026-05-06T23:21:00.250+0000] {logging_mixin.py:188} INFO - [2026-05-06T23:21:00.250+0000] {dag.py:3954} INFO - Setting next_dagrun for example_time_delta_sensor_async to None, run_after=None
[2026-05-06T23:21:00.272+0000] {processor.py:183} INFO - Processing /usr/local/python/3.12.1/lib/python3.12/site-packages/airflow/example_dags/example_time_delta_sensor_async.py took 0.057 seconds
[2026-05-06T23:21:40.765+0000] {processor.py:161} INFO - Started process (PID=14751) to work on /usr/local/python/3.12.1/lib/python3.12/site-packages/airflow/example_dags/example_time_delta_sensor_async.py
[2026-05-06T23:21:40.766+0000] {processor.py:830} INFO - Processing file /usr/local/python/3.12.1/lib/python3.12/site-packages/airflow/example_dags/example_time_delta_sensor_async.py for tasks to queue
[2026-05-06T23:21:40.767+0000] {logging_mixin.py:188} INFO - [2026-05-06T23:21:40.767+0000] {dagbag.py:545} INFO - Filling up the DagBag from /usr/local/python/3.12.1/lib/python3.12/site-packages/airflow/example_dags/example_time_delta_sensor_async.py
[2026-05-06T23:21:40.771+0000] {processor.py:840} INFO - DAG(s) 'example_time_delta_sensor_async' retrieved from /usr/local/python/3.12.1/lib/python3.12/site-packages/airflow/example_dags/example_time_delta_sensor_async.py
[2026-05-06T23:21:40.783+0000] {logging_mixin.py:188} INFO - [2026-05-06T23:21:40.783+0000] {dag.py:3096} INFO - Sync 1 DAGs
[2026-05-06T23:21:40.792+0000] {logging_mixin.py:188} INFO - [2026-05-06T23:21:40.792+0000] {dag.py:3954} INFO - Setting next_dagrun for example_time_delta_sensor_async to None, run_after=None
[2026-05-06T23:21:40.808+0000] {processor.py:183} INFO - Processing /usr/local/python/3.12.1/lib/python3.12/site-packages/airflow/example_dags/example_time_delta_sensor_async.py took 0.047 seconds
[2026-05-06T23:22:22.476+0000] {processor.py:161} INFO - Started process (PID=15079) to work on /usr/local/python/3.12.1/lib/python3.12/site-packages/airflow/example_dags/example_time_delta_sensor_async.py
[2026-05-06T23:22:22.477+0000] {processor.py:830} INFO - Processing file /usr/local/python/3.12.1/lib/python3.12/site-packages/airflow/example_dags/example_time_delta_sensor_async.py for tasks to queue
[2026-05-06T23:22:22.480+0000] {logging_mixin.py:188} INFO - [2026-05-06T23:22:22.479+0000] {dagbag.py:545} INFO - Filling up the DagBag from /usr/local/python/3.12.1/lib/python3.12/site-packages/airflow/example_dags/example_time_delta_sensor_async.py
[2026-05-06T23:22:22.485+0000] {processor.py:840} INFO - DAG(s) 'example_time_delta_sensor_async' retrieved from /usr/local/python/3.12.1/lib/python3.12/site-packages/airflow/example_dags/example_time_delta_sensor_async.py
[2026-05-06T23:22:22.506+0000] {logging_mixin.py:188} INFO - [2026-05-06T23:22:22.506+0000] {dag.py:3096} INFO - Sync 1 DAGs
[2026-05-06T23:22:22.519+0000] {logging_mixin.py:188} INFO - [2026-05-06T23:22:22.519+0000] {dag.py:3954} INFO - Setting next_dagrun for example_time_delta_sensor_async to None, run_after=None
[2026-05-06T23:22:22.534+0000] {processor.py:183} INFO - Processing /usr/local/python/3.12.1/lib/python3.12/site-packages/airflow/example_dags/example_time_delta_sensor_async.py took 0.065 seconds
[2026-05-06T23:23:01.808+0000] {processor.py:161} INFO - Started process (PID=15478) to work on /usr/local/python/3.12.1/lib/python3.12/site-packages/airflow/example_dags/example_time_delta_sensor_async.py
[2026-05-06T23:23:01.809+0000] {processor.py:830} INFO - Processing file /usr/local/python/3.12.1/lib/python3.12/site-packages/airflow/example_dags/example_time_delta_sensor_async.py for tasks to queue
[2026-05-06T23:23:01.811+0000] {logging_mixin.py:188} INFO - [2026-05-06T23:23:01.810+0000] {dagbag.py:545} INFO - Filling up the DagBag from /usr/local/python/3.12.1/lib/python3.12/site-packages/airflow/example_dags/example_time_delta_sensor_async.py
[2026-05-06T23:23:01.814+0000] {processor.py:840} INFO - DAG(s) 'example_time_delta_sensor_async' retrieved from /usr/local/python/3.12.1/lib/python3.12/site-packages/airflow/example_dags/example_time_delta_sensor_async.py
[2026-05-06T23:23:01.827+0000] {logging_mixin.py:188} INFO - [2026-05-06T23:23:01.827+0000] {dag.py:3096} INFO - Sync 1 DAGs
[2026-05-06T23:23:01.836+0000] {logging_mixin.py:188} INFO - [2026-05-06T23:23:01.836+0000] {dag.py:3954} INFO - Setting next_dagrun for example_time_delta_sensor_async to None, run_after=None
[2026-05-06T23:23:01.852+0000] {processor.py:183} INFO - Processing /usr/local/python/3.12.1/lib/python3.12/site-packages/airflow/example_dags/example_time_delta_sensor_async.py took 0.048 seconds
[2026-05-06T23:23:51.282+0000] {processor.py:161} INFO - Started process (PID=16014) to work on /usr/local/python/3.12.1/lib/python3.12/site-packages/airflow/example_dags/example_time_delta_sensor_async.py
[2026-05-06T23:23:51.283+0000] {processor.py:830} INFO - Processing file /usr/local/python/3.12.1/lib/python3.12/site-packages/airflow/example_dags/example_time_delta_sensor_async.py for tasks to queue
[2026-05-06T23:23:51.285+0000] {logging_mixin.py:188} INFO - [2026-05-06T23:23:51.284+0000] {dagbag.py:545} INFO - Filling up the DagBag from /usr/local/python/3.12.1/lib/python3.12/site-packages/airflow/example_dags/example_time_delta_sensor_async.py
[2026-05-06T23:23:51.288+0000] {processor.py:840} INFO - DAG(s) 'example_time_delta_sensor_async' retrieved from /usr/local/python/3.12.1/lib/python3.12/site-packages/airflow/example_dags/example_time_delta_sensor_async.py
[2026-05-06T23:23:51.302+0000] {logging_mixin.py:188} INFO - [2026-05-06T23:23:51.301+0000] {dag.py:3096} INFO - Sync 1 DAGs
[2026-05-06T23:23:51.311+0000] {logging_mixin.py:188} INFO - [2026-05-06T23:23:51.311+0000] {dag.py:3954} INFO - Setting next_dagrun for example_time_delta_sensor_async to None, run_after=None
[2026-05-06T23:23:51.327+0000] {processor.py:183} INFO - Processing /usr/local/python/3.12.1/lib/python3.12/site-packages/airflow/example_dags/example_time_delta_sensor_async.py took 0.049 seconds
[2026-05-06T23:24:29.164+0000] {processor.py:161} INFO - Started process (PID=16583) to work on /usr/local/python/3.12.1/lib/python3.12/site-packages/airflow/example_dags/example_time_delta_sensor_async.py
[2026-05-06T23:24:29.165+0000] {processor.py:830} INFO - Processing file /usr/local/python/3.12.1/lib/python3.12/site-packages/airflow/example_dags/example_time_delta_sensor_async.py for tasks to queue
[2026-05-06T23:24:29.167+0000] {logging_mixin.py:188} INFO - [2026-05-06T23:24:29.167+0000] {dagbag.py:545} INFO - Filling up the DagBag from /usr/local/python/3.12.1/lib/python3.12/site-packages/airflow/example_dags/example_time_delta_sensor_async.py
[2026-05-06T23:24:29.172+0000] {processor.py:840} INFO - DAG(s) 'example_time_delta_sensor_async' retrieved from /usr/local/python/3.12.1/lib/python3.12/site-packages/airflow/example_dags/example_time_delta_sensor_async.py
[2026-05-06T23:24:29.189+0000] {logging_mixin.py:188} INFO - [2026-05-06T23:24:29.189+0000] {dag.py:3096} INFO - Sync 1 DAGs
[2026-05-06T23:24:29.198+0000] {logging_mixin.py:188} INFO - [2026-05-06T23:24:29.198+0000] {dag.py:3954} INFO - Setting next_dagrun for example_time_delta_sensor_async to None, run_after=None
[2026-05-06T23:24:29.214+0000] {processor.py:183} INFO - Processing /usr/local/python/3.12.1/lib/python3.12/site-packages/airflow/example_dags/example_time_delta_sensor_async.py took 0.056 seconds
[2026-05-06T23:25:06.192+0000] {processor.py:161} INFO - Started process (PID=17012) to work on /usr/local/python/3.12.1/lib/python3.12/site-packages/airflow/example_dags/example_time_delta_sensor_async.py
[2026-05-06T23:25:06.193+0000] {processor.py:830} INFO - Processing file /usr/local/python/3.12.1/lib/python3.12/site-packages/airflow/example_dags/example_time_delta_sensor_async.py for tasks to queue
[2026-05-06T23:25:06.195+0000] {logging_mixin.py:188} INFO - [2026-05-06T23:25:06.194+0000] {dagbag.py:545} INFO - Filling up the DagBag from /usr/local/python/3.12.1/lib/python3.12/site-packages/airflow/example_dags/example_time_delta_sensor_async.py
[2026-05-06T23:25:06.199+0000] {processor.py:840} INFO - DAG(s) 'example_time_delta_sensor_async' retrieved from /usr/local/python/3.12.1/lib/python3.12/site-packages/airflow/example_dags/example_time_delta_sensor_async.py
[2026-05-06T23:25:06.211+0000] {logging_mixin.py:188} INFO - [2026-05-06T23:25:06.211+0000] {dag.py:3096} INFO - Sync 1 DAGs
[2026-05-06T23:25:06.221+0000] {logging_mixin.py:188} INFO - [2026-05-06T23:25:06.220+0000] {dag.py:3954} INFO - Setting next_dagrun for example_time_delta_sensor_async to None, run_after=None
[2026-05-06T23:25:06.237+0000] {processor.py:183} INFO - Processing /usr/local/python/3.12.1/lib/python3.12/site-packages/airflow/example_dags/example_time_delta_sensor_async.py took 0.049 seconds
[2026-05-06T23:25:46.258+0000] {processor.py:161} INFO - Started process (PID=17351) to work on /usr/local/python/3.12.1/lib/python3.12/site-packages/airflow/example_dags/example_time_delta_sensor_async.py
[2026-05-06T23:25:46.259+0000] {processor.py:830} INFO - Processing file /usr/local/python/3.12.1/lib/python3.12/site-packages/airflow/example_dags/example_time_delta_sensor_async.py for tasks to queue
[2026-05-06T23:25:46.260+0000] {logging_mixin.py:188} INFO - [2026-05-06T23:25:46.260+0000] {dagbag.py:545} INFO - Filling up the DagBag from /usr/local/python/3.12.1/lib/python3.12/site-packages/airflow/example_dags/example_time_delta_sensor_async.py
[2026-05-06T23:25:46.264+0000] {processor.py:840} INFO - DAG(s) 'example_time_delta_sensor_async' retrieved from /usr/local/python/3.12.1/lib/python3.12/site-packages/airflow/example_dags/example_time_delta_sensor_async.py
[2026-05-06T23:25:46.277+0000] {logging_mixin.py:188} INFO - [2026-05-06T23:25:46.277+0000] {dag.py:3096} INFO - Sync 1 DAGs
[2026-05-06T23:25:46.286+0000] {logging_mixin.py:188} INFO - [2026-05-06T23:25:46.286+0000] {dag.py:3954} INFO - Setting next_dagrun for example_time_delta_sensor_async to None, run_after=None
[2026-05-06T23:25:46.302+0000] {processor.py:183} INFO - Processing /usr/local/python/3.12.1/lib/python3.12/site-packages/airflow/example_dags/example_time_delta_sensor_async.py took 0.048 seconds
[2026-05-06T23:26:27.533+0000] {processor.py:161} INFO - Started process (PID=17710) to work on /usr/local/python/3.12.1/lib/python3.12/site-packages/airflow/example_dags/example_time_delta_sensor_async.py
[2026-05-06T23:26:27.534+0000] {processor.py:830} INFO - Processing file /usr/local/python/3.12.1/lib/python3.12/site-packages/airflow/example_dags/example_time_delta_sensor_async.py for tasks to queue
[2026-05-06T23:26:27.535+0000] {logging_mixin.py:188} INFO - [2026-05-06T23:26:27.535+0000] {dagbag.py:545} INFO - Filling up the DagBag from /usr/local/python/3.12.1/lib/python3.12/site-packages/airflow/example_dags/example_time_delta_sensor_async.py
[2026-05-06T23:26:27.539+0000] {processor.py:840} INFO - DAG(s) 'example_time_delta_sensor_async' retrieved from /usr/local/python/3.12.1/lib/python3.12/site-packages/airflow/example_dags/example_time_delta_sensor_async.py
[2026-05-06T23:26:27.552+0000] {logging_mixin.py:188} INFO - [2026-05-06T23:26:27.552+0000] {dag.py:3096} INFO - Sync 1 DAGs
[2026-05-06T23:26:27.561+0000] {logging_mixin.py:188} INFO - [2026-05-06T23:26:27.560+0000] {dag.py:3954} INFO - Setting next_dagrun for example_time_delta_sensor_async to None, run_after=None
[2026-05-06T23:26:27.576+0000] {processor.py:183} INFO - Processing /usr/local/python/3.12.1/lib/python3.12/site-packages/airflow/example_dags/example_time_delta_sensor_async.py took 0.048 seconds
[2026-05-06T23:27:04.232+0000] {processor.py:161} INFO - Started process (PID=18042) to work on /usr/local/python/3.12.1/lib/python3.12/site-packages/airflow/example_dags/example_time_delta_sensor_async.py
[2026-05-06T23:27:04.233+0000] {processor.py:830} INFO - Processing file /usr/local/python/3.12.1/lib/python3.12/site-packages/airflow/example_dags/example_time_delta_sensor_async.py for tasks to queue
[2026-05-06T23:27:04.234+0000] {logging_mixin.py:188} INFO - [2026-05-06T23:27:04.234+0000] {dagbag.py:545} INFO - Filling up the DagBag from /usr/local/python/3.12.1/lib/python3.12/site-packages/airflow/example_dags/example_time_delta_sensor_async.py
[2026-05-06T23:27:04.238+0000] {processor.py:840} INFO - DAG(s) 'example_time_delta_sensor_async' retrieved from /usr/local/python/3.12.1/lib/python3.12/site-packages/airflow/example_dags/example_time_delta_sensor_async.py
[2026-05-06T23:27:04.251+0000] {logging_mixin.py:188} INFO - [2026-05-06T23:27:04.251+0000] {dag.py:3096} INFO - Sync 1 DAGs
[2026-05-06T23:27:04.261+0000] {logging_mixin.py:188} INFO - [2026-05-06T23:27:04.260+0000] {dag.py:3954} INFO - Setting next_dagrun for example_time_delta_sensor_async to None, run_after=None
[2026-05-06T23:27:04.277+0000] {processor.py:183} INFO - Processing /usr/local/python/3.12.1/lib/python3.12/site-packages/airflow/example_dags/example_time_delta_sensor_async.py took 0.051 seconds
[2026-05-06T23:27:43.081+0000] {processor.py:161} INFO - Started process (PID=18481) to work on /usr/local/python/3.12.1/lib/python3.12/site-packages/airflow/example_dags/example_time_delta_sensor_async.py
[2026-05-06T23:27:43.082+0000] {processor.py:830} INFO - Processing file /usr/local/python/3.12.1/lib/python3.12/site-packages/airflow/example_dags/example_time_delta_sensor_async.py for tasks to queue
[2026-05-06T23:27:43.083+0000] {logging_mixin.py:188} INFO - [2026-05-06T23:27:43.083+0000] {dagbag.py:545} INFO - Filling up the DagBag from /usr/local/python/3.12.1/lib/python3.12/site-packages/airflow/example_dags/example_time_delta_sensor_async.py
[2026-05-06T23:27:43.087+0000] {processor.py:840} INFO - DAG(s) 'example_time_delta_sensor_async' retrieved from /usr/local/python/3.12.1/lib/python3.12/site-packages/airflow/example_dags/example_time_delta_sensor_async.py
[2026-05-06T23:27:43.100+0000] {logging_mixin.py:188} INFO - [2026-05-06T23:27:43.100+0000] {dag.py:3096} INFO - Sync 1 DAGs
[2026-05-06T23:27:43.109+0000] {logging_mixin.py:188} INFO - [2026-05-06T23:27:43.109+0000] {dag.py:3954} INFO - Setting next_dagrun for example_time_delta_sensor_async to None, run_after=None
[2026-05-06T23:27:43.126+0000] {processor.py:183} INFO - Processing /usr/local/python/3.12.1/lib/python3.12/site-packages/airflow/example_dags/example_time_delta_sensor_async.py took 0.050 seconds
[2026-05-06T23:28:24.103+0000] {processor.py:161} INFO - Started process (PID=18827) to work on /usr/local/python/3.12.1/lib/python3.12/site-packages/airflow/example_dags/example_time_delta_sensor_async.py
[2026-05-06T23:28:24.104+0000] {processor.py:830} INFO - Processing file /usr/local/python/3.12.1/lib/python3.12/site-packages/airflow/example_dags/example_time_delta_sensor_async.py for tasks to queue
[2026-05-06T23:28:24.106+0000] {logging_mixin.py:188} INFO - [2026-05-06T23:28:24.105+0000] {dagbag.py:545} INFO - Filling up the DagBag from /usr/local/python/3.12.1/lib/python3.12/site-packages/airflow/example_dags/example_time_delta_sensor_async.py
[2026-05-06T23:28:24.109+0000] {processor.py:840} INFO - DAG(s) 'example_time_delta_sensor_async' retrieved from /usr/local/python/3.12.1/lib/python3.12/site-packages/airflow/example_dags/example_time_delta_sensor_async.py
[2026-05-06T23:28:24.123+0000] {logging_mixin.py:188} INFO - [2026-05-06T23:28:24.122+0000] {dag.py:3096} INFO - Sync 1 DAGs
[2026-05-06T23:28:24.225+0000] {logging_mixin.py:188} INFO - [2026-05-06T23:28:24.225+0000] {dag.py:3954} INFO - Setting next_dagrun for example_time_delta_sensor_async to None, run_after=None
[2026-05-06T23:28:24.240+0000] {processor.py:183} INFO - Processing /usr/local/python/3.12.1/lib/python3.12/site-packages/airflow/example_dags/example_time_delta_sensor_async.py took 0.142 seconds
[2026-05-06T23:31:32.367+0000] {processor.py:161} INFO - Started process (PID=20636) to work on /usr/local/python/3.12.1/lib/python3.12/site-packages/airflow/example_dags/example_time_delta_sensor_async.py
[2026-05-06T23:31:32.368+0000] {processor.py:830} INFO - Processing file /usr/local/python/3.12.1/lib/python3.12/site-packages/airflow/example_dags/example_time_delta_sensor_async.py for tasks to queue
[2026-05-06T23:31:32.369+0000] {logging_mixin.py:188} INFO - [2026-05-06T23:31:32.369+0000] {dagbag.py:545} INFO - Filling up the DagBag from /usr/local/python/3.12.1/lib/python3.12/site-packages/airflow/example_dags/example_time_delta_sensor_async.py
[2026-05-06T23:31:32.375+0000] {processor.py:840} INFO - DAG(s) 'example_time_delta_sensor_async' retrieved from /usr/local/python/3.12.1/lib/python3.12/site-packages/airflow/example_dags/example_time_delta_sensor_async.py
[2026-05-06T23:31:32.389+0000] {logging_mixin.py:188} INFO - [2026-05-06T23:31:32.389+0000] {dag.py:3096} INFO - Sync 1 DAGs
[2026-05-06T23:31:32.398+0000] {logging_mixin.py:188} INFO - [2026-05-06T23:31:32.398+0000] {dag.py:3954} INFO - Setting next_dagrun for example_time_delta_sensor_async to None, run_after=None
[2026-05-06T23:31:32.417+0000] {processor.py:183} INFO - Processing /usr/local/python/3.12.1/lib/python3.12/site-packages/airflow/example_dags/example_time_delta_sensor_async.py took 0.054 seconds
[2026-05-06T23:32:21.985+0000] {processor.py:161} INFO - Started process (PID=21034) to work on /usr/local/python/3.12.1/lib/python3.12/site-packages/airflow/example_dags/example_time_delta_sensor_async.py
[2026-05-06T23:32:21.988+0000] {processor.py:830} INFO - Processing file /usr/local/python/3.12.1/lib/python3.12/site-packages/airflow/example_dags/example_time_delta_sensor_async.py for tasks to queue
[2026-05-06T23:32:21.990+0000] {logging_mixin.py:188} INFO - [2026-05-06T23:32:21.989+0000] {dagbag.py:545} INFO - Filling up the DagBag from /usr/local/python/3.12.1/lib/python3.12/site-packages/airflow/example_dags/example_time_delta_sensor_async.py
[2026-05-06T23:32:21.995+0000] {processor.py:840} INFO - DAG(s) 'example_time_delta_sensor_async' retrieved from /usr/local/python/3.12.1/lib/python3.12/site-packages/airflow/example_dags/example_time_delta_sensor_async.py
[2026-05-06T23:32:22.008+0000] {logging_mixin.py:188} INFO - [2026-05-06T23:32:22.008+0000] {dag.py:3096} INFO - Sync 1 DAGs
[2026-05-06T23:32:22.018+0000] {logging_mixin.py:188} INFO - [2026-05-06T23:32:22.017+0000] {dag.py:3954} INFO - Setting next_dagrun for example_time_delta_sensor_async to None, run_after=None
[2026-05-06T23:32:22.034+0000] {processor.py:183} INFO - Processing /usr/local/python/3.12.1/lib/python3.12/site-packages/airflow/example_dags/example_time_delta_sensor_async.py took 0.056 seconds
[2026-05-06T23:33:11.025+0000] {processor.py:161} INFO - Started process (PID=21421) to work on /usr/local/python/3.12.1/lib/python3.12/site-packages/airflow/example_dags/example_time_delta_sensor_async.py
[2026-05-06T23:33:11.026+0000] {processor.py:830} INFO - Processing file /usr/local/python/3.12.1/lib/python3.12/site-packages/airflow/example_dags/example_time_delta_sensor_async.py for tasks to queue
[2026-05-06T23:33:11.027+0000] {logging_mixin.py:188} INFO - [2026-05-06T23:33:11.027+0000] {dagbag.py:545} INFO - Filling up the DagBag from /usr/local/python/3.12.1/lib/python3.12/site-packages/airflow/example_dags/example_time_delta_sensor_async.py
[2026-05-06T23:33:11.031+0000] {processor.py:840} INFO - DAG(s) 'example_time_delta_sensor_async' retrieved from /usr/local/python/3.12.1/lib/python3.12/site-packages/airflow/example_dags/example_time_delta_sensor_async.py
[2026-05-06T23:33:11.043+0000] {logging_mixin.py:188} INFO - [2026-05-06T23:33:11.043+0000] {dag.py:3096} INFO - Sync 1 DAGs
[2026-05-06T23:33:11.052+0000] {logging_mixin.py:188} INFO - [2026-05-06T23:33:11.052+0000] {dag.py:3954} INFO - Setting next_dagrun for example_time_delta_sensor_async to None, run_after=None
[2026-05-06T23:33:11.069+0000] {processor.py:183} INFO - Processing /usr/local/python/3.12.1/lib/python3.12/site-packages/airflow/example_dags/example_time_delta_sensor_async.py took 0.048 seconds
[2026-05-06T23:33:49.361+0000] {processor.py:161} INFO - Started process (PID=21725) to work on /usr/local/python/3.12.1/lib/python3.12/site-packages/airflow/example_dags/example_time_delta_sensor_async.py
[2026-05-06T23:33:49.362+0000] {processor.py:830} INFO - Processing file /usr/local/python/3.12.1/lib/python3.12/site-packages/airflow/example_dags/example_time_delta_sensor_async.py for tasks to queue
[2026-05-06T23:33:49.364+0000] {logging_mixin.py:188} INFO - [2026-05-06T23:33:49.363+0000] {dagbag.py:545} INFO - Filling up the DagBag from /usr/local/python/3.12.1/lib/python3.12/site-packages/airflow/example_dags/example_time_delta_sensor_async.py
[2026-05-06T23:33:49.368+0000] {processor.py:840} INFO - DAG(s) 'example_time_delta_sensor_async' retrieved from /usr/local/python/3.12.1/lib/python3.12/site-packages/airflow/example_dags/example_time_delta_sensor_async.py
[2026-05-06T23:33:49.381+0000] {logging_mixin.py:188} INFO - [2026-05-06T23:33:49.381+0000] {dag.py:3096} INFO - Sync 1 DAGs
[2026-05-06T23:33:49.393+0000] {logging_mixin.py:188} INFO - [2026-05-06T23:33:49.393+0000] {dag.py:3954} INFO - Setting next_dagrun for example_time_delta_sensor_async to None, run_after=None
[2026-05-06T23:33:49.410+0000] {processor.py:183} INFO - Processing /usr/local/python/3.12.1/lib/python3.12/site-packages/airflow/example_dags/example_time_delta_sensor_async.py took 0.053 seconds
[2026-05-06T23:34:29.394+0000] {processor.py:161} INFO - Started process (PID=22045) to work on /usr/local/python/3.12.1/lib/python3.12/site-packages/airflow/example_dags/example_time_delta_sensor_async.py
[2026-05-06T23:34:29.395+0000] {processor.py:830} INFO - Processing file /usr/local/python/3.12.1/lib/python3.12/site-packages/airflow/example_dags/example_time_delta_sensor_async.py for tasks to queue
[2026-05-06T23:34:29.396+0000] {logging_mixin.py:188} INFO - [2026-05-06T23:34:29.396+0000] {dagbag.py:545} INFO - Filling up the DagBag from /usr/local/python/3.12.1/lib/python3.12/site-packages/airflow/example_dags/example_time_delta_sensor_async.py
[2026-05-06T23:34:29.400+0000] {processor.py:840} INFO - DAG(s) 'example_time_delta_sensor_async' retrieved from /usr/local/python/3.12.1/lib/python3.12/site-packages/airflow/example_dags/example_time_delta_sensor_async.py
[2026-05-06T23:34:29.412+0000] {logging_mixin.py:188} INFO - [2026-05-06T23:34:29.412+0000] {dag.py:3096} INFO - Sync 1 DAGs
[2026-05-06T23:34:29.421+0000] {logging_mixin.py:188} INFO - [2026-05-06T23:34:29.421+0000] {dag.py:3954} INFO - Setting next_dagrun for example_time_delta_sensor_async to None, run_after=None
[2026-05-06T23:34:29.438+0000] {processor.py:183} INFO - Processing /usr/local/python/3.12.1/lib/python3.12/site-packages/airflow/example_dags/example_time_delta_sensor_async.py took 0.048 seconds
[2026-05-06T23:35:07.514+0000] {processor.py:161} INFO - Started process (PID=22353) to work on /usr/local/python/3.12.1/lib/python3.12/site-packages/airflow/example_dags/example_time_delta_sensor_async.py
[2026-05-06T23:35:07.514+0000] {processor.py:830} INFO - Processing file /usr/local/python/3.12.1/lib/python3.12/site-packages/airflow/example_dags/example_time_delta_sensor_async.py for tasks to queue
[2026-05-06T23:35:07.516+0000] {logging_mixin.py:188} INFO - [2026-05-06T23:35:07.516+0000] {dagbag.py:545} INFO - Filling up the DagBag from /usr/local/python/3.12.1/lib/python3.12/site-packages/airflow/example_dags/example_time_delta_sensor_async.py
[2026-05-06T23:35:07.520+0000] {processor.py:840} INFO - DAG(s) 'example_time_delta_sensor_async' retrieved from /usr/local/python/3.12.1/lib/python3.12/site-packages/airflow/example_dags/example_time_delta_sensor_async.py
[2026-05-06T23:35:07.533+0000] {logging_mixin.py:188} INFO - [2026-05-06T23:35:07.533+0000] {dag.py:3096} INFO - Sync 1 DAGs
[2026-05-06T23:35:07.543+0000] {logging_mixin.py:188} INFO - [2026-05-06T23:35:07.543+0000] {dag.py:3954} INFO - Setting next_dagrun for example_time_delta_sensor_async to None, run_after=None
[2026-05-06T23:35:07.560+0000] {processor.py:183} INFO - Processing /usr/local/python/3.12.1/lib/python3.12/site-packages/airflow/example_dags/example_time_delta_sensor_async.py took 0.051 seconds
[2026-05-06T23:35:45.778+0000] {processor.py:161} INFO - Started process (PID=22643) to work on /usr/local/python/3.12.1/lib/python3.12/site-packages/airflow/example_dags/example_time_delta_sensor_async.py
[2026-05-06T23:35:45.779+0000] {processor.py:830} INFO - Processing file /usr/local/python/3.12.1/lib/python3.12/site-packages/airflow/example_dags/example_time_delta_sensor_async.py for tasks to queue
[2026-05-06T23:35:45.780+0000] {logging_mixin.py:188} INFO - [2026-05-06T23:35:45.780+0000] {dagbag.py:545} INFO - Filling up the DagBag from /usr/local/python/3.12.1/lib/python3.12/site-packages/airflow/example_dags/example_time_delta_sensor_async.py
[2026-05-06T23:35:45.784+0000] {processor.py:840} INFO - DAG(s) 'example_time_delta_sensor_async' retrieved from /usr/local/python/3.12.1/lib/python3.12/site-packages/airflow/example_dags/example_time_delta_sensor_async.py
[2026-05-06T23:35:45.797+0000] {logging_mixin.py:188} INFO - [2026-05-06T23:35:45.797+0000] {dag.py:3096} INFO - Sync 1 DAGs
[2026-05-06T23:35:45.806+0000] {logging_mixin.py:188} INFO - [2026-05-06T23:35:45.806+0000] {dag.py:3954} INFO - Setting next_dagrun for example_time_delta_sensor_async to None, run_after=None
[2026-05-06T23:35:45.822+0000] {processor.py:183} INFO - Processing /usr/local/python/3.12.1/lib/python3.12/site-packages/airflow/example_dags/example_time_delta_sensor_async.py took 0.049 seconds
[2026-05-06T23:36:24.999+0000] {processor.py:161} INFO - Started process (PID=22947) to work on /usr/local/python/3.12.1/lib/python3.12/site-packages/airflow/example_dags/example_time_delta_sensor_async.py
[2026-05-06T23:36:24.999+0000] {processor.py:830} INFO - Processing file /usr/local/python/3.12.1/lib/python3.12/site-packages/airflow/example_dags/example_time_delta_sensor_async.py for tasks to queue
[2026-05-06T23:36:25.001+0000] {logging_mixin.py:188} INFO - [2026-05-06T23:36:25.000+0000] {dagbag.py:545} INFO - Filling up the DagBag from /usr/local/python/3.12.1/lib/python3.12/site-packages/airflow/example_dags/example_time_delta_sensor_async.py
[2026-05-06T23:36:25.005+0000] {processor.py:840} INFO - DAG(s) 'example_time_delta_sensor_async' retrieved from /usr/local/python/3.12.1/lib/python3.12/site-packages/airflow/example_dags/example_time_delta_sensor_async.py
[2026-05-06T23:36:25.018+0000] {logging_mixin.py:188} INFO - [2026-05-06T23:36:25.018+0000] {dag.py:3096} INFO - Sync 1 DAGs
[2026-05-06T23:36:25.027+0000] {logging_mixin.py:188} INFO - [2026-05-06T23:36:25.027+0000] {dag.py:3954} INFO - Setting next_dagrun for example_time_delta_sensor_async to None, run_after=None
[2026-05-06T23:36:25.045+0000] {processor.py:183} INFO - Processing /usr/local/python/3.12.1/lib/python3.12/site-packages/airflow/example_dags/example_time_delta_sensor_async.py took 0.051 seconds
[2026-05-06T23:37:02.116+0000] {processor.py:161} INFO - Started process (PID=23239) to work on /usr/local/python/3.12.1/lib/python3.12/site-packages/airflow/example_dags/example_time_delta_sensor_async.py
[2026-05-06T23:37:02.117+0000] {processor.py:830} INFO - Processing file /usr/local/python/3.12.1/lib/python3.12/site-packages/airflow/example_dags/example_time_delta_sensor_async.py for tasks to queue
[2026-05-06T23:37:02.118+0000] {logging_mixin.py:188} INFO - [2026-05-06T23:37:02.118+0000] {dagbag.py:545} INFO - Filling up the DagBag from /usr/local/python/3.12.1/lib/python3.12/site-packages/airflow/example_dags/example_time_delta_sensor_async.py
[2026-05-06T23:37:02.122+0000] {processor.py:840} INFO - DAG(s) 'example_time_delta_sensor_async' retrieved from /usr/local/python/3.12.1/lib/python3.12/site-packages/airflow/example_dags/example_time_delta_sensor_async.py
[2026-05-06T23:37:02.137+0000] {logging_mixin.py:188} INFO - [2026-05-06T23:37:02.136+0000] {dag.py:3096} INFO - Sync 1 DAGs
[2026-05-06T23:37:02.146+0000] {logging_mixin.py:188} INFO - [2026-05-06T23:37:02.146+0000] {dag.py:3954} INFO - Setting next_dagrun for example_time_delta_sensor_async to None, run_after=None
[2026-05-06T23:37:02.164+0000] {processor.py:183} INFO - Processing /usr/local/python/3.12.1/lib/python3.12/site-packages/airflow/example_dags/example_time_delta_sensor_async.py took 0.053 seconds
[2026-05-06T23:37:42.156+0000] {processor.py:161} INFO - Started process (PID=23555) to work on /usr/local/python/3.12.1/lib/python3.12/site-packages/airflow/example_dags/example_time_delta_sensor_async.py
[2026-05-06T23:37:42.157+0000] {processor.py:830} INFO - Processing file /usr/local/python/3.12.1/lib/python3.12/site-packages/airflow/example_dags/example_time_delta_sensor_async.py for tasks to queue
[2026-05-06T23:37:42.158+0000] {logging_mixin.py:188} INFO - [2026-05-06T23:37:42.158+0000] {dagbag.py:545} INFO - Filling up the DagBag from /usr/local/python/3.12.1/lib/python3.12/site-packages/airflow/example_dags/example_time_delta_sensor_async.py
[2026-05-06T23:37:42.162+0000] {processor.py:840} INFO - DAG(s) 'example_time_delta_sensor_async' retrieved from /usr/local/python/3.12.1/lib/python3.12/site-packages/airflow/example_dags/example_time_delta_sensor_async.py
[2026-05-06T23:37:42.176+0000] {logging_mixin.py:188} INFO - [2026-05-06T23:37:42.176+0000] {dag.py:3096} INFO - Sync 1 DAGs
[2026-05-06T23:37:42.185+0000] {logging_mixin.py:188} INFO - [2026-05-06T23:37:42.185+0000] {dag.py:3954} INFO - Setting next_dagrun for example_time_delta_sensor_async to None, run_after=None
[2026-05-06T23:37:42.204+0000] {processor.py:183} INFO - Processing /usr/local/python/3.12.1/lib/python3.12/site-packages/airflow/example_dags/example_time_delta_sensor_async.py took 0.053 seconds
[2026-05-06T23:38:20.322+0000] {processor.py:161} INFO - Started process (PID=23852) to work on /usr/local/python/3.12.1/lib/python3.12/site-packages/airflow/example_dags/example_time_delta_sensor_async.py
[2026-05-06T23:38:20.323+0000] {processor.py:830} INFO - Processing file /usr/local/python/3.12.1/lib/python3.12/site-packages/airflow/example_dags/example_time_delta_sensor_async.py for tasks to queue
[2026-05-06T23:38:20.325+0000] {logging_mixin.py:188} INFO - [2026-05-06T23:38:20.324+0000] {dagbag.py:545} INFO - Filling up the DagBag from /usr/local/python/3.12.1/lib/python3.12/site-packages/airflow/example_dags/example_time_delta_sensor_async.py
[2026-05-06T23:38:20.329+0000] {processor.py:840} INFO - DAG(s) 'example_time_delta_sensor_async' retrieved from /usr/local/python/3.12.1/lib/python3.12/site-packages/airflow/example_dags/example_time_delta_sensor_async.py
[2026-05-06T23:38:20.343+0000] {logging_mixin.py:188} INFO - [2026-05-06T23:38:20.342+0000] {dag.py:3096} INFO - Sync 1 DAGs
[2026-05-06T23:38:20.352+0000] {logging_mixin.py:188} INFO - [2026-05-06T23:38:20.352+0000] {dag.py:3954} INFO - Setting next_dagrun for example_time_delta_sensor_async to None, run_after=None
[2026-05-06T23:38:20.370+0000] {processor.py:183} INFO - Processing /usr/local/python/3.12.1/lib/python3.12/site-packages/airflow/example_dags/example_time_delta_sensor_async.py took 0.052 seconds
[2026-05-06T23:38:58.603+0000] {processor.py:161} INFO - Started process (PID=24141) to work on /usr/local/python/3.12.1/lib/python3.12/site-packages/airflow/example_dags/example_time_delta_sensor_async.py
[2026-05-06T23:38:58.604+0000] {processor.py:830} INFO - Processing file /usr/local/python/3.12.1/lib/python3.12/site-packages/airflow/example_dags/example_time_delta_sensor_async.py for tasks to queue
[2026-05-06T23:38:58.605+0000] {logging_mixin.py:188} INFO - [2026-05-06T23:38:58.605+0000] {dagbag.py:545} INFO - Filling up the DagBag from /usr/local/python/3.12.1/lib/python3.12/site-packages/airflow/example_dags/example_time_delta_sensor_async.py
[2026-05-06T23:38:58.610+0000] {processor.py:840} INFO - DAG(s) 'example_time_delta_sensor_async' retrieved from /usr/local/python/3.12.1/lib/python3.12/site-packages/airflow/example_dags/example_time_delta_sensor_async.py
[2026-05-06T23:38:58.624+0000] {logging_mixin.py:188} INFO - [2026-05-06T23:38:58.623+0000] {dag.py:3096} INFO - Sync 1 DAGs
[2026-05-06T23:38:58.633+0000] {logging_mixin.py:188} INFO - [2026-05-06T23:38:58.633+0000] {dag.py:3954} INFO - Setting next_dagrun for example_time_delta_sensor_async to None, run_after=None
[2026-05-06T23:38:58.667+0000] {processor.py:183} INFO - Processing /usr/local/python/3.12.1/lib/python3.12/site-packages/airflow/example_dags/example_time_delta_sensor_async.py took 0.069 seconds
[2026-05-06T23:39:38.942+0000] {processor.py:161} INFO - Started process (PID=24459) to work on /usr/local/python/3.12.1/lib/python3.12/site-packages/airflow/example_dags/example_time_delta_sensor_async.py
[2026-05-06T23:39:38.943+0000] {processor.py:830} INFO - Processing file /usr/local/python/3.12.1/lib/python3.12/site-packages/airflow/example_dags/example_time_delta_sensor_async.py for tasks to queue
[2026-05-06T23:39:38.944+0000] {logging_mixin.py:188} INFO - [2026-05-06T23:39:38.944+0000] {dagbag.py:545} INFO - Filling up the DagBag from /usr/local/python/3.12.1/lib/python3.12/site-packages/airflow/example_dags/example_time_delta_sensor_async.py
[2026-05-06T23:39:38.948+0000] {processor.py:840} INFO - DAG(s) 'example_time_delta_sensor_async' retrieved from /usr/local/python/3.12.1/lib/python3.12/site-packages/airflow/example_dags/example_time_delta_sensor_async.py
[2026-05-06T23:39:38.962+0000] {logging_mixin.py:188} INFO - [2026-05-06T23:39:38.961+0000] {dag.py:3096} INFO - Sync 1 DAGs
[2026-05-06T23:39:38.971+0000] {logging_mixin.py:188} INFO - [2026-05-06T23:39:38.971+0000] {dag.py:3954} INFO - Setting next_dagrun for example_time_delta_sensor_async to None, run_after=None
[2026-05-06T23:39:38.993+0000] {processor.py:183} INFO - Processing /usr/local/python/3.12.1/lib/python3.12/site-packages/airflow/example_dags/example_time_delta_sensor_async.py took 0.056 seconds
[2026-05-06T23:40:16.754+0000] {processor.py:161} INFO - Started process (PID=24757) to work on /usr/local/python/3.12.1/lib/python3.12/site-packages/airflow/example_dags/example_time_delta_sensor_async.py
[2026-05-06T23:40:16.755+0000] {processor.py:830} INFO - Processing file /usr/local/python/3.12.1/lib/python3.12/site-packages/airflow/example_dags/example_time_delta_sensor_async.py for tasks to queue
[2026-05-06T23:40:16.756+0000] {logging_mixin.py:188} INFO - [2026-05-06T23:40:16.756+0000] {dagbag.py:545} INFO - Filling up the DagBag from /usr/local/python/3.12.1/lib/python3.12/site-packages/airflow/example_dags/example_time_delta_sensor_async.py
[2026-05-06T23:40:16.760+0000] {processor.py:840} INFO - DAG(s) 'example_time_delta_sensor_async' retrieved from /usr/local/python/3.12.1/lib/python3.12/site-packages/airflow/example_dags/example_time_delta_sensor_async.py
[2026-05-06T23:40:16.774+0000] {logging_mixin.py:188} INFO - [2026-05-06T23:40:16.774+0000] {dag.py:3096} INFO - Sync 1 DAGs
[2026-05-06T23:40:16.784+0000] {logging_mixin.py:188} INFO - [2026-05-06T23:40:16.784+0000] {dag.py:3954} INFO - Setting next_dagrun for example_time_delta_sensor_async to None, run_after=None
[2026-05-06T23:40:16.896+0000] {processor.py:183} INFO - Processing /usr/local/python/3.12.1/lib/python3.12/site-packages/airflow/example_dags/example_time_delta_sensor_async.py took 0.147 seconds
[2026-05-06T23:41:00.529+0000] {processor.py:161} INFO - Started process (PID=25095) to work on /usr/local/python/3.12.1/lib/python3.12/site-packages/airflow/example_dags/example_time_delta_sensor_async.py
[2026-05-06T23:41:00.530+0000] {processor.py:830} INFO - Processing file /usr/local/python/3.12.1/lib/python3.12/site-packages/airflow/example_dags/example_time_delta_sensor_async.py for tasks to queue
[2026-05-06T23:41:00.531+0000] {logging_mixin.py:188} INFO - [2026-05-06T23:41:00.531+0000] {dagbag.py:545} INFO - Filling up the DagBag from /usr/local/python/3.12.1/lib/python3.12/site-packages/airflow/example_dags/example_time_delta_sensor_async.py
[2026-05-06T23:41:00.535+0000] {processor.py:840} INFO - DAG(s) 'example_time_delta_sensor_async' retrieved from /usr/local/python/3.12.1/lib/python3.12/site-packages/airflow/example_dags/example_time_delta_sensor_async.py
[2026-05-06T23:41:00.549+0000] {logging_mixin.py:188} INFO - [2026-05-06T23:41:00.549+0000] {dag.py:3096} INFO - Sync 1 DAGs
[2026-05-06T23:41:00.558+0000] {logging_mixin.py:188} INFO - [2026-05-06T23:41:00.558+0000] {dag.py:3954} INFO - Setting next_dagrun for example_time_delta_sensor_async to None, run_after=None
[2026-05-06T23:41:00.576+0000] {processor.py:183} INFO - Processing /usr/local/python/3.12.1/lib/python3.12/site-packages/airflow/example_dags/example_time_delta_sensor_async.py took 0.051 seconds
[2026-05-06T23:41:36.814+0000] {processor.py:161} INFO - Started process (PID=25381) to work on /usr/local/python/3.12.1/lib/python3.12/site-packages/airflow/example_dags/example_time_delta_sensor_async.py
[2026-05-06T23:41:36.818+0000] {processor.py:830} INFO - Processing file /usr/local/python/3.12.1/lib/python3.12/site-packages/airflow/example_dags/example_time_delta_sensor_async.py for tasks to queue
[2026-05-06T23:41:36.825+0000] {logging_mixin.py:188} INFO - [2026-05-06T23:41:36.824+0000] {dagbag.py:545} INFO - Filling up the DagBag from /usr/local/python/3.12.1/lib/python3.12/site-packages/airflow/example_dags/example_time_delta_sensor_async.py
[2026-05-06T23:41:36.829+0000] {processor.py:840} INFO - DAG(s) 'example_time_delta_sensor_async' retrieved from /usr/local/python/3.12.1/lib/python3.12/site-packages/airflow/example_dags/example_time_delta_sensor_async.py
[2026-05-06T23:41:36.843+0000] {logging_mixin.py:188} INFO - [2026-05-06T23:41:36.843+0000] {dag.py:3096} INFO - Sync 1 DAGs
[2026-05-06T23:41:36.951+0000] {logging_mixin.py:188} INFO - [2026-05-06T23:41:36.951+0000] {dag.py:3954} INFO - Setting next_dagrun for example_time_delta_sensor_async to None, run_after=None
[2026-05-06T23:41:36.966+0000] {processor.py:183} INFO - Processing /usr/local/python/3.12.1/lib/python3.12/site-packages/airflow/example_dags/example_time_delta_sensor_async.py took 0.159 seconds
[2026-05-06T23:42:18.282+0000] {processor.py:161} INFO - Started process (PID=25700) to work on /usr/local/python/3.12.1/lib/python3.12/site-packages/airflow/example_dags/example_time_delta_sensor_async.py
[2026-05-06T23:42:18.282+0000] {processor.py:830} INFO - Processing file /usr/local/python/3.12.1/lib/python3.12/site-packages/airflow/example_dags/example_time_delta_sensor_async.py for tasks to queue
[2026-05-06T23:42:18.284+0000] {logging_mixin.py:188} INFO - [2026-05-06T23:42:18.283+0000] {dagbag.py:545} INFO - Filling up the DagBag from /usr/local/python/3.12.1/lib/python3.12/site-packages/airflow/example_dags/example_time_delta_sensor_async.py
[2026-05-06T23:42:18.288+0000] {processor.py:840} INFO - DAG(s) 'example_time_delta_sensor_async' retrieved from /usr/local/python/3.12.1/lib/python3.12/site-packages/airflow/example_dags/example_time_delta_sensor_async.py
[2026-05-06T23:42:18.302+0000] {logging_mixin.py:188} INFO - [2026-05-06T23:42:18.301+0000] {dag.py:3096} INFO - Sync 1 DAGs
[2026-05-06T23:42:18.311+0000] {logging_mixin.py:188} INFO - [2026-05-06T23:42:18.311+0000] {dag.py:3954} INFO - Setting next_dagrun for example_time_delta_sensor_async to None, run_after=None
[2026-05-06T23:42:18.329+0000] {processor.py:183} INFO - Processing /usr/local/python/3.12.1/lib/python3.12/site-packages/airflow/example_dags/example_time_delta_sensor_async.py took 0.053 seconds
[2026-05-06T23:42:59.598+0000] {processor.py:161} INFO - Started process (PID=26014) to work on /usr/local/python/3.12.1/lib/python3.12/site-packages/airflow/example_dags/example_time_delta_sensor_async.py
[2026-05-06T23:42:59.599+0000] {processor.py:830} INFO - Processing file /usr/local/python/3.12.1/lib/python3.12/site-packages/airflow/example_dags/example_time_delta_sensor_async.py for tasks to queue
[2026-05-06T23:42:59.601+0000] {logging_mixin.py:188} INFO - [2026-05-06T23:42:59.600+0000] {dagbag.py:545} INFO - Filling up the DagBag from /usr/local/python/3.12.1/lib/python3.12/site-packages/airflow/example_dags/example_time_delta_sensor_async.py
[2026-05-06T23:42:59.605+0000] {processor.py:840} INFO - DAG(s) 'example_time_delta_sensor_async' retrieved from /usr/local/python/3.12.1/lib/python3.12/site-packages/airflow/example_dags/example_time_delta_sensor_async.py
[2026-05-06T23:42:59.619+0000] {logging_mixin.py:188} INFO - [2026-05-06T23:42:59.619+0000] {dag.py:3096} INFO - Sync 1 DAGs
[2026-05-06T23:42:59.629+0000] {logging_mixin.py:188} INFO - [2026-05-06T23:42:59.628+0000] {dag.py:3954} INFO - Setting next_dagrun for example_time_delta_sensor_async to None, run_after=None
[2026-05-06T23:42:59.647+0000] {processor.py:183} INFO - Processing /usr/local/python/3.12.1/lib/python3.12/site-packages/airflow/example_dags/example_time_delta_sensor_async.py took 0.054 seconds
[2026-05-06T23:43:40.417+0000] {processor.py:161} INFO - Started process (PID=26336) to work on /usr/local/python/3.12.1/lib/python3.12/site-packages/airflow/example_dags/example_time_delta_sensor_async.py
[2026-05-06T23:43:40.417+0000] {processor.py:830} INFO - Processing file /usr/local/python/3.12.1/lib/python3.12/site-packages/airflow/example_dags/example_time_delta_sensor_async.py for tasks to queue
[2026-05-06T23:43:40.419+0000] {logging_mixin.py:188} INFO - [2026-05-06T23:43:40.418+0000] {dagbag.py:545} INFO - Filling up the DagBag from /usr/local/python/3.12.1/lib/python3.12/site-packages/airflow/example_dags/example_time_delta_sensor_async.py
[2026-05-06T23:43:40.423+0000] {processor.py:840} INFO - DAG(s) 'example_time_delta_sensor_async' retrieved from /usr/local/python/3.12.1/lib/python3.12/site-packages/airflow/example_dags/example_time_delta_sensor_async.py
[2026-05-06T23:43:40.436+0000] {logging_mixin.py:188} INFO - [2026-05-06T23:43:40.436+0000] {dag.py:3096} INFO - Sync 1 DAGs
[2026-05-06T23:43:40.446+0000] {logging_mixin.py:188} INFO - [2026-05-06T23:43:40.446+0000] {dag.py:3954} INFO - Setting next_dagrun for example_time_delta_sensor_async to None, run_after=None
[2026-05-06T23:43:40.468+0000] {processor.py:183} INFO - Processing /usr/local/python/3.12.1/lib/python3.12/site-packages/airflow/example_dags/example_time_delta_sensor_async.py took 0.056 seconds
[2026-05-06T23:44:18.631+0000] {processor.py:161} INFO - Started process (PID=26637) to work on /usr/local/python/3.12.1/lib/python3.12/site-packages/airflow/example_dags/example_time_delta_sensor_async.py
[2026-05-06T23:44:18.632+0000] {processor.py:830} INFO - Processing file /usr/local/python/3.12.1/lib/python3.12/site-packages/airflow/example_dags/example_time_delta_sensor_async.py for tasks to queue
[2026-05-06T23:44:18.634+0000] {logging_mixin.py:188} INFO - [2026-05-06T23:44:18.633+0000] {dagbag.py:545} INFO - Filling up the DagBag from /usr/local/python/3.12.1/lib/python3.12/site-packages/airflow/example_dags/example_time_delta_sensor_async.py
[2026-05-06T23:44:18.638+0000] {processor.py:840} INFO - DAG(s) 'example_time_delta_sensor_async' retrieved from /usr/local/python/3.12.1/lib/python3.12/site-packages/airflow/example_dags/example_time_delta_sensor_async.py
[2026-05-06T23:44:18.651+0000] {logging_mixin.py:188} INFO - [2026-05-06T23:44:18.651+0000] {dag.py:3096} INFO - Sync 1 DAGs
[2026-05-06T23:44:18.661+0000] {logging_mixin.py:188} INFO - [2026-05-06T23:44:18.661+0000] {dag.py:3954} INFO - Setting next_dagrun for example_time_delta_sensor_async to None, run_after=None
[2026-05-06T23:44:18.679+0000] {processor.py:183} INFO - Processing /usr/local/python/3.12.1/lib/python3.12/site-packages/airflow/example_dags/example_time_delta_sensor_async.py took 0.052 seconds
[2026-05-06T23:44:56.434+0000] {processor.py:161} INFO - Started process (PID=26937) to work on /usr/local/python/3.12.1/lib/python3.12/site-packages/airflow/example_dags/example_time_delta_sensor_async.py
[2026-05-06T23:44:56.435+0000] {processor.py:830} INFO - Processing file /usr/local/python/3.12.1/lib/python3.12/site-packages/airflow/example_dags/example_time_delta_sensor_async.py for tasks to queue
[2026-05-06T23:44:56.436+0000] {logging_mixin.py:188} INFO - [2026-05-06T23:44:56.436+0000] {dagbag.py:545} INFO - Filling up the DagBag from /usr/local/python/3.12.1/lib/python3.12/site-packages/airflow/example_dags/example_time_delta_sensor_async.py
[2026-05-06T23:44:56.440+0000] {processor.py:840} INFO - DAG(s) 'example_time_delta_sensor_async' retrieved from /usr/local/python/3.12.1/lib/python3.12/site-packages/airflow/example_dags/example_time_delta_sensor_async.py
[2026-05-06T23:44:56.453+0000] {logging_mixin.py:188} INFO - [2026-05-06T23:44:56.453+0000] {dag.py:3096} INFO - Sync 1 DAGs
[2026-05-06T23:44:56.463+0000] {logging_mixin.py:188} INFO - [2026-05-06T23:44:56.463+0000] {dag.py:3954} INFO - Setting next_dagrun for example_time_delta_sensor_async to None, run_after=None
[2026-05-06T23:44:56.479+0000] {processor.py:183} INFO - Processing /usr/local/python/3.12.1/lib/python3.12/site-packages/airflow/example_dags/example_time_delta_sensor_async.py took 0.050 seconds
[2026-05-06T23:45:34.546+0000] {processor.py:161} INFO - Started process (PID=27222) to work on /usr/local/python/3.12.1/lib/python3.12/site-packages/airflow/example_dags/example_time_delta_sensor_async.py
[2026-05-06T23:45:34.547+0000] {processor.py:830} INFO - Processing file /usr/local/python/3.12.1/lib/python3.12/site-packages/airflow/example_dags/example_time_delta_sensor_async.py for tasks to queue
[2026-05-06T23:45:34.548+0000] {logging_mixin.py:188} INFO - [2026-05-06T23:45:34.548+0000] {dagbag.py:545} INFO - Filling up the DagBag from /usr/local/python/3.12.1/lib/python3.12/site-packages/airflow/example_dags/example_time_delta_sensor_async.py
[2026-05-06T23:45:34.552+0000] {processor.py:840} INFO - DAG(s) 'example_time_delta_sensor_async' retrieved from /usr/local/python/3.12.1/lib/python3.12/site-packages/airflow/example_dags/example_time_delta_sensor_async.py
[2026-05-06T23:45:34.565+0000] {logging_mixin.py:188} INFO - [2026-05-06T23:45:34.565+0000] {dag.py:3096} INFO - Sync 1 DAGs
[2026-05-06T23:45:34.575+0000] {logging_mixin.py:188} INFO - [2026-05-06T23:45:34.574+0000] {dag.py:3954} INFO - Setting next_dagrun for example_time_delta_sensor_async to None, run_after=None
[2026-05-06T23:45:34.593+0000] {processor.py:183} INFO - Processing /usr/local/python/3.12.1/lib/python3.12/site-packages/airflow/example_dags/example_time_delta_sensor_async.py took 0.052 seconds
[2026-05-06T23:46:14.953+0000] {processor.py:161} INFO - Started process (PID=27534) to work on /usr/local/python/3.12.1/lib/python3.12/site-packages/airflow/example_dags/example_time_delta_sensor_async.py
[2026-05-06T23:46:14.954+0000] {processor.py:830} INFO - Processing file /usr/local/python/3.12.1/lib/python3.12/site-packages/airflow/example_dags/example_time_delta_sensor_async.py for tasks to queue
[2026-05-06T23:46:14.956+0000] {logging_mixin.py:188} INFO - [2026-05-06T23:46:14.955+0000] {dagbag.py:545} INFO - Filling up the DagBag from /usr/local/python/3.12.1/lib/python3.12/site-packages/airflow/example_dags/example_time_delta_sensor_async.py
[2026-05-06T23:46:14.960+0000] {processor.py:840} INFO - DAG(s) 'example_time_delta_sensor_async' retrieved from /usr/local/python/3.12.1/lib/python3.12/site-packages/airflow/example_dags/example_time_delta_sensor_async.py
[2026-05-06T23:46:14.974+0000] {logging_mixin.py:188} INFO - [2026-05-06T23:46:14.974+0000] {dag.py:3096} INFO - Sync 1 DAGs
[2026-05-06T23:46:14.984+0000] {logging_mixin.py:188} INFO - [2026-05-06T23:46:14.984+0000] {dag.py:3954} INFO - Setting next_dagrun for example_time_delta_sensor_async to None, run_after=None
[2026-05-06T23:46:15.005+0000] {processor.py:183} INFO - Processing /usr/local/python/3.12.1/lib/python3.12/site-packages/airflow/example_dags/example_time_delta_sensor_async.py took 0.057 seconds
[2026-05-06T23:46:53.303+0000] {processor.py:161} INFO - Started process (PID=27835) to work on /usr/local/python/3.12.1/lib/python3.12/site-packages/airflow/example_dags/example_time_delta_sensor_async.py
[2026-05-06T23:46:53.304+0000] {processor.py:830} INFO - Processing file /usr/local/python/3.12.1/lib/python3.12/site-packages/airflow/example_dags/example_time_delta_sensor_async.py for tasks to queue
[2026-05-06T23:46:53.305+0000] {logging_mixin.py:188} INFO - [2026-05-06T23:46:53.305+0000] {dagbag.py:545} INFO - Filling up the DagBag from /usr/local/python/3.12.1/lib/python3.12/site-packages/airflow/example_dags/example_time_delta_sensor_async.py
[2026-05-06T23:46:53.309+0000] {processor.py:840} INFO - DAG(s) 'example_time_delta_sensor_async' retrieved from /usr/local/python/3.12.1/lib/python3.12/site-packages/airflow/example_dags/example_time_delta_sensor_async.py
[2026-05-06T23:46:53.324+0000] {logging_mixin.py:188} INFO - [2026-05-06T23:46:53.323+0000] {dag.py:3096} INFO - Sync 1 DAGs
[2026-05-06T23:46:53.334+0000] {logging_mixin.py:188} INFO - [2026-05-06T23:46:53.333+0000] {dag.py:3954} INFO - Setting next_dagrun for example_time_delta_sensor_async to None, run_after=None
[2026-05-06T23:46:53.380+0000] {processor.py:183} INFO - Processing /usr/local/python/3.12.1/lib/python3.12/site-packages/airflow/example_dags/example_time_delta_sensor_async.py took 0.082 seconds
[2026-05-06T23:47:34.115+0000] {processor.py:161} INFO - Started process (PID=28157) to work on /usr/local/python/3.12.1/lib/python3.12/site-packages/airflow/example_dags/example_time_delta_sensor_async.py
[2026-05-06T23:47:34.115+0000] {processor.py:830} INFO - Processing file /usr/local/python/3.12.1/lib/python3.12/site-packages/airflow/example_dags/example_time_delta_sensor_async.py for tasks to queue
[2026-05-06T23:47:34.117+0000] {logging_mixin.py:188} INFO - [2026-05-06T23:47:34.116+0000] {dagbag.py:545} INFO - Filling up the DagBag from /usr/local/python/3.12.1/lib/python3.12/site-packages/airflow/example_dags/example_time_delta_sensor_async.py
[2026-05-06T23:47:34.121+0000] {processor.py:840} INFO - DAG(s) 'example_time_delta_sensor_async' retrieved from /usr/local/python/3.12.1/lib/python3.12/site-packages/airflow/example_dags/example_time_delta_sensor_async.py
[2026-05-06T23:47:34.135+0000] {logging_mixin.py:188} INFO - [2026-05-06T23:47:34.134+0000] {dag.py:3096} INFO - Sync 1 DAGs
[2026-05-06T23:47:34.144+0000] {logging_mixin.py:188} INFO - [2026-05-06T23:47:34.144+0000] {dag.py:3954} INFO - Setting next_dagrun for example_time_delta_sensor_async to None, run_after=None
[2026-05-06T23:47:34.162+0000] {processor.py:183} INFO - Processing /usr/local/python/3.12.1/lib/python3.12/site-packages/airflow/example_dags/example_time_delta_sensor_async.py took 0.052 seconds
[2026-05-06T23:48:15.288+0000] {processor.py:161} INFO - Started process (PID=28472) to work on /usr/local/python/3.12.1/lib/python3.12/site-packages/airflow/example_dags/example_time_delta_sensor_async.py
[2026-05-06T23:48:15.289+0000] {processor.py:830} INFO - Processing file /usr/local/python/3.12.1/lib/python3.12/site-packages/airflow/example_dags/example_time_delta_sensor_async.py for tasks to queue
[2026-05-06T23:48:15.290+0000] {logging_mixin.py:188} INFO - [2026-05-06T23:48:15.290+0000] {dagbag.py:545} INFO - Filling up the DagBag from /usr/local/python/3.12.1/lib/python3.12/site-packages/airflow/example_dags/example_time_delta_sensor_async.py
[2026-05-06T23:48:15.294+0000] {processor.py:840} INFO - DAG(s) 'example_time_delta_sensor_async' retrieved from /usr/local/python/3.12.1/lib/python3.12/site-packages/airflow/example_dags/example_time_delta_sensor_async.py
[2026-05-06T23:48:15.308+0000] {logging_mixin.py:188} INFO - [2026-05-06T23:48:15.307+0000] {dag.py:3096} INFO - Sync 1 DAGs
[2026-05-06T23:48:15.317+0000] {logging_mixin.py:188} INFO - [2026-05-06T23:48:15.317+0000] {dag.py:3954} INFO - Setting next_dagrun for example_time_delta_sensor_async to None, run_after=None
[2026-05-06T23:48:15.351+0000] {processor.py:183} INFO - Processing /usr/local/python/3.12.1/lib/python3.12/site-packages/airflow/example_dags/example_time_delta_sensor_async.py took 0.068 seconds
[2026-05-06T23:48:55.087+0000] {processor.py:161} INFO - Started process (PID=28796) to work on /usr/local/python/3.12.1/lib/python3.12/site-packages/airflow/example_dags/example_time_delta_sensor_async.py
[2026-05-06T23:48:55.087+0000] {processor.py:830} INFO - Processing file /usr/local/python/3.12.1/lib/python3.12/site-packages/airflow/example_dags/example_time_delta_sensor_async.py for tasks to queue
[2026-05-06T23:48:55.089+0000] {logging_mixin.py:188} INFO - [2026-05-06T23:48:55.088+0000] {dagbag.py:545} INFO - Filling up the DagBag from /usr/local/python/3.12.1/lib/python3.12/site-packages/airflow/example_dags/example_time_delta_sensor_async.py
[2026-05-06T23:48:55.093+0000] {processor.py:840} INFO - DAG(s) 'example_time_delta_sensor_async' retrieved from /usr/local/python/3.12.1/lib/python3.12/site-packages/airflow/example_dags/example_time_delta_sensor_async.py
[2026-05-06T23:48:55.106+0000] {logging_mixin.py:188} INFO - [2026-05-06T23:48:55.106+0000] {dag.py:3096} INFO - Sync 1 DAGs
[2026-05-06T23:48:55.115+0000] {logging_mixin.py:188} INFO - [2026-05-06T23:48:55.115+0000] {dag.py:3954} INFO - Setting next_dagrun for example_time_delta_sensor_async to None, run_after=None
[2026-05-06T23:48:55.135+0000] {processor.py:183} INFO - Processing /usr/local/python/3.12.1/lib/python3.12/site-packages/airflow/example_dags/example_time_delta_sensor_async.py took 0.053 seconds
[2026-05-06T23:49:31.855+0000] {processor.py:161} INFO - Started process (PID=29087) to work on /usr/local/python/3.12.1/lib/python3.12/site-packages/airflow/example_dags/example_time_delta_sensor_async.py
[2026-05-06T23:49:31.856+0000] {processor.py:830} INFO - Processing file /usr/local/python/3.12.1/lib/python3.12/site-packages/airflow/example_dags/example_time_delta_sensor_async.py for tasks to queue
[2026-05-06T23:49:31.857+0000] {logging_mixin.py:188} INFO - [2026-05-06T23:49:31.857+0000] {dagbag.py:545} INFO - Filling up the DagBag from /usr/local/python/3.12.1/lib/python3.12/site-packages/airflow/example_dags/example_time_delta_sensor_async.py
[2026-05-06T23:49:31.861+0000] {processor.py:840} INFO - DAG(s) 'example_time_delta_sensor_async' retrieved from /usr/local/python/3.12.1/lib/python3.12/site-packages/airflow/example_dags/example_time_delta_sensor_async.py
[2026-05-06T23:49:31.874+0000] {logging_mixin.py:188} INFO - [2026-05-06T23:49:31.874+0000] {dag.py:3096} INFO - Sync 1 DAGs
[2026-05-06T23:49:31.884+0000] {logging_mixin.py:188} INFO - [2026-05-06T23:49:31.883+0000] {dag.py:3954} INFO - Setting next_dagrun for example_time_delta_sensor_async to None, run_after=None
[2026-05-06T23:49:31.900+0000] {processor.py:183} INFO - Processing /usr/local/python/3.12.1/lib/python3.12/site-packages/airflow/example_dags/example_time_delta_sensor_async.py took 0.050 seconds
[2026-05-06T23:50:08.190+0000] {processor.py:161} INFO - Started process (PID=29365) to work on /usr/local/python/3.12.1/lib/python3.12/site-packages/airflow/example_dags/example_time_delta_sensor_async.py
[2026-05-06T23:50:08.191+0000] {processor.py:830} INFO - Processing file /usr/local/python/3.12.1/lib/python3.12/site-packages/airflow/example_dags/example_time_delta_sensor_async.py for tasks to queue
[2026-05-06T23:50:08.192+0000] {logging_mixin.py:188} INFO - [2026-05-06T23:50:08.192+0000] {dagbag.py:545} INFO - Filling up the DagBag from /usr/local/python/3.12.1/lib/python3.12/site-packages/airflow/example_dags/example_time_delta_sensor_async.py
[2026-05-06T23:50:08.196+0000] {processor.py:840} INFO - DAG(s) 'example_time_delta_sensor_async' retrieved from /usr/local/python/3.12.1/lib/python3.12/site-packages/airflow/example_dags/example_time_delta_sensor_async.py
[2026-05-06T23:50:08.210+0000] {logging_mixin.py:188} INFO - [2026-05-06T23:50:08.210+0000] {dag.py:3096} INFO - Sync 1 DAGs
[2026-05-06T23:50:08.220+0000] {logging_mixin.py:188} INFO - [2026-05-06T23:50:08.219+0000] {dag.py:3954} INFO - Setting next_dagrun for example_time_delta_sensor_async to None, run_after=None
[2026-05-06T23:50:08.237+0000] {processor.py:183} INFO - Processing /usr/local/python/3.12.1/lib/python3.12/site-packages/airflow/example_dags/example_time_delta_sensor_async.py took 0.052 seconds
[2026-05-06T23:50:45.762+0000] {processor.py:161} INFO - Started process (PID=29657) to work on /usr/local/python/3.12.1/lib/python3.12/site-packages/airflow/example_dags/example_time_delta_sensor_async.py
[2026-05-06T23:50:45.762+0000] {processor.py:830} INFO - Processing file /usr/local/python/3.12.1/lib/python3.12/site-packages/airflow/example_dags/example_time_delta_sensor_async.py for tasks to queue
[2026-05-06T23:50:45.764+0000] {logging_mixin.py:188} INFO - [2026-05-06T23:50:45.763+0000] {dagbag.py:545} INFO - Filling up the DagBag from /usr/local/python/3.12.1/lib/python3.12/site-packages/airflow/example_dags/example_time_delta_sensor_async.py
[2026-05-06T23:50:45.768+0000] {processor.py:840} INFO - DAG(s) 'example_time_delta_sensor_async' retrieved from /usr/local/python/3.12.1/lib/python3.12/site-packages/airflow/example_dags/example_time_delta_sensor_async.py
[2026-05-06T23:50:45.781+0000] {logging_mixin.py:188} INFO - [2026-05-06T23:50:45.781+0000] {dag.py:3096} INFO - Sync 1 DAGs
[2026-05-06T23:50:45.791+0000] {logging_mixin.py:188} INFO - [2026-05-06T23:50:45.791+0000] {dag.py:3954} INFO - Setting next_dagrun for example_time_delta_sensor_async to None, run_after=None
[2026-05-06T23:50:45.809+0000] {processor.py:183} INFO - Processing /usr/local/python/3.12.1/lib/python3.12/site-packages/airflow/example_dags/example_time_delta_sensor_async.py took 0.052 seconds
[2026-05-06T23:51:25.550+0000] {processor.py:161} INFO - Started process (PID=29971) to work on /usr/local/python/3.12.1/lib/python3.12/site-packages/airflow/example_dags/example_time_delta_sensor_async.py
[2026-05-06T23:51:25.551+0000] {processor.py:830} INFO - Processing file /usr/local/python/3.12.1/lib/python3.12/site-packages/airflow/example_dags/example_time_delta_sensor_async.py for tasks to queue
[2026-05-06T23:51:25.553+0000] {logging_mixin.py:188} INFO - [2026-05-06T23:51:25.553+0000] {dagbag.py:545} INFO - Filling up the DagBag from /usr/local/python/3.12.1/lib/python3.12/site-packages/airflow/example_dags/example_time_delta_sensor_async.py
[2026-05-06T23:51:25.558+0000] {processor.py:840} INFO - DAG(s) 'example_time_delta_sensor_async' retrieved from /usr/local/python/3.12.1/lib/python3.12/site-packages/airflow/example_dags/example_time_delta_sensor_async.py
[2026-05-06T23:51:25.572+0000] {logging_mixin.py:188} INFO - [2026-05-06T23:51:25.571+0000] {dag.py:3096} INFO - Sync 1 DAGs
[2026-05-06T23:51:25.581+0000] {logging_mixin.py:188} INFO - [2026-05-06T23:51:25.581+0000] {dag.py:3954} INFO - Setting next_dagrun for example_time_delta_sensor_async to None, run_after=None
[2026-05-06T23:51:25.599+0000] {processor.py:183} INFO - Processing /usr/local/python/3.12.1/lib/python3.12/site-packages/airflow/example_dags/example_time_delta_sensor_async.py took 0.056 seconds
[2026-05-06T23:52:01.758+0000] {processor.py:161} INFO - Started process (PID=30256) to work on /usr/local/python/3.12.1/lib/python3.12/site-packages/airflow/example_dags/example_time_delta_sensor_async.py
[2026-05-06T23:52:01.760+0000] {processor.py:830} INFO - Processing file /usr/local/python/3.12.1/lib/python3.12/site-packages/airflow/example_dags/example_time_delta_sensor_async.py for tasks to queue
[2026-05-06T23:52:01.764+0000] {logging_mixin.py:188} INFO - [2026-05-06T23:52:01.763+0000] {dagbag.py:545} INFO - Filling up the DagBag from /usr/local/python/3.12.1/lib/python3.12/site-packages/airflow/example_dags/example_time_delta_sensor_async.py
[2026-05-06T23:52:01.772+0000] {processor.py:840} INFO - DAG(s) 'example_time_delta_sensor_async' retrieved from /usr/local/python/3.12.1/lib/python3.12/site-packages/airflow/example_dags/example_time_delta_sensor_async.py
[2026-05-06T23:52:01.788+0000] {logging_mixin.py:188} INFO - [2026-05-06T23:52:01.788+0000] {dag.py:3096} INFO - Sync 1 DAGs
[2026-05-06T23:52:01.798+0000] {logging_mixin.py:188} INFO - [2026-05-06T23:52:01.798+0000] {dag.py:3954} INFO - Setting next_dagrun for example_time_delta_sensor_async to None, run_after=None
[2026-05-06T23:52:01.816+0000] {processor.py:183} INFO - Processing /usr/local/python/3.12.1/lib/python3.12/site-packages/airflow/example_dags/example_time_delta_sensor_async.py took 0.067 seconds
[2026-05-06T23:52:41.275+0000] {processor.py:161} INFO - Started process (PID=30554) to work on /usr/local/python/3.12.1/lib/python3.12/site-packages/airflow/example_dags/example_time_delta_sensor_async.py
[2026-05-06T23:52:41.276+0000] {processor.py:830} INFO - Processing file /usr/local/python/3.12.1/lib/python3.12/site-packages/airflow/example_dags/example_time_delta_sensor_async.py for tasks to queue
[2026-05-06T23:52:41.278+0000] {logging_mixin.py:188} INFO - [2026-05-06T23:52:41.277+0000] {dagbag.py:545} INFO - Filling up the DagBag from /usr/local/python/3.12.1/lib/python3.12/site-packages/airflow/example_dags/example_time_delta_sensor_async.py
[2026-05-06T23:52:41.282+0000] {processor.py:840} INFO - DAG(s) 'example_time_delta_sensor_async' retrieved from /usr/local/python/3.12.1/lib/python3.12/site-packages/airflow/example_dags/example_time_delta_sensor_async.py
[2026-05-06T23:52:41.296+0000] {logging_mixin.py:188} INFO - [2026-05-06T23:52:41.296+0000] {dag.py:3096} INFO - Sync 1 DAGs
[2026-05-06T23:52:41.306+0000] {logging_mixin.py:188} INFO - [2026-05-06T23:52:41.306+0000] {dag.py:3954} INFO - Setting next_dagrun for example_time_delta_sensor_async to None, run_after=None
[2026-05-06T23:52:41.325+0000] {processor.py:183} INFO - Processing /usr/local/python/3.12.1/lib/python3.12/site-packages/airflow/example_dags/example_time_delta_sensor_async.py took 0.054 seconds
[2026-05-06T23:53:20.139+0000] {processor.py:161} INFO - Started process (PID=30859) to work on /usr/local/python/3.12.1/lib/python3.12/site-packages/airflow/example_dags/example_time_delta_sensor_async.py
[2026-05-06T23:53:20.140+0000] {processor.py:830} INFO - Processing file /usr/local/python/3.12.1/lib/python3.12/site-packages/airflow/example_dags/example_time_delta_sensor_async.py for tasks to queue
[2026-05-06T23:53:20.142+0000] {logging_mixin.py:188} INFO - [2026-05-06T23:53:20.141+0000] {dagbag.py:545} INFO - Filling up the DagBag from /usr/local/python/3.12.1/lib/python3.12/site-packages/airflow/example_dags/example_time_delta_sensor_async.py
[2026-05-06T23:53:20.147+0000] {processor.py:840} INFO - DAG(s) 'example_time_delta_sensor_async' retrieved from /usr/local/python/3.12.1/lib/python3.12/site-packages/airflow/example_dags/example_time_delta_sensor_async.py
[2026-05-06T23:53:20.163+0000] {logging_mixin.py:188} INFO - [2026-05-06T23:53:20.163+0000] {dag.py:3096} INFO - Sync 1 DAGs
[2026-05-06T23:53:20.172+0000] {logging_mixin.py:188} INFO - [2026-05-06T23:53:20.172+0000] {dag.py:3954} INFO - Setting next_dagrun for example_time_delta_sensor_async to None, run_after=None
[2026-05-06T23:53:20.190+0000] {processor.py:183} INFO - Processing /usr/local/python/3.12.1/lib/python3.12/site-packages/airflow/example_dags/example_time_delta_sensor_async.py took 0.057 seconds
[2026-05-06T23:54:00.368+0000] {processor.py:161} INFO - Started process (PID=31173) to work on /usr/local/python/3.12.1/lib/python3.12/site-packages/airflow/example_dags/example_time_delta_sensor_async.py
[2026-05-06T23:54:00.369+0000] {processor.py:830} INFO - Processing file /usr/local/python/3.12.1/lib/python3.12/site-packages/airflow/example_dags/example_time_delta_sensor_async.py for tasks to queue
[2026-05-06T23:54:00.370+0000] {logging_mixin.py:188} INFO - [2026-05-06T23:54:00.370+0000] {dagbag.py:545} INFO - Filling up the DagBag from /usr/local/python/3.12.1/lib/python3.12/site-packages/airflow/example_dags/example_time_delta_sensor_async.py
[2026-05-06T23:54:00.374+0000] {processor.py:840} INFO - DAG(s) 'example_time_delta_sensor_async' retrieved from /usr/local/python/3.12.1/lib/python3.12/site-packages/airflow/example_dags/example_time_delta_sensor_async.py
[2026-05-06T23:54:00.388+0000] {logging_mixin.py:188} INFO - [2026-05-06T23:54:00.387+0000] {dag.py:3096} INFO - Sync 1 DAGs
[2026-05-06T23:54:00.399+0000] {logging_mixin.py:188} INFO - [2026-05-06T23:54:00.399+0000] {dag.py:3954} INFO - Setting next_dagrun for example_time_delta_sensor_async to None, run_after=None
[2026-05-06T23:54:00.417+0000] {processor.py:183} INFO - Processing /usr/local/python/3.12.1/lib/python3.12/site-packages/airflow/example_dags/example_time_delta_sensor_async.py took 0.056 seconds
[2026-05-06T23:54:39.864+0000] {processor.py:161} INFO - Started process (PID=31480) to work on /usr/local/python/3.12.1/lib/python3.12/site-packages/airflow/example_dags/example_time_delta_sensor_async.py
[2026-05-06T23:54:39.865+0000] {processor.py:830} INFO - Processing file /usr/local/python/3.12.1/lib/python3.12/site-packages/airflow/example_dags/example_time_delta_sensor_async.py for tasks to queue
[2026-05-06T23:54:39.866+0000] {logging_mixin.py:188} INFO - [2026-05-06T23:54:39.866+0000] {dagbag.py:545} INFO - Filling up the DagBag from /usr/local/python/3.12.1/lib/python3.12/site-packages/airflow/example_dags/example_time_delta_sensor_async.py
[2026-05-06T23:54:39.870+0000] {processor.py:840} INFO - DAG(s) 'example_time_delta_sensor_async' retrieved from /usr/local/python/3.12.1/lib/python3.12/site-packages/airflow/example_dags/example_time_delta_sensor_async.py
[2026-05-06T23:54:39.887+0000] {logging_mixin.py:188} INFO - [2026-05-06T23:54:39.887+0000] {dag.py:3096} INFO - Sync 1 DAGs
[2026-05-06T23:54:39.901+0000] {logging_mixin.py:188} INFO - [2026-05-06T23:54:39.901+0000] {dag.py:3954} INFO - Setting next_dagrun for example_time_delta_sensor_async to None, run_after=None
[2026-05-06T23:54:39.927+0000] {processor.py:183} INFO - Processing /usr/local/python/3.12.1/lib/python3.12/site-packages/airflow/example_dags/example_time_delta_sensor_async.py took 0.068 seconds
[2026-05-06T23:55:17.559+0000] {processor.py:161} INFO - Started process (PID=31844) to work on /usr/local/python/3.12.1/lib/python3.12/site-packages/airflow/example_dags/example_time_delta_sensor_async.py
[2026-05-06T23:55:17.560+0000] {processor.py:830} INFO - Processing file /usr/local/python/3.12.1/lib/python3.12/site-packages/airflow/example_dags/example_time_delta_sensor_async.py for tasks to queue
[2026-05-06T23:55:17.561+0000] {logging_mixin.py:188} INFO - [2026-05-06T23:55:17.561+0000] {dagbag.py:545} INFO - Filling up the DagBag from /usr/local/python/3.12.1/lib/python3.12/site-packages/airflow/example_dags/example_time_delta_sensor_async.py
[2026-05-06T23:55:17.565+0000] {processor.py:840} INFO - DAG(s) 'example_time_delta_sensor_async' retrieved from /usr/local/python/3.12.1/lib/python3.12/site-packages/airflow/example_dags/example_time_delta_sensor_async.py
[2026-05-06T23:55:17.582+0000] {logging_mixin.py:188} INFO - [2026-05-06T23:55:17.581+0000] {dag.py:3096} INFO - Sync 1 DAGs
[2026-05-06T23:55:17.594+0000] {logging_mixin.py:188} INFO - [2026-05-06T23:55:17.593+0000] {dag.py:3954} INFO - Setting next_dagrun for example_time_delta_sensor_async to None, run_after=None
[2026-05-06T23:55:17.612+0000] {processor.py:183} INFO - Processing /usr/local/python/3.12.1/lib/python3.12/site-packages/airflow/example_dags/example_time_delta_sensor_async.py took 0.058 seconds
[2026-05-06T23:55:58.640+0000] {processor.py:161} INFO - Started process (PID=32158) to work on /usr/local/python/3.12.1/lib/python3.12/site-packages/airflow/example_dags/example_time_delta_sensor_async.py
[2026-05-06T23:55:58.640+0000] {processor.py:830} INFO - Processing file /usr/local/python/3.12.1/lib/python3.12/site-packages/airflow/example_dags/example_time_delta_sensor_async.py for tasks to queue
[2026-05-06T23:55:58.643+0000] {logging_mixin.py:188} INFO - [2026-05-06T23:55:58.643+0000] {dagbag.py:545} INFO - Filling up the DagBag from /usr/local/python/3.12.1/lib/python3.12/site-packages/airflow/example_dags/example_time_delta_sensor_async.py
[2026-05-06T23:55:58.648+0000] {processor.py:840} INFO - DAG(s) 'example_time_delta_sensor_async' retrieved from /usr/local/python/3.12.1/lib/python3.12/site-packages/airflow/example_dags/example_time_delta_sensor_async.py
[2026-05-06T23:55:58.661+0000] {logging_mixin.py:188} INFO - [2026-05-06T23:55:58.661+0000] {dag.py:3096} INFO - Sync 1 DAGs
[2026-05-06T23:55:58.671+0000] {logging_mixin.py:188} INFO - [2026-05-06T23:55:58.671+0000] {dag.py:3954} INFO - Setting next_dagrun for example_time_delta_sensor_async to None, run_after=None
[2026-05-06T23:55:58.689+0000] {processor.py:183} INFO - Processing /usr/local/python/3.12.1/lib/python3.12/site-packages/airflow/example_dags/example_time_delta_sensor_async.py took 0.055 seconds
[2026-05-06T23:56:36.635+0000] {processor.py:161} INFO - Started process (PID=32454) to work on /usr/local/python/3.12.1/lib/python3.12/site-packages/airflow/example_dags/example_time_delta_sensor_async.py
[2026-05-06T23:56:36.635+0000] {processor.py:830} INFO - Processing file /usr/local/python/3.12.1/lib/python3.12/site-packages/airflow/example_dags/example_time_delta_sensor_async.py for tasks to queue
[2026-05-06T23:56:36.637+0000] {logging_mixin.py:188} INFO - [2026-05-06T23:56:36.636+0000] {dagbag.py:545} INFO - Filling up the DagBag from /usr/local/python/3.12.1/lib/python3.12/site-packages/airflow/example_dags/example_time_delta_sensor_async.py
[2026-05-06T23:56:36.641+0000] {processor.py:840} INFO - DAG(s) 'example_time_delta_sensor_async' retrieved from /usr/local/python/3.12.1/lib/python3.12/site-packages/airflow/example_dags/example_time_delta_sensor_async.py
[2026-05-06T23:56:36.654+0000] {logging_mixin.py:188} INFO - [2026-05-06T23:56:36.654+0000] {dag.py:3096} INFO - Sync 1 DAGs
[2026-05-06T23:56:36.664+0000] {logging_mixin.py:188} INFO - [2026-05-06T23:56:36.663+0000] {dag.py:3954} INFO - Setting next_dagrun for example_time_delta_sensor_async to None, run_after=None
[2026-05-06T23:56:36.681+0000] {processor.py:183} INFO - Processing /usr/local/python/3.12.1/lib/python3.12/site-packages/airflow/example_dags/example_time_delta_sensor_async.py took 0.051 seconds
[2026-05-06T23:57:14.702+0000] {processor.py:161} INFO - Started process (PID=32652) to work on /usr/local/python/3.12.1/lib/python3.12/site-packages/airflow/example_dags/example_time_delta_sensor_async.py
[2026-05-06T23:57:14.702+0000] {processor.py:830} INFO - Processing file /usr/local/python/3.12.1/lib/python3.12/site-packages/airflow/example_dags/example_time_delta_sensor_async.py for tasks to queue
[2026-05-06T23:57:14.704+0000] {logging_mixin.py:188} INFO - [2026-05-06T23:57:14.703+0000] {dagbag.py:545} INFO - Filling up the DagBag from /usr/local/python/3.12.1/lib/python3.12/site-packages/airflow/example_dags/example_time_delta_sensor_async.py
[2026-05-06T23:57:14.708+0000] {processor.py:840} INFO - DAG(s) 'example_time_delta_sensor_async' retrieved from /usr/local/python/3.12.1/lib/python3.12/site-packages/airflow/example_dags/example_time_delta_sensor_async.py
[2026-05-06T23:57:14.721+0000] {logging_mixin.py:188} INFO - [2026-05-06T23:57:14.721+0000] {dag.py:3096} INFO - Sync 1 DAGs
[2026-05-06T23:57:14.730+0000] {logging_mixin.py:188} INFO - [2026-05-06T23:57:14.730+0000] {dag.py:3954} INFO - Setting next_dagrun for example_time_delta_sensor_async to None, run_after=None
[2026-05-06T23:57:14.750+0000] {processor.py:183} INFO - Processing /usr/local/python/3.12.1/lib/python3.12/site-packages/airflow/example_dags/example_time_delta_sensor_async.py took 0.053 seconds
[2026-05-06T23:57:51.748+0000] {processor.py:161} INFO - Started process (PID=32843) to work on /usr/local/python/3.12.1/lib/python3.12/site-packages/airflow/example_dags/example_time_delta_sensor_async.py
[2026-05-06T23:57:51.748+0000] {processor.py:830} INFO - Processing file /usr/local/python/3.12.1/lib/python3.12/site-packages/airflow/example_dags/example_time_delta_sensor_async.py for tasks to queue
[2026-05-06T23:57:51.750+0000] {logging_mixin.py:188} INFO - [2026-05-06T23:57:51.750+0000] {dagbag.py:545} INFO - Filling up the DagBag from /usr/local/python/3.12.1/lib/python3.12/site-packages/airflow/example_dags/example_time_delta_sensor_async.py
[2026-05-06T23:57:51.755+0000] {processor.py:840} INFO - DAG(s) 'example_time_delta_sensor_async' retrieved from /usr/local/python/3.12.1/lib/python3.12/site-packages/airflow/example_dags/example_time_delta_sensor_async.py
[2026-05-06T23:57:51.769+0000] {logging_mixin.py:188} INFO - [2026-05-06T23:57:51.769+0000] {dag.py:3096} INFO - Sync 1 DAGs
[2026-05-06T23:57:51.783+0000] {logging_mixin.py:188} INFO - [2026-05-06T23:57:51.783+0000] {dag.py:3954} INFO - Setting next_dagrun for example_time_delta_sensor_async to None, run_after=None
[2026-05-06T23:57:51.814+0000] {processor.py:183} INFO - Processing /usr/local/python/3.12.1/lib/python3.12/site-packages/airflow/example_dags/example_time_delta_sensor_async.py took 0.073 seconds
[2026-05-06T23:58:31.253+0000] {processor.py:161} INFO - Started process (PID=33035) to work on /usr/local/python/3.12.1/lib/python3.12/site-packages/airflow/example_dags/example_time_delta_sensor_async.py
[2026-05-06T23:58:31.254+0000] {processor.py:830} INFO - Processing file /usr/local/python/3.12.1/lib/python3.12/site-packages/airflow/example_dags/example_time_delta_sensor_async.py for tasks to queue
[2026-05-06T23:58:31.256+0000] {logging_mixin.py:188} INFO - [2026-05-06T23:58:31.255+0000] {dagbag.py:545} INFO - Filling up the DagBag from /usr/local/python/3.12.1/lib/python3.12/site-packages/airflow/example_dags/example_time_delta_sensor_async.py
[2026-05-06T23:58:31.260+0000] {processor.py:840} INFO - DAG(s) 'example_time_delta_sensor_async' retrieved from /usr/local/python/3.12.1/lib/python3.12/site-packages/airflow/example_dags/example_time_delta_sensor_async.py
[2026-05-06T23:58:31.274+0000] {logging_mixin.py:188} INFO - [2026-05-06T23:58:31.274+0000] {dag.py:3096} INFO - Sync 1 DAGs
[2026-05-06T23:58:31.284+0000] {logging_mixin.py:188} INFO - [2026-05-06T23:58:31.284+0000] {dag.py:3954} INFO - Setting next_dagrun for example_time_delta_sensor_async to None, run_after=None
[2026-05-06T23:58:31.302+0000] {processor.py:183} INFO - Processing /usr/local/python/3.12.1/lib/python3.12/site-packages/airflow/example_dags/example_time_delta_sensor_async.py took 0.055 seconds
[2026-05-06T23:59:11.361+0000] {processor.py:161} INFO - Started process (PID=33230) to work on /usr/local/python/3.12.1/lib/python3.12/site-packages/airflow/example_dags/example_time_delta_sensor_async.py
[2026-05-06T23:59:11.362+0000] {processor.py:830} INFO - Processing file /usr/local/python/3.12.1/lib/python3.12/site-packages/airflow/example_dags/example_time_delta_sensor_async.py for tasks to queue
[2026-05-06T23:59:11.364+0000] {logging_mixin.py:188} INFO - [2026-05-06T23:59:11.364+0000] {dagbag.py:545} INFO - Filling up the DagBag from /usr/local/python/3.12.1/lib/python3.12/site-packages/airflow/example_dags/example_time_delta_sensor_async.py
[2026-05-06T23:59:11.371+0000] {processor.py:840} INFO - DAG(s) 'example_time_delta_sensor_async' retrieved from /usr/local/python/3.12.1/lib/python3.12/site-packages/airflow/example_dags/example_time_delta_sensor_async.py
[2026-05-06T23:59:11.385+0000] {logging_mixin.py:188} INFO - [2026-05-06T23:59:11.384+0000] {dag.py:3096} INFO - Sync 1 DAGs
[2026-05-06T23:59:11.394+0000] {logging_mixin.py:188} INFO - [2026-05-06T23:59:11.394+0000] {dag.py:3954} INFO - Setting next_dagrun for example_time_delta_sensor_async to None, run_after=None
[2026-05-06T23:59:11.411+0000] {processor.py:183} INFO - Processing /usr/local/python/3.12.1/lib/python3.12/site-packages/airflow/example_dags/example_time_delta_sensor_async.py took 0.057 seconds
[2026-05-06T23:59:50.201+0000] {processor.py:161} INFO - Started process (PID=33427) to work on /usr/local/python/3.12.1/lib/python3.12/site-packages/airflow/example_dags/example_time_delta_sensor_async.py
[2026-05-06T23:59:50.201+0000] {processor.py:830} INFO - Processing file /usr/local/python/3.12.1/lib/python3.12/site-packages/airflow/example_dags/example_time_delta_sensor_async.py for tasks to queue
[2026-05-06T23:59:50.203+0000] {logging_mixin.py:188} INFO - [2026-05-06T23:59:50.203+0000] {dagbag.py:545} INFO - Filling up the DagBag from /usr/local/python/3.12.1/lib/python3.12/site-packages/airflow/example_dags/example_time_delta_sensor_async.py
[2026-05-06T23:59:50.207+0000] {processor.py:840} INFO - DAG(s) 'example_time_delta_sensor_async' retrieved from /usr/local/python/3.12.1/lib/python3.12/site-packages/airflow/example_dags/example_time_delta_sensor_async.py
[2026-05-06T23:59:50.221+0000] {logging_mixin.py:188} INFO - [2026-05-06T23:59:50.220+0000] {dag.py:3096} INFO - Sync 1 DAGs
[2026-05-06T23:59:50.230+0000] {logging_mixin.py:188} INFO - [2026-05-06T23:59:50.230+0000] {dag.py:3954} INFO - Setting next_dagrun for example_time_delta_sensor_async to None, run_after=None
[2026-05-06T23:59:50.250+0000] {processor.py:183} INFO - Processing /usr/local/python/3.12.1/lib/python3.12/site-packages/airflow/example_dags/example_time_delta_sensor_async.py took 0.054 seconds
