[2026-05-06T23:18:49.253+0000] {processor.py:161} INFO - Started process (PID=13221) to work on /usr/local/python/3.12.1/lib/python3.12/site-packages/airflow/example_dags/tutorial.py
[2026-05-06T23:18:49.254+0000] {processor.py:830} INFO - Processing file /usr/local/python/3.12.1/lib/python3.12/site-packages/airflow/example_dags/tutorial.py for tasks to queue
[2026-05-06T23:18:49.256+0000] {logging_mixin.py:188} INFO - [2026-05-06T23:18:49.255+0000] {dagbag.py:545} INFO - Filling up the DagBag from /usr/local/python/3.12.1/lib/python3.12/site-packages/airflow/example_dags/tutorial.py
[2026-05-06T23:18:49.262+0000] {processor.py:840} INFO - DAG(s) 'tutorial' retrieved from /usr/local/python/3.12.1/lib/python3.12/site-packages/airflow/example_dags/tutorial.py
[2026-05-06T23:18:49.348+0000] {logging_mixin.py:188} INFO - [2026-05-06T23:18:49.347+0000] {override.py:1829} INFO - Created Permission View: can delete on DAG:tutorial
[2026-05-06T23:18:49.358+0000] {logging_mixin.py:188} INFO - [2026-05-06T23:18:49.358+0000] {override.py:1829} INFO - Created Permission View: can edit on DAG:tutorial
[2026-05-06T23:18:49.363+0000] {logging_mixin.py:188} INFO - [2026-05-06T23:18:49.363+0000] {override.py:1829} INFO - Created Permission View: can read on DAG:tutorial
[2026-05-06T23:18:49.364+0000] {logging_mixin.py:188} INFO - [2026-05-06T23:18:49.364+0000] {dag.py:3096} INFO - Sync 1 DAGs
[2026-05-06T23:18:49.371+0000] {logging_mixin.py:188} INFO - [2026-05-06T23:18:49.371+0000] {dag.py:3118} INFO - Creating ORM DAG for tutorial
[2026-05-06T23:18:49.377+0000] {logging_mixin.py:188} INFO - [2026-05-06T23:18:49.377+0000] {dag.py:3954} INFO - Setting next_dagrun for tutorial to 2026-05-05 00:00:00+00:00, run_after=2026-05-06 00:00:00+00:00
[2026-05-06T23:18:49.393+0000] {processor.py:183} INFO - Processing /usr/local/python/3.12.1/lib/python3.12/site-packages/airflow/example_dags/tutorial.py took 0.144 seconds
[2026-05-06T23:19:40.315+0000] {processor.py:161} INFO - Started process (PID=13614) to work on /usr/local/python/3.12.1/lib/python3.12/site-packages/airflow/example_dags/tutorial.py
[2026-05-06T23:19:40.316+0000] {processor.py:830} INFO - Processing file /usr/local/python/3.12.1/lib/python3.12/site-packages/airflow/example_dags/tutorial.py for tasks to queue
[2026-05-06T23:19:40.317+0000] {logging_mixin.py:188} INFO - [2026-05-06T23:19:40.317+0000] {dagbag.py:545} INFO - Filling up the DagBag from /usr/local/python/3.12.1/lib/python3.12/site-packages/airflow/example_dags/tutorial.py
[2026-05-06T23:19:40.322+0000] {processor.py:840} INFO - DAG(s) 'tutorial' retrieved from /usr/local/python/3.12.1/lib/python3.12/site-packages/airflow/example_dags/tutorial.py
[2026-05-06T23:19:40.335+0000] {logging_mixin.py:188} INFO - [2026-05-06T23:19:40.335+0000] {dag.py:3096} INFO - Sync 1 DAGs
[2026-05-06T23:19:40.350+0000] {logging_mixin.py:188} INFO - [2026-05-06T23:19:40.350+0000] {dag.py:3954} INFO - Setting next_dagrun for tutorial to 2026-05-05 00:00:00+00:00, run_after=2026-05-06 00:00:00+00:00
[2026-05-06T23:19:40.366+0000] {processor.py:183} INFO - Processing /usr/local/python/3.12.1/lib/python3.12/site-packages/airflow/example_dags/tutorial.py took 0.055 seconds
[2026-05-06T23:20:21.433+0000] {processor.py:161} INFO - Started process (PID=14033) to work on /usr/local/python/3.12.1/lib/python3.12/site-packages/airflow/example_dags/tutorial.py
[2026-05-06T23:20:21.434+0000] {processor.py:830} INFO - Processing file /usr/local/python/3.12.1/lib/python3.12/site-packages/airflow/example_dags/tutorial.py for tasks to queue
[2026-05-06T23:20:21.435+0000] {logging_mixin.py:188} INFO - [2026-05-06T23:20:21.435+0000] {dagbag.py:545} INFO - Filling up the DagBag from /usr/local/python/3.12.1/lib/python3.12/site-packages/airflow/example_dags/tutorial.py
[2026-05-06T23:20:21.440+0000] {processor.py:840} INFO - DAG(s) 'tutorial' retrieved from /usr/local/python/3.12.1/lib/python3.12/site-packages/airflow/example_dags/tutorial.py
[2026-05-06T23:20:21.452+0000] {logging_mixin.py:188} INFO - [2026-05-06T23:20:21.452+0000] {dag.py:3096} INFO - Sync 1 DAGs
[2026-05-06T23:20:21.467+0000] {logging_mixin.py:188} INFO - [2026-05-06T23:20:21.466+0000] {dag.py:3954} INFO - Setting next_dagrun for tutorial to 2026-05-05 00:00:00+00:00, run_after=2026-05-06 00:00:00+00:00
[2026-05-06T23:20:21.482+0000] {processor.py:183} INFO - Processing /usr/local/python/3.12.1/lib/python3.12/site-packages/airflow/example_dags/tutorial.py took 0.053 seconds
[2026-05-06T23:21:11.504+0000] {processor.py:161} INFO - Started process (PID=14450) to work on /usr/local/python/3.12.1/lib/python3.12/site-packages/airflow/example_dags/tutorial.py
[2026-05-06T23:21:11.505+0000] {processor.py:830} INFO - Processing file /usr/local/python/3.12.1/lib/python3.12/site-packages/airflow/example_dags/tutorial.py for tasks to queue
[2026-05-06T23:21:11.506+0000] {logging_mixin.py:188} INFO - [2026-05-06T23:21:11.506+0000] {dagbag.py:545} INFO - Filling up the DagBag from /usr/local/python/3.12.1/lib/python3.12/site-packages/airflow/example_dags/tutorial.py
[2026-05-06T23:21:11.511+0000] {processor.py:840} INFO - DAG(s) 'tutorial' retrieved from /usr/local/python/3.12.1/lib/python3.12/site-packages/airflow/example_dags/tutorial.py
[2026-05-06T23:21:11.523+0000] {logging_mixin.py:188} INFO - [2026-05-06T23:21:11.523+0000] {dag.py:3096} INFO - Sync 1 DAGs
[2026-05-06T23:21:11.538+0000] {logging_mixin.py:188} INFO - [2026-05-06T23:21:11.537+0000] {dag.py:3954} INFO - Setting next_dagrun for tutorial to 2026-05-05 00:00:00+00:00, run_after=2026-05-06 00:00:00+00:00
[2026-05-06T23:21:11.555+0000] {processor.py:183} INFO - Processing /usr/local/python/3.12.1/lib/python3.12/site-packages/airflow/example_dags/tutorial.py took 0.056 seconds
[2026-05-06T23:21:53.101+0000] {processor.py:161} INFO - Started process (PID=14841) to work on /usr/local/python/3.12.1/lib/python3.12/site-packages/airflow/example_dags/tutorial.py
[2026-05-06T23:21:53.102+0000] {processor.py:830} INFO - Processing file /usr/local/python/3.12.1/lib/python3.12/site-packages/airflow/example_dags/tutorial.py for tasks to queue
[2026-05-06T23:21:53.103+0000] {logging_mixin.py:188} INFO - [2026-05-06T23:21:53.103+0000] {dagbag.py:545} INFO - Filling up the DagBag from /usr/local/python/3.12.1/lib/python3.12/site-packages/airflow/example_dags/tutorial.py
[2026-05-06T23:21:53.108+0000] {processor.py:840} INFO - DAG(s) 'tutorial' retrieved from /usr/local/python/3.12.1/lib/python3.12/site-packages/airflow/example_dags/tutorial.py
[2026-05-06T23:21:53.121+0000] {logging_mixin.py:188} INFO - [2026-05-06T23:21:53.121+0000] {dag.py:3096} INFO - Sync 1 DAGs
[2026-05-06T23:21:53.136+0000] {logging_mixin.py:188} INFO - [2026-05-06T23:21:53.136+0000] {dag.py:3954} INFO - Setting next_dagrun for tutorial to 2026-05-05 00:00:00+00:00, run_after=2026-05-06 00:00:00+00:00
[2026-05-06T23:21:53.152+0000] {processor.py:183} INFO - Processing /usr/local/python/3.12.1/lib/python3.12/site-packages/airflow/example_dags/tutorial.py took 0.056 seconds
[2026-05-06T23:22:34.809+0000] {processor.py:161} INFO - Started process (PID=15196) to work on /usr/local/python/3.12.1/lib/python3.12/site-packages/airflow/example_dags/tutorial.py
[2026-05-06T23:22:34.810+0000] {processor.py:830} INFO - Processing file /usr/local/python/3.12.1/lib/python3.12/site-packages/airflow/example_dags/tutorial.py for tasks to queue
[2026-05-06T23:22:34.811+0000] {logging_mixin.py:188} INFO - [2026-05-06T23:22:34.811+0000] {dagbag.py:545} INFO - Filling up the DagBag from /usr/local/python/3.12.1/lib/python3.12/site-packages/airflow/example_dags/tutorial.py
[2026-05-06T23:22:34.816+0000] {processor.py:840} INFO - DAG(s) 'tutorial' retrieved from /usr/local/python/3.12.1/lib/python3.12/site-packages/airflow/example_dags/tutorial.py
[2026-05-06T23:22:34.829+0000] {logging_mixin.py:188} INFO - [2026-05-06T23:22:34.829+0000] {dag.py:3096} INFO - Sync 1 DAGs
[2026-05-06T23:22:34.844+0000] {logging_mixin.py:188} INFO - [2026-05-06T23:22:34.844+0000] {dag.py:3954} INFO - Setting next_dagrun for tutorial to 2026-05-05 00:00:00+00:00, run_after=2026-05-06 00:00:00+00:00
[2026-05-06T23:22:34.860+0000] {processor.py:183} INFO - Processing /usr/local/python/3.12.1/lib/python3.12/site-packages/airflow/example_dags/tutorial.py took 0.055 seconds
[2026-05-06T23:23:13.052+0000] {processor.py:161} INFO - Started process (PID=15559) to work on /usr/local/python/3.12.1/lib/python3.12/site-packages/airflow/example_dags/tutorial.py
[2026-05-06T23:23:13.053+0000] {processor.py:830} INFO - Processing file /usr/local/python/3.12.1/lib/python3.12/site-packages/airflow/example_dags/tutorial.py for tasks to queue
[2026-05-06T23:23:13.054+0000] {logging_mixin.py:188} INFO - [2026-05-06T23:23:13.054+0000] {dagbag.py:545} INFO - Filling up the DagBag from /usr/local/python/3.12.1/lib/python3.12/site-packages/airflow/example_dags/tutorial.py
[2026-05-06T23:23:13.059+0000] {processor.py:840} INFO - DAG(s) 'tutorial' retrieved from /usr/local/python/3.12.1/lib/python3.12/site-packages/airflow/example_dags/tutorial.py
[2026-05-06T23:23:13.071+0000] {logging_mixin.py:188} INFO - [2026-05-06T23:23:13.071+0000] {dag.py:3096} INFO - Sync 1 DAGs
[2026-05-06T23:23:13.085+0000] {logging_mixin.py:188} INFO - [2026-05-06T23:23:13.085+0000] {dag.py:3954} INFO - Setting next_dagrun for tutorial to 2026-05-05 00:00:00+00:00, run_after=2026-05-06 00:00:00+00:00
[2026-05-06T23:23:13.102+0000] {processor.py:183} INFO - Processing /usr/local/python/3.12.1/lib/python3.12/site-packages/airflow/example_dags/tutorial.py took 0.054 seconds
[2026-05-06T23:23:51.875+0000] {processor.py:161} INFO - Started process (PID=16016) to work on /usr/local/python/3.12.1/lib/python3.12/site-packages/airflow/example_dags/tutorial.py
[2026-05-06T23:23:51.876+0000] {processor.py:830} INFO - Processing file /usr/local/python/3.12.1/lib/python3.12/site-packages/airflow/example_dags/tutorial.py for tasks to queue
[2026-05-06T23:23:51.877+0000] {logging_mixin.py:188} INFO - [2026-05-06T23:23:51.877+0000] {dagbag.py:545} INFO - Filling up the DagBag from /usr/local/python/3.12.1/lib/python3.12/site-packages/airflow/example_dags/tutorial.py
[2026-05-06T23:23:51.882+0000] {processor.py:840} INFO - DAG(s) 'tutorial' retrieved from /usr/local/python/3.12.1/lib/python3.12/site-packages/airflow/example_dags/tutorial.py
[2026-05-06T23:23:51.894+0000] {logging_mixin.py:188} INFO - [2026-05-06T23:23:51.894+0000] {dag.py:3096} INFO - Sync 1 DAGs
[2026-05-06T23:23:51.909+0000] {logging_mixin.py:188} INFO - [2026-05-06T23:23:51.909+0000] {dag.py:3954} INFO - Setting next_dagrun for tutorial to 2026-05-05 00:00:00+00:00, run_after=2026-05-06 00:00:00+00:00
[2026-05-06T23:23:51.927+0000] {processor.py:183} INFO - Processing /usr/local/python/3.12.1/lib/python3.12/site-packages/airflow/example_dags/tutorial.py took 0.057 seconds
[2026-05-06T23:24:30.290+0000] {processor.py:161} INFO - Started process (PID=16585) to work on /usr/local/python/3.12.1/lib/python3.12/site-packages/airflow/example_dags/tutorial.py
[2026-05-06T23:24:30.290+0000] {processor.py:830} INFO - Processing file /usr/local/python/3.12.1/lib/python3.12/site-packages/airflow/example_dags/tutorial.py for tasks to queue
[2026-05-06T23:24:30.292+0000] {logging_mixin.py:188} INFO - [2026-05-06T23:24:30.291+0000] {dagbag.py:545} INFO - Filling up the DagBag from /usr/local/python/3.12.1/lib/python3.12/site-packages/airflow/example_dags/tutorial.py
[2026-05-06T23:24:30.297+0000] {processor.py:840} INFO - DAG(s) 'tutorial' retrieved from /usr/local/python/3.12.1/lib/python3.12/site-packages/airflow/example_dags/tutorial.py
[2026-05-06T23:24:30.309+0000] {logging_mixin.py:188} INFO - [2026-05-06T23:24:30.309+0000] {dag.py:3096} INFO - Sync 1 DAGs
[2026-05-06T23:24:30.324+0000] {logging_mixin.py:188} INFO - [2026-05-06T23:24:30.324+0000] {dag.py:3954} INFO - Setting next_dagrun for tutorial to 2026-05-05 00:00:00+00:00, run_after=2026-05-06 00:00:00+00:00
[2026-05-06T23:24:30.341+0000] {processor.py:183} INFO - Processing /usr/local/python/3.12.1/lib/python3.12/site-packages/airflow/example_dags/tutorial.py took 0.056 seconds
[2026-05-06T23:25:07.322+0000] {processor.py:161} INFO - Started process (PID=17014) to work on /usr/local/python/3.12.1/lib/python3.12/site-packages/airflow/example_dags/tutorial.py
[2026-05-06T23:25:07.322+0000] {processor.py:830} INFO - Processing file /usr/local/python/3.12.1/lib/python3.12/site-packages/airflow/example_dags/tutorial.py for tasks to queue
[2026-05-06T23:25:07.324+0000] {logging_mixin.py:188} INFO - [2026-05-06T23:25:07.323+0000] {dagbag.py:545} INFO - Filling up the DagBag from /usr/local/python/3.12.1/lib/python3.12/site-packages/airflow/example_dags/tutorial.py
[2026-05-06T23:25:07.329+0000] {processor.py:840} INFO - DAG(s) 'tutorial' retrieved from /usr/local/python/3.12.1/lib/python3.12/site-packages/airflow/example_dags/tutorial.py
[2026-05-06T23:25:07.341+0000] {logging_mixin.py:188} INFO - [2026-05-06T23:25:07.341+0000] {dag.py:3096} INFO - Sync 1 DAGs
[2026-05-06T23:25:07.356+0000] {logging_mixin.py:188} INFO - [2026-05-06T23:25:07.356+0000] {dag.py:3954} INFO - Setting next_dagrun for tutorial to 2026-05-05 00:00:00+00:00, run_after=2026-05-06 00:00:00+00:00
[2026-05-06T23:25:07.372+0000] {processor.py:183} INFO - Processing /usr/local/python/3.12.1/lib/python3.12/site-packages/airflow/example_dags/tutorial.py took 0.055 seconds
[2026-05-06T23:25:47.386+0000] {processor.py:161} INFO - Started process (PID=17359) to work on /usr/local/python/3.12.1/lib/python3.12/site-packages/airflow/example_dags/tutorial.py
[2026-05-06T23:25:47.387+0000] {processor.py:830} INFO - Processing file /usr/local/python/3.12.1/lib/python3.12/site-packages/airflow/example_dags/tutorial.py for tasks to queue
[2026-05-06T23:25:47.388+0000] {logging_mixin.py:188} INFO - [2026-05-06T23:25:47.388+0000] {dagbag.py:545} INFO - Filling up the DagBag from /usr/local/python/3.12.1/lib/python3.12/site-packages/airflow/example_dags/tutorial.py
[2026-05-06T23:25:47.393+0000] {processor.py:840} INFO - DAG(s) 'tutorial' retrieved from /usr/local/python/3.12.1/lib/python3.12/site-packages/airflow/example_dags/tutorial.py
[2026-05-06T23:25:47.406+0000] {logging_mixin.py:188} INFO - [2026-05-06T23:25:47.405+0000] {dag.py:3096} INFO - Sync 1 DAGs
[2026-05-06T23:25:47.420+0000] {logging_mixin.py:188} INFO - [2026-05-06T23:25:47.420+0000] {dag.py:3954} INFO - Setting next_dagrun for tutorial to 2026-05-05 00:00:00+00:00, run_after=2026-05-06 00:00:00+00:00
[2026-05-06T23:25:47.437+0000] {processor.py:183} INFO - Processing /usr/local/python/3.12.1/lib/python3.12/site-packages/airflow/example_dags/tutorial.py took 0.055 seconds
[2026-05-06T23:26:28.671+0000] {processor.py:161} INFO - Started process (PID=17712) to work on /usr/local/python/3.12.1/lib/python3.12/site-packages/airflow/example_dags/tutorial.py
[2026-05-06T23:26:28.672+0000] {processor.py:830} INFO - Processing file /usr/local/python/3.12.1/lib/python3.12/site-packages/airflow/example_dags/tutorial.py for tasks to queue
[2026-05-06T23:26:28.674+0000] {logging_mixin.py:188} INFO - [2026-05-06T23:26:28.673+0000] {dagbag.py:545} INFO - Filling up the DagBag from /usr/local/python/3.12.1/lib/python3.12/site-packages/airflow/example_dags/tutorial.py
[2026-05-06T23:26:28.679+0000] {processor.py:840} INFO - DAG(s) 'tutorial' retrieved from /usr/local/python/3.12.1/lib/python3.12/site-packages/airflow/example_dags/tutorial.py
[2026-05-06T23:26:28.691+0000] {logging_mixin.py:188} INFO - [2026-05-06T23:26:28.691+0000] {dag.py:3096} INFO - Sync 1 DAGs
[2026-05-06T23:26:28.706+0000] {logging_mixin.py:188} INFO - [2026-05-06T23:26:28.705+0000] {dag.py:3954} INFO - Setting next_dagrun for tutorial to 2026-05-05 00:00:00+00:00, run_after=2026-05-06 00:00:00+00:00
[2026-05-06T23:26:28.721+0000] {processor.py:183} INFO - Processing /usr/local/python/3.12.1/lib/python3.12/site-packages/airflow/example_dags/tutorial.py took 0.057 seconds
[2026-05-06T23:27:05.206+0000] {processor.py:161} INFO - Started process (PID=18059) to work on /usr/local/python/3.12.1/lib/python3.12/site-packages/airflow/example_dags/tutorial.py
[2026-05-06T23:27:05.207+0000] {processor.py:830} INFO - Processing file /usr/local/python/3.12.1/lib/python3.12/site-packages/airflow/example_dags/tutorial.py for tasks to queue
[2026-05-06T23:27:05.208+0000] {logging_mixin.py:188} INFO - [2026-05-06T23:27:05.208+0000] {dagbag.py:545} INFO - Filling up the DagBag from /usr/local/python/3.12.1/lib/python3.12/site-packages/airflow/example_dags/tutorial.py
[2026-05-06T23:27:05.213+0000] {processor.py:840} INFO - DAG(s) 'tutorial' retrieved from /usr/local/python/3.12.1/lib/python3.12/site-packages/airflow/example_dags/tutorial.py
[2026-05-06T23:27:05.226+0000] {logging_mixin.py:188} INFO - [2026-05-06T23:27:05.225+0000] {dag.py:3096} INFO - Sync 1 DAGs
[2026-05-06T23:27:05.240+0000] {logging_mixin.py:188} INFO - [2026-05-06T23:27:05.240+0000] {dag.py:3954} INFO - Setting next_dagrun for tutorial to 2026-05-05 00:00:00+00:00, run_after=2026-05-06 00:00:00+00:00
[2026-05-06T23:27:05.256+0000] {processor.py:183} INFO - Processing /usr/local/python/3.12.1/lib/python3.12/site-packages/airflow/example_dags/tutorial.py took 0.055 seconds
[2026-05-06T23:27:44.233+0000] {processor.py:161} INFO - Started process (PID=18489) to work on /usr/local/python/3.12.1/lib/python3.12/site-packages/airflow/example_dags/tutorial.py
[2026-05-06T23:27:44.236+0000] {processor.py:830} INFO - Processing file /usr/local/python/3.12.1/lib/python3.12/site-packages/airflow/example_dags/tutorial.py for tasks to queue
[2026-05-06T23:27:44.238+0000] {logging_mixin.py:188} INFO - [2026-05-06T23:27:44.238+0000] {dagbag.py:545} INFO - Filling up the DagBag from /usr/local/python/3.12.1/lib/python3.12/site-packages/airflow/example_dags/tutorial.py
[2026-05-06T23:27:44.247+0000] {processor.py:840} INFO - DAG(s) 'tutorial' retrieved from /usr/local/python/3.12.1/lib/python3.12/site-packages/airflow/example_dags/tutorial.py
[2026-05-06T23:27:44.260+0000] {logging_mixin.py:188} INFO - [2026-05-06T23:27:44.260+0000] {dag.py:3096} INFO - Sync 1 DAGs
[2026-05-06T23:27:44.275+0000] {logging_mixin.py:188} INFO - [2026-05-06T23:27:44.275+0000] {dag.py:3954} INFO - Setting next_dagrun for tutorial to 2026-05-05 00:00:00+00:00, run_after=2026-05-06 00:00:00+00:00
[2026-05-06T23:27:44.292+0000] {processor.py:183} INFO - Processing /usr/local/python/3.12.1/lib/python3.12/site-packages/airflow/example_dags/tutorial.py took 0.069 seconds
[2026-05-06T23:28:24.407+0000] {processor.py:161} INFO - Started process (PID=18829) to work on /usr/local/python/3.12.1/lib/python3.12/site-packages/airflow/example_dags/tutorial.py
[2026-05-06T23:28:24.408+0000] {processor.py:830} INFO - Processing file /usr/local/python/3.12.1/lib/python3.12/site-packages/airflow/example_dags/tutorial.py for tasks to queue
[2026-05-06T23:28:24.409+0000] {logging_mixin.py:188} INFO - [2026-05-06T23:28:24.409+0000] {dagbag.py:545} INFO - Filling up the DagBag from /usr/local/python/3.12.1/lib/python3.12/site-packages/airflow/example_dags/tutorial.py
[2026-05-06T23:28:24.414+0000] {processor.py:840} INFO - DAG(s) 'tutorial' retrieved from /usr/local/python/3.12.1/lib/python3.12/site-packages/airflow/example_dags/tutorial.py
[2026-05-06T23:28:24.427+0000] {logging_mixin.py:188} INFO - [2026-05-06T23:28:24.427+0000] {dag.py:3096} INFO - Sync 1 DAGs
[2026-05-06T23:28:24.552+0000] {logging_mixin.py:188} INFO - [2026-05-06T23:28:24.552+0000] {dag.py:3954} INFO - Setting next_dagrun for tutorial to 2026-05-05 00:00:00+00:00, run_after=2026-05-06 00:00:00+00:00
[2026-05-06T23:28:24.567+0000] {processor.py:183} INFO - Processing /usr/local/python/3.12.1/lib/python3.12/site-packages/airflow/example_dags/tutorial.py took 0.164 seconds
[2026-05-06T23:31:33.508+0000] {processor.py:161} INFO - Started process (PID=20643) to work on /usr/local/python/3.12.1/lib/python3.12/site-packages/airflow/example_dags/tutorial.py
[2026-05-06T23:31:33.509+0000] {processor.py:830} INFO - Processing file /usr/local/python/3.12.1/lib/python3.12/site-packages/airflow/example_dags/tutorial.py for tasks to queue
[2026-05-06T23:31:33.510+0000] {logging_mixin.py:188} INFO - [2026-05-06T23:31:33.510+0000] {dagbag.py:545} INFO - Filling up the DagBag from /usr/local/python/3.12.1/lib/python3.12/site-packages/airflow/example_dags/tutorial.py
[2026-05-06T23:31:33.517+0000] {processor.py:840} INFO - DAG(s) 'tutorial' retrieved from /usr/local/python/3.12.1/lib/python3.12/site-packages/airflow/example_dags/tutorial.py
[2026-05-06T23:31:33.531+0000] {logging_mixin.py:188} INFO - [2026-05-06T23:31:33.531+0000] {dag.py:3096} INFO - Sync 1 DAGs
[2026-05-06T23:31:33.546+0000] {logging_mixin.py:188} INFO - [2026-05-06T23:31:33.545+0000] {dag.py:3954} INFO - Setting next_dagrun for tutorial to 2026-05-05 00:00:00+00:00, run_after=2026-05-06 00:00:00+00:00
[2026-05-06T23:31:33.563+0000] {processor.py:183} INFO - Processing /usr/local/python/3.12.1/lib/python3.12/site-packages/airflow/example_dags/tutorial.py took 0.059 seconds
[2026-05-06T23:32:22.368+0000] {processor.py:161} INFO - Started process (PID=21035) to work on /usr/local/python/3.12.1/lib/python3.12/site-packages/airflow/example_dags/tutorial.py
[2026-05-06T23:32:22.368+0000] {processor.py:830} INFO - Processing file /usr/local/python/3.12.1/lib/python3.12/site-packages/airflow/example_dags/tutorial.py for tasks to queue
[2026-05-06T23:32:22.370+0000] {logging_mixin.py:188} INFO - [2026-05-06T23:32:22.369+0000] {dagbag.py:545} INFO - Filling up the DagBag from /usr/local/python/3.12.1/lib/python3.12/site-packages/airflow/example_dags/tutorial.py
[2026-05-06T23:32:22.375+0000] {processor.py:840} INFO - DAG(s) 'tutorial' retrieved from /usr/local/python/3.12.1/lib/python3.12/site-packages/airflow/example_dags/tutorial.py
[2026-05-06T23:32:22.387+0000] {logging_mixin.py:188} INFO - [2026-05-06T23:32:22.387+0000] {dag.py:3096} INFO - Sync 1 DAGs
[2026-05-06T23:32:22.403+0000] {logging_mixin.py:188} INFO - [2026-05-06T23:32:22.403+0000] {dag.py:3954} INFO - Setting next_dagrun for tutorial to 2026-05-05 00:00:00+00:00, run_after=2026-05-06 00:00:00+00:00
[2026-05-06T23:32:22.419+0000] {processor.py:183} INFO - Processing /usr/local/python/3.12.1/lib/python3.12/site-packages/airflow/example_dags/tutorial.py took 0.056 seconds
[2026-05-06T23:33:12.154+0000] {processor.py:161} INFO - Started process (PID=21423) to work on /usr/local/python/3.12.1/lib/python3.12/site-packages/airflow/example_dags/tutorial.py
[2026-05-06T23:33:12.154+0000] {processor.py:830} INFO - Processing file /usr/local/python/3.12.1/lib/python3.12/site-packages/airflow/example_dags/tutorial.py for tasks to queue
[2026-05-06T23:33:12.156+0000] {logging_mixin.py:188} INFO - [2026-05-06T23:33:12.156+0000] {dagbag.py:545} INFO - Filling up the DagBag from /usr/local/python/3.12.1/lib/python3.12/site-packages/airflow/example_dags/tutorial.py
[2026-05-06T23:33:12.161+0000] {processor.py:840} INFO - DAG(s) 'tutorial' retrieved from /usr/local/python/3.12.1/lib/python3.12/site-packages/airflow/example_dags/tutorial.py
[2026-05-06T23:33:12.174+0000] {logging_mixin.py:188} INFO - [2026-05-06T23:33:12.173+0000] {dag.py:3096} INFO - Sync 1 DAGs
[2026-05-06T23:33:12.189+0000] {logging_mixin.py:188} INFO - [2026-05-06T23:33:12.189+0000] {dag.py:3954} INFO - Setting next_dagrun for tutorial to 2026-05-05 00:00:00+00:00, run_after=2026-05-06 00:00:00+00:00
[2026-05-06T23:33:12.205+0000] {processor.py:183} INFO - Processing /usr/local/python/3.12.1/lib/python3.12/site-packages/airflow/example_dags/tutorial.py took 0.056 seconds
[2026-05-06T23:33:50.492+0000] {processor.py:161} INFO - Started process (PID=21727) to work on /usr/local/python/3.12.1/lib/python3.12/site-packages/airflow/example_dags/tutorial.py
[2026-05-06T23:33:50.492+0000] {processor.py:830} INFO - Processing file /usr/local/python/3.12.1/lib/python3.12/site-packages/airflow/example_dags/tutorial.py for tasks to queue
[2026-05-06T23:33:50.494+0000] {logging_mixin.py:188} INFO - [2026-05-06T23:33:50.493+0000] {dagbag.py:545} INFO - Filling up the DagBag from /usr/local/python/3.12.1/lib/python3.12/site-packages/airflow/example_dags/tutorial.py
[2026-05-06T23:33:50.499+0000] {processor.py:840} INFO - DAG(s) 'tutorial' retrieved from /usr/local/python/3.12.1/lib/python3.12/site-packages/airflow/example_dags/tutorial.py
[2026-05-06T23:33:50.512+0000] {logging_mixin.py:188} INFO - [2026-05-06T23:33:50.511+0000] {dag.py:3096} INFO - Sync 1 DAGs
[2026-05-06T23:33:50.526+0000] {logging_mixin.py:188} INFO - [2026-05-06T23:33:50.526+0000] {dag.py:3954} INFO - Setting next_dagrun for tutorial to 2026-05-05 00:00:00+00:00, run_after=2026-05-06 00:00:00+00:00
[2026-05-06T23:33:50.543+0000] {processor.py:183} INFO - Processing /usr/local/python/3.12.1/lib/python3.12/site-packages/airflow/example_dags/tutorial.py took 0.056 seconds
[2026-05-06T23:34:30.523+0000] {processor.py:161} INFO - Started process (PID=22053) to work on /usr/local/python/3.12.1/lib/python3.12/site-packages/airflow/example_dags/tutorial.py
[2026-05-06T23:34:30.524+0000] {processor.py:830} INFO - Processing file /usr/local/python/3.12.1/lib/python3.12/site-packages/airflow/example_dags/tutorial.py for tasks to queue
[2026-05-06T23:34:30.525+0000] {logging_mixin.py:188} INFO - [2026-05-06T23:34:30.525+0000] {dagbag.py:545} INFO - Filling up the DagBag from /usr/local/python/3.12.1/lib/python3.12/site-packages/airflow/example_dags/tutorial.py
[2026-05-06T23:34:30.530+0000] {processor.py:840} INFO - DAG(s) 'tutorial' retrieved from /usr/local/python/3.12.1/lib/python3.12/site-packages/airflow/example_dags/tutorial.py
[2026-05-06T23:34:30.543+0000] {logging_mixin.py:188} INFO - [2026-05-06T23:34:30.543+0000] {dag.py:3096} INFO - Sync 1 DAGs
[2026-05-06T23:34:30.557+0000] {logging_mixin.py:188} INFO - [2026-05-06T23:34:30.557+0000] {dag.py:3954} INFO - Setting next_dagrun for tutorial to 2026-05-05 00:00:00+00:00, run_after=2026-05-06 00:00:00+00:00
[2026-05-06T23:34:30.574+0000] {processor.py:183} INFO - Processing /usr/local/python/3.12.1/lib/python3.12/site-packages/airflow/example_dags/tutorial.py took 0.056 seconds
[2026-05-06T23:35:08.121+0000] {processor.py:161} INFO - Started process (PID=22355) to work on /usr/local/python/3.12.1/lib/python3.12/site-packages/airflow/example_dags/tutorial.py
[2026-05-06T23:35:08.122+0000] {processor.py:830} INFO - Processing file /usr/local/python/3.12.1/lib/python3.12/site-packages/airflow/example_dags/tutorial.py for tasks to queue
[2026-05-06T23:35:08.123+0000] {logging_mixin.py:188} INFO - [2026-05-06T23:35:08.123+0000] {dagbag.py:545} INFO - Filling up the DagBag from /usr/local/python/3.12.1/lib/python3.12/site-packages/airflow/example_dags/tutorial.py
[2026-05-06T23:35:08.128+0000] {processor.py:840} INFO - DAG(s) 'tutorial' retrieved from /usr/local/python/3.12.1/lib/python3.12/site-packages/airflow/example_dags/tutorial.py
[2026-05-06T23:35:08.141+0000] {logging_mixin.py:188} INFO - [2026-05-06T23:35:08.141+0000] {dag.py:3096} INFO - Sync 1 DAGs
[2026-05-06T23:35:08.156+0000] {logging_mixin.py:188} INFO - [2026-05-06T23:35:08.155+0000] {dag.py:3954} INFO - Setting next_dagrun for tutorial to 2026-05-05 00:00:00+00:00, run_after=2026-05-06 00:00:00+00:00
[2026-05-06T23:35:08.172+0000] {processor.py:183} INFO - Processing /usr/local/python/3.12.1/lib/python3.12/site-packages/airflow/example_dags/tutorial.py took 0.056 seconds
[2026-05-06T23:35:46.919+0000] {processor.py:161} INFO - Started process (PID=22645) to work on /usr/local/python/3.12.1/lib/python3.12/site-packages/airflow/example_dags/tutorial.py
[2026-05-06T23:35:46.920+0000] {processor.py:830} INFO - Processing file /usr/local/python/3.12.1/lib/python3.12/site-packages/airflow/example_dags/tutorial.py for tasks to queue
[2026-05-06T23:35:46.921+0000] {logging_mixin.py:188} INFO - [2026-05-06T23:35:46.921+0000] {dagbag.py:545} INFO - Filling up the DagBag from /usr/local/python/3.12.1/lib/python3.12/site-packages/airflow/example_dags/tutorial.py
[2026-05-06T23:35:46.929+0000] {processor.py:840} INFO - DAG(s) 'tutorial' retrieved from /usr/local/python/3.12.1/lib/python3.12/site-packages/airflow/example_dags/tutorial.py
[2026-05-06T23:35:46.948+0000] {logging_mixin.py:188} INFO - [2026-05-06T23:35:46.948+0000] {dag.py:3096} INFO - Sync 1 DAGs
[2026-05-06T23:35:46.971+0000] {logging_mixin.py:188} INFO - [2026-05-06T23:35:46.970+0000] {dag.py:3954} INFO - Setting next_dagrun for tutorial to 2026-05-05 00:00:00+00:00, run_after=2026-05-06 00:00:00+00:00
[2026-05-06T23:35:46.989+0000] {processor.py:183} INFO - Processing /usr/local/python/3.12.1/lib/python3.12/site-packages/airflow/example_dags/tutorial.py took 0.077 seconds
[2026-05-06T23:36:26.137+0000] {processor.py:161} INFO - Started process (PID=22949) to work on /usr/local/python/3.12.1/lib/python3.12/site-packages/airflow/example_dags/tutorial.py
[2026-05-06T23:36:26.138+0000] {processor.py:830} INFO - Processing file /usr/local/python/3.12.1/lib/python3.12/site-packages/airflow/example_dags/tutorial.py for tasks to queue
[2026-05-06T23:36:26.140+0000] {logging_mixin.py:188} INFO - [2026-05-06T23:36:26.139+0000] {dagbag.py:545} INFO - Filling up the DagBag from /usr/local/python/3.12.1/lib/python3.12/site-packages/airflow/example_dags/tutorial.py
[2026-05-06T23:36:26.145+0000] {processor.py:840} INFO - DAG(s) 'tutorial' retrieved from /usr/local/python/3.12.1/lib/python3.12/site-packages/airflow/example_dags/tutorial.py
[2026-05-06T23:36:26.157+0000] {logging_mixin.py:188} INFO - [2026-05-06T23:36:26.157+0000] {dag.py:3096} INFO - Sync 1 DAGs
[2026-05-06T23:36:26.172+0000] {logging_mixin.py:188} INFO - [2026-05-06T23:36:26.172+0000] {dag.py:3954} INFO - Setting next_dagrun for tutorial to 2026-05-05 00:00:00+00:00, run_after=2026-05-06 00:00:00+00:00
[2026-05-06T23:36:26.189+0000] {processor.py:183} INFO - Processing /usr/local/python/3.12.1/lib/python3.12/site-packages/airflow/example_dags/tutorial.py took 0.056 seconds
[2026-05-06T23:37:03.247+0000] {processor.py:161} INFO - Started process (PID=23247) to work on /usr/local/python/3.12.1/lib/python3.12/site-packages/airflow/example_dags/tutorial.py
[2026-05-06T23:37:03.247+0000] {processor.py:830} INFO - Processing file /usr/local/python/3.12.1/lib/python3.12/site-packages/airflow/example_dags/tutorial.py for tasks to queue
[2026-05-06T23:37:03.249+0000] {logging_mixin.py:188} INFO - [2026-05-06T23:37:03.248+0000] {dagbag.py:545} INFO - Filling up the DagBag from /usr/local/python/3.12.1/lib/python3.12/site-packages/airflow/example_dags/tutorial.py
[2026-05-06T23:37:03.254+0000] {processor.py:840} INFO - DAG(s) 'tutorial' retrieved from /usr/local/python/3.12.1/lib/python3.12/site-packages/airflow/example_dags/tutorial.py
[2026-05-06T23:37:03.268+0000] {logging_mixin.py:188} INFO - [2026-05-06T23:37:03.267+0000] {dag.py:3096} INFO - Sync 1 DAGs
[2026-05-06T23:37:03.283+0000] {logging_mixin.py:188} INFO - [2026-05-06T23:37:03.283+0000] {dag.py:3954} INFO - Setting next_dagrun for tutorial to 2026-05-05 00:00:00+00:00, run_after=2026-05-06 00:00:00+00:00
[2026-05-06T23:37:03.300+0000] {processor.py:183} INFO - Processing /usr/local/python/3.12.1/lib/python3.12/site-packages/airflow/example_dags/tutorial.py took 0.058 seconds
[2026-05-06T23:37:43.294+0000] {processor.py:161} INFO - Started process (PID=23557) to work on /usr/local/python/3.12.1/lib/python3.12/site-packages/airflow/example_dags/tutorial.py
[2026-05-06T23:37:43.294+0000] {processor.py:830} INFO - Processing file /usr/local/python/3.12.1/lib/python3.12/site-packages/airflow/example_dags/tutorial.py for tasks to queue
[2026-05-06T23:37:43.296+0000] {logging_mixin.py:188} INFO - [2026-05-06T23:37:43.295+0000] {dagbag.py:545} INFO - Filling up the DagBag from /usr/local/python/3.12.1/lib/python3.12/site-packages/airflow/example_dags/tutorial.py
[2026-05-06T23:37:43.301+0000] {processor.py:840} INFO - DAG(s) 'tutorial' retrieved from /usr/local/python/3.12.1/lib/python3.12/site-packages/airflow/example_dags/tutorial.py
[2026-05-06T23:37:43.315+0000] {logging_mixin.py:188} INFO - [2026-05-06T23:37:43.314+0000] {dag.py:3096} INFO - Sync 1 DAGs
[2026-05-06T23:37:43.330+0000] {logging_mixin.py:188} INFO - [2026-05-06T23:37:43.330+0000] {dag.py:3954} INFO - Setting next_dagrun for tutorial to 2026-05-05 00:00:00+00:00, run_after=2026-05-06 00:00:00+00:00
[2026-05-06T23:37:43.475+0000] {processor.py:183} INFO - Processing /usr/local/python/3.12.1/lib/python3.12/site-packages/airflow/example_dags/tutorial.py took 0.187 seconds
[2026-05-06T23:38:21.452+0000] {processor.py:161} INFO - Started process (PID=23860) to work on /usr/local/python/3.12.1/lib/python3.12/site-packages/airflow/example_dags/tutorial.py
[2026-05-06T23:38:21.453+0000] {processor.py:830} INFO - Processing file /usr/local/python/3.12.1/lib/python3.12/site-packages/airflow/example_dags/tutorial.py for tasks to queue
[2026-05-06T23:38:21.455+0000] {logging_mixin.py:188} INFO - [2026-05-06T23:38:21.454+0000] {dagbag.py:545} INFO - Filling up the DagBag from /usr/local/python/3.12.1/lib/python3.12/site-packages/airflow/example_dags/tutorial.py
[2026-05-06T23:38:21.460+0000] {processor.py:840} INFO - DAG(s) 'tutorial' retrieved from /usr/local/python/3.12.1/lib/python3.12/site-packages/airflow/example_dags/tutorial.py
[2026-05-06T23:38:21.474+0000] {logging_mixin.py:188} INFO - [2026-05-06T23:38:21.474+0000] {dag.py:3096} INFO - Sync 1 DAGs
[2026-05-06T23:38:21.491+0000] {logging_mixin.py:188} INFO - [2026-05-06T23:38:21.491+0000] {dag.py:3954} INFO - Setting next_dagrun for tutorial to 2026-05-05 00:00:00+00:00, run_after=2026-05-06 00:00:00+00:00
[2026-05-06T23:38:21.509+0000] {processor.py:183} INFO - Processing /usr/local/python/3.12.1/lib/python3.12/site-packages/airflow/example_dags/tutorial.py took 0.062 seconds
[2026-05-06T23:38:59.227+0000] {processor.py:161} INFO - Started process (PID=24142) to work on /usr/local/python/3.12.1/lib/python3.12/site-packages/airflow/example_dags/tutorial.py
[2026-05-06T23:38:59.228+0000] {processor.py:830} INFO - Processing file /usr/local/python/3.12.1/lib/python3.12/site-packages/airflow/example_dags/tutorial.py for tasks to queue
[2026-05-06T23:38:59.229+0000] {logging_mixin.py:188} INFO - [2026-05-06T23:38:59.229+0000] {dagbag.py:545} INFO - Filling up the DagBag from /usr/local/python/3.12.1/lib/python3.12/site-packages/airflow/example_dags/tutorial.py
[2026-05-06T23:38:59.235+0000] {processor.py:840} INFO - DAG(s) 'tutorial' retrieved from /usr/local/python/3.12.1/lib/python3.12/site-packages/airflow/example_dags/tutorial.py
[2026-05-06T23:38:59.248+0000] {logging_mixin.py:188} INFO - [2026-05-06T23:38:59.248+0000] {dag.py:3096} INFO - Sync 1 DAGs
[2026-05-06T23:38:59.264+0000] {logging_mixin.py:188} INFO - [2026-05-06T23:38:59.264+0000] {dag.py:3954} INFO - Setting next_dagrun for tutorial to 2026-05-05 00:00:00+00:00, run_after=2026-05-06 00:00:00+00:00
[2026-05-06T23:38:59.405+0000] {processor.py:183} INFO - Processing /usr/local/python/3.12.1/lib/python3.12/site-packages/airflow/example_dags/tutorial.py took 0.183 seconds
[2026-05-06T23:39:39.243+0000] {processor.py:161} INFO - Started process (PID=24460) to work on /usr/local/python/3.12.1/lib/python3.12/site-packages/airflow/example_dags/tutorial.py
[2026-05-06T23:39:39.244+0000] {processor.py:830} INFO - Processing file /usr/local/python/3.12.1/lib/python3.12/site-packages/airflow/example_dags/tutorial.py for tasks to queue
[2026-05-06T23:39:39.245+0000] {logging_mixin.py:188} INFO - [2026-05-06T23:39:39.245+0000] {dagbag.py:545} INFO - Filling up the DagBag from /usr/local/python/3.12.1/lib/python3.12/site-packages/airflow/example_dags/tutorial.py
[2026-05-06T23:39:39.250+0000] {processor.py:840} INFO - DAG(s) 'tutorial' retrieved from /usr/local/python/3.12.1/lib/python3.12/site-packages/airflow/example_dags/tutorial.py
[2026-05-06T23:39:39.264+0000] {logging_mixin.py:188} INFO - [2026-05-06T23:39:39.264+0000] {dag.py:3096} INFO - Sync 1 DAGs
[2026-05-06T23:39:39.280+0000] {logging_mixin.py:188} INFO - [2026-05-06T23:39:39.279+0000] {dag.py:3954} INFO - Setting next_dagrun for tutorial to 2026-05-05 00:00:00+00:00, run_after=2026-05-06 00:00:00+00:00
[2026-05-06T23:39:39.297+0000] {processor.py:183} INFO - Processing /usr/local/python/3.12.1/lib/python3.12/site-packages/airflow/example_dags/tutorial.py took 0.059 seconds
[2026-05-06T23:40:17.991+0000] {processor.py:161} INFO - Started process (PID=24765) to work on /usr/local/python/3.12.1/lib/python3.12/site-packages/airflow/example_dags/tutorial.py
[2026-05-06T23:40:17.992+0000] {processor.py:830} INFO - Processing file /usr/local/python/3.12.1/lib/python3.12/site-packages/airflow/example_dags/tutorial.py for tasks to queue
[2026-05-06T23:40:17.994+0000] {logging_mixin.py:188} INFO - [2026-05-06T23:40:17.993+0000] {dagbag.py:545} INFO - Filling up the DagBag from /usr/local/python/3.12.1/lib/python3.12/site-packages/airflow/example_dags/tutorial.py
[2026-05-06T23:40:17.999+0000] {processor.py:840} INFO - DAG(s) 'tutorial' retrieved from /usr/local/python/3.12.1/lib/python3.12/site-packages/airflow/example_dags/tutorial.py
[2026-05-06T23:40:18.012+0000] {logging_mixin.py:188} INFO - [2026-05-06T23:40:18.012+0000] {dag.py:3096} INFO - Sync 1 DAGs
[2026-05-06T23:40:18.126+0000] {logging_mixin.py:188} INFO - [2026-05-06T23:40:18.126+0000] {dag.py:3954} INFO - Setting next_dagrun for tutorial to 2026-05-05 00:00:00+00:00, run_after=2026-05-06 00:00:00+00:00
[2026-05-06T23:40:18.142+0000] {processor.py:183} INFO - Processing /usr/local/python/3.12.1/lib/python3.12/site-packages/airflow/example_dags/tutorial.py took 0.156 seconds
[2026-05-06T23:41:00.732+0000] {processor.py:161} INFO - Started process (PID=25096) to work on /usr/local/python/3.12.1/lib/python3.12/site-packages/airflow/example_dags/tutorial.py
[2026-05-06T23:41:00.733+0000] {processor.py:830} INFO - Processing file /usr/local/python/3.12.1/lib/python3.12/site-packages/airflow/example_dags/tutorial.py for tasks to queue
[2026-05-06T23:41:00.734+0000] {logging_mixin.py:188} INFO - [2026-05-06T23:41:00.734+0000] {dagbag.py:545} INFO - Filling up the DagBag from /usr/local/python/3.12.1/lib/python3.12/site-packages/airflow/example_dags/tutorial.py
[2026-05-06T23:41:00.739+0000] {processor.py:840} INFO - DAG(s) 'tutorial' retrieved from /usr/local/python/3.12.1/lib/python3.12/site-packages/airflow/example_dags/tutorial.py
[2026-05-06T23:41:00.753+0000] {logging_mixin.py:188} INFO - [2026-05-06T23:41:00.752+0000] {dag.py:3096} INFO - Sync 1 DAGs
[2026-05-06T23:41:00.768+0000] {logging_mixin.py:188} INFO - [2026-05-06T23:41:00.767+0000] {dag.py:3954} INFO - Setting next_dagrun for tutorial to 2026-05-05 00:00:00+00:00, run_after=2026-05-06 00:00:00+00:00
[2026-05-06T23:41:00.785+0000] {processor.py:183} INFO - Processing /usr/local/python/3.12.1/lib/python3.12/site-packages/airflow/example_dags/tutorial.py took 0.059 seconds
[2026-05-06T23:41:38.038+0000] {processor.py:161} INFO - Started process (PID=25393) to work on /usr/local/python/3.12.1/lib/python3.12/site-packages/airflow/example_dags/tutorial.py
[2026-05-06T23:41:38.038+0000] {processor.py:830} INFO - Processing file /usr/local/python/3.12.1/lib/python3.12/site-packages/airflow/example_dags/tutorial.py for tasks to queue
[2026-05-06T23:41:38.040+0000] {logging_mixin.py:188} INFO - [2026-05-06T23:41:38.039+0000] {dagbag.py:545} INFO - Filling up the DagBag from /usr/local/python/3.12.1/lib/python3.12/site-packages/airflow/example_dags/tutorial.py
[2026-05-06T23:41:38.045+0000] {processor.py:840} INFO - DAG(s) 'tutorial' retrieved from /usr/local/python/3.12.1/lib/python3.12/site-packages/airflow/example_dags/tutorial.py
[2026-05-06T23:41:38.157+0000] {logging_mixin.py:188} INFO - [2026-05-06T23:41:38.157+0000] {dag.py:3096} INFO - Sync 1 DAGs
[2026-05-06T23:41:38.170+0000] {logging_mixin.py:188} INFO - [2026-05-06T23:41:38.170+0000] {dag.py:3954} INFO - Setting next_dagrun for tutorial to 2026-05-05 00:00:00+00:00, run_after=2026-05-06 00:00:00+00:00
[2026-05-06T23:41:38.185+0000] {processor.py:183} INFO - Processing /usr/local/python/3.12.1/lib/python3.12/site-packages/airflow/example_dags/tutorial.py took 0.153 seconds
[2026-05-06T23:42:19.411+0000] {processor.py:161} INFO - Started process (PID=25702) to work on /usr/local/python/3.12.1/lib/python3.12/site-packages/airflow/example_dags/tutorial.py
[2026-05-06T23:42:19.412+0000] {processor.py:830} INFO - Processing file /usr/local/python/3.12.1/lib/python3.12/site-packages/airflow/example_dags/tutorial.py for tasks to queue
[2026-05-06T23:42:19.413+0000] {logging_mixin.py:188} INFO - [2026-05-06T23:42:19.413+0000] {dagbag.py:545} INFO - Filling up the DagBag from /usr/local/python/3.12.1/lib/python3.12/site-packages/airflow/example_dags/tutorial.py
[2026-05-06T23:42:19.418+0000] {processor.py:840} INFO - DAG(s) 'tutorial' retrieved from /usr/local/python/3.12.1/lib/python3.12/site-packages/airflow/example_dags/tutorial.py
[2026-05-06T23:42:19.432+0000] {logging_mixin.py:188} INFO - [2026-05-06T23:42:19.432+0000] {dag.py:3096} INFO - Sync 1 DAGs
[2026-05-06T23:42:19.447+0000] {logging_mixin.py:188} INFO - [2026-05-06T23:42:19.447+0000] {dag.py:3954} INFO - Setting next_dagrun for tutorial to 2026-05-05 00:00:00+00:00, run_after=2026-05-06 00:00:00+00:00
[2026-05-06T23:42:19.464+0000] {processor.py:183} INFO - Processing /usr/local/python/3.12.1/lib/python3.12/site-packages/airflow/example_dags/tutorial.py took 0.059 seconds
[2026-05-06T23:43:00.728+0000] {processor.py:161} INFO - Started process (PID=26028) to work on /usr/local/python/3.12.1/lib/python3.12/site-packages/airflow/example_dags/tutorial.py
[2026-05-06T23:43:00.729+0000] {processor.py:830} INFO - Processing file /usr/local/python/3.12.1/lib/python3.12/site-packages/airflow/example_dags/tutorial.py for tasks to queue
[2026-05-06T23:43:00.731+0000] {logging_mixin.py:188} INFO - [2026-05-06T23:43:00.730+0000] {dagbag.py:545} INFO - Filling up the DagBag from /usr/local/python/3.12.1/lib/python3.12/site-packages/airflow/example_dags/tutorial.py
[2026-05-06T23:43:00.736+0000] {processor.py:840} INFO - DAG(s) 'tutorial' retrieved from /usr/local/python/3.12.1/lib/python3.12/site-packages/airflow/example_dags/tutorial.py
[2026-05-06T23:43:00.750+0000] {logging_mixin.py:188} INFO - [2026-05-06T23:43:00.750+0000] {dag.py:3096} INFO - Sync 1 DAGs
[2026-05-06T23:43:00.766+0000] {logging_mixin.py:188} INFO - [2026-05-06T23:43:00.766+0000] {dag.py:3954} INFO - Setting next_dagrun for tutorial to 2026-05-05 00:00:00+00:00, run_after=2026-05-06 00:00:00+00:00
[2026-05-06T23:43:00.784+0000] {processor.py:183} INFO - Processing /usr/local/python/3.12.1/lib/python3.12/site-packages/airflow/example_dags/tutorial.py took 0.061 seconds
[2026-05-06T23:43:41.547+0000] {processor.py:161} INFO - Started process (PID=26344) to work on /usr/local/python/3.12.1/lib/python3.12/site-packages/airflow/example_dags/tutorial.py
[2026-05-06T23:43:41.548+0000] {processor.py:830} INFO - Processing file /usr/local/python/3.12.1/lib/python3.12/site-packages/airflow/example_dags/tutorial.py for tasks to queue
[2026-05-06T23:43:41.549+0000] {logging_mixin.py:188} INFO - [2026-05-06T23:43:41.549+0000] {dagbag.py:545} INFO - Filling up the DagBag from /usr/local/python/3.12.1/lib/python3.12/site-packages/airflow/example_dags/tutorial.py
[2026-05-06T23:43:41.555+0000] {processor.py:840} INFO - DAG(s) 'tutorial' retrieved from /usr/local/python/3.12.1/lib/python3.12/site-packages/airflow/example_dags/tutorial.py
[2026-05-06T23:43:41.568+0000] {logging_mixin.py:188} INFO - [2026-05-06T23:43:41.567+0000] {dag.py:3096} INFO - Sync 1 DAGs
[2026-05-06T23:43:41.583+0000] {logging_mixin.py:188} INFO - [2026-05-06T23:43:41.583+0000] {dag.py:3954} INFO - Setting next_dagrun for tutorial to 2026-05-05 00:00:00+00:00, run_after=2026-05-06 00:00:00+00:00
[2026-05-06T23:43:41.601+0000] {processor.py:183} INFO - Processing /usr/local/python/3.12.1/lib/python3.12/site-packages/airflow/example_dags/tutorial.py took 0.059 seconds
[2026-05-06T23:44:19.233+0000] {processor.py:161} INFO - Started process (PID=26639) to work on /usr/local/python/3.12.1/lib/python3.12/site-packages/airflow/example_dags/tutorial.py
[2026-05-06T23:44:19.234+0000] {processor.py:830} INFO - Processing file /usr/local/python/3.12.1/lib/python3.12/site-packages/airflow/example_dags/tutorial.py for tasks to queue
[2026-05-06T23:44:19.235+0000] {logging_mixin.py:188} INFO - [2026-05-06T23:44:19.235+0000] {dagbag.py:545} INFO - Filling up the DagBag from /usr/local/python/3.12.1/lib/python3.12/site-packages/airflow/example_dags/tutorial.py
[2026-05-06T23:44:19.241+0000] {processor.py:840} INFO - DAG(s) 'tutorial' retrieved from /usr/local/python/3.12.1/lib/python3.12/site-packages/airflow/example_dags/tutorial.py
[2026-05-06T23:44:19.254+0000] {logging_mixin.py:188} INFO - [2026-05-06T23:44:19.254+0000] {dag.py:3096} INFO - Sync 1 DAGs
[2026-05-06T23:44:19.269+0000] {logging_mixin.py:188} INFO - [2026-05-06T23:44:19.269+0000] {dag.py:3954} INFO - Setting next_dagrun for tutorial to 2026-05-05 00:00:00+00:00, run_after=2026-05-06 00:00:00+00:00
[2026-05-06T23:44:19.286+0000] {processor.py:183} INFO - Processing /usr/local/python/3.12.1/lib/python3.12/site-packages/airflow/example_dags/tutorial.py took 0.057 seconds
[2026-05-06T23:44:57.564+0000] {processor.py:161} INFO - Started process (PID=26945) to work on /usr/local/python/3.12.1/lib/python3.12/site-packages/airflow/example_dags/tutorial.py
[2026-05-06T23:44:57.564+0000] {processor.py:830} INFO - Processing file /usr/local/python/3.12.1/lib/python3.12/site-packages/airflow/example_dags/tutorial.py for tasks to queue
[2026-05-06T23:44:57.566+0000] {logging_mixin.py:188} INFO - [2026-05-06T23:44:57.566+0000] {dagbag.py:545} INFO - Filling up the DagBag from /usr/local/python/3.12.1/lib/python3.12/site-packages/airflow/example_dags/tutorial.py
[2026-05-06T23:44:57.571+0000] {processor.py:840} INFO - DAG(s) 'tutorial' retrieved from /usr/local/python/3.12.1/lib/python3.12/site-packages/airflow/example_dags/tutorial.py
[2026-05-06T23:44:57.584+0000] {logging_mixin.py:188} INFO - [2026-05-06T23:44:57.583+0000] {dag.py:3096} INFO - Sync 1 DAGs
[2026-05-06T23:44:57.599+0000] {logging_mixin.py:188} INFO - [2026-05-06T23:44:57.599+0000] {dag.py:3954} INFO - Setting next_dagrun for tutorial to 2026-05-05 00:00:00+00:00, run_after=2026-05-06 00:00:00+00:00
[2026-05-06T23:44:57.616+0000] {processor.py:183} INFO - Processing /usr/local/python/3.12.1/lib/python3.12/site-packages/airflow/example_dags/tutorial.py took 0.057 seconds
[2026-05-06T23:45:35.680+0000] {processor.py:161} INFO - Started process (PID=27242) to work on /usr/local/python/3.12.1/lib/python3.12/site-packages/airflow/example_dags/tutorial.py
[2026-05-06T23:45:35.681+0000] {processor.py:830} INFO - Processing file /usr/local/python/3.12.1/lib/python3.12/site-packages/airflow/example_dags/tutorial.py for tasks to queue
[2026-05-06T23:45:35.682+0000] {logging_mixin.py:188} INFO - [2026-05-06T23:45:35.682+0000] {dagbag.py:545} INFO - Filling up the DagBag from /usr/local/python/3.12.1/lib/python3.12/site-packages/airflow/example_dags/tutorial.py
[2026-05-06T23:45:35.687+0000] {processor.py:840} INFO - DAG(s) 'tutorial' retrieved from /usr/local/python/3.12.1/lib/python3.12/site-packages/airflow/example_dags/tutorial.py
[2026-05-06T23:45:35.716+0000] {logging_mixin.py:188} INFO - [2026-05-06T23:45:35.715+0000] {dag.py:3096} INFO - Sync 1 DAGs
[2026-05-06T23:45:35.743+0000] {logging_mixin.py:188} INFO - [2026-05-06T23:45:35.743+0000] {dag.py:3954} INFO - Setting next_dagrun for tutorial to 2026-05-05 00:00:00+00:00, run_after=2026-05-06 00:00:00+00:00
[2026-05-06T23:45:35.760+0000] {processor.py:183} INFO - Processing /usr/local/python/3.12.1/lib/python3.12/site-packages/airflow/example_dags/tutorial.py took 0.085 seconds
[2026-05-06T23:46:16.107+0000] {processor.py:161} INFO - Started process (PID=27542) to work on /usr/local/python/3.12.1/lib/python3.12/site-packages/airflow/example_dags/tutorial.py
[2026-05-06T23:46:16.109+0000] {processor.py:830} INFO - Processing file /usr/local/python/3.12.1/lib/python3.12/site-packages/airflow/example_dags/tutorial.py for tasks to queue
[2026-05-06T23:46:16.113+0000] {logging_mixin.py:188} INFO - [2026-05-06T23:46:16.112+0000] {dagbag.py:545} INFO - Filling up the DagBag from /usr/local/python/3.12.1/lib/python3.12/site-packages/airflow/example_dags/tutorial.py
[2026-05-06T23:46:16.119+0000] {processor.py:840} INFO - DAG(s) 'tutorial' retrieved from /usr/local/python/3.12.1/lib/python3.12/site-packages/airflow/example_dags/tutorial.py
[2026-05-06T23:46:16.143+0000] {logging_mixin.py:188} INFO - [2026-05-06T23:46:16.143+0000] {dag.py:3096} INFO - Sync 1 DAGs
[2026-05-06T23:46:16.171+0000] {logging_mixin.py:188} INFO - [2026-05-06T23:46:16.171+0000] {dag.py:3954} INFO - Setting next_dagrun for tutorial to 2026-05-05 00:00:00+00:00, run_after=2026-05-06 00:00:00+00:00
[2026-05-06T23:46:16.198+0000] {processor.py:183} INFO - Processing /usr/local/python/3.12.1/lib/python3.12/site-packages/airflow/example_dags/tutorial.py took 0.103 seconds
[2026-05-06T23:46:54.450+0000] {processor.py:161} INFO - Started process (PID=27849) to work on /usr/local/python/3.12.1/lib/python3.12/site-packages/airflow/example_dags/tutorial.py
[2026-05-06T23:46:54.451+0000] {processor.py:830} INFO - Processing file /usr/local/python/3.12.1/lib/python3.12/site-packages/airflow/example_dags/tutorial.py for tasks to queue
[2026-05-06T23:46:54.453+0000] {logging_mixin.py:188} INFO - [2026-05-06T23:46:54.452+0000] {dagbag.py:545} INFO - Filling up the DagBag from /usr/local/python/3.12.1/lib/python3.12/site-packages/airflow/example_dags/tutorial.py
[2026-05-06T23:46:54.460+0000] {processor.py:840} INFO - DAG(s) 'tutorial' retrieved from /usr/local/python/3.12.1/lib/python3.12/site-packages/airflow/example_dags/tutorial.py
[2026-05-06T23:46:54.473+0000] {logging_mixin.py:188} INFO - [2026-05-06T23:46:54.473+0000] {dag.py:3096} INFO - Sync 1 DAGs
[2026-05-06T23:46:54.489+0000] {logging_mixin.py:188} INFO - [2026-05-06T23:46:54.488+0000] {dag.py:3954} INFO - Setting next_dagrun for tutorial to 2026-05-05 00:00:00+00:00, run_after=2026-05-06 00:00:00+00:00
[2026-05-06T23:46:54.550+0000] {processor.py:183} INFO - Processing /usr/local/python/3.12.1/lib/python3.12/site-packages/airflow/example_dags/tutorial.py took 0.108 seconds
[2026-05-06T23:47:34.831+0000] {processor.py:161} INFO - Started process (PID=28165) to work on /usr/local/python/3.12.1/lib/python3.12/site-packages/airflow/example_dags/tutorial.py
[2026-05-06T23:47:34.832+0000] {processor.py:830} INFO - Processing file /usr/local/python/3.12.1/lib/python3.12/site-packages/airflow/example_dags/tutorial.py for tasks to queue
[2026-05-06T23:47:34.833+0000] {logging_mixin.py:188} INFO - [2026-05-06T23:47:34.833+0000] {dagbag.py:545} INFO - Filling up the DagBag from /usr/local/python/3.12.1/lib/python3.12/site-packages/airflow/example_dags/tutorial.py
[2026-05-06T23:47:34.838+0000] {processor.py:840} INFO - DAG(s) 'tutorial' retrieved from /usr/local/python/3.12.1/lib/python3.12/site-packages/airflow/example_dags/tutorial.py
[2026-05-06T23:47:34.851+0000] {logging_mixin.py:188} INFO - [2026-05-06T23:47:34.851+0000] {dag.py:3096} INFO - Sync 1 DAGs
[2026-05-06T23:47:34.867+0000] {logging_mixin.py:188} INFO - [2026-05-06T23:47:34.867+0000] {dag.py:3954} INFO - Setting next_dagrun for tutorial to 2026-05-05 00:00:00+00:00, run_after=2026-05-06 00:00:00+00:00
[2026-05-06T23:47:34.884+0000] {processor.py:183} INFO - Processing /usr/local/python/3.12.1/lib/python3.12/site-packages/airflow/example_dags/tutorial.py took 0.058 seconds
[2026-05-06T23:48:15.896+0000] {processor.py:161} INFO - Started process (PID=28480) to work on /usr/local/python/3.12.1/lib/python3.12/site-packages/airflow/example_dags/tutorial.py
[2026-05-06T23:48:15.897+0000] {processor.py:830} INFO - Processing file /usr/local/python/3.12.1/lib/python3.12/site-packages/airflow/example_dags/tutorial.py for tasks to queue
[2026-05-06T23:48:15.899+0000] {logging_mixin.py:188} INFO - [2026-05-06T23:48:15.898+0000] {dagbag.py:545} INFO - Filling up the DagBag from /usr/local/python/3.12.1/lib/python3.12/site-packages/airflow/example_dags/tutorial.py
[2026-05-06T23:48:15.904+0000] {processor.py:840} INFO - DAG(s) 'tutorial' retrieved from /usr/local/python/3.12.1/lib/python3.12/site-packages/airflow/example_dags/tutorial.py
[2026-05-06T23:48:15.917+0000] {logging_mixin.py:188} INFO - [2026-05-06T23:48:15.917+0000] {dag.py:3096} INFO - Sync 1 DAGs
[2026-05-06T23:48:15.933+0000] {logging_mixin.py:188} INFO - [2026-05-06T23:48:15.933+0000] {dag.py:3954} INFO - Setting next_dagrun for tutorial to 2026-05-05 00:00:00+00:00, run_after=2026-05-06 00:00:00+00:00
[2026-05-06T23:48:15.950+0000] {processor.py:183} INFO - Processing /usr/local/python/3.12.1/lib/python3.12/site-packages/airflow/example_dags/tutorial.py took 0.058 seconds
[2026-05-06T23:48:56.230+0000] {processor.py:161} INFO - Started process (PID=28804) to work on /usr/local/python/3.12.1/lib/python3.12/site-packages/airflow/example_dags/tutorial.py
[2026-05-06T23:48:56.231+0000] {processor.py:830} INFO - Processing file /usr/local/python/3.12.1/lib/python3.12/site-packages/airflow/example_dags/tutorial.py for tasks to queue
[2026-05-06T23:48:56.232+0000] {logging_mixin.py:188} INFO - [2026-05-06T23:48:56.232+0000] {dagbag.py:545} INFO - Filling up the DagBag from /usr/local/python/3.12.1/lib/python3.12/site-packages/airflow/example_dags/tutorial.py
[2026-05-06T23:48:56.238+0000] {processor.py:840} INFO - DAG(s) 'tutorial' retrieved from /usr/local/python/3.12.1/lib/python3.12/site-packages/airflow/example_dags/tutorial.py
[2026-05-06T23:48:56.251+0000] {logging_mixin.py:188} INFO - [2026-05-06T23:48:56.251+0000] {dag.py:3096} INFO - Sync 1 DAGs
[2026-05-06T23:48:56.274+0000] {logging_mixin.py:188} INFO - [2026-05-06T23:48:56.273+0000] {dag.py:3954} INFO - Setting next_dagrun for tutorial to 2026-05-05 00:00:00+00:00, run_after=2026-05-06 00:00:00+00:00
[2026-05-06T23:48:56.301+0000] {processor.py:183} INFO - Processing /usr/local/python/3.12.1/lib/python3.12/site-packages/airflow/example_dags/tutorial.py took 0.075 seconds
[2026-05-06T23:49:32.788+0000] {processor.py:161} INFO - Started process (PID=29094) to work on /usr/local/python/3.12.1/lib/python3.12/site-packages/airflow/example_dags/tutorial.py
[2026-05-06T23:49:32.788+0000] {processor.py:830} INFO - Processing file /usr/local/python/3.12.1/lib/python3.12/site-packages/airflow/example_dags/tutorial.py for tasks to queue
[2026-05-06T23:49:32.790+0000] {logging_mixin.py:188} INFO - [2026-05-06T23:49:32.789+0000] {dagbag.py:545} INFO - Filling up the DagBag from /usr/local/python/3.12.1/lib/python3.12/site-packages/airflow/example_dags/tutorial.py
[2026-05-06T23:49:32.795+0000] {processor.py:840} INFO - DAG(s) 'tutorial' retrieved from /usr/local/python/3.12.1/lib/python3.12/site-packages/airflow/example_dags/tutorial.py
[2026-05-06T23:49:32.808+0000] {logging_mixin.py:188} INFO - [2026-05-06T23:49:32.808+0000] {dag.py:3096} INFO - Sync 1 DAGs
[2026-05-06T23:49:32.823+0000] {logging_mixin.py:188} INFO - [2026-05-06T23:49:32.823+0000] {dag.py:3954} INFO - Setting next_dagrun for tutorial to 2026-05-05 00:00:00+00:00, run_after=2026-05-06 00:00:00+00:00
[2026-05-06T23:49:32.849+0000] {processor.py:183} INFO - Processing /usr/local/python/3.12.1/lib/python3.12/site-packages/airflow/example_dags/tutorial.py took 0.066 seconds
[2026-05-06T23:50:08.635+0000] {processor.py:161} INFO - Started process (PID=29366) to work on /usr/local/python/3.12.1/lib/python3.12/site-packages/airflow/example_dags/tutorial.py
[2026-05-06T23:50:08.636+0000] {processor.py:830} INFO - Processing file /usr/local/python/3.12.1/lib/python3.12/site-packages/airflow/example_dags/tutorial.py for tasks to queue
[2026-05-06T23:50:08.637+0000] {logging_mixin.py:188} INFO - [2026-05-06T23:50:08.637+0000] {dagbag.py:545} INFO - Filling up the DagBag from /usr/local/python/3.12.1/lib/python3.12/site-packages/airflow/example_dags/tutorial.py
[2026-05-06T23:50:08.643+0000] {processor.py:840} INFO - DAG(s) 'tutorial' retrieved from /usr/local/python/3.12.1/lib/python3.12/site-packages/airflow/example_dags/tutorial.py
[2026-05-06T23:50:08.659+0000] {logging_mixin.py:188} INFO - [2026-05-06T23:50:08.659+0000] {dag.py:3096} INFO - Sync 1 DAGs
[2026-05-06T23:50:08.675+0000] {logging_mixin.py:188} INFO - [2026-05-06T23:50:08.674+0000] {dag.py:3954} INFO - Setting next_dagrun for tutorial to 2026-05-05 00:00:00+00:00, run_after=2026-05-06 00:00:00+00:00
[2026-05-06T23:50:08.691+0000] {processor.py:183} INFO - Processing /usr/local/python/3.12.1/lib/python3.12/site-packages/airflow/example_dags/tutorial.py took 0.061 seconds
[2026-05-06T23:50:46.892+0000] {processor.py:161} INFO - Started process (PID=29665) to work on /usr/local/python/3.12.1/lib/python3.12/site-packages/airflow/example_dags/tutorial.py
[2026-05-06T23:50:46.893+0000] {processor.py:830} INFO - Processing file /usr/local/python/3.12.1/lib/python3.12/site-packages/airflow/example_dags/tutorial.py for tasks to queue
[2026-05-06T23:50:46.894+0000] {logging_mixin.py:188} INFO - [2026-05-06T23:50:46.894+0000] {dagbag.py:545} INFO - Filling up the DagBag from /usr/local/python/3.12.1/lib/python3.12/site-packages/airflow/example_dags/tutorial.py
[2026-05-06T23:50:46.900+0000] {processor.py:840} INFO - DAG(s) 'tutorial' retrieved from /usr/local/python/3.12.1/lib/python3.12/site-packages/airflow/example_dags/tutorial.py
[2026-05-06T23:50:46.913+0000] {logging_mixin.py:188} INFO - [2026-05-06T23:50:46.913+0000] {dag.py:3096} INFO - Sync 1 DAGs
[2026-05-06T23:50:46.931+0000] {logging_mixin.py:188} INFO - [2026-05-06T23:50:46.931+0000] {dag.py:3954} INFO - Setting next_dagrun for tutorial to 2026-05-05 00:00:00+00:00, run_after=2026-05-06 00:00:00+00:00
[2026-05-06T23:50:46.949+0000] {processor.py:183} INFO - Processing /usr/local/python/3.12.1/lib/python3.12/site-packages/airflow/example_dags/tutorial.py took 0.062 seconds
[2026-05-06T23:51:26.689+0000] {processor.py:161} INFO - Started process (PID=29973) to work on /usr/local/python/3.12.1/lib/python3.12/site-packages/airflow/example_dags/tutorial.py
[2026-05-06T23:51:26.690+0000] {processor.py:830} INFO - Processing file /usr/local/python/3.12.1/lib/python3.12/site-packages/airflow/example_dags/tutorial.py for tasks to queue
[2026-05-06T23:51:26.692+0000] {logging_mixin.py:188} INFO - [2026-05-06T23:51:26.691+0000] {dagbag.py:545} INFO - Filling up the DagBag from /usr/local/python/3.12.1/lib/python3.12/site-packages/airflow/example_dags/tutorial.py
[2026-05-06T23:51:26.697+0000] {processor.py:840} INFO - DAG(s) 'tutorial' retrieved from /usr/local/python/3.12.1/lib/python3.12/site-packages/airflow/example_dags/tutorial.py
[2026-05-06T23:51:26.710+0000] {logging_mixin.py:188} INFO - [2026-05-06T23:51:26.710+0000] {dag.py:3096} INFO - Sync 1 DAGs
[2026-05-06T23:51:26.725+0000] {logging_mixin.py:188} INFO - [2026-05-06T23:51:26.725+0000] {dag.py:3954} INFO - Setting next_dagrun for tutorial to 2026-05-05 00:00:00+00:00, run_after=2026-05-06 00:00:00+00:00
[2026-05-06T23:51:26.752+0000] {processor.py:183} INFO - Processing /usr/local/python/3.12.1/lib/python3.12/site-packages/airflow/example_dags/tutorial.py took 0.068 seconds
[2026-05-06T23:52:02.900+0000] {processor.py:161} INFO - Started process (PID=30264) to work on /usr/local/python/3.12.1/lib/python3.12/site-packages/airflow/example_dags/tutorial.py
[2026-05-06T23:52:02.901+0000] {processor.py:830} INFO - Processing file /usr/local/python/3.12.1/lib/python3.12/site-packages/airflow/example_dags/tutorial.py for tasks to queue
[2026-05-06T23:52:02.903+0000] {logging_mixin.py:188} INFO - [2026-05-06T23:52:02.902+0000] {dagbag.py:545} INFO - Filling up the DagBag from /usr/local/python/3.12.1/lib/python3.12/site-packages/airflow/example_dags/tutorial.py
[2026-05-06T23:52:02.908+0000] {processor.py:840} INFO - DAG(s) 'tutorial' retrieved from /usr/local/python/3.12.1/lib/python3.12/site-packages/airflow/example_dags/tutorial.py
[2026-05-06T23:52:02.921+0000] {logging_mixin.py:188} INFO - [2026-05-06T23:52:02.921+0000] {dag.py:3096} INFO - Sync 1 DAGs
[2026-05-06T23:52:02.937+0000] {logging_mixin.py:188} INFO - [2026-05-06T23:52:02.937+0000] {dag.py:3954} INFO - Setting next_dagrun for tutorial to 2026-05-05 00:00:00+00:00, run_after=2026-05-06 00:00:00+00:00
[2026-05-06T23:52:02.961+0000] {processor.py:183} INFO - Processing /usr/local/python/3.12.1/lib/python3.12/site-packages/airflow/example_dags/tutorial.py took 0.065 seconds
[2026-05-06T23:52:42.406+0000] {processor.py:161} INFO - Started process (PID=30573) to work on /usr/local/python/3.12.1/lib/python3.12/site-packages/airflow/example_dags/tutorial.py
[2026-05-06T23:52:42.407+0000] {processor.py:830} INFO - Processing file /usr/local/python/3.12.1/lib/python3.12/site-packages/airflow/example_dags/tutorial.py for tasks to queue
[2026-05-06T23:52:42.408+0000] {logging_mixin.py:188} INFO - [2026-05-06T23:52:42.408+0000] {dagbag.py:545} INFO - Filling up the DagBag from /usr/local/python/3.12.1/lib/python3.12/site-packages/airflow/example_dags/tutorial.py
[2026-05-06T23:52:42.414+0000] {processor.py:840} INFO - DAG(s) 'tutorial' retrieved from /usr/local/python/3.12.1/lib/python3.12/site-packages/airflow/example_dags/tutorial.py
[2026-05-06T23:52:42.428+0000] {logging_mixin.py:188} INFO - [2026-05-06T23:52:42.427+0000] {dag.py:3096} INFO - Sync 1 DAGs
[2026-05-06T23:52:42.448+0000] {logging_mixin.py:188} INFO - [2026-05-06T23:52:42.448+0000] {dag.py:3954} INFO - Setting next_dagrun for tutorial to 2026-05-05 00:00:00+00:00, run_after=2026-05-06 00:00:00+00:00
[2026-05-06T23:52:42.468+0000] {processor.py:183} INFO - Processing /usr/local/python/3.12.1/lib/python3.12/site-packages/airflow/example_dags/tutorial.py took 0.067 seconds
[2026-05-06T23:53:20.692+0000] {processor.py:161} INFO - Started process (PID=30861) to work on /usr/local/python/3.12.1/lib/python3.12/site-packages/airflow/example_dags/tutorial.py
[2026-05-06T23:53:20.693+0000] {processor.py:830} INFO - Processing file /usr/local/python/3.12.1/lib/python3.12/site-packages/airflow/example_dags/tutorial.py for tasks to queue
[2026-05-06T23:53:20.694+0000] {logging_mixin.py:188} INFO - [2026-05-06T23:53:20.694+0000] {dagbag.py:545} INFO - Filling up the DagBag from /usr/local/python/3.12.1/lib/python3.12/site-packages/airflow/example_dags/tutorial.py
[2026-05-06T23:53:20.700+0000] {processor.py:840} INFO - DAG(s) 'tutorial' retrieved from /usr/local/python/3.12.1/lib/python3.12/site-packages/airflow/example_dags/tutorial.py
[2026-05-06T23:53:20.713+0000] {logging_mixin.py:188} INFO - [2026-05-06T23:53:20.713+0000] {dag.py:3096} INFO - Sync 1 DAGs
[2026-05-06T23:53:20.729+0000] {logging_mixin.py:188} INFO - [2026-05-06T23:53:20.729+0000] {dag.py:3954} INFO - Setting next_dagrun for tutorial to 2026-05-05 00:00:00+00:00, run_after=2026-05-06 00:00:00+00:00
[2026-05-06T23:53:20.751+0000] {processor.py:183} INFO - Processing /usr/local/python/3.12.1/lib/python3.12/site-packages/airflow/example_dags/tutorial.py took 0.064 seconds
[2026-05-06T23:54:01.226+0000] {processor.py:161} INFO - Started process (PID=31181) to work on /usr/local/python/3.12.1/lib/python3.12/site-packages/airflow/example_dags/tutorial.py
[2026-05-06T23:54:01.227+0000] {processor.py:830} INFO - Processing file /usr/local/python/3.12.1/lib/python3.12/site-packages/airflow/example_dags/tutorial.py for tasks to queue
[2026-05-06T23:54:01.228+0000] {logging_mixin.py:188} INFO - [2026-05-06T23:54:01.228+0000] {dagbag.py:545} INFO - Filling up the DagBag from /usr/local/python/3.12.1/lib/python3.12/site-packages/airflow/example_dags/tutorial.py
[2026-05-06T23:54:01.233+0000] {processor.py:840} INFO - DAG(s) 'tutorial' retrieved from /usr/local/python/3.12.1/lib/python3.12/site-packages/airflow/example_dags/tutorial.py
[2026-05-06T23:54:01.251+0000] {logging_mixin.py:188} INFO - [2026-05-06T23:54:01.250+0000] {dag.py:3096} INFO - Sync 1 DAGs
[2026-05-06T23:54:01.268+0000] {logging_mixin.py:188} INFO - [2026-05-06T23:54:01.268+0000] {dag.py:3954} INFO - Setting next_dagrun for tutorial to 2026-05-05 00:00:00+00:00, run_after=2026-05-06 00:00:00+00:00
[2026-05-06T23:54:01.292+0000] {processor.py:183} INFO - Processing /usr/local/python/3.12.1/lib/python3.12/site-packages/airflow/example_dags/tutorial.py took 0.071 seconds
[2026-05-06T23:54:41.002+0000] {processor.py:161} INFO - Started process (PID=31488) to work on /usr/local/python/3.12.1/lib/python3.12/site-packages/airflow/example_dags/tutorial.py
[2026-05-06T23:54:41.003+0000] {processor.py:830} INFO - Processing file /usr/local/python/3.12.1/lib/python3.12/site-packages/airflow/example_dags/tutorial.py for tasks to queue
[2026-05-06T23:54:41.005+0000] {logging_mixin.py:188} INFO - [2026-05-06T23:54:41.005+0000] {dagbag.py:545} INFO - Filling up the DagBag from /usr/local/python/3.12.1/lib/python3.12/site-packages/airflow/example_dags/tutorial.py
[2026-05-06T23:54:41.011+0000] {processor.py:840} INFO - DAG(s) 'tutorial' retrieved from /usr/local/python/3.12.1/lib/python3.12/site-packages/airflow/example_dags/tutorial.py
[2026-05-06T23:54:41.024+0000] {logging_mixin.py:188} INFO - [2026-05-06T23:54:41.024+0000] {dag.py:3096} INFO - Sync 1 DAGs
[2026-05-06T23:54:41.042+0000] {logging_mixin.py:188} INFO - [2026-05-06T23:54:41.041+0000] {dag.py:3954} INFO - Setting next_dagrun for tutorial to 2026-05-05 00:00:00+00:00, run_after=2026-05-06 00:00:00+00:00
[2026-05-06T23:54:41.064+0000] {processor.py:183} INFO - Processing /usr/local/python/3.12.1/lib/python3.12/site-packages/airflow/example_dags/tutorial.py took 0.068 seconds
[2026-05-06T23:55:18.698+0000] {processor.py:161} INFO - Started process (PID=31847) to work on /usr/local/python/3.12.1/lib/python3.12/site-packages/airflow/example_dags/tutorial.py
[2026-05-06T23:55:18.698+0000] {processor.py:830} INFO - Processing file /usr/local/python/3.12.1/lib/python3.12/site-packages/airflow/example_dags/tutorial.py for tasks to queue
[2026-05-06T23:55:18.700+0000] {logging_mixin.py:188} INFO - [2026-05-06T23:55:18.700+0000] {dagbag.py:545} INFO - Filling up the DagBag from /usr/local/python/3.12.1/lib/python3.12/site-packages/airflow/example_dags/tutorial.py
[2026-05-06T23:55:18.705+0000] {processor.py:840} INFO - DAG(s) 'tutorial' retrieved from /usr/local/python/3.12.1/lib/python3.12/site-packages/airflow/example_dags/tutorial.py
[2026-05-06T23:55:18.719+0000] {logging_mixin.py:188} INFO - [2026-05-06T23:55:18.719+0000] {dag.py:3096} INFO - Sync 1 DAGs
[2026-05-06T23:55:18.735+0000] {logging_mixin.py:188} INFO - [2026-05-06T23:55:18.735+0000] {dag.py:3954} INFO - Setting next_dagrun for tutorial to 2026-05-05 00:00:00+00:00, run_after=2026-05-06 00:00:00+00:00
[2026-05-06T23:55:18.752+0000] {processor.py:183} INFO - Processing /usr/local/python/3.12.1/lib/python3.12/site-packages/airflow/example_dags/tutorial.py took 0.060 seconds
[2026-05-06T23:55:59.778+0000] {processor.py:161} INFO - Started process (PID=32161) to work on /usr/local/python/3.12.1/lib/python3.12/site-packages/airflow/example_dags/tutorial.py
[2026-05-06T23:55:59.778+0000] {processor.py:830} INFO - Processing file /usr/local/python/3.12.1/lib/python3.12/site-packages/airflow/example_dags/tutorial.py for tasks to queue
[2026-05-06T23:55:59.780+0000] {logging_mixin.py:188} INFO - [2026-05-06T23:55:59.780+0000] {dagbag.py:545} INFO - Filling up the DagBag from /usr/local/python/3.12.1/lib/python3.12/site-packages/airflow/example_dags/tutorial.py
[2026-05-06T23:55:59.785+0000] {processor.py:840} INFO - DAG(s) 'tutorial' retrieved from /usr/local/python/3.12.1/lib/python3.12/site-packages/airflow/example_dags/tutorial.py
[2026-05-06T23:55:59.799+0000] {logging_mixin.py:188} INFO - [2026-05-06T23:55:59.799+0000] {dag.py:3096} INFO - Sync 1 DAGs
[2026-05-06T23:55:59.819+0000] {logging_mixin.py:188} INFO - [2026-05-06T23:55:59.818+0000] {dag.py:3954} INFO - Setting next_dagrun for tutorial to 2026-05-05 00:00:00+00:00, run_after=2026-05-06 00:00:00+00:00
[2026-05-06T23:55:59.836+0000] {processor.py:183} INFO - Processing /usr/local/python/3.12.1/lib/python3.12/site-packages/airflow/example_dags/tutorial.py took 0.064 seconds
[2026-05-06T23:56:37.765+0000] {processor.py:161} INFO - Started process (PID=32463) to work on /usr/local/python/3.12.1/lib/python3.12/site-packages/airflow/example_dags/tutorial.py
[2026-05-06T23:56:37.766+0000] {processor.py:830} INFO - Processing file /usr/local/python/3.12.1/lib/python3.12/site-packages/airflow/example_dags/tutorial.py for tasks to queue
[2026-05-06T23:56:37.768+0000] {logging_mixin.py:188} INFO - [2026-05-06T23:56:37.767+0000] {dagbag.py:545} INFO - Filling up the DagBag from /usr/local/python/3.12.1/lib/python3.12/site-packages/airflow/example_dags/tutorial.py
[2026-05-06T23:56:37.773+0000] {processor.py:840} INFO - DAG(s) 'tutorial' retrieved from /usr/local/python/3.12.1/lib/python3.12/site-packages/airflow/example_dags/tutorial.py
[2026-05-06T23:56:37.786+0000] {logging_mixin.py:188} INFO - [2026-05-06T23:56:37.786+0000] {dag.py:3096} INFO - Sync 1 DAGs
[2026-05-06T23:56:37.802+0000] {logging_mixin.py:188} INFO - [2026-05-06T23:56:37.802+0000] {dag.py:3954} INFO - Setting next_dagrun for tutorial to 2026-05-05 00:00:00+00:00, run_after=2026-05-06 00:00:00+00:00
[2026-05-06T23:56:37.819+0000] {processor.py:183} INFO - Processing /usr/local/python/3.12.1/lib/python3.12/site-packages/airflow/example_dags/tutorial.py took 0.060 seconds
[2026-05-06T23:57:15.843+0000] {processor.py:161} INFO - Started process (PID=32667) to work on /usr/local/python/3.12.1/lib/python3.12/site-packages/airflow/example_dags/tutorial.py
[2026-05-06T23:57:15.844+0000] {processor.py:830} INFO - Processing file /usr/local/python/3.12.1/lib/python3.12/site-packages/airflow/example_dags/tutorial.py for tasks to queue
[2026-05-06T23:57:15.846+0000] {logging_mixin.py:188} INFO - [2026-05-06T23:57:15.845+0000] {dagbag.py:545} INFO - Filling up the DagBag from /usr/local/python/3.12.1/lib/python3.12/site-packages/airflow/example_dags/tutorial.py
[2026-05-06T23:57:15.853+0000] {processor.py:840} INFO - DAG(s) 'tutorial' retrieved from /usr/local/python/3.12.1/lib/python3.12/site-packages/airflow/example_dags/tutorial.py
[2026-05-06T23:57:15.875+0000] {logging_mixin.py:188} INFO - [2026-05-06T23:57:15.875+0000] {dag.py:3096} INFO - Sync 1 DAGs
[2026-05-06T23:57:15.891+0000] {logging_mixin.py:188} INFO - [2026-05-06T23:57:15.891+0000] {dag.py:3954} INFO - Setting next_dagrun for tutorial to 2026-05-05 00:00:00+00:00, run_after=2026-05-06 00:00:00+00:00
[2026-05-06T23:57:15.907+0000] {processor.py:183} INFO - Processing /usr/local/python/3.12.1/lib/python3.12/site-packages/airflow/example_dags/tutorial.py took 0.073 seconds
[2026-05-06T23:57:52.895+0000] {processor.py:161} INFO - Started process (PID=32846) to work on /usr/local/python/3.12.1/lib/python3.12/site-packages/airflow/example_dags/tutorial.py
[2026-05-06T23:57:52.896+0000] {processor.py:830} INFO - Processing file /usr/local/python/3.12.1/lib/python3.12/site-packages/airflow/example_dags/tutorial.py for tasks to queue
[2026-05-06T23:57:52.897+0000] {logging_mixin.py:188} INFO - [2026-05-06T23:57:52.897+0000] {dagbag.py:545} INFO - Filling up the DagBag from /usr/local/python/3.12.1/lib/python3.12/site-packages/airflow/example_dags/tutorial.py
[2026-05-06T23:57:52.905+0000] {processor.py:840} INFO - DAG(s) 'tutorial' retrieved from /usr/local/python/3.12.1/lib/python3.12/site-packages/airflow/example_dags/tutorial.py
[2026-05-06T23:57:52.924+0000] {logging_mixin.py:188} INFO - [2026-05-06T23:57:52.924+0000] {dag.py:3096} INFO - Sync 1 DAGs
[2026-05-06T23:57:52.942+0000] {logging_mixin.py:188} INFO - [2026-05-06T23:57:52.941+0000] {dag.py:3954} INFO - Setting next_dagrun for tutorial to 2026-05-05 00:00:00+00:00, run_after=2026-05-06 00:00:00+00:00
[2026-05-06T23:57:52.962+0000] {processor.py:183} INFO - Processing /usr/local/python/3.12.1/lib/python3.12/site-packages/airflow/example_dags/tutorial.py took 0.074 seconds
[2026-05-06T23:58:32.390+0000] {processor.py:161} INFO - Started process (PID=33037) to work on /usr/local/python/3.12.1/lib/python3.12/site-packages/airflow/example_dags/tutorial.py
[2026-05-06T23:58:32.391+0000] {processor.py:830} INFO - Processing file /usr/local/python/3.12.1/lib/python3.12/site-packages/airflow/example_dags/tutorial.py for tasks to queue
[2026-05-06T23:58:32.392+0000] {logging_mixin.py:188} INFO - [2026-05-06T23:58:32.392+0000] {dagbag.py:545} INFO - Filling up the DagBag from /usr/local/python/3.12.1/lib/python3.12/site-packages/airflow/example_dags/tutorial.py
[2026-05-06T23:58:32.398+0000] {processor.py:840} INFO - DAG(s) 'tutorial' retrieved from /usr/local/python/3.12.1/lib/python3.12/site-packages/airflow/example_dags/tutorial.py
[2026-05-06T23:58:32.411+0000] {logging_mixin.py:188} INFO - [2026-05-06T23:58:32.411+0000] {dag.py:3096} INFO - Sync 1 DAGs
[2026-05-06T23:58:32.427+0000] {logging_mixin.py:188} INFO - [2026-05-06T23:58:32.427+0000] {dag.py:3954} INFO - Setting next_dagrun for tutorial to 2026-05-05 00:00:00+00:00, run_after=2026-05-06 00:00:00+00:00
[2026-05-06T23:58:32.448+0000] {processor.py:183} INFO - Processing /usr/local/python/3.12.1/lib/python3.12/site-packages/airflow/example_dags/tutorial.py took 0.063 seconds
[2026-05-06T23:59:12.495+0000] {processor.py:161} INFO - Started process (PID=33238) to work on /usr/local/python/3.12.1/lib/python3.12/site-packages/airflow/example_dags/tutorial.py
[2026-05-06T23:59:12.496+0000] {processor.py:830} INFO - Processing file /usr/local/python/3.12.1/lib/python3.12/site-packages/airflow/example_dags/tutorial.py for tasks to queue
[2026-05-06T23:59:12.498+0000] {logging_mixin.py:188} INFO - [2026-05-06T23:59:12.497+0000] {dagbag.py:545} INFO - Filling up the DagBag from /usr/local/python/3.12.1/lib/python3.12/site-packages/airflow/example_dags/tutorial.py
[2026-05-06T23:59:12.506+0000] {processor.py:840} INFO - DAG(s) 'tutorial' retrieved from /usr/local/python/3.12.1/lib/python3.12/site-packages/airflow/example_dags/tutorial.py
[2026-05-06T23:59:12.527+0000] {logging_mixin.py:188} INFO - [2026-05-06T23:59:12.526+0000] {dag.py:3096} INFO - Sync 1 DAGs
[2026-05-06T23:59:12.561+0000] {logging_mixin.py:188} INFO - [2026-05-06T23:59:12.561+0000] {dag.py:3954} INFO - Setting next_dagrun for tutorial to 2026-05-05 00:00:00+00:00, run_after=2026-05-06 00:00:00+00:00
[2026-05-06T23:59:12.584+0000] {processor.py:183} INFO - Processing /usr/local/python/3.12.1/lib/python3.12/site-packages/airflow/example_dags/tutorial.py took 0.097 seconds
[2026-05-06T23:59:51.340+0000] {processor.py:161} INFO - Started process (PID=33429) to work on /usr/local/python/3.12.1/lib/python3.12/site-packages/airflow/example_dags/tutorial.py
[2026-05-06T23:59:51.341+0000] {processor.py:830} INFO - Processing file /usr/local/python/3.12.1/lib/python3.12/site-packages/airflow/example_dags/tutorial.py for tasks to queue
[2026-05-06T23:59:51.343+0000] {logging_mixin.py:188} INFO - [2026-05-06T23:59:51.343+0000] {dagbag.py:545} INFO - Filling up the DagBag from /usr/local/python/3.12.1/lib/python3.12/site-packages/airflow/example_dags/tutorial.py
[2026-05-06T23:59:51.350+0000] {processor.py:840} INFO - DAG(s) 'tutorial' retrieved from /usr/local/python/3.12.1/lib/python3.12/site-packages/airflow/example_dags/tutorial.py
[2026-05-06T23:59:51.365+0000] {logging_mixin.py:188} INFO - [2026-05-06T23:59:51.365+0000] {dag.py:3096} INFO - Sync 1 DAGs
[2026-05-06T23:59:51.381+0000] {logging_mixin.py:188} INFO - [2026-05-06T23:59:51.380+0000] {dag.py:3954} INFO - Setting next_dagrun for tutorial to 2026-05-05 00:00:00+00:00, run_after=2026-05-06 00:00:00+00:00
[2026-05-06T23:59:51.398+0000] {processor.py:183} INFO - Processing /usr/local/python/3.12.1/lib/python3.12/site-packages/airflow/example_dags/tutorial.py took 0.064 seconds
