[2026-05-06T23:18:54.592+0000] {processor.py:161} INFO - Started process (PID=13272) to work on /usr/local/python/3.12.1/lib/python3.12/site-packages/airflow/example_dags/tutorial_dag.py
[2026-05-06T23:18:54.593+0000] {processor.py:830} INFO - Processing file /usr/local/python/3.12.1/lib/python3.12/site-packages/airflow/example_dags/tutorial_dag.py for tasks to queue
[2026-05-06T23:18:54.594+0000] {logging_mixin.py:188} INFO - [2026-05-06T23:18:54.594+0000] {dagbag.py:545} INFO - Filling up the DagBag from /usr/local/python/3.12.1/lib/python3.12/site-packages/airflow/example_dags/tutorial_dag.py
[2026-05-06T23:18:54.601+0000] {processor.py:840} INFO - DAG(s) 'tutorial_dag' retrieved from /usr/local/python/3.12.1/lib/python3.12/site-packages/airflow/example_dags/tutorial_dag.py
[2026-05-06T23:18:54.679+0000] {logging_mixin.py:188} INFO - [2026-05-06T23:18:54.678+0000] {override.py:1829} INFO - Created Permission View: can delete on DAG:tutorial_dag
[2026-05-06T23:18:54.687+0000] {logging_mixin.py:188} INFO - [2026-05-06T23:18:54.686+0000] {override.py:1829} INFO - Created Permission View: can edit on DAG:tutorial_dag
[2026-05-06T23:18:54.692+0000] {logging_mixin.py:188} INFO - [2026-05-06T23:18:54.692+0000] {override.py:1829} INFO - Created Permission View: can read on DAG:tutorial_dag
[2026-05-06T23:18:54.693+0000] {logging_mixin.py:188} INFO - [2026-05-06T23:18:54.693+0000] {dag.py:3096} INFO - Sync 1 DAGs
[2026-05-06T23:18:54.700+0000] {logging_mixin.py:188} INFO - [2026-05-06T23:18:54.700+0000] {dag.py:3118} INFO - Creating ORM DAG for tutorial_dag
[2026-05-06T23:18:54.700+0000] {logging_mixin.py:188} INFO - [2026-05-06T23:18:54.700+0000] {dag.py:3954} INFO - Setting next_dagrun for tutorial_dag to None, run_after=None
[2026-05-06T23:18:54.715+0000] {processor.py:183} INFO - Processing /usr/local/python/3.12.1/lib/python3.12/site-packages/airflow/example_dags/tutorial_dag.py took 0.127 seconds
[2026-05-06T23:19:45.451+0000] {processor.py:161} INFO - Started process (PID=13671) to work on /usr/local/python/3.12.1/lib/python3.12/site-packages/airflow/example_dags/tutorial_dag.py
[2026-05-06T23:19:45.452+0000] {processor.py:830} INFO - Processing file /usr/local/python/3.12.1/lib/python3.12/site-packages/airflow/example_dags/tutorial_dag.py for tasks to queue
[2026-05-06T23:19:45.453+0000] {logging_mixin.py:188} INFO - [2026-05-06T23:19:45.453+0000] {dagbag.py:545} INFO - Filling up the DagBag from /usr/local/python/3.12.1/lib/python3.12/site-packages/airflow/example_dags/tutorial_dag.py
[2026-05-06T23:19:45.458+0000] {processor.py:840} INFO - DAG(s) 'tutorial_dag' retrieved from /usr/local/python/3.12.1/lib/python3.12/site-packages/airflow/example_dags/tutorial_dag.py
[2026-05-06T23:19:45.470+0000] {logging_mixin.py:188} INFO - [2026-05-06T23:19:45.470+0000] {dag.py:3096} INFO - Sync 1 DAGs
[2026-05-06T23:19:45.479+0000] {logging_mixin.py:188} INFO - [2026-05-06T23:19:45.479+0000] {dag.py:3954} INFO - Setting next_dagrun for tutorial_dag to None, run_after=None
[2026-05-06T23:19:45.495+0000] {processor.py:183} INFO - Processing /usr/local/python/3.12.1/lib/python3.12/site-packages/airflow/example_dags/tutorial_dag.py took 0.049 seconds
[2026-05-06T23:20:35.112+0000] {processor.py:161} INFO - Started process (PID=14152) to work on /usr/local/python/3.12.1/lib/python3.12/site-packages/airflow/example_dags/tutorial_dag.py
[2026-05-06T23:20:35.112+0000] {processor.py:830} INFO - Processing file /usr/local/python/3.12.1/lib/python3.12/site-packages/airflow/example_dags/tutorial_dag.py for tasks to queue
[2026-05-06T23:20:35.114+0000] {logging_mixin.py:188} INFO - [2026-05-06T23:20:35.114+0000] {dagbag.py:545} INFO - Filling up the DagBag from /usr/local/python/3.12.1/lib/python3.12/site-packages/airflow/example_dags/tutorial_dag.py
[2026-05-06T23:20:35.118+0000] {processor.py:840} INFO - DAG(s) 'tutorial_dag' retrieved from /usr/local/python/3.12.1/lib/python3.12/site-packages/airflow/example_dags/tutorial_dag.py
[2026-05-06T23:20:35.131+0000] {logging_mixin.py:188} INFO - [2026-05-06T23:20:35.131+0000] {dag.py:3096} INFO - Sync 1 DAGs
[2026-05-06T23:20:35.140+0000] {logging_mixin.py:188} INFO - [2026-05-06T23:20:35.140+0000] {dag.py:3954} INFO - Setting next_dagrun for tutorial_dag to None, run_after=None
[2026-05-06T23:20:35.156+0000] {processor.py:183} INFO - Processing /usr/local/python/3.12.1/lib/python3.12/site-packages/airflow/example_dags/tutorial_dag.py took 0.049 seconds
[2026-05-06T23:21:17.172+0000] {processor.py:161} INFO - Started process (PID=14532) to work on /usr/local/python/3.12.1/lib/python3.12/site-packages/airflow/example_dags/tutorial_dag.py
[2026-05-06T23:21:17.173+0000] {processor.py:830} INFO - Processing file /usr/local/python/3.12.1/lib/python3.12/site-packages/airflow/example_dags/tutorial_dag.py for tasks to queue
[2026-05-06T23:21:17.174+0000] {logging_mixin.py:188} INFO - [2026-05-06T23:21:17.174+0000] {dagbag.py:545} INFO - Filling up the DagBag from /usr/local/python/3.12.1/lib/python3.12/site-packages/airflow/example_dags/tutorial_dag.py
[2026-05-06T23:21:17.179+0000] {processor.py:840} INFO - DAG(s) 'tutorial_dag' retrieved from /usr/local/python/3.12.1/lib/python3.12/site-packages/airflow/example_dags/tutorial_dag.py
[2026-05-06T23:21:17.191+0000] {logging_mixin.py:188} INFO - [2026-05-06T23:21:17.191+0000] {dag.py:3096} INFO - Sync 1 DAGs
[2026-05-06T23:21:17.200+0000] {logging_mixin.py:188} INFO - [2026-05-06T23:21:17.200+0000] {dag.py:3954} INFO - Setting next_dagrun for tutorial_dag to None, run_after=None
[2026-05-06T23:21:17.216+0000] {processor.py:183} INFO - Processing /usr/local/python/3.12.1/lib/python3.12/site-packages/airflow/example_dags/tutorial_dag.py took 0.049 seconds
[2026-05-06T23:21:57.273+0000] {processor.py:161} INFO - Started process (PID=14885) to work on /usr/local/python/3.12.1/lib/python3.12/site-packages/airflow/example_dags/tutorial_dag.py
[2026-05-06T23:21:57.274+0000] {processor.py:830} INFO - Processing file /usr/local/python/3.12.1/lib/python3.12/site-packages/airflow/example_dags/tutorial_dag.py for tasks to queue
[2026-05-06T23:21:57.275+0000] {logging_mixin.py:188} INFO - [2026-05-06T23:21:57.275+0000] {dagbag.py:545} INFO - Filling up the DagBag from /usr/local/python/3.12.1/lib/python3.12/site-packages/airflow/example_dags/tutorial_dag.py
[2026-05-06T23:21:57.280+0000] {processor.py:840} INFO - DAG(s) 'tutorial_dag' retrieved from /usr/local/python/3.12.1/lib/python3.12/site-packages/airflow/example_dags/tutorial_dag.py
[2026-05-06T23:21:57.292+0000] {logging_mixin.py:188} INFO - [2026-05-06T23:21:57.292+0000] {dag.py:3096} INFO - Sync 1 DAGs
[2026-05-06T23:21:57.302+0000] {logging_mixin.py:188} INFO - [2026-05-06T23:21:57.302+0000] {dag.py:3954} INFO - Setting next_dagrun for tutorial_dag to None, run_after=None
[2026-05-06T23:21:57.318+0000] {processor.py:183} INFO - Processing /usr/local/python/3.12.1/lib/python3.12/site-packages/airflow/example_dags/tutorial_dag.py took 0.051 seconds
[2026-05-06T23:22:39.587+0000] {processor.py:161} INFO - Started process (PID=15271) to work on /usr/local/python/3.12.1/lib/python3.12/site-packages/airflow/example_dags/tutorial_dag.py
[2026-05-06T23:22:39.587+0000] {processor.py:830} INFO - Processing file /usr/local/python/3.12.1/lib/python3.12/site-packages/airflow/example_dags/tutorial_dag.py for tasks to queue
[2026-05-06T23:22:39.589+0000] {logging_mixin.py:188} INFO - [2026-05-06T23:22:39.588+0000] {dagbag.py:545} INFO - Filling up the DagBag from /usr/local/python/3.12.1/lib/python3.12/site-packages/airflow/example_dags/tutorial_dag.py
[2026-05-06T23:22:39.593+0000] {processor.py:840} INFO - DAG(s) 'tutorial_dag' retrieved from /usr/local/python/3.12.1/lib/python3.12/site-packages/airflow/example_dags/tutorial_dag.py
[2026-05-06T23:22:39.605+0000] {logging_mixin.py:188} INFO - [2026-05-06T23:22:39.605+0000] {dag.py:3096} INFO - Sync 1 DAGs
[2026-05-06T23:22:39.614+0000] {logging_mixin.py:188} INFO - [2026-05-06T23:22:39.613+0000] {dag.py:3954} INFO - Setting next_dagrun for tutorial_dag to None, run_after=None
[2026-05-06T23:22:39.629+0000] {processor.py:183} INFO - Processing /usr/local/python/3.12.1/lib/python3.12/site-packages/airflow/example_dags/tutorial_dag.py took 0.047 seconds
[2026-05-06T23:23:18.185+0000] {processor.py:161} INFO - Started process (PID=15611) to work on /usr/local/python/3.12.1/lib/python3.12/site-packages/airflow/example_dags/tutorial_dag.py
[2026-05-06T23:23:18.186+0000] {processor.py:830} INFO - Processing file /usr/local/python/3.12.1/lib/python3.12/site-packages/airflow/example_dags/tutorial_dag.py for tasks to queue
[2026-05-06T23:23:18.188+0000] {logging_mixin.py:188} INFO - [2026-05-06T23:23:18.187+0000] {dagbag.py:545} INFO - Filling up the DagBag from /usr/local/python/3.12.1/lib/python3.12/site-packages/airflow/example_dags/tutorial_dag.py
[2026-05-06T23:23:18.192+0000] {processor.py:840} INFO - DAG(s) 'tutorial_dag' retrieved from /usr/local/python/3.12.1/lib/python3.12/site-packages/airflow/example_dags/tutorial_dag.py
[2026-05-06T23:23:18.210+0000] {logging_mixin.py:188} INFO - [2026-05-06T23:23:18.210+0000] {dag.py:3096} INFO - Sync 1 DAGs
[2026-05-06T23:23:18.226+0000] {logging_mixin.py:188} INFO - [2026-05-06T23:23:18.226+0000] {dag.py:3954} INFO - Setting next_dagrun for tutorial_dag to None, run_after=None
[2026-05-06T23:23:18.249+0000] {processor.py:183} INFO - Processing /usr/local/python/3.12.1/lib/python3.12/site-packages/airflow/example_dags/tutorial_dag.py took 0.068 seconds
[2026-05-06T23:23:56.179+0000] {processor.py:161} INFO - Started process (PID=16054) to work on /usr/local/python/3.12.1/lib/python3.12/site-packages/airflow/example_dags/tutorial_dag.py
[2026-05-06T23:23:56.180+0000] {processor.py:830} INFO - Processing file /usr/local/python/3.12.1/lib/python3.12/site-packages/airflow/example_dags/tutorial_dag.py for tasks to queue
[2026-05-06T23:23:56.181+0000] {logging_mixin.py:188} INFO - [2026-05-06T23:23:56.181+0000] {dagbag.py:545} INFO - Filling up the DagBag from /usr/local/python/3.12.1/lib/python3.12/site-packages/airflow/example_dags/tutorial_dag.py
[2026-05-06T23:23:56.186+0000] {processor.py:840} INFO - DAG(s) 'tutorial_dag' retrieved from /usr/local/python/3.12.1/lib/python3.12/site-packages/airflow/example_dags/tutorial_dag.py
[2026-05-06T23:23:56.199+0000] {logging_mixin.py:188} INFO - [2026-05-06T23:23:56.198+0000] {dag.py:3096} INFO - Sync 1 DAGs
[2026-05-06T23:23:56.208+0000] {logging_mixin.py:188} INFO - [2026-05-06T23:23:56.207+0000] {dag.py:3954} INFO - Setting next_dagrun for tutorial_dag to None, run_after=None
[2026-05-06T23:23:56.223+0000] {processor.py:183} INFO - Processing /usr/local/python/3.12.1/lib/python3.12/site-packages/airflow/example_dags/tutorial_dag.py took 0.049 seconds
[2026-05-06T23:24:34.294+0000] {processor.py:161} INFO - Started process (PID=16642) to work on /usr/local/python/3.12.1/lib/python3.12/site-packages/airflow/example_dags/tutorial_dag.py
[2026-05-06T23:24:34.294+0000] {processor.py:830} INFO - Processing file /usr/local/python/3.12.1/lib/python3.12/site-packages/airflow/example_dags/tutorial_dag.py for tasks to queue
[2026-05-06T23:24:34.296+0000] {logging_mixin.py:188} INFO - [2026-05-06T23:24:34.295+0000] {dagbag.py:545} INFO - Filling up the DagBag from /usr/local/python/3.12.1/lib/python3.12/site-packages/airflow/example_dags/tutorial_dag.py
[2026-05-06T23:24:34.301+0000] {processor.py:840} INFO - DAG(s) 'tutorial_dag' retrieved from /usr/local/python/3.12.1/lib/python3.12/site-packages/airflow/example_dags/tutorial_dag.py
[2026-05-06T23:24:34.313+0000] {logging_mixin.py:188} INFO - [2026-05-06T23:24:34.313+0000] {dag.py:3096} INFO - Sync 1 DAGs
[2026-05-06T23:24:34.323+0000] {logging_mixin.py:188} INFO - [2026-05-06T23:24:34.322+0000] {dag.py:3954} INFO - Setting next_dagrun for tutorial_dag to None, run_after=None
[2026-05-06T23:24:34.338+0000] {processor.py:183} INFO - Processing /usr/local/python/3.12.1/lib/python3.12/site-packages/airflow/example_dags/tutorial_dag.py took 0.049 seconds
[2026-05-06T23:25:11.768+0000] {processor.py:161} INFO - Started process (PID=17088) to work on /usr/local/python/3.12.1/lib/python3.12/site-packages/airflow/example_dags/tutorial_dag.py
[2026-05-06T23:25:11.769+0000] {processor.py:830} INFO - Processing file /usr/local/python/3.12.1/lib/python3.12/site-packages/airflow/example_dags/tutorial_dag.py for tasks to queue
[2026-05-06T23:25:11.770+0000] {logging_mixin.py:188} INFO - [2026-05-06T23:25:11.770+0000] {dagbag.py:545} INFO - Filling up the DagBag from /usr/local/python/3.12.1/lib/python3.12/site-packages/airflow/example_dags/tutorial_dag.py
[2026-05-06T23:25:11.775+0000] {processor.py:840} INFO - DAG(s) 'tutorial_dag' retrieved from /usr/local/python/3.12.1/lib/python3.12/site-packages/airflow/example_dags/tutorial_dag.py
[2026-05-06T23:25:11.787+0000] {logging_mixin.py:188} INFO - [2026-05-06T23:25:11.787+0000] {dag.py:3096} INFO - Sync 1 DAGs
[2026-05-06T23:25:11.796+0000] {logging_mixin.py:188} INFO - [2026-05-06T23:25:11.796+0000] {dag.py:3954} INFO - Setting next_dagrun for tutorial_dag to None, run_after=None
[2026-05-06T23:25:11.812+0000] {processor.py:183} INFO - Processing /usr/local/python/3.12.1/lib/python3.12/site-packages/airflow/example_dags/tutorial_dag.py took 0.049 seconds
[2026-05-06T23:25:52.524+0000] {processor.py:161} INFO - Started process (PID=17405) to work on /usr/local/python/3.12.1/lib/python3.12/site-packages/airflow/example_dags/tutorial_dag.py
[2026-05-06T23:25:52.524+0000] {processor.py:830} INFO - Processing file /usr/local/python/3.12.1/lib/python3.12/site-packages/airflow/example_dags/tutorial_dag.py for tasks to queue
[2026-05-06T23:25:52.526+0000] {logging_mixin.py:188} INFO - [2026-05-06T23:25:52.526+0000] {dagbag.py:545} INFO - Filling up the DagBag from /usr/local/python/3.12.1/lib/python3.12/site-packages/airflow/example_dags/tutorial_dag.py
[2026-05-06T23:25:52.531+0000] {processor.py:840} INFO - DAG(s) 'tutorial_dag' retrieved from /usr/local/python/3.12.1/lib/python3.12/site-packages/airflow/example_dags/tutorial_dag.py
[2026-05-06T23:25:52.543+0000] {logging_mixin.py:188} INFO - [2026-05-06T23:25:52.543+0000] {dag.py:3096} INFO - Sync 1 DAGs
[2026-05-06T23:25:52.552+0000] {logging_mixin.py:188} INFO - [2026-05-06T23:25:52.552+0000] {dag.py:3954} INFO - Setting next_dagrun for tutorial_dag to None, run_after=None
[2026-05-06T23:25:52.569+0000] {processor.py:183} INFO - Processing /usr/local/python/3.12.1/lib/python3.12/site-packages/airflow/example_dags/tutorial_dag.py took 0.050 seconds
[2026-05-06T23:26:33.408+0000] {processor.py:161} INFO - Started process (PID=17757) to work on /usr/local/python/3.12.1/lib/python3.12/site-packages/airflow/example_dags/tutorial_dag.py
[2026-05-06T23:26:33.409+0000] {processor.py:830} INFO - Processing file /usr/local/python/3.12.1/lib/python3.12/site-packages/airflow/example_dags/tutorial_dag.py for tasks to queue
[2026-05-06T23:26:33.411+0000] {logging_mixin.py:188} INFO - [2026-05-06T23:26:33.410+0000] {dagbag.py:545} INFO - Filling up the DagBag from /usr/local/python/3.12.1/lib/python3.12/site-packages/airflow/example_dags/tutorial_dag.py
[2026-05-06T23:26:33.416+0000] {processor.py:840} INFO - DAG(s) 'tutorial_dag' retrieved from /usr/local/python/3.12.1/lib/python3.12/site-packages/airflow/example_dags/tutorial_dag.py
[2026-05-06T23:26:33.428+0000] {logging_mixin.py:188} INFO - [2026-05-06T23:26:33.428+0000] {dag.py:3096} INFO - Sync 1 DAGs
[2026-05-06T23:26:33.437+0000] {logging_mixin.py:188} INFO - [2026-05-06T23:26:33.437+0000] {dag.py:3954} INFO - Setting next_dagrun for tutorial_dag to None, run_after=None
[2026-05-06T23:26:33.453+0000] {processor.py:183} INFO - Processing /usr/local/python/3.12.1/lib/python3.12/site-packages/airflow/example_dags/tutorial_dag.py took 0.049 seconds
[2026-05-06T23:27:30.219+0000] {processor.py:161} INFO - Started process (PID=18335) to work on /usr/local/python/3.12.1/lib/python3.12/site-packages/airflow/example_dags/tutorial_dag.py
[2026-05-06T23:27:30.220+0000] {processor.py:830} INFO - Processing file /usr/local/python/3.12.1/lib/python3.12/site-packages/airflow/example_dags/tutorial_dag.py for tasks to queue
[2026-05-06T23:27:30.222+0000] {logging_mixin.py:188} INFO - [2026-05-06T23:27:30.221+0000] {dagbag.py:545} INFO - Filling up the DagBag from /usr/local/python/3.12.1/lib/python3.12/site-packages/airflow/example_dags/tutorial_dag.py
[2026-05-06T23:27:30.226+0000] {processor.py:840} INFO - DAG(s) 'tutorial_dag' retrieved from /usr/local/python/3.12.1/lib/python3.12/site-packages/airflow/example_dags/tutorial_dag.py
[2026-05-06T23:27:30.239+0000] {logging_mixin.py:188} INFO - [2026-05-06T23:27:30.239+0000] {dag.py:3096} INFO - Sync 1 DAGs
[2026-05-06T23:27:30.249+0000] {logging_mixin.py:188} INFO - [2026-05-06T23:27:30.249+0000] {dag.py:3954} INFO - Setting next_dagrun for tutorial_dag to None, run_after=None
[2026-05-06T23:27:30.275+0000] {processor.py:183} INFO - Processing /usr/local/python/3.12.1/lib/python3.12/site-packages/airflow/example_dags/tutorial_dag.py took 0.060 seconds
[2026-05-06T23:28:09.932+0000] {processor.py:161} INFO - Started process (PID=18706) to work on /usr/local/python/3.12.1/lib/python3.12/site-packages/airflow/example_dags/tutorial_dag.py
[2026-05-06T23:28:09.933+0000] {processor.py:830} INFO - Processing file /usr/local/python/3.12.1/lib/python3.12/site-packages/airflow/example_dags/tutorial_dag.py for tasks to queue
[2026-05-06T23:28:09.934+0000] {logging_mixin.py:188} INFO - [2026-05-06T23:28:09.934+0000] {dagbag.py:545} INFO - Filling up the DagBag from /usr/local/python/3.12.1/lib/python3.12/site-packages/airflow/example_dags/tutorial_dag.py
[2026-05-06T23:28:09.938+0000] {processor.py:840} INFO - DAG(s) 'tutorial_dag' retrieved from /usr/local/python/3.12.1/lib/python3.12/site-packages/airflow/example_dags/tutorial_dag.py
[2026-05-06T23:28:09.955+0000] {logging_mixin.py:188} INFO - [2026-05-06T23:28:09.955+0000] {dag.py:3096} INFO - Sync 1 DAGs
[2026-05-06T23:28:09.964+0000] {logging_mixin.py:188} INFO - [2026-05-06T23:28:09.964+0000] {dag.py:3954} INFO - Setting next_dagrun for tutorial_dag to None, run_after=None
[2026-05-06T23:28:09.981+0000] {processor.py:183} INFO - Processing /usr/local/python/3.12.1/lib/python3.12/site-packages/airflow/example_dags/tutorial_dag.py took 0.053 seconds
[2026-05-06T23:28:51.446+0000] {processor.py:161} INFO - Started process (PID=19042) to work on /usr/local/python/3.12.1/lib/python3.12/site-packages/airflow/example_dags/tutorial_dag.py
[2026-05-06T23:28:51.448+0000] {processor.py:830} INFO - Processing file /usr/local/python/3.12.1/lib/python3.12/site-packages/airflow/example_dags/tutorial_dag.py for tasks to queue
[2026-05-06T23:28:51.450+0000] {logging_mixin.py:188} INFO - [2026-05-06T23:28:51.449+0000] {dagbag.py:545} INFO - Filling up the DagBag from /usr/local/python/3.12.1/lib/python3.12/site-packages/airflow/example_dags/tutorial_dag.py
[2026-05-06T23:28:51.455+0000] {processor.py:840} INFO - DAG(s) 'tutorial_dag' retrieved from /usr/local/python/3.12.1/lib/python3.12/site-packages/airflow/example_dags/tutorial_dag.py
[2026-05-06T23:28:51.479+0000] {logging_mixin.py:188} INFO - [2026-05-06T23:28:51.479+0000] {dag.py:3096} INFO - Sync 1 DAGs
[2026-05-06T23:28:51.494+0000] {logging_mixin.py:188} INFO - [2026-05-06T23:28:51.493+0000] {dag.py:3954} INFO - Setting next_dagrun for tutorial_dag to None, run_after=None
[2026-05-06T23:28:51.519+0000] {processor.py:183} INFO - Processing /usr/local/python/3.12.1/lib/python3.12/site-packages/airflow/example_dags/tutorial_dag.py took 0.081 seconds
[2026-05-06T23:31:37.508+0000] {processor.py:161} INFO - Started process (PID=20684) to work on /usr/local/python/3.12.1/lib/python3.12/site-packages/airflow/example_dags/tutorial_dag.py
[2026-05-06T23:31:37.509+0000] {processor.py:830} INFO - Processing file /usr/local/python/3.12.1/lib/python3.12/site-packages/airflow/example_dags/tutorial_dag.py for tasks to queue
[2026-05-06T23:31:37.511+0000] {logging_mixin.py:188} INFO - [2026-05-06T23:31:37.510+0000] {dagbag.py:545} INFO - Filling up the DagBag from /usr/local/python/3.12.1/lib/python3.12/site-packages/airflow/example_dags/tutorial_dag.py
[2026-05-06T23:31:37.517+0000] {processor.py:840} INFO - DAG(s) 'tutorial_dag' retrieved from /usr/local/python/3.12.1/lib/python3.12/site-packages/airflow/example_dags/tutorial_dag.py
[2026-05-06T23:31:37.533+0000] {logging_mixin.py:188} INFO - [2026-05-06T23:31:37.533+0000] {dag.py:3096} INFO - Sync 1 DAGs
[2026-05-06T23:31:37.542+0000] {logging_mixin.py:188} INFO - [2026-05-06T23:31:37.542+0000] {dag.py:3954} INFO - Setting next_dagrun for tutorial_dag to None, run_after=None
[2026-05-06T23:31:37.559+0000] {processor.py:183} INFO - Processing /usr/local/python/3.12.1/lib/python3.12/site-packages/airflow/example_dags/tutorial_dag.py took 0.055 seconds
[2026-05-06T23:32:25.984+0000] {processor.py:161} INFO - Started process (PID=21073) to work on /usr/local/python/3.12.1/lib/python3.12/site-packages/airflow/example_dags/tutorial_dag.py
[2026-05-06T23:32:25.985+0000] {processor.py:830} INFO - Processing file /usr/local/python/3.12.1/lib/python3.12/site-packages/airflow/example_dags/tutorial_dag.py for tasks to queue
[2026-05-06T23:32:25.987+0000] {logging_mixin.py:188} INFO - [2026-05-06T23:32:25.986+0000] {dagbag.py:545} INFO - Filling up the DagBag from /usr/local/python/3.12.1/lib/python3.12/site-packages/airflow/example_dags/tutorial_dag.py
[2026-05-06T23:32:25.992+0000] {processor.py:840} INFO - DAG(s) 'tutorial_dag' retrieved from /usr/local/python/3.12.1/lib/python3.12/site-packages/airflow/example_dags/tutorial_dag.py
[2026-05-06T23:32:26.004+0000] {logging_mixin.py:188} INFO - [2026-05-06T23:32:26.004+0000] {dag.py:3096} INFO - Sync 1 DAGs
[2026-05-06T23:32:26.014+0000] {logging_mixin.py:188} INFO - [2026-05-06T23:32:26.014+0000] {dag.py:3954} INFO - Setting next_dagrun for tutorial_dag to None, run_after=None
[2026-05-06T23:32:26.043+0000] {processor.py:183} INFO - Processing /usr/local/python/3.12.1/lib/python3.12/site-packages/airflow/example_dags/tutorial_dag.py took 0.063 seconds
[2026-05-06T23:33:16.161+0000] {processor.py:161} INFO - Started process (PID=21461) to work on /usr/local/python/3.12.1/lib/python3.12/site-packages/airflow/example_dags/tutorial_dag.py
[2026-05-06T23:33:16.161+0000] {processor.py:830} INFO - Processing file /usr/local/python/3.12.1/lib/python3.12/site-packages/airflow/example_dags/tutorial_dag.py for tasks to queue
[2026-05-06T23:33:16.163+0000] {logging_mixin.py:188} INFO - [2026-05-06T23:33:16.163+0000] {dagbag.py:545} INFO - Filling up the DagBag from /usr/local/python/3.12.1/lib/python3.12/site-packages/airflow/example_dags/tutorial_dag.py
[2026-05-06T23:33:16.168+0000] {processor.py:840} INFO - DAG(s) 'tutorial_dag' retrieved from /usr/local/python/3.12.1/lib/python3.12/site-packages/airflow/example_dags/tutorial_dag.py
[2026-05-06T23:33:16.180+0000] {logging_mixin.py:188} INFO - [2026-05-06T23:33:16.180+0000] {dag.py:3096} INFO - Sync 1 DAGs
[2026-05-06T23:33:16.189+0000] {logging_mixin.py:188} INFO - [2026-05-06T23:33:16.189+0000] {dag.py:3954} INFO - Setting next_dagrun for tutorial_dag to None, run_after=None
[2026-05-06T23:33:16.207+0000] {processor.py:183} INFO - Processing /usr/local/python/3.12.1/lib/python3.12/site-packages/airflow/example_dags/tutorial_dag.py took 0.051 seconds
[2026-05-06T23:33:55.389+0000] {processor.py:161} INFO - Started process (PID=21761) to work on /usr/local/python/3.12.1/lib/python3.12/site-packages/airflow/example_dags/tutorial_dag.py
[2026-05-06T23:33:55.390+0000] {processor.py:830} INFO - Processing file /usr/local/python/3.12.1/lib/python3.12/site-packages/airflow/example_dags/tutorial_dag.py for tasks to queue
[2026-05-06T23:33:55.391+0000] {logging_mixin.py:188} INFO - [2026-05-06T23:33:55.391+0000] {dagbag.py:545} INFO - Filling up the DagBag from /usr/local/python/3.12.1/lib/python3.12/site-packages/airflow/example_dags/tutorial_dag.py
[2026-05-06T23:33:55.396+0000] {processor.py:840} INFO - DAG(s) 'tutorial_dag' retrieved from /usr/local/python/3.12.1/lib/python3.12/site-packages/airflow/example_dags/tutorial_dag.py
[2026-05-06T23:33:55.409+0000] {logging_mixin.py:188} INFO - [2026-05-06T23:33:55.409+0000] {dag.py:3096} INFO - Sync 1 DAGs
[2026-05-06T23:33:55.418+0000] {logging_mixin.py:188} INFO - [2026-05-06T23:33:55.417+0000] {dag.py:3954} INFO - Setting next_dagrun for tutorial_dag to None, run_after=None
[2026-05-06T23:33:55.437+0000] {processor.py:183} INFO - Processing /usr/local/python/3.12.1/lib/python3.12/site-packages/airflow/example_dags/tutorial_dag.py took 0.053 seconds
[2026-05-06T23:34:34.791+0000] {processor.py:161} INFO - Started process (PID=22085) to work on /usr/local/python/3.12.1/lib/python3.12/site-packages/airflow/example_dags/tutorial_dag.py
[2026-05-06T23:34:34.792+0000] {processor.py:830} INFO - Processing file /usr/local/python/3.12.1/lib/python3.12/site-packages/airflow/example_dags/tutorial_dag.py for tasks to queue
[2026-05-06T23:34:34.793+0000] {logging_mixin.py:188} INFO - [2026-05-06T23:34:34.793+0000] {dagbag.py:545} INFO - Filling up the DagBag from /usr/local/python/3.12.1/lib/python3.12/site-packages/airflow/example_dags/tutorial_dag.py
[2026-05-06T23:34:34.797+0000] {processor.py:840} INFO - DAG(s) 'tutorial_dag' retrieved from /usr/local/python/3.12.1/lib/python3.12/site-packages/airflow/example_dags/tutorial_dag.py
[2026-05-06T23:34:34.810+0000] {logging_mixin.py:188} INFO - [2026-05-06T23:34:34.810+0000] {dag.py:3096} INFO - Sync 1 DAGs
[2026-05-06T23:34:34.819+0000] {logging_mixin.py:188} INFO - [2026-05-06T23:34:34.819+0000] {dag.py:3954} INFO - Setting next_dagrun for tutorial_dag to None, run_after=None
[2026-05-06T23:34:34.836+0000] {processor.py:183} INFO - Processing /usr/local/python/3.12.1/lib/python3.12/site-packages/airflow/example_dags/tutorial_dag.py took 0.050 seconds
[2026-05-06T23:35:13.260+0000] {processor.py:161} INFO - Started process (PID=22389) to work on /usr/local/python/3.12.1/lib/python3.12/site-packages/airflow/example_dags/tutorial_dag.py
[2026-05-06T23:35:13.260+0000] {processor.py:830} INFO - Processing file /usr/local/python/3.12.1/lib/python3.12/site-packages/airflow/example_dags/tutorial_dag.py for tasks to queue
[2026-05-06T23:35:13.262+0000] {logging_mixin.py:188} INFO - [2026-05-06T23:35:13.261+0000] {dagbag.py:545} INFO - Filling up the DagBag from /usr/local/python/3.12.1/lib/python3.12/site-packages/airflow/example_dags/tutorial_dag.py
[2026-05-06T23:35:13.266+0000] {processor.py:840} INFO - DAG(s) 'tutorial_dag' retrieved from /usr/local/python/3.12.1/lib/python3.12/site-packages/airflow/example_dags/tutorial_dag.py
[2026-05-06T23:35:13.279+0000] {logging_mixin.py:188} INFO - [2026-05-06T23:35:13.279+0000] {dag.py:3096} INFO - Sync 1 DAGs
[2026-05-06T23:35:13.288+0000] {logging_mixin.py:188} INFO - [2026-05-06T23:35:13.288+0000] {dag.py:3954} INFO - Setting next_dagrun for tutorial_dag to None, run_after=None
[2026-05-06T23:35:13.305+0000] {processor.py:183} INFO - Processing /usr/local/python/3.12.1/lib/python3.12/site-packages/airflow/example_dags/tutorial_dag.py took 0.050 seconds
[2026-05-06T23:35:52.502+0000] {processor.py:161} INFO - Started process (PID=22698) to work on /usr/local/python/3.12.1/lib/python3.12/site-packages/airflow/example_dags/tutorial_dag.py
[2026-05-06T23:35:52.502+0000] {processor.py:830} INFO - Processing file /usr/local/python/3.12.1/lib/python3.12/site-packages/airflow/example_dags/tutorial_dag.py for tasks to queue
[2026-05-06T23:35:52.504+0000] {logging_mixin.py:188} INFO - [2026-05-06T23:35:52.503+0000] {dagbag.py:545} INFO - Filling up the DagBag from /usr/local/python/3.12.1/lib/python3.12/site-packages/airflow/example_dags/tutorial_dag.py
[2026-05-06T23:35:52.509+0000] {processor.py:840} INFO - DAG(s) 'tutorial_dag' retrieved from /usr/local/python/3.12.1/lib/python3.12/site-packages/airflow/example_dags/tutorial_dag.py
[2026-05-06T23:35:52.521+0000] {logging_mixin.py:188} INFO - [2026-05-06T23:35:52.521+0000] {dag.py:3096} INFO - Sync 1 DAGs
[2026-05-06T23:35:52.530+0000] {logging_mixin.py:188} INFO - [2026-05-06T23:35:52.530+0000] {dag.py:3954} INFO - Setting next_dagrun for tutorial_dag to None, run_after=None
[2026-05-06T23:35:52.547+0000] {processor.py:183} INFO - Processing /usr/local/python/3.12.1/lib/python3.12/site-packages/airflow/example_dags/tutorial_dag.py took 0.050 seconds
[2026-05-06T23:36:30.137+0000] {processor.py:161} INFO - Started process (PID=22993) to work on /usr/local/python/3.12.1/lib/python3.12/site-packages/airflow/example_dags/tutorial_dag.py
[2026-05-06T23:36:30.138+0000] {processor.py:830} INFO - Processing file /usr/local/python/3.12.1/lib/python3.12/site-packages/airflow/example_dags/tutorial_dag.py for tasks to queue
[2026-05-06T23:36:30.140+0000] {logging_mixin.py:188} INFO - [2026-05-06T23:36:30.139+0000] {dagbag.py:545} INFO - Filling up the DagBag from /usr/local/python/3.12.1/lib/python3.12/site-packages/airflow/example_dags/tutorial_dag.py
[2026-05-06T23:36:30.145+0000] {processor.py:840} INFO - DAG(s) 'tutorial_dag' retrieved from /usr/local/python/3.12.1/lib/python3.12/site-packages/airflow/example_dags/tutorial_dag.py
[2026-05-06T23:36:30.157+0000] {logging_mixin.py:188} INFO - [2026-05-06T23:36:30.157+0000] {dag.py:3096} INFO - Sync 1 DAGs
[2026-05-06T23:36:30.167+0000] {logging_mixin.py:188} INFO - [2026-05-06T23:36:30.166+0000] {dag.py:3954} INFO - Setting next_dagrun for tutorial_dag to None, run_after=None
[2026-05-06T23:36:30.185+0000] {processor.py:183} INFO - Processing /usr/local/python/3.12.1/lib/python3.12/site-packages/airflow/example_dags/tutorial_dag.py took 0.052 seconds
[2026-05-06T23:37:27.091+0000] {processor.py:161} INFO - Started process (PID=23428) to work on /usr/local/python/3.12.1/lib/python3.12/site-packages/airflow/example_dags/tutorial_dag.py
[2026-05-06T23:37:27.092+0000] {processor.py:830} INFO - Processing file /usr/local/python/3.12.1/lib/python3.12/site-packages/airflow/example_dags/tutorial_dag.py for tasks to queue
[2026-05-06T23:37:27.094+0000] {logging_mixin.py:188} INFO - [2026-05-06T23:37:27.093+0000] {dagbag.py:545} INFO - Filling up the DagBag from /usr/local/python/3.12.1/lib/python3.12/site-packages/airflow/example_dags/tutorial_dag.py
[2026-05-06T23:37:27.098+0000] {processor.py:840} INFO - DAG(s) 'tutorial_dag' retrieved from /usr/local/python/3.12.1/lib/python3.12/site-packages/airflow/example_dags/tutorial_dag.py
[2026-05-06T23:37:27.112+0000] {logging_mixin.py:188} INFO - [2026-05-06T23:37:27.112+0000] {dag.py:3096} INFO - Sync 1 DAGs
[2026-05-06T23:37:27.122+0000] {logging_mixin.py:188} INFO - [2026-05-06T23:37:27.122+0000] {dag.py:3954} INFO - Setting next_dagrun for tutorial_dag to None, run_after=None
[2026-05-06T23:37:27.140+0000] {processor.py:183} INFO - Processing /usr/local/python/3.12.1/lib/python3.12/site-packages/airflow/example_dags/tutorial_dag.py took 0.054 seconds
[2026-05-06T23:38:06.174+0000] {processor.py:161} INFO - Started process (PID=23733) to work on /usr/local/python/3.12.1/lib/python3.12/site-packages/airflow/example_dags/tutorial_dag.py
[2026-05-06T23:38:06.175+0000] {processor.py:830} INFO - Processing file /usr/local/python/3.12.1/lib/python3.12/site-packages/airflow/example_dags/tutorial_dag.py for tasks to queue
[2026-05-06T23:38:06.176+0000] {logging_mixin.py:188} INFO - [2026-05-06T23:38:06.176+0000] {dagbag.py:545} INFO - Filling up the DagBag from /usr/local/python/3.12.1/lib/python3.12/site-packages/airflow/example_dags/tutorial_dag.py
[2026-05-06T23:38:06.181+0000] {processor.py:840} INFO - DAG(s) 'tutorial_dag' retrieved from /usr/local/python/3.12.1/lib/python3.12/site-packages/airflow/example_dags/tutorial_dag.py
[2026-05-06T23:38:06.195+0000] {logging_mixin.py:188} INFO - [2026-05-06T23:38:06.195+0000] {dag.py:3096} INFO - Sync 1 DAGs
[2026-05-06T23:38:06.205+0000] {logging_mixin.py:188} INFO - [2026-05-06T23:38:06.204+0000] {dag.py:3954} INFO - Setting next_dagrun for tutorial_dag to None, run_after=None
[2026-05-06T23:38:06.223+0000] {processor.py:183} INFO - Processing /usr/local/python/3.12.1/lib/python3.12/site-packages/airflow/example_dags/tutorial_dag.py took 0.053 seconds
[2026-05-06T23:38:44.750+0000] {processor.py:161} INFO - Started process (PID=24040) to work on /usr/local/python/3.12.1/lib/python3.12/site-packages/airflow/example_dags/tutorial_dag.py
[2026-05-06T23:38:44.751+0000] {processor.py:830} INFO - Processing file /usr/local/python/3.12.1/lib/python3.12/site-packages/airflow/example_dags/tutorial_dag.py for tasks to queue
[2026-05-06T23:38:44.753+0000] {logging_mixin.py:188} INFO - [2026-05-06T23:38:44.752+0000] {dagbag.py:545} INFO - Filling up the DagBag from /usr/local/python/3.12.1/lib/python3.12/site-packages/airflow/example_dags/tutorial_dag.py
[2026-05-06T23:38:44.757+0000] {processor.py:840} INFO - DAG(s) 'tutorial_dag' retrieved from /usr/local/python/3.12.1/lib/python3.12/site-packages/airflow/example_dags/tutorial_dag.py
[2026-05-06T23:38:44.771+0000] {logging_mixin.py:188} INFO - [2026-05-06T23:38:44.770+0000] {dag.py:3096} INFO - Sync 1 DAGs
[2026-05-06T23:38:44.780+0000] {logging_mixin.py:188} INFO - [2026-05-06T23:38:44.780+0000] {dag.py:3954} INFO - Setting next_dagrun for tutorial_dag to None, run_after=None
[2026-05-06T23:38:44.797+0000] {processor.py:183} INFO - Processing /usr/local/python/3.12.1/lib/python3.12/site-packages/airflow/example_dags/tutorial_dag.py took 0.052 seconds
[2026-05-06T23:39:23.200+0000] {processor.py:161} INFO - Started process (PID=24343) to work on /usr/local/python/3.12.1/lib/python3.12/site-packages/airflow/example_dags/tutorial_dag.py
[2026-05-06T23:39:23.201+0000] {processor.py:830} INFO - Processing file /usr/local/python/3.12.1/lib/python3.12/site-packages/airflow/example_dags/tutorial_dag.py for tasks to queue
[2026-05-06T23:39:23.202+0000] {logging_mixin.py:188} INFO - [2026-05-06T23:39:23.202+0000] {dagbag.py:545} INFO - Filling up the DagBag from /usr/local/python/3.12.1/lib/python3.12/site-packages/airflow/example_dags/tutorial_dag.py
[2026-05-06T23:39:23.207+0000] {processor.py:840} INFO - DAG(s) 'tutorial_dag' retrieved from /usr/local/python/3.12.1/lib/python3.12/site-packages/airflow/example_dags/tutorial_dag.py
[2026-05-06T23:39:23.220+0000] {logging_mixin.py:188} INFO - [2026-05-06T23:39:23.220+0000] {dag.py:3096} INFO - Sync 1 DAGs
[2026-05-06T23:39:23.230+0000] {logging_mixin.py:188} INFO - [2026-05-06T23:39:23.229+0000] {dag.py:3954} INFO - Setting next_dagrun for tutorial_dag to None, run_after=None
[2026-05-06T23:39:23.248+0000] {processor.py:183} INFO - Processing /usr/local/python/3.12.1/lib/python3.12/site-packages/airflow/example_dags/tutorial_dag.py took 0.053 seconds
[2026-05-06T23:40:01.236+0000] {processor.py:161} INFO - Started process (PID=24649) to work on /usr/local/python/3.12.1/lib/python3.12/site-packages/airflow/example_dags/tutorial_dag.py
[2026-05-06T23:40:01.237+0000] {processor.py:830} INFO - Processing file /usr/local/python/3.12.1/lib/python3.12/site-packages/airflow/example_dags/tutorial_dag.py for tasks to queue
[2026-05-06T23:40:01.238+0000] {logging_mixin.py:188} INFO - [2026-05-06T23:40:01.238+0000] {dagbag.py:545} INFO - Filling up the DagBag from /usr/local/python/3.12.1/lib/python3.12/site-packages/airflow/example_dags/tutorial_dag.py
[2026-05-06T23:40:01.243+0000] {processor.py:840} INFO - DAG(s) 'tutorial_dag' retrieved from /usr/local/python/3.12.1/lib/python3.12/site-packages/airflow/example_dags/tutorial_dag.py
[2026-05-06T23:40:01.257+0000] {logging_mixin.py:188} INFO - [2026-05-06T23:40:01.257+0000] {dag.py:3096} INFO - Sync 1 DAGs
[2026-05-06T23:40:01.267+0000] {logging_mixin.py:188} INFO - [2026-05-06T23:40:01.267+0000] {dag.py:3954} INFO - Setting next_dagrun for tutorial_dag to None, run_after=None
[2026-05-06T23:40:01.287+0000] {processor.py:183} INFO - Processing /usr/local/python/3.12.1/lib/python3.12/site-packages/airflow/example_dags/tutorial_dag.py took 0.056 seconds
[2026-05-06T23:40:42.871+0000] {processor.py:161} INFO - Started process (PID=24965) to work on /usr/local/python/3.12.1/lib/python3.12/site-packages/airflow/example_dags/tutorial_dag.py
[2026-05-06T23:40:42.872+0000] {processor.py:830} INFO - Processing file /usr/local/python/3.12.1/lib/python3.12/site-packages/airflow/example_dags/tutorial_dag.py for tasks to queue
[2026-05-06T23:40:42.873+0000] {logging_mixin.py:188} INFO - [2026-05-06T23:40:42.873+0000] {dagbag.py:545} INFO - Filling up the DagBag from /usr/local/python/3.12.1/lib/python3.12/site-packages/airflow/example_dags/tutorial_dag.py
[2026-05-06T23:40:42.878+0000] {processor.py:840} INFO - DAG(s) 'tutorial_dag' retrieved from /usr/local/python/3.12.1/lib/python3.12/site-packages/airflow/example_dags/tutorial_dag.py
[2026-05-06T23:40:42.891+0000] {logging_mixin.py:188} INFO - [2026-05-06T23:40:42.891+0000] {dag.py:3096} INFO - Sync 1 DAGs
[2026-05-06T23:40:42.901+0000] {logging_mixin.py:188} INFO - [2026-05-06T23:40:42.900+0000] {dag.py:3954} INFO - Setting next_dagrun for tutorial_dag to None, run_after=None
[2026-05-06T23:40:42.919+0000] {processor.py:183} INFO - Processing /usr/local/python/3.12.1/lib/python3.12/site-packages/airflow/example_dags/tutorial_dag.py took 0.053 seconds
[2026-05-06T23:41:22.922+0000] {processor.py:161} INFO - Started process (PID=25286) to work on /usr/local/python/3.12.1/lib/python3.12/site-packages/airflow/example_dags/tutorial_dag.py
[2026-05-06T23:41:22.923+0000] {processor.py:830} INFO - Processing file /usr/local/python/3.12.1/lib/python3.12/site-packages/airflow/example_dags/tutorial_dag.py for tasks to queue
[2026-05-06T23:41:22.924+0000] {logging_mixin.py:188} INFO - [2026-05-06T23:41:22.924+0000] {dagbag.py:545} INFO - Filling up the DagBag from /usr/local/python/3.12.1/lib/python3.12/site-packages/airflow/example_dags/tutorial_dag.py
[2026-05-06T23:41:22.929+0000] {processor.py:840} INFO - DAG(s) 'tutorial_dag' retrieved from /usr/local/python/3.12.1/lib/python3.12/site-packages/airflow/example_dags/tutorial_dag.py
[2026-05-06T23:41:22.942+0000] {logging_mixin.py:188} INFO - [2026-05-06T23:41:22.942+0000] {dag.py:3096} INFO - Sync 1 DAGs
[2026-05-06T23:41:22.951+0000] {logging_mixin.py:188} INFO - [2026-05-06T23:41:22.951+0000] {dag.py:3954} INFO - Setting next_dagrun for tutorial_dag to None, run_after=None
[2026-05-06T23:41:22.970+0000] {processor.py:183} INFO - Processing /usr/local/python/3.12.1/lib/python3.12/site-packages/airflow/example_dags/tutorial_dag.py took 0.053 seconds
[2026-05-06T23:42:01.884+0000] {processor.py:161} INFO - Started process (PID=25566) to work on /usr/local/python/3.12.1/lib/python3.12/site-packages/airflow/example_dags/tutorial_dag.py
[2026-05-06T23:42:01.885+0000] {processor.py:830} INFO - Processing file /usr/local/python/3.12.1/lib/python3.12/site-packages/airflow/example_dags/tutorial_dag.py for tasks to queue
[2026-05-06T23:42:01.886+0000] {logging_mixin.py:188} INFO - [2026-05-06T23:42:01.886+0000] {dagbag.py:545} INFO - Filling up the DagBag from /usr/local/python/3.12.1/lib/python3.12/site-packages/airflow/example_dags/tutorial_dag.py
[2026-05-06T23:42:01.891+0000] {processor.py:840} INFO - DAG(s) 'tutorial_dag' retrieved from /usr/local/python/3.12.1/lib/python3.12/site-packages/airflow/example_dags/tutorial_dag.py
[2026-05-06T23:42:01.905+0000] {logging_mixin.py:188} INFO - [2026-05-06T23:42:01.905+0000] {dag.py:3096} INFO - Sync 1 DAGs
[2026-05-06T23:42:01.914+0000] {logging_mixin.py:188} INFO - [2026-05-06T23:42:01.914+0000] {dag.py:3954} INFO - Setting next_dagrun for tutorial_dag to None, run_after=None
[2026-05-06T23:42:01.932+0000] {processor.py:183} INFO - Processing /usr/local/python/3.12.1/lib/python3.12/site-packages/airflow/example_dags/tutorial_dag.py took 0.053 seconds
[2026-05-06T23:42:44.452+0000] {processor.py:161} INFO - Started process (PID=25912) to work on /usr/local/python/3.12.1/lib/python3.12/site-packages/airflow/example_dags/tutorial_dag.py
[2026-05-06T23:42:44.453+0000] {processor.py:830} INFO - Processing file /usr/local/python/3.12.1/lib/python3.12/site-packages/airflow/example_dags/tutorial_dag.py for tasks to queue
[2026-05-06T23:42:44.454+0000] {logging_mixin.py:188} INFO - [2026-05-06T23:42:44.454+0000] {dagbag.py:545} INFO - Filling up the DagBag from /usr/local/python/3.12.1/lib/python3.12/site-packages/airflow/example_dags/tutorial_dag.py
[2026-05-06T23:42:44.459+0000] {processor.py:840} INFO - DAG(s) 'tutorial_dag' retrieved from /usr/local/python/3.12.1/lib/python3.12/site-packages/airflow/example_dags/tutorial_dag.py
[2026-05-06T23:42:44.473+0000] {logging_mixin.py:188} INFO - [2026-05-06T23:42:44.473+0000] {dag.py:3096} INFO - Sync 1 DAGs
[2026-05-06T23:42:44.483+0000] {logging_mixin.py:188} INFO - [2026-05-06T23:42:44.483+0000] {dag.py:3954} INFO - Setting next_dagrun for tutorial_dag to None, run_after=None
[2026-05-06T23:42:44.501+0000] {processor.py:183} INFO - Processing /usr/local/python/3.12.1/lib/python3.12/site-packages/airflow/example_dags/tutorial_dag.py took 0.054 seconds
[2026-05-06T23:43:26.205+0000] {processor.py:161} INFO - Started process (PID=26231) to work on /usr/local/python/3.12.1/lib/python3.12/site-packages/airflow/example_dags/tutorial_dag.py
[2026-05-06T23:43:26.206+0000] {processor.py:830} INFO - Processing file /usr/local/python/3.12.1/lib/python3.12/site-packages/airflow/example_dags/tutorial_dag.py for tasks to queue
[2026-05-06T23:43:26.207+0000] {logging_mixin.py:188} INFO - [2026-05-06T23:43:26.207+0000] {dagbag.py:545} INFO - Filling up the DagBag from /usr/local/python/3.12.1/lib/python3.12/site-packages/airflow/example_dags/tutorial_dag.py
[2026-05-06T23:43:26.212+0000] {processor.py:840} INFO - DAG(s) 'tutorial_dag' retrieved from /usr/local/python/3.12.1/lib/python3.12/site-packages/airflow/example_dags/tutorial_dag.py
[2026-05-06T23:43:26.226+0000] {logging_mixin.py:188} INFO - [2026-05-06T23:43:26.225+0000] {dag.py:3096} INFO - Sync 1 DAGs
[2026-05-06T23:43:26.235+0000] {logging_mixin.py:188} INFO - [2026-05-06T23:43:26.235+0000] {dag.py:3954} INFO - Setting next_dagrun for tutorial_dag to None, run_after=None
[2026-05-06T23:43:26.253+0000] {processor.py:183} INFO - Processing /usr/local/python/3.12.1/lib/python3.12/site-packages/airflow/example_dags/tutorial_dag.py took 0.052 seconds
[2026-05-06T23:44:03.815+0000] {processor.py:161} INFO - Started process (PID=26508) to work on /usr/local/python/3.12.1/lib/python3.12/site-packages/airflow/example_dags/tutorial_dag.py
[2026-05-06T23:44:03.815+0000] {processor.py:830} INFO - Processing file /usr/local/python/3.12.1/lib/python3.12/site-packages/airflow/example_dags/tutorial_dag.py for tasks to queue
[2026-05-06T23:44:03.817+0000] {logging_mixin.py:188} INFO - [2026-05-06T23:44:03.817+0000] {dagbag.py:545} INFO - Filling up the DagBag from /usr/local/python/3.12.1/lib/python3.12/site-packages/airflow/example_dags/tutorial_dag.py
[2026-05-06T23:44:03.824+0000] {processor.py:840} INFO - DAG(s) 'tutorial_dag' retrieved from /usr/local/python/3.12.1/lib/python3.12/site-packages/airflow/example_dags/tutorial_dag.py
[2026-05-06T23:44:03.865+0000] {logging_mixin.py:188} INFO - [2026-05-06T23:44:03.864+0000] {dag.py:3096} INFO - Sync 1 DAGs
[2026-05-06T23:44:03.875+0000] {logging_mixin.py:188} INFO - [2026-05-06T23:44:03.874+0000] {dag.py:3954} INFO - Setting next_dagrun for tutorial_dag to None, run_after=None
[2026-05-06T23:44:03.891+0000] {processor.py:183} INFO - Processing /usr/local/python/3.12.1/lib/python3.12/site-packages/airflow/example_dags/tutorial_dag.py took 0.082 seconds
[2026-05-06T23:44:43.884+0000] {processor.py:161} INFO - Started process (PID=26827) to work on /usr/local/python/3.12.1/lib/python3.12/site-packages/airflow/example_dags/tutorial_dag.py
[2026-05-06T23:44:43.885+0000] {processor.py:830} INFO - Processing file /usr/local/python/3.12.1/lib/python3.12/site-packages/airflow/example_dags/tutorial_dag.py for tasks to queue
[2026-05-06T23:44:43.886+0000] {logging_mixin.py:188} INFO - [2026-05-06T23:44:43.886+0000] {dagbag.py:545} INFO - Filling up the DagBag from /usr/local/python/3.12.1/lib/python3.12/site-packages/airflow/example_dags/tutorial_dag.py
[2026-05-06T23:44:43.891+0000] {processor.py:840} INFO - DAG(s) 'tutorial_dag' retrieved from /usr/local/python/3.12.1/lib/python3.12/site-packages/airflow/example_dags/tutorial_dag.py
[2026-05-06T23:44:43.904+0000] {logging_mixin.py:188} INFO - [2026-05-06T23:44:43.904+0000] {dag.py:3096} INFO - Sync 1 DAGs
[2026-05-06T23:44:43.913+0000] {logging_mixin.py:188} INFO - [2026-05-06T23:44:43.913+0000] {dag.py:3954} INFO - Setting next_dagrun for tutorial_dag to None, run_after=None
[2026-05-06T23:44:43.931+0000] {processor.py:183} INFO - Processing /usr/local/python/3.12.1/lib/python3.12/site-packages/airflow/example_dags/tutorial_dag.py took 0.052 seconds
[2026-05-06T23:45:20.902+0000] {processor.py:161} INFO - Started process (PID=27118) to work on /usr/local/python/3.12.1/lib/python3.12/site-packages/airflow/example_dags/tutorial_dag.py
[2026-05-06T23:45:20.903+0000] {processor.py:830} INFO - Processing file /usr/local/python/3.12.1/lib/python3.12/site-packages/airflow/example_dags/tutorial_dag.py for tasks to queue
[2026-05-06T23:45:20.904+0000] {logging_mixin.py:188} INFO - [2026-05-06T23:45:20.904+0000] {dagbag.py:545} INFO - Filling up the DagBag from /usr/local/python/3.12.1/lib/python3.12/site-packages/airflow/example_dags/tutorial_dag.py
[2026-05-06T23:45:20.909+0000] {processor.py:840} INFO - DAG(s) 'tutorial_dag' retrieved from /usr/local/python/3.12.1/lib/python3.12/site-packages/airflow/example_dags/tutorial_dag.py
[2026-05-06T23:45:20.922+0000] {logging_mixin.py:188} INFO - [2026-05-06T23:45:20.922+0000] {dag.py:3096} INFO - Sync 1 DAGs
[2026-05-06T23:45:20.932+0000] {logging_mixin.py:188} INFO - [2026-05-06T23:45:20.932+0000] {dag.py:3954} INFO - Setting next_dagrun for tutorial_dag to None, run_after=None
[2026-05-06T23:45:20.949+0000] {processor.py:183} INFO - Processing /usr/local/python/3.12.1/lib/python3.12/site-packages/airflow/example_dags/tutorial_dag.py took 0.052 seconds
[2026-05-06T23:45:59.815+0000] {processor.py:161} INFO - Started process (PID=27426) to work on /usr/local/python/3.12.1/lib/python3.12/site-packages/airflow/example_dags/tutorial_dag.py
[2026-05-06T23:45:59.816+0000] {processor.py:830} INFO - Processing file /usr/local/python/3.12.1/lib/python3.12/site-packages/airflow/example_dags/tutorial_dag.py for tasks to queue
[2026-05-06T23:45:59.818+0000] {logging_mixin.py:188} INFO - [2026-05-06T23:45:59.817+0000] {dagbag.py:545} INFO - Filling up the DagBag from /usr/local/python/3.12.1/lib/python3.12/site-packages/airflow/example_dags/tutorial_dag.py
[2026-05-06T23:45:59.822+0000] {processor.py:840} INFO - DAG(s) 'tutorial_dag' retrieved from /usr/local/python/3.12.1/lib/python3.12/site-packages/airflow/example_dags/tutorial_dag.py
[2026-05-06T23:45:59.835+0000] {logging_mixin.py:188} INFO - [2026-05-06T23:45:59.835+0000] {dag.py:3096} INFO - Sync 1 DAGs
[2026-05-06T23:45:59.845+0000] {logging_mixin.py:188} INFO - [2026-05-06T23:45:59.844+0000] {dag.py:3954} INFO - Setting next_dagrun for tutorial_dag to None, run_after=None
[2026-05-06T23:45:59.862+0000] {processor.py:183} INFO - Processing /usr/local/python/3.12.1/lib/python3.12/site-packages/airflow/example_dags/tutorial_dag.py took 0.052 seconds
[2026-05-06T23:46:40.156+0000] {processor.py:161} INFO - Started process (PID=27743) to work on /usr/local/python/3.12.1/lib/python3.12/site-packages/airflow/example_dags/tutorial_dag.py
[2026-05-06T23:46:40.157+0000] {processor.py:830} INFO - Processing file /usr/local/python/3.12.1/lib/python3.12/site-packages/airflow/example_dags/tutorial_dag.py for tasks to queue
[2026-05-06T23:46:40.158+0000] {logging_mixin.py:188} INFO - [2026-05-06T23:46:40.158+0000] {dagbag.py:545} INFO - Filling up the DagBag from /usr/local/python/3.12.1/lib/python3.12/site-packages/airflow/example_dags/tutorial_dag.py
[2026-05-06T23:46:40.164+0000] {processor.py:840} INFO - DAG(s) 'tutorial_dag' retrieved from /usr/local/python/3.12.1/lib/python3.12/site-packages/airflow/example_dags/tutorial_dag.py
[2026-05-06T23:46:40.178+0000] {logging_mixin.py:188} INFO - [2026-05-06T23:46:40.178+0000] {dag.py:3096} INFO - Sync 1 DAGs
[2026-05-06T23:46:40.188+0000] {logging_mixin.py:188} INFO - [2026-05-06T23:46:40.188+0000] {dag.py:3954} INFO - Setting next_dagrun for tutorial_dag to None, run_after=None
[2026-05-06T23:46:40.208+0000] {processor.py:183} INFO - Processing /usr/local/python/3.12.1/lib/python3.12/site-packages/airflow/example_dags/tutorial_dag.py took 0.057 seconds
[2026-05-06T23:47:38.491+0000] {processor.py:161} INFO - Started process (PID=28201) to work on /usr/local/python/3.12.1/lib/python3.12/site-packages/airflow/example_dags/tutorial_dag.py
[2026-05-06T23:47:38.492+0000] {processor.py:830} INFO - Processing file /usr/local/python/3.12.1/lib/python3.12/site-packages/airflow/example_dags/tutorial_dag.py for tasks to queue
[2026-05-06T23:47:38.494+0000] {logging_mixin.py:188} INFO - [2026-05-06T23:47:38.493+0000] {dagbag.py:545} INFO - Filling up the DagBag from /usr/local/python/3.12.1/lib/python3.12/site-packages/airflow/example_dags/tutorial_dag.py
[2026-05-06T23:47:38.501+0000] {processor.py:840} INFO - DAG(s) 'tutorial_dag' retrieved from /usr/local/python/3.12.1/lib/python3.12/site-packages/airflow/example_dags/tutorial_dag.py
[2026-05-06T23:47:38.516+0000] {logging_mixin.py:188} INFO - [2026-05-06T23:47:38.516+0000] {dag.py:3096} INFO - Sync 1 DAGs
[2026-05-06T23:47:38.525+0000] {logging_mixin.py:188} INFO - [2026-05-06T23:47:38.525+0000] {dag.py:3954} INFO - Setting next_dagrun for tutorial_dag to None, run_after=None
[2026-05-06T23:47:38.542+0000] {processor.py:183} INFO - Processing /usr/local/python/3.12.1/lib/python3.12/site-packages/airflow/example_dags/tutorial_dag.py took 0.058 seconds
[2026-05-06T23:48:19.011+0000] {processor.py:161} INFO - Started process (PID=28517) to work on /usr/local/python/3.12.1/lib/python3.12/site-packages/airflow/example_dags/tutorial_dag.py
[2026-05-06T23:48:19.012+0000] {processor.py:830} INFO - Processing file /usr/local/python/3.12.1/lib/python3.12/site-packages/airflow/example_dags/tutorial_dag.py for tasks to queue
[2026-05-06T23:48:19.013+0000] {logging_mixin.py:188} INFO - [2026-05-06T23:48:19.013+0000] {dagbag.py:545} INFO - Filling up the DagBag from /usr/local/python/3.12.1/lib/python3.12/site-packages/airflow/example_dags/tutorial_dag.py
[2026-05-06T23:48:19.019+0000] {processor.py:840} INFO - DAG(s) 'tutorial_dag' retrieved from /usr/local/python/3.12.1/lib/python3.12/site-packages/airflow/example_dags/tutorial_dag.py
[2026-05-06T23:48:19.032+0000] {logging_mixin.py:188} INFO - [2026-05-06T23:48:19.032+0000] {dag.py:3096} INFO - Sync 1 DAGs
[2026-05-06T23:48:19.043+0000] {logging_mixin.py:188} INFO - [2026-05-06T23:48:19.043+0000] {dag.py:3954} INFO - Setting next_dagrun for tutorial_dag to None, run_after=None
[2026-05-06T23:48:19.061+0000] {processor.py:183} INFO - Processing /usr/local/python/3.12.1/lib/python3.12/site-packages/airflow/example_dags/tutorial_dag.py took 0.055 seconds
[2026-05-06T23:48:59.548+0000] {processor.py:161} INFO - Started process (PID=28835) to work on /usr/local/python/3.12.1/lib/python3.12/site-packages/airflow/example_dags/tutorial_dag.py
[2026-05-06T23:48:59.549+0000] {processor.py:830} INFO - Processing file /usr/local/python/3.12.1/lib/python3.12/site-packages/airflow/example_dags/tutorial_dag.py for tasks to queue
[2026-05-06T23:48:59.550+0000] {logging_mixin.py:188} INFO - [2026-05-06T23:48:59.550+0000] {dagbag.py:545} INFO - Filling up the DagBag from /usr/local/python/3.12.1/lib/python3.12/site-packages/airflow/example_dags/tutorial_dag.py
[2026-05-06T23:48:59.555+0000] {processor.py:840} INFO - DAG(s) 'tutorial_dag' retrieved from /usr/local/python/3.12.1/lib/python3.12/site-packages/airflow/example_dags/tutorial_dag.py
[2026-05-06T23:48:59.569+0000] {logging_mixin.py:188} INFO - [2026-05-06T23:48:59.569+0000] {dag.py:3096} INFO - Sync 1 DAGs
[2026-05-06T23:48:59.578+0000] {logging_mixin.py:188} INFO - [2026-05-06T23:48:59.578+0000] {dag.py:3954} INFO - Setting next_dagrun for tutorial_dag to None, run_after=None
[2026-05-06T23:48:59.596+0000] {processor.py:183} INFO - Processing /usr/local/python/3.12.1/lib/python3.12/site-packages/airflow/example_dags/tutorial_dag.py took 0.052 seconds
[2026-05-06T23:49:37.313+0000] {processor.py:161} INFO - Started process (PID=29121) to work on /usr/local/python/3.12.1/lib/python3.12/site-packages/airflow/example_dags/tutorial_dag.py
[2026-05-06T23:49:37.314+0000] {processor.py:830} INFO - Processing file /usr/local/python/3.12.1/lib/python3.12/site-packages/airflow/example_dags/tutorial_dag.py for tasks to queue
[2026-05-06T23:49:37.316+0000] {logging_mixin.py:188} INFO - [2026-05-06T23:49:37.315+0000] {dagbag.py:545} INFO - Filling up the DagBag from /usr/local/python/3.12.1/lib/python3.12/site-packages/airflow/example_dags/tutorial_dag.py
[2026-05-06T23:49:37.321+0000] {processor.py:840} INFO - DAG(s) 'tutorial_dag' retrieved from /usr/local/python/3.12.1/lib/python3.12/site-packages/airflow/example_dags/tutorial_dag.py
[2026-05-06T23:49:37.333+0000] {logging_mixin.py:188} INFO - [2026-05-06T23:49:37.333+0000] {dag.py:3096} INFO - Sync 1 DAGs
[2026-05-06T23:49:37.343+0000] {logging_mixin.py:188} INFO - [2026-05-06T23:49:37.343+0000] {dag.py:3954} INFO - Setting next_dagrun for tutorial_dag to None, run_after=None
[2026-05-06T23:49:37.360+0000] {processor.py:183} INFO - Processing /usr/local/python/3.12.1/lib/python3.12/site-packages/airflow/example_dags/tutorial_dag.py took 0.052 seconds
[2026-05-06T23:50:31.462+0000] {processor.py:161} INFO - Started process (PID=29551) to work on /usr/local/python/3.12.1/lib/python3.12/site-packages/airflow/example_dags/tutorial_dag.py
[2026-05-06T23:50:31.463+0000] {processor.py:830} INFO - Processing file /usr/local/python/3.12.1/lib/python3.12/site-packages/airflow/example_dags/tutorial_dag.py for tasks to queue
[2026-05-06T23:50:31.465+0000] {logging_mixin.py:188} INFO - [2026-05-06T23:50:31.464+0000] {dagbag.py:545} INFO - Filling up the DagBag from /usr/local/python/3.12.1/lib/python3.12/site-packages/airflow/example_dags/tutorial_dag.py
[2026-05-06T23:50:31.469+0000] {processor.py:840} INFO - DAG(s) 'tutorial_dag' retrieved from /usr/local/python/3.12.1/lib/python3.12/site-packages/airflow/example_dags/tutorial_dag.py
[2026-05-06T23:50:31.482+0000] {logging_mixin.py:188} INFO - [2026-05-06T23:50:31.482+0000] {dag.py:3096} INFO - Sync 1 DAGs
[2026-05-06T23:50:31.491+0000] {logging_mixin.py:188} INFO - [2026-05-06T23:50:31.491+0000] {dag.py:3954} INFO - Setting next_dagrun for tutorial_dag to None, run_after=None
[2026-05-06T23:50:31.509+0000] {processor.py:183} INFO - Processing /usr/local/python/3.12.1/lib/python3.12/site-packages/airflow/example_dags/tutorial_dag.py took 0.052 seconds
[2026-05-06T23:51:12.402+0000] {processor.py:161} INFO - Started process (PID=29869) to work on /usr/local/python/3.12.1/lib/python3.12/site-packages/airflow/example_dags/tutorial_dag.py
[2026-05-06T23:51:12.402+0000] {processor.py:830} INFO - Processing file /usr/local/python/3.12.1/lib/python3.12/site-packages/airflow/example_dags/tutorial_dag.py for tasks to queue
[2026-05-06T23:51:12.404+0000] {logging_mixin.py:188} INFO - [2026-05-06T23:51:12.403+0000] {dagbag.py:545} INFO - Filling up the DagBag from /usr/local/python/3.12.1/lib/python3.12/site-packages/airflow/example_dags/tutorial_dag.py
[2026-05-06T23:51:12.408+0000] {processor.py:840} INFO - DAG(s) 'tutorial_dag' retrieved from /usr/local/python/3.12.1/lib/python3.12/site-packages/airflow/example_dags/tutorial_dag.py
[2026-05-06T23:51:12.422+0000] {logging_mixin.py:188} INFO - [2026-05-06T23:51:12.421+0000] {dag.py:3096} INFO - Sync 1 DAGs
[2026-05-06T23:51:12.431+0000] {logging_mixin.py:188} INFO - [2026-05-06T23:51:12.431+0000] {dag.py:3954} INFO - Setting next_dagrun for tutorial_dag to None, run_after=None
[2026-05-06T23:51:12.452+0000] {processor.py:183} INFO - Processing /usr/local/python/3.12.1/lib/python3.12/site-packages/airflow/example_dags/tutorial_dag.py took 0.055 seconds
[2026-05-06T23:52:06.564+0000] {processor.py:161} INFO - Started process (PID=30290) to work on /usr/local/python/3.12.1/lib/python3.12/site-packages/airflow/example_dags/tutorial_dag.py
[2026-05-06T23:52:06.565+0000] {processor.py:830} INFO - Processing file /usr/local/python/3.12.1/lib/python3.12/site-packages/airflow/example_dags/tutorial_dag.py for tasks to queue
[2026-05-06T23:52:06.566+0000] {logging_mixin.py:188} INFO - [2026-05-06T23:52:06.566+0000] {dagbag.py:545} INFO - Filling up the DagBag from /usr/local/python/3.12.1/lib/python3.12/site-packages/airflow/example_dags/tutorial_dag.py
[2026-05-06T23:52:06.572+0000] {processor.py:840} INFO - DAG(s) 'tutorial_dag' retrieved from /usr/local/python/3.12.1/lib/python3.12/site-packages/airflow/example_dags/tutorial_dag.py
[2026-05-06T23:52:06.585+0000] {logging_mixin.py:188} INFO - [2026-05-06T23:52:06.584+0000] {dag.py:3096} INFO - Sync 1 DAGs
[2026-05-06T23:52:06.594+0000] {logging_mixin.py:188} INFO - [2026-05-06T23:52:06.594+0000] {dag.py:3954} INFO - Setting next_dagrun for tutorial_dag to None, run_after=None
[2026-05-06T23:52:06.611+0000] {processor.py:183} INFO - Processing /usr/local/python/3.12.1/lib/python3.12/site-packages/airflow/example_dags/tutorial_dag.py took 0.055 seconds
[2026-05-06T23:52:46.409+0000] {processor.py:161} INFO - Started process (PID=30599) to work on /usr/local/python/3.12.1/lib/python3.12/site-packages/airflow/example_dags/tutorial_dag.py
[2026-05-06T23:52:46.409+0000] {processor.py:830} INFO - Processing file /usr/local/python/3.12.1/lib/python3.12/site-packages/airflow/example_dags/tutorial_dag.py for tasks to queue
[2026-05-06T23:52:46.411+0000] {logging_mixin.py:188} INFO - [2026-05-06T23:52:46.410+0000] {dagbag.py:545} INFO - Filling up the DagBag from /usr/local/python/3.12.1/lib/python3.12/site-packages/airflow/example_dags/tutorial_dag.py
[2026-05-06T23:52:46.416+0000] {processor.py:840} INFO - DAG(s) 'tutorial_dag' retrieved from /usr/local/python/3.12.1/lib/python3.12/site-packages/airflow/example_dags/tutorial_dag.py
[2026-05-06T23:52:46.429+0000] {logging_mixin.py:188} INFO - [2026-05-06T23:52:46.429+0000] {dag.py:3096} INFO - Sync 1 DAGs
[2026-05-06T23:52:46.441+0000] {logging_mixin.py:188} INFO - [2026-05-06T23:52:46.440+0000] {dag.py:3954} INFO - Setting next_dagrun for tutorial_dag to None, run_after=None
[2026-05-06T23:52:46.462+0000] {processor.py:183} INFO - Processing /usr/local/python/3.12.1/lib/python3.12/site-packages/airflow/example_dags/tutorial_dag.py took 0.059 seconds
[2026-05-06T23:53:24.154+0000] {processor.py:161} INFO - Started process (PID=30898) to work on /usr/local/python/3.12.1/lib/python3.12/site-packages/airflow/example_dags/tutorial_dag.py
[2026-05-06T23:53:24.157+0000] {processor.py:830} INFO - Processing file /usr/local/python/3.12.1/lib/python3.12/site-packages/airflow/example_dags/tutorial_dag.py for tasks to queue
[2026-05-06T23:53:24.159+0000] {logging_mixin.py:188} INFO - [2026-05-06T23:53:24.158+0000] {dagbag.py:545} INFO - Filling up the DagBag from /usr/local/python/3.12.1/lib/python3.12/site-packages/airflow/example_dags/tutorial_dag.py
[2026-05-06T23:53:24.165+0000] {processor.py:840} INFO - DAG(s) 'tutorial_dag' retrieved from /usr/local/python/3.12.1/lib/python3.12/site-packages/airflow/example_dags/tutorial_dag.py
[2026-05-06T23:53:24.191+0000] {logging_mixin.py:188} INFO - [2026-05-06T23:53:24.190+0000] {dag.py:3096} INFO - Sync 1 DAGs
[2026-05-06T23:53:24.202+0000] {logging_mixin.py:188} INFO - [2026-05-06T23:53:24.201+0000] {dag.py:3954} INFO - Setting next_dagrun for tutorial_dag to None, run_after=None
[2026-05-06T23:53:24.219+0000] {processor.py:183} INFO - Processing /usr/local/python/3.12.1/lib/python3.12/site-packages/airflow/example_dags/tutorial_dag.py took 0.075 seconds
[2026-05-06T23:54:05.252+0000] {processor.py:161} INFO - Started process (PID=31218) to work on /usr/local/python/3.12.1/lib/python3.12/site-packages/airflow/example_dags/tutorial_dag.py
[2026-05-06T23:54:05.253+0000] {processor.py:830} INFO - Processing file /usr/local/python/3.12.1/lib/python3.12/site-packages/airflow/example_dags/tutorial_dag.py for tasks to queue
[2026-05-06T23:54:05.255+0000] {logging_mixin.py:188} INFO - [2026-05-06T23:54:05.254+0000] {dagbag.py:545} INFO - Filling up the DagBag from /usr/local/python/3.12.1/lib/python3.12/site-packages/airflow/example_dags/tutorial_dag.py
[2026-05-06T23:54:05.260+0000] {processor.py:840} INFO - DAG(s) 'tutorial_dag' retrieved from /usr/local/python/3.12.1/lib/python3.12/site-packages/airflow/example_dags/tutorial_dag.py
[2026-05-06T23:54:05.273+0000] {logging_mixin.py:188} INFO - [2026-05-06T23:54:05.273+0000] {dag.py:3096} INFO - Sync 1 DAGs
[2026-05-06T23:54:05.283+0000] {logging_mixin.py:188} INFO - [2026-05-06T23:54:05.282+0000] {dag.py:3954} INFO - Setting next_dagrun for tutorial_dag to None, run_after=None
[2026-05-06T23:54:05.300+0000] {processor.py:183} INFO - Processing /usr/local/python/3.12.1/lib/python3.12/site-packages/airflow/example_dags/tutorial_dag.py took 0.054 seconds
[2026-05-06T23:54:44.058+0000] {processor.py:161} INFO - Started process (PID=31524) to work on /usr/local/python/3.12.1/lib/python3.12/site-packages/airflow/example_dags/tutorial_dag.py
[2026-05-06T23:54:44.058+0000] {processor.py:830} INFO - Processing file /usr/local/python/3.12.1/lib/python3.12/site-packages/airflow/example_dags/tutorial_dag.py for tasks to queue
[2026-05-06T23:54:44.060+0000] {logging_mixin.py:188} INFO - [2026-05-06T23:54:44.060+0000] {dagbag.py:545} INFO - Filling up the DagBag from /usr/local/python/3.12.1/lib/python3.12/site-packages/airflow/example_dags/tutorial_dag.py
[2026-05-06T23:54:44.066+0000] {processor.py:840} INFO - DAG(s) 'tutorial_dag' retrieved from /usr/local/python/3.12.1/lib/python3.12/site-packages/airflow/example_dags/tutorial_dag.py
[2026-05-06T23:54:44.079+0000] {logging_mixin.py:188} INFO - [2026-05-06T23:54:44.079+0000] {dag.py:3096} INFO - Sync 1 DAGs
[2026-05-06T23:54:44.088+0000] {logging_mixin.py:188} INFO - [2026-05-06T23:54:44.088+0000] {dag.py:3954} INFO - Setting next_dagrun for tutorial_dag to None, run_after=None
[2026-05-06T23:54:44.105+0000] {processor.py:183} INFO - Processing /usr/local/python/3.12.1/lib/python3.12/site-packages/airflow/example_dags/tutorial_dag.py took 0.054 seconds
[2026-05-06T23:55:22.698+0000] {processor.py:161} INFO - Started process (PID=31873) to work on /usr/local/python/3.12.1/lib/python3.12/site-packages/airflow/example_dags/tutorial_dag.py
[2026-05-06T23:55:22.699+0000] {processor.py:830} INFO - Processing file /usr/local/python/3.12.1/lib/python3.12/site-packages/airflow/example_dags/tutorial_dag.py for tasks to queue
[2026-05-06T23:55:22.700+0000] {logging_mixin.py:188} INFO - [2026-05-06T23:55:22.700+0000] {dagbag.py:545} INFO - Filling up the DagBag from /usr/local/python/3.12.1/lib/python3.12/site-packages/airflow/example_dags/tutorial_dag.py
[2026-05-06T23:55:22.705+0000] {processor.py:840} INFO - DAG(s) 'tutorial_dag' retrieved from /usr/local/python/3.12.1/lib/python3.12/site-packages/airflow/example_dags/tutorial_dag.py
[2026-05-06T23:55:22.719+0000] {logging_mixin.py:188} INFO - [2026-05-06T23:55:22.719+0000] {dag.py:3096} INFO - Sync 1 DAGs
[2026-05-06T23:55:22.729+0000] {logging_mixin.py:188} INFO - [2026-05-06T23:55:22.728+0000] {dag.py:3954} INFO - Setting next_dagrun for tutorial_dag to None, run_after=None
[2026-05-06T23:55:22.747+0000] {processor.py:183} INFO - Processing /usr/local/python/3.12.1/lib/python3.12/site-packages/airflow/example_dags/tutorial_dag.py took 0.054 seconds
[2026-05-06T23:56:03.766+0000] {processor.py:161} INFO - Started process (PID=32187) to work on /usr/local/python/3.12.1/lib/python3.12/site-packages/airflow/example_dags/tutorial_dag.py
[2026-05-06T23:56:03.766+0000] {processor.py:830} INFO - Processing file /usr/local/python/3.12.1/lib/python3.12/site-packages/airflow/example_dags/tutorial_dag.py for tasks to queue
[2026-05-06T23:56:03.768+0000] {logging_mixin.py:188} INFO - [2026-05-06T23:56:03.768+0000] {dagbag.py:545} INFO - Filling up the DagBag from /usr/local/python/3.12.1/lib/python3.12/site-packages/airflow/example_dags/tutorial_dag.py
[2026-05-06T23:56:03.773+0000] {processor.py:840} INFO - DAG(s) 'tutorial_dag' retrieved from /usr/local/python/3.12.1/lib/python3.12/site-packages/airflow/example_dags/tutorial_dag.py
[2026-05-06T23:56:03.785+0000] {logging_mixin.py:188} INFO - [2026-05-06T23:56:03.785+0000] {dag.py:3096} INFO - Sync 1 DAGs
[2026-05-06T23:56:03.795+0000] {logging_mixin.py:188} INFO - [2026-05-06T23:56:03.795+0000] {dag.py:3954} INFO - Setting next_dagrun for tutorial_dag to None, run_after=None
[2026-05-06T23:56:03.812+0000] {processor.py:183} INFO - Processing /usr/local/python/3.12.1/lib/python3.12/site-packages/airflow/example_dags/tutorial_dag.py took 0.051 seconds
[2026-05-06T23:56:42.109+0000] {processor.py:161} INFO - Started process (PID=32489) to work on /usr/local/python/3.12.1/lib/python3.12/site-packages/airflow/example_dags/tutorial_dag.py
[2026-05-06T23:56:42.110+0000] {processor.py:830} INFO - Processing file /usr/local/python/3.12.1/lib/python3.12/site-packages/airflow/example_dags/tutorial_dag.py for tasks to queue
[2026-05-06T23:56:42.111+0000] {logging_mixin.py:188} INFO - [2026-05-06T23:56:42.111+0000] {dagbag.py:545} INFO - Filling up the DagBag from /usr/local/python/3.12.1/lib/python3.12/site-packages/airflow/example_dags/tutorial_dag.py
[2026-05-06T23:56:42.118+0000] {processor.py:840} INFO - DAG(s) 'tutorial_dag' retrieved from /usr/local/python/3.12.1/lib/python3.12/site-packages/airflow/example_dags/tutorial_dag.py
[2026-05-06T23:56:42.140+0000] {logging_mixin.py:188} INFO - [2026-05-06T23:56:42.139+0000] {dag.py:3096} INFO - Sync 1 DAGs
[2026-05-06T23:56:42.153+0000] {logging_mixin.py:188} INFO - [2026-05-06T23:56:42.152+0000] {dag.py:3954} INFO - Setting next_dagrun for tutorial_dag to None, run_after=None
[2026-05-06T23:56:42.169+0000] {processor.py:183} INFO - Processing /usr/local/python/3.12.1/lib/python3.12/site-packages/airflow/example_dags/tutorial_dag.py took 0.065 seconds
[2026-05-06T23:57:36.060+0000] {processor.py:161} INFO - Started process (PID=32763) to work on /usr/local/python/3.12.1/lib/python3.12/site-packages/airflow/example_dags/tutorial_dag.py
[2026-05-06T23:57:36.065+0000] {processor.py:830} INFO - Processing file /usr/local/python/3.12.1/lib/python3.12/site-packages/airflow/example_dags/tutorial_dag.py for tasks to queue
[2026-05-06T23:57:36.069+0000] {logging_mixin.py:188} INFO - [2026-05-06T23:57:36.066+0000] {dagbag.py:545} INFO - Filling up the DagBag from /usr/local/python/3.12.1/lib/python3.12/site-packages/airflow/example_dags/tutorial_dag.py
[2026-05-06T23:57:36.076+0000] {processor.py:840} INFO - DAG(s) 'tutorial_dag' retrieved from /usr/local/python/3.12.1/lib/python3.12/site-packages/airflow/example_dags/tutorial_dag.py
[2026-05-06T23:57:36.097+0000] {logging_mixin.py:188} INFO - [2026-05-06T23:57:36.097+0000] {dag.py:3096} INFO - Sync 1 DAGs
[2026-05-06T23:57:36.112+0000] {logging_mixin.py:188} INFO - [2026-05-06T23:57:36.111+0000] {dag.py:3954} INFO - Setting next_dagrun for tutorial_dag to None, run_after=None
[2026-05-06T23:57:36.142+0000] {processor.py:183} INFO - Processing /usr/local/python/3.12.1/lib/python3.12/site-packages/airflow/example_dags/tutorial_dag.py took 0.097 seconds
[2026-05-06T23:58:15.530+0000] {processor.py:161} INFO - Started process (PID=32949) to work on /usr/local/python/3.12.1/lib/python3.12/site-packages/airflow/example_dags/tutorial_dag.py
[2026-05-06T23:58:15.531+0000] {processor.py:830} INFO - Processing file /usr/local/python/3.12.1/lib/python3.12/site-packages/airflow/example_dags/tutorial_dag.py for tasks to queue
[2026-05-06T23:58:15.532+0000] {logging_mixin.py:188} INFO - [2026-05-06T23:58:15.532+0000] {dagbag.py:545} INFO - Filling up the DagBag from /usr/local/python/3.12.1/lib/python3.12/site-packages/airflow/example_dags/tutorial_dag.py
[2026-05-06T23:58:15.537+0000] {processor.py:840} INFO - DAG(s) 'tutorial_dag' retrieved from /usr/local/python/3.12.1/lib/python3.12/site-packages/airflow/example_dags/tutorial_dag.py
[2026-05-06T23:58:15.554+0000] {logging_mixin.py:188} INFO - [2026-05-06T23:58:15.554+0000] {dag.py:3096} INFO - Sync 1 DAGs
[2026-05-06T23:58:15.565+0000] {logging_mixin.py:188} INFO - [2026-05-06T23:58:15.564+0000] {dag.py:3954} INFO - Setting next_dagrun for tutorial_dag to None, run_after=None
[2026-05-06T23:58:15.583+0000] {processor.py:183} INFO - Processing /usr/local/python/3.12.1/lib/python3.12/site-packages/airflow/example_dags/tutorial_dag.py took 0.058 seconds
[2026-05-06T23:58:56.054+0000] {processor.py:161} INFO - Started process (PID=33152) to work on /usr/local/python/3.12.1/lib/python3.12/site-packages/airflow/example_dags/tutorial_dag.py
[2026-05-06T23:58:56.055+0000] {processor.py:830} INFO - Processing file /usr/local/python/3.12.1/lib/python3.12/site-packages/airflow/example_dags/tutorial_dag.py for tasks to queue
[2026-05-06T23:58:56.057+0000] {logging_mixin.py:188} INFO - [2026-05-06T23:58:56.056+0000] {dagbag.py:545} INFO - Filling up the DagBag from /usr/local/python/3.12.1/lib/python3.12/site-packages/airflow/example_dags/tutorial_dag.py
[2026-05-06T23:58:56.063+0000] {processor.py:840} INFO - DAG(s) 'tutorial_dag' retrieved from /usr/local/python/3.12.1/lib/python3.12/site-packages/airflow/example_dags/tutorial_dag.py
[2026-05-06T23:58:56.081+0000] {logging_mixin.py:188} INFO - [2026-05-06T23:58:56.080+0000] {dag.py:3096} INFO - Sync 1 DAGs
[2026-05-06T23:58:56.094+0000] {logging_mixin.py:188} INFO - [2026-05-06T23:58:56.093+0000] {dag.py:3954} INFO - Setting next_dagrun for tutorial_dag to None, run_after=None
[2026-05-06T23:58:56.119+0000] {processor.py:183} INFO - Processing /usr/local/python/3.12.1/lib/python3.12/site-packages/airflow/example_dags/tutorial_dag.py took 0.072 seconds
[2026-05-06T23:59:35.560+0000] {processor.py:161} INFO - Started process (PID=33345) to work on /usr/local/python/3.12.1/lib/python3.12/site-packages/airflow/example_dags/tutorial_dag.py
[2026-05-06T23:59:35.561+0000] {processor.py:830} INFO - Processing file /usr/local/python/3.12.1/lib/python3.12/site-packages/airflow/example_dags/tutorial_dag.py for tasks to queue
[2026-05-06T23:59:35.563+0000] {logging_mixin.py:188} INFO - [2026-05-06T23:59:35.562+0000] {dagbag.py:545} INFO - Filling up the DagBag from /usr/local/python/3.12.1/lib/python3.12/site-packages/airflow/example_dags/tutorial_dag.py
[2026-05-06T23:59:35.567+0000] {processor.py:840} INFO - DAG(s) 'tutorial_dag' retrieved from /usr/local/python/3.12.1/lib/python3.12/site-packages/airflow/example_dags/tutorial_dag.py
[2026-05-06T23:59:35.580+0000] {logging_mixin.py:188} INFO - [2026-05-06T23:59:35.580+0000] {dag.py:3096} INFO - Sync 1 DAGs
[2026-05-06T23:59:35.590+0000] {logging_mixin.py:188} INFO - [2026-05-06T23:59:35.590+0000] {dag.py:3954} INFO - Setting next_dagrun for tutorial_dag to None, run_after=None
[2026-05-06T23:59:35.608+0000] {processor.py:183} INFO - Processing /usr/local/python/3.12.1/lib/python3.12/site-packages/airflow/example_dags/tutorial_dag.py took 0.055 seconds
