[2026-05-06T23:18:39.255+0000] {processor.py:161} INFO - Started process (PID=13111) to work on /usr/local/python/3.12.1/lib/python3.12/site-packages/airflow/example_dags/tutorial_taskflow_api.py
[2026-05-06T23:18:39.256+0000] {processor.py:830} INFO - Processing file /usr/local/python/3.12.1/lib/python3.12/site-packages/airflow/example_dags/tutorial_taskflow_api.py for tasks to queue
[2026-05-06T23:18:39.258+0000] {logging_mixin.py:188} INFO - [2026-05-06T23:18:39.257+0000] {dagbag.py:545} INFO - Filling up the DagBag from /usr/local/python/3.12.1/lib/python3.12/site-packages/airflow/example_dags/tutorial_taskflow_api.py
[2026-05-06T23:18:39.268+0000] {processor.py:840} INFO - DAG(s) 'tutorial_taskflow_api' retrieved from /usr/local/python/3.12.1/lib/python3.12/site-packages/airflow/example_dags/tutorial_taskflow_api.py
[2026-05-06T23:18:39.442+0000] {logging_mixin.py:188} INFO - [2026-05-06T23:18:39.442+0000] {override.py:1829} INFO - Created Permission View: can delete on DAG:tutorial_taskflow_api
[2026-05-06T23:18:39.473+0000] {logging_mixin.py:188} INFO - [2026-05-06T23:18:39.472+0000] {override.py:1829} INFO - Created Permission View: can edit on DAG:tutorial_taskflow_api
[2026-05-06T23:18:39.491+0000] {logging_mixin.py:188} INFO - [2026-05-06T23:18:39.491+0000] {override.py:1829} INFO - Created Permission View: can read on DAG:tutorial_taskflow_api
[2026-05-06T23:18:39.492+0000] {logging_mixin.py:188} INFO - [2026-05-06T23:18:39.492+0000] {dag.py:3096} INFO - Sync 1 DAGs
[2026-05-06T23:18:39.514+0000] {logging_mixin.py:188} INFO - [2026-05-06T23:18:39.514+0000] {dag.py:3118} INFO - Creating ORM DAG for tutorial_taskflow_api
[2026-05-06T23:18:39.515+0000] {logging_mixin.py:188} INFO - [2026-05-06T23:18:39.515+0000] {dag.py:3954} INFO - Setting next_dagrun for tutorial_taskflow_api to None, run_after=None
[2026-05-06T23:18:39.540+0000] {processor.py:183} INFO - Processing /usr/local/python/3.12.1/lib/python3.12/site-packages/airflow/example_dags/tutorial_taskflow_api.py took 0.292 seconds
[2026-05-06T23:19:32.311+0000] {processor.py:161} INFO - Started process (PID=13543) to work on /usr/local/python/3.12.1/lib/python3.12/site-packages/airflow/example_dags/tutorial_taskflow_api.py
[2026-05-06T23:19:32.312+0000] {processor.py:830} INFO - Processing file /usr/local/python/3.12.1/lib/python3.12/site-packages/airflow/example_dags/tutorial_taskflow_api.py for tasks to queue
[2026-05-06T23:19:32.313+0000] {logging_mixin.py:188} INFO - [2026-05-06T23:19:32.313+0000] {dagbag.py:545} INFO - Filling up the DagBag from /usr/local/python/3.12.1/lib/python3.12/site-packages/airflow/example_dags/tutorial_taskflow_api.py
[2026-05-06T23:19:32.318+0000] {processor.py:840} INFO - DAG(s) 'tutorial_taskflow_api' retrieved from /usr/local/python/3.12.1/lib/python3.12/site-packages/airflow/example_dags/tutorial_taskflow_api.py
[2026-05-06T23:19:32.330+0000] {logging_mixin.py:188} INFO - [2026-05-06T23:19:32.330+0000] {dag.py:3096} INFO - Sync 1 DAGs
[2026-05-06T23:19:32.339+0000] {logging_mixin.py:188} INFO - [2026-05-06T23:19:32.339+0000] {dag.py:3954} INFO - Setting next_dagrun for tutorial_taskflow_api to None, run_after=None
[2026-05-06T23:19:32.355+0000] {processor.py:183} INFO - Processing /usr/local/python/3.12.1/lib/python3.12/site-packages/airflow/example_dags/tutorial_taskflow_api.py took 0.049 seconds
[2026-05-06T23:20:12.253+0000] {processor.py:161} INFO - Started process (PID=13934) to work on /usr/local/python/3.12.1/lib/python3.12/site-packages/airflow/example_dags/tutorial_taskflow_api.py
[2026-05-06T23:20:12.254+0000] {processor.py:830} INFO - Processing file /usr/local/python/3.12.1/lib/python3.12/site-packages/airflow/example_dags/tutorial_taskflow_api.py for tasks to queue
[2026-05-06T23:20:12.256+0000] {logging_mixin.py:188} INFO - [2026-05-06T23:20:12.255+0000] {dagbag.py:545} INFO - Filling up the DagBag from /usr/local/python/3.12.1/lib/python3.12/site-packages/airflow/example_dags/tutorial_taskflow_api.py
[2026-05-06T23:20:12.261+0000] {processor.py:840} INFO - DAG(s) 'tutorial_taskflow_api' retrieved from /usr/local/python/3.12.1/lib/python3.12/site-packages/airflow/example_dags/tutorial_taskflow_api.py
[2026-05-06T23:20:12.273+0000] {logging_mixin.py:188} INFO - [2026-05-06T23:20:12.273+0000] {dag.py:3096} INFO - Sync 1 DAGs
[2026-05-06T23:20:12.282+0000] {logging_mixin.py:188} INFO - [2026-05-06T23:20:12.282+0000] {dag.py:3954} INFO - Setting next_dagrun for tutorial_taskflow_api to None, run_after=None
[2026-05-06T23:20:12.298+0000] {processor.py:183} INFO - Processing /usr/local/python/3.12.1/lib/python3.12/site-packages/airflow/example_dags/tutorial_taskflow_api.py took 0.049 seconds
[2026-05-06T23:20:52.252+0000] {processor.py:161} INFO - Started process (PID=14271) to work on /usr/local/python/3.12.1/lib/python3.12/site-packages/airflow/example_dags/tutorial_taskflow_api.py
[2026-05-06T23:20:52.252+0000] {processor.py:830} INFO - Processing file /usr/local/python/3.12.1/lib/python3.12/site-packages/airflow/example_dags/tutorial_taskflow_api.py for tasks to queue
[2026-05-06T23:20:52.254+0000] {logging_mixin.py:188} INFO - [2026-05-06T23:20:52.253+0000] {dagbag.py:545} INFO - Filling up the DagBag from /usr/local/python/3.12.1/lib/python3.12/site-packages/airflow/example_dags/tutorial_taskflow_api.py
[2026-05-06T23:20:52.259+0000] {processor.py:840} INFO - DAG(s) 'tutorial_taskflow_api' retrieved from /usr/local/python/3.12.1/lib/python3.12/site-packages/airflow/example_dags/tutorial_taskflow_api.py
[2026-05-06T23:20:52.271+0000] {logging_mixin.py:188} INFO - [2026-05-06T23:20:52.271+0000] {dag.py:3096} INFO - Sync 1 DAGs
[2026-05-06T23:20:52.280+0000] {logging_mixin.py:188} INFO - [2026-05-06T23:20:52.280+0000] {dag.py:3954} INFO - Setting next_dagrun for tutorial_taskflow_api to None, run_after=None
[2026-05-06T23:20:52.297+0000] {processor.py:183} INFO - Processing /usr/local/python/3.12.1/lib/python3.12/site-packages/airflow/example_dags/tutorial_taskflow_api.py took 0.050 seconds
[2026-05-06T23:21:33.206+0000] {processor.py:161} INFO - Started process (PID=14691) to work on /usr/local/python/3.12.1/lib/python3.12/site-packages/airflow/example_dags/tutorial_taskflow_api.py
[2026-05-06T23:21:33.210+0000] {processor.py:830} INFO - Processing file /usr/local/python/3.12.1/lib/python3.12/site-packages/airflow/example_dags/tutorial_taskflow_api.py for tasks to queue
[2026-05-06T23:21:33.215+0000] {logging_mixin.py:188} INFO - [2026-05-06T23:21:33.214+0000] {dagbag.py:545} INFO - Filling up the DagBag from /usr/local/python/3.12.1/lib/python3.12/site-packages/airflow/example_dags/tutorial_taskflow_api.py
[2026-05-06T23:21:33.229+0000] {processor.py:840} INFO - DAG(s) 'tutorial_taskflow_api' retrieved from /usr/local/python/3.12.1/lib/python3.12/site-packages/airflow/example_dags/tutorial_taskflow_api.py
[2026-05-06T23:21:33.245+0000] {logging_mixin.py:188} INFO - [2026-05-06T23:21:33.245+0000] {dag.py:3096} INFO - Sync 1 DAGs
[2026-05-06T23:21:33.254+0000] {logging_mixin.py:188} INFO - [2026-05-06T23:21:33.254+0000] {dag.py:3954} INFO - Setting next_dagrun for tutorial_taskflow_api to None, run_after=None
[2026-05-06T23:21:33.270+0000] {processor.py:183} INFO - Processing /usr/local/python/3.12.1/lib/python3.12/site-packages/airflow/example_dags/tutorial_taskflow_api.py took 0.076 seconds
[2026-05-06T23:22:14.257+0000] {processor.py:161} INFO - Started process (PID=15008) to work on /usr/local/python/3.12.1/lib/python3.12/site-packages/airflow/example_dags/tutorial_taskflow_api.py
[2026-05-06T23:22:14.258+0000] {processor.py:830} INFO - Processing file /usr/local/python/3.12.1/lib/python3.12/site-packages/airflow/example_dags/tutorial_taskflow_api.py for tasks to queue
[2026-05-06T23:22:14.259+0000] {logging_mixin.py:188} INFO - [2026-05-06T23:22:14.259+0000] {dagbag.py:545} INFO - Filling up the DagBag from /usr/local/python/3.12.1/lib/python3.12/site-packages/airflow/example_dags/tutorial_taskflow_api.py
[2026-05-06T23:22:14.265+0000] {processor.py:840} INFO - DAG(s) 'tutorial_taskflow_api' retrieved from /usr/local/python/3.12.1/lib/python3.12/site-packages/airflow/example_dags/tutorial_taskflow_api.py
[2026-05-06T23:22:14.277+0000] {logging_mixin.py:188} INFO - [2026-05-06T23:22:14.277+0000] {dag.py:3096} INFO - Sync 1 DAGs
[2026-05-06T23:22:14.286+0000] {logging_mixin.py:188} INFO - [2026-05-06T23:22:14.286+0000] {dag.py:3954} INFO - Setting next_dagrun for tutorial_taskflow_api to None, run_after=None
[2026-05-06T23:22:14.303+0000] {processor.py:183} INFO - Processing /usr/local/python/3.12.1/lib/python3.12/site-packages/airflow/example_dags/tutorial_taskflow_api.py took 0.050 seconds
[2026-05-06T23:22:55.357+0000] {processor.py:161} INFO - Started process (PID=15418) to work on /usr/local/python/3.12.1/lib/python3.12/site-packages/airflow/example_dags/tutorial_taskflow_api.py
[2026-05-06T23:22:55.358+0000] {processor.py:830} INFO - Processing file /usr/local/python/3.12.1/lib/python3.12/site-packages/airflow/example_dags/tutorial_taskflow_api.py for tasks to queue
[2026-05-06T23:22:55.359+0000] {logging_mixin.py:188} INFO - [2026-05-06T23:22:55.359+0000] {dagbag.py:545} INFO - Filling up the DagBag from /usr/local/python/3.12.1/lib/python3.12/site-packages/airflow/example_dags/tutorial_taskflow_api.py
[2026-05-06T23:22:55.364+0000] {processor.py:840} INFO - DAG(s) 'tutorial_taskflow_api' retrieved from /usr/local/python/3.12.1/lib/python3.12/site-packages/airflow/example_dags/tutorial_taskflow_api.py
[2026-05-06T23:22:55.376+0000] {logging_mixin.py:188} INFO - [2026-05-06T23:22:55.376+0000] {dag.py:3096} INFO - Sync 1 DAGs
[2026-05-06T23:22:55.385+0000] {logging_mixin.py:188} INFO - [2026-05-06T23:22:55.385+0000] {dag.py:3954} INFO - Setting next_dagrun for tutorial_taskflow_api to None, run_after=None
[2026-05-06T23:22:55.400+0000] {processor.py:183} INFO - Processing /usr/local/python/3.12.1/lib/python3.12/site-packages/airflow/example_dags/tutorial_taskflow_api.py took 0.048 seconds
[2026-05-06T23:23:32.194+0000] {processor.py:161} INFO - Started process (PID=15771) to work on /usr/local/python/3.12.1/lib/python3.12/site-packages/airflow/example_dags/tutorial_taskflow_api.py
[2026-05-06T23:23:32.194+0000] {processor.py:830} INFO - Processing file /usr/local/python/3.12.1/lib/python3.12/site-packages/airflow/example_dags/tutorial_taskflow_api.py for tasks to queue
[2026-05-06T23:23:32.196+0000] {logging_mixin.py:188} INFO - [2026-05-06T23:23:32.195+0000] {dagbag.py:545} INFO - Filling up the DagBag from /usr/local/python/3.12.1/lib/python3.12/site-packages/airflow/example_dags/tutorial_taskflow_api.py
[2026-05-06T23:23:32.201+0000] {processor.py:840} INFO - DAG(s) 'tutorial_taskflow_api' retrieved from /usr/local/python/3.12.1/lib/python3.12/site-packages/airflow/example_dags/tutorial_taskflow_api.py
[2026-05-06T23:23:32.213+0000] {logging_mixin.py:188} INFO - [2026-05-06T23:23:32.213+0000] {dag.py:3096} INFO - Sync 1 DAGs
[2026-05-06T23:23:32.222+0000] {logging_mixin.py:188} INFO - [2026-05-06T23:23:32.222+0000] {dag.py:3954} INFO - Setting next_dagrun for tutorial_taskflow_api to None, run_after=None
[2026-05-06T23:23:32.238+0000] {processor.py:183} INFO - Processing /usr/local/python/3.12.1/lib/python3.12/site-packages/airflow/example_dags/tutorial_taskflow_api.py took 0.049 seconds
[2026-05-06T23:24:09.631+0000] {processor.py:161} INFO - Started process (PID=16239) to work on /usr/local/python/3.12.1/lib/python3.12/site-packages/airflow/example_dags/tutorial_taskflow_api.py
[2026-05-06T23:24:09.632+0000] {processor.py:830} INFO - Processing file /usr/local/python/3.12.1/lib/python3.12/site-packages/airflow/example_dags/tutorial_taskflow_api.py for tasks to queue
[2026-05-06T23:24:09.634+0000] {logging_mixin.py:188} INFO - [2026-05-06T23:24:09.633+0000] {dagbag.py:545} INFO - Filling up the DagBag from /usr/local/python/3.12.1/lib/python3.12/site-packages/airflow/example_dags/tutorial_taskflow_api.py
[2026-05-06T23:24:09.642+0000] {processor.py:840} INFO - DAG(s) 'tutorial_taskflow_api' retrieved from /usr/local/python/3.12.1/lib/python3.12/site-packages/airflow/example_dags/tutorial_taskflow_api.py
[2026-05-06T23:24:09.661+0000] {logging_mixin.py:188} INFO - [2026-05-06T23:24:09.661+0000] {dag.py:3096} INFO - Sync 1 DAGs
[2026-05-06T23:24:09.676+0000] {logging_mixin.py:188} INFO - [2026-05-06T23:24:09.675+0000] {dag.py:3954} INFO - Setting next_dagrun for tutorial_taskflow_api to None, run_after=None
[2026-05-06T23:24:09.698+0000] {processor.py:183} INFO - Processing /usr/local/python/3.12.1/lib/python3.12/site-packages/airflow/example_dags/tutorial_taskflow_api.py took 0.073 seconds
[2026-05-06T23:24:47.909+0000] {processor.py:161} INFO - Started process (PID=16802) to work on /usr/local/python/3.12.1/lib/python3.12/site-packages/airflow/example_dags/tutorial_taskflow_api.py
[2026-05-06T23:24:47.910+0000] {processor.py:830} INFO - Processing file /usr/local/python/3.12.1/lib/python3.12/site-packages/airflow/example_dags/tutorial_taskflow_api.py for tasks to queue
[2026-05-06T23:24:47.912+0000] {logging_mixin.py:188} INFO - [2026-05-06T23:24:47.911+0000] {dagbag.py:545} INFO - Filling up the DagBag from /usr/local/python/3.12.1/lib/python3.12/site-packages/airflow/example_dags/tutorial_taskflow_api.py
[2026-05-06T23:24:47.917+0000] {processor.py:840} INFO - DAG(s) 'tutorial_taskflow_api' retrieved from /usr/local/python/3.12.1/lib/python3.12/site-packages/airflow/example_dags/tutorial_taskflow_api.py
[2026-05-06T23:24:47.935+0000] {logging_mixin.py:188} INFO - [2026-05-06T23:24:47.935+0000] {dag.py:3096} INFO - Sync 1 DAGs
[2026-05-06T23:24:47.951+0000] {logging_mixin.py:188} INFO - [2026-05-06T23:24:47.950+0000] {dag.py:3954} INFO - Setting next_dagrun for tutorial_taskflow_api to None, run_after=None
[2026-05-06T23:24:47.981+0000] {processor.py:183} INFO - Processing /usr/local/python/3.12.1/lib/python3.12/site-packages/airflow/example_dags/tutorial_taskflow_api.py took 0.077 seconds
[2026-05-06T23:25:24.471+0000] {processor.py:161} INFO - Started process (PID=17187) to work on /usr/local/python/3.12.1/lib/python3.12/site-packages/airflow/example_dags/tutorial_taskflow_api.py
[2026-05-06T23:25:24.472+0000] {processor.py:830} INFO - Processing file /usr/local/python/3.12.1/lib/python3.12/site-packages/airflow/example_dags/tutorial_taskflow_api.py for tasks to queue
[2026-05-06T23:25:24.473+0000] {logging_mixin.py:188} INFO - [2026-05-06T23:25:24.473+0000] {dagbag.py:545} INFO - Filling up the DagBag from /usr/local/python/3.12.1/lib/python3.12/site-packages/airflow/example_dags/tutorial_taskflow_api.py
[2026-05-06T23:25:24.479+0000] {processor.py:840} INFO - DAG(s) 'tutorial_taskflow_api' retrieved from /usr/local/python/3.12.1/lib/python3.12/site-packages/airflow/example_dags/tutorial_taskflow_api.py
[2026-05-06T23:25:24.492+0000] {logging_mixin.py:188} INFO - [2026-05-06T23:25:24.492+0000] {dag.py:3096} INFO - Sync 1 DAGs
[2026-05-06T23:25:24.501+0000] {logging_mixin.py:188} INFO - [2026-05-06T23:25:24.501+0000] {dag.py:3954} INFO - Setting next_dagrun for tutorial_taskflow_api to None, run_after=None
[2026-05-06T23:25:24.518+0000] {processor.py:183} INFO - Processing /usr/local/python/3.12.1/lib/python3.12/site-packages/airflow/example_dags/tutorial_taskflow_api.py took 0.051 seconds
[2026-05-06T23:26:07.722+0000] {processor.py:161} INFO - Started process (PID=17549) to work on /usr/local/python/3.12.1/lib/python3.12/site-packages/airflow/example_dags/tutorial_taskflow_api.py
[2026-05-06T23:26:07.722+0000] {processor.py:830} INFO - Processing file /usr/local/python/3.12.1/lib/python3.12/site-packages/airflow/example_dags/tutorial_taskflow_api.py for tasks to queue
[2026-05-06T23:26:07.724+0000] {logging_mixin.py:188} INFO - [2026-05-06T23:26:07.724+0000] {dagbag.py:545} INFO - Filling up the DagBag from /usr/local/python/3.12.1/lib/python3.12/site-packages/airflow/example_dags/tutorial_taskflow_api.py
[2026-05-06T23:26:07.729+0000] {processor.py:840} INFO - DAG(s) 'tutorial_taskflow_api' retrieved from /usr/local/python/3.12.1/lib/python3.12/site-packages/airflow/example_dags/tutorial_taskflow_api.py
[2026-05-06T23:26:07.741+0000] {logging_mixin.py:188} INFO - [2026-05-06T23:26:07.741+0000] {dag.py:3096} INFO - Sync 1 DAGs
[2026-05-06T23:26:07.750+0000] {logging_mixin.py:188} INFO - [2026-05-06T23:26:07.750+0000] {dag.py:3954} INFO - Setting next_dagrun for tutorial_taskflow_api to None, run_after=None
[2026-05-06T23:26:07.766+0000] {processor.py:183} INFO - Processing /usr/local/python/3.12.1/lib/python3.12/site-packages/airflow/example_dags/tutorial_taskflow_api.py took 0.049 seconds
[2026-05-06T23:26:45.974+0000] {processor.py:161} INFO - Started process (PID=17852) to work on /usr/local/python/3.12.1/lib/python3.12/site-packages/airflow/example_dags/tutorial_taskflow_api.py
[2026-05-06T23:26:45.975+0000] {processor.py:830} INFO - Processing file /usr/local/python/3.12.1/lib/python3.12/site-packages/airflow/example_dags/tutorial_taskflow_api.py for tasks to queue
[2026-05-06T23:26:45.976+0000] {logging_mixin.py:188} INFO - [2026-05-06T23:26:45.976+0000] {dagbag.py:545} INFO - Filling up the DagBag from /usr/local/python/3.12.1/lib/python3.12/site-packages/airflow/example_dags/tutorial_taskflow_api.py
[2026-05-06T23:26:45.981+0000] {processor.py:840} INFO - DAG(s) 'tutorial_taskflow_api' retrieved from /usr/local/python/3.12.1/lib/python3.12/site-packages/airflow/example_dags/tutorial_taskflow_api.py
[2026-05-06T23:26:45.994+0000] {logging_mixin.py:188} INFO - [2026-05-06T23:26:45.994+0000] {dag.py:3096} INFO - Sync 1 DAGs
[2026-05-06T23:26:46.003+0000] {logging_mixin.py:188} INFO - [2026-05-06T23:26:46.003+0000] {dag.py:3954} INFO - Setting next_dagrun for tutorial_taskflow_api to None, run_after=None
[2026-05-06T23:26:46.019+0000] {processor.py:183} INFO - Processing /usr/local/python/3.12.1/lib/python3.12/site-packages/airflow/example_dags/tutorial_taskflow_api.py took 0.049 seconds
[2026-05-06T23:27:23.737+0000] {processor.py:161} INFO - Started process (PID=18268) to work on /usr/local/python/3.12.1/lib/python3.12/site-packages/airflow/example_dags/tutorial_taskflow_api.py
[2026-05-06T23:27:23.738+0000] {processor.py:830} INFO - Processing file /usr/local/python/3.12.1/lib/python3.12/site-packages/airflow/example_dags/tutorial_taskflow_api.py for tasks to queue
[2026-05-06T23:27:23.739+0000] {logging_mixin.py:188} INFO - [2026-05-06T23:27:23.739+0000] {dagbag.py:545} INFO - Filling up the DagBag from /usr/local/python/3.12.1/lib/python3.12/site-packages/airflow/example_dags/tutorial_taskflow_api.py
[2026-05-06T23:27:23.744+0000] {processor.py:840} INFO - DAG(s) 'tutorial_taskflow_api' retrieved from /usr/local/python/3.12.1/lib/python3.12/site-packages/airflow/example_dags/tutorial_taskflow_api.py
[2026-05-06T23:27:23.757+0000] {logging_mixin.py:188} INFO - [2026-05-06T23:27:23.756+0000] {dag.py:3096} INFO - Sync 1 DAGs
[2026-05-06T23:27:23.766+0000] {logging_mixin.py:188} INFO - [2026-05-06T23:27:23.765+0000] {dag.py:3954} INFO - Setting next_dagrun for tutorial_taskflow_api to None, run_after=None
[2026-05-06T23:27:23.782+0000] {processor.py:183} INFO - Processing /usr/local/python/3.12.1/lib/python3.12/site-packages/airflow/example_dags/tutorial_taskflow_api.py took 0.050 seconds
[2026-05-06T23:28:02.961+0000] {processor.py:161} INFO - Started process (PID=18662) to work on /usr/local/python/3.12.1/lib/python3.12/site-packages/airflow/example_dags/tutorial_taskflow_api.py
[2026-05-06T23:28:02.962+0000] {processor.py:830} INFO - Processing file /usr/local/python/3.12.1/lib/python3.12/site-packages/airflow/example_dags/tutorial_taskflow_api.py for tasks to queue
[2026-05-06T23:28:02.964+0000] {logging_mixin.py:188} INFO - [2026-05-06T23:28:02.963+0000] {dagbag.py:545} INFO - Filling up the DagBag from /usr/local/python/3.12.1/lib/python3.12/site-packages/airflow/example_dags/tutorial_taskflow_api.py
[2026-05-06T23:28:02.969+0000] {processor.py:840} INFO - DAG(s) 'tutorial_taskflow_api' retrieved from /usr/local/python/3.12.1/lib/python3.12/site-packages/airflow/example_dags/tutorial_taskflow_api.py
[2026-05-06T23:28:02.982+0000] {logging_mixin.py:188} INFO - [2026-05-06T23:28:02.982+0000] {dag.py:3096} INFO - Sync 1 DAGs
[2026-05-06T23:28:02.991+0000] {logging_mixin.py:188} INFO - [2026-05-06T23:28:02.990+0000] {dag.py:3954} INFO - Setting next_dagrun for tutorial_taskflow_api to None, run_after=None
[2026-05-06T23:28:03.007+0000] {processor.py:183} INFO - Processing /usr/local/python/3.12.1/lib/python3.12/site-packages/airflow/example_dags/tutorial_taskflow_api.py took 0.050 seconds
[2026-05-06T23:28:45.164+0000] {processor.py:161} INFO - Started process (PID=19004) to work on /usr/local/python/3.12.1/lib/python3.12/site-packages/airflow/example_dags/tutorial_taskflow_api.py
[2026-05-06T23:28:45.165+0000] {processor.py:830} INFO - Processing file /usr/local/python/3.12.1/lib/python3.12/site-packages/airflow/example_dags/tutorial_taskflow_api.py for tasks to queue
[2026-05-06T23:28:45.166+0000] {logging_mixin.py:188} INFO - [2026-05-06T23:28:45.166+0000] {dagbag.py:545} INFO - Filling up the DagBag from /usr/local/python/3.12.1/lib/python3.12/site-packages/airflow/example_dags/tutorial_taskflow_api.py
[2026-05-06T23:28:45.171+0000] {processor.py:840} INFO - DAG(s) 'tutorial_taskflow_api' retrieved from /usr/local/python/3.12.1/lib/python3.12/site-packages/airflow/example_dags/tutorial_taskflow_api.py
[2026-05-06T23:28:45.184+0000] {logging_mixin.py:188} INFO - [2026-05-06T23:28:45.184+0000] {dag.py:3096} INFO - Sync 1 DAGs
[2026-05-06T23:28:45.193+0000] {logging_mixin.py:188} INFO - [2026-05-06T23:28:45.193+0000] {dag.py:3954} INFO - Setting next_dagrun for tutorial_taskflow_api to None, run_after=None
[2026-05-06T23:28:45.210+0000] {processor.py:183} INFO - Processing /usr/local/python/3.12.1/lib/python3.12/site-packages/airflow/example_dags/tutorial_taskflow_api.py took 0.051 seconds
[2026-05-06T23:31:23.627+0000] {processor.py:161} INFO - Started process (PID=20553) to work on /usr/local/python/3.12.1/lib/python3.12/site-packages/airflow/example_dags/tutorial_taskflow_api.py
[2026-05-06T23:31:23.629+0000] {processor.py:830} INFO - Processing file /usr/local/python/3.12.1/lib/python3.12/site-packages/airflow/example_dags/tutorial_taskflow_api.py for tasks to queue
[2026-05-06T23:31:23.633+0000] {logging_mixin.py:188} INFO - [2026-05-06T23:31:23.633+0000] {dagbag.py:545} INFO - Filling up the DagBag from /usr/local/python/3.12.1/lib/python3.12/site-packages/airflow/example_dags/tutorial_taskflow_api.py
[2026-05-06T23:31:23.654+0000] {processor.py:840} INFO - DAG(s) 'tutorial_taskflow_api' retrieved from /usr/local/python/3.12.1/lib/python3.12/site-packages/airflow/example_dags/tutorial_taskflow_api.py
[2026-05-06T23:31:23.694+0000] {logging_mixin.py:188} INFO - [2026-05-06T23:31:23.694+0000] {dag.py:3096} INFO - Sync 1 DAGs
[2026-05-06T23:31:23.721+0000] {logging_mixin.py:188} INFO - [2026-05-06T23:31:23.719+0000] {dag.py:3954} INFO - Setting next_dagrun for tutorial_taskflow_api to None, run_after=None
[2026-05-06T23:31:23.759+0000] {processor.py:183} INFO - Processing /usr/local/python/3.12.1/lib/python3.12/site-packages/airflow/example_dags/tutorial_taskflow_api.py took 0.139 seconds
[2026-05-06T23:32:13.443+0000] {processor.py:161} INFO - Started process (PID=20963) to work on /usr/local/python/3.12.1/lib/python3.12/site-packages/airflow/example_dags/tutorial_taskflow_api.py
[2026-05-06T23:32:13.444+0000] {processor.py:830} INFO - Processing file /usr/local/python/3.12.1/lib/python3.12/site-packages/airflow/example_dags/tutorial_taskflow_api.py for tasks to queue
[2026-05-06T23:32:13.445+0000] {logging_mixin.py:188} INFO - [2026-05-06T23:32:13.445+0000] {dagbag.py:545} INFO - Filling up the DagBag from /usr/local/python/3.12.1/lib/python3.12/site-packages/airflow/example_dags/tutorial_taskflow_api.py
[2026-05-06T23:32:13.450+0000] {processor.py:840} INFO - DAG(s) 'tutorial_taskflow_api' retrieved from /usr/local/python/3.12.1/lib/python3.12/site-packages/airflow/example_dags/tutorial_taskflow_api.py
[2026-05-06T23:32:13.463+0000] {logging_mixin.py:188} INFO - [2026-05-06T23:32:13.463+0000] {dag.py:3096} INFO - Sync 1 DAGs
[2026-05-06T23:32:13.472+0000] {logging_mixin.py:188} INFO - [2026-05-06T23:32:13.472+0000] {dag.py:3954} INFO - Setting next_dagrun for tutorial_taskflow_api to None, run_after=None
[2026-05-06T23:32:13.489+0000] {processor.py:183} INFO - Processing /usr/local/python/3.12.1/lib/python3.12/site-packages/airflow/example_dags/tutorial_taskflow_api.py took 0.051 seconds
[2026-05-06T23:32:51.677+0000] {processor.py:161} INFO - Started process (PID=21262) to work on /usr/local/python/3.12.1/lib/python3.12/site-packages/airflow/example_dags/tutorial_taskflow_api.py
[2026-05-06T23:32:51.677+0000] {processor.py:830} INFO - Processing file /usr/local/python/3.12.1/lib/python3.12/site-packages/airflow/example_dags/tutorial_taskflow_api.py for tasks to queue
[2026-05-06T23:32:51.679+0000] {logging_mixin.py:188} INFO - [2026-05-06T23:32:51.679+0000] {dagbag.py:545} INFO - Filling up the DagBag from /usr/local/python/3.12.1/lib/python3.12/site-packages/airflow/example_dags/tutorial_taskflow_api.py
[2026-05-06T23:32:51.684+0000] {processor.py:840} INFO - DAG(s) 'tutorial_taskflow_api' retrieved from /usr/local/python/3.12.1/lib/python3.12/site-packages/airflow/example_dags/tutorial_taskflow_api.py
[2026-05-06T23:32:51.697+0000] {logging_mixin.py:188} INFO - [2026-05-06T23:32:51.696+0000] {dag.py:3096} INFO - Sync 1 DAGs
[2026-05-06T23:32:51.706+0000] {logging_mixin.py:188} INFO - [2026-05-06T23:32:51.705+0000] {dag.py:3954} INFO - Setting next_dagrun for tutorial_taskflow_api to None, run_after=None
[2026-05-06T23:32:51.722+0000] {processor.py:183} INFO - Processing /usr/local/python/3.12.1/lib/python3.12/site-packages/airflow/example_dags/tutorial_taskflow_api.py took 0.050 seconds
[2026-05-06T23:33:30.435+0000] {processor.py:161} INFO - Started process (PID=21567) to work on /usr/local/python/3.12.1/lib/python3.12/site-packages/airflow/example_dags/tutorial_taskflow_api.py
[2026-05-06T23:33:30.436+0000] {processor.py:830} INFO - Processing file /usr/local/python/3.12.1/lib/python3.12/site-packages/airflow/example_dags/tutorial_taskflow_api.py for tasks to queue
[2026-05-06T23:33:30.437+0000] {logging_mixin.py:188} INFO - [2026-05-06T23:33:30.437+0000] {dagbag.py:545} INFO - Filling up the DagBag from /usr/local/python/3.12.1/lib/python3.12/site-packages/airflow/example_dags/tutorial_taskflow_api.py
[2026-05-06T23:33:30.443+0000] {processor.py:840} INFO - DAG(s) 'tutorial_taskflow_api' retrieved from /usr/local/python/3.12.1/lib/python3.12/site-packages/airflow/example_dags/tutorial_taskflow_api.py
[2026-05-06T23:33:30.455+0000] {logging_mixin.py:188} INFO - [2026-05-06T23:33:30.455+0000] {dag.py:3096} INFO - Sync 1 DAGs
[2026-05-06T23:33:30.465+0000] {logging_mixin.py:188} INFO - [2026-05-06T23:33:30.465+0000] {dag.py:3954} INFO - Setting next_dagrun for tutorial_taskflow_api to None, run_after=None
[2026-05-06T23:33:30.481+0000] {processor.py:183} INFO - Processing /usr/local/python/3.12.1/lib/python3.12/site-packages/airflow/example_dags/tutorial_taskflow_api.py took 0.051 seconds
[2026-05-06T23:34:07.673+0000] {processor.py:161} INFO - Started process (PID=21869) to work on /usr/local/python/3.12.1/lib/python3.12/site-packages/airflow/example_dags/tutorial_taskflow_api.py
[2026-05-06T23:34:07.673+0000] {processor.py:830} INFO - Processing file /usr/local/python/3.12.1/lib/python3.12/site-packages/airflow/example_dags/tutorial_taskflow_api.py for tasks to queue
[2026-05-06T23:34:07.675+0000] {logging_mixin.py:188} INFO - [2026-05-06T23:34:07.674+0000] {dagbag.py:545} INFO - Filling up the DagBag from /usr/local/python/3.12.1/lib/python3.12/site-packages/airflow/example_dags/tutorial_taskflow_api.py
[2026-05-06T23:34:07.680+0000] {processor.py:840} INFO - DAG(s) 'tutorial_taskflow_api' retrieved from /usr/local/python/3.12.1/lib/python3.12/site-packages/airflow/example_dags/tutorial_taskflow_api.py
[2026-05-06T23:34:07.693+0000] {logging_mixin.py:188} INFO - [2026-05-06T23:34:07.693+0000] {dag.py:3096} INFO - Sync 1 DAGs
[2026-05-06T23:34:07.702+0000] {logging_mixin.py:188} INFO - [2026-05-06T23:34:07.702+0000] {dag.py:3954} INFO - Setting next_dagrun for tutorial_taskflow_api to None, run_after=None
[2026-05-06T23:34:07.719+0000] {processor.py:183} INFO - Processing /usr/local/python/3.12.1/lib/python3.12/site-packages/airflow/example_dags/tutorial_taskflow_api.py took 0.051 seconds
[2026-05-06T23:34:48.706+0000] {processor.py:161} INFO - Started process (PID=22203) to work on /usr/local/python/3.12.1/lib/python3.12/site-packages/airflow/example_dags/tutorial_taskflow_api.py
[2026-05-06T23:34:48.707+0000] {processor.py:830} INFO - Processing file /usr/local/python/3.12.1/lib/python3.12/site-packages/airflow/example_dags/tutorial_taskflow_api.py for tasks to queue
[2026-05-06T23:34:48.709+0000] {logging_mixin.py:188} INFO - [2026-05-06T23:34:48.708+0000] {dagbag.py:545} INFO - Filling up the DagBag from /usr/local/python/3.12.1/lib/python3.12/site-packages/airflow/example_dags/tutorial_taskflow_api.py
[2026-05-06T23:34:48.714+0000] {processor.py:840} INFO - DAG(s) 'tutorial_taskflow_api' retrieved from /usr/local/python/3.12.1/lib/python3.12/site-packages/airflow/example_dags/tutorial_taskflow_api.py
[2026-05-06T23:34:48.726+0000] {logging_mixin.py:188} INFO - [2026-05-06T23:34:48.726+0000] {dag.py:3096} INFO - Sync 1 DAGs
[2026-05-06T23:34:48.735+0000] {logging_mixin.py:188} INFO - [2026-05-06T23:34:48.735+0000] {dag.py:3954} INFO - Setting next_dagrun for tutorial_taskflow_api to None, run_after=None
[2026-05-06T23:34:48.752+0000] {processor.py:183} INFO - Processing /usr/local/python/3.12.1/lib/python3.12/site-packages/airflow/example_dags/tutorial_taskflow_api.py took 0.050 seconds
[2026-05-06T23:35:25.244+0000] {processor.py:161} INFO - Started process (PID=22482) to work on /usr/local/python/3.12.1/lib/python3.12/site-packages/airflow/example_dags/tutorial_taskflow_api.py
[2026-05-06T23:35:25.245+0000] {processor.py:830} INFO - Processing file /usr/local/python/3.12.1/lib/python3.12/site-packages/airflow/example_dags/tutorial_taskflow_api.py for tasks to queue
[2026-05-06T23:35:25.246+0000] {logging_mixin.py:188} INFO - [2026-05-06T23:35:25.246+0000] {dagbag.py:545} INFO - Filling up the DagBag from /usr/local/python/3.12.1/lib/python3.12/site-packages/airflow/example_dags/tutorial_taskflow_api.py
[2026-05-06T23:35:25.251+0000] {processor.py:840} INFO - DAG(s) 'tutorial_taskflow_api' retrieved from /usr/local/python/3.12.1/lib/python3.12/site-packages/airflow/example_dags/tutorial_taskflow_api.py
[2026-05-06T23:35:25.264+0000] {logging_mixin.py:188} INFO - [2026-05-06T23:35:25.264+0000] {dag.py:3096} INFO - Sync 1 DAGs
[2026-05-06T23:35:25.273+0000] {logging_mixin.py:188} INFO - [2026-05-06T23:35:25.273+0000] {dag.py:3954} INFO - Setting next_dagrun for tutorial_taskflow_api to None, run_after=None
[2026-05-06T23:35:25.290+0000] {processor.py:183} INFO - Processing /usr/local/python/3.12.1/lib/python3.12/site-packages/airflow/example_dags/tutorial_taskflow_api.py took 0.050 seconds
[2026-05-06T23:36:05.587+0000] {processor.py:161} INFO - Started process (PID=22795) to work on /usr/local/python/3.12.1/lib/python3.12/site-packages/airflow/example_dags/tutorial_taskflow_api.py
[2026-05-06T23:36:05.588+0000] {processor.py:830} INFO - Processing file /usr/local/python/3.12.1/lib/python3.12/site-packages/airflow/example_dags/tutorial_taskflow_api.py for tasks to queue
[2026-05-06T23:36:05.589+0000] {logging_mixin.py:188} INFO - [2026-05-06T23:36:05.589+0000] {dagbag.py:545} INFO - Filling up the DagBag from /usr/local/python/3.12.1/lib/python3.12/site-packages/airflow/example_dags/tutorial_taskflow_api.py
[2026-05-06T23:36:05.595+0000] {processor.py:840} INFO - DAG(s) 'tutorial_taskflow_api' retrieved from /usr/local/python/3.12.1/lib/python3.12/site-packages/airflow/example_dags/tutorial_taskflow_api.py
[2026-05-06T23:36:05.608+0000] {logging_mixin.py:188} INFO - [2026-05-06T23:36:05.608+0000] {dag.py:3096} INFO - Sync 1 DAGs
[2026-05-06T23:36:05.617+0000] {logging_mixin.py:188} INFO - [2026-05-06T23:36:05.617+0000] {dag.py:3954} INFO - Setting next_dagrun for tutorial_taskflow_api to None, run_after=None
[2026-05-06T23:36:05.634+0000] {processor.py:183} INFO - Processing /usr/local/python/3.12.1/lib/python3.12/site-packages/airflow/example_dags/tutorial_taskflow_api.py took 0.052 seconds
[2026-05-06T23:36:42.689+0000] {processor.py:161} INFO - Started process (PID=23088) to work on /usr/local/python/3.12.1/lib/python3.12/site-packages/airflow/example_dags/tutorial_taskflow_api.py
[2026-05-06T23:36:42.690+0000] {processor.py:830} INFO - Processing file /usr/local/python/3.12.1/lib/python3.12/site-packages/airflow/example_dags/tutorial_taskflow_api.py for tasks to queue
[2026-05-06T23:36:42.691+0000] {logging_mixin.py:188} INFO - [2026-05-06T23:36:42.691+0000] {dagbag.py:545} INFO - Filling up the DagBag from /usr/local/python/3.12.1/lib/python3.12/site-packages/airflow/example_dags/tutorial_taskflow_api.py
[2026-05-06T23:36:42.699+0000] {processor.py:840} INFO - DAG(s) 'tutorial_taskflow_api' retrieved from /usr/local/python/3.12.1/lib/python3.12/site-packages/airflow/example_dags/tutorial_taskflow_api.py
[2026-05-06T23:36:42.721+0000] {logging_mixin.py:188} INFO - [2026-05-06T23:36:42.721+0000] {dag.py:3096} INFO - Sync 1 DAGs
[2026-05-06T23:36:42.741+0000] {logging_mixin.py:188} INFO - [2026-05-06T23:36:42.740+0000] {dag.py:3954} INFO - Setting next_dagrun for tutorial_taskflow_api to None, run_after=None
[2026-05-06T23:36:42.768+0000] {processor.py:183} INFO - Processing /usr/local/python/3.12.1/lib/python3.12/site-packages/airflow/example_dags/tutorial_taskflow_api.py took 0.083 seconds
[2026-05-06T23:37:22.635+0000] {processor.py:161} INFO - Started process (PID=23400) to work on /usr/local/python/3.12.1/lib/python3.12/site-packages/airflow/example_dags/tutorial_taskflow_api.py
[2026-05-06T23:37:22.636+0000] {processor.py:830} INFO - Processing file /usr/local/python/3.12.1/lib/python3.12/site-packages/airflow/example_dags/tutorial_taskflow_api.py for tasks to queue
[2026-05-06T23:37:22.637+0000] {logging_mixin.py:188} INFO - [2026-05-06T23:37:22.637+0000] {dagbag.py:545} INFO - Filling up the DagBag from /usr/local/python/3.12.1/lib/python3.12/site-packages/airflow/example_dags/tutorial_taskflow_api.py
[2026-05-06T23:37:22.643+0000] {processor.py:840} INFO - DAG(s) 'tutorial_taskflow_api' retrieved from /usr/local/python/3.12.1/lib/python3.12/site-packages/airflow/example_dags/tutorial_taskflow_api.py
[2026-05-06T23:37:22.658+0000] {logging_mixin.py:188} INFO - [2026-05-06T23:37:22.657+0000] {dag.py:3096} INFO - Sync 1 DAGs
[2026-05-06T23:37:22.668+0000] {logging_mixin.py:188} INFO - [2026-05-06T23:37:22.667+0000] {dag.py:3954} INFO - Setting next_dagrun for tutorial_taskflow_api to None, run_after=None
[2026-05-06T23:37:22.687+0000] {processor.py:183} INFO - Processing /usr/local/python/3.12.1/lib/python3.12/site-packages/airflow/example_dags/tutorial_taskflow_api.py took 0.057 seconds
[2026-05-06T23:38:00.055+0000] {processor.py:161} INFO - Started process (PID=23696) to work on /usr/local/python/3.12.1/lib/python3.12/site-packages/airflow/example_dags/tutorial_taskflow_api.py
[2026-05-06T23:38:00.056+0000] {processor.py:830} INFO - Processing file /usr/local/python/3.12.1/lib/python3.12/site-packages/airflow/example_dags/tutorial_taskflow_api.py for tasks to queue
[2026-05-06T23:38:00.057+0000] {logging_mixin.py:188} INFO - [2026-05-06T23:38:00.057+0000] {dagbag.py:545} INFO - Filling up the DagBag from /usr/local/python/3.12.1/lib/python3.12/site-packages/airflow/example_dags/tutorial_taskflow_api.py
[2026-05-06T23:38:00.063+0000] {processor.py:840} INFO - DAG(s) 'tutorial_taskflow_api' retrieved from /usr/local/python/3.12.1/lib/python3.12/site-packages/airflow/example_dags/tutorial_taskflow_api.py
[2026-05-06T23:38:00.076+0000] {logging_mixin.py:188} INFO - [2026-05-06T23:38:00.076+0000] {dag.py:3096} INFO - Sync 1 DAGs
[2026-05-06T23:38:00.086+0000] {logging_mixin.py:188} INFO - [2026-05-06T23:38:00.086+0000] {dag.py:3954} INFO - Setting next_dagrun for tutorial_taskflow_api to None, run_after=None
[2026-05-06T23:38:00.103+0000] {processor.py:183} INFO - Processing /usr/local/python/3.12.1/lib/python3.12/site-packages/airflow/example_dags/tutorial_taskflow_api.py took 0.052 seconds
[2026-05-06T23:38:38.476+0000] {processor.py:161} INFO - Started process (PID=23986) to work on /usr/local/python/3.12.1/lib/python3.12/site-packages/airflow/example_dags/tutorial_taskflow_api.py
[2026-05-06T23:38:38.477+0000] {processor.py:830} INFO - Processing file /usr/local/python/3.12.1/lib/python3.12/site-packages/airflow/example_dags/tutorial_taskflow_api.py for tasks to queue
[2026-05-06T23:38:38.479+0000] {logging_mixin.py:188} INFO - [2026-05-06T23:38:38.478+0000] {dagbag.py:545} INFO - Filling up the DagBag from /usr/local/python/3.12.1/lib/python3.12/site-packages/airflow/example_dags/tutorial_taskflow_api.py
[2026-05-06T23:38:38.486+0000] {processor.py:840} INFO - DAG(s) 'tutorial_taskflow_api' retrieved from /usr/local/python/3.12.1/lib/python3.12/site-packages/airflow/example_dags/tutorial_taskflow_api.py
[2026-05-06T23:38:38.507+0000] {logging_mixin.py:188} INFO - [2026-05-06T23:38:38.506+0000] {dag.py:3096} INFO - Sync 1 DAGs
[2026-05-06T23:38:38.528+0000] {logging_mixin.py:188} INFO - [2026-05-06T23:38:38.527+0000] {dag.py:3954} INFO - Setting next_dagrun for tutorial_taskflow_api to None, run_after=None
[2026-05-06T23:38:38.548+0000] {processor.py:183} INFO - Processing /usr/local/python/3.12.1/lib/python3.12/site-packages/airflow/example_dags/tutorial_taskflow_api.py took 0.079 seconds
[2026-05-06T23:39:18.366+0000] {processor.py:161} INFO - Started process (PID=24297) to work on /usr/local/python/3.12.1/lib/python3.12/site-packages/airflow/example_dags/tutorial_taskflow_api.py
[2026-05-06T23:39:18.367+0000] {processor.py:830} INFO - Processing file /usr/local/python/3.12.1/lib/python3.12/site-packages/airflow/example_dags/tutorial_taskflow_api.py for tasks to queue
[2026-05-06T23:39:18.369+0000] {logging_mixin.py:188} INFO - [2026-05-06T23:39:18.368+0000] {dagbag.py:545} INFO - Filling up the DagBag from /usr/local/python/3.12.1/lib/python3.12/site-packages/airflow/example_dags/tutorial_taskflow_api.py
[2026-05-06T23:39:18.374+0000] {processor.py:840} INFO - DAG(s) 'tutorial_taskflow_api' retrieved from /usr/local/python/3.12.1/lib/python3.12/site-packages/airflow/example_dags/tutorial_taskflow_api.py
[2026-05-06T23:39:18.388+0000] {logging_mixin.py:188} INFO - [2026-05-06T23:39:18.388+0000] {dag.py:3096} INFO - Sync 1 DAGs
[2026-05-06T23:39:18.397+0000] {logging_mixin.py:188} INFO - [2026-05-06T23:39:18.397+0000] {dag.py:3954} INFO - Setting next_dagrun for tutorial_taskflow_api to None, run_after=None
[2026-05-06T23:39:18.416+0000] {processor.py:183} INFO - Processing /usr/local/python/3.12.1/lib/python3.12/site-packages/airflow/example_dags/tutorial_taskflow_api.py took 0.055 seconds
[2026-05-06T23:39:56.098+0000] {processor.py:161} INFO - Started process (PID=24597) to work on /usr/local/python/3.12.1/lib/python3.12/site-packages/airflow/example_dags/tutorial_taskflow_api.py
[2026-05-06T23:39:56.098+0000] {processor.py:830} INFO - Processing file /usr/local/python/3.12.1/lib/python3.12/site-packages/airflow/example_dags/tutorial_taskflow_api.py for tasks to queue
[2026-05-06T23:39:56.100+0000] {logging_mixin.py:188} INFO - [2026-05-06T23:39:56.100+0000] {dagbag.py:545} INFO - Filling up the DagBag from /usr/local/python/3.12.1/lib/python3.12/site-packages/airflow/example_dags/tutorial_taskflow_api.py
[2026-05-06T23:39:56.106+0000] {processor.py:840} INFO - DAG(s) 'tutorial_taskflow_api' retrieved from /usr/local/python/3.12.1/lib/python3.12/site-packages/airflow/example_dags/tutorial_taskflow_api.py
[2026-05-06T23:39:56.119+0000] {logging_mixin.py:188} INFO - [2026-05-06T23:39:56.119+0000] {dag.py:3096} INFO - Sync 1 DAGs
[2026-05-06T23:39:56.129+0000] {logging_mixin.py:188} INFO - [2026-05-06T23:39:56.129+0000] {dag.py:3954} INFO - Setting next_dagrun for tutorial_taskflow_api to None, run_after=None
[2026-05-06T23:39:56.147+0000] {processor.py:183} INFO - Processing /usr/local/python/3.12.1/lib/python3.12/site-packages/airflow/example_dags/tutorial_taskflow_api.py took 0.054 seconds
[2026-05-06T23:40:37.732+0000] {processor.py:161} INFO - Started process (PID=24917) to work on /usr/local/python/3.12.1/lib/python3.12/site-packages/airflow/example_dags/tutorial_taskflow_api.py
[2026-05-06T23:40:37.732+0000] {processor.py:830} INFO - Processing file /usr/local/python/3.12.1/lib/python3.12/site-packages/airflow/example_dags/tutorial_taskflow_api.py for tasks to queue
[2026-05-06T23:40:37.734+0000] {logging_mixin.py:188} INFO - [2026-05-06T23:40:37.734+0000] {dagbag.py:545} INFO - Filling up the DagBag from /usr/local/python/3.12.1/lib/python3.12/site-packages/airflow/example_dags/tutorial_taskflow_api.py
[2026-05-06T23:40:37.739+0000] {processor.py:840} INFO - DAG(s) 'tutorial_taskflow_api' retrieved from /usr/local/python/3.12.1/lib/python3.12/site-packages/airflow/example_dags/tutorial_taskflow_api.py
[2026-05-06T23:40:37.754+0000] {logging_mixin.py:188} INFO - [2026-05-06T23:40:37.753+0000] {dag.py:3096} INFO - Sync 1 DAGs
[2026-05-06T23:40:37.765+0000] {logging_mixin.py:188} INFO - [2026-05-06T23:40:37.765+0000] {dag.py:3954} INFO - Setting next_dagrun for tutorial_taskflow_api to None, run_after=None
[2026-05-06T23:40:37.783+0000] {processor.py:183} INFO - Processing /usr/local/python/3.12.1/lib/python3.12/site-packages/airflow/example_dags/tutorial_taskflow_api.py took 0.056 seconds
[2026-05-06T23:41:18.210+0000] {processor.py:161} INFO - Started process (PID=25233) to work on /usr/local/python/3.12.1/lib/python3.12/site-packages/airflow/example_dags/tutorial_taskflow_api.py
[2026-05-06T23:41:18.211+0000] {processor.py:830} INFO - Processing file /usr/local/python/3.12.1/lib/python3.12/site-packages/airflow/example_dags/tutorial_taskflow_api.py for tasks to queue
[2026-05-06T23:41:18.212+0000] {logging_mixin.py:188} INFO - [2026-05-06T23:41:18.212+0000] {dagbag.py:545} INFO - Filling up the DagBag from /usr/local/python/3.12.1/lib/python3.12/site-packages/airflow/example_dags/tutorial_taskflow_api.py
[2026-05-06T23:41:18.218+0000] {processor.py:840} INFO - DAG(s) 'tutorial_taskflow_api' retrieved from /usr/local/python/3.12.1/lib/python3.12/site-packages/airflow/example_dags/tutorial_taskflow_api.py
[2026-05-06T23:41:18.232+0000] {logging_mixin.py:188} INFO - [2026-05-06T23:41:18.232+0000] {dag.py:3096} INFO - Sync 1 DAGs
[2026-05-06T23:41:18.241+0000] {logging_mixin.py:188} INFO - [2026-05-06T23:41:18.241+0000] {dag.py:3954} INFO - Setting next_dagrun for tutorial_taskflow_api to None, run_after=None
[2026-05-06T23:41:18.258+0000] {processor.py:183} INFO - Processing /usr/local/python/3.12.1/lib/python3.12/site-packages/airflow/example_dags/tutorial_taskflow_api.py took 0.054 seconds
[2026-05-06T23:41:55.244+0000] {processor.py:161} INFO - Started process (PID=25530) to work on /usr/local/python/3.12.1/lib/python3.12/site-packages/airflow/example_dags/tutorial_taskflow_api.py
[2026-05-06T23:41:55.245+0000] {processor.py:830} INFO - Processing file /usr/local/python/3.12.1/lib/python3.12/site-packages/airflow/example_dags/tutorial_taskflow_api.py for tasks to queue
[2026-05-06T23:41:55.246+0000] {logging_mixin.py:188} INFO - [2026-05-06T23:41:55.246+0000] {dagbag.py:545} INFO - Filling up the DagBag from /usr/local/python/3.12.1/lib/python3.12/site-packages/airflow/example_dags/tutorial_taskflow_api.py
[2026-05-06T23:41:55.350+0000] {processor.py:840} INFO - DAG(s) 'tutorial_taskflow_api' retrieved from /usr/local/python/3.12.1/lib/python3.12/site-packages/airflow/example_dags/tutorial_taskflow_api.py
[2026-05-06T23:41:55.360+0000] {logging_mixin.py:188} INFO - [2026-05-06T23:41:55.360+0000] {dag.py:3096} INFO - Sync 1 DAGs
[2026-05-06T23:41:55.367+0000] {logging_mixin.py:188} INFO - [2026-05-06T23:41:55.367+0000] {dag.py:3954} INFO - Setting next_dagrun for tutorial_taskflow_api to None, run_after=None
[2026-05-06T23:41:55.383+0000] {processor.py:183} INFO - Processing /usr/local/python/3.12.1/lib/python3.12/site-packages/airflow/example_dags/tutorial_taskflow_api.py took 0.144 seconds
[2026-05-06T23:42:37.705+0000] {processor.py:161} INFO - Started process (PID=25844) to work on /usr/local/python/3.12.1/lib/python3.12/site-packages/airflow/example_dags/tutorial_taskflow_api.py
[2026-05-06T23:42:37.706+0000] {processor.py:830} INFO - Processing file /usr/local/python/3.12.1/lib/python3.12/site-packages/airflow/example_dags/tutorial_taskflow_api.py for tasks to queue
[2026-05-06T23:42:37.707+0000] {logging_mixin.py:188} INFO - [2026-05-06T23:42:37.707+0000] {dagbag.py:545} INFO - Filling up the DagBag from /usr/local/python/3.12.1/lib/python3.12/site-packages/airflow/example_dags/tutorial_taskflow_api.py
[2026-05-06T23:42:37.713+0000] {processor.py:840} INFO - DAG(s) 'tutorial_taskflow_api' retrieved from /usr/local/python/3.12.1/lib/python3.12/site-packages/airflow/example_dags/tutorial_taskflow_api.py
[2026-05-06T23:42:37.727+0000] {logging_mixin.py:188} INFO - [2026-05-06T23:42:37.727+0000] {dag.py:3096} INFO - Sync 1 DAGs
[2026-05-06T23:42:37.737+0000] {logging_mixin.py:188} INFO - [2026-05-06T23:42:37.737+0000] {dag.py:3954} INFO - Setting next_dagrun for tutorial_taskflow_api to None, run_after=None
[2026-05-06T23:42:37.755+0000] {processor.py:183} INFO - Processing /usr/local/python/3.12.1/lib/python3.12/site-packages/airflow/example_dags/tutorial_taskflow_api.py took 0.055 seconds
[2026-05-06T23:43:19.858+0000] {processor.py:161} INFO - Started process (PID=26175) to work on /usr/local/python/3.12.1/lib/python3.12/site-packages/airflow/example_dags/tutorial_taskflow_api.py
[2026-05-06T23:43:19.859+0000] {processor.py:830} INFO - Processing file /usr/local/python/3.12.1/lib/python3.12/site-packages/airflow/example_dags/tutorial_taskflow_api.py for tasks to queue
[2026-05-06T23:43:19.861+0000] {logging_mixin.py:188} INFO - [2026-05-06T23:43:19.860+0000] {dagbag.py:545} INFO - Filling up the DagBag from /usr/local/python/3.12.1/lib/python3.12/site-packages/airflow/example_dags/tutorial_taskflow_api.py
[2026-05-06T23:43:19.866+0000] {processor.py:840} INFO - DAG(s) 'tutorial_taskflow_api' retrieved from /usr/local/python/3.12.1/lib/python3.12/site-packages/airflow/example_dags/tutorial_taskflow_api.py
[2026-05-06T23:43:19.879+0000] {logging_mixin.py:188} INFO - [2026-05-06T23:43:19.879+0000] {dag.py:3096} INFO - Sync 1 DAGs
[2026-05-06T23:43:19.889+0000] {logging_mixin.py:188} INFO - [2026-05-06T23:43:19.888+0000] {dag.py:3954} INFO - Setting next_dagrun for tutorial_taskflow_api to None, run_after=None
[2026-05-06T23:43:19.907+0000] {processor.py:183} INFO - Processing /usr/local/python/3.12.1/lib/python3.12/site-packages/airflow/example_dags/tutorial_taskflow_api.py took 0.054 seconds
[2026-05-06T23:43:58.074+0000] {processor.py:161} INFO - Started process (PID=26477) to work on /usr/local/python/3.12.1/lib/python3.12/site-packages/airflow/example_dags/tutorial_taskflow_api.py
[2026-05-06T23:43:58.075+0000] {processor.py:830} INFO - Processing file /usr/local/python/3.12.1/lib/python3.12/site-packages/airflow/example_dags/tutorial_taskflow_api.py for tasks to queue
[2026-05-06T23:43:58.076+0000] {logging_mixin.py:188} INFO - [2026-05-06T23:43:58.076+0000] {dagbag.py:545} INFO - Filling up the DagBag from /usr/local/python/3.12.1/lib/python3.12/site-packages/airflow/example_dags/tutorial_taskflow_api.py
[2026-05-06T23:43:58.082+0000] {processor.py:840} INFO - DAG(s) 'tutorial_taskflow_api' retrieved from /usr/local/python/3.12.1/lib/python3.12/site-packages/airflow/example_dags/tutorial_taskflow_api.py
[2026-05-06T23:43:58.096+0000] {logging_mixin.py:188} INFO - [2026-05-06T23:43:58.095+0000] {dag.py:3096} INFO - Sync 1 DAGs
[2026-05-06T23:43:58.105+0000] {logging_mixin.py:188} INFO - [2026-05-06T23:43:58.105+0000] {dag.py:3954} INFO - Setting next_dagrun for tutorial_taskflow_api to None, run_after=None
[2026-05-06T23:43:58.123+0000] {processor.py:183} INFO - Processing /usr/local/python/3.12.1/lib/python3.12/site-packages/airflow/example_dags/tutorial_taskflow_api.py took 0.054 seconds
[2026-05-06T23:44:37.025+0000] {processor.py:161} INFO - Started process (PID=26783) to work on /usr/local/python/3.12.1/lib/python3.12/site-packages/airflow/example_dags/tutorial_taskflow_api.py
[2026-05-06T23:44:37.026+0000] {processor.py:830} INFO - Processing file /usr/local/python/3.12.1/lib/python3.12/site-packages/airflow/example_dags/tutorial_taskflow_api.py for tasks to queue
[2026-05-06T23:44:37.027+0000] {logging_mixin.py:188} INFO - [2026-05-06T23:44:37.027+0000] {dagbag.py:545} INFO - Filling up the DagBag from /usr/local/python/3.12.1/lib/python3.12/site-packages/airflow/example_dags/tutorial_taskflow_api.py
[2026-05-06T23:44:37.033+0000] {processor.py:840} INFO - DAG(s) 'tutorial_taskflow_api' retrieved from /usr/local/python/3.12.1/lib/python3.12/site-packages/airflow/example_dags/tutorial_taskflow_api.py
[2026-05-06T23:44:37.047+0000] {logging_mixin.py:188} INFO - [2026-05-06T23:44:37.046+0000] {dag.py:3096} INFO - Sync 1 DAGs
[2026-05-06T23:44:37.056+0000] {logging_mixin.py:188} INFO - [2026-05-06T23:44:37.056+0000] {dag.py:3954} INFO - Setting next_dagrun for tutorial_taskflow_api to None, run_after=None
[2026-05-06T23:44:37.075+0000] {processor.py:183} INFO - Processing /usr/local/python/3.12.1/lib/python3.12/site-packages/airflow/example_dags/tutorial_taskflow_api.py took 0.054 seconds
[2026-05-06T23:45:14.280+0000] {processor.py:161} INFO - Started process (PID=27062) to work on /usr/local/python/3.12.1/lib/python3.12/site-packages/airflow/example_dags/tutorial_taskflow_api.py
[2026-05-06T23:45:14.281+0000] {processor.py:830} INFO - Processing file /usr/local/python/3.12.1/lib/python3.12/site-packages/airflow/example_dags/tutorial_taskflow_api.py for tasks to queue
[2026-05-06T23:45:14.283+0000] {logging_mixin.py:188} INFO - [2026-05-06T23:45:14.282+0000] {dagbag.py:545} INFO - Filling up the DagBag from /usr/local/python/3.12.1/lib/python3.12/site-packages/airflow/example_dags/tutorial_taskflow_api.py
[2026-05-06T23:45:14.288+0000] {processor.py:840} INFO - DAG(s) 'tutorial_taskflow_api' retrieved from /usr/local/python/3.12.1/lib/python3.12/site-packages/airflow/example_dags/tutorial_taskflow_api.py
[2026-05-06T23:45:14.301+0000] {logging_mixin.py:188} INFO - [2026-05-06T23:45:14.300+0000] {dag.py:3096} INFO - Sync 1 DAGs
[2026-05-06T23:45:14.311+0000] {logging_mixin.py:188} INFO - [2026-05-06T23:45:14.311+0000] {dag.py:3954} INFO - Setting next_dagrun for tutorial_taskflow_api to None, run_after=None
[2026-05-06T23:45:14.328+0000] {processor.py:183} INFO - Processing /usr/local/python/3.12.1/lib/python3.12/site-packages/airflow/example_dags/tutorial_taskflow_api.py took 0.052 seconds
[2026-05-06T23:45:52.872+0000] {processor.py:161} INFO - Started process (PID=27364) to work on /usr/local/python/3.12.1/lib/python3.12/site-packages/airflow/example_dags/tutorial_taskflow_api.py
[2026-05-06T23:45:52.872+0000] {processor.py:830} INFO - Processing file /usr/local/python/3.12.1/lib/python3.12/site-packages/airflow/example_dags/tutorial_taskflow_api.py for tasks to queue
[2026-05-06T23:45:52.874+0000] {logging_mixin.py:188} INFO - [2026-05-06T23:45:52.874+0000] {dagbag.py:545} INFO - Filling up the DagBag from /usr/local/python/3.12.1/lib/python3.12/site-packages/airflow/example_dags/tutorial_taskflow_api.py
[2026-05-06T23:45:52.880+0000] {processor.py:840} INFO - DAG(s) 'tutorial_taskflow_api' retrieved from /usr/local/python/3.12.1/lib/python3.12/site-packages/airflow/example_dags/tutorial_taskflow_api.py
[2026-05-06T23:45:52.893+0000] {logging_mixin.py:188} INFO - [2026-05-06T23:45:52.893+0000] {dag.py:3096} INFO - Sync 1 DAGs
[2026-05-06T23:45:52.902+0000] {logging_mixin.py:188} INFO - [2026-05-06T23:45:52.902+0000] {dag.py:3954} INFO - Setting next_dagrun for tutorial_taskflow_api to None, run_after=None
[2026-05-06T23:45:52.921+0000] {processor.py:183} INFO - Processing /usr/local/python/3.12.1/lib/python3.12/site-packages/airflow/example_dags/tutorial_taskflow_api.py took 0.054 seconds
[2026-05-06T23:46:33.888+0000] {processor.py:161} INFO - Started process (PID=27687) to work on /usr/local/python/3.12.1/lib/python3.12/site-packages/airflow/example_dags/tutorial_taskflow_api.py
[2026-05-06T23:46:33.889+0000] {processor.py:830} INFO - Processing file /usr/local/python/3.12.1/lib/python3.12/site-packages/airflow/example_dags/tutorial_taskflow_api.py for tasks to queue
[2026-05-06T23:46:33.891+0000] {logging_mixin.py:188} INFO - [2026-05-06T23:46:33.890+0000] {dagbag.py:545} INFO - Filling up the DagBag from /usr/local/python/3.12.1/lib/python3.12/site-packages/airflow/example_dags/tutorial_taskflow_api.py
[2026-05-06T23:46:33.896+0000] {processor.py:840} INFO - DAG(s) 'tutorial_taskflow_api' retrieved from /usr/local/python/3.12.1/lib/python3.12/site-packages/airflow/example_dags/tutorial_taskflow_api.py
[2026-05-06T23:46:33.909+0000] {logging_mixin.py:188} INFO - [2026-05-06T23:46:33.909+0000] {dag.py:3096} INFO - Sync 1 DAGs
[2026-05-06T23:46:33.919+0000] {logging_mixin.py:188} INFO - [2026-05-06T23:46:33.919+0000] {dag.py:3954} INFO - Setting next_dagrun for tutorial_taskflow_api to None, run_after=None
[2026-05-06T23:46:33.940+0000] {processor.py:183} INFO - Processing /usr/local/python/3.12.1/lib/python3.12/site-packages/airflow/example_dags/tutorial_taskflow_api.py took 0.057 seconds
[2026-05-06T23:47:11.017+0000] {processor.py:161} INFO - Started process (PID=27985) to work on /usr/local/python/3.12.1/lib/python3.12/site-packages/airflow/example_dags/tutorial_taskflow_api.py
[2026-05-06T23:47:11.018+0000] {processor.py:830} INFO - Processing file /usr/local/python/3.12.1/lib/python3.12/site-packages/airflow/example_dags/tutorial_taskflow_api.py for tasks to queue
[2026-05-06T23:47:11.020+0000] {logging_mixin.py:188} INFO - [2026-05-06T23:47:11.019+0000] {dagbag.py:545} INFO - Filling up the DagBag from /usr/local/python/3.12.1/lib/python3.12/site-packages/airflow/example_dags/tutorial_taskflow_api.py
[2026-05-06T23:47:11.026+0000] {processor.py:840} INFO - DAG(s) 'tutorial_taskflow_api' retrieved from /usr/local/python/3.12.1/lib/python3.12/site-packages/airflow/example_dags/tutorial_taskflow_api.py
[2026-05-06T23:47:11.042+0000] {logging_mixin.py:188} INFO - [2026-05-06T23:47:11.042+0000] {dag.py:3096} INFO - Sync 1 DAGs
[2026-05-06T23:47:11.056+0000] {logging_mixin.py:188} INFO - [2026-05-06T23:47:11.056+0000] {dag.py:3954} INFO - Setting next_dagrun for tutorial_taskflow_api to None, run_after=None
[2026-05-06T23:47:11.167+0000] {processor.py:183} INFO - Processing /usr/local/python/3.12.1/lib/python3.12/site-packages/airflow/example_dags/tutorial_taskflow_api.py took 0.156 seconds
[2026-05-06T23:47:53.643+0000] {processor.py:161} INFO - Started process (PID=28311) to work on /usr/local/python/3.12.1/lib/python3.12/site-packages/airflow/example_dags/tutorial_taskflow_api.py
[2026-05-06T23:47:53.644+0000] {processor.py:830} INFO - Processing file /usr/local/python/3.12.1/lib/python3.12/site-packages/airflow/example_dags/tutorial_taskflow_api.py for tasks to queue
[2026-05-06T23:47:53.645+0000] {logging_mixin.py:188} INFO - [2026-05-06T23:47:53.645+0000] {dagbag.py:545} INFO - Filling up the DagBag from /usr/local/python/3.12.1/lib/python3.12/site-packages/airflow/example_dags/tutorial_taskflow_api.py
[2026-05-06T23:47:53.652+0000] {processor.py:840} INFO - DAG(s) 'tutorial_taskflow_api' retrieved from /usr/local/python/3.12.1/lib/python3.12/site-packages/airflow/example_dags/tutorial_taskflow_api.py
[2026-05-06T23:47:53.665+0000] {logging_mixin.py:188} INFO - [2026-05-06T23:47:53.665+0000] {dag.py:3096} INFO - Sync 1 DAGs
[2026-05-06T23:47:53.678+0000] {logging_mixin.py:188} INFO - [2026-05-06T23:47:53.678+0000] {dag.py:3954} INFO - Setting next_dagrun for tutorial_taskflow_api to None, run_after=None
[2026-05-06T23:47:53.695+0000] {processor.py:183} INFO - Processing /usr/local/python/3.12.1/lib/python3.12/site-packages/airflow/example_dags/tutorial_taskflow_api.py took 0.057 seconds
[2026-05-06T23:48:33.586+0000] {processor.py:161} INFO - Started process (PID=28626) to work on /usr/local/python/3.12.1/lib/python3.12/site-packages/airflow/example_dags/tutorial_taskflow_api.py
[2026-05-06T23:48:33.587+0000] {processor.py:830} INFO - Processing file /usr/local/python/3.12.1/lib/python3.12/site-packages/airflow/example_dags/tutorial_taskflow_api.py for tasks to queue
[2026-05-06T23:48:33.588+0000] {logging_mixin.py:188} INFO - [2026-05-06T23:48:33.588+0000] {dagbag.py:545} INFO - Filling up the DagBag from /usr/local/python/3.12.1/lib/python3.12/site-packages/airflow/example_dags/tutorial_taskflow_api.py
[2026-05-06T23:48:33.593+0000] {processor.py:840} INFO - DAG(s) 'tutorial_taskflow_api' retrieved from /usr/local/python/3.12.1/lib/python3.12/site-packages/airflow/example_dags/tutorial_taskflow_api.py
[2026-05-06T23:48:33.607+0000] {logging_mixin.py:188} INFO - [2026-05-06T23:48:33.607+0000] {dag.py:3096} INFO - Sync 1 DAGs
[2026-05-06T23:48:33.616+0000] {logging_mixin.py:188} INFO - [2026-05-06T23:48:33.616+0000] {dag.py:3954} INFO - Setting next_dagrun for tutorial_taskflow_api to None, run_after=None
[2026-05-06T23:48:33.634+0000] {processor.py:183} INFO - Processing /usr/local/python/3.12.1/lib/python3.12/site-packages/airflow/example_dags/tutorial_taskflow_api.py took 0.053 seconds
[2026-05-06T23:49:12.238+0000] {processor.py:161} INFO - Started process (PID=28932) to work on /usr/local/python/3.12.1/lib/python3.12/site-packages/airflow/example_dags/tutorial_taskflow_api.py
[2026-05-06T23:49:12.239+0000] {processor.py:830} INFO - Processing file /usr/local/python/3.12.1/lib/python3.12/site-packages/airflow/example_dags/tutorial_taskflow_api.py for tasks to queue
[2026-05-06T23:49:12.240+0000] {logging_mixin.py:188} INFO - [2026-05-06T23:49:12.240+0000] {dagbag.py:545} INFO - Filling up the DagBag from /usr/local/python/3.12.1/lib/python3.12/site-packages/airflow/example_dags/tutorial_taskflow_api.py
[2026-05-06T23:49:12.246+0000] {processor.py:840} INFO - DAG(s) 'tutorial_taskflow_api' retrieved from /usr/local/python/3.12.1/lib/python3.12/site-packages/airflow/example_dags/tutorial_taskflow_api.py
[2026-05-06T23:49:12.262+0000] {logging_mixin.py:188} INFO - [2026-05-06T23:49:12.261+0000] {dag.py:3096} INFO - Sync 1 DAGs
[2026-05-06T23:49:12.271+0000] {logging_mixin.py:188} INFO - [2026-05-06T23:49:12.271+0000] {dag.py:3954} INFO - Setting next_dagrun for tutorial_taskflow_api to None, run_after=None
[2026-05-06T23:49:12.290+0000] {processor.py:183} INFO - Processing /usr/local/python/3.12.1/lib/python3.12/site-packages/airflow/example_dags/tutorial_taskflow_api.py took 0.057 seconds
[2026-05-06T23:49:49.213+0000] {processor.py:161} INFO - Started process (PID=29212) to work on /usr/local/python/3.12.1/lib/python3.12/site-packages/airflow/example_dags/tutorial_taskflow_api.py
[2026-05-06T23:49:49.213+0000] {processor.py:830} INFO - Processing file /usr/local/python/3.12.1/lib/python3.12/site-packages/airflow/example_dags/tutorial_taskflow_api.py for tasks to queue
[2026-05-06T23:49:49.215+0000] {logging_mixin.py:188} INFO - [2026-05-06T23:49:49.214+0000] {dagbag.py:545} INFO - Filling up the DagBag from /usr/local/python/3.12.1/lib/python3.12/site-packages/airflow/example_dags/tutorial_taskflow_api.py
[2026-05-06T23:49:49.220+0000] {processor.py:840} INFO - DAG(s) 'tutorial_taskflow_api' retrieved from /usr/local/python/3.12.1/lib/python3.12/site-packages/airflow/example_dags/tutorial_taskflow_api.py
[2026-05-06T23:49:49.233+0000] {logging_mixin.py:188} INFO - [2026-05-06T23:49:49.233+0000] {dag.py:3096} INFO - Sync 1 DAGs
[2026-05-06T23:49:49.242+0000] {logging_mixin.py:188} INFO - [2026-05-06T23:49:49.242+0000] {dag.py:3954} INFO - Setting next_dagrun for tutorial_taskflow_api to None, run_after=None
[2026-05-06T23:49:49.263+0000] {processor.py:183} INFO - Processing /usr/local/python/3.12.1/lib/python3.12/site-packages/airflow/example_dags/tutorial_taskflow_api.py took 0.055 seconds
[2026-05-06T23:50:25.994+0000] {processor.py:161} INFO - Started process (PID=29500) to work on /usr/local/python/3.12.1/lib/python3.12/site-packages/airflow/example_dags/tutorial_taskflow_api.py
[2026-05-06T23:50:25.995+0000] {processor.py:830} INFO - Processing file /usr/local/python/3.12.1/lib/python3.12/site-packages/airflow/example_dags/tutorial_taskflow_api.py for tasks to queue
[2026-05-06T23:50:25.997+0000] {logging_mixin.py:188} INFO - [2026-05-06T23:50:25.996+0000] {dagbag.py:545} INFO - Filling up the DagBag from /usr/local/python/3.12.1/lib/python3.12/site-packages/airflow/example_dags/tutorial_taskflow_api.py
[2026-05-06T23:50:26.002+0000] {processor.py:840} INFO - DAG(s) 'tutorial_taskflow_api' retrieved from /usr/local/python/3.12.1/lib/python3.12/site-packages/airflow/example_dags/tutorial_taskflow_api.py
[2026-05-06T23:50:26.015+0000] {logging_mixin.py:188} INFO - [2026-05-06T23:50:26.015+0000] {dag.py:3096} INFO - Sync 1 DAGs
[2026-05-06T23:50:26.025+0000] {logging_mixin.py:188} INFO - [2026-05-06T23:50:26.024+0000] {dag.py:3954} INFO - Setting next_dagrun for tutorial_taskflow_api to None, run_after=None
[2026-05-06T23:50:26.042+0000] {processor.py:183} INFO - Processing /usr/local/python/3.12.1/lib/python3.12/site-packages/airflow/example_dags/tutorial_taskflow_api.py took 0.053 seconds
[2026-05-06T23:51:06.233+0000] {processor.py:161} INFO - Started process (PID=29817) to work on /usr/local/python/3.12.1/lib/python3.12/site-packages/airflow/example_dags/tutorial_taskflow_api.py
[2026-05-06T23:51:06.234+0000] {processor.py:830} INFO - Processing file /usr/local/python/3.12.1/lib/python3.12/site-packages/airflow/example_dags/tutorial_taskflow_api.py for tasks to queue
[2026-05-06T23:51:06.236+0000] {logging_mixin.py:188} INFO - [2026-05-06T23:51:06.235+0000] {dagbag.py:545} INFO - Filling up the DagBag from /usr/local/python/3.12.1/lib/python3.12/site-packages/airflow/example_dags/tutorial_taskflow_api.py
[2026-05-06T23:51:06.243+0000] {processor.py:840} INFO - DAG(s) 'tutorial_taskflow_api' retrieved from /usr/local/python/3.12.1/lib/python3.12/site-packages/airflow/example_dags/tutorial_taskflow_api.py
[2026-05-06T23:51:06.259+0000] {logging_mixin.py:188} INFO - [2026-05-06T23:51:06.258+0000] {dag.py:3096} INFO - Sync 1 DAGs
[2026-05-06T23:51:06.268+0000] {logging_mixin.py:188} INFO - [2026-05-06T23:51:06.268+0000] {dag.py:3954} INFO - Setting next_dagrun for tutorial_taskflow_api to None, run_after=None
[2026-05-06T23:51:06.286+0000] {processor.py:183} INFO - Processing /usr/local/python/3.12.1/lib/python3.12/site-packages/airflow/example_dags/tutorial_taskflow_api.py took 0.057 seconds
[2026-05-06T23:51:43.363+0000] {processor.py:161} INFO - Started process (PID=30106) to work on /usr/local/python/3.12.1/lib/python3.12/site-packages/airflow/example_dags/tutorial_taskflow_api.py
[2026-05-06T23:51:43.365+0000] {processor.py:830} INFO - Processing file /usr/local/python/3.12.1/lib/python3.12/site-packages/airflow/example_dags/tutorial_taskflow_api.py for tasks to queue
[2026-05-06T23:51:43.367+0000] {logging_mixin.py:188} INFO - [2026-05-06T23:51:43.366+0000] {dagbag.py:545} INFO - Filling up the DagBag from /usr/local/python/3.12.1/lib/python3.12/site-packages/airflow/example_dags/tutorial_taskflow_api.py
[2026-05-06T23:51:43.375+0000] {processor.py:840} INFO - DAG(s) 'tutorial_taskflow_api' retrieved from /usr/local/python/3.12.1/lib/python3.12/site-packages/airflow/example_dags/tutorial_taskflow_api.py
[2026-05-06T23:51:43.389+0000] {logging_mixin.py:188} INFO - [2026-05-06T23:51:43.389+0000] {dag.py:3096} INFO - Sync 1 DAGs
[2026-05-06T23:51:43.398+0000] {logging_mixin.py:188} INFO - [2026-05-06T23:51:43.398+0000] {dag.py:3954} INFO - Setting next_dagrun for tutorial_taskflow_api to None, run_after=None
[2026-05-06T23:51:43.416+0000] {processor.py:183} INFO - Processing /usr/local/python/3.12.1/lib/python3.12/site-packages/airflow/example_dags/tutorial_taskflow_api.py took 0.062 seconds
[2026-05-06T23:52:21.033+0000] {processor.py:161} INFO - Started process (PID=30391) to work on /usr/local/python/3.12.1/lib/python3.12/site-packages/airflow/example_dags/tutorial_taskflow_api.py
[2026-05-06T23:52:21.034+0000] {processor.py:830} INFO - Processing file /usr/local/python/3.12.1/lib/python3.12/site-packages/airflow/example_dags/tutorial_taskflow_api.py for tasks to queue
[2026-05-06T23:52:21.035+0000] {logging_mixin.py:188} INFO - [2026-05-06T23:52:21.035+0000] {dagbag.py:545} INFO - Filling up the DagBag from /usr/local/python/3.12.1/lib/python3.12/site-packages/airflow/example_dags/tutorial_taskflow_api.py
[2026-05-06T23:52:21.042+0000] {processor.py:840} INFO - DAG(s) 'tutorial_taskflow_api' retrieved from /usr/local/python/3.12.1/lib/python3.12/site-packages/airflow/example_dags/tutorial_taskflow_api.py
[2026-05-06T23:52:21.060+0000] {logging_mixin.py:188} INFO - [2026-05-06T23:52:21.060+0000] {dag.py:3096} INFO - Sync 1 DAGs
[2026-05-06T23:52:21.070+0000] {logging_mixin.py:188} INFO - [2026-05-06T23:52:21.069+0000] {dag.py:3954} INFO - Setting next_dagrun for tutorial_taskflow_api to None, run_after=None
[2026-05-06T23:52:21.086+0000] {processor.py:183} INFO - Processing /usr/local/python/3.12.1/lib/python3.12/site-packages/airflow/example_dags/tutorial_taskflow_api.py took 0.058 seconds
[2026-05-06T23:52:58.415+0000] {processor.py:161} INFO - Started process (PID=30690) to work on /usr/local/python/3.12.1/lib/python3.12/site-packages/airflow/example_dags/tutorial_taskflow_api.py
[2026-05-06T23:52:58.416+0000] {processor.py:830} INFO - Processing file /usr/local/python/3.12.1/lib/python3.12/site-packages/airflow/example_dags/tutorial_taskflow_api.py for tasks to queue
[2026-05-06T23:52:58.417+0000] {logging_mixin.py:188} INFO - [2026-05-06T23:52:58.417+0000] {dagbag.py:545} INFO - Filling up the DagBag from /usr/local/python/3.12.1/lib/python3.12/site-packages/airflow/example_dags/tutorial_taskflow_api.py
[2026-05-06T23:52:58.423+0000] {processor.py:840} INFO - DAG(s) 'tutorial_taskflow_api' retrieved from /usr/local/python/3.12.1/lib/python3.12/site-packages/airflow/example_dags/tutorial_taskflow_api.py
[2026-05-06T23:52:58.437+0000] {logging_mixin.py:188} INFO - [2026-05-06T23:52:58.436+0000] {dag.py:3096} INFO - Sync 1 DAGs
[2026-05-06T23:52:58.451+0000] {logging_mixin.py:188} INFO - [2026-05-06T23:52:58.450+0000] {dag.py:3954} INFO - Setting next_dagrun for tutorial_taskflow_api to None, run_after=None
[2026-05-06T23:52:58.470+0000] {processor.py:183} INFO - Processing /usr/local/python/3.12.1/lib/python3.12/site-packages/airflow/example_dags/tutorial_taskflow_api.py took 0.060 seconds
[2026-05-06T23:53:39.562+0000] {processor.py:161} INFO - Started process (PID=31011) to work on /usr/local/python/3.12.1/lib/python3.12/site-packages/airflow/example_dags/tutorial_taskflow_api.py
[2026-05-06T23:53:39.563+0000] {processor.py:830} INFO - Processing file /usr/local/python/3.12.1/lib/python3.12/site-packages/airflow/example_dags/tutorial_taskflow_api.py for tasks to queue
[2026-05-06T23:53:39.565+0000] {logging_mixin.py:188} INFO - [2026-05-06T23:53:39.564+0000] {dagbag.py:545} INFO - Filling up the DagBag from /usr/local/python/3.12.1/lib/python3.12/site-packages/airflow/example_dags/tutorial_taskflow_api.py
[2026-05-06T23:53:39.570+0000] {processor.py:840} INFO - DAG(s) 'tutorial_taskflow_api' retrieved from /usr/local/python/3.12.1/lib/python3.12/site-packages/airflow/example_dags/tutorial_taskflow_api.py
[2026-05-06T23:53:39.583+0000] {logging_mixin.py:188} INFO - [2026-05-06T23:53:39.583+0000] {dag.py:3096} INFO - Sync 1 DAGs
[2026-05-06T23:53:39.592+0000] {logging_mixin.py:188} INFO - [2026-05-06T23:53:39.592+0000] {dag.py:3954} INFO - Setting next_dagrun for tutorial_taskflow_api to None, run_after=None
[2026-05-06T23:53:39.612+0000] {processor.py:183} INFO - Processing /usr/local/python/3.12.1/lib/python3.12/site-packages/airflow/example_dags/tutorial_taskflow_api.py took 0.055 seconds
[2026-05-06T23:54:19.252+0000] {processor.py:161} INFO - Started process (PID=31318) to work on /usr/local/python/3.12.1/lib/python3.12/site-packages/airflow/example_dags/tutorial_taskflow_api.py
[2026-05-06T23:54:19.253+0000] {processor.py:830} INFO - Processing file /usr/local/python/3.12.1/lib/python3.12/site-packages/airflow/example_dags/tutorial_taskflow_api.py for tasks to queue
[2026-05-06T23:54:19.255+0000] {logging_mixin.py:188} INFO - [2026-05-06T23:54:19.254+0000] {dagbag.py:545} INFO - Filling up the DagBag from /usr/local/python/3.12.1/lib/python3.12/site-packages/airflow/example_dags/tutorial_taskflow_api.py
[2026-05-06T23:54:19.260+0000] {processor.py:840} INFO - DAG(s) 'tutorial_taskflow_api' retrieved from /usr/local/python/3.12.1/lib/python3.12/site-packages/airflow/example_dags/tutorial_taskflow_api.py
[2026-05-06T23:54:19.274+0000] {logging_mixin.py:188} INFO - [2026-05-06T23:54:19.274+0000] {dag.py:3096} INFO - Sync 1 DAGs
[2026-05-06T23:54:19.284+0000] {logging_mixin.py:188} INFO - [2026-05-06T23:54:19.283+0000] {dag.py:3954} INFO - Setting next_dagrun for tutorial_taskflow_api to None, run_after=None
[2026-05-06T23:54:19.301+0000] {processor.py:183} INFO - Processing /usr/local/python/3.12.1/lib/python3.12/site-packages/airflow/example_dags/tutorial_taskflow_api.py took 0.056 seconds
[2026-05-06T23:54:58.084+0000] {processor.py:161} INFO - Started process (PID=31622) to work on /usr/local/python/3.12.1/lib/python3.12/site-packages/airflow/example_dags/tutorial_taskflow_api.py
[2026-05-06T23:54:58.085+0000] {processor.py:830} INFO - Processing file /usr/local/python/3.12.1/lib/python3.12/site-packages/airflow/example_dags/tutorial_taskflow_api.py for tasks to queue
[2026-05-06T23:54:58.086+0000] {logging_mixin.py:188} INFO - [2026-05-06T23:54:58.086+0000] {dagbag.py:545} INFO - Filling up the DagBag from /usr/local/python/3.12.1/lib/python3.12/site-packages/airflow/example_dags/tutorial_taskflow_api.py
[2026-05-06T23:54:58.092+0000] {processor.py:840} INFO - DAG(s) 'tutorial_taskflow_api' retrieved from /usr/local/python/3.12.1/lib/python3.12/site-packages/airflow/example_dags/tutorial_taskflow_api.py
[2026-05-06T23:54:58.106+0000] {logging_mixin.py:188} INFO - [2026-05-06T23:54:58.105+0000] {dag.py:3096} INFO - Sync 1 DAGs
[2026-05-06T23:54:58.115+0000] {logging_mixin.py:188} INFO - [2026-05-06T23:54:58.115+0000] {dag.py:3954} INFO - Setting next_dagrun for tutorial_taskflow_api to None, run_after=None
[2026-05-06T23:54:58.132+0000] {processor.py:183} INFO - Processing /usr/local/python/3.12.1/lib/python3.12/site-packages/airflow/example_dags/tutorial_taskflow_api.py took 0.054 seconds
[2026-05-06T23:55:37.225+0000] {processor.py:161} INFO - Started process (PID=31989) to work on /usr/local/python/3.12.1/lib/python3.12/site-packages/airflow/example_dags/tutorial_taskflow_api.py
[2026-05-06T23:55:37.226+0000] {processor.py:830} INFO - Processing file /usr/local/python/3.12.1/lib/python3.12/site-packages/airflow/example_dags/tutorial_taskflow_api.py for tasks to queue
[2026-05-06T23:55:37.228+0000] {logging_mixin.py:188} INFO - [2026-05-06T23:55:37.227+0000] {dagbag.py:545} INFO - Filling up the DagBag from /usr/local/python/3.12.1/lib/python3.12/site-packages/airflow/example_dags/tutorial_taskflow_api.py
[2026-05-06T23:55:37.233+0000] {processor.py:840} INFO - DAG(s) 'tutorial_taskflow_api' retrieved from /usr/local/python/3.12.1/lib/python3.12/site-packages/airflow/example_dags/tutorial_taskflow_api.py
[2026-05-06T23:55:37.246+0000] {logging_mixin.py:188} INFO - [2026-05-06T23:55:37.246+0000] {dag.py:3096} INFO - Sync 1 DAGs
[2026-05-06T23:55:37.256+0000] {logging_mixin.py:188} INFO - [2026-05-06T23:55:37.256+0000] {dag.py:3954} INFO - Setting next_dagrun for tutorial_taskflow_api to None, run_after=None
[2026-05-06T23:55:37.275+0000] {processor.py:183} INFO - Processing /usr/local/python/3.12.1/lib/python3.12/site-packages/airflow/example_dags/tutorial_taskflow_api.py took 0.054 seconds
[2026-05-06T23:56:18.669+0000] {processor.py:161} INFO - Started process (PID=32315) to work on /usr/local/python/3.12.1/lib/python3.12/site-packages/airflow/example_dags/tutorial_taskflow_api.py
[2026-05-06T23:56:18.670+0000] {processor.py:830} INFO - Processing file /usr/local/python/3.12.1/lib/python3.12/site-packages/airflow/example_dags/tutorial_taskflow_api.py for tasks to queue
[2026-05-06T23:56:18.671+0000] {logging_mixin.py:188} INFO - [2026-05-06T23:56:18.671+0000] {dagbag.py:545} INFO - Filling up the DagBag from /usr/local/python/3.12.1/lib/python3.12/site-packages/airflow/example_dags/tutorial_taskflow_api.py
[2026-05-06T23:56:18.677+0000] {processor.py:840} INFO - DAG(s) 'tutorial_taskflow_api' retrieved from /usr/local/python/3.12.1/lib/python3.12/site-packages/airflow/example_dags/tutorial_taskflow_api.py
[2026-05-06T23:56:18.691+0000] {logging_mixin.py:188} INFO - [2026-05-06T23:56:18.691+0000] {dag.py:3096} INFO - Sync 1 DAGs
[2026-05-06T23:56:18.701+0000] {logging_mixin.py:188} INFO - [2026-05-06T23:56:18.701+0000] {dag.py:3954} INFO - Setting next_dagrun for tutorial_taskflow_api to None, run_after=None
[2026-05-06T23:56:18.719+0000] {processor.py:183} INFO - Processing /usr/local/python/3.12.1/lib/python3.12/site-packages/airflow/example_dags/tutorial_taskflow_api.py took 0.055 seconds
[2026-05-06T23:56:53.303+0000] {processor.py:161} INFO - Started process (PID=32548) to work on /usr/local/python/3.12.1/lib/python3.12/site-packages/airflow/example_dags/tutorial_taskflow_api.py
[2026-05-06T23:56:53.304+0000] {processor.py:830} INFO - Processing file /usr/local/python/3.12.1/lib/python3.12/site-packages/airflow/example_dags/tutorial_taskflow_api.py for tasks to queue
[2026-05-06T23:56:53.305+0000] {logging_mixin.py:188} INFO - [2026-05-06T23:56:53.305+0000] {dagbag.py:545} INFO - Filling up the DagBag from /usr/local/python/3.12.1/lib/python3.12/site-packages/airflow/example_dags/tutorial_taskflow_api.py
[2026-05-06T23:56:53.311+0000] {processor.py:840} INFO - DAG(s) 'tutorial_taskflow_api' retrieved from /usr/local/python/3.12.1/lib/python3.12/site-packages/airflow/example_dags/tutorial_taskflow_api.py
[2026-05-06T23:56:53.324+0000] {logging_mixin.py:188} INFO - [2026-05-06T23:56:53.324+0000] {dag.py:3096} INFO - Sync 1 DAGs
[2026-05-06T23:56:53.333+0000] {logging_mixin.py:188} INFO - [2026-05-06T23:56:53.333+0000] {dag.py:3954} INFO - Setting next_dagrun for tutorial_taskflow_api to None, run_after=None
[2026-05-06T23:56:53.350+0000] {processor.py:183} INFO - Processing /usr/local/python/3.12.1/lib/python3.12/site-packages/airflow/example_dags/tutorial_taskflow_api.py took 0.052 seconds
[2026-05-06T23:57:31.189+0000] {processor.py:161} INFO - Started process (PID=32741) to work on /usr/local/python/3.12.1/lib/python3.12/site-packages/airflow/example_dags/tutorial_taskflow_api.py
[2026-05-06T23:57:31.190+0000] {processor.py:830} INFO - Processing file /usr/local/python/3.12.1/lib/python3.12/site-packages/airflow/example_dags/tutorial_taskflow_api.py for tasks to queue
[2026-05-06T23:57:31.191+0000] {logging_mixin.py:188} INFO - [2026-05-06T23:57:31.191+0000] {dagbag.py:545} INFO - Filling up the DagBag from /usr/local/python/3.12.1/lib/python3.12/site-packages/airflow/example_dags/tutorial_taskflow_api.py
[2026-05-06T23:57:31.197+0000] {processor.py:840} INFO - DAG(s) 'tutorial_taskflow_api' retrieved from /usr/local/python/3.12.1/lib/python3.12/site-packages/airflow/example_dags/tutorial_taskflow_api.py
[2026-05-06T23:57:31.211+0000] {logging_mixin.py:188} INFO - [2026-05-06T23:57:31.210+0000] {dag.py:3096} INFO - Sync 1 DAGs
[2026-05-06T23:57:31.221+0000] {logging_mixin.py:188} INFO - [2026-05-06T23:57:31.221+0000] {dag.py:3954} INFO - Setting next_dagrun for tutorial_taskflow_api to None, run_after=None
[2026-05-06T23:57:31.241+0000] {processor.py:183} INFO - Processing /usr/local/python/3.12.1/lib/python3.12/site-packages/airflow/example_dags/tutorial_taskflow_api.py took 0.057 seconds
[2026-05-06T23:58:08.307+0000] {processor.py:161} INFO - Started process (PID=32929) to work on /usr/local/python/3.12.1/lib/python3.12/site-packages/airflow/example_dags/tutorial_taskflow_api.py
[2026-05-06T23:58:08.308+0000] {processor.py:830} INFO - Processing file /usr/local/python/3.12.1/lib/python3.12/site-packages/airflow/example_dags/tutorial_taskflow_api.py for tasks to queue
[2026-05-06T23:58:08.309+0000] {logging_mixin.py:188} INFO - [2026-05-06T23:58:08.309+0000] {dagbag.py:545} INFO - Filling up the DagBag from /usr/local/python/3.12.1/lib/python3.12/site-packages/airflow/example_dags/tutorial_taskflow_api.py
[2026-05-06T23:58:08.315+0000] {processor.py:840} INFO - DAG(s) 'tutorial_taskflow_api' retrieved from /usr/local/python/3.12.1/lib/python3.12/site-packages/airflow/example_dags/tutorial_taskflow_api.py
[2026-05-06T23:58:08.328+0000] {logging_mixin.py:188} INFO - [2026-05-06T23:58:08.328+0000] {dag.py:3096} INFO - Sync 1 DAGs
[2026-05-06T23:58:08.338+0000] {logging_mixin.py:188} INFO - [2026-05-06T23:58:08.337+0000] {dag.py:3954} INFO - Setting next_dagrun for tutorial_taskflow_api to None, run_after=None
[2026-05-06T23:58:08.359+0000] {processor.py:183} INFO - Processing /usr/local/python/3.12.1/lib/python3.12/site-packages/airflow/example_dags/tutorial_taskflow_api.py took 0.057 seconds
[2026-05-06T23:58:48.401+0000] {processor.py:161} INFO - Started process (PID=33125) to work on /usr/local/python/3.12.1/lib/python3.12/site-packages/airflow/example_dags/tutorial_taskflow_api.py
[2026-05-06T23:58:48.401+0000] {processor.py:830} INFO - Processing file /usr/local/python/3.12.1/lib/python3.12/site-packages/airflow/example_dags/tutorial_taskflow_api.py for tasks to queue
[2026-05-06T23:58:48.403+0000] {logging_mixin.py:188} INFO - [2026-05-06T23:58:48.402+0000] {dagbag.py:545} INFO - Filling up the DagBag from /usr/local/python/3.12.1/lib/python3.12/site-packages/airflow/example_dags/tutorial_taskflow_api.py
[2026-05-06T23:58:48.408+0000] {processor.py:840} INFO - DAG(s) 'tutorial_taskflow_api' retrieved from /usr/local/python/3.12.1/lib/python3.12/site-packages/airflow/example_dags/tutorial_taskflow_api.py
[2026-05-06T23:58:48.422+0000] {logging_mixin.py:188} INFO - [2026-05-06T23:58:48.421+0000] {dag.py:3096} INFO - Sync 1 DAGs
[2026-05-06T23:58:48.431+0000] {logging_mixin.py:188} INFO - [2026-05-06T23:58:48.431+0000] {dag.py:3954} INFO - Setting next_dagrun for tutorial_taskflow_api to None, run_after=None
[2026-05-06T23:58:48.452+0000] {processor.py:183} INFO - Processing /usr/local/python/3.12.1/lib/python3.12/site-packages/airflow/example_dags/tutorial_taskflow_api.py took 0.056 seconds
[2026-05-06T23:59:29.391+0000] {processor.py:161} INFO - Started process (PID=33327) to work on /usr/local/python/3.12.1/lib/python3.12/site-packages/airflow/example_dags/tutorial_taskflow_api.py
[2026-05-06T23:59:29.392+0000] {processor.py:830} INFO - Processing file /usr/local/python/3.12.1/lib/python3.12/site-packages/airflow/example_dags/tutorial_taskflow_api.py for tasks to queue
[2026-05-06T23:59:29.393+0000] {logging_mixin.py:188} INFO - [2026-05-06T23:59:29.393+0000] {dagbag.py:545} INFO - Filling up the DagBag from /usr/local/python/3.12.1/lib/python3.12/site-packages/airflow/example_dags/tutorial_taskflow_api.py
[2026-05-06T23:59:29.399+0000] {processor.py:840} INFO - DAG(s) 'tutorial_taskflow_api' retrieved from /usr/local/python/3.12.1/lib/python3.12/site-packages/airflow/example_dags/tutorial_taskflow_api.py
[2026-05-06T23:59:29.413+0000] {logging_mixin.py:188} INFO - [2026-05-06T23:59:29.412+0000] {dag.py:3096} INFO - Sync 1 DAGs
[2026-05-06T23:59:29.422+0000] {logging_mixin.py:188} INFO - [2026-05-06T23:59:29.422+0000] {dag.py:3954} INFO - Setting next_dagrun for tutorial_taskflow_api to None, run_after=None
[2026-05-06T23:59:29.446+0000] {processor.py:183} INFO - Processing /usr/local/python/3.12.1/lib/python3.12/site-packages/airflow/example_dags/tutorial_taskflow_api.py took 0.061 seconds
