[2026-05-06T23:18:40.595+0000] {processor.py:161} INFO - Started process (PID=13120) to work on /usr/local/python/3.12.1/lib/python3.12/site-packages/airflow/example_dags/tutorial_taskflow_api_virtualenv.py
[2026-05-06T23:18:40.596+0000] {processor.py:830} INFO - Processing file /usr/local/python/3.12.1/lib/python3.12/site-packages/airflow/example_dags/tutorial_taskflow_api_virtualenv.py for tasks to queue
[2026-05-06T23:18:40.597+0000] {logging_mixin.py:188} INFO - [2026-05-06T23:18:40.597+0000] {dagbag.py:545} INFO - Filling up the DagBag from /usr/local/python/3.12.1/lib/python3.12/site-packages/airflow/example_dags/tutorial_taskflow_api_virtualenv.py
[2026-05-06T23:18:40.781+0000] {processor.py:840} INFO - DAG(s) 'tutorial_taskflow_api_virtualenv' retrieved from /usr/local/python/3.12.1/lib/python3.12/site-packages/airflow/example_dags/tutorial_taskflow_api_virtualenv.py
[2026-05-06T23:18:40.866+0000] {logging_mixin.py:188} INFO - [2026-05-06T23:18:40.865+0000] {override.py:1829} INFO - Created Permission View: can delete on DAG:tutorial_taskflow_api_virtualenv
[2026-05-06T23:18:40.874+0000] {logging_mixin.py:188} INFO - [2026-05-06T23:18:40.873+0000] {override.py:1829} INFO - Created Permission View: can edit on DAG:tutorial_taskflow_api_virtualenv
[2026-05-06T23:18:40.879+0000] {logging_mixin.py:188} INFO - [2026-05-06T23:18:40.879+0000] {override.py:1829} INFO - Created Permission View: can read on DAG:tutorial_taskflow_api_virtualenv
[2026-05-06T23:18:40.879+0000] {logging_mixin.py:188} INFO - [2026-05-06T23:18:40.879+0000] {dag.py:3096} INFO - Sync 1 DAGs
[2026-05-06T23:18:40.886+0000] {logging_mixin.py:188} INFO - [2026-05-06T23:18:40.886+0000] {dag.py:3118} INFO - Creating ORM DAG for tutorial_taskflow_api_virtualenv
[2026-05-06T23:18:40.887+0000] {logging_mixin.py:188} INFO - [2026-05-06T23:18:40.887+0000] {dag.py:3954} INFO - Setting next_dagrun for tutorial_taskflow_api_virtualenv to None, run_after=None
[2026-05-06T23:18:40.901+0000] {processor.py:183} INFO - Processing /usr/local/python/3.12.1/lib/python3.12/site-packages/airflow/example_dags/tutorial_taskflow_api_virtualenv.py took 0.310 seconds
[2026-05-06T23:19:33.440+0000] {processor.py:161} INFO - Started process (PID=13557) to work on /usr/local/python/3.12.1/lib/python3.12/site-packages/airflow/example_dags/tutorial_taskflow_api_virtualenv.py
[2026-05-06T23:19:33.441+0000] {processor.py:830} INFO - Processing file /usr/local/python/3.12.1/lib/python3.12/site-packages/airflow/example_dags/tutorial_taskflow_api_virtualenv.py for tasks to queue
[2026-05-06T23:19:33.442+0000] {logging_mixin.py:188} INFO - [2026-05-06T23:19:33.442+0000] {dagbag.py:545} INFO - Filling up the DagBag from /usr/local/python/3.12.1/lib/python3.12/site-packages/airflow/example_dags/tutorial_taskflow_api_virtualenv.py
[2026-05-06T23:19:33.451+0000] {processor.py:840} INFO - DAG(s) 'tutorial_taskflow_api_virtualenv' retrieved from /usr/local/python/3.12.1/lib/python3.12/site-packages/airflow/example_dags/tutorial_taskflow_api_virtualenv.py
[2026-05-06T23:19:33.464+0000] {logging_mixin.py:188} INFO - [2026-05-06T23:19:33.463+0000] {dag.py:3096} INFO - Sync 1 DAGs
[2026-05-06T23:19:33.473+0000] {logging_mixin.py:188} INFO - [2026-05-06T23:19:33.472+0000] {dag.py:3954} INFO - Setting next_dagrun for tutorial_taskflow_api_virtualenv to None, run_after=None
[2026-05-06T23:19:33.489+0000] {processor.py:183} INFO - Processing /usr/local/python/3.12.1/lib/python3.12/site-packages/airflow/example_dags/tutorial_taskflow_api_virtualenv.py took 0.053 seconds
[2026-05-06T23:20:13.384+0000] {processor.py:161} INFO - Started process (PID=13937) to work on /usr/local/python/3.12.1/lib/python3.12/site-packages/airflow/example_dags/tutorial_taskflow_api_virtualenv.py
[2026-05-06T23:20:13.385+0000] {processor.py:830} INFO - Processing file /usr/local/python/3.12.1/lib/python3.12/site-packages/airflow/example_dags/tutorial_taskflow_api_virtualenv.py for tasks to queue
[2026-05-06T23:20:13.386+0000] {logging_mixin.py:188} INFO - [2026-05-06T23:20:13.386+0000] {dagbag.py:545} INFO - Filling up the DagBag from /usr/local/python/3.12.1/lib/python3.12/site-packages/airflow/example_dags/tutorial_taskflow_api_virtualenv.py
[2026-05-06T23:20:13.395+0000] {processor.py:840} INFO - DAG(s) 'tutorial_taskflow_api_virtualenv' retrieved from /usr/local/python/3.12.1/lib/python3.12/site-packages/airflow/example_dags/tutorial_taskflow_api_virtualenv.py
[2026-05-06T23:20:13.408+0000] {logging_mixin.py:188} INFO - [2026-05-06T23:20:13.408+0000] {dag.py:3096} INFO - Sync 1 DAGs
[2026-05-06T23:20:13.417+0000] {logging_mixin.py:188} INFO - [2026-05-06T23:20:13.417+0000] {dag.py:3954} INFO - Setting next_dagrun for tutorial_taskflow_api_virtualenv to None, run_after=None
[2026-05-06T23:20:13.433+0000] {processor.py:183} INFO - Processing /usr/local/python/3.12.1/lib/python3.12/site-packages/airflow/example_dags/tutorial_taskflow_api_virtualenv.py took 0.054 seconds
[2026-05-06T23:20:53.387+0000] {processor.py:161} INFO - Started process (PID=14279) to work on /usr/local/python/3.12.1/lib/python3.12/site-packages/airflow/example_dags/tutorial_taskflow_api_virtualenv.py
[2026-05-06T23:20:53.387+0000] {processor.py:830} INFO - Processing file /usr/local/python/3.12.1/lib/python3.12/site-packages/airflow/example_dags/tutorial_taskflow_api_virtualenv.py for tasks to queue
[2026-05-06T23:20:53.389+0000] {logging_mixin.py:188} INFO - [2026-05-06T23:20:53.389+0000] {dagbag.py:545} INFO - Filling up the DagBag from /usr/local/python/3.12.1/lib/python3.12/site-packages/airflow/example_dags/tutorial_taskflow_api_virtualenv.py
[2026-05-06T23:20:53.397+0000] {processor.py:840} INFO - DAG(s) 'tutorial_taskflow_api_virtualenv' retrieved from /usr/local/python/3.12.1/lib/python3.12/site-packages/airflow/example_dags/tutorial_taskflow_api_virtualenv.py
[2026-05-06T23:20:53.410+0000] {logging_mixin.py:188} INFO - [2026-05-06T23:20:53.410+0000] {dag.py:3096} INFO - Sync 1 DAGs
[2026-05-06T23:20:53.419+0000] {logging_mixin.py:188} INFO - [2026-05-06T23:20:53.419+0000] {dag.py:3954} INFO - Setting next_dagrun for tutorial_taskflow_api_virtualenv to None, run_after=None
[2026-05-06T23:20:53.436+0000] {processor.py:183} INFO - Processing /usr/local/python/3.12.1/lib/python3.12/site-packages/airflow/example_dags/tutorial_taskflow_api_virtualenv.py took 0.054 seconds
[2026-05-06T23:21:34.333+0000] {processor.py:161} INFO - Started process (PID=14696) to work on /usr/local/python/3.12.1/lib/python3.12/site-packages/airflow/example_dags/tutorial_taskflow_api_virtualenv.py
[2026-05-06T23:21:34.334+0000] {processor.py:830} INFO - Processing file /usr/local/python/3.12.1/lib/python3.12/site-packages/airflow/example_dags/tutorial_taskflow_api_virtualenv.py for tasks to queue
[2026-05-06T23:21:34.335+0000] {logging_mixin.py:188} INFO - [2026-05-06T23:21:34.335+0000] {dagbag.py:545} INFO - Filling up the DagBag from /usr/local/python/3.12.1/lib/python3.12/site-packages/airflow/example_dags/tutorial_taskflow_api_virtualenv.py
[2026-05-06T23:21:34.344+0000] {processor.py:840} INFO - DAG(s) 'tutorial_taskflow_api_virtualenv' retrieved from /usr/local/python/3.12.1/lib/python3.12/site-packages/airflow/example_dags/tutorial_taskflow_api_virtualenv.py
[2026-05-06T23:21:34.356+0000] {logging_mixin.py:188} INFO - [2026-05-06T23:21:34.356+0000] {dag.py:3096} INFO - Sync 1 DAGs
[2026-05-06T23:21:34.365+0000] {logging_mixin.py:188} INFO - [2026-05-06T23:21:34.365+0000] {dag.py:3954} INFO - Setting next_dagrun for tutorial_taskflow_api_virtualenv to None, run_after=None
[2026-05-06T23:21:34.381+0000] {processor.py:183} INFO - Processing /usr/local/python/3.12.1/lib/python3.12/site-packages/airflow/example_dags/tutorial_taskflow_api_virtualenv.py took 0.052 seconds
[2026-05-06T23:22:15.397+0000] {processor.py:161} INFO - Started process (PID=15010) to work on /usr/local/python/3.12.1/lib/python3.12/site-packages/airflow/example_dags/tutorial_taskflow_api_virtualenv.py
[2026-05-06T23:22:15.398+0000] {processor.py:830} INFO - Processing file /usr/local/python/3.12.1/lib/python3.12/site-packages/airflow/example_dags/tutorial_taskflow_api_virtualenv.py for tasks to queue
[2026-05-06T23:22:15.400+0000] {logging_mixin.py:188} INFO - [2026-05-06T23:22:15.399+0000] {dagbag.py:545} INFO - Filling up the DagBag from /usr/local/python/3.12.1/lib/python3.12/site-packages/airflow/example_dags/tutorial_taskflow_api_virtualenv.py
[2026-05-06T23:22:15.409+0000] {processor.py:840} INFO - DAG(s) 'tutorial_taskflow_api_virtualenv' retrieved from /usr/local/python/3.12.1/lib/python3.12/site-packages/airflow/example_dags/tutorial_taskflow_api_virtualenv.py
[2026-05-06T23:22:15.421+0000] {logging_mixin.py:188} INFO - [2026-05-06T23:22:15.421+0000] {dag.py:3096} INFO - Sync 1 DAGs
[2026-05-06T23:22:15.430+0000] {logging_mixin.py:188} INFO - [2026-05-06T23:22:15.430+0000] {dag.py:3954} INFO - Setting next_dagrun for tutorial_taskflow_api_virtualenv to None, run_after=None
[2026-05-06T23:22:15.446+0000] {processor.py:183} INFO - Processing /usr/local/python/3.12.1/lib/python3.12/site-packages/airflow/example_dags/tutorial_taskflow_api_virtualenv.py took 0.053 seconds
[2026-05-06T23:22:55.541+0000] {processor.py:161} INFO - Started process (PID=15419) to work on /usr/local/python/3.12.1/lib/python3.12/site-packages/airflow/example_dags/tutorial_taskflow_api_virtualenv.py
[2026-05-06T23:22:55.542+0000] {processor.py:830} INFO - Processing file /usr/local/python/3.12.1/lib/python3.12/site-packages/airflow/example_dags/tutorial_taskflow_api_virtualenv.py for tasks to queue
[2026-05-06T23:22:55.543+0000] {logging_mixin.py:188} INFO - [2026-05-06T23:22:55.543+0000] {dagbag.py:545} INFO - Filling up the DagBag from /usr/local/python/3.12.1/lib/python3.12/site-packages/airflow/example_dags/tutorial_taskflow_api_virtualenv.py
[2026-05-06T23:22:55.552+0000] {processor.py:840} INFO - DAG(s) 'tutorial_taskflow_api_virtualenv' retrieved from /usr/local/python/3.12.1/lib/python3.12/site-packages/airflow/example_dags/tutorial_taskflow_api_virtualenv.py
[2026-05-06T23:22:55.564+0000] {logging_mixin.py:188} INFO - [2026-05-06T23:22:55.564+0000] {dag.py:3096} INFO - Sync 1 DAGs
[2026-05-06T23:22:55.573+0000] {logging_mixin.py:188} INFO - [2026-05-06T23:22:55.573+0000] {dag.py:3954} INFO - Setting next_dagrun for tutorial_taskflow_api_virtualenv to None, run_after=None
[2026-05-06T23:22:55.590+0000] {processor.py:183} INFO - Processing /usr/local/python/3.12.1/lib/python3.12/site-packages/airflow/example_dags/tutorial_taskflow_api_virtualenv.py took 0.054 seconds
[2026-05-06T23:23:33.325+0000] {processor.py:161} INFO - Started process (PID=15794) to work on /usr/local/python/3.12.1/lib/python3.12/site-packages/airflow/example_dags/tutorial_taskflow_api_virtualenv.py
[2026-05-06T23:23:33.326+0000] {processor.py:830} INFO - Processing file /usr/local/python/3.12.1/lib/python3.12/site-packages/airflow/example_dags/tutorial_taskflow_api_virtualenv.py for tasks to queue
[2026-05-06T23:23:33.328+0000] {logging_mixin.py:188} INFO - [2026-05-06T23:23:33.327+0000] {dagbag.py:545} INFO - Filling up the DagBag from /usr/local/python/3.12.1/lib/python3.12/site-packages/airflow/example_dags/tutorial_taskflow_api_virtualenv.py
[2026-05-06T23:23:33.336+0000] {processor.py:840} INFO - DAG(s) 'tutorial_taskflow_api_virtualenv' retrieved from /usr/local/python/3.12.1/lib/python3.12/site-packages/airflow/example_dags/tutorial_taskflow_api_virtualenv.py
[2026-05-06T23:23:33.349+0000] {logging_mixin.py:188} INFO - [2026-05-06T23:23:33.349+0000] {dag.py:3096} INFO - Sync 1 DAGs
[2026-05-06T23:23:33.358+0000] {logging_mixin.py:188} INFO - [2026-05-06T23:23:33.358+0000] {dag.py:3954} INFO - Setting next_dagrun for tutorial_taskflow_api_virtualenv to None, run_after=None
[2026-05-06T23:23:33.374+0000] {processor.py:183} INFO - Processing /usr/local/python/3.12.1/lib/python3.12/site-packages/airflow/example_dags/tutorial_taskflow_api_virtualenv.py took 0.053 seconds
[2026-05-06T23:24:10.787+0000] {processor.py:161} INFO - Started process (PID=16280) to work on /usr/local/python/3.12.1/lib/python3.12/site-packages/airflow/example_dags/tutorial_taskflow_api_virtualenv.py
[2026-05-06T23:24:10.788+0000] {processor.py:830} INFO - Processing file /usr/local/python/3.12.1/lib/python3.12/site-packages/airflow/example_dags/tutorial_taskflow_api_virtualenv.py for tasks to queue
[2026-05-06T23:24:10.790+0000] {logging_mixin.py:188} INFO - [2026-05-06T23:24:10.790+0000] {dagbag.py:545} INFO - Filling up the DagBag from /usr/local/python/3.12.1/lib/python3.12/site-packages/airflow/example_dags/tutorial_taskflow_api_virtualenv.py
[2026-05-06T23:24:10.802+0000] {processor.py:840} INFO - DAG(s) 'tutorial_taskflow_api_virtualenv' retrieved from /usr/local/python/3.12.1/lib/python3.12/site-packages/airflow/example_dags/tutorial_taskflow_api_virtualenv.py
[2026-05-06T23:24:10.819+0000] {logging_mixin.py:188} INFO - [2026-05-06T23:24:10.819+0000] {dag.py:3096} INFO - Sync 1 DAGs
[2026-05-06T23:24:10.835+0000] {logging_mixin.py:188} INFO - [2026-05-06T23:24:10.835+0000] {dag.py:3954} INFO - Setting next_dagrun for tutorial_taskflow_api_virtualenv to None, run_after=None
[2026-05-06T23:24:10.858+0000] {processor.py:183} INFO - Processing /usr/local/python/3.12.1/lib/python3.12/site-packages/airflow/example_dags/tutorial_taskflow_api_virtualenv.py took 0.077 seconds
[2026-05-06T23:24:48.519+0000] {processor.py:161} INFO - Started process (PID=16821) to work on /usr/local/python/3.12.1/lib/python3.12/site-packages/airflow/example_dags/tutorial_taskflow_api_virtualenv.py
[2026-05-06T23:24:48.520+0000] {processor.py:830} INFO - Processing file /usr/local/python/3.12.1/lib/python3.12/site-packages/airflow/example_dags/tutorial_taskflow_api_virtualenv.py for tasks to queue
[2026-05-06T23:24:48.521+0000] {logging_mixin.py:188} INFO - [2026-05-06T23:24:48.521+0000] {dagbag.py:545} INFO - Filling up the DagBag from /usr/local/python/3.12.1/lib/python3.12/site-packages/airflow/example_dags/tutorial_taskflow_api_virtualenv.py
[2026-05-06T23:24:48.530+0000] {processor.py:840} INFO - DAG(s) 'tutorial_taskflow_api_virtualenv' retrieved from /usr/local/python/3.12.1/lib/python3.12/site-packages/airflow/example_dags/tutorial_taskflow_api_virtualenv.py
[2026-05-06T23:24:48.542+0000] {logging_mixin.py:188} INFO - [2026-05-06T23:24:48.542+0000] {dag.py:3096} INFO - Sync 1 DAGs
[2026-05-06T23:24:48.551+0000] {logging_mixin.py:188} INFO - [2026-05-06T23:24:48.551+0000] {dag.py:3954} INFO - Setting next_dagrun for tutorial_taskflow_api_virtualenv to None, run_after=None
[2026-05-06T23:24:48.566+0000] {processor.py:183} INFO - Processing /usr/local/python/3.12.1/lib/python3.12/site-packages/airflow/example_dags/tutorial_taskflow_api_virtualenv.py took 0.051 seconds
[2026-05-06T23:25:25.607+0000] {processor.py:161} INFO - Started process (PID=17189) to work on /usr/local/python/3.12.1/lib/python3.12/site-packages/airflow/example_dags/tutorial_taskflow_api_virtualenv.py
[2026-05-06T23:25:25.608+0000] {processor.py:830} INFO - Processing file /usr/local/python/3.12.1/lib/python3.12/site-packages/airflow/example_dags/tutorial_taskflow_api_virtualenv.py for tasks to queue
[2026-05-06T23:25:25.609+0000] {logging_mixin.py:188} INFO - [2026-05-06T23:25:25.609+0000] {dagbag.py:545} INFO - Filling up the DagBag from /usr/local/python/3.12.1/lib/python3.12/site-packages/airflow/example_dags/tutorial_taskflow_api_virtualenv.py
[2026-05-06T23:25:25.618+0000] {processor.py:840} INFO - DAG(s) 'tutorial_taskflow_api_virtualenv' retrieved from /usr/local/python/3.12.1/lib/python3.12/site-packages/airflow/example_dags/tutorial_taskflow_api_virtualenv.py
[2026-05-06T23:25:25.630+0000] {logging_mixin.py:188} INFO - [2026-05-06T23:25:25.630+0000] {dag.py:3096} INFO - Sync 1 DAGs
[2026-05-06T23:25:25.638+0000] {logging_mixin.py:188} INFO - [2026-05-06T23:25:25.638+0000] {dag.py:3954} INFO - Setting next_dagrun for tutorial_taskflow_api_virtualenv to None, run_after=None
[2026-05-06T23:25:25.654+0000] {processor.py:183} INFO - Processing /usr/local/python/3.12.1/lib/python3.12/site-packages/airflow/example_dags/tutorial_taskflow_api_virtualenv.py took 0.051 seconds
[2026-05-06T23:26:08.851+0000] {processor.py:161} INFO - Started process (PID=17551) to work on /usr/local/python/3.12.1/lib/python3.12/site-packages/airflow/example_dags/tutorial_taskflow_api_virtualenv.py
[2026-05-06T23:26:08.852+0000] {processor.py:830} INFO - Processing file /usr/local/python/3.12.1/lib/python3.12/site-packages/airflow/example_dags/tutorial_taskflow_api_virtualenv.py for tasks to queue
[2026-05-06T23:26:08.853+0000] {logging_mixin.py:188} INFO - [2026-05-06T23:26:08.853+0000] {dagbag.py:545} INFO - Filling up the DagBag from /usr/local/python/3.12.1/lib/python3.12/site-packages/airflow/example_dags/tutorial_taskflow_api_virtualenv.py
[2026-05-06T23:26:08.862+0000] {processor.py:840} INFO - DAG(s) 'tutorial_taskflow_api_virtualenv' retrieved from /usr/local/python/3.12.1/lib/python3.12/site-packages/airflow/example_dags/tutorial_taskflow_api_virtualenv.py
[2026-05-06T23:26:08.874+0000] {logging_mixin.py:188} INFO - [2026-05-06T23:26:08.874+0000] {dag.py:3096} INFO - Sync 1 DAGs
[2026-05-06T23:26:08.883+0000] {logging_mixin.py:188} INFO - [2026-05-06T23:26:08.883+0000] {dag.py:3954} INFO - Setting next_dagrun for tutorial_taskflow_api_virtualenv to None, run_after=None
[2026-05-06T23:26:08.899+0000] {processor.py:183} INFO - Processing /usr/local/python/3.12.1/lib/python3.12/site-packages/airflow/example_dags/tutorial_taskflow_api_virtualenv.py took 0.053 seconds
[2026-05-06T23:26:46.548+0000] {processor.py:161} INFO - Started process (PID=17869) to work on /usr/local/python/3.12.1/lib/python3.12/site-packages/airflow/example_dags/tutorial_taskflow_api_virtualenv.py
[2026-05-06T23:26:46.549+0000] {processor.py:830} INFO - Processing file /usr/local/python/3.12.1/lib/python3.12/site-packages/airflow/example_dags/tutorial_taskflow_api_virtualenv.py for tasks to queue
[2026-05-06T23:26:46.550+0000] {logging_mixin.py:188} INFO - [2026-05-06T23:26:46.550+0000] {dagbag.py:545} INFO - Filling up the DagBag from /usr/local/python/3.12.1/lib/python3.12/site-packages/airflow/example_dags/tutorial_taskflow_api_virtualenv.py
[2026-05-06T23:26:46.559+0000] {processor.py:840} INFO - DAG(s) 'tutorial_taskflow_api_virtualenv' retrieved from /usr/local/python/3.12.1/lib/python3.12/site-packages/airflow/example_dags/tutorial_taskflow_api_virtualenv.py
[2026-05-06T23:26:46.572+0000] {logging_mixin.py:188} INFO - [2026-05-06T23:26:46.572+0000] {dag.py:3096} INFO - Sync 1 DAGs
[2026-05-06T23:26:46.581+0000] {logging_mixin.py:188} INFO - [2026-05-06T23:26:46.581+0000] {dag.py:3954} INFO - Setting next_dagrun for tutorial_taskflow_api_virtualenv to None, run_after=None
[2026-05-06T23:26:46.598+0000] {processor.py:183} INFO - Processing /usr/local/python/3.12.1/lib/python3.12/site-packages/airflow/example_dags/tutorial_taskflow_api_virtualenv.py took 0.054 seconds
[2026-05-06T23:27:24.866+0000] {processor.py:161} INFO - Started process (PID=18276) to work on /usr/local/python/3.12.1/lib/python3.12/site-packages/airflow/example_dags/tutorial_taskflow_api_virtualenv.py
[2026-05-06T23:27:24.867+0000] {processor.py:830} INFO - Processing file /usr/local/python/3.12.1/lib/python3.12/site-packages/airflow/example_dags/tutorial_taskflow_api_virtualenv.py for tasks to queue
[2026-05-06T23:27:24.868+0000] {logging_mixin.py:188} INFO - [2026-05-06T23:27:24.868+0000] {dagbag.py:545} INFO - Filling up the DagBag from /usr/local/python/3.12.1/lib/python3.12/site-packages/airflow/example_dags/tutorial_taskflow_api_virtualenv.py
[2026-05-06T23:27:24.877+0000] {processor.py:840} INFO - DAG(s) 'tutorial_taskflow_api_virtualenv' retrieved from /usr/local/python/3.12.1/lib/python3.12/site-packages/airflow/example_dags/tutorial_taskflow_api_virtualenv.py
[2026-05-06T23:27:24.890+0000] {logging_mixin.py:188} INFO - [2026-05-06T23:27:24.890+0000] {dag.py:3096} INFO - Sync 1 DAGs
[2026-05-06T23:27:24.899+0000] {logging_mixin.py:188} INFO - [2026-05-06T23:27:24.899+0000] {dag.py:3954} INFO - Setting next_dagrun for tutorial_taskflow_api_virtualenv to None, run_after=None
[2026-05-06T23:27:24.916+0000] {processor.py:183} INFO - Processing /usr/local/python/3.12.1/lib/python3.12/site-packages/airflow/example_dags/tutorial_taskflow_api_virtualenv.py took 0.054 seconds
[2026-05-06T23:28:03.558+0000] {processor.py:161} INFO - Started process (PID=18670) to work on /usr/local/python/3.12.1/lib/python3.12/site-packages/airflow/example_dags/tutorial_taskflow_api_virtualenv.py
[2026-05-06T23:28:03.559+0000] {processor.py:830} INFO - Processing file /usr/local/python/3.12.1/lib/python3.12/site-packages/airflow/example_dags/tutorial_taskflow_api_virtualenv.py for tasks to queue
[2026-05-06T23:28:03.560+0000] {logging_mixin.py:188} INFO - [2026-05-06T23:28:03.560+0000] {dagbag.py:545} INFO - Filling up the DagBag from /usr/local/python/3.12.1/lib/python3.12/site-packages/airflow/example_dags/tutorial_taskflow_api_virtualenv.py
[2026-05-06T23:28:03.569+0000] {processor.py:840} INFO - DAG(s) 'tutorial_taskflow_api_virtualenv' retrieved from /usr/local/python/3.12.1/lib/python3.12/site-packages/airflow/example_dags/tutorial_taskflow_api_virtualenv.py
[2026-05-06T23:28:03.581+0000] {logging_mixin.py:188} INFO - [2026-05-06T23:28:03.581+0000] {dag.py:3096} INFO - Sync 1 DAGs
[2026-05-06T23:28:03.590+0000] {logging_mixin.py:188} INFO - [2026-05-06T23:28:03.590+0000] {dag.py:3954} INFO - Setting next_dagrun for tutorial_taskflow_api_virtualenv to None, run_after=None
[2026-05-06T23:28:03.609+0000] {processor.py:183} INFO - Processing /usr/local/python/3.12.1/lib/python3.12/site-packages/airflow/example_dags/tutorial_taskflow_api_virtualenv.py took 0.055 seconds
[2026-05-06T23:28:46.300+0000] {processor.py:161} INFO - Started process (PID=19006) to work on /usr/local/python/3.12.1/lib/python3.12/site-packages/airflow/example_dags/tutorial_taskflow_api_virtualenv.py
[2026-05-06T23:28:46.301+0000] {processor.py:830} INFO - Processing file /usr/local/python/3.12.1/lib/python3.12/site-packages/airflow/example_dags/tutorial_taskflow_api_virtualenv.py for tasks to queue
[2026-05-06T23:28:46.302+0000] {logging_mixin.py:188} INFO - [2026-05-06T23:28:46.302+0000] {dagbag.py:545} INFO - Filling up the DagBag from /usr/local/python/3.12.1/lib/python3.12/site-packages/airflow/example_dags/tutorial_taskflow_api_virtualenv.py
[2026-05-06T23:28:46.311+0000] {processor.py:840} INFO - DAG(s) 'tutorial_taskflow_api_virtualenv' retrieved from /usr/local/python/3.12.1/lib/python3.12/site-packages/airflow/example_dags/tutorial_taskflow_api_virtualenv.py
[2026-05-06T23:28:46.324+0000] {logging_mixin.py:188} INFO - [2026-05-06T23:28:46.323+0000] {dag.py:3096} INFO - Sync 1 DAGs
[2026-05-06T23:28:46.333+0000] {logging_mixin.py:188} INFO - [2026-05-06T23:28:46.332+0000] {dag.py:3954} INFO - Setting next_dagrun for tutorial_taskflow_api_virtualenv to None, run_after=None
[2026-05-06T23:28:46.367+0000] {processor.py:183} INFO - Processing /usr/local/python/3.12.1/lib/python3.12/site-packages/airflow/example_dags/tutorial_taskflow_api_virtualenv.py took 0.072 seconds
[2026-05-06T23:31:24.903+0000] {processor.py:161} INFO - Started process (PID=20580) to work on /usr/local/python/3.12.1/lib/python3.12/site-packages/airflow/example_dags/tutorial_taskflow_api_virtualenv.py
[2026-05-06T23:31:24.904+0000] {processor.py:830} INFO - Processing file /usr/local/python/3.12.1/lib/python3.12/site-packages/airflow/example_dags/tutorial_taskflow_api_virtualenv.py for tasks to queue
[2026-05-06T23:31:24.905+0000] {logging_mixin.py:188} INFO - [2026-05-06T23:31:24.905+0000] {dagbag.py:545} INFO - Filling up the DagBag from /usr/local/python/3.12.1/lib/python3.12/site-packages/airflow/example_dags/tutorial_taskflow_api_virtualenv.py
[2026-05-06T23:31:24.916+0000] {processor.py:840} INFO - DAG(s) 'tutorial_taskflow_api_virtualenv' retrieved from /usr/local/python/3.12.1/lib/python3.12/site-packages/airflow/example_dags/tutorial_taskflow_api_virtualenv.py
[2026-05-06T23:31:24.993+0000] {logging_mixin.py:188} INFO - [2026-05-06T23:31:24.992+0000] {dag.py:3096} INFO - Sync 1 DAGs
[2026-05-06T23:31:25.000+0000] {logging_mixin.py:188} INFO - [2026-05-06T23:31:24.999+0000] {dag.py:3954} INFO - Setting next_dagrun for tutorial_taskflow_api_virtualenv to None, run_after=None
[2026-05-06T23:31:25.016+0000] {processor.py:183} INFO - Processing /usr/local/python/3.12.1/lib/python3.12/site-packages/airflow/example_dags/tutorial_taskflow_api_virtualenv.py took 0.118 seconds
[2026-05-06T23:32:14.588+0000] {processor.py:161} INFO - Started process (PID=20972) to work on /usr/local/python/3.12.1/lib/python3.12/site-packages/airflow/example_dags/tutorial_taskflow_api_virtualenv.py
[2026-05-06T23:32:14.589+0000] {processor.py:830} INFO - Processing file /usr/local/python/3.12.1/lib/python3.12/site-packages/airflow/example_dags/tutorial_taskflow_api_virtualenv.py for tasks to queue
[2026-05-06T23:32:14.592+0000] {logging_mixin.py:188} INFO - [2026-05-06T23:32:14.591+0000] {dagbag.py:545} INFO - Filling up the DagBag from /usr/local/python/3.12.1/lib/python3.12/site-packages/airflow/example_dags/tutorial_taskflow_api_virtualenv.py
[2026-05-06T23:32:14.611+0000] {processor.py:840} INFO - DAG(s) 'tutorial_taskflow_api_virtualenv' retrieved from /usr/local/python/3.12.1/lib/python3.12/site-packages/airflow/example_dags/tutorial_taskflow_api_virtualenv.py
[2026-05-06T23:32:14.634+0000] {logging_mixin.py:188} INFO - [2026-05-06T23:32:14.634+0000] {dag.py:3096} INFO - Sync 1 DAGs
[2026-05-06T23:32:14.649+0000] {logging_mixin.py:188} INFO - [2026-05-06T23:32:14.649+0000] {dag.py:3954} INFO - Setting next_dagrun for tutorial_taskflow_api_virtualenv to None, run_after=None
[2026-05-06T23:32:14.681+0000] {processor.py:183} INFO - Processing /usr/local/python/3.12.1/lib/python3.12/site-packages/airflow/example_dags/tutorial_taskflow_api_virtualenv.py took 0.099 seconds
[2026-05-06T23:32:52.806+0000] {processor.py:161} INFO - Started process (PID=21270) to work on /usr/local/python/3.12.1/lib/python3.12/site-packages/airflow/example_dags/tutorial_taskflow_api_virtualenv.py
[2026-05-06T23:32:52.807+0000] {processor.py:830} INFO - Processing file /usr/local/python/3.12.1/lib/python3.12/site-packages/airflow/example_dags/tutorial_taskflow_api_virtualenv.py for tasks to queue
[2026-05-06T23:32:52.808+0000] {logging_mixin.py:188} INFO - [2026-05-06T23:32:52.808+0000] {dagbag.py:545} INFO - Filling up the DagBag from /usr/local/python/3.12.1/lib/python3.12/site-packages/airflow/example_dags/tutorial_taskflow_api_virtualenv.py
[2026-05-06T23:32:52.817+0000] {processor.py:840} INFO - DAG(s) 'tutorial_taskflow_api_virtualenv' retrieved from /usr/local/python/3.12.1/lib/python3.12/site-packages/airflow/example_dags/tutorial_taskflow_api_virtualenv.py
[2026-05-06T23:32:52.830+0000] {logging_mixin.py:188} INFO - [2026-05-06T23:32:52.829+0000] {dag.py:3096} INFO - Sync 1 DAGs
[2026-05-06T23:32:52.839+0000] {logging_mixin.py:188} INFO - [2026-05-06T23:32:52.839+0000] {dag.py:3954} INFO - Setting next_dagrun for tutorial_taskflow_api_virtualenv to None, run_after=None
[2026-05-06T23:32:52.857+0000] {processor.py:183} INFO - Processing /usr/local/python/3.12.1/lib/python3.12/site-packages/airflow/example_dags/tutorial_taskflow_api_virtualenv.py took 0.056 seconds
[2026-05-06T23:33:31.571+0000] {processor.py:161} INFO - Started process (PID=21575) to work on /usr/local/python/3.12.1/lib/python3.12/site-packages/airflow/example_dags/tutorial_taskflow_api_virtualenv.py
[2026-05-06T23:33:31.572+0000] {processor.py:830} INFO - Processing file /usr/local/python/3.12.1/lib/python3.12/site-packages/airflow/example_dags/tutorial_taskflow_api_virtualenv.py for tasks to queue
[2026-05-06T23:33:31.574+0000] {logging_mixin.py:188} INFO - [2026-05-06T23:33:31.573+0000] {dagbag.py:545} INFO - Filling up the DagBag from /usr/local/python/3.12.1/lib/python3.12/site-packages/airflow/example_dags/tutorial_taskflow_api_virtualenv.py
[2026-05-06T23:33:31.582+0000] {processor.py:840} INFO - DAG(s) 'tutorial_taskflow_api_virtualenv' retrieved from /usr/local/python/3.12.1/lib/python3.12/site-packages/airflow/example_dags/tutorial_taskflow_api_virtualenv.py
[2026-05-06T23:33:31.595+0000] {logging_mixin.py:188} INFO - [2026-05-06T23:33:31.595+0000] {dag.py:3096} INFO - Sync 1 DAGs
[2026-05-06T23:33:31.605+0000] {logging_mixin.py:188} INFO - [2026-05-06T23:33:31.604+0000] {dag.py:3954} INFO - Setting next_dagrun for tutorial_taskflow_api_virtualenv to None, run_after=None
[2026-05-06T23:33:31.621+0000] {processor.py:183} INFO - Processing /usr/local/python/3.12.1/lib/python3.12/site-packages/airflow/example_dags/tutorial_taskflow_api_virtualenv.py took 0.055 seconds
[2026-05-06T23:34:08.473+0000] {processor.py:161} INFO - Started process (PID=21871) to work on /usr/local/python/3.12.1/lib/python3.12/site-packages/airflow/example_dags/tutorial_taskflow_api_virtualenv.py
[2026-05-06T23:34:08.474+0000] {processor.py:830} INFO - Processing file /usr/local/python/3.12.1/lib/python3.12/site-packages/airflow/example_dags/tutorial_taskflow_api_virtualenv.py for tasks to queue
[2026-05-06T23:34:08.475+0000] {logging_mixin.py:188} INFO - [2026-05-06T23:34:08.475+0000] {dagbag.py:545} INFO - Filling up the DagBag from /usr/local/python/3.12.1/lib/python3.12/site-packages/airflow/example_dags/tutorial_taskflow_api_virtualenv.py
[2026-05-06T23:34:08.485+0000] {processor.py:840} INFO - DAG(s) 'tutorial_taskflow_api_virtualenv' retrieved from /usr/local/python/3.12.1/lib/python3.12/site-packages/airflow/example_dags/tutorial_taskflow_api_virtualenv.py
[2026-05-06T23:34:08.498+0000] {logging_mixin.py:188} INFO - [2026-05-06T23:34:08.498+0000] {dag.py:3096} INFO - Sync 1 DAGs
[2026-05-06T23:34:08.508+0000] {logging_mixin.py:188} INFO - [2026-05-06T23:34:08.507+0000] {dag.py:3954} INFO - Setting next_dagrun for tutorial_taskflow_api_virtualenv to None, run_after=None
[2026-05-06T23:34:08.529+0000] {processor.py:183} INFO - Processing /usr/local/python/3.12.1/lib/python3.12/site-packages/airflow/example_dags/tutorial_taskflow_api_virtualenv.py took 0.061 seconds
[2026-05-06T23:34:49.836+0000] {processor.py:161} INFO - Started process (PID=22211) to work on /usr/local/python/3.12.1/lib/python3.12/site-packages/airflow/example_dags/tutorial_taskflow_api_virtualenv.py
[2026-05-06T23:34:49.837+0000] {processor.py:830} INFO - Processing file /usr/local/python/3.12.1/lib/python3.12/site-packages/airflow/example_dags/tutorial_taskflow_api_virtualenv.py for tasks to queue
[2026-05-06T23:34:49.838+0000] {logging_mixin.py:188} INFO - [2026-05-06T23:34:49.838+0000] {dagbag.py:545} INFO - Filling up the DagBag from /usr/local/python/3.12.1/lib/python3.12/site-packages/airflow/example_dags/tutorial_taskflow_api_virtualenv.py
[2026-05-06T23:34:49.850+0000] {processor.py:840} INFO - DAG(s) 'tutorial_taskflow_api_virtualenv' retrieved from /usr/local/python/3.12.1/lib/python3.12/site-packages/airflow/example_dags/tutorial_taskflow_api_virtualenv.py
[2026-05-06T23:34:49.863+0000] {logging_mixin.py:188} INFO - [2026-05-06T23:34:49.862+0000] {dag.py:3096} INFO - Sync 1 DAGs
[2026-05-06T23:34:49.871+0000] {logging_mixin.py:188} INFO - [2026-05-06T23:34:49.871+0000] {dag.py:3954} INFO - Setting next_dagrun for tutorial_taskflow_api_virtualenv to None, run_after=None
[2026-05-06T23:34:49.887+0000] {processor.py:183} INFO - Processing /usr/local/python/3.12.1/lib/python3.12/site-packages/airflow/example_dags/tutorial_taskflow_api_virtualenv.py took 0.056 seconds
[2026-05-06T23:35:25.515+0000] {processor.py:161} INFO - Started process (PID=22483) to work on /usr/local/python/3.12.1/lib/python3.12/site-packages/airflow/example_dags/tutorial_taskflow_api_virtualenv.py
[2026-05-06T23:35:25.516+0000] {processor.py:830} INFO - Processing file /usr/local/python/3.12.1/lib/python3.12/site-packages/airflow/example_dags/tutorial_taskflow_api_virtualenv.py for tasks to queue
[2026-05-06T23:35:25.517+0000] {logging_mixin.py:188} INFO - [2026-05-06T23:35:25.517+0000] {dagbag.py:545} INFO - Filling up the DagBag from /usr/local/python/3.12.1/lib/python3.12/site-packages/airflow/example_dags/tutorial_taskflow_api_virtualenv.py
[2026-05-06T23:35:25.526+0000] {processor.py:840} INFO - DAG(s) 'tutorial_taskflow_api_virtualenv' retrieved from /usr/local/python/3.12.1/lib/python3.12/site-packages/airflow/example_dags/tutorial_taskflow_api_virtualenv.py
[2026-05-06T23:35:25.539+0000] {logging_mixin.py:188} INFO - [2026-05-06T23:35:25.538+0000] {dag.py:3096} INFO - Sync 1 DAGs
[2026-05-06T23:35:25.548+0000] {logging_mixin.py:188} INFO - [2026-05-06T23:35:25.548+0000] {dag.py:3954} INFO - Setting next_dagrun for tutorial_taskflow_api_virtualenv to None, run_after=None
[2026-05-06T23:35:25.565+0000] {processor.py:183} INFO - Processing /usr/local/python/3.12.1/lib/python3.12/site-packages/airflow/example_dags/tutorial_taskflow_api_virtualenv.py took 0.054 seconds
[2026-05-06T23:36:06.042+0000] {processor.py:161} INFO - Started process (PID=22802) to work on /usr/local/python/3.12.1/lib/python3.12/site-packages/airflow/example_dags/tutorial_taskflow_api_virtualenv.py
[2026-05-06T23:36:06.043+0000] {processor.py:830} INFO - Processing file /usr/local/python/3.12.1/lib/python3.12/site-packages/airflow/example_dags/tutorial_taskflow_api_virtualenv.py for tasks to queue
[2026-05-06T23:36:06.045+0000] {logging_mixin.py:188} INFO - [2026-05-06T23:36:06.044+0000] {dagbag.py:545} INFO - Filling up the DagBag from /usr/local/python/3.12.1/lib/python3.12/site-packages/airflow/example_dags/tutorial_taskflow_api_virtualenv.py
[2026-05-06T23:36:06.053+0000] {processor.py:840} INFO - DAG(s) 'tutorial_taskflow_api_virtualenv' retrieved from /usr/local/python/3.12.1/lib/python3.12/site-packages/airflow/example_dags/tutorial_taskflow_api_virtualenv.py
[2026-05-06T23:36:06.066+0000] {logging_mixin.py:188} INFO - [2026-05-06T23:36:06.066+0000] {dag.py:3096} INFO - Sync 1 DAGs
[2026-05-06T23:36:06.075+0000] {logging_mixin.py:188} INFO - [2026-05-06T23:36:06.075+0000] {dag.py:3954} INFO - Setting next_dagrun for tutorial_taskflow_api_virtualenv to None, run_after=None
[2026-05-06T23:36:06.092+0000] {processor.py:183} INFO - Processing /usr/local/python/3.12.1/lib/python3.12/site-packages/airflow/example_dags/tutorial_taskflow_api_virtualenv.py took 0.054 seconds
[2026-05-06T23:36:43.830+0000] {processor.py:161} INFO - Started process (PID=23095) to work on /usr/local/python/3.12.1/lib/python3.12/site-packages/airflow/example_dags/tutorial_taskflow_api_virtualenv.py
[2026-05-06T23:36:43.831+0000] {processor.py:830} INFO - Processing file /usr/local/python/3.12.1/lib/python3.12/site-packages/airflow/example_dags/tutorial_taskflow_api_virtualenv.py for tasks to queue
[2026-05-06T23:36:43.832+0000] {logging_mixin.py:188} INFO - [2026-05-06T23:36:43.832+0000] {dagbag.py:545} INFO - Filling up the DagBag from /usr/local/python/3.12.1/lib/python3.12/site-packages/airflow/example_dags/tutorial_taskflow_api_virtualenv.py
[2026-05-06T23:36:43.841+0000] {processor.py:840} INFO - DAG(s) 'tutorial_taskflow_api_virtualenv' retrieved from /usr/local/python/3.12.1/lib/python3.12/site-packages/airflow/example_dags/tutorial_taskflow_api_virtualenv.py
[2026-05-06T23:36:43.854+0000] {logging_mixin.py:188} INFO - [2026-05-06T23:36:43.854+0000] {dag.py:3096} INFO - Sync 1 DAGs
[2026-05-06T23:36:43.864+0000] {logging_mixin.py:188} INFO - [2026-05-06T23:36:43.863+0000] {dag.py:3954} INFO - Setting next_dagrun for tutorial_taskflow_api_virtualenv to None, run_after=None
[2026-05-06T23:36:43.879+0000] {processor.py:183} INFO - Processing /usr/local/python/3.12.1/lib/python3.12/site-packages/airflow/example_dags/tutorial_taskflow_api_virtualenv.py took 0.056 seconds
[2026-05-06T23:37:22.929+0000] {processor.py:161} INFO - Started process (PID=23401) to work on /usr/local/python/3.12.1/lib/python3.12/site-packages/airflow/example_dags/tutorial_taskflow_api_virtualenv.py
[2026-05-06T23:37:22.930+0000] {processor.py:830} INFO - Processing file /usr/local/python/3.12.1/lib/python3.12/site-packages/airflow/example_dags/tutorial_taskflow_api_virtualenv.py for tasks to queue
[2026-05-06T23:37:22.931+0000] {logging_mixin.py:188} INFO - [2026-05-06T23:37:22.931+0000] {dagbag.py:545} INFO - Filling up the DagBag from /usr/local/python/3.12.1/lib/python3.12/site-packages/airflow/example_dags/tutorial_taskflow_api_virtualenv.py
[2026-05-06T23:37:22.942+0000] {processor.py:840} INFO - DAG(s) 'tutorial_taskflow_api_virtualenv' retrieved from /usr/local/python/3.12.1/lib/python3.12/site-packages/airflow/example_dags/tutorial_taskflow_api_virtualenv.py
[2026-05-06T23:37:22.958+0000] {logging_mixin.py:188} INFO - [2026-05-06T23:37:22.957+0000] {dag.py:3096} INFO - Sync 1 DAGs
[2026-05-06T23:37:22.969+0000] {logging_mixin.py:188} INFO - [2026-05-06T23:37:22.969+0000] {dag.py:3954} INFO - Setting next_dagrun for tutorial_taskflow_api_virtualenv to None, run_after=None
[2026-05-06T23:37:22.987+0000] {processor.py:183} INFO - Processing /usr/local/python/3.12.1/lib/python3.12/site-packages/airflow/example_dags/tutorial_taskflow_api_virtualenv.py took 0.063 seconds
[2026-05-06T23:38:01.191+0000] {processor.py:161} INFO - Started process (PID=23704) to work on /usr/local/python/3.12.1/lib/python3.12/site-packages/airflow/example_dags/tutorial_taskflow_api_virtualenv.py
[2026-05-06T23:38:01.192+0000] {processor.py:830} INFO - Processing file /usr/local/python/3.12.1/lib/python3.12/site-packages/airflow/example_dags/tutorial_taskflow_api_virtualenv.py for tasks to queue
[2026-05-06T23:38:01.193+0000] {logging_mixin.py:188} INFO - [2026-05-06T23:38:01.193+0000] {dagbag.py:545} INFO - Filling up the DagBag from /usr/local/python/3.12.1/lib/python3.12/site-packages/airflow/example_dags/tutorial_taskflow_api_virtualenv.py
[2026-05-06T23:38:01.202+0000] {processor.py:840} INFO - DAG(s) 'tutorial_taskflow_api_virtualenv' retrieved from /usr/local/python/3.12.1/lib/python3.12/site-packages/airflow/example_dags/tutorial_taskflow_api_virtualenv.py
[2026-05-06T23:38:01.217+0000] {logging_mixin.py:188} INFO - [2026-05-06T23:38:01.216+0000] {dag.py:3096} INFO - Sync 1 DAGs
[2026-05-06T23:38:01.226+0000] {logging_mixin.py:188} INFO - [2026-05-06T23:38:01.226+0000] {dag.py:3954} INFO - Setting next_dagrun for tutorial_taskflow_api_virtualenv to None, run_after=None
[2026-05-06T23:38:01.243+0000] {processor.py:183} INFO - Processing /usr/local/python/3.12.1/lib/python3.12/site-packages/airflow/example_dags/tutorial_taskflow_api_virtualenv.py took 0.057 seconds
[2026-05-06T23:38:39.611+0000] {processor.py:161} INFO - Started process (PID=23995) to work on /usr/local/python/3.12.1/lib/python3.12/site-packages/airflow/example_dags/tutorial_taskflow_api_virtualenv.py
[2026-05-06T23:38:39.612+0000] {processor.py:830} INFO - Processing file /usr/local/python/3.12.1/lib/python3.12/site-packages/airflow/example_dags/tutorial_taskflow_api_virtualenv.py for tasks to queue
[2026-05-06T23:38:39.614+0000] {logging_mixin.py:188} INFO - [2026-05-06T23:38:39.613+0000] {dagbag.py:545} INFO - Filling up the DagBag from /usr/local/python/3.12.1/lib/python3.12/site-packages/airflow/example_dags/tutorial_taskflow_api_virtualenv.py
[2026-05-06T23:38:39.623+0000] {processor.py:840} INFO - DAG(s) 'tutorial_taskflow_api_virtualenv' retrieved from /usr/local/python/3.12.1/lib/python3.12/site-packages/airflow/example_dags/tutorial_taskflow_api_virtualenv.py
[2026-05-06T23:38:39.641+0000] {logging_mixin.py:188} INFO - [2026-05-06T23:38:39.640+0000] {dag.py:3096} INFO - Sync 1 DAGs
[2026-05-06T23:38:39.655+0000] {logging_mixin.py:188} INFO - [2026-05-06T23:38:39.655+0000] {dag.py:3954} INFO - Setting next_dagrun for tutorial_taskflow_api_virtualenv to None, run_after=None
[2026-05-06T23:38:39.682+0000] {processor.py:183} INFO - Processing /usr/local/python/3.12.1/lib/python3.12/site-packages/airflow/example_dags/tutorial_taskflow_api_virtualenv.py took 0.076 seconds
[2026-05-06T23:39:18.977+0000] {processor.py:161} INFO - Started process (PID=24299) to work on /usr/local/python/3.12.1/lib/python3.12/site-packages/airflow/example_dags/tutorial_taskflow_api_virtualenv.py
[2026-05-06T23:39:18.978+0000] {processor.py:830} INFO - Processing file /usr/local/python/3.12.1/lib/python3.12/site-packages/airflow/example_dags/tutorial_taskflow_api_virtualenv.py for tasks to queue
[2026-05-06T23:39:18.979+0000] {logging_mixin.py:188} INFO - [2026-05-06T23:39:18.979+0000] {dagbag.py:545} INFO - Filling up the DagBag from /usr/local/python/3.12.1/lib/python3.12/site-packages/airflow/example_dags/tutorial_taskflow_api_virtualenv.py
[2026-05-06T23:39:18.988+0000] {processor.py:840} INFO - DAG(s) 'tutorial_taskflow_api_virtualenv' retrieved from /usr/local/python/3.12.1/lib/python3.12/site-packages/airflow/example_dags/tutorial_taskflow_api_virtualenv.py
[2026-05-06T23:39:19.002+0000] {logging_mixin.py:188} INFO - [2026-05-06T23:39:19.002+0000] {dag.py:3096} INFO - Sync 1 DAGs
[2026-05-06T23:39:19.012+0000] {logging_mixin.py:188} INFO - [2026-05-06T23:39:19.012+0000] {dag.py:3954} INFO - Setting next_dagrun for tutorial_taskflow_api_virtualenv to None, run_after=None
[2026-05-06T23:39:19.030+0000] {processor.py:183} INFO - Processing /usr/local/python/3.12.1/lib/python3.12/site-packages/airflow/example_dags/tutorial_taskflow_api_virtualenv.py took 0.058 seconds
[2026-05-06T23:39:56.467+0000] {processor.py:161} INFO - Started process (PID=24598) to work on /usr/local/python/3.12.1/lib/python3.12/site-packages/airflow/example_dags/tutorial_taskflow_api_virtualenv.py
[2026-05-06T23:39:56.468+0000] {processor.py:830} INFO - Processing file /usr/local/python/3.12.1/lib/python3.12/site-packages/airflow/example_dags/tutorial_taskflow_api_virtualenv.py for tasks to queue
[2026-05-06T23:39:56.469+0000] {logging_mixin.py:188} INFO - [2026-05-06T23:39:56.469+0000] {dagbag.py:545} INFO - Filling up the DagBag from /usr/local/python/3.12.1/lib/python3.12/site-packages/airflow/example_dags/tutorial_taskflow_api_virtualenv.py
[2026-05-06T23:39:56.478+0000] {processor.py:840} INFO - DAG(s) 'tutorial_taskflow_api_virtualenv' retrieved from /usr/local/python/3.12.1/lib/python3.12/site-packages/airflow/example_dags/tutorial_taskflow_api_virtualenv.py
[2026-05-06T23:39:56.492+0000] {logging_mixin.py:188} INFO - [2026-05-06T23:39:56.491+0000] {dag.py:3096} INFO - Sync 1 DAGs
[2026-05-06T23:39:56.501+0000] {logging_mixin.py:188} INFO - [2026-05-06T23:39:56.501+0000] {dag.py:3954} INFO - Setting next_dagrun for tutorial_taskflow_api_virtualenv to None, run_after=None
[2026-05-06T23:39:56.518+0000] {processor.py:183} INFO - Processing /usr/local/python/3.12.1/lib/python3.12/site-packages/airflow/example_dags/tutorial_taskflow_api_virtualenv.py took 0.056 seconds
[2026-05-06T23:40:38.871+0000] {processor.py:161} INFO - Started process (PID=24926) to work on /usr/local/python/3.12.1/lib/python3.12/site-packages/airflow/example_dags/tutorial_taskflow_api_virtualenv.py
[2026-05-06T23:40:38.872+0000] {processor.py:830} INFO - Processing file /usr/local/python/3.12.1/lib/python3.12/site-packages/airflow/example_dags/tutorial_taskflow_api_virtualenv.py for tasks to queue
[2026-05-06T23:40:38.873+0000] {logging_mixin.py:188} INFO - [2026-05-06T23:40:38.873+0000] {dagbag.py:545} INFO - Filling up the DagBag from /usr/local/python/3.12.1/lib/python3.12/site-packages/airflow/example_dags/tutorial_taskflow_api_virtualenv.py
[2026-05-06T23:40:38.882+0000] {processor.py:840} INFO - DAG(s) 'tutorial_taskflow_api_virtualenv' retrieved from /usr/local/python/3.12.1/lib/python3.12/site-packages/airflow/example_dags/tutorial_taskflow_api_virtualenv.py
[2026-05-06T23:40:38.896+0000] {logging_mixin.py:188} INFO - [2026-05-06T23:40:38.896+0000] {dag.py:3096} INFO - Sync 1 DAGs
[2026-05-06T23:40:38.905+0000] {logging_mixin.py:188} INFO - [2026-05-06T23:40:38.905+0000] {dag.py:3954} INFO - Setting next_dagrun for tutorial_taskflow_api_virtualenv to None, run_after=None
[2026-05-06T23:40:38.923+0000] {processor.py:183} INFO - Processing /usr/local/python/3.12.1/lib/python3.12/site-packages/airflow/example_dags/tutorial_taskflow_api_virtualenv.py took 0.056 seconds
[2026-05-06T23:41:18.815+0000] {processor.py:161} INFO - Started process (PID=25240) to work on /usr/local/python/3.12.1/lib/python3.12/site-packages/airflow/example_dags/tutorial_taskflow_api_virtualenv.py
[2026-05-06T23:41:18.815+0000] {processor.py:830} INFO - Processing file /usr/local/python/3.12.1/lib/python3.12/site-packages/airflow/example_dags/tutorial_taskflow_api_virtualenv.py for tasks to queue
[2026-05-06T23:41:18.817+0000] {logging_mixin.py:188} INFO - [2026-05-06T23:41:18.816+0000] {dagbag.py:545} INFO - Filling up the DagBag from /usr/local/python/3.12.1/lib/python3.12/site-packages/airflow/example_dags/tutorial_taskflow_api_virtualenv.py
[2026-05-06T23:41:18.826+0000] {processor.py:840} INFO - DAG(s) 'tutorial_taskflow_api_virtualenv' retrieved from /usr/local/python/3.12.1/lib/python3.12/site-packages/airflow/example_dags/tutorial_taskflow_api_virtualenv.py
[2026-05-06T23:41:18.839+0000] {logging_mixin.py:188} INFO - [2026-05-06T23:41:18.839+0000] {dag.py:3096} INFO - Sync 1 DAGs
[2026-05-06T23:41:18.851+0000] {logging_mixin.py:188} INFO - [2026-05-06T23:41:18.851+0000] {dag.py:3954} INFO - Setting next_dagrun for tutorial_taskflow_api_virtualenv to None, run_after=None
[2026-05-06T23:41:18.869+0000] {processor.py:183} INFO - Processing /usr/local/python/3.12.1/lib/python3.12/site-packages/airflow/example_dags/tutorial_taskflow_api_virtualenv.py took 0.059 seconds
[2026-05-06T23:41:56.483+0000] {processor.py:161} INFO - Started process (PID=25532) to work on /usr/local/python/3.12.1/lib/python3.12/site-packages/airflow/example_dags/tutorial_taskflow_api_virtualenv.py
[2026-05-06T23:41:56.484+0000] {processor.py:830} INFO - Processing file /usr/local/python/3.12.1/lib/python3.12/site-packages/airflow/example_dags/tutorial_taskflow_api_virtualenv.py for tasks to queue
[2026-05-06T23:41:56.485+0000] {logging_mixin.py:188} INFO - [2026-05-06T23:41:56.485+0000] {dagbag.py:545} INFO - Filling up the DagBag from /usr/local/python/3.12.1/lib/python3.12/site-packages/airflow/example_dags/tutorial_taskflow_api_virtualenv.py
[2026-05-06T23:41:56.596+0000] {processor.py:840} INFO - DAG(s) 'tutorial_taskflow_api_virtualenv' retrieved from /usr/local/python/3.12.1/lib/python3.12/site-packages/airflow/example_dags/tutorial_taskflow_api_virtualenv.py
[2026-05-06T23:41:56.605+0000] {logging_mixin.py:188} INFO - [2026-05-06T23:41:56.605+0000] {dag.py:3096} INFO - Sync 1 DAGs
[2026-05-06T23:41:56.613+0000] {logging_mixin.py:188} INFO - [2026-05-06T23:41:56.612+0000] {dag.py:3954} INFO - Setting next_dagrun for tutorial_taskflow_api_virtualenv to None, run_after=None
[2026-05-06T23:41:56.628+0000] {processor.py:183} INFO - Processing /usr/local/python/3.12.1/lib/python3.12/site-packages/airflow/example_dags/tutorial_taskflow_api_virtualenv.py took 0.150 seconds
[2026-05-06T23:42:38.838+0000] {processor.py:161} INFO - Started process (PID=25858) to work on /usr/local/python/3.12.1/lib/python3.12/site-packages/airflow/example_dags/tutorial_taskflow_api_virtualenv.py
[2026-05-06T23:42:38.839+0000] {processor.py:830} INFO - Processing file /usr/local/python/3.12.1/lib/python3.12/site-packages/airflow/example_dags/tutorial_taskflow_api_virtualenv.py for tasks to queue
[2026-05-06T23:42:38.840+0000] {logging_mixin.py:188} INFO - [2026-05-06T23:42:38.840+0000] {dagbag.py:545} INFO - Filling up the DagBag from /usr/local/python/3.12.1/lib/python3.12/site-packages/airflow/example_dags/tutorial_taskflow_api_virtualenv.py
[2026-05-06T23:42:38.849+0000] {processor.py:840} INFO - DAG(s) 'tutorial_taskflow_api_virtualenv' retrieved from /usr/local/python/3.12.1/lib/python3.12/site-packages/airflow/example_dags/tutorial_taskflow_api_virtualenv.py
[2026-05-06T23:42:38.863+0000] {logging_mixin.py:188} INFO - [2026-05-06T23:42:38.863+0000] {dag.py:3096} INFO - Sync 1 DAGs
[2026-05-06T23:42:38.872+0000] {logging_mixin.py:188} INFO - [2026-05-06T23:42:38.872+0000] {dag.py:3954} INFO - Setting next_dagrun for tutorial_taskflow_api_virtualenv to None, run_after=None
[2026-05-06T23:42:38.891+0000] {processor.py:183} INFO - Processing /usr/local/python/3.12.1/lib/python3.12/site-packages/airflow/example_dags/tutorial_taskflow_api_virtualenv.py took 0.058 seconds
[2026-05-06T23:43:20.988+0000] {processor.py:161} INFO - Started process (PID=26183) to work on /usr/local/python/3.12.1/lib/python3.12/site-packages/airflow/example_dags/tutorial_taskflow_api_virtualenv.py
[2026-05-06T23:43:20.988+0000] {processor.py:830} INFO - Processing file /usr/local/python/3.12.1/lib/python3.12/site-packages/airflow/example_dags/tutorial_taskflow_api_virtualenv.py for tasks to queue
[2026-05-06T23:43:20.990+0000] {logging_mixin.py:188} INFO - [2026-05-06T23:43:20.990+0000] {dagbag.py:545} INFO - Filling up the DagBag from /usr/local/python/3.12.1/lib/python3.12/site-packages/airflow/example_dags/tutorial_taskflow_api_virtualenv.py
[2026-05-06T23:43:20.999+0000] {processor.py:840} INFO - DAG(s) 'tutorial_taskflow_api_virtualenv' retrieved from /usr/local/python/3.12.1/lib/python3.12/site-packages/airflow/example_dags/tutorial_taskflow_api_virtualenv.py
[2026-05-06T23:43:21.012+0000] {logging_mixin.py:188} INFO - [2026-05-06T23:43:21.012+0000] {dag.py:3096} INFO - Sync 1 DAGs
[2026-05-06T23:43:21.021+0000] {logging_mixin.py:188} INFO - [2026-05-06T23:43:21.021+0000] {dag.py:3954} INFO - Setting next_dagrun for tutorial_taskflow_api_virtualenv to None, run_after=None
[2026-05-06T23:43:21.042+0000] {processor.py:183} INFO - Processing /usr/local/python/3.12.1/lib/python3.12/site-packages/airflow/example_dags/tutorial_taskflow_api_virtualenv.py took 0.059 seconds
[2026-05-06T23:43:58.677+0000] {processor.py:161} INFO - Started process (PID=26479) to work on /usr/local/python/3.12.1/lib/python3.12/site-packages/airflow/example_dags/tutorial_taskflow_api_virtualenv.py
[2026-05-06T23:43:58.678+0000] {processor.py:830} INFO - Processing file /usr/local/python/3.12.1/lib/python3.12/site-packages/airflow/example_dags/tutorial_taskflow_api_virtualenv.py for tasks to queue
[2026-05-06T23:43:58.679+0000] {logging_mixin.py:188} INFO - [2026-05-06T23:43:58.679+0000] {dagbag.py:545} INFO - Filling up the DagBag from /usr/local/python/3.12.1/lib/python3.12/site-packages/airflow/example_dags/tutorial_taskflow_api_virtualenv.py
[2026-05-06T23:43:58.689+0000] {processor.py:840} INFO - DAG(s) 'tutorial_taskflow_api_virtualenv' retrieved from /usr/local/python/3.12.1/lib/python3.12/site-packages/airflow/example_dags/tutorial_taskflow_api_virtualenv.py
[2026-05-06T23:43:58.702+0000] {logging_mixin.py:188} INFO - [2026-05-06T23:43:58.702+0000] {dag.py:3096} INFO - Sync 1 DAGs
[2026-05-06T23:43:58.712+0000] {logging_mixin.py:188} INFO - [2026-05-06T23:43:58.711+0000] {dag.py:3954} INFO - Setting next_dagrun for tutorial_taskflow_api_virtualenv to None, run_after=None
[2026-05-06T23:43:58.729+0000] {processor.py:183} INFO - Processing /usr/local/python/3.12.1/lib/python3.12/site-packages/airflow/example_dags/tutorial_taskflow_api_virtualenv.py took 0.057 seconds
[2026-05-06T23:44:38.164+0000] {processor.py:161} INFO - Started process (PID=26791) to work on /usr/local/python/3.12.1/lib/python3.12/site-packages/airflow/example_dags/tutorial_taskflow_api_virtualenv.py
[2026-05-06T23:44:38.165+0000] {processor.py:830} INFO - Processing file /usr/local/python/3.12.1/lib/python3.12/site-packages/airflow/example_dags/tutorial_taskflow_api_virtualenv.py for tasks to queue
[2026-05-06T23:44:38.167+0000] {logging_mixin.py:188} INFO - [2026-05-06T23:44:38.166+0000] {dagbag.py:545} INFO - Filling up the DagBag from /usr/local/python/3.12.1/lib/python3.12/site-packages/airflow/example_dags/tutorial_taskflow_api_virtualenv.py
[2026-05-06T23:44:38.179+0000] {processor.py:840} INFO - DAG(s) 'tutorial_taskflow_api_virtualenv' retrieved from /usr/local/python/3.12.1/lib/python3.12/site-packages/airflow/example_dags/tutorial_taskflow_api_virtualenv.py
[2026-05-06T23:44:38.192+0000] {logging_mixin.py:188} INFO - [2026-05-06T23:44:38.192+0000] {dag.py:3096} INFO - Sync 1 DAGs
[2026-05-06T23:44:38.202+0000] {logging_mixin.py:188} INFO - [2026-05-06T23:44:38.202+0000] {dag.py:3954} INFO - Setting next_dagrun for tutorial_taskflow_api_virtualenv to None, run_after=None
[2026-05-06T23:44:38.222+0000] {processor.py:183} INFO - Processing /usr/local/python/3.12.1/lib/python3.12/site-packages/airflow/example_dags/tutorial_taskflow_api_virtualenv.py took 0.066 seconds
[2026-05-06T23:45:14.632+0000] {processor.py:161} INFO - Started process (PID=27064) to work on /usr/local/python/3.12.1/lib/python3.12/site-packages/airflow/example_dags/tutorial_taskflow_api_virtualenv.py
[2026-05-06T23:45:14.633+0000] {processor.py:830} INFO - Processing file /usr/local/python/3.12.1/lib/python3.12/site-packages/airflow/example_dags/tutorial_taskflow_api_virtualenv.py for tasks to queue
[2026-05-06T23:45:14.635+0000] {logging_mixin.py:188} INFO - [2026-05-06T23:45:14.634+0000] {dagbag.py:545} INFO - Filling up the DagBag from /usr/local/python/3.12.1/lib/python3.12/site-packages/airflow/example_dags/tutorial_taskflow_api_virtualenv.py
[2026-05-06T23:45:14.644+0000] {processor.py:840} INFO - DAG(s) 'tutorial_taskflow_api_virtualenv' retrieved from /usr/local/python/3.12.1/lib/python3.12/site-packages/airflow/example_dags/tutorial_taskflow_api_virtualenv.py
[2026-05-06T23:45:14.657+0000] {logging_mixin.py:188} INFO - [2026-05-06T23:45:14.656+0000] {dag.py:3096} INFO - Sync 1 DAGs
[2026-05-06T23:45:14.666+0000] {logging_mixin.py:188} INFO - [2026-05-06T23:45:14.666+0000] {dag.py:3954} INFO - Setting next_dagrun for tutorial_taskflow_api_virtualenv to None, run_after=None
[2026-05-06T23:45:14.682+0000] {processor.py:183} INFO - Processing /usr/local/python/3.12.1/lib/python3.12/site-packages/airflow/example_dags/tutorial_taskflow_api_virtualenv.py took 0.055 seconds
[2026-05-06T23:45:54.002+0000] {processor.py:161} INFO - Started process (PID=27366) to work on /usr/local/python/3.12.1/lib/python3.12/site-packages/airflow/example_dags/tutorial_taskflow_api_virtualenv.py
[2026-05-06T23:45:54.003+0000] {processor.py:830} INFO - Processing file /usr/local/python/3.12.1/lib/python3.12/site-packages/airflow/example_dags/tutorial_taskflow_api_virtualenv.py for tasks to queue
[2026-05-06T23:45:54.004+0000] {logging_mixin.py:188} INFO - [2026-05-06T23:45:54.004+0000] {dagbag.py:545} INFO - Filling up the DagBag from /usr/local/python/3.12.1/lib/python3.12/site-packages/airflow/example_dags/tutorial_taskflow_api_virtualenv.py
[2026-05-06T23:45:54.013+0000] {processor.py:840} INFO - DAG(s) 'tutorial_taskflow_api_virtualenv' retrieved from /usr/local/python/3.12.1/lib/python3.12/site-packages/airflow/example_dags/tutorial_taskflow_api_virtualenv.py
[2026-05-06T23:45:54.026+0000] {logging_mixin.py:188} INFO - [2026-05-06T23:45:54.026+0000] {dag.py:3096} INFO - Sync 1 DAGs
[2026-05-06T23:45:54.035+0000] {logging_mixin.py:188} INFO - [2026-05-06T23:45:54.035+0000] {dag.py:3954} INFO - Setting next_dagrun for tutorial_taskflow_api_virtualenv to None, run_after=None
[2026-05-06T23:45:54.053+0000] {processor.py:183} INFO - Processing /usr/local/python/3.12.1/lib/python3.12/site-packages/airflow/example_dags/tutorial_taskflow_api_virtualenv.py took 0.056 seconds
[2026-05-06T23:46:35.021+0000] {processor.py:161} INFO - Started process (PID=27689) to work on /usr/local/python/3.12.1/lib/python3.12/site-packages/airflow/example_dags/tutorial_taskflow_api_virtualenv.py
[2026-05-06T23:46:35.021+0000] {processor.py:830} INFO - Processing file /usr/local/python/3.12.1/lib/python3.12/site-packages/airflow/example_dags/tutorial_taskflow_api_virtualenv.py for tasks to queue
[2026-05-06T23:46:35.023+0000] {logging_mixin.py:188} INFO - [2026-05-06T23:46:35.022+0000] {dagbag.py:545} INFO - Filling up the DagBag from /usr/local/python/3.12.1/lib/python3.12/site-packages/airflow/example_dags/tutorial_taskflow_api_virtualenv.py
[2026-05-06T23:46:35.032+0000] {processor.py:840} INFO - DAG(s) 'tutorial_taskflow_api_virtualenv' retrieved from /usr/local/python/3.12.1/lib/python3.12/site-packages/airflow/example_dags/tutorial_taskflow_api_virtualenv.py
[2026-05-06T23:46:35.055+0000] {logging_mixin.py:188} INFO - [2026-05-06T23:46:35.055+0000] {dag.py:3096} INFO - Sync 1 DAGs
[2026-05-06T23:46:35.073+0000] {logging_mixin.py:188} INFO - [2026-05-06T23:46:35.073+0000] {dag.py:3954} INFO - Setting next_dagrun for tutorial_taskflow_api_virtualenv to None, run_after=None
[2026-05-06T23:46:35.104+0000] {processor.py:183} INFO - Processing /usr/local/python/3.12.1/lib/python3.12/site-packages/airflow/example_dags/tutorial_taskflow_api_virtualenv.py took 0.089 seconds
[2026-05-06T23:47:12.254+0000] {processor.py:161} INFO - Started process (PID=27993) to work on /usr/local/python/3.12.1/lib/python3.12/site-packages/airflow/example_dags/tutorial_taskflow_api_virtualenv.py
[2026-05-06T23:47:12.260+0000] {processor.py:830} INFO - Processing file /usr/local/python/3.12.1/lib/python3.12/site-packages/airflow/example_dags/tutorial_taskflow_api_virtualenv.py for tasks to queue
[2026-05-06T23:47:12.263+0000] {logging_mixin.py:188} INFO - [2026-05-06T23:47:12.262+0000] {dagbag.py:545} INFO - Filling up the DagBag from /usr/local/python/3.12.1/lib/python3.12/site-packages/airflow/example_dags/tutorial_taskflow_api_virtualenv.py
[2026-05-06T23:47:12.274+0000] {processor.py:840} INFO - DAG(s) 'tutorial_taskflow_api_virtualenv' retrieved from /usr/local/python/3.12.1/lib/python3.12/site-packages/airflow/example_dags/tutorial_taskflow_api_virtualenv.py
[2026-05-06T23:47:12.287+0000] {logging_mixin.py:188} INFO - [2026-05-06T23:47:12.287+0000] {dag.py:3096} INFO - Sync 1 DAGs
[2026-05-06T23:47:12.297+0000] {logging_mixin.py:188} INFO - [2026-05-06T23:47:12.296+0000] {dag.py:3954} INFO - Setting next_dagrun for tutorial_taskflow_api_virtualenv to None, run_after=None
[2026-05-06T23:47:12.345+0000] {processor.py:183} INFO - Processing /usr/local/python/3.12.1/lib/python3.12/site-packages/airflow/example_dags/tutorial_taskflow_api_virtualenv.py took 0.098 seconds
[2026-05-06T23:47:54.773+0000] {processor.py:161} INFO - Started process (PID=28320) to work on /usr/local/python/3.12.1/lib/python3.12/site-packages/airflow/example_dags/tutorial_taskflow_api_virtualenv.py
[2026-05-06T23:47:54.774+0000] {processor.py:830} INFO - Processing file /usr/local/python/3.12.1/lib/python3.12/site-packages/airflow/example_dags/tutorial_taskflow_api_virtualenv.py for tasks to queue
[2026-05-06T23:47:54.775+0000] {logging_mixin.py:188} INFO - [2026-05-06T23:47:54.775+0000] {dagbag.py:545} INFO - Filling up the DagBag from /usr/local/python/3.12.1/lib/python3.12/site-packages/airflow/example_dags/tutorial_taskflow_api_virtualenv.py
[2026-05-06T23:47:54.785+0000] {processor.py:840} INFO - DAG(s) 'tutorial_taskflow_api_virtualenv' retrieved from /usr/local/python/3.12.1/lib/python3.12/site-packages/airflow/example_dags/tutorial_taskflow_api_virtualenv.py
[2026-05-06T23:47:54.798+0000] {logging_mixin.py:188} INFO - [2026-05-06T23:47:54.797+0000] {dag.py:3096} INFO - Sync 1 DAGs
[2026-05-06T23:47:54.808+0000] {logging_mixin.py:188} INFO - [2026-05-06T23:47:54.808+0000] {dag.py:3954} INFO - Setting next_dagrun for tutorial_taskflow_api_virtualenv to None, run_after=None
[2026-05-06T23:47:54.840+0000] {processor.py:183} INFO - Processing /usr/local/python/3.12.1/lib/python3.12/site-packages/airflow/example_dags/tutorial_taskflow_api_virtualenv.py took 0.072 seconds
[2026-05-06T23:48:34.716+0000] {processor.py:161} INFO - Started process (PID=28634) to work on /usr/local/python/3.12.1/lib/python3.12/site-packages/airflow/example_dags/tutorial_taskflow_api_virtualenv.py
[2026-05-06T23:48:34.717+0000] {processor.py:830} INFO - Processing file /usr/local/python/3.12.1/lib/python3.12/site-packages/airflow/example_dags/tutorial_taskflow_api_virtualenv.py for tasks to queue
[2026-05-06T23:48:34.718+0000] {logging_mixin.py:188} INFO - [2026-05-06T23:48:34.718+0000] {dagbag.py:545} INFO - Filling up the DagBag from /usr/local/python/3.12.1/lib/python3.12/site-packages/airflow/example_dags/tutorial_taskflow_api_virtualenv.py
[2026-05-06T23:48:34.727+0000] {processor.py:840} INFO - DAG(s) 'tutorial_taskflow_api_virtualenv' retrieved from /usr/local/python/3.12.1/lib/python3.12/site-packages/airflow/example_dags/tutorial_taskflow_api_virtualenv.py
[2026-05-06T23:48:34.741+0000] {logging_mixin.py:188} INFO - [2026-05-06T23:48:34.741+0000] {dag.py:3096} INFO - Sync 1 DAGs
[2026-05-06T23:48:34.750+0000] {logging_mixin.py:188} INFO - [2026-05-06T23:48:34.750+0000] {dag.py:3954} INFO - Setting next_dagrun for tutorial_taskflow_api_virtualenv to None, run_after=None
[2026-05-06T23:48:34.767+0000] {processor.py:183} INFO - Processing /usr/local/python/3.12.1/lib/python3.12/site-packages/airflow/example_dags/tutorial_taskflow_api_virtualenv.py took 0.056 seconds
[2026-05-06T23:49:13.374+0000] {processor.py:161} INFO - Started process (PID=28940) to work on /usr/local/python/3.12.1/lib/python3.12/site-packages/airflow/example_dags/tutorial_taskflow_api_virtualenv.py
[2026-05-06T23:49:13.375+0000] {processor.py:830} INFO - Processing file /usr/local/python/3.12.1/lib/python3.12/site-packages/airflow/example_dags/tutorial_taskflow_api_virtualenv.py for tasks to queue
[2026-05-06T23:49:13.377+0000] {logging_mixin.py:188} INFO - [2026-05-06T23:49:13.376+0000] {dagbag.py:545} INFO - Filling up the DagBag from /usr/local/python/3.12.1/lib/python3.12/site-packages/airflow/example_dags/tutorial_taskflow_api_virtualenv.py
[2026-05-06T23:49:13.386+0000] {processor.py:840} INFO - DAG(s) 'tutorial_taskflow_api_virtualenv' retrieved from /usr/local/python/3.12.1/lib/python3.12/site-packages/airflow/example_dags/tutorial_taskflow_api_virtualenv.py
[2026-05-06T23:49:13.399+0000] {logging_mixin.py:188} INFO - [2026-05-06T23:49:13.399+0000] {dag.py:3096} INFO - Sync 1 DAGs
[2026-05-06T23:49:13.408+0000] {logging_mixin.py:188} INFO - [2026-05-06T23:49:13.408+0000] {dag.py:3954} INFO - Setting next_dagrun for tutorial_taskflow_api_virtualenv to None, run_after=None
[2026-05-06T23:49:13.426+0000] {processor.py:183} INFO - Processing /usr/local/python/3.12.1/lib/python3.12/site-packages/airflow/example_dags/tutorial_taskflow_api_virtualenv.py took 0.056 seconds
[2026-05-06T23:49:50.383+0000] {processor.py:161} INFO - Started process (PID=29238) to work on /usr/local/python/3.12.1/lib/python3.12/site-packages/airflow/example_dags/tutorial_taskflow_api_virtualenv.py
[2026-05-06T23:49:50.384+0000] {processor.py:830} INFO - Processing file /usr/local/python/3.12.1/lib/python3.12/site-packages/airflow/example_dags/tutorial_taskflow_api_virtualenv.py for tasks to queue
[2026-05-06T23:49:50.385+0000] {logging_mixin.py:188} INFO - [2026-05-06T23:49:50.385+0000] {dagbag.py:545} INFO - Filling up the DagBag from /usr/local/python/3.12.1/lib/python3.12/site-packages/airflow/example_dags/tutorial_taskflow_api_virtualenv.py
[2026-05-06T23:49:50.394+0000] {processor.py:840} INFO - DAG(s) 'tutorial_taskflow_api_virtualenv' retrieved from /usr/local/python/3.12.1/lib/python3.12/site-packages/airflow/example_dags/tutorial_taskflow_api_virtualenv.py
[2026-05-06T23:49:50.408+0000] {logging_mixin.py:188} INFO - [2026-05-06T23:49:50.408+0000] {dag.py:3096} INFO - Sync 1 DAGs
[2026-05-06T23:49:50.417+0000] {logging_mixin.py:188} INFO - [2026-05-06T23:49:50.417+0000] {dag.py:3954} INFO - Setting next_dagrun for tutorial_taskflow_api_virtualenv to None, run_after=None
[2026-05-06T23:49:50.433+0000] {processor.py:183} INFO - Processing /usr/local/python/3.12.1/lib/python3.12/site-packages/airflow/example_dags/tutorial_taskflow_api_virtualenv.py took 0.055 seconds
[2026-05-06T23:50:27.130+0000] {processor.py:161} INFO - Started process (PID=29508) to work on /usr/local/python/3.12.1/lib/python3.12/site-packages/airflow/example_dags/tutorial_taskflow_api_virtualenv.py
[2026-05-06T23:50:27.131+0000] {processor.py:830} INFO - Processing file /usr/local/python/3.12.1/lib/python3.12/site-packages/airflow/example_dags/tutorial_taskflow_api_virtualenv.py for tasks to queue
[2026-05-06T23:50:27.133+0000] {logging_mixin.py:188} INFO - [2026-05-06T23:50:27.132+0000] {dagbag.py:545} INFO - Filling up the DagBag from /usr/local/python/3.12.1/lib/python3.12/site-packages/airflow/example_dags/tutorial_taskflow_api_virtualenv.py
[2026-05-06T23:50:27.146+0000] {processor.py:840} INFO - DAG(s) 'tutorial_taskflow_api_virtualenv' retrieved from /usr/local/python/3.12.1/lib/python3.12/site-packages/airflow/example_dags/tutorial_taskflow_api_virtualenv.py
[2026-05-06T23:50:27.165+0000] {logging_mixin.py:188} INFO - [2026-05-06T23:50:27.164+0000] {dag.py:3096} INFO - Sync 1 DAGs
[2026-05-06T23:50:27.180+0000] {logging_mixin.py:188} INFO - [2026-05-06T23:50:27.180+0000] {dag.py:3954} INFO - Setting next_dagrun for tutorial_taskflow_api_virtualenv to None, run_after=None
[2026-05-06T23:50:27.196+0000] {processor.py:183} INFO - Processing /usr/local/python/3.12.1/lib/python3.12/site-packages/airflow/example_dags/tutorial_taskflow_api_virtualenv.py took 0.076 seconds
[2026-05-06T23:51:07.363+0000] {processor.py:161} INFO - Started process (PID=29825) to work on /usr/local/python/3.12.1/lib/python3.12/site-packages/airflow/example_dags/tutorial_taskflow_api_virtualenv.py
[2026-05-06T23:51:07.364+0000] {processor.py:830} INFO - Processing file /usr/local/python/3.12.1/lib/python3.12/site-packages/airflow/example_dags/tutorial_taskflow_api_virtualenv.py for tasks to queue
[2026-05-06T23:51:07.366+0000] {logging_mixin.py:188} INFO - [2026-05-06T23:51:07.365+0000] {dagbag.py:545} INFO - Filling up the DagBag from /usr/local/python/3.12.1/lib/python3.12/site-packages/airflow/example_dags/tutorial_taskflow_api_virtualenv.py
[2026-05-06T23:51:07.375+0000] {processor.py:840} INFO - DAG(s) 'tutorial_taskflow_api_virtualenv' retrieved from /usr/local/python/3.12.1/lib/python3.12/site-packages/airflow/example_dags/tutorial_taskflow_api_virtualenv.py
[2026-05-06T23:51:07.388+0000] {logging_mixin.py:188} INFO - [2026-05-06T23:51:07.388+0000] {dag.py:3096} INFO - Sync 1 DAGs
[2026-05-06T23:51:07.397+0000] {logging_mixin.py:188} INFO - [2026-05-06T23:51:07.397+0000] {dag.py:3954} INFO - Setting next_dagrun for tutorial_taskflow_api_virtualenv to None, run_after=None
[2026-05-06T23:51:07.414+0000] {processor.py:183} INFO - Processing /usr/local/python/3.12.1/lib/python3.12/site-packages/airflow/example_dags/tutorial_taskflow_api_virtualenv.py took 0.056 seconds
[2026-05-06T23:51:44.494+0000] {processor.py:161} INFO - Started process (PID=30120) to work on /usr/local/python/3.12.1/lib/python3.12/site-packages/airflow/example_dags/tutorial_taskflow_api_virtualenv.py
[2026-05-06T23:51:44.495+0000] {processor.py:830} INFO - Processing file /usr/local/python/3.12.1/lib/python3.12/site-packages/airflow/example_dags/tutorial_taskflow_api_virtualenv.py for tasks to queue
[2026-05-06T23:51:44.496+0000] {logging_mixin.py:188} INFO - [2026-05-06T23:51:44.496+0000] {dagbag.py:545} INFO - Filling up the DagBag from /usr/local/python/3.12.1/lib/python3.12/site-packages/airflow/example_dags/tutorial_taskflow_api_virtualenv.py
[2026-05-06T23:51:44.506+0000] {processor.py:840} INFO - DAG(s) 'tutorial_taskflow_api_virtualenv' retrieved from /usr/local/python/3.12.1/lib/python3.12/site-packages/airflow/example_dags/tutorial_taskflow_api_virtualenv.py
[2026-05-06T23:51:44.519+0000] {logging_mixin.py:188} INFO - [2026-05-06T23:51:44.518+0000] {dag.py:3096} INFO - Sync 1 DAGs
[2026-05-06T23:51:44.529+0000] {logging_mixin.py:188} INFO - [2026-05-06T23:51:44.529+0000] {dag.py:3954} INFO - Setting next_dagrun for tutorial_taskflow_api_virtualenv to None, run_after=None
[2026-05-06T23:51:44.555+0000] {processor.py:183} INFO - Processing /usr/local/python/3.12.1/lib/python3.12/site-packages/airflow/example_dags/tutorial_taskflow_api_virtualenv.py took 0.065 seconds
[2026-05-06T23:52:22.166+0000] {processor.py:161} INFO - Started process (PID=30417) to work on /usr/local/python/3.12.1/lib/python3.12/site-packages/airflow/example_dags/tutorial_taskflow_api_virtualenv.py
[2026-05-06T23:52:22.166+0000] {processor.py:830} INFO - Processing file /usr/local/python/3.12.1/lib/python3.12/site-packages/airflow/example_dags/tutorial_taskflow_api_virtualenv.py for tasks to queue
[2026-05-06T23:52:22.168+0000] {logging_mixin.py:188} INFO - [2026-05-06T23:52:22.167+0000] {dagbag.py:545} INFO - Filling up the DagBag from /usr/local/python/3.12.1/lib/python3.12/site-packages/airflow/example_dags/tutorial_taskflow_api_virtualenv.py
[2026-05-06T23:52:22.179+0000] {processor.py:840} INFO - DAG(s) 'tutorial_taskflow_api_virtualenv' retrieved from /usr/local/python/3.12.1/lib/python3.12/site-packages/airflow/example_dags/tutorial_taskflow_api_virtualenv.py
[2026-05-06T23:52:22.192+0000] {logging_mixin.py:188} INFO - [2026-05-06T23:52:22.192+0000] {dag.py:3096} INFO - Sync 1 DAGs
[2026-05-06T23:52:22.201+0000] {logging_mixin.py:188} INFO - [2026-05-06T23:52:22.201+0000] {dag.py:3954} INFO - Setting next_dagrun for tutorial_taskflow_api_virtualenv to None, run_after=None
[2026-05-06T23:52:22.219+0000] {processor.py:183} INFO - Processing /usr/local/python/3.12.1/lib/python3.12/site-packages/airflow/example_dags/tutorial_taskflow_api_virtualenv.py took 0.058 seconds
[2026-05-06T23:52:59.576+0000] {processor.py:161} INFO - Started process (PID=30692) to work on /usr/local/python/3.12.1/lib/python3.12/site-packages/airflow/example_dags/tutorial_taskflow_api_virtualenv.py
[2026-05-06T23:52:59.578+0000] {processor.py:830} INFO - Processing file /usr/local/python/3.12.1/lib/python3.12/site-packages/airflow/example_dags/tutorial_taskflow_api_virtualenv.py for tasks to queue
[2026-05-06T23:52:59.581+0000] {logging_mixin.py:188} INFO - [2026-05-06T23:52:59.581+0000] {dagbag.py:545} INFO - Filling up the DagBag from /usr/local/python/3.12.1/lib/python3.12/site-packages/airflow/example_dags/tutorial_taskflow_api_virtualenv.py
[2026-05-06T23:52:59.600+0000] {processor.py:840} INFO - DAG(s) 'tutorial_taskflow_api_virtualenv' retrieved from /usr/local/python/3.12.1/lib/python3.12/site-packages/airflow/example_dags/tutorial_taskflow_api_virtualenv.py
[2026-05-06T23:52:59.614+0000] {logging_mixin.py:188} INFO - [2026-05-06T23:52:59.614+0000] {dag.py:3096} INFO - Sync 1 DAGs
[2026-05-06T23:52:59.624+0000] {logging_mixin.py:188} INFO - [2026-05-06T23:52:59.624+0000] {dag.py:3954} INFO - Setting next_dagrun for tutorial_taskflow_api_virtualenv to None, run_after=None
[2026-05-06T23:52:59.642+0000] {processor.py:183} INFO - Processing /usr/local/python/3.12.1/lib/python3.12/site-packages/airflow/example_dags/tutorial_taskflow_api_virtualenv.py took 0.087 seconds
[2026-05-06T23:53:40.715+0000] {processor.py:161} INFO - Started process (PID=31019) to work on /usr/local/python/3.12.1/lib/python3.12/site-packages/airflow/example_dags/tutorial_taskflow_api_virtualenv.py
[2026-05-06T23:53:40.716+0000] {processor.py:830} INFO - Processing file /usr/local/python/3.12.1/lib/python3.12/site-packages/airflow/example_dags/tutorial_taskflow_api_virtualenv.py for tasks to queue
[2026-05-06T23:53:40.718+0000] {logging_mixin.py:188} INFO - [2026-05-06T23:53:40.717+0000] {dagbag.py:545} INFO - Filling up the DagBag from /usr/local/python/3.12.1/lib/python3.12/site-packages/airflow/example_dags/tutorial_taskflow_api_virtualenv.py
[2026-05-06T23:53:40.727+0000] {processor.py:840} INFO - DAG(s) 'tutorial_taskflow_api_virtualenv' retrieved from /usr/local/python/3.12.1/lib/python3.12/site-packages/airflow/example_dags/tutorial_taskflow_api_virtualenv.py
[2026-05-06T23:53:40.741+0000] {logging_mixin.py:188} INFO - [2026-05-06T23:53:40.741+0000] {dag.py:3096} INFO - Sync 1 DAGs
[2026-05-06T23:53:40.756+0000] {logging_mixin.py:188} INFO - [2026-05-06T23:53:40.756+0000] {dag.py:3954} INFO - Setting next_dagrun for tutorial_taskflow_api_virtualenv to None, run_after=None
[2026-05-06T23:53:40.773+0000] {processor.py:183} INFO - Processing /usr/local/python/3.12.1/lib/python3.12/site-packages/airflow/example_dags/tutorial_taskflow_api_virtualenv.py took 0.063 seconds
[2026-05-06T23:54:20.385+0000] {processor.py:161} INFO - Started process (PID=31326) to work on /usr/local/python/3.12.1/lib/python3.12/site-packages/airflow/example_dags/tutorial_taskflow_api_virtualenv.py
[2026-05-06T23:54:20.385+0000] {processor.py:830} INFO - Processing file /usr/local/python/3.12.1/lib/python3.12/site-packages/airflow/example_dags/tutorial_taskflow_api_virtualenv.py for tasks to queue
[2026-05-06T23:54:20.387+0000] {logging_mixin.py:188} INFO - [2026-05-06T23:54:20.386+0000] {dagbag.py:545} INFO - Filling up the DagBag from /usr/local/python/3.12.1/lib/python3.12/site-packages/airflow/example_dags/tutorial_taskflow_api_virtualenv.py
[2026-05-06T23:54:20.396+0000] {processor.py:840} INFO - DAG(s) 'tutorial_taskflow_api_virtualenv' retrieved from /usr/local/python/3.12.1/lib/python3.12/site-packages/airflow/example_dags/tutorial_taskflow_api_virtualenv.py
[2026-05-06T23:54:20.409+0000] {logging_mixin.py:188} INFO - [2026-05-06T23:54:20.409+0000] {dag.py:3096} INFO - Sync 1 DAGs
[2026-05-06T23:54:20.419+0000] {logging_mixin.py:188} INFO - [2026-05-06T23:54:20.418+0000] {dag.py:3954} INFO - Setting next_dagrun for tutorial_taskflow_api_virtualenv to None, run_after=None
[2026-05-06T23:54:20.438+0000] {processor.py:183} INFO - Processing /usr/local/python/3.12.1/lib/python3.12/site-packages/airflow/example_dags/tutorial_taskflow_api_virtualenv.py took 0.058 seconds
[2026-05-06T23:54:59.213+0000] {processor.py:161} INFO - Started process (PID=31630) to work on /usr/local/python/3.12.1/lib/python3.12/site-packages/airflow/example_dags/tutorial_taskflow_api_virtualenv.py
[2026-05-06T23:54:59.214+0000] {processor.py:830} INFO - Processing file /usr/local/python/3.12.1/lib/python3.12/site-packages/airflow/example_dags/tutorial_taskflow_api_virtualenv.py for tasks to queue
[2026-05-06T23:54:59.216+0000] {logging_mixin.py:188} INFO - [2026-05-06T23:54:59.215+0000] {dagbag.py:545} INFO - Filling up the DagBag from /usr/local/python/3.12.1/lib/python3.12/site-packages/airflow/example_dags/tutorial_taskflow_api_virtualenv.py
[2026-05-06T23:54:59.225+0000] {processor.py:840} INFO - DAG(s) 'tutorial_taskflow_api_virtualenv' retrieved from /usr/local/python/3.12.1/lib/python3.12/site-packages/airflow/example_dags/tutorial_taskflow_api_virtualenv.py
[2026-05-06T23:54:59.240+0000] {logging_mixin.py:188} INFO - [2026-05-06T23:54:59.240+0000] {dag.py:3096} INFO - Sync 1 DAGs
[2026-05-06T23:54:59.253+0000] {logging_mixin.py:188} INFO - [2026-05-06T23:54:59.253+0000] {dag.py:3954} INFO - Setting next_dagrun for tutorial_taskflow_api_virtualenv to None, run_after=None
[2026-05-06T23:54:59.272+0000] {processor.py:183} INFO - Processing /usr/local/python/3.12.1/lib/python3.12/site-packages/airflow/example_dags/tutorial_taskflow_api_virtualenv.py took 0.064 seconds
[2026-05-06T23:55:38.087+0000] {processor.py:161} INFO - Started process (PID=31997) to work on /usr/local/python/3.12.1/lib/python3.12/site-packages/airflow/example_dags/tutorial_taskflow_api_virtualenv.py
[2026-05-06T23:55:38.088+0000] {processor.py:830} INFO - Processing file /usr/local/python/3.12.1/lib/python3.12/site-packages/airflow/example_dags/tutorial_taskflow_api_virtualenv.py for tasks to queue
[2026-05-06T23:55:38.089+0000] {logging_mixin.py:188} INFO - [2026-05-06T23:55:38.089+0000] {dagbag.py:545} INFO - Filling up the DagBag from /usr/local/python/3.12.1/lib/python3.12/site-packages/airflow/example_dags/tutorial_taskflow_api_virtualenv.py
[2026-05-06T23:55:38.099+0000] {processor.py:840} INFO - DAG(s) 'tutorial_taskflow_api_virtualenv' retrieved from /usr/local/python/3.12.1/lib/python3.12/site-packages/airflow/example_dags/tutorial_taskflow_api_virtualenv.py
[2026-05-06T23:55:38.112+0000] {logging_mixin.py:188} INFO - [2026-05-06T23:55:38.112+0000] {dag.py:3096} INFO - Sync 1 DAGs
[2026-05-06T23:55:38.122+0000] {logging_mixin.py:188} INFO - [2026-05-06T23:55:38.121+0000] {dag.py:3954} INFO - Setting next_dagrun for tutorial_taskflow_api_virtualenv to None, run_after=None
[2026-05-06T23:55:38.140+0000] {processor.py:183} INFO - Processing /usr/local/python/3.12.1/lib/python3.12/site-packages/airflow/example_dags/tutorial_taskflow_api_virtualenv.py took 0.058 seconds
[2026-05-06T23:56:19.279+0000] {processor.py:161} INFO - Started process (PID=32317) to work on /usr/local/python/3.12.1/lib/python3.12/site-packages/airflow/example_dags/tutorial_taskflow_api_virtualenv.py
[2026-05-06T23:56:19.279+0000] {processor.py:830} INFO - Processing file /usr/local/python/3.12.1/lib/python3.12/site-packages/airflow/example_dags/tutorial_taskflow_api_virtualenv.py for tasks to queue
[2026-05-06T23:56:19.281+0000] {logging_mixin.py:188} INFO - [2026-05-06T23:56:19.281+0000] {dagbag.py:545} INFO - Filling up the DagBag from /usr/local/python/3.12.1/lib/python3.12/site-packages/airflow/example_dags/tutorial_taskflow_api_virtualenv.py
[2026-05-06T23:56:19.290+0000] {processor.py:840} INFO - DAG(s) 'tutorial_taskflow_api_virtualenv' retrieved from /usr/local/python/3.12.1/lib/python3.12/site-packages/airflow/example_dags/tutorial_taskflow_api_virtualenv.py
[2026-05-06T23:56:19.305+0000] {logging_mixin.py:188} INFO - [2026-05-06T23:56:19.304+0000] {dag.py:3096} INFO - Sync 1 DAGs
[2026-05-06T23:56:19.314+0000] {logging_mixin.py:188} INFO - [2026-05-06T23:56:19.314+0000] {dag.py:3954} INFO - Setting next_dagrun for tutorial_taskflow_api_virtualenv to None, run_after=None
[2026-05-06T23:56:19.332+0000] {processor.py:183} INFO - Processing /usr/local/python/3.12.1/lib/python3.12/site-packages/airflow/example_dags/tutorial_taskflow_api_virtualenv.py took 0.058 seconds
[2026-05-06T23:56:54.435+0000] {processor.py:161} INFO - Started process (PID=32550) to work on /usr/local/python/3.12.1/lib/python3.12/site-packages/airflow/example_dags/tutorial_taskflow_api_virtualenv.py
[2026-05-06T23:56:54.436+0000] {processor.py:830} INFO - Processing file /usr/local/python/3.12.1/lib/python3.12/site-packages/airflow/example_dags/tutorial_taskflow_api_virtualenv.py for tasks to queue
[2026-05-06T23:56:54.438+0000] {logging_mixin.py:188} INFO - [2026-05-06T23:56:54.437+0000] {dagbag.py:545} INFO - Filling up the DagBag from /usr/local/python/3.12.1/lib/python3.12/site-packages/airflow/example_dags/tutorial_taskflow_api_virtualenv.py
[2026-05-06T23:56:54.447+0000] {processor.py:840} INFO - DAG(s) 'tutorial_taskflow_api_virtualenv' retrieved from /usr/local/python/3.12.1/lib/python3.12/site-packages/airflow/example_dags/tutorial_taskflow_api_virtualenv.py
[2026-05-06T23:56:54.459+0000] {logging_mixin.py:188} INFO - [2026-05-06T23:56:54.459+0000] {dag.py:3096} INFO - Sync 1 DAGs
[2026-05-06T23:56:54.469+0000] {logging_mixin.py:188} INFO - [2026-05-06T23:56:54.468+0000] {dag.py:3954} INFO - Setting next_dagrun for tutorial_taskflow_api_virtualenv to None, run_after=None
[2026-05-06T23:56:54.486+0000] {processor.py:183} INFO - Processing /usr/local/python/3.12.1/lib/python3.12/site-packages/airflow/example_dags/tutorial_taskflow_api_virtualenv.py took 0.055 seconds
[2026-05-06T23:57:32.327+0000] {processor.py:161} INFO - Started process (PID=32743) to work on /usr/local/python/3.12.1/lib/python3.12/site-packages/airflow/example_dags/tutorial_taskflow_api_virtualenv.py
[2026-05-06T23:57:32.328+0000] {processor.py:830} INFO - Processing file /usr/local/python/3.12.1/lib/python3.12/site-packages/airflow/example_dags/tutorial_taskflow_api_virtualenv.py for tasks to queue
[2026-05-06T23:57:32.329+0000] {logging_mixin.py:188} INFO - [2026-05-06T23:57:32.329+0000] {dagbag.py:545} INFO - Filling up the DagBag from /usr/local/python/3.12.1/lib/python3.12/site-packages/airflow/example_dags/tutorial_taskflow_api_virtualenv.py
[2026-05-06T23:57:32.340+0000] {processor.py:840} INFO - DAG(s) 'tutorial_taskflow_api_virtualenv' retrieved from /usr/local/python/3.12.1/lib/python3.12/site-packages/airflow/example_dags/tutorial_taskflow_api_virtualenv.py
[2026-05-06T23:57:32.357+0000] {logging_mixin.py:188} INFO - [2026-05-06T23:57:32.357+0000] {dag.py:3096} INFO - Sync 1 DAGs
[2026-05-06T23:57:32.367+0000] {logging_mixin.py:188} INFO - [2026-05-06T23:57:32.367+0000] {dag.py:3954} INFO - Setting next_dagrun for tutorial_taskflow_api_virtualenv to None, run_after=None
[2026-05-06T23:57:32.384+0000] {processor.py:183} INFO - Processing /usr/local/python/3.12.1/lib/python3.12/site-packages/airflow/example_dags/tutorial_taskflow_api_virtualenv.py took 0.062 seconds
[2026-05-06T23:58:09.438+0000] {processor.py:161} INFO - Started process (PID=32931) to work on /usr/local/python/3.12.1/lib/python3.12/site-packages/airflow/example_dags/tutorial_taskflow_api_virtualenv.py
[2026-05-06T23:58:09.439+0000] {processor.py:830} INFO - Processing file /usr/local/python/3.12.1/lib/python3.12/site-packages/airflow/example_dags/tutorial_taskflow_api_virtualenv.py for tasks to queue
[2026-05-06T23:58:09.440+0000] {logging_mixin.py:188} INFO - [2026-05-06T23:58:09.440+0000] {dagbag.py:545} INFO - Filling up the DagBag from /usr/local/python/3.12.1/lib/python3.12/site-packages/airflow/example_dags/tutorial_taskflow_api_virtualenv.py
[2026-05-06T23:58:09.453+0000] {processor.py:840} INFO - DAG(s) 'tutorial_taskflow_api_virtualenv' retrieved from /usr/local/python/3.12.1/lib/python3.12/site-packages/airflow/example_dags/tutorial_taskflow_api_virtualenv.py
[2026-05-06T23:58:09.466+0000] {logging_mixin.py:188} INFO - [2026-05-06T23:58:09.466+0000] {dag.py:3096} INFO - Sync 1 DAGs
[2026-05-06T23:58:09.476+0000] {logging_mixin.py:188} INFO - [2026-05-06T23:58:09.475+0000] {dag.py:3954} INFO - Setting next_dagrun for tutorial_taskflow_api_virtualenv to None, run_after=None
[2026-05-06T23:58:09.492+0000] {processor.py:183} INFO - Processing /usr/local/python/3.12.1/lib/python3.12/site-packages/airflow/example_dags/tutorial_taskflow_api_virtualenv.py took 0.060 seconds
[2026-05-06T23:58:49.559+0000] {processor.py:161} INFO - Started process (PID=33127) to work on /usr/local/python/3.12.1/lib/python3.12/site-packages/airflow/example_dags/tutorial_taskflow_api_virtualenv.py
[2026-05-06T23:58:49.560+0000] {processor.py:830} INFO - Processing file /usr/local/python/3.12.1/lib/python3.12/site-packages/airflow/example_dags/tutorial_taskflow_api_virtualenv.py for tasks to queue
[2026-05-06T23:58:49.561+0000] {logging_mixin.py:188} INFO - [2026-05-06T23:58:49.561+0000] {dagbag.py:545} INFO - Filling up the DagBag from /usr/local/python/3.12.1/lib/python3.12/site-packages/airflow/example_dags/tutorial_taskflow_api_virtualenv.py
[2026-05-06T23:58:49.578+0000] {processor.py:840} INFO - DAG(s) 'tutorial_taskflow_api_virtualenv' retrieved from /usr/local/python/3.12.1/lib/python3.12/site-packages/airflow/example_dags/tutorial_taskflow_api_virtualenv.py
[2026-05-06T23:58:49.596+0000] {logging_mixin.py:188} INFO - [2026-05-06T23:58:49.596+0000] {dag.py:3096} INFO - Sync 1 DAGs
[2026-05-06T23:58:49.610+0000] {logging_mixin.py:188} INFO - [2026-05-06T23:58:49.610+0000] {dag.py:3954} INFO - Setting next_dagrun for tutorial_taskflow_api_virtualenv to None, run_after=None
[2026-05-06T23:58:49.628+0000] {processor.py:183} INFO - Processing /usr/local/python/3.12.1/lib/python3.12/site-packages/airflow/example_dags/tutorial_taskflow_api_virtualenv.py took 0.076 seconds
[2026-05-06T23:59:29.645+0000] {processor.py:161} INFO - Started process (PID=33328) to work on /usr/local/python/3.12.1/lib/python3.12/site-packages/airflow/example_dags/tutorial_taskflow_api_virtualenv.py
[2026-05-06T23:59:29.646+0000] {processor.py:830} INFO - Processing file /usr/local/python/3.12.1/lib/python3.12/site-packages/airflow/example_dags/tutorial_taskflow_api_virtualenv.py for tasks to queue
[2026-05-06T23:59:29.648+0000] {logging_mixin.py:188} INFO - [2026-05-06T23:59:29.647+0000] {dagbag.py:545} INFO - Filling up the DagBag from /usr/local/python/3.12.1/lib/python3.12/site-packages/airflow/example_dags/tutorial_taskflow_api_virtualenv.py
[2026-05-06T23:59:29.659+0000] {processor.py:840} INFO - DAG(s) 'tutorial_taskflow_api_virtualenv' retrieved from /usr/local/python/3.12.1/lib/python3.12/site-packages/airflow/example_dags/tutorial_taskflow_api_virtualenv.py
[2026-05-06T23:59:29.672+0000] {logging_mixin.py:188} INFO - [2026-05-06T23:59:29.672+0000] {dag.py:3096} INFO - Sync 1 DAGs
[2026-05-06T23:59:29.682+0000] {logging_mixin.py:188} INFO - [2026-05-06T23:59:29.681+0000] {dag.py:3954} INFO - Setting next_dagrun for tutorial_taskflow_api_virtualenv to None, run_after=None
[2026-05-06T23:59:29.699+0000] {processor.py:183} INFO - Processing /usr/local/python/3.12.1/lib/python3.12/site-packages/airflow/example_dags/tutorial_taskflow_api_virtualenv.py took 0.061 seconds
