[2026-05-07T09:56:10.662+0000] {local_task_job_runner.py:120} INFO - ::group::Pre task execution logs
[2026-05-07T09:56:10.684+0000] {taskinstance.py:2076} INFO - Dependencies all met for dep_context=non-requeueable deps ti=<TaskInstance: basic_etl_dag.load_task manual__2026-05-07T09:55:56.990389+00:00 [queued]>
[2026-05-07T09:56:10.690+0000] {taskinstance.py:2076} INFO - Dependencies all met for dep_context=requeueable deps ti=<TaskInstance: basic_etl_dag.load_task manual__2026-05-07T09:55:56.990389+00:00 [queued]>
[2026-05-07T09:56:10.690+0000] {taskinstance.py:2306} INFO - Starting attempt 1 of 2
[2026-05-07T09:56:10.700+0000] {taskinstance.py:2330} INFO - Executing <Task(BashOperator): load_task> on 2026-05-07 09:55:56.990389+00:00
[2026-05-07T09:56:10.704+0000] {standard_task_runner.py:63} INFO - Started process 20510 to run task
[2026-05-07T09:56:10.707+0000] {standard_task_runner.py:90} INFO - Running: ['airflow', 'tasks', 'run', 'basic_etl_dag', 'load_task', 'manual__2026-05-07T09:55:56.990389+00:00', '--job-id', '27', '--raw', '--subdir', 'DAGS_FOLDER/basic_etl_dag.py', '--cfg-path', '/tmp/tmp1hhz238k']
[2026-05-07T09:56:10.708+0000] {standard_task_runner.py:91} INFO - Job 27: Subtask load_task
[2026-05-07T09:56:10.737+0000] {task_command.py:426} INFO - Running <TaskInstance: basic_etl_dag.load_task manual__2026-05-07T09:55:56.990389+00:00 [running]> on host codespaces-b97881
[2026-05-07T09:56:10.782+0000] {taskinstance.py:2648} INFO - Exporting env vars: AIRFLOW_CTX_DAG_OWNER='airflow' AIRFLOW_CTX_DAG_ID='basic_etl_dag' AIRFLOW_CTX_TASK_ID='load_task' AIRFLOW_CTX_EXECUTION_DATE='2026-05-07T09:55:56.990389+00:00' AIRFLOW_CTX_TRY_NUMBER='1' AIRFLOW_CTX_DAG_RUN_ID='manual__2026-05-07T09:55:56.990389+00:00'
[2026-05-07T09:56:10.783+0000] {taskinstance.py:430} INFO - ::endgroup::
[2026-05-07T09:56:10.792+0000] {subprocess.py:63} INFO - Tmp dir root location: /tmp
[2026-05-07T09:56:10.793+0000] {subprocess.py:75} INFO - Running command: ['/usr/bin/bash', '-c', 'sqlite3 /workspaces/ETL-with-Airflow/lab/orchestrated/airflow-load-db.db -cmd ".mode csv" ".import /workspaces/ETL-with-Airflow/lab/orchestrated/airflow-transform-data.csv top_level_domains"']
[2026-05-07T09:56:10.800+0000] {subprocess.py:86} INFO - Output:
[2026-05-07T09:56:10.809+0000] {subprocess.py:97} INFO - Command exited with return code 0
[2026-05-07T09:56:10.810+0000] {taskinstance.py:441} INFO - ::group::Post task execution logs
[2026-05-07T09:56:10.822+0000] {taskinstance.py:1206} INFO - Marking task as SUCCESS. dag_id=basic_etl_dag, task_id=load_task, run_id=manual__2026-05-07T09:55:56.990389+00:00, execution_date=20260507T095556, start_date=20260507T095610, end_date=20260507T095610
[2026-05-07T09:56:10.842+0000] {local_task_job_runner.py:240} INFO - Task exited with return code 0
[2026-05-07T09:56:10.854+0000] {taskinstance.py:3503} INFO - 0 downstream tasks scheduled from follow-on schedule check
[2026-05-07T09:56:10.855+0000] {local_task_job_runner.py:222} INFO - ::endgroup::
