[2026-05-07T09:51:51.358+0000] {local_task_job_runner.py:120} INFO - ::group::Pre task execution logs
[2026-05-07T09:51:51.376+0000] {taskinstance.py:2076} INFO - Dependencies all met for dep_context=non-requeueable deps ti=<TaskInstance: load_dag.load_task manual__2026-05-07T09:51:47.933467+00:00 [queued]>
[2026-05-07T09:51:51.380+0000] {taskinstance.py:2076} INFO - Dependencies all met for dep_context=requeueable deps ti=<TaskInstance: load_dag.load_task manual__2026-05-07T09:51:47.933467+00:00 [queued]>
[2026-05-07T09:51:51.380+0000] {taskinstance.py:2306} INFO - Starting attempt 1 of 2
[2026-05-07T09:51:51.389+0000] {taskinstance.py:2330} INFO - Executing <Task(BashOperator): load_task> on 2026-05-07 09:51:47.933467+00:00
[2026-05-07T09:51:51.392+0000] {standard_task_runner.py:63} INFO - Started process 18154 to run task
[2026-05-07T09:51:51.395+0000] {standard_task_runner.py:90} INFO - Running: ['airflow', 'tasks', 'run', 'load_dag', 'load_task', 'manual__2026-05-07T09:51:47.933467+00:00', '--job-id', '20', '--raw', '--subdir', 'DAGS_FOLDER/load_dag.py', '--cfg-path', '/tmp/tmpzn6wn9t4']
[2026-05-07T09:51:51.396+0000] {standard_task_runner.py:91} INFO - Job 20: Subtask load_task
[2026-05-07T09:51:51.424+0000] {task_command.py:426} INFO - Running <TaskInstance: load_dag.load_task manual__2026-05-07T09:51:47.933467+00:00 [running]> on host codespaces-b97881
[2026-05-07T09:51:51.560+0000] {taskinstance.py:2648} INFO - Exporting env vars: AIRFLOW_CTX_DAG_OWNER='airflow' AIRFLOW_CTX_DAG_ID='load_dag' AIRFLOW_CTX_TASK_ID='load_task' AIRFLOW_CTX_EXECUTION_DATE='2026-05-07T09:51:47.933467+00:00' AIRFLOW_CTX_TRY_NUMBER='1' AIRFLOW_CTX_DAG_RUN_ID='manual__2026-05-07T09:51:47.933467+00:00'
[2026-05-07T09:51:51.561+0000] {taskinstance.py:430} INFO - ::endgroup::
[2026-05-07T09:51:51.571+0000] {subprocess.py:63} INFO - Tmp dir root location: /tmp
[2026-05-07T09:51:51.572+0000] {subprocess.py:75} INFO - Running command: ['/usr/bin/bash', '-c', 'sqlite3 /workspaces/ETL-with-Airflow/lab/orchestrated/airflow-load-db.db -cmd ".mode csv" ".import /workspaces/ETL-with-Airflow/lab/orchestrated/airflow-transform-data.csv top_level_domains"']
[2026-05-07T09:51:51.577+0000] {subprocess.py:86} INFO - Output:
[2026-05-07T09:51:51.585+0000] {subprocess.py:97} INFO - Command exited with return code 0
[2026-05-07T09:51:51.586+0000] {taskinstance.py:441} INFO - ::group::Post task execution logs
[2026-05-07T09:51:51.599+0000] {taskinstance.py:1206} INFO - Marking task as SUCCESS. dag_id=load_dag, task_id=load_task, run_id=manual__2026-05-07T09:51:47.933467+00:00, execution_date=20260507T095147, start_date=20260507T095151, end_date=20260507T095151
[2026-05-07T09:51:51.648+0000] {local_task_job_runner.py:240} INFO - Task exited with return code 0
[2026-05-07T09:51:51.656+0000] {taskinstance.py:3503} INFO - 0 downstream tasks scheduled from follow-on schedule check
[2026-05-07T09:51:51.656+0000] {local_task_job_runner.py:222} INFO - ::endgroup::
