[[34m2026-05-07T09:55:32.449+0000[0m] {[34mtask_context_logger.py:[0m63} INFO[0m - Task context logging is enabled[0m
[[34m2026-05-07T09:55:32.450+0000[0m] {[34mexecutor_loader.py:[0m235} INFO[0m - Loaded executor: SequentialExecutor[0m
[[34m2026-05-07T09:55:32.482+0000[0m] {[34mscheduler_job_runner.py:[0m796} INFO[0m - Starting the scheduler[0m
[[34m2026-05-07T09:55:32.483+0000[0m] {[34mscheduler_job_runner.py:[0m803} INFO[0m - Processing each file at most -1 times[0m
[[34m2026-05-07T09:55:32.488+0000[0m] {[34mmanager.py:[0m170} INFO[0m - Launched DagFileProcessorManager with pid: 20191[0m
[[34m2026-05-07T09:55:32.492+0000[0m] {[34mscheduler_job_runner.py:[0m1595} INFO[0m - Adopting or resetting orphaned tasks for active dag runs[0m
[[34m2026-05-07T09:55:32.495+0000[0m] {[34msettings.py:[0m60} INFO[0m - Configured default timezone UTC[0m
[2026-05-07T09:55:32.529+0000] {manager.py:393} WARNING - Because we cannot use more than 1 thread (parsing_processes = 2) when using sqlite. So we set parallelism to 1.
[[34m2026-05-07T09:55:57.840+0000[0m] {[34mdag.py:[0m3954} INFO[0m - Setting next_dagrun for basic_etl_dag to 2026-05-07 00:00:00+00:00, run_after=2026-05-08 00:00:00+00:00[0m
[[34m2026-05-07T09:55:57.880+0000[0m] {[34mscheduler_job_runner.py:[0m417} INFO[0m - 2 tasks up for execution:
	<TaskInstance: basic_etl_dag.extract_task scheduled__2026-05-06T00:00:00+00:00 [scheduled]>
	<TaskInstance: basic_etl_dag.extract_task manual__2026-05-07T09:55:56.990389+00:00 [scheduled]>[0m
[[34m2026-05-07T09:55:57.881+0000[0m] {[34mscheduler_job_runner.py:[0m480} INFO[0m - DAG basic_etl_dag has 0/16 running and queued tasks[0m
[[34m2026-05-07T09:55:57.881+0000[0m] {[34mscheduler_job_runner.py:[0m480} INFO[0m - DAG basic_etl_dag has 1/16 running and queued tasks[0m
[[34m2026-05-07T09:55:57.881+0000[0m] {[34mscheduler_job_runner.py:[0m596} INFO[0m - Setting the following tasks to queued state:
	<TaskInstance: basic_etl_dag.extract_task scheduled__2026-05-06T00:00:00+00:00 [scheduled]>
	<TaskInstance: basic_etl_dag.extract_task manual__2026-05-07T09:55:56.990389+00:00 [scheduled]>[0m
[[34m2026-05-07T09:55:57.883+0000[0m] {[34mscheduler_job_runner.py:[0m639} INFO[0m - Sending TaskInstanceKey(dag_id='basic_etl_dag', task_id='extract_task', run_id='scheduled__2026-05-06T00:00:00+00:00', try_number=1, map_index=-1) to executor with priority 3 and queue default[0m
[[34m2026-05-07T09:55:57.883+0000[0m] {[34mbase_executor.py:[0m149} INFO[0m - Adding to queue: ['airflow', 'tasks', 'run', 'basic_etl_dag', 'extract_task', 'scheduled__2026-05-06T00:00:00+00:00', '--local', '--subdir', 'DAGS_FOLDER/basic_etl_dag.py'][0m
[[34m2026-05-07T09:55:57.884+0000[0m] {[34mscheduler_job_runner.py:[0m639} INFO[0m - Sending TaskInstanceKey(dag_id='basic_etl_dag', task_id='extract_task', run_id='manual__2026-05-07T09:55:56.990389+00:00', try_number=1, map_index=-1) to executor with priority 3 and queue default[0m
[[34m2026-05-07T09:55:57.884+0000[0m] {[34mbase_executor.py:[0m149} INFO[0m - Adding to queue: ['airflow', 'tasks', 'run', 'basic_etl_dag', 'extract_task', 'manual__2026-05-07T09:55:56.990389+00:00', '--local', '--subdir', 'DAGS_FOLDER/basic_etl_dag.py'][0m
[[34m2026-05-07T09:55:57.887+0000[0m] {[34msequential_executor.py:[0m74} INFO[0m - Executing command: ['airflow', 'tasks', 'run', 'basic_etl_dag', 'extract_task', 'scheduled__2026-05-06T00:00:00+00:00', '--local', '--subdir', 'DAGS_FOLDER/basic_etl_dag.py'][0m
[[34m2026-05-07T09:55:59.061+0000[0m] {[34mdagbag.py:[0m545} INFO[0m - Filling up the DagBag from /workspaces/ETL-with-Airflow/airflow/dags/basic_etl_dag.py[0m
[[34m2026-05-07T09:55:59.450+0000[0m] {[34mtask_command.py:[0m426} INFO[0m - Running <TaskInstance: basic_etl_dag.extract_task scheduled__2026-05-06T00:00:00+00:00 [queued]> on host codespaces-b97881[0m
[[34m2026-05-07T09:56:00.266+0000[0m] {[34msequential_executor.py:[0m74} INFO[0m - Executing command: ['airflow', 'tasks', 'run', 'basic_etl_dag', 'extract_task', 'manual__2026-05-07T09:55:56.990389+00:00', '--local', '--subdir', 'DAGS_FOLDER/basic_etl_dag.py'][0m
[[34m2026-05-07T09:56:01.350+0000[0m] {[34mdagbag.py:[0m545} INFO[0m - Filling up the DagBag from /workspaces/ETL-with-Airflow/airflow/dags/basic_etl_dag.py[0m
[[34m2026-05-07T09:56:01.733+0000[0m] {[34mtask_command.py:[0m426} INFO[0m - Running <TaskInstance: basic_etl_dag.extract_task manual__2026-05-07T09:55:56.990389+00:00 [queued]> on host codespaces-b97881[0m
[[34m2026-05-07T09:56:02.436+0000[0m] {[34mscheduler_job_runner.py:[0m689} INFO[0m - Received executor event with state success for task instance TaskInstanceKey(dag_id='basic_etl_dag', task_id='extract_task', run_id='scheduled__2026-05-06T00:00:00+00:00', try_number=1, map_index=-1)[0m
[[34m2026-05-07T09:56:02.437+0000[0m] {[34mscheduler_job_runner.py:[0m689} INFO[0m - Received executor event with state success for task instance TaskInstanceKey(dag_id='basic_etl_dag', task_id='extract_task', run_id='manual__2026-05-07T09:55:56.990389+00:00', try_number=1, map_index=-1)[0m
[[34m2026-05-07T09:56:02.442+0000[0m] {[34mscheduler_job_runner.py:[0m721} INFO[0m - TaskInstance Finished: dag_id=basic_etl_dag, task_id=extract_task, run_id=manual__2026-05-07T09:55:56.990389+00:00, map_index=-1, run_start_date=2026-05-07 09:56:01.774904+00:00, run_end_date=2026-05-07 09:56:01.993579+00:00, run_duration=0.218675, state=success, executor_state=success, try_number=1, max_tries=1, job_id=23, pool=default_pool, queue=default, priority_weight=3, operator=BashOperator, queued_dttm=2026-05-07 09:55:57.882303+00:00, queued_by_job_id=21, pid=20425[0m
[[34m2026-05-07T09:56:02.442+0000[0m] {[34mscheduler_job_runner.py:[0m721} INFO[0m - TaskInstance Finished: dag_id=basic_etl_dag, task_id=extract_task, run_id=scheduled__2026-05-06T00:00:00+00:00, map_index=-1, run_start_date=2026-05-07 09:55:59.491849+00:00, run_end_date=2026-05-07 09:55:59.803812+00:00, run_duration=0.311963, state=success, executor_state=success, try_number=1, max_tries=1, job_id=22, pool=default_pool, queue=default, priority_weight=3, operator=BashOperator, queued_dttm=2026-05-07 09:55:57.882303+00:00, queued_by_job_id=21, pid=20413[0m
[[34m2026-05-07T09:56:02.483+0000[0m] {[34mscheduler_job_runner.py:[0m417} INFO[0m - 2 tasks up for execution:
	<TaskInstance: basic_etl_dag.transform_task scheduled__2026-05-06T00:00:00+00:00 [scheduled]>
	<TaskInstance: basic_etl_dag.transform_task manual__2026-05-07T09:55:56.990389+00:00 [scheduled]>[0m
[[34m2026-05-07T09:56:02.483+0000[0m] {[34mscheduler_job_runner.py:[0m480} INFO[0m - DAG basic_etl_dag has 0/16 running and queued tasks[0m
[[34m2026-05-07T09:56:02.484+0000[0m] {[34mscheduler_job_runner.py:[0m480} INFO[0m - DAG basic_etl_dag has 1/16 running and queued tasks[0m
[[34m2026-05-07T09:56:02.484+0000[0m] {[34mscheduler_job_runner.py:[0m596} INFO[0m - Setting the following tasks to queued state:
	<TaskInstance: basic_etl_dag.transform_task scheduled__2026-05-06T00:00:00+00:00 [scheduled]>
	<TaskInstance: basic_etl_dag.transform_task manual__2026-05-07T09:55:56.990389+00:00 [scheduled]>[0m
[[34m2026-05-07T09:56:02.485+0000[0m] {[34mscheduler_job_runner.py:[0m639} INFO[0m - Sending TaskInstanceKey(dag_id='basic_etl_dag', task_id='transform_task', run_id='scheduled__2026-05-06T00:00:00+00:00', try_number=1, map_index=-1) to executor with priority 2 and queue default[0m
[[34m2026-05-07T09:56:02.486+0000[0m] {[34mbase_executor.py:[0m149} INFO[0m - Adding to queue: ['airflow', 'tasks', 'run', 'basic_etl_dag', 'transform_task', 'scheduled__2026-05-06T00:00:00+00:00', '--local', '--subdir', 'DAGS_FOLDER/basic_etl_dag.py'][0m
[[34m2026-05-07T09:56:02.486+0000[0m] {[34mscheduler_job_runner.py:[0m639} INFO[0m - Sending TaskInstanceKey(dag_id='basic_etl_dag', task_id='transform_task', run_id='manual__2026-05-07T09:55:56.990389+00:00', try_number=1, map_index=-1) to executor with priority 2 and queue default[0m
[[34m2026-05-07T09:56:02.487+0000[0m] {[34mbase_executor.py:[0m149} INFO[0m - Adding to queue: ['airflow', 'tasks', 'run', 'basic_etl_dag', 'transform_task', 'manual__2026-05-07T09:55:56.990389+00:00', '--local', '--subdir', 'DAGS_FOLDER/basic_etl_dag.py'][0m
[[34m2026-05-07T09:56:02.491+0000[0m] {[34msequential_executor.py:[0m74} INFO[0m - Executing command: ['airflow', 'tasks', 'run', 'basic_etl_dag', 'transform_task', 'scheduled__2026-05-06T00:00:00+00:00', '--local', '--subdir', 'DAGS_FOLDER/basic_etl_dag.py'][0m
[[34m2026-05-07T09:56:03.484+0000[0m] {[34mdagbag.py:[0m545} INFO[0m - Filling up the DagBag from /workspaces/ETL-with-Airflow/airflow/dags/basic_etl_dag.py[0m
[[34m2026-05-07T09:56:03.862+0000[0m] {[34mtask_command.py:[0m426} INFO[0m - Running <TaskInstance: basic_etl_dag.transform_task scheduled__2026-05-06T00:00:00+00:00 [queued]> on host codespaces-b97881[0m
[[34m2026-05-07T09:56:04.546+0000[0m] {[34msequential_executor.py:[0m74} INFO[0m - Executing command: ['airflow', 'tasks', 'run', 'basic_etl_dag', 'transform_task', 'manual__2026-05-07T09:55:56.990389+00:00', '--local', '--subdir', 'DAGS_FOLDER/basic_etl_dag.py'][0m
[[34m2026-05-07T09:56:05.501+0000[0m] {[34mdagbag.py:[0m545} INFO[0m - Filling up the DagBag from /workspaces/ETL-with-Airflow/airflow/dags/basic_etl_dag.py[0m
[[34m2026-05-07T09:56:05.881+0000[0m] {[34mtask_command.py:[0m426} INFO[0m - Running <TaskInstance: basic_etl_dag.transform_task manual__2026-05-07T09:55:56.990389+00:00 [queued]> on host codespaces-b97881[0m
[[34m2026-05-07T09:56:06.497+0000[0m] {[34mscheduler_job_runner.py:[0m689} INFO[0m - Received executor event with state success for task instance TaskInstanceKey(dag_id='basic_etl_dag', task_id='transform_task', run_id='scheduled__2026-05-06T00:00:00+00:00', try_number=1, map_index=-1)[0m
[[34m2026-05-07T09:56:06.498+0000[0m] {[34mscheduler_job_runner.py:[0m689} INFO[0m - Received executor event with state success for task instance TaskInstanceKey(dag_id='basic_etl_dag', task_id='transform_task', run_id='manual__2026-05-07T09:55:56.990389+00:00', try_number=1, map_index=-1)[0m
[[34m2026-05-07T09:56:06.501+0000[0m] {[34mscheduler_job_runner.py:[0m721} INFO[0m - TaskInstance Finished: dag_id=basic_etl_dag, task_id=transform_task, run_id=manual__2026-05-07T09:55:56.990389+00:00, map_index=-1, run_start_date=2026-05-07 09:56:05.921688+00:00, run_end_date=2026-05-07 09:56:06.037539+00:00, run_duration=0.115851, state=success, executor_state=success, try_number=1, max_tries=1, job_id=25, pool=default_pool, queue=default, priority_weight=2, operator=PythonOperator, queued_dttm=2026-05-07 09:56:02.484876+00:00, queued_by_job_id=21, pid=20454[0m
[[34m2026-05-07T09:56:06.501+0000[0m] {[34mscheduler_job_runner.py:[0m721} INFO[0m - TaskInstance Finished: dag_id=basic_etl_dag, task_id=transform_task, run_id=scheduled__2026-05-06T00:00:00+00:00, map_index=-1, run_start_date=2026-05-07 09:56:03.904371+00:00, run_end_date=2026-05-07 09:56:04.021652+00:00, run_duration=0.117281, state=success, executor_state=success, try_number=1, max_tries=1, job_id=24, pool=default_pool, queue=default, priority_weight=2, operator=PythonOperator, queued_dttm=2026-05-07 09:56:02.484876+00:00, queued_by_job_id=21, pid=20443[0m
[[34m2026-05-07T09:56:07.044+0000[0m] {[34mscheduler_job_runner.py:[0m417} INFO[0m - 2 tasks up for execution:
	<TaskInstance: basic_etl_dag.load_task scheduled__2026-05-06T00:00:00+00:00 [scheduled]>
	<TaskInstance: basic_etl_dag.load_task manual__2026-05-07T09:55:56.990389+00:00 [scheduled]>[0m
[[34m2026-05-07T09:56:07.044+0000[0m] {[34mscheduler_job_runner.py:[0m480} INFO[0m - DAG basic_etl_dag has 0/16 running and queued tasks[0m
[[34m2026-05-07T09:56:07.045+0000[0m] {[34mscheduler_job_runner.py:[0m480} INFO[0m - DAG basic_etl_dag has 1/16 running and queued tasks[0m
[[34m2026-05-07T09:56:07.045+0000[0m] {[34mscheduler_job_runner.py:[0m596} INFO[0m - Setting the following tasks to queued state:
	<TaskInstance: basic_etl_dag.load_task scheduled__2026-05-06T00:00:00+00:00 [scheduled]>
	<TaskInstance: basic_etl_dag.load_task manual__2026-05-07T09:55:56.990389+00:00 [scheduled]>[0m
[[34m2026-05-07T09:56:07.046+0000[0m] {[34mscheduler_job_runner.py:[0m639} INFO[0m - Sending TaskInstanceKey(dag_id='basic_etl_dag', task_id='load_task', run_id='scheduled__2026-05-06T00:00:00+00:00', try_number=1, map_index=-1) to executor with priority 1 and queue default[0m
[[34m2026-05-07T09:56:07.046+0000[0m] {[34mbase_executor.py:[0m149} INFO[0m - Adding to queue: ['airflow', 'tasks', 'run', 'basic_etl_dag', 'load_task', 'scheduled__2026-05-06T00:00:00+00:00', '--local', '--subdir', 'DAGS_FOLDER/basic_etl_dag.py'][0m
[[34m2026-05-07T09:56:07.047+0000[0m] {[34mscheduler_job_runner.py:[0m639} INFO[0m - Sending TaskInstanceKey(dag_id='basic_etl_dag', task_id='load_task', run_id='manual__2026-05-07T09:55:56.990389+00:00', try_number=1, map_index=-1) to executor with priority 1 and queue default[0m
[[34m2026-05-07T09:56:07.047+0000[0m] {[34mbase_executor.py:[0m149} INFO[0m - Adding to queue: ['airflow', 'tasks', 'run', 'basic_etl_dag', 'load_task', 'manual__2026-05-07T09:55:56.990389+00:00', '--local', '--subdir', 'DAGS_FOLDER/basic_etl_dag.py'][0m
[[34m2026-05-07T09:56:07.050+0000[0m] {[34msequential_executor.py:[0m74} INFO[0m - Executing command: ['airflow', 'tasks', 'run', 'basic_etl_dag', 'load_task', 'scheduled__2026-05-06T00:00:00+00:00', '--local', '--subdir', 'DAGS_FOLDER/basic_etl_dag.py'][0m
[[34m2026-05-07T09:56:08.169+0000[0m] {[34mdagbag.py:[0m545} INFO[0m - Filling up the DagBag from /workspaces/ETL-with-Airflow/airflow/dags/basic_etl_dag.py[0m
[[34m2026-05-07T09:56:08.587+0000[0m] {[34mtask_command.py:[0m426} INFO[0m - Running <TaskInstance: basic_etl_dag.load_task scheduled__2026-05-06T00:00:00+00:00 [queued]> on host codespaces-b97881[0m
[[34m2026-05-07T09:56:09.148+0000[0m] {[34msequential_executor.py:[0m74} INFO[0m - Executing command: ['airflow', 'tasks', 'run', 'basic_etl_dag', 'load_task', 'manual__2026-05-07T09:55:56.990389+00:00', '--local', '--subdir', 'DAGS_FOLDER/basic_etl_dag.py'][0m
[[34m2026-05-07T09:56:10.106+0000[0m] {[34mdagbag.py:[0m545} INFO[0m - Filling up the DagBag from /workspaces/ETL-with-Airflow/airflow/dags/basic_etl_dag.py[0m
[[34m2026-05-07T09:56:10.640+0000[0m] {[34mtask_command.py:[0m426} INFO[0m - Running <TaskInstance: basic_etl_dag.load_task manual__2026-05-07T09:55:56.990389+00:00 [queued]> on host codespaces-b97881[0m
[[34m2026-05-07T09:56:11.193+0000[0m] {[34mscheduler_job_runner.py:[0m689} INFO[0m - Received executor event with state success for task instance TaskInstanceKey(dag_id='basic_etl_dag', task_id='load_task', run_id='scheduled__2026-05-06T00:00:00+00:00', try_number=1, map_index=-1)[0m
[[34m2026-05-07T09:56:11.194+0000[0m] {[34mscheduler_job_runner.py:[0m689} INFO[0m - Received executor event with state success for task instance TaskInstanceKey(dag_id='basic_etl_dag', task_id='load_task', run_id='manual__2026-05-07T09:55:56.990389+00:00', try_number=1, map_index=-1)[0m
[[34m2026-05-07T09:56:11.197+0000[0m] {[34mscheduler_job_runner.py:[0m721} INFO[0m - TaskInstance Finished: dag_id=basic_etl_dag, task_id=load_task, run_id=manual__2026-05-07T09:55:56.990389+00:00, map_index=-1, run_start_date=2026-05-07 09:56:10.684812+00:00, run_end_date=2026-05-07 09:56:10.822552+00:00, run_duration=0.13774, state=success, executor_state=success, try_number=1, max_tries=1, job_id=27, pool=default_pool, queue=default, priority_weight=1, operator=BashOperator, queued_dttm=2026-05-07 09:56:07.045687+00:00, queued_by_job_id=21, pid=20510[0m
[[34m2026-05-07T09:56:11.198+0000[0m] {[34mscheduler_job_runner.py:[0m721} INFO[0m - TaskInstance Finished: dag_id=basic_etl_dag, task_id=load_task, run_id=scheduled__2026-05-06T00:00:00+00:00, map_index=-1, run_start_date=2026-05-07 09:56:08.628522+00:00, run_end_date=2026-05-07 09:56:08.766416+00:00, run_duration=0.137894, state=success, executor_state=success, try_number=1, max_tries=1, job_id=26, pool=default_pool, queue=default, priority_weight=1, operator=BashOperator, queued_dttm=2026-05-07 09:56:07.045687+00:00, queued_by_job_id=21, pid=20498[0m
[[34m2026-05-07T09:56:11.433+0000[0m] {[34mdagrun.py:[0m850} INFO[0m - Marking run <DagRun basic_etl_dag @ 2026-05-06 00:00:00+00:00: scheduled__2026-05-06T00:00:00+00:00, state:running, queued_at: 2026-05-07 09:55:57.832837+00:00. externally triggered: False> successful[0m
[[34m2026-05-07T09:56:11.434+0000[0m] {[34mdagrun.py:[0m901} INFO[0m - DagRun Finished: dag_id=basic_etl_dag, execution_date=2026-05-06 00:00:00+00:00, run_id=scheduled__2026-05-06T00:00:00+00:00, run_start_date=2026-05-07 09:55:57.849329+00:00, run_end_date=2026-05-07 09:56:11.434289+00:00, run_duration=13.58496, state=success, external_trigger=False, run_type=scheduled, data_interval_start=2026-05-06 00:00:00+00:00, data_interval_end=2026-05-07 00:00:00+00:00, dag_hash=d305dfb0ef43f744127f178accd1a53f[0m
[[34m2026-05-07T09:56:11.437+0000[0m] {[34mdag.py:[0m3954} INFO[0m - Setting next_dagrun for basic_etl_dag to 2026-05-07 00:00:00+00:00, run_after=2026-05-08 00:00:00+00:00[0m
[[34m2026-05-07T09:56:11.440+0000[0m] {[34mdagrun.py:[0m850} INFO[0m - Marking run <DagRun basic_etl_dag @ 2026-05-07 09:55:56.990389+00:00: manual__2026-05-07T09:55:56.990389+00:00, state:running, queued_at: 2026-05-07 09:55:57.043070+00:00. externally triggered: True> successful[0m
[[34m2026-05-07T09:56:11.440+0000[0m] {[34mdagrun.py:[0m901} INFO[0m - DagRun Finished: dag_id=basic_etl_dag, execution_date=2026-05-07 09:55:56.990389+00:00, run_id=manual__2026-05-07T09:55:56.990389+00:00, run_start_date=2026-05-07 09:55:57.849602+00:00, run_end_date=2026-05-07 09:56:11.440352+00:00, run_duration=13.59075, state=success, external_trigger=True, run_type=manual, data_interval_start=2026-05-06 00:00:00+00:00, data_interval_end=2026-05-07 00:00:00+00:00, dag_hash=d305dfb0ef43f744127f178accd1a53f[0m
[[34m2026-05-07T10:00:32.574+0000[0m] {[34mscheduler_job_runner.py:[0m1595} INFO[0m - Adopting or resetting orphaned tasks for active dag runs[0m
[[34m2026-05-07T10:03:38.410+0000[0m] {[34mscheduler_job_runner.py:[0m417} INFO[0m - 1 tasks up for execution:
	<TaskInstance: basic_etl_dag.extract_task manual__2026-05-07T10:03:37+00:00 [scheduled]>[0m
[[34m2026-05-07T10:03:38.410+0000[0m] {[34mscheduler_job_runner.py:[0m480} INFO[0m - DAG basic_etl_dag has 0/16 running and queued tasks[0m
[[34m2026-05-07T10:03:38.411+0000[0m] {[34mscheduler_job_runner.py:[0m596} INFO[0m - Setting the following tasks to queued state:
	<TaskInstance: basic_etl_dag.extract_task manual__2026-05-07T10:03:37+00:00 [scheduled]>[0m
[[34m2026-05-07T10:03:38.414+0000[0m] {[34mscheduler_job_runner.py:[0m639} INFO[0m - Sending TaskInstanceKey(dag_id='basic_etl_dag', task_id='extract_task', run_id='manual__2026-05-07T10:03:37+00:00', try_number=1, map_index=-1) to executor with priority 3 and queue default[0m
[[34m2026-05-07T10:03:38.414+0000[0m] {[34mbase_executor.py:[0m149} INFO[0m - Adding to queue: ['airflow', 'tasks', 'run', 'basic_etl_dag', 'extract_task', 'manual__2026-05-07T10:03:37+00:00', '--local', '--subdir', 'DAGS_FOLDER/basic_etl_dag.py'][0m
[[34m2026-05-07T10:03:38.417+0000[0m] {[34msequential_executor.py:[0m74} INFO[0m - Executing command: ['airflow', 'tasks', 'run', 'basic_etl_dag', 'extract_task', 'manual__2026-05-07T10:03:37+00:00', '--local', '--subdir', 'DAGS_FOLDER/basic_etl_dag.py'][0m
[[34m2026-05-07T10:03:40.005+0000[0m] {[34mdagbag.py:[0m545} INFO[0m - Filling up the DagBag from /workspaces/ETL-with-Airflow/airflow/dags/basic_etl_dag.py[0m
[[34m2026-05-07T10:03:40.593+0000[0m] {[34mtask_command.py:[0m426} INFO[0m - Running <TaskInstance: basic_etl_dag.extract_task manual__2026-05-07T10:03:37+00:00 [queued]> on host codespaces-b97881[0m
[[34m2026-05-07T10:03:41.783+0000[0m] {[34mscheduler_job_runner.py:[0m689} INFO[0m - Received executor event with state success for task instance TaskInstanceKey(dag_id='basic_etl_dag', task_id='extract_task', run_id='manual__2026-05-07T10:03:37+00:00', try_number=1, map_index=-1)[0m
[[34m2026-05-07T10:03:41.804+0000[0m] {[34mscheduler_job_runner.py:[0m721} INFO[0m - TaskInstance Finished: dag_id=basic_etl_dag, task_id=extract_task, run_id=manual__2026-05-07T10:03:37+00:00, map_index=-1, run_start_date=2026-05-07 10:03:40.658452+00:00, run_end_date=2026-05-07 10:03:41.106498+00:00, run_duration=0.448046, state=success, executor_state=success, try_number=1, max_tries=1, job_id=28, pool=default_pool, queue=default, priority_weight=3, operator=BashOperator, queued_dttm=2026-05-07 10:03:38.412163+00:00, queued_by_job_id=21, pid=24096[0m
[[34m2026-05-07T10:03:42.699+0000[0m] {[34mscheduler_job_runner.py:[0m417} INFO[0m - 1 tasks up for execution:
	<TaskInstance: basic_etl_dag.transform_task manual__2026-05-07T10:03:37+00:00 [scheduled]>[0m
[[34m2026-05-07T10:03:42.701+0000[0m] {[34mscheduler_job_runner.py:[0m480} INFO[0m - DAG basic_etl_dag has 0/16 running and queued tasks[0m
[[34m2026-05-07T10:03:42.702+0000[0m] {[34mscheduler_job_runner.py:[0m596} INFO[0m - Setting the following tasks to queued state:
	<TaskInstance: basic_etl_dag.transform_task manual__2026-05-07T10:03:37+00:00 [scheduled]>[0m
[[34m2026-05-07T10:03:42.708+0000[0m] {[34mscheduler_job_runner.py:[0m639} INFO[0m - Sending TaskInstanceKey(dag_id='basic_etl_dag', task_id='transform_task', run_id='manual__2026-05-07T10:03:37+00:00', try_number=1, map_index=-1) to executor with priority 2 and queue default[0m
[[34m2026-05-07T10:03:42.713+0000[0m] {[34mbase_executor.py:[0m149} INFO[0m - Adding to queue: ['airflow', 'tasks', 'run', 'basic_etl_dag', 'transform_task', 'manual__2026-05-07T10:03:37+00:00', '--local', '--subdir', 'DAGS_FOLDER/basic_etl_dag.py'][0m
[[34m2026-05-07T10:03:42.723+0000[0m] {[34msequential_executor.py:[0m74} INFO[0m - Executing command: ['airflow', 'tasks', 'run', 'basic_etl_dag', 'transform_task', 'manual__2026-05-07T10:03:37+00:00', '--local', '--subdir', 'DAGS_FOLDER/basic_etl_dag.py'][0m
[[34m2026-05-07T10:03:44.809+0000[0m] {[34mdagbag.py:[0m545} INFO[0m - Filling up the DagBag from /workspaces/ETL-with-Airflow/airflow/dags/basic_etl_dag.py[0m
[[34m2026-05-07T10:03:45.334+0000[0m] {[34mtask_command.py:[0m426} INFO[0m - Running <TaskInstance: basic_etl_dag.transform_task manual__2026-05-07T10:03:37+00:00 [queued]> on host codespaces-b97881[0m
[[34m2026-05-07T10:03:45.936+0000[0m] {[34mscheduler_job_runner.py:[0m689} INFO[0m - Received executor event with state success for task instance TaskInstanceKey(dag_id='basic_etl_dag', task_id='transform_task', run_id='manual__2026-05-07T10:03:37+00:00', try_number=1, map_index=-1)[0m
[[34m2026-05-07T10:03:45.940+0000[0m] {[34mscheduler_job_runner.py:[0m721} INFO[0m - TaskInstance Finished: dag_id=basic_etl_dag, task_id=transform_task, run_id=manual__2026-05-07T10:03:37+00:00, map_index=-1, run_start_date=2026-05-07 10:03:45.384058+00:00, run_end_date=2026-05-07 10:03:45.505039+00:00, run_duration=0.120981, state=success, executor_state=success, try_number=1, max_tries=1, job_id=29, pool=default_pool, queue=default, priority_weight=2, operator=PythonOperator, queued_dttm=2026-05-07 10:03:42.702733+00:00, queued_by_job_id=21, pid=24150[0m
[[34m2026-05-07T10:03:45.971+0000[0m] {[34mscheduler_job_runner.py:[0m417} INFO[0m - 1 tasks up for execution:
	<TaskInstance: basic_etl_dag.load_task manual__2026-05-07T10:03:37+00:00 [scheduled]>[0m
[[34m2026-05-07T10:03:45.972+0000[0m] {[34mscheduler_job_runner.py:[0m480} INFO[0m - DAG basic_etl_dag has 0/16 running and queued tasks[0m
[[34m2026-05-07T10:03:45.972+0000[0m] {[34mscheduler_job_runner.py:[0m596} INFO[0m - Setting the following tasks to queued state:
	<TaskInstance: basic_etl_dag.load_task manual__2026-05-07T10:03:37+00:00 [scheduled]>[0m
[[34m2026-05-07T10:03:45.973+0000[0m] {[34mscheduler_job_runner.py:[0m639} INFO[0m - Sending TaskInstanceKey(dag_id='basic_etl_dag', task_id='load_task', run_id='manual__2026-05-07T10:03:37+00:00', try_number=1, map_index=-1) to executor with priority 1 and queue default[0m
[[34m2026-05-07T10:03:45.973+0000[0m] {[34mbase_executor.py:[0m149} INFO[0m - Adding to queue: ['airflow', 'tasks', 'run', 'basic_etl_dag', 'load_task', 'manual__2026-05-07T10:03:37+00:00', '--local', '--subdir', 'DAGS_FOLDER/basic_etl_dag.py'][0m
[[34m2026-05-07T10:03:45.976+0000[0m] {[34msequential_executor.py:[0m74} INFO[0m - Executing command: ['airflow', 'tasks', 'run', 'basic_etl_dag', 'load_task', 'manual__2026-05-07T10:03:37+00:00', '--local', '--subdir', 'DAGS_FOLDER/basic_etl_dag.py'][0m
[[34m2026-05-07T10:03:47.349+0000[0m] {[34mdagbag.py:[0m545} INFO[0m - Filling up the DagBag from /workspaces/ETL-with-Airflow/airflow/dags/basic_etl_dag.py[0m
[[34m2026-05-07T10:03:47.742+0000[0m] {[34mtask_command.py:[0m426} INFO[0m - Running <TaskInstance: basic_etl_dag.load_task manual__2026-05-07T10:03:37+00:00 [queued]> on host codespaces-b97881[0m
[[34m2026-05-07T10:03:48.577+0000[0m] {[34mscheduler_job_runner.py:[0m689} INFO[0m - Received executor event with state success for task instance TaskInstanceKey(dag_id='basic_etl_dag', task_id='load_task', run_id='manual__2026-05-07T10:03:37+00:00', try_number=1, map_index=-1)[0m
[[34m2026-05-07T10:03:48.580+0000[0m] {[34mscheduler_job_runner.py:[0m721} INFO[0m - TaskInstance Finished: dag_id=basic_etl_dag, task_id=load_task, run_id=manual__2026-05-07T10:03:37+00:00, map_index=-1, run_start_date=2026-05-07 10:03:47.789222+00:00, run_end_date=2026-05-07 10:03:48.140670+00:00, run_duration=0.351448, state=success, executor_state=success, try_number=1, max_tries=1, job_id=30, pool=default_pool, queue=default, priority_weight=1, operator=BashOperator, queued_dttm=2026-05-07 10:03:45.972858+00:00, queued_by_job_id=21, pid=24169[0m
[[34m2026-05-07T10:03:48.609+0000[0m] {[34mdagrun.py:[0m850} INFO[0m - Marking run <DagRun basic_etl_dag @ 2026-05-07 10:03:37+00:00: manual__2026-05-07T10:03:37+00:00, state:running, queued_at: 2026-05-07 10:03:37.177759+00:00. externally triggered: True> successful[0m
[[34m2026-05-07T10:03:48.609+0000[0m] {[34mdagrun.py:[0m901} INFO[0m - DagRun Finished: dag_id=basic_etl_dag, execution_date=2026-05-07 10:03:37+00:00, run_id=manual__2026-05-07T10:03:37+00:00, run_start_date=2026-05-07 10:03:38.387960+00:00, run_end_date=2026-05-07 10:03:48.609507+00:00, run_duration=10.221547, state=success, external_trigger=True, run_type=manual, data_interval_start=2026-05-06 00:00:00+00:00, data_interval_end=2026-05-07 00:00:00+00:00, dag_hash=c9622c8e587c7f30eb775298cfb9e2f7[0m
[[34m2026-05-07T10:05:32.625+0000[0m] {[34mscheduler_job_runner.py:[0m1595} INFO[0m - Adopting or resetting orphaned tasks for active dag runs[0m
