[2026-05-07T09:34:29.455+0000] {local_task_job_runner.py:120} INFO - ::group::Pre task execution logs
[2026-05-07T09:34:29.474+0000] {taskinstance.py:2076} INFO - Dependencies all met for dep_context=non-requeueable deps ti=<TaskInstance: extract_dag.extract_task manual__2026-05-07T09:34:27.010956+00:00 [queued]>
[2026-05-07T09:34:29.478+0000] {taskinstance.py:2076} INFO - Dependencies all met for dep_context=requeueable deps ti=<TaskInstance: extract_dag.extract_task manual__2026-05-07T09:34:27.010956+00:00 [queued]>
[2026-05-07T09:34:29.478+0000] {taskinstance.py:2306} INFO - Starting attempt 1 of 2
[2026-05-07T09:34:29.488+0000] {taskinstance.py:2330} INFO - Executing <Task(BashOperator): extract_task> on 2026-05-07 09:34:27.010956+00:00
[2026-05-07T09:34:29.490+0000] {standard_task_runner.py:63} INFO - Started process 9360 to run task
[2026-05-07T09:34:29.493+0000] {standard_task_runner.py:90} INFO - Running: ['airflow', 'tasks', 'run', 'extract_dag', 'extract_task', 'manual__2026-05-07T09:34:27.010956+00:00', '--job-id', '15', '--raw', '--subdir', 'DAGS_FOLDER/extract_dag.py', '--cfg-path', '/tmp/tmpa2x505u5']
[2026-05-07T09:34:29.494+0000] {standard_task_runner.py:91} INFO - Job 15: Subtask extract_task
[2026-05-07T09:34:29.523+0000] {task_command.py:426} INFO - Running <TaskInstance: extract_dag.extract_task manual__2026-05-07T09:34:27.010956+00:00 [running]> on host codespaces-b97881
[2026-05-07T09:34:29.667+0000] {taskinstance.py:2648} INFO - Exporting env vars: AIRFLOW_CTX_DAG_OWNER='airflow' AIRFLOW_CTX_DAG_ID='extract_dag' AIRFLOW_CTX_TASK_ID='extract_task' AIRFLOW_CTX_EXECUTION_DATE='2026-05-07T09:34:27.010956+00:00' AIRFLOW_CTX_TRY_NUMBER='1' AIRFLOW_CTX_DAG_RUN_ID='manual__2026-05-07T09:34:27.010956+00:00'
[2026-05-07T09:34:29.667+0000] {taskinstance.py:430} INFO - ::endgroup::
[2026-05-07T09:34:29.678+0000] {subprocess.py:63} INFO - Tmp dir root location: /tmp
[2026-05-07T09:34:29.678+0000] {subprocess.py:75} INFO - Running command: ['/usr/bin/bash', '-c', 'mkdir -p /workspaces/ETL-with-Airflow/lab/orchestrated && wget -c "https://data.iana.org/TLD/tlds-alpha-by-domain.txt" -O /workspaces/ETL-with-Airflow/lab/orchestrated/airflow-extract-data.csv']
[2026-05-07T09:34:29.685+0000] {subprocess.py:86} INFO - Output:
[2026-05-07T09:34:29.692+0000] {subprocess.py:93} INFO - --2026-05-07 09:34:29--  https://data.iana.org/TLD/tlds-alpha-by-domain.txt
[2026-05-07T09:34:29.806+0000] {subprocess.py:93} INFO - Resolving data.iana.org (data.iana.org)... 104.18.24.232, 104.18.25.232, 2606:4700::6812:18e8, ...
[2026-05-07T09:34:29.809+0000] {subprocess.py:93} INFO - Connecting to data.iana.org (data.iana.org)|104.18.24.232|:443... connected.
[2026-05-07T09:34:29.875+0000] {subprocess.py:93} INFO - HTTP request sent, awaiting response... 200 OK
[2026-05-07T09:34:29.875+0000] {subprocess.py:93} INFO - Length: unspecified [text/plain]
[2026-05-07T09:34:29.875+0000] {subprocess.py:93} INFO - Saving to: ‘/workspaces/ETL-with-Airflow/lab/orchestrated/airflow-extract-data.csv’
[2026-05-07T09:34:29.875+0000] {subprocess.py:93} INFO - 
[2026-05-07T09:34:29.876+0000] {subprocess.py:93} INFO -      0K .........                                              85.1M=0s
[2026-05-07T09:34:29.876+0000] {subprocess.py:93} INFO - 
[2026-05-07T09:34:29.876+0000] {subprocess.py:93} INFO - 2026-05-07 09:34:29 (85.1 MB/s) - ‘/workspaces/ETL-with-Airflow/lab/orchestrated/airflow-extract-data.csv’ saved [9532]
[2026-05-07T09:34:29.876+0000] {subprocess.py:93} INFO - 
[2026-05-07T09:34:29.876+0000] {subprocess.py:97} INFO - Command exited with return code 0
[2026-05-07T09:34:29.876+0000] {taskinstance.py:441} INFO - ::group::Post task execution logs
[2026-05-07T09:34:29.889+0000] {taskinstance.py:1206} INFO - Marking task as SUCCESS. dag_id=extract_dag, task_id=extract_task, run_id=manual__2026-05-07T09:34:27.010956+00:00, execution_date=20260507T093427, start_date=20260507T093429, end_date=20260507T093429
[2026-05-07T09:34:29.909+0000] {local_task_job_runner.py:240} INFO - Task exited with return code 0
[2026-05-07T09:34:29.916+0000] {taskinstance.py:3503} INFO - 0 downstream tasks scheduled from follow-on schedule check
[2026-05-07T09:34:29.917+0000] {local_task_job_runner.py:222} INFO - ::endgroup::
